TIMESTAMP    COMM           PID     DISK    T    SECTOR     BYTES   LAT(ms)
02:48:32.025 nvme           1646484 Unknown N    -1         512       0.035
02:48:33.028 nvme           1646536 Unknown N    -1         512       0.034
02:48:34.030 nvme           1646537 Unknown N    -1         512       0.030
02:48:34.976 jbd2/nv        752     nvme1n1 WSM  877749552  102400    0.141
02:48:34.976 jbd2/nv        752     nvme1n1 WSM  877749752  4096      0.031
02:48:34.976 kworker        1620255 nvme1n1 W    1637847024 8192      0.046
02:48:34.976 kworker        1620255 nvme1n1 W    595922944  4096      0.053
02:48:34.976 kworker        1620255 nvme1n1 W    591708120  20480     0.061
02:48:35.032 nvme           1646538 Unknown N    -1         512       0.023
02:48:36.035 nvme           1646539 Unknown N    -1         512       0.072
02:48:37.037 nvme           1646540 Unknown N    -1         512       0.074
02:48:38.039 nvme           1646541 Unknown N    -1         512       0.030
02:48:39.042 nvme           1646542 Unknown N    -1         512       0.074
02:48:40.044 nvme           1646543 Unknown N    -1         512       0.029
02:48:40.096 kworker        1620720 nvme1n1 W    595886608  4096      0.055
02:48:40.096 jbd2/nv        752     nvme1n1 WSM  877749760  45056     0.075
02:48:40.096 jbd2/nv        752     nvme1n1 WSM  877749848  4096      0.034
02:48:40.096 kworker        1620720 nvme1n1 W    595886616  49152     0.097
02:48:40.097 kworker        1620720 nvme1n1 W    1526016080 131072    0.177
02:48:40.097 kworker        1620720 nvme1n1 W    1526016336 61440     0.215
02:48:40.097 kworker        1620720 nvme1n1 W    595886712  32768     0.235
02:48:40.097 kworker        1620720 nvme1n1 W    1526016456 131072    0.312
02:48:40.097 kworker        1620720 nvme1n1 W    1526016712 90112     0.366
02:48:40.097 kworker        1620720 nvme1n1 W    1499320120 77824     0.414
02:48:40.097 kworker        1620720 nvme1n1 W    595886776  45056     0.440
02:48:41.047 nvme           1646544 Unknown N    -1         512       0.077
02:48:41.121 kworker        1620720 nvme0n1 W    37332616   4096      0.464
02:48:41.121 kworker        1635417 nvme0n1 W    8129016    65536     0.681
02:48:41.121 kworker        1635417 nvme0n1 W    8143096    131072    0.922
02:48:41.121 kworker        1635417 nvme0n1 W    8135672    131072    1.244
02:48:41.122 kworker        1635417 nvme0n1 W    36023808   262144    1.610
02:48:41.122 kworker        1635417 nvme0n1 W    36029952   131072    1.638
02:48:41.122 kworker        1635417 nvme0n1 W    36167072   16384     1.641
02:48:41.122 kworker        1635417 nvme0n1 W    36167520   16384     1.104
02:48:41.122 kworker        1635417 nvme0n1 W    36166400   131072    1.824
02:48:41.122 kworker        1635417 nvme0n1 W    36167976   4096      1.114
02:48:41.122 kworker        1635417 nvme0n1 W    36168384   32768     0.560
02:48:41.122 kworker        1635417 nvme0n1 W    36174336   65536     0.633
02:48:41.122 kworker        1635417 nvme0n1 W    36177280   65536     0.562
02:48:41.122 kworker        1635417 nvme0n1 W    36315792   40960     0.595
02:48:41.123 kworker        1635417 nvme0n1 W    36322384   4096      0.617
02:48:41.123 kworker        1635417 nvme0n1 W    36316928   131072    0.813
02:48:41.123 kworker        1635417 nvme0n1 W    36320520   4096      0.634
02:48:41.123 kworker        1635417 nvme0n1 W    36323072   16384     0.518
02:48:41.123 kworker        1635417 nvme0n1 W    36321792   131072    0.805
02:48:41.123 kworker        1635417 nvme0n1 W    36324224   65536     0.696
02:48:41.123 kworker        1635417 nvme0n1 W    7337984    4096      0.404
02:48:41.677 jbd2/nv        391     nvme0n1 WSM  4322144    32768     0.714
02:48:41.678 jbd2/nv        391     nvme0n1 WSM  4322208    4096      0.367
02:48:42.032 amoprof        1271097 nvme1n1 W    591796408  4096      0.058
