TIMESTAMP    COMM           PID     DISK    T    SECTOR     BYTES   LAT(ms)
12:23:26.147 nvme           2420181 Unknown N    -1         512       0.039
12:23:26.371 kworker        2406527 nvme0n1 W    37820416   8192      0.986
12:23:26.371 kworker        2406527 nvme0n1 W    37652448   16384     1.102
12:23:27.163 nvme           2420237 Unknown N    -1         512       0.035
12:23:27.392 kworker        2406489 nvme1n1 W    1580242104 131072    0.167
12:23:27.392 kworker        2406489 nvme1n1 W    1580242360 131072    0.245
12:23:27.393 kworker        2406489 nvme1n1 W    1580242616 94208     0.145
12:23:27.393 kworker        2406489 nvme1n1 W    1565475328 131072    0.225
12:23:27.393 kworker        2406489 nvme1n1 W    1565475584 131072    0.300
12:23:27.393 kworker        2406489 nvme1n1 W    1565475840 45056     0.323
12:23:27.393 kworker        2406489 nvme1n1 W    1565475928 131072    0.406
12:23:27.393 kworker        2406489 nvme1n1 W    1565476184 131072    0.486
12:23:27.393 kworker        2406489 nvme1n1 W    1565476440 45056     0.513
12:23:28.180 nvme           2420251 Unknown N    -1         512       0.043
12:23:29.195 nvme           2420262 Unknown N    -1         512       0.035
12:23:30.212 nvme           2420267 Unknown N    -1         512       0.033
12:23:30.320 jbd2/nv        752     nvme1n1 WSM  877789664  118784    0.149
12:23:30.320 jbd2/nv        752     nvme1n1 WSM  877789896  4096      0.033
12:23:31.228 nvme           2420272 Unknown N    -1         512       0.038
12:23:32.245 nvme           2420277 Unknown N    -1         512       0.032
12:23:32.515 kworker        2406527 nvme1n1 W    625680424  73728     0.159
12:23:32.515 kworker        2406527 nvme1n1 W    723986064  86016     0.197
12:23:32.515 kworker        2406527 nvme1n1 W    625680568  106496    0.257
12:23:32.515 kworker        2406527 nvme1n1 W    625680776  65536     0.296
12:23:32.515 kworker        2406527 nvme1n1 W    723986232  69632     0.335
12:23:32.515 kworker        2406527 nvme1n1 W    625680904  126976    0.413
12:23:32.515 kworker        2406527 nvme1n1 W    625681152  110592    0.478
12:23:32.515 kworker        2406527 nvme1n1 W    625681368  90112     0.532
12:23:32.515 kworker        2406527 nvme1n1 W    625681544  45056     0.104
12:23:32.515 kworker        2406527 nvme1n1 W    723978232  110592    0.171
12:23:32.515 kworker        2406527 nvme1n1 W    625681632  106496    0.236
12:23:32.515 kworker        2406527 nvme1n1 W    625681840  98304     0.297
12:23:32.515 kworker        2406527 nvme1n1 W    723978448  77824     0.344
12:23:32.515 kworker        2406527 nvme1n1 W    625682032  98304     0.404
12:23:32.515 kworker        2406527 nvme1n1 W    625682224  102400    0.460
12:23:32.515 kworker        2406527 nvme1n1 W    625682424  126976    0.539
12:23:32.515 kworker        2406527 nvme1n1 W    625682672  110592    0.152
12:23:32.515 kworker        2406527 nvme1n1 W    625706544  131072    0.229
12:23:32.515 kworker        2406527 nvme1n1 W    625706800  61440     0.268
12:23:32.515 kworker        2406527 nvme1n1 W    625682888  32768     0.285
12:23:32.516 kworker        2406527 nvme1n1 W    847851048  131072    0.367
12:23:32.516 kworker        2406527 nvme1n1 W    847851304  90112     0.419
12:23:32.516 kworker        2406527 nvme1n1 W    723978600  77824     0.468
12:23:32.516 kworker        2406527 nvme1n1 W    625682952  45056     0.492
12:23:33.261 nvme           2420292 Unknown N    -1         512       0.039
12:23:34.277 nvme           2420302 Unknown N    -1         512       0.031
12:23:34.561 kworker        2406527 nvme1n1 WM   0          4096      0.122
12:23:34.561 kworker        2406527 nvme1n1 WM   440        4096      0.131
12:23:34.561 kworker        2406527 nvme1n1 WM   576        4096      0.134
12:23:34.561 kworker        2406527 nvme1n1 WM   592        8192      0.153
12:23:34.561 kworker        2406527 nvme1n1 WM   616        4096      0.155
12:23:34.561 kworker        2406527 nvme1n1 WM   728        4096      0.156
12:23:34.561 kworker        2406527 nvme1n1 WM   752        8192      0.156
12:23:34.561 kworker        2406527 nvme1n1 WM   776        4096      0.158
12:23:34.561 kworker        2406527 nvme1n1 WM   800        4096      0.158
12:23:34.561 kworker        2406527 nvme1n1 WM   461373728  4096      0.159
12:23:34.561 kworker        2406527 nvme1n1 WM   624951304  4096      0.161
12:23:34.561 kworker        2406527 nvme1n1 WM   624951320  4096      0.164
12:23:34.561 kworker        2406527 nvme1n1 WM   624951448  4096      0.165
12:23:34.561 kworker        2406527 nvme1n1 WM   624962616  4096      0.165
12:23:34.561 kworker        2406527 nvme1n1 WM   624962696  4096      0.166
12:23:34.561 kworker        2406527 nvme1n1 WM   624964696  45056     0.167
12:23:34.561 kworker        2406527 nvme1n1 WM   843055216  4096      0.084
12:23:34.561 kworker        2406527 nvme1n1 WM   905969848  4096      0.086
12:23:34.561 kworker        2406527 nvme1n1 WM   905969920  4096      0.087
12:23:34.561 kworker        2406527 nvme1n1 WM   1191182368 4096      0.092
12:23:34.561 kworker        2406527 nvme1n1 WM   1224736856 4096      0.095
12:23:34.561 kworker        2406527 nvme1n1 WM   1241514096 8192      0.098
12:23:34.561 kworker        2406527 nvme1n1 WM   1249902616 4096      0.110
12:23:34.561 kworker        2406527 nvme1n1 WM   1276768560 4096      0.111
12:23:34.561 kworker        2406527 nvme1n1 WM   1276768888 4096      0.112
12:23:34.561 kworker        2406527 nvme1n1 WM   1276770704 4096      0.113
12:23:34.561 kworker        2406527 nvme1n1 WM   1276771176 4096      0.115
12:23:34.561 kworker        2406527 nvme1n1 WM   1276771824 4096      0.116
12:23:34.561 kworker        2406527 nvme1n1 WM   1276772080 4096      0.117
12:23:34.561 kworker        2406527 nvme1n1 WM   624964832  57344     0.156
12:23:34.561 kworker        2406527 nvme1n1 WM   906000384  69632     0.193
12:23:34.561 kworker        2406527 nvme1n1 WM   1245708296 28672     0.207
12:23:34.561 kworker        2406527 nvme1n1 WM   1276772192 4096      0.080
12:23:34.561 kworker        2406527 nvme1n1 WM   1279128000 4096      0.088
12:23:34.561 kworker        2406527 nvme1n1 WM   1279128096 4096      0.106
12:23:34.561 kworker        2406527 nvme1n1 WM   1279128152 4096      0.112
12:23:34.561 kworker        2406527 nvme1n1 WM   1279128504 4096      0.113
12:23:34.561 kworker        2406527 nvme1n1 WM   1279129264 4096      0.115
12:23:34.561 kworker        2406527 nvme1n1 WM   1279129368 4096      0.116
12:23:34.561 kworker        2406527 nvme1n1 WM   1279129848 4096      0.117
12:23:34.561 kworker        2406527 nvme1n1 WM   1279130128 4096      0.118
12:23:34.561 kworker        2406527 nvme1n1 WM   1279130768 4096      0.119
12:23:34.561 kworker        2406527 nvme1n1 WM   1279131440 4096      0.122
12:23:34.561 kworker        2406527 nvme1n1 WM   1279258984 4096      0.125
12:23:34.561 kworker        2406527 nvme1n1 WM   1279260736 4096      0.127
12:23:34.561 kworker        2406527 nvme1n1 WM   1279261016 4096      0.128
12:23:34.561 kworker        2406527 nvme1n1 WM   1279261232 4096      0.129
12:23:34.561 kworker        2406527 nvme1n1 WM   1279262464 4096      0.130
12:23:34.561 kworker        2406527 nvme1n1 WM   1279652112 4096      0.077
12:23:34.561 kworker        2406527 nvme1n1 WM   1279652136 4096      0.081
12:23:34.561 kworker        2406527 nvme1n1 WM   1279652152 4096      0.087
12:23:34.561 kworker        2406527 nvme1n1 WM   1279652320 4096      0.091
12:23:34.561 kworker        2406527 nvme1n1 WM   1279652352 4096      0.094
12:23:34.561 kworker        2406527 nvme1n1 WM   1279652928 4096      0.097
12:23:34.561 kworker        2406527 nvme1n1 WM   1279652984 4096      0.107
12:23:34.561 kworker        2406527 nvme1n1 WM   1279653016 4096      0.109
12:23:34.561 kworker        2406527 nvme1n1 WM   1279653216 4096      0.111
12:23:34.561 kworker        2406527 nvme1n1 WM   1279653368 4096      0.112
12:23:34.561 kworker        2406527 nvme1n1 WM   1279653808 4096      0.115
12:23:34.561 kworker        2406527 nvme1n1 WM   1279654048 4096      0.115
12:23:34.561 kworker        2406527 nvme1n1 WM   1279655008 4096      0.116
12:23:34.561 kworker        2406527 nvme1n1 WM   1279655192 4096      0.118
12:23:34.561 kworker        2406527 nvme1n1 WM   1279655208 4096      0.122
12:23:34.561 kworker        2406527 nvme1n1 WM   1279655392 4096      0.123
12:23:34.562 kworker        2406527 nvme1n1 WM   1279785064 4096      0.076
12:23:34.562 kworker        2406527 nvme1n1 WM   1279785080 4096      0.083
12:23:34.562 kworker        2406527 nvme1n1 WM   1279785840 4096      0.094
12:23:34.562 kworker        2406527 nvme1n1 WM   1279786416 4096      0.097
12:23:34.562 kworker        2406527 nvme1n1 WM   1279786432 4096      0.100
12:23:34.562 kworker        2406527 nvme1n1 WM   1279786880 4096      0.101
12:23:34.562 kworker        2406527 nvme1n1 WM   1282011520 4096      0.106
12:23:34.562 kworker        2406527 nvme1n1 WM   1282011704 4096      0.108
12:23:34.562 kworker        2406527 nvme1n1 WM   1282012200 4096      0.113
12:23:34.562 kworker        2406527 nvme1n1 WM   1282012400 4096      0.115
12:23:34.562 kworker        2406527 nvme1n1 WM   1282012800 4096      0.117
12:23:34.562 kworker        2406527 nvme1n1 WM   1282013312 4096      0.117
12:23:34.562 kworker        2406527 nvme1n1 WM   1282013360 4096      0.118
12:23:34.562 kworker        2406527 nvme1n1 WM   1282013480 4096      0.119
12:23:34.562 kworker        2406527 nvme1n1 WM   1282013824 4096      0.120
12:23:34.562 kworker        2406527 nvme1n1 WM   1282014192 4096      0.121
12:23:34.562 kworker        2406527 nvme1n1 WM   1282015056 4096      0.079
12:23:34.562 kworker        2406527 nvme1n1 WM   1282273392 4096      0.082
12:23:34.562 kworker        2406527 nvme1n1 WM   1282273472 4096      0.083
12:23:34.562 kworker        2406527 nvme1n1 WM   1282273688 4096      0.083
12:23:34.562 kworker        2406527 nvme1n1 WM   1282273936 4096      0.091
12:23:34.562 kworker        2406527 nvme1n1 WM   1282274168 4096      0.092
12:23:34.562 kworker        2406527 nvme1n1 WM   1282274320 4096      0.097
12:23:34.562 kworker        2406527 nvme1n1 WM   1282275632 4096      0.098
12:23:34.562 kworker        2406527 nvme1n1 WM   1282276232 4096      0.105
12:23:34.562 kworker        2406527 nvme1n1 WM   1282276544 4096      0.108
12:23:34.562 kworker        2406527 nvme1n1 WM   1282276976 4096      0.110
12:23:34.562 kworker        2406527 nvme1n1 WM   1282277024 4096      0.111
12:23:34.562 kworker        2406527 nvme1n1 WM   1283059808 4096      0.112
12:23:34.562 kworker        2406527 nvme1n1 WM   1283060040 4096      0.113
12:23:34.562 kworker        2406527 nvme1n1 WM   1283062552 4096      0.116
12:23:34.562 kworker        2406527 nvme1n1 WM   1283062576 4096      0.117
12:23:34.564 kworker        2406527 nvme1n1 WM   1283063648 4096      0.074
12:23:34.564 kworker        2406527 nvme1n1 WM   1283321968 4096      0.081
12:23:34.564 kworker        2406527 nvme1n1 WM   1283322672 4096      0.092
12:23:34.564 kworker        2406527 nvme1n1 WM   1283323888 4096      0.095
12:23:34.564 kworker        2406527 nvme1n1 WM   1283324448 4096      0.098
12:23:34.564 kworker        2406527 nvme1n1 WM   1283324712 4096      0.100
12:23:34.564 kworker        2406527 nvme1n1 WM   1283324896 4096      0.104
12:23:34.564 kworker        2406527 nvme1n1 WM   1283325816 4096      0.106
12:23:34.564 kworker        2406527 nvme1n1 WM   1283325944 4096      0.114
12:23:34.564 kworker        2406527 nvme1n1 WM   1283453248 4096      0.115
12:23:34.564 kworker        2406527 nvme1n1 WM   1283453440 4096      0.117
12:23:34.564 kworker        2406527 nvme1n1 WM   1283453672 4096      0.118
12:23:34.564 kworker        2406527 nvme1n1 WM   1283454544 4096      0.119
12:23:34.564 kworker        2406527 nvme1n1 WM   1283455176 4096      0.120
12:23:34.564 kworker        2406527 nvme1n1 WM   1283455336 4096      0.121
12:23:34.564 kworker        2406527 nvme1n1 WM   1283455792 4096      0.122
12:23:34.564 kworker        2406527 nvme1n1 WM   1283455880 4096      0.095
12:23:34.564 kworker        2406527 nvme1n1 WM   1283456016 4096      0.102
12:23:34.564 kworker        2406527 nvme1n1 WM   1283456152 4096      0.103
12:23:34.564 kworker        2406527 nvme1n1 WM   1283456800 4096      0.108
12:23:34.564 kworker        2406527 nvme1n1 WM   1283457056 4096      0.117
12:23:34.564 kworker        2406527 nvme1n1 WM   1283848096 4096      0.120
12:23:34.564 kworker        2406527 nvme1n1 WM   1283848520 4096      0.123
12:23:34.564 kworker        2406527 nvme1n1 WM   1283848936 4096      0.123
12:23:34.564 kworker        2406527 nvme1n1 WM   1283849392 4096      0.124
12:23:34.564 kworker        2406527 nvme1n1 WM   1283850088 4096      0.125
12:23:34.564 kworker        2406527 nvme1n1 WM   1283978136 4096      0.128
12:23:34.564 kworker        2406527 nvme1n1 WM   1283978408 4096      0.128
12:23:34.564 kworker        2406527 nvme1n1 WM   1283978760 4096      0.129
12:23:34.564 kworker        2406527 nvme1n1 WM   1283979280 4096      0.132
12:23:34.564 kworker        2406527 nvme1n1 WM   1283981128 4096      0.133
12:23:34.564 kworker        2406527 nvme1n1 WM   1283981288 4096      0.134
12:23:34.564 kworker        2406527 nvme1n1 WM   1284108504 4096      0.076
12:23:34.564 kworker        2406527 nvme1n1 WM   1284108776 4096      0.085
12:23:34.564 kworker        2406527 nvme1n1 WM   1284108928 4096      0.086
12:23:34.564 kworker        2406527 nvme1n1 WM   1284110944 4096      0.089
12:23:34.564 kworker        2406527 nvme1n1 WM   1284111920 4096      0.092
12:23:34.564 kworker        2406527 nvme1n1 WM   1284111936 4096      0.093
12:23:34.564 kworker        2406527 nvme1n1 WM   1284112080 4096      0.101
12:23:34.564 kworker        2406527 nvme1n1 WM   1284112336 4096      0.106
12:23:34.564 kworker        2406527 nvme1n1 WM   1284239744 4096      0.107
12:23:34.564 kworker        2406527 nvme1n1 WM   1284240704 4096      0.109
12:23:34.564 kworker        2406527 nvme1n1 WM   1284240728 4096      0.112
12:23:34.564 kworker        2406527 nvme1n1 WM   1284241576 4096      0.116
12:23:34.564 kworker        2406527 nvme1n1 WM   1284242608 4096      0.117
12:23:34.564 kworker        2406527 nvme1n1 WM   1284370576 4096      0.118
12:23:34.564 kworker        2406527 nvme1n1 WM   1284372000 4096      0.118
12:23:34.564 kworker        2406527 nvme1n1 WM   1284372144 4096      0.119
12:23:34.565 kworker        2406527 nvme1n1 WM   1284372992 4096      0.083
12:23:34.565 kworker        2406527 nvme1n1 WM   1284373384 4096      0.089
12:23:34.565 kworker        2406527 nvme1n1 WM   1284373800 4096      0.093
12:23:34.565 kworker        2406527 nvme1n1 WM   1284374184 4096      0.108
12:23:34.565 kworker        2406527 nvme1n1 WM   1284501920 4096      0.114
12:23:34.565 kworker        2406527 nvme1n1 WM   1284502048 4096      0.117
12:23:34.565 kworker        2406527 nvme1n1 WM   1284503160 4096      0.119
12:23:34.565 kworker        2406527 nvme1n1 WM   1284503176 4096      0.120
12:23:34.565 kworker        2406527 nvme1n1 WM   1284503192 4096      0.120
12:23:34.565 kworker        2406527 nvme1n1 WM   1284504416 4096      0.121
12:23:34.565 kworker        2406527 nvme1n1 WM   1284504624 4096      0.124
12:23:34.565 kworker        2406527 nvme1n1 WM   1284505208 4096      0.125
12:23:34.565 kworker        2406527 nvme1n1 WM   1284632720 8192      0.128
12:23:34.565 kworker        2406527 nvme1n1 WM   1284634200 4096      0.130
12:23:34.565 kworker        2406527 nvme1n1 WM   1284634424 4096      0.131
12:23:34.565 kworker        2406527 nvme1n1 WM   1284634520 4096      0.132
12:23:34.565 kworker        2406527 nvme1n1 WM   1284634832 4096      0.074
12:23:34.565 kworker        2406527 nvme1n1 WM   1284634864 4096      0.081
12:23:34.565 kworker        2406527 nvme1n1 WM   1284634880 4096      0.082
12:23:34.565 kworker        2406527 nvme1n1 WM   1284635008 4096      0.093
12:23:34.565 kworker        2406527 nvme1n1 WM   1284635056 4096      0.097
12:23:34.565 kworker        2406527 nvme1n1 WM   1284635072 4096      0.100
12:23:34.565 kworker        2406527 nvme1n1 WM   1284635088 4096      0.101
12:23:34.565 kworker        2406527 nvme1n1 WM   1284635104 4096      0.103
12:23:34.565 kworker        2406527 nvme1n1 WM   1488531592 4096      0.105
12:23:34.565 kworker        2406527 nvme1n1 WM   1509949504 4096      0.106
12:23:34.565 kworker        2406527 nvme1n1 WM   1564475416 4096      0.111
12:23:34.565 kworker        2406527 nvme1n1 WM   1577058400 4096      0.112
12:23:34.565 kworker        2406527 nvme1n1 WM   1619001368 4096      0.113
12:23:34.565 kworker        2406527 nvme1n1 WM   1660944480 4096      0.114
12:23:35.294 nvme           2420307 Unknown N    -1         512       0.036
12:23:35.604 jbd2/nv        752     nvme1n1 WSM  877789904  61440     0.112
12:23:35.604 jbd2/nv        752     nvme1n1 WSM  877790024  4096      0.032
12:23:36.185 amoprof        2407177 nvme1n1 W    625660824  4096      0.057
