TIMESTAMP    COMM           PID     DISK    T    SECTOR     BYTES   LAT(ms)
01:37:55.561 jbd2/nv        752     nvme1n1 WSM  877617312  8192      0.069
01:37:55.561 jbd2/nv        752     nvme1n1 WSM  877617056  131072    0.153
01:37:55.561 jbd2/nv        752     nvme1n1 WSM  877617328  4096      0.030
01:37:55.738 nvme           1560010 Unknown N    -1         512       0.094
01:37:56.741 nvme           1560065 Unknown N    -1         512       0.089
01:37:57.743 nvme           1560072 Unknown N    -1         512       0.031
01:37:58.745 nvme           1560079 Unknown N    -1         512       0.077
01:37:59.748 nvme           1560093 Unknown N    -1         512       0.031
01:38:00.736 kworker        1473701 nvme1n1 W    1639454760 4096      0.092
01:38:00.736 jbd2/nv        752     nvme1n1 WSM  877617336  49152     0.103
01:38:00.736 jbd2/nv        752     nvme1n1 WSM  877617432  4096      0.029
01:38:00.737 kworker        1473701 nvme1n1 W    587798664  106496    0.143
01:38:00.737 kworker        1473701 nvme1n1 W    1486462976 131072    0.225
01:38:00.737 kworker        1473701 nvme1n1 W    1486463232 61440     0.259
01:38:00.737 kworker        1473701 nvme1n1 W    587798872  32768     0.278
01:38:00.737 kworker        1473701 nvme1n1 W    1486471168 131072    0.357
01:38:00.737 kworker        1473701 nvme1n1 W    1486471424 90112     0.409
01:38:00.737 kworker        1473701 nvme1n1 W    1486109608 77824     0.457
01:38:00.737 kworker        1473701 nvme1n1 W    587798936  45056     0.484
01:38:00.750 nvme           1560108 Unknown N    -1         512       0.074
01:38:01.752 nvme           1560112 Unknown N    -1         512       0.029
01:38:02.754 nvme           1560116 Unknown N    -1         512       0.096
01:38:03.756 nvme           1560126 Unknown N    -1         512       0.034
01:38:04.320 kworker        1473701 nvme1n1 W    1625052776 8192      0.059
01:38:04.759 nvme           1560140 Unknown N    -1         512       0.031
01:38:05.740 jbd2/nv        752     nvme1n1 WSM  877617440  73728     0.114
01:38:05.740 jbd2/nv        752     nvme1n1 WSM  877617584  4096      0.031
01:38:05.745 amoprof        1271097 nvme1n1 W    1639644528 4096      0.034
