TIMESTAMP    COMM           PID     DISK    T    SECTOR     BYTES   LAT(ms)
03:27:17.439 nvme           1682087 Unknown N    -1         512       0.037
03:27:18.441 nvme           1682139 Unknown N    -1         512       0.117
03:27:18.443 jbd2/nv        752     nvme1n1 WSM  877820488  110592    0.139
03:27:18.443 jbd2/nv        752     nvme1n1 WSM  877820704  4096      0.030
03:27:19.444 nvme           1682140 Unknown N    -1         512       0.030
03:27:19.456 kworker        1661618 nvme1n1 W    596087096  8192      0.050
03:27:20.446 nvme           1682141 Unknown N    -1         512       0.096
03:27:21.448 nvme           1682142 Unknown N    -1         512       0.029
03:27:22.450 nvme           1682143 Unknown N    -1         512       0.034
03:27:23.453 nvme           1682144 Unknown N    -1         512       0.027
03:27:24.455 nvme           1682145 Unknown N    -1         512       0.031
03:27:24.576 jbd2/nv        752     nvme1n1 WSM  877820712  20480     0.068
03:27:24.576 kworker        1661618 nvme1n1 W    1639456088 8192      0.046
03:27:24.576 jbd2/nv        752     nvme1n1 WSM  877820752  4096      0.030
03:27:24.577 kworker        1661618 nvme1n1 W    596087112  86016     0.129
03:27:24.577 kworker        1661618 nvme1n1 W    1533103400 131072    0.206
03:27:24.577 kworker        1661618 nvme1n1 W    1533103656 61440     0.241
03:27:24.577 kworker        1661618 nvme1n1 W    596087280  32768     0.261
03:27:24.577 kworker        1661618 nvme1n1 W    1533220928 131072    0.338
03:27:24.577 kworker        1661618 nvme1n1 W    1533221184 90112     0.395
03:27:24.577 kworker        1661618 nvme1n1 W    596014272  77824     0.442
03:27:24.577 kworker        1661618 nvme1n1 W    596087344  45056     0.468
03:27:25.457 nvme           1682146 Unknown N    -1         512       0.075
03:27:26.460 nvme           1682147 Unknown N    -1         512       0.027
03:27:27.446 amoprof        1271097 nvme1n1 W    591752528  4096      0.056
