TIMESTAMP    COMM           PID     DISK    T    SECTOR     BYTES   LAT(ms)
02:47:16.620 nvme           1645335 Unknown N    -1         512       0.039
02:47:17.623 nvme           1645387 Unknown N    -1         512       0.076
02:47:18.625 nvme           1645388 Unknown N    -1         512       0.083
02:47:18.668 jbd2/nv        752     nvme1n1 WSM  877747144  118784    0.148
02:47:18.669 jbd2/nv        752     nvme1n1 WSM  877747376  4096      0.028
02:47:19.628 nvme           1645389 Unknown N    -1         512       0.029
02:47:20.630 nvme           1645390 Unknown N    -1         512       0.082
02:47:21.632 nvme           1645391 Unknown N    -1         512       0.031
02:47:22.635 nvme           1645392 Unknown N    -1         512       0.032
02:47:23.297 kworker        1620255 nvme1n1 W    591687272  106496    0.186
02:47:23.297 kworker        1620255 nvme1n1 W    1526100480 131072    0.254
02:47:23.297 kworker        1620255 nvme1n1 W    1526100736 61440     0.290
02:47:23.297 kworker        1620255 nvme1n1 W    591687480  32768     0.312
02:47:23.297 kworker        1620255 nvme1n1 W    1526100856 131072    0.389
02:47:23.297 kworker        1620255 nvme1n1 W    1526101112 90112     0.440
02:47:23.297 kworker        1620255 nvme1n1 W    1499277112 77824     0.485
02:47:23.297 kworker        1620255 nvme1n1 W    591687544  45056     0.511
02:47:23.637 nvme           1645393 Unknown N    -1         512       0.072
02:47:24.639 nvme           1645394 Unknown N    -1         512       0.083
02:47:24.924 jbd2/nv        752     nvme1n1 WSM  877747384  61440     0.102
02:47:24.924 jbd2/nv        752     nvme1n1 WSM  877747504  4096      0.029
02:47:25.641 nvme           1645395 Unknown N    -1         512       0.074
02:47:26.628 amoprof        1271097 nvme1n1 W    595894896  4096      0.056
