TIMESTAMP    COMM           PID     DISK    T    SECTOR     BYTES   LAT(ms)
00:50:21.461 nvme           1493232 Unknown N    -1         512       0.040
00:50:22.463 nvme           1493287 Unknown N    -1         512       0.083
00:50:22.465 jbd2/nv        752     nvme1n1 WSM  877522368  4096      0.059
00:50:22.465 jbd2/nv        752     nvme1n1 WSM  877522112  131072    0.151
00:50:22.465 jbd2/nv        752     nvme1n1 WSM  877522376  4096      0.033
00:50:23.465 nvme           1493291 Unknown N    -1         512       0.033
00:50:23.776 kworker        1259302 nvme1n1 W    1625052264 8192      0.058
00:50:23.776 kworker        1473701 nvme1n1 WM   0          4096      0.100
00:50:23.776 kworker        1473701 nvme1n1 WM   288        4096      0.106
00:50:23.776 kworker        1473701 nvme1n1 WM   352        4096      0.106
00:50:23.776 kworker        1473701 nvme1n1 WM   408        4096      0.115
00:50:23.776 kworker        1473701 nvme1n1 WM   752        4096      0.114
00:50:23.776 kworker        1473701 nvme1n1 WM   800        4096      0.115
00:50:23.776 kworker        1473701 nvme1n1 WM   461373728  4096      0.117
00:50:23.776 kworker        1473701 nvme1n1 WM   583015744  4096      0.118
00:50:23.776 kworker        1473701 nvme1n1 WM   587202568  8192      0.120
00:50:23.776 kworker        1473701 nvme1n1 WM   587202712  4096      0.123
00:50:23.776 kworker        1473701 nvme1n1 WM   587496520  8192      0.122
00:50:23.776 kworker        1473701 nvme1n1 WM   587498200  8192      0.127
00:50:23.776 kworker        1473701 nvme1n1 WM   587500248  4096      0.129
00:50:23.776 kworker        1473701 nvme1n1 WM   720        12288     0.146
00:50:23.776 kworker        1473701 nvme1n1 WM   587218344  131072    0.222
00:50:23.776 kworker        1473701 nvme1n1 WM   587218600  24576     0.244
00:50:23.776 kworker        1473701 nvme1n1 WM   587501080  4096      0.072
00:50:23.776 kworker        1473701 nvme1n1 WM   587501568  4096      0.072
00:50:23.776 kworker        1473701 nvme1n1 WM   729808912  4096      0.078
00:50:23.776 kworker        1473701 nvme1n1 WM   843055152  4096      0.078
00:50:23.776 kworker        1473701 nvme1n1 WM   1485058520 4096      0.078
00:50:23.776 kworker        1473701 nvme1n1 WM   1497366632 4096      0.083
00:50:23.776 kworker        1473701 nvme1n1 WM   1522532456 4096      0.083
00:50:23.776 kworker        1473701 nvme1n1 WM   1530921000 4096      0.086
00:50:23.776 kworker        1473701 nvme1n1 WM   1530921080 4096      0.091
00:50:23.776 kworker        1473701 nvme1n1 WM   1572864016 4096      0.096
00:50:23.776 kworker        1473701 nvme1n1 WM   1665138744 4096      0.106
00:50:23.776 kworker        1473701 nvme1n1 WM   1756866960 4096      0.107
00:50:23.776 kworker        1473701 nvme1n1 WM   1756867016 4096      0.108
00:50:23.776 kworker        1473701 nvme1n1 WM   730410136  16384     0.116
00:50:23.777 kworker        1473701 nvme1n1 WM   1756879584 4096      0.041
00:50:23.777 kworker        1473701 nvme1n1 W    587577600  8192      0.047
00:50:24.467 nvme           1493311 Unknown N    -1         512       0.034
00:50:25.469 nvme           1493320 Unknown N    -1         512       0.029
00:50:26.471 nvme           1493324 Unknown N    -1         512       0.031
00:50:27.474 nvme           1493334 Unknown N    -1         512       0.033
00:50:28.476 nvme           1493338 Unknown N    -1         512       0.029
00:50:28.707 jbd2/nv        752     nvme1n1 WSM  877522384  32768     0.080
00:50:28.708 jbd2/nv        752     nvme1n1 WSM  877522448  4096      0.030
00:50:28.897 kworker        1259302 nvme1n1 W    1526170496 106496    0.163
00:50:28.897 kworker        1259302 nvme1n1 W    1667154432 131072    0.250
00:50:28.897 kworker        1259302 nvme1n1 W    1667154688 61440     0.269
00:50:28.897 kworker        1259302 nvme1n1 W    1526170704 32768     0.288
00:50:28.897 kworker        1259302 nvme1n1 W    1667109808 131072    0.366
00:50:28.897 kworker        1259302 nvme1n1 W    1667110064 90112     0.419
00:50:28.897 kworker        1259302 nvme1n1 W    844701152  77824     0.467
00:50:28.897 kworker        1259302 nvme1n1 W    1526170768 45056     0.494
00:50:29.478 nvme           1493352 Unknown N    -1         512       0.078
00:50:30.480 nvme           1493367 Unknown N    -1         512       0.032
00:50:31.468 amoprof        1271097 nvme1n1 W    587570832  4096      0.059
