TIMESTAMP    COMM           PID     DISK    T    SECTOR     BYTES   LAT(ms)
08:49:45.268 jbd2/nv        752     nvme1n1 WSM  877487048  131072    0.167
08:49:45.268 jbd2/nv        752     nvme1n1 WSM  877487304  16384     0.168
08:49:45.268 jbd2/nv        752     nvme1n1 WSM  877487336  4096      0.029
08:49:45.269 nvme           388119  Unknown N    -1         512       0.024
08:49:45.376 kworker        368996  nvme1n1 W    1737039760 4096      0.061
08:49:46.272 nvme           388183  Unknown N    -1         512       0.029
08:49:46.400 kworker        368996  nvme1n1 W    1565182856 16384     0.061
08:49:47.275 nvme           388197  Unknown N    -1         512       0.075
08:49:48.277 nvme           388206  Unknown N    -1         512       0.029
08:49:49.280 nvme           388219  Unknown N    -1         512       0.030
08:49:50.282 nvme           388223  Unknown N    -1         512       0.077
08:49:50.496 jbd2/nv        752     nvme1n1 WSM  877487344  20480     0.085
08:49:50.496 jbd2/nv        752     nvme1n1 WSM  877487384  4096      0.036
08:49:51.284 nvme           388233  Unknown N    -1         512       0.076
08:49:51.520 kworker        368996  nvme1n1 W    1737052976 8192      0.062
08:49:51.520 kworker        368996  nvme1n1 W    1565182888 45056     0.082
08:49:52.033 kworker        368996  nvme1n1 WM   0          8192      0.197
08:49:52.033 kworker        368996  nvme1n1 WM   224        4096      0.220
08:49:52.033 kworker        368996  nvme1n1 WM   272        8192      0.228
08:49:52.033 kworker        368996  nvme1n1 WM   720        8192      0.243
08:49:52.033 kworker        368996  nvme1n1 WM   744        4096      0.245
08:49:52.033 kworker        368996  nvme1n1 WM   840        4096      0.250
08:49:52.033 kworker        368996  nvme1n1 WM   9296       4096      0.251
08:49:52.033 kworker        368996  nvme1n1 WM   74832      4096      0.252
08:49:52.033 kworker        368996  nvme1n1 WM   4194376    4096      0.253
08:49:52.033 kworker        368996  nvme1n1 WM   461373568  4096      0.274
08:49:52.033 kworker        368996  nvme1n1 WM   461373728  4096      0.280
08:49:52.033 kworker        368996  nvme1n1 WM   461373832  4096      0.278
08:49:52.033 kworker        368996  nvme1n1 WM   461373848  4096      0.279
08:49:52.033 kworker        368996  nvme1n1 WM   461374248  4096      0.281
08:49:52.033 kworker        368996  nvme1n1 WM   566231168  4096      0.282
08:49:52.033 kworker        368996  nvme1n1 WM   566231296  4096      0.283
08:49:52.033 kworker        368996  nvme1n1 WM   566232296  4096      0.284
08:49:52.033 kworker        368996  nvme1n1 WM   570425472  4096      0.281
08:49:52.033 kworker        368996  nvme1n1 WM   721917248  4096      0.279
08:49:52.033 kworker        368996  nvme1n1 WM   844081072  4096      0.283
08:49:52.033 kworker        368996  nvme1n1 WM   1493172240 4096      0.285
08:49:52.033 kworker        368996  nvme1n1 WM   1509949448 4096      0.285
08:49:52.033 kworker        368996  nvme1n1 WM   1514143768 4096      0.286
08:49:52.033 kworker        368996  nvme1n1 WM   1515143744 4096      0.287
08:49:52.033 kworker        368996  nvme1n1 WM   1515151600 4096      0.288
08:49:52.033 kworker        368996  nvme1n1 WM   1515151760 4096      0.289
08:49:52.033 kworker        368996  nvme1n1 WM   1515151776 8192      0.290
08:49:52.033 kworker        368996  nvme1n1 WM   461373760  12288     0.323
08:49:52.033 kworker        368996  nvme1n1 WM   566232568  20480     0.316
08:49:52.033 kworker        368996  nvme1n1 WM   566232616  12288     0.319
08:49:52.033 kworker        368996  nvme1n1 WM   570425600  20480     0.325
08:49:52.033 kworker        368996  nvme1n1 WM   1547698280 4096      0.056
08:49:52.033 kworker        368996  nvme1n1 WM   1728053336 4096      0.066
08:49:52.033 kworker        368996  nvme1n1 WM   1732247648 4096      0.072
08:49:52.033 kworker        368996  nvme1n1 WM   1749024880 4096      0.074
08:49:52.033 kworker        368996  nvme1n1 WM   1753219128 4096      0.075
08:49:52.033 kworker        368996  nvme1n1 WM   1757413384 4096      0.077
08:49:52.033 kworker        368996  nvme1n1 WM   1515151816 36864     0.094
08:49:52.287 nvme           388247  Unknown N    -1         512       0.075
08:49:52.545 jbd2/nv        391     nvme0n1 WSM  4291648    32768     0.720
08:49:52.546 jbd2/nv        391     nvme0n1 WSM  4291712    4096      1.000
