TIMESTAMP    COMM           PID     DISK    T    SECTOR     BYTES   LAT(ms)
03:48:39.427 jbd2/nv        752     nvme1n1 WSM  877859896  8192      0.065
03:48:39.427 jbd2/nv        752     nvme1n1 WSM  877859640  131072    0.155
03:48:39.427 jbd2/nv        752     nvme1n1 WSM  877859912  4096      0.028
03:48:39.596 nvme           1701751 Unknown N    -1         512       0.035
03:48:40.599 nvme           1701804 Unknown N    -1         512       0.074
03:48:40.772 jbd2/nv        391     nvme0n1 WSM  4201152    32768     1.159
03:48:40.773 jbd2/nv        391     nvme0n1 WSM  4201216    4096      0.744
03:48:40.993 kworker        1672356 nvme0n1 W    37332656   4096      0.867
03:48:40.994 kworker        1661618 nvme0n1 W    8135672    131072    1.434
03:48:40.994 kworker        1661618 nvme0n1 W    36167072   16384     1.408
03:48:40.994 kworker        1661618 nvme0n1 W    8143096    131072    1.536
03:48:40.994 kworker        1661618 nvme0n1 W    8133112    131072    1.875
03:48:40.994 kworker        1661618 nvme0n1 W    36029952   131072    1.835
03:48:40.994 kworker        1661618 nvme0n1 W    36166400   131072    2.328
03:48:40.994 kworker        1661618 nvme0n1 W    36167976   4096      0.880
03:48:40.995 kworker        1661618 nvme0n1 W    36167520   16384     1.000
03:48:40.995 kworker        1661618 nvme0n1 W    36168384   32768     1.059
03:48:40.995 kworker        1661618 nvme0n1 W    36023808   262144    2.649
03:48:40.995 kworker        1661618 nvme0n1 W    36315792   40960     0.954
03:48:40.995 kworker        1661618 nvme0n1 W    36177280   65536     1.154
03:48:40.995 kworker        1661618 nvme0n1 W    36174336   65536     1.276
03:48:40.995 kworker        1661618 nvme0n1 W    36322384   4096      0.853
03:48:40.995 kworker        1661618 nvme0n1 W    7337984    4096      0.552
03:48:40.996 kworker        1661618 nvme0n1 W    36323072   16384     0.913
03:48:40.996 kworker        1661618 nvme0n1 W    36321792   131072    1.590
03:48:40.996 kworker        1661618 nvme0n1 W    36316928   131072    2.032
03:48:40.997 kworker        1661618 nvme0n1 W    36324352   131072    2.036
03:48:41.601 nvme           1701805 Unknown N    -1         512       0.073
03:48:42.529 kworker        1661618 nvme0n1 W    37217928   8192      0.558
03:48:42.604 nvme           1701806 Unknown N    -1         512       0.030
03:48:43.552 kworker        1672356 nvme1n1 W    1719353272 4096      0.055
03:48:43.606 nvme           1701807 Unknown N    -1         512       0.075
03:48:44.576 jbd2/nv        752     nvme1n1 WSM  877859920  45056     0.088
03:48:44.576 jbd2/nv        752     nvme1n1 WSM  877860008  4096      0.030
03:48:44.577 kworker        1661618 nvme1n1 W    1639456352 8192      0.088
03:48:44.577 kworker        1661618 nvme1n1 W    596120232  98304     0.142
03:48:44.577 kworker        1661618 nvme1n1 W    1534962984 131072    0.221
03:48:44.577 kworker        1661618 nvme1n1 W    1534963240 61440     0.257
03:48:44.577 kworker        1661618 nvme1n1 W    596120424  32768     0.275
03:48:44.577 kworker        1661618 nvme1n1 W    1535017472 131072    0.352
03:48:44.577 kworker        1661618 nvme1n1 W    1535017728 90112     0.402
03:48:44.577 kworker        1661618 nvme1n1 W    1533026064 77824     0.448
03:48:44.577 kworker        1661618 nvme1n1 W    596120488  45056     0.224
03:48:44.608 nvme           1701808 Unknown N    -1         512       0.030
03:48:45.610 nvme           1701809 Unknown N    -1         512       0.027
03:48:46.613 nvme           1701810 Unknown N    -1         512       0.073
03:48:47.615 nvme           1701811 Unknown N    -1         512       0.030
03:48:48.617 nvme           1701812 Unknown N    -1         512       0.027
03:48:48.672 kworker        1672356 nvme1n1 W    1719341000 4096      0.052
03:48:49.598 jbd2/nv        752     nvme1n1 WSM  877860016  77824     0.114
03:48:49.598 jbd2/nv        752     nvme1n1 WSM  877860168  4096      0.029
03:48:49.604 amoprof        1271097 nvme1n1 W    595917512  4096      0.044
