TIMESTAMP    COMM           PID     DISK    T    SECTOR     BYTES   LAT(ms)
10:06:39.008 kworker        2211508 nvme1n1 W    1618071280 8192      0.065
10:06:39.110 nvme           2275044 Unknown N    -1         512       0.090
10:06:40.112 nvme           2275104 Unknown N    -1         512       0.031
10:06:41.056 kworker        2236122 nvme1n1 W    69998552   4096      0.054
10:06:41.056 jbd2/nv        752     nvme1n1 WSM  876912160  131072    0.162
10:06:41.056 jbd2/nv        752     nvme1n1 WSM  876912416  40960     0.171
10:06:41.056 kworker        2236122 nvme1n1 W    70025152   8192      0.037
10:06:41.056 kworker        2236122 nvme1n1 W    70024896   131072    0.145
10:06:41.056 jbd2/nv        752     nvme1n1 WSM  876912496  4096      0.142
10:06:41.057 kworker        2226347 nvme0n1 W    38459536   4096      0.824
10:06:41.057 kworker        2265329 nvme0n1 W    36981656   4096      0.840
10:06:41.058 kworker        2211508 nvme0n1 W    8137464    131072    1.761
10:06:41.058 kworker        2211508 nvme0n1 W    8135672    131072    1.839
10:06:41.058 kworker        2211508 nvme0n1 W    8130040    131072    1.944
10:06:41.058 kworker        2211508 nvme0n1 W    8136696    131072    2.046
10:06:41.059 kworker        2211508 nvme0n1 W    8129272    262144    2.643
10:06:41.059 kworker        2211508 nvme0n1 W    8143096    131072    1.855
10:06:41.059 kworker        2211508 nvme0n1 W    36167208   4096      0.650
10:06:41.059 kworker        2211508 nvme0n1 W    8134392    262144    3.186
10:06:41.059 kworker        2211508 nvme0n1 W    36029440   131072    1.375
10:06:41.059 kworker        2211508 nvme0n1 W    36168096   4096      0.544
10:06:41.060 kworker        2211508 nvme0n1 W    36166656   131072    1.597
10:06:41.060 kworker        2211508 nvme0n1 W    36029952   131072    2.046
10:06:41.060 kworker        2211508 nvme0n1 W    36168544   4096      0.713
10:06:41.060 kworker        2211508 nvme0n1 W    36167552   65536     1.347
10:06:41.060 kworker        2211508 nvme0n1 W    36023808   262144    3.273
10:06:41.060 kworker        2211508 nvme0n1 W    36177152   16384     0.966
10:06:41.061 kworker        2211508 nvme0n1 W    36177280   65536     1.213
10:06:41.061 kworker        2211508 nvme0n1 W    36174464   65536     1.392
10:06:41.061 kworker        2211508 nvme0n1 W    36315792   40960     0.771
10:06:41.061 kworker        2211508 nvme0n1 W    36318400   32768     0.777
10:06:41.061 kworker        2211508 nvme0n1 W    36322456   4096      0.465
10:06:41.062 kworker        2211508 nvme0n1 W    36323136   16384     1.023
10:06:41.062 kworker        2211508 nvme0n1 W    36315136   131072    1.783
10:06:41.062 kworker        2211508 nvme0n1 W    36317184   131072    1.952
10:06:41.062 kworker        2211508 nvme0n1 W    36321792   131072    1.956
10:06:41.062 kworker        2211508 nvme0n1 W    36323968   65536     1.405
10:06:41.063 kworker        2211508 nvme0n1 W    36236800   16384     0.722
10:06:41.063 kworker        2211508 nvme0n1 W    36231424   131072    1.840
10:06:41.063 kworker        2211508 nvme0n1 W    36235776   131072    1.600
10:06:41.063 kworker        2211508 nvme0n1 W    36232960   131072    1.667
10:06:41.063 kworker        2211508 nvme0n1 W    36237328   4096      0.544
10:06:41.063 kworker        2211508 nvme0n1 W    36237632   4096      0.748
10:06:41.064 kworker        2211508 nvme0n1 W    36237576   4096      1.042
10:06:41.064 kworker        2211508 nvme0n1 W    36237696   4096      1.032
10:06:41.064 kworker        2211508 nvme0n1 W    36237680   4096      1.034
10:06:41.064 kworker        2211508 nvme0n1 W    7337984    4096      0.983
10:06:41.064 kworker        2211508 nvme0n1 W    36237056   131072    2.029
10:06:41.064 kworker        2211508 nvme0n1 W    36237376   98304     1.784
10:06:41.065 kworker        2211508 nvme0n1 W    36240128   131072    2.098
10:06:41.115 nvme           2275111 Unknown N    -1         512       0.074
10:06:42.117 nvme           2275122 Unknown N    -1         512       0.075
10:06:43.119 nvme           2275136 Unknown N    -1         512       0.086
10:06:44.123 nvme           2275145 Unknown N    -1         512       0.078
10:06:45.125 nvme           2275155 Unknown N    -1         512       0.077
10:06:45.506 dockerd        1436    nvme1n1 WS   1487582200 4096      0.053
10:06:45.506 jbd2/nv        752     nvme1n1 WSM  876912504  53248     0.081
10:06:45.506 jbd2/nv        752     nvme1n1 WSM  876912608  4096      0.028
10:06:45.506 dockerd        1436    nvme1n1 WS   1487582208 4096      0.030
10:06:45.506 jbd2/nv        752     nvme1n1 WSM  876912616  40960     0.059
10:06:45.506 jbd2/nv        752     nvme1n1 WSM  876912696  4096      0.027
10:06:45.534 contain        1195    nvme1n1 WS   1730873920 4096      0.055
10:06:45.534 contain        1195    nvme1n1 WS   1730873944 4096      0.064
10:06:45.534 contain        1195    nvme1n1 WS   1730874008 4096      0.064
10:06:45.534 contain        1195    nvme1n1 WS   1730874200 4096      0.065
10:06:45.534 contain        1195    nvme1n1 WS   1429528    4096      0.028
10:06:45.546 dockerd        1436    nvme1n1 WS   1757812112 4096      0.053
10:06:45.546 dockerd        1436    nvme1n1 WS   1757812056 12288     0.060
10:06:45.546 dockerd        1436    nvme1n1 WS   1323304    4096      0.028
10:06:45.573 dockerd        1436    nvme1n1 WS   1518910992 4096      0.067
10:06:45.573 dockerd        1436    nvme1n1 WS   1757812088 12288     0.060
10:06:45.574 dockerd        1436    nvme1n1 WS   1323312    4096      0.028
10:06:45.574 dockerd        1436    nvme1n1 W    1558866088 4096      0.029
10:06:45.574 dockerd        1436    nvme1n1 WS   1531537488 4096      0.036
10:06:45.574 dockerd        1436    nvme1n1 WS   1757812064 8192      0.046
10:06:45.574 dockerd        1436    nvme1n1 WS   1757812112 4096      0.047
10:06:45.574 dockerd        1436    nvme1n1 WS   1323304    4096      0.027
10:06:45.575 contain        1195    nvme1n1 WS   1429520    4096      0.033
10:06:45.616 dockerd        1436    nvme1n1 WS   1518910992 4096      0.046
10:06:45.616 dockerd        1436    nvme1n1 WS   1757812088 12288     0.051
10:06:45.616 dockerd        1436    nvme1n1 WS   1323312    4096      0.027
10:06:45.616 dockerd        1436    nvme1n1 WS   1757812112 4096      0.032
10:06:45.616 dockerd        1436    nvme1n1 WS   1757812056 12288     0.040
10:06:45.616 dockerd        1436    nvme1n1 WS   1323304    4096      0.027
10:06:45.617 kworker        2211508 nvme1n1 W    1622538800 4096      0.047
10:06:45.617 kworker        2211508 nvme1n1 W    1565495328 4096      0.053
10:06:45.617 kworker        2211508 nvme1n1 W    1251581832 4096      0.055
10:06:45.617 kworker        2236122 nvme1n1 W    1618071288 8192      0.044
10:06:45.618 kworker        2275107 nvme1n1 W    1251180296 8192      0.131
10:06:45.618 kworker        2275107 nvme1n1 W    1351344648 4096      0.114
10:06:45.618 kworker        2275107 nvme1n1 W    1344927712 131072    0.202
10:06:45.618 kworker        2275107 nvme1n1 W    1344927968 32768     0.219
10:06:45.619 kworker        2275107 nvme1n1 W    723902976  131072    0.303
10:06:45.619 kworker        2275107 nvme1n1 W    723903232  61440     0.341
10:06:45.619 kworker        2275107 nvme1n1 W    1344928032 32768     0.358
10:06:45.619 kworker        2275107 nvme1n1 W    723874680  131072    0.436
10:06:45.619 kworker        2275107 nvme1n1 W    723874936  90112     0.490
10:06:45.619 kworker        2275107 nvme1n1 W    723203232  77824     0.535
10:06:45.619 kworker        2275107 nvme1n1 W    1344928096 45056     0.561
10:06:45.619 kworker        2275107 nvme1n1 W    1344928184 126976    0.633
10:06:45.619 kworker        2275107 nvme1n1 W    1344928432 126976    0.707
10:06:45.619 kworker        2275107 nvme1n1 W    1344928680 32768     0.725
10:06:45.619 kworker        2275107 nvme1n1 W    723875112  131072    0.802
10:06:45.619 kworker        2275107 nvme1n1 W    723875368  61440     0.837
10:06:45.619 kworker        2275107 nvme1n1 W    1344928744 32768     0.101
10:06:45.619 kworker        2275107 nvme1n1 W    723903352  131072    0.182
10:06:45.619 kworker        2275107 nvme1n1 W    723903608  90112     0.239
10:06:45.619 kworker        2275107 nvme1n1 W    723203384  77824     0.303
10:06:45.620 kworker        2275107 nvme1n1 W    1344928808 131072    0.379
10:06:45.620 kworker        2275107 nvme1n1 W    1344929064 77824     0.425
10:06:45.620 kworker        2275107 nvme1n1 W    723903784  131072    0.500
10:06:45.620 kworker        2275107 nvme1n1 W    723904040  61440     0.538
10:06:45.620 kworker        2275107 nvme1n1 W    1344929216 32768     0.558
10:06:45.620 kworker        2275107 nvme1n1 W    723910768  131072    0.638
10:06:45.620 kworker        2275107 nvme1n1 W    723911024  90112     0.696
10:06:45.620 kworker        2275107 nvme1n1 W    723203536  77824     0.744
10:06:45.620 kworker        2275107 nvme1n1 W    1344929280 53248     0.777
10:06:45.620 dockerd        1436    nvme1n1 WM   40         4096      0.679
10:06:45.620 dockerd        1436    nvme1n1 WM   304        4096      0.681
10:06:45.620 dockerd        1436    nvme1n1 WM   624        4096      0.684
10:06:45.620 dockerd        1436    nvme1n1 WM   712        4096      0.684
10:06:45.620 dockerd        1436    nvme1n1 WM   728        4096      0.686
10:06:45.620 dockerd        1436    nvme1n1 WM   9296       4096      0.686
10:06:45.620 dockerd        1436    nvme1n1 WM   67108952   4096      0.696
10:06:45.620 dockerd        1436    nvme1n1 WM   83886352   4096      0.700
10:06:45.620 dockerd        1436    nvme1n1 WM   616573448  4096      0.701
10:06:45.620 dockerd        1436    nvme1n1 WM   620757128  4096      0.701
10:06:45.620 dockerd        1436    nvme1n1 WM   721420352  4096      0.699
10:06:45.620 dockerd        1436    nvme1n1 WM   1251622848 8192      0.701
10:06:45.620 dockerd        1436    nvme1n1 WM   1251622872 4096      0.702
10:06:45.620 dockerd        1436    nvme1n1 WM   1251625344 4096      0.704
10:06:45.620 dockerd        1436    nvme1n1 WM   1251625456 4096      0.705
10:06:45.620 dockerd        1436    nvme1n1 WM   1296040008 4096      0.705
10:06:45.620 dockerd        1436    nvme1n1 WM   1304428592 4096      0.706
10:06:45.620 dockerd        1436    nvme1n1 WM   620763320  20480     0.717
10:06:45.620 dockerd        1436    nvme1n1 WM   620763504  12288     0.725
10:06:45.620 jbd2/nv        752     nvme1n1 WSM  876912704  131072    0.752
10:06:45.620 dockerd        1436    nvme1n1 WM   1484783696 4096      0.134
10:06:45.620 dockerd        1436    nvme1n1 WM   1518338136 4096      0.135
10:06:45.620 dockerd        1436    nvme1n1 WM   1532036064 4096      0.140
10:06:45.620 dockerd        1436    nvme1n1 WM   1734946208 4096      0.142
10:06:45.620 jbd2/nv        752     nvme1n1 WSM  876912960  90112     0.769
10:06:45.620 jbd2/nv        752     nvme1n1 WSM  876913136  4096      0.029
10:06:45.620 jbd2/nv        752     nvme1n1 WSM  876913144  36864     0.059
10:06:45.621 jbd2/nv        752     nvme1n1 WSM  876913216  4096      0.028
10:06:45.621 dockerd        1436    nvme1n1 WSM  0          4096      0.104
10:06:45.621 dockerd        1436    nvme1n1 WSM  48         4096      0.105
10:06:45.621 dockerd        1436    nvme1n1 WSM  224        4096      0.111
10:06:45.621 dockerd        1436    nvme1n1 WSM  288        4096      0.111
10:06:45.621 dockerd        1436    nvme1n1 WSM  352        4096      0.112
10:06:45.621 dockerd        1436    nvme1n1 WSM  600        8192      0.115
10:06:45.621 dockerd        1436    nvme1n1 WSM  632        4096      0.118
10:06:45.621 dockerd        1436    nvme1n1 WSM  648        4096      0.120
10:06:45.621 dockerd        1436    nvme1n1 WSM  744        4096      0.124
10:06:45.621 dockerd        1436    nvme1n1 WSM  776        4096      0.126
10:06:45.621 dockerd        1436    nvme1n1 WSM  83886208   4096      0.126
10:06:45.621 dockerd        1436    nvme1n1 WSM  83886344   4096      0.130
10:06:45.621 dockerd        1436    nvme1n1 WSM  461373568  4096      0.132
10:06:45.621 dockerd        1436    nvme1n1 WSM  461373696  4096      0.132
10:06:45.621 dockerd        1436    nvme1n1 WSM  461374248  4096      0.136
10:06:45.621 dockerd        1436    nvme1n1 WSM  591396872  4096      0.139
10:06:45.621 dockerd        1436    nvme1n1 WSM  591667432  4096      0.139
10:06:45.621 dockerd        1436    nvme1n1 WSM  616573368  4096      0.143
10:06:45.621 dockerd        1436    nvme1n1 WSM  721420336  4096      0.142
10:06:45.621 dockerd        1436    nvme1n1 WSM  721420360  4096      0.143
10:06:45.621 dockerd        1436    nvme1n1 WSM  1249902624 4096      0.147
10:06:45.621 dockerd        1436    nvme1n1 WSM  1249902640 4096      0.150
10:06:45.621 dockerd        1436    nvme1n1 WSM  1258291320 4096      0.154
10:06:45.621 dockerd        1436    nvme1n1 WSM  1308622960 4096      0.158
10:06:45.621 dockerd        1436    nvme1n1 WSM  1342177360 4096      0.165
10:06:45.621 dockerd        1436    nvme1n1 WSM  1484789216 4096      0.166
10:06:45.621 dockerd        1436    nvme1n1 WSM  1485401008 4096      0.167
10:06:45.621 dockerd        1436    nvme1n1 WSM  1493172480 4096      0.172
10:06:45.621 dockerd        1436    nvme1n1 WSM  1493172504 4096      0.172
10:06:45.621 dockerd        1436    nvme1n1 WSM  1532037512 4096      0.172
10:06:45.621 dockerd        1436    nvme1n1 WSM  620763360  73728     0.226
10:06:45.621 dockerd        1436    nvme1n1 WSM  1556086864 4096      0.052
10:06:45.621 dockerd        1436    nvme1n1 WSM  1614807136 4096      0.052
10:06:45.621 dockerd        1436    nvme1n1 WSM  1707383280 4096      0.053
10:06:45.622 dockerd        1436    nvme1n1 WS   1282931112 4096      0.032
10:06:45.622 jbd2/nv        752     nvme1n1 WSM  876913224  57344     0.073
10:06:45.622 jbd2/nv        752     nvme1n1 WSM  876913336  4096      0.039
10:06:45.622 dockerd        1436    nvme1n1 WS   1282931120 4096      0.033
10:06:45.622 jbd2/nv        752     nvme1n1 WSM  876913344  40960     0.058
10:06:45.622 jbd2/nv        752     nvme1n1 WSM  876913424  4096      0.035
10:06:45.623 dockerd        1436    nvme1n1 WS   1282931128 4096      0.033
10:06:45.623 jbd2/nv        752     nvme1n1 WSM  876913432  45056     0.064
10:06:45.623 jbd2/nv        752     nvme1n1 WSM  876913520  4096      0.027
10:06:45.623 dockerd        1436    nvme1n1 WS   1282931136 4096      0.030
10:06:45.623 jbd2/nv        752     nvme1n1 WSM  876913528  32768     0.055
10:06:45.623 jbd2/nv        752     nvme1n1 WSM  876913592  4096      0.028
10:06:45.624 contain        1195    nvme1n1 WS   1730874104 20480     0.055
10:06:45.624 contain        1195    nvme1n1 WS   1429528    4096      0.029
10:06:45.628 contain        1195    nvme1n1 WS   1730873824 4096      0.060
10:06:45.628 contain        1195    nvme1n1 WS   1730873944 4096      0.067
10:06:45.628 contain        1195    nvme1n1 WS   1730874008 4096      0.068
10:06:45.628 contain        1195    nvme1n1 WS   1730874080 4096      0.073
10:06:45.628 contain        1195    nvme1n1 WS   1730874144 4096      0.074
10:06:45.628 contain        1195    nvme1n1 WS   1730874168 4096      0.075
10:06:45.628 contain        1195    nvme1n1 WS   1429520    4096      0.028
10:06:45.629 contain        1195    nvme1n1 WS   311201600  4096      0.046
10:06:45.629 contain        1195    nvme1n1 WS   1725789816 4096      0.051
10:06:45.629 contain        1195    nvme1n1 WS   1725789864 4096      0.054
10:06:45.629 contain        1195    nvme1n1 WS   1725789944 16384     0.057
10:06:45.629 contain        1195    nvme1n1 WS   1707371880 4096      0.027
10:06:45.629 contain        1195    nvme1n1 WS   1725789792 4096      0.046
10:06:45.629 contain        1195    nvme1n1 WS   1725789824 4096      0.051
10:06:45.630 contain        1195    nvme1n1 WS   1725789888 4096      0.059
10:06:45.630 contain        1195    nvme1n1 WS   1725789912 4096      0.060
10:06:45.630 contain        1195    nvme1n1 WS   1725789928 8192      0.060
10:06:45.630 contain        1195    nvme1n1 WS   1725789976 4096      0.061
10:06:45.630 contain        1195    nvme1n1 WS   1707371888 4096      0.028
10:06:45.631 contain        1195    nvme1n1 WS   311201600  4096      0.039
10:06:45.631 contain        1195    nvme1n1 WS   1707371880 4096      0.028
10:06:46.127 nvme           2275202 Unknown N    -1         512       0.031
10:06:47.130 nvme           2275210 Unknown N    -1         512       0.029
10:06:48.132 nvme           2275227 Unknown N    -1         512       0.028
10:06:48.979 jbd2/nv        391     nvme0n1 WSM  4304792    40960     0.961
10:06:48.980 jbd2/nv        391     nvme0n1 WSM  4304872    4096      0.946
10:06:49.117 amoprof        2179165 nvme1n1 W    1262350952 4096      0.055
