TIMESTAMP    COMM           PID     DISK    T    SECTOR     BYTES   LAT(ms)
03:39:51.736 nvme           1693663 Unknown N    -1         512       0.037
03:39:52.608 jbd2/nv        752     nvme1n1 WSM  877843736  126976    0.155
03:39:52.608 jbd2/nv        752     nvme1n1 WSM  877843984  4096      0.030
03:39:52.738 nvme           1693715 Unknown N    -1         512       0.027
03:39:53.741 nvme           1693716 Unknown N    -1         512       0.026
03:39:54.743 nvme           1693717 Unknown N    -1         512       0.028
03:39:55.745 nvme           1693718 Unknown N    -1         512       0.028
03:39:56.748 nvme           1693719 Unknown N    -1         512       0.027
03:39:57.216 kworker        1672356 nvme1n1 W    1639456248 8192      0.103
03:39:57.217 kworker        1672356 nvme1n1 W    595990128  94208     0.152
03:39:57.217 kworker        1672356 nvme1n1 W    1534919544 131072    0.235
03:39:57.217 kworker        1672356 nvme1n1 W    1534919800 61440     0.273
03:39:57.217 kworker        1672356 nvme1n1 W    595990312  32768     0.291
03:39:57.217 kworker        1672356 nvme1n1 W    1534919920 131072    0.373
03:39:57.217 kworker        1672356 nvme1n1 W    1534920176 90112     0.425
03:39:57.217 kworker        1672356 nvme1n1 W    1526120024 77824     0.473
03:39:57.217 kworker        1672356 nvme1n1 W    595990376  45056     0.286
03:39:57.750 nvme           1693720 Unknown N    -1         512       0.029
03:39:57.949 jbd2/nv        752     nvme1n1 WSM  877843992  77824     0.105
03:39:57.949 jbd2/nv        752     nvme1n1 WSM  877844144  4096      0.030
03:39:58.752 nvme           1693721 Unknown N    -1         512       0.028
03:39:59.754 nvme           1693722 Unknown N    -1         512       0.031
03:40:00.757 nvme           1693723 Unknown N    -1         512       0.025
03:40:01.743 amoprof        1271097 nvme1n1 W    595992840  4096      0.054
