TIMESTAMP    COMM           PID     DISK    T    SECTOR     BYTES   LAT(ms)
00:42:37.542 nvme           1482214 Unknown N    -1         512       0.041
00:42:37.856 kworker        1259302 nvme1n1 W    1757491912 4096      0.083
00:42:37.856 kworker        1259302 nvme1n1 W    1757492176 8192      0.087
00:42:37.856 kworker        1259302 nvme1n1 W    724995016  69632     0.120
00:42:37.856 kworker        1259302 nvme1n1 W    1535104440 114688    0.191
00:42:37.856 kworker        1259302 nvme1n1 W    1757491920 131072    0.266
00:42:37.857 jbd2/nv        752     nvme1n1 WSM  877500064  131072    0.296
00:42:37.857 jbd2/nv        752     nvme1n1 WSM  877500320  131072    0.331
00:42:37.857 jbd2/nv        752     nvme1n1 WSM  877500576  106496    0.366
00:42:37.857 jbd2/nv        752     nvme1n1 WSM  877500784  4096      0.028
00:42:38.545 nvme           1482275 Unknown N    -1         512       0.102
00:42:39.547 nvme           1482289 Unknown N    -1         512       0.076
00:42:40.550 nvme           1482299 Unknown N    -1         512       0.105
00:42:41.441 kworker        1422190 nvme0n1 W    37217344   4096      0.508
00:42:41.552 nvme           1482313 Unknown N    -1         512       0.029
00:42:42.554 nvme           1482318 Unknown N    -1         512       0.049
00:42:42.976 kworker        1422190 nvme1n1 W    1532246400 8192      0.060
00:42:42.976 jbd2/nv        752     nvme1n1 WSM  877500792  49152     0.080
00:42:42.976 jbd2/nv        752     nvme1n1 WSM  877500888  4096      0.029
00:42:42.977 kworker        1422190 nvme1n1 W    1535104664 90112     0.145
00:42:42.977 kworker        1422190 nvme1n1 W    1535104840 81920     0.192
00:42:42.977 kworker        1422190 nvme1n1 W    1535105000 131072    0.276
00:42:42.977 kworker        1422190 nvme1n1 W    1535105256 49152     0.306
00:42:42.977 kworker        1422190 nvme1n1 W    844835816  131072    0.376
00:42:42.977 kworker        1422190 nvme1n1 W    844836072  61440     0.411
00:42:42.977 kworker        1422190 nvme1n1 W    1535105352 32768     0.431
00:42:42.977 kworker        1422190 nvme1n1 W    844836864  131072    0.508
00:42:42.977 kworker        1422190 nvme1n1 W    844837120  90112     0.350
00:42:42.977 kworker        1422190 nvme1n1 W    844673360  77824     0.396
00:42:42.977 kworker        1422190 nvme1n1 W    1535105416 45056     0.292
00:42:43.488 kworker        1422190 nvme1n1 W    1719340952 4096      0.056
00:42:43.488 kworker        1422190 nvme1n1 W    1719353224 4096      0.060
00:42:43.557 nvme           1482325 Unknown N    -1         512       0.083
00:42:44.001 kworker        1422190 nvme0n1 W    37332536   8192      0.560
00:42:44.559 nvme           1482342 Unknown N    -1         512       0.031
00:42:45.561 nvme           1482351 Unknown N    -1         512       0.032
00:42:46.563 nvme           1482361 Unknown N    -1         512       0.104
00:42:47.550 amoprof        1271097 nvme1n1 W    1535107976 4096      0.060
