TIMESTAMP    COMM           PID     DISK    T    SECTOR     BYTES   LAT(ms)
04:27:00.098 nvme           1736950 Unknown N    -1         512       0.036
04:27:01.101 nvme           1737002 Unknown N    -1         512       0.034
04:27:01.102 jbd2/nv        752     nvme1n1 WSM  877931816  106496    0.149
04:27:01.102 jbd2/nv        752     nvme1n1 WSM  877932024  4096      0.029
04:27:02.103 nvme           1737003 Unknown N    -1         512       0.082
04:27:03.105 nvme           1737004 Unknown N    -1         512       0.026
04:27:03.456 kworker        1720485 nvme1n1 W    1641455672 8192      0.058
04:27:03.456 kworker        1720485 nvme1n1 W    600138184  40960     0.073
04:27:04.107 nvme           1737005 Unknown N    -1         512       0.036
04:27:05.110 nvme           1737006 Unknown N    -1         512       0.071
04:27:06.112 nvme           1737007 Unknown N    -1         512       0.030
04:27:07.114 nvme           1737008 Unknown N    -1         512       0.027
04:27:07.496 jbd2/nv        752     nvme1n1 WSM  877932032  49152     0.093
04:27:07.496 jbd2/nv        752     nvme1n1 WSM  877932128  4096      0.030
04:27:08.116 nvme           1737009 Unknown N    -1         512       0.030
04:27:08.576 kworker        1720485 nvme1n1 W    595945512  53248     0.122
04:27:08.577 kworker        1720485 nvme1n1 W    1561837104 131072    0.197
04:27:08.577 kworker        1720485 nvme1n1 W    1561837360 61440     0.232
04:27:08.577 kworker        1720485 nvme1n1 W    595945616  32768     0.250
04:27:08.577 kworker        1720485 nvme1n1 W    600160368  131072    0.329
04:27:08.577 kworker        1720485 nvme1n1 W    600160624  90112     0.382
04:27:08.577 kworker        1720485 nvme1n1 W    1553903408 77824     0.428
04:27:08.577 kworker        1720485 nvme1n1 W    595945680  45056     0.455
04:27:09.119 nvme           1737010 Unknown N    -1         512       0.076
04:27:10.105 amoprof        1271097 nvme1n1 W    600069816  4096      0.052
