TIMESTAMP    COMM           PID     DISK    T    SECTOR     BYTES   LAT(ms)
04:18:24.355 nvme           1729083 Unknown N    -1         512       0.038
04:18:24.801 jbd2/nv        391     nvme0n1 WSM  4208792    73728     0.873
04:18:24.801 jbd2/nv        391     nvme0n1 WSM  4208936    4096      0.412
04:18:25.357 nvme           1729135 Unknown N    -1         512       0.075
04:18:25.359 jbd2/nv        752     nvme1n1 WSM  877915672  110592    0.149
04:18:25.359 jbd2/nv        752     nvme1n1 WSM  877915888  4096      0.030
04:18:26.360 nvme           1729136 Unknown N    -1         512       0.032
04:18:27.362 nvme           1729137 Unknown N    -1         512       0.073
04:18:28.365 nvme           1729138 Unknown N    -1         512       0.117
04:18:29.367 nvme           1729139 Unknown N    -1         512       0.033
04:18:30.369 nvme           1729140 Unknown N    -1         512       0.030
04:18:31.371 nvme           1729141 Unknown N    -1         512       0.027
04:18:31.456 kworker        1720486 nvme1n1 W    595935144  4096      0.050
04:18:31.456 jbd2/nv        752     nvme1n1 WSM  877915896  20480     0.058
04:18:31.456 jbd2/nv        752     nvme1n1 WSM  877915936  4096      0.030
04:18:31.457 kworker        1720486 nvme1n1 W    595935152  40960     0.091
04:18:31.457 kworker        1720486 nvme1n1 W    600141824  49152     0.119
04:18:31.457 kworker        1720486 nvme1n1 W    1561738872 131072    0.202
04:18:31.457 kworker        1720486 nvme1n1 W    1561739128 61440     0.237
04:18:31.457 kworker        1720486 nvme1n1 W    600141920  32768     0.256
04:18:31.457 kworker        1720486 nvme1n1 W    1561756160 131072    0.333
04:18:31.457 kworker        1720486 nvme1n1 W    1561756416 90112     0.387
04:18:31.457 kworker        1720486 nvme1n1 W    1534921112 77824     0.433
04:18:31.457 kworker        1720486 nvme1n1 W    600141984  45056     0.294
04:18:32.374 nvme           1729142 Unknown N    -1         512       0.031
04:18:33.376 nvme           1729143 Unknown N    -1         512       0.028
04:18:34.362 amoprof        1271097 nvme1n1 W    595918664  4096      0.056
