TIMESTAMP    COMM           PID     DISK    T    SECTOR     BYTES   LAT(ms)
04:23:26.290 nvme           1733681 Unknown N    -1         512       0.147
04:23:27.293 nvme           1733733 Unknown N    -1         512       0.031
04:23:27.294 jbd2/nv        752     nvme1n1 WSM  877925040  118784    0.147
04:23:27.294 jbd2/nv        752     nvme1n1 WSM  877925272  4096      0.030
04:23:28.295 nvme           1733734 Unknown N    -1         512       0.030
04:23:28.416 kworker        1666595 nvme1n1 WM   0          4096      0.110
04:23:28.416 kworker        1666595 nvme1n1 WM   288        4096      0.114
04:23:28.416 kworker        1666595 nvme1n1 WM   776        8192      0.114
04:23:28.416 kworker        1666595 nvme1n1 WM   461373728  4096      0.116
04:23:28.416 kworker        1666595 nvme1n1 WM   583015744  4096      0.125
04:23:28.416 kworker        1666595 nvme1n1 WM   587202576  4096      0.126
04:23:28.416 kworker        1666595 nvme1n1 WM   591396872  4096      0.126
04:23:28.416 kworker        1666595 nvme1n1 WM   595591176  8192      0.128
04:23:28.416 kworker        1666595 nvme1n1 WM   599785480  4096      0.129
04:23:28.416 kworker        1666595 nvme1n1 WM   599785608  4096      0.129
04:23:28.416 kworker        1666595 nvme1n1 WM   1485058520 4096      0.131
04:23:28.416 kworker        1666595 nvme1n1 WM   1493844928 4096      0.132
04:23:28.416 kworker        1666595 nvme1n1 WM   1530921080 4096      0.134
04:23:28.416 kworker        1666595 nvme1n1 WM   736        12288     0.148
04:23:28.416 kworker        1666595 nvme1n1 WM   599793472  131072    0.223
04:23:28.416 kworker        1666595 nvme1n1 WM   599793728  20480     0.240
04:23:28.416 kworker        1666595 nvme1n1 WM   1551892528 4096      0.071
04:23:28.416 kworker        1666595 nvme1n1 WM   1553578488 4096      0.072
04:23:28.416 kworker        1666595 nvme1n1 WM   1553578592 4096      0.080
04:23:28.416 kworker        1666595 nvme1n1 WM   1553578608 8192      0.080
04:23:28.416 kworker        1666595 nvme1n1 WM   1553580000 4096      0.080
04:23:28.416 kworker        1666595 nvme1n1 WM   1553583528 4096      0.086
04:23:28.416 kworker        1666595 nvme1n1 WM   1553583544 4096      0.087
04:23:28.416 kworker        1666595 nvme1n1 WM   1560281128 4096      0.087
04:23:28.416 kworker        1666595 nvme1n1 WM   1623195704 4096      0.094
04:23:28.416 kworker        1666595 nvme1n1 WM   1639972904 4096      0.095
04:23:28.416 kworker        1666595 nvme1n1 WM   1756866960 4096      0.099
04:23:28.416 kworker        1666595 nvme1n1 WM   1756912120 4096      0.101
04:23:28.416 kworker        1666595 nvme1n1 WM   1757049304 4096      0.104
04:23:28.416 kworker        1666595 nvme1n1 WM   1553578912 16384     0.115
04:23:29.297 nvme           1733735 Unknown N    -1         512       0.032
04:23:30.299 nvme           1733736 Unknown N    -1         512       0.032
04:23:31.302 nvme           1733737 Unknown N    -1         512       0.031
04:23:32.304 nvme           1733738 Unknown N    -1         512       0.026
04:23:33.024 kworker        1666595 nvme1n1 W    1625054552 8192      0.059
04:23:33.306 nvme           1733739 Unknown N    -1         512       0.028
04:23:33.536 jbd2/nv        752     nvme1n1 WSM  877925280  20480     0.066
04:23:33.536 jbd2/nv        752     nvme1n1 WSM  877925320  4096      0.031
04:23:33.537 kworker        1666595 nvme1n1 W    600085304  106496    0.153
04:23:33.537 kworker        1666595 nvme1n1 W    1561826656 131072    0.230
04:23:33.537 kworker        1666595 nvme1n1 W    1561826912 61440     0.263
04:23:33.537 kworker        1666595 nvme1n1 W    600085512  32768     0.284
04:23:33.537 kworker        1666595 nvme1n1 W    1561834416 131072    0.363
04:23:33.537 kworker        1666595 nvme1n1 W    1561834672 90112     0.418
04:23:33.537 kworker        1666595 nvme1n1 W    1534941288 77824     0.467
04:23:33.537 kworker        1666595 nvme1n1 W    600085576  45056     0.496
04:23:34.308 nvme           1733740 Unknown N    -1         512       0.029
04:23:35.310 nvme           1733741 Unknown N    -1         512       0.026
04:23:36.297 amoprof        1271097 nvme1n1 W    600048872  4096      0.056
