TIMESTAMP    COMM           PID     DISK    T    SECTOR     BYTES   LAT(ms)
04:11:54.827 nvme           1723125 Unknown N    -1         512       0.096
04:11:55.829 nvme           1723177 Unknown N    -1         512       0.029
04:11:55.831 jbd2/nv        752     nvme1n1 WSM  877903016  114688    0.145
04:11:55.831 jbd2/nv        752     nvme1n1 WSM  877903240  4096      0.032
04:11:56.832 nvme           1723178 Unknown N    -1         512       0.030
04:11:57.216 kworker        1720486 nvme1n1 WM   0          4096      0.109
04:11:57.216 kworker        1720486 nvme1n1 WM   288        4096      0.113
04:11:57.216 kworker        1720486 nvme1n1 WM   736        8192      0.114
04:11:57.216 kworker        1720486 nvme1n1 WM   776        8192      0.116
04:11:57.216 kworker        1720486 nvme1n1 WM   583015744  4096      0.122
04:11:57.216 kworker        1720486 nvme1n1 WM   595591176  8192      0.125
04:11:57.216 kworker        1720486 nvme1n1 WM   599785480  4096      0.127
04:11:57.216 kworker        1720486 nvme1n1 WM   599785608  4096      0.127
04:11:57.216 kworker        1720486 nvme1n1 WM   599791048  4096      0.132
04:11:57.216 kworker        1720486 nvme1n1 WM   1485058520 4096      0.130
04:11:57.216 kworker        1720486 nvme1n1 WM   1493844928 4096      0.132
04:11:57.216 kworker        1720486 nvme1n1 WM   1530921080 4096      0.133
04:11:57.216 kworker        1720486 nvme1n1 WM   1541288432 4096      0.135
04:11:57.216 kworker        1720486 nvme1n1 WM   1547698200 4096      0.136
04:11:57.216 kworker        1720486 nvme1n1 WM   599791064  131072    0.213
04:11:57.216 kworker        1720486 nvme1n1 WM   599791320  16384     0.229
04:11:57.216 kworker        1720486 nvme1n1 WM   1548632752 8192      0.065
04:11:57.216 kworker        1720486 nvme1n1 WM   1548632896 4096      0.067
04:11:57.216 kworker        1720486 nvme1n1 WM   1548633136 8192      0.071
04:11:57.216 kworker        1720486 nvme1n1 WM   1548633168 8192      0.072
04:11:57.216 kworker        1720486 nvme1n1 WM   1548633504 8192      0.081
04:11:57.216 kworker        1720486 nvme1n1 WM   1548633760 4096      0.087
04:11:57.216 kworker        1720486 nvme1n1 WM   1551892536 4096      0.088
04:11:57.216 kworker        1720486 nvme1n1 WM   1623195704 4096      0.092
04:11:57.216 kworker        1720486 nvme1n1 WM   1635778672 4096      0.093
04:11:57.216 kworker        1720486 nvme1n1 WM   1756866944 8192      0.098
04:11:57.216 kworker        1720486 nvme1n1 WM   1756912096 4096      0.100
04:11:57.834 nvme           1723179 Unknown N    -1         512       0.029
04:11:58.836 nvme           1723180 Unknown N    -1         512       0.026
04:11:59.838 nvme           1723181 Unknown N    -1         512       0.029
04:12:00.840 nvme           1723182 Unknown N    -1         512       0.025
04:12:01.312 kworker        1720486 nvme1n1 W    1625054432 4096      0.053
04:12:01.842 nvme           1723183 Unknown N    -1         512       0.028
04:12:02.064 jbd2/nv        752     nvme1n1 WSM  877903248  8192      0.054
04:12:02.064 jbd2/nv        752     nvme1n1 WSM  877903264  4096      0.029
04:12:02.337 kworker        1720486 nvme1n1 W    1639456640 8192      0.103
04:12:02.337 kworker        1720486 nvme1n1 W    600088648  102400    0.157
04:12:02.337 kworker        1720486 nvme1n1 W    1553938136 131072    0.241
04:12:02.337 kworker        1720486 nvme1n1 W    1553938392 61440     0.276
04:12:02.337 kworker        1720486 nvme1n1 W    600088848  32768     0.296
04:12:02.337 kworker        1720486 nvme1n1 W    1553938512 131072    0.372
04:12:02.337 kworker        1720486 nvme1n1 W    1553938768 90112     0.425
04:12:02.337 kworker        1720486 nvme1n1 W    1535028896 77824     0.476
04:12:02.337 kworker        1720486 nvme1n1 W    600088912  45056     0.295
04:12:02.844 nvme           1723184 Unknown N    -1         512       0.030
04:12:03.847 nvme           1723185 Unknown N    -1         512       0.027
04:12:04.834 amoprof        1271097 nvme1n1 W    595893600  4096      0.060
