TIMESTAMP    COMM           PID     DISK    T    SECTOR     BYTES   LAT(ms)
06:47:51.639 jbd2/nv        752     nvme1n1 WSM  877264520  131072    0.177
06:47:51.639 jbd2/nv        752     nvme1n1 WSM  877264776  131072    0.214
06:47:51.639 jbd2/nv        752     nvme1n1 WSM  877265032  24576     0.216
06:47:51.639 jbd2/nv        752     nvme1n1 WSM  877265080  4096      0.029
06:47:51.780 nvme           1963937 Unknown N    -1         512       0.036
06:47:52.397 ib_log_        125941  nvme1n1 WS   1755989704 4096      0.052
06:47:52.397 ib_log_        125941  nvme1n1 WS   1755989712 8192      0.042
06:47:52.397 jbd2/nv        752     nvme1n1 WSM  877265088  53248     0.081
06:47:52.397 jbd2/nv        752     nvme1n1 WSM  877265192  4096      0.030
06:47:52.634 ib_pg_f        125941  nvme1n1 WS   1740075008 131072    0.175
06:47:52.634 ib_pg_f        125941  nvme1n1 WS   1740075264 131072    0.235
06:47:52.634 ib_pg_f        125941  nvme1n1 WS   1740075520 131072    0.314
06:47:52.634 ib_pg_f        125941  nvme1n1 WS   1740075776 131072    0.390
06:47:52.634 ib_pg_f        125941  nvme1n1 WS   1740076032 131072    0.465
06:47:52.634 ib_pg_f        125941  nvme1n1 WS   1740076288 65536     0.505
06:47:52.634 ib_pg_f        125941  nvme1n1 WS   1756477408 16384     0.044
06:47:52.634 ib_pg_f        125941  nvme1n1 WS   1756417952 16384     0.061
06:47:52.634 ib_pg_f        125941  nvme1n1 WS   1756476736 16384     0.065
06:47:52.634 ib_pg_f        125941  nvme1n1 WS   1756417984 16384     0.073
06:47:52.634 ib_pg_f        125941  nvme1n1 WS   1756476768 16384     0.079
06:47:52.634 ib_pg_f        125941  nvme1n1 WS   1756418016 16384     0.087
06:47:52.634 ib_pg_f        125941  nvme1n1 WS   1756473152 16384     0.084
06:47:52.634 ib_pg_f        125941  nvme1n1 WS   1756418048 16384     0.088
06:47:52.634 ib_pg_f        125941  nvme1n1 WS   1756473184 16384     0.093
06:47:52.634 ib_pg_f        125941  nvme1n1 WS   1756418080 16384     0.098
06:47:52.634 ib_pg_f        125941  nvme1n1 WS   1756473280 16384     0.099
06:47:52.634 ib_pg_f        125941  nvme1n1 WS   1756418176 16384     0.099
06:47:52.634 ib_pg_f        125941  nvme1n1 WS   1756420256 16384     0.104
06:47:52.634 ib_pg_f        125941  nvme1n1 WS   1756418240 16384     0.108
06:47:52.634 ib_pg_f        125941  nvme1n1 WS   1756475392 16384     0.107
06:47:52.635 ib_pg_f        125941  nvme1n1 WS   1756418272 16384     0.114
06:47:52.635 ib_pg_f        125941  nvme1n1 WS   1756477280 16384     0.095
06:47:52.635 ib_pg_f        125941  nvme1n1 WS   1756418304 16384     0.104
06:47:52.635 ib_pg_f        125941  nvme1n1 WS   1756475488 16384     0.099
06:47:52.635 ib_pg_f        125941  nvme1n1 WS   1756418496 16384     0.106
06:47:52.635 ib_pg_f        125941  nvme1n1 WS   1756478208 16384     0.110
06:47:52.635 ib_pg_f        125941  nvme1n1 WS   1756418528 16384     0.101
06:47:52.635 ib_pg_f        125941  nvme1n1 WS   1532135168 16384     0.098
06:47:52.635 ib_pg_f        125941  nvme1n1 WS   32780160   16384     0.103
06:47:52.635 ib_pg_f        125941  nvme1n1 WS   1532136576 16384     0.109
06:47:52.635 ib_pg_f        125941  nvme1n1 WS   32780192   16384     0.117
06:47:52.635 ib_pg_f        125941  nvme1n1 WS   1532137600 16384     0.112
06:47:52.635 ib_pg_f        125941  nvme1n1 WS   32780224   16384     0.113
06:47:52.635 ib_pg_f        125941  nvme1n1 WS   1532135296 16384     0.115
06:47:52.635 ib_pg_f        125941  nvme1n1 WS   32780416   16384     0.125
06:47:52.635 ib_pg_f        125941  nvme1n1 WS   1532137216 16384     0.131
06:47:52.635 ib_pg_f        125941  nvme1n1 WS   32780448   16384     0.126
06:47:52.635 ib_pg_f        125941  nvme1n1 WS   1532137408 16384     0.129
06:47:52.635 ib_pg_f        125941  nvme1n1 WS   32780480   16384     0.133
06:47:52.635 ib_pg_f        125941  nvme1n1 WS   1532137440 16384     0.136
06:47:52.635 ib_pg_f        125941  nvme1n1 WS   32780512   16384     0.136
06:47:52.635 ib_pg_f        125941  nvme1n1 WS   1532136672 16384     0.140
06:47:52.635 ib_pg_f        125941  nvme1n1 WS   32780544   16384     0.120
06:47:52.635 ib_pg_f        125941  nvme1n1 WS   1532137632 16384     0.122
06:47:52.635 ib_pg_f        125941  nvme1n1 WS   32780576   16384     0.125
06:47:52.635 ib_pg_f        125941  nvme1n1 WS   1532135328 16384     0.128
06:47:52.635 ib_pg_f        125941  nvme1n1 WS   32780608   16384     0.131
06:47:52.635 ib_pg_f        125941  nvme1n1 WS   1532135392 16384     0.134
06:47:52.635 ib_pg_f        125941  nvme1n1 WS   32780704   16384     0.137
06:47:52.783 nvme           1963999 Unknown N    -1         512       0.075
06:47:53.547 ib_log_        125941  nvme1n1 WS   1755987968 4096      0.056
06:47:53.785 nvme           1964013 Unknown N    -1         512       0.075
06:47:54.016 kworker        1958706 nvme1n1 W    1563142328 32768     0.078
06:47:54.383 ib_log_        125934  nvme1n1 WS   21246400   4096      0.054
06:47:54.678 ib_pg_f        125934  nvme1n1 WS   1737244672 131072    0.186
06:47:54.678 ib_pg_f        125934  nvme1n1 WS   1737244928 131072    0.248
06:47:54.679 ib_pg_f        125934  nvme1n1 WS   1737245184 131072    0.327
06:47:54.679 ib_pg_f        125934  nvme1n1 WS   1737245440 131072    0.402
06:47:54.679 ib_pg_f        125934  nvme1n1 WS   1737245696 131072    0.480
06:47:54.679 ib_pg_f        125934  nvme1n1 WS   1737245952 131072    0.557
06:47:54.679 ib_pg_f        125934  nvme1n1 WS   1737246208 131072    0.636
06:47:54.679 ib_pg_f        125934  nvme1n1 WS   1730411328 16384     0.053
06:47:54.679 ib_pg_f        125934  nvme1n1 WS   1556367680 16384     0.061
06:47:54.679 ib_pg_f        125934  nvme1n1 WS   1730409696 16384     0.068
06:47:54.679 ib_pg_f        125934  nvme1n1 WS   1556367712 16384     0.076
06:47:54.679 ib_pg_f        125934  nvme1n1 WS   1730409760 16384     0.081
06:47:54.679 ib_pg_f        125934  nvme1n1 WS   1556367808 16384     0.086
06:47:54.679 ib_pg_f        125934  nvme1n1 WS   1730411008 16384     0.094
06:47:54.679 ib_pg_f        125934  nvme1n1 WS   1556367872 16384     0.096
06:47:54.679 ib_pg_f        125934  nvme1n1 WS   1730408704 16384     0.106
06:47:54.679 ib_pg_f        125934  nvme1n1 WS   1556367904 16384     0.108
06:47:54.679 ib_pg_f        125934  nvme1n1 WS   1730411040 16384     0.104
06:47:54.679 ib_pg_f        125934  nvme1n1 WS   1556367936 16384     0.120
06:47:54.679 ib_pg_f        125934  nvme1n1 WS   1730411360 16384     0.105
06:47:54.679 ib_pg_f        125934  nvme1n1 WS   1556368160 16384     0.097
06:47:54.679 ib_pg_f        125934  nvme1n1 WS   1730408864 16384     0.104
06:47:54.679 ib_pg_f        125934  nvme1n1 WS   1556368192 16384     0.121
06:47:54.679 ib_pg_f        125934  nvme1n1 WS   1730408832 16384     0.121
06:47:54.679 ib_pg_f        125934  nvme1n1 WS   1556368224 16384     0.115
06:47:54.679 ib_pg_f        125934  nvme1n1 WS   1730408896 16384     0.114
06:47:54.679 ib_pg_f        125934  nvme1n1 WS   1556368256 16384     0.119
06:47:54.679 ib_pg_f        125934  nvme1n1 WS   1730409824 16384     0.123
06:47:54.679 ib_pg_f        125934  nvme1n1 WS   1556368288 16384     0.127
06:47:54.679 ib_pg_f        125934  nvme1n1 WS   1730409856 16384     0.133
06:47:54.679 ib_pg_f        125934  nvme1n1 WS   1556368320 16384     0.141
06:47:54.679 ib_pg_f        125934  nvme1n1 WS   1730410528 16384     0.137
06:47:54.679 ib_pg_f        125934  nvme1n1 WS   1556368352 16384     0.141
06:47:54.679 ib_pg_f        125934  nvme1n1 WS   1730408928 16384     0.147
06:47:54.679 ib_pg_f        125934  nvme1n1 WS   1556368448 16384     0.142
06:47:54.679 ib_pg_f        125934  nvme1n1 WS   1756424192 16384     0.142
06:47:54.679 ib_pg_f        125934  nvme1n1 WS   1756479616 16384     0.140
06:47:54.679 ib_pg_f        125934  nvme1n1 WS   1756481568 16384     0.139
06:47:54.679 ib_pg_f        125934  nvme1n1 WS   1756426688 16384     0.146
06:47:54.679 ib_pg_f        125934  nvme1n1 WS   1756481536 16384     0.146
06:47:54.679 ib_pg_f        125934  nvme1n1 WS   1756426720 16384     0.163
06:47:54.679 ib_pg_f        125934  nvme1n1 WS   1756484064 16384     0.158
06:47:54.679 ib_pg_f        125934  nvme1n1 WS   1756426752 16384     0.152
06:47:54.679 ib_pg_f        125934  nvme1n1 WS   1756482688 16384     0.151
06:47:54.679 ib_pg_f        125934  nvme1n1 WS   1756426784 16384     0.161
06:47:54.679 ib_pg_f        125934  nvme1n1 WS   1756482720 16384     0.161
06:47:54.679 ib_pg_f        125934  nvme1n1 WS   1756426816 16384     0.168
06:47:54.679 ib_pg_f        125934  nvme1n1 WS   1756484512 16384     0.169
06:47:54.679 ib_pg_f        125934  nvme1n1 WS   1756426848 16384     0.174
06:47:54.679 ib_pg_f        125934  nvme1n1 WS   1756483552 16384     0.168
06:47:54.679 ib_pg_f        125934  nvme1n1 WS   1756426880 16384     0.166
06:47:54.679 ib_pg_f        125934  nvme1n1 WS   1756481664 16384     0.168
06:47:54.679 ib_pg_f        125934  nvme1n1 WS   1756426976 16384     0.169
06:47:54.679 ib_pg_f        125934  nvme1n1 WS   1756481728 16384     0.166
06:47:54.679 ib_pg_f        125934  nvme1n1 WS   1756427072 16384     0.168
06:47:54.679 ib_pg_f        125934  nvme1n1 WS   1756481760 16384     0.171
06:47:54.679 ib_pg_f        125934  nvme1n1 WS   1756427104 16384     0.175
06:47:54.679 ib_pg_f        125934  nvme1n1 WS   1756484544 16384     0.160
06:47:54.679 ib_pg_f        125934  nvme1n1 WS   1756427136 16384     0.164
06:47:54.679 ib_pg_f        125934  nvme1n1 WS   1756483904 16384     0.167
06:47:54.679 ib_pg_f        125934  nvme1n1 WS   1756427328 16384     0.169
06:47:54.680 ib_pg_f        125934  nvme1n1 WS   1756481920 16384     0.169
06:47:54.680 ib_pg_f        125934  nvme1n1 WS   1756427360 16384     0.164
06:47:54.788 nvme           1964023 Unknown N    -1         512       0.034
06:47:55.523 ib_log_        125934  nvme1n1 WS   21242704   4096      0.054
06:47:55.790 nvme           1964033 Unknown N    -1         512       0.040
06:47:56.303 python3        1784368 nvme1n1 WS   1602109440 131072    0.212
06:47:56.303 python3        1784368 nvme1n1 WS   1602109696 131072    0.261
06:47:56.303 python3        1784368 nvme1n1 WS   1602109952 131072    0.336
06:47:56.303 python3        1784368 nvme1n1 WS   1602110208 131072    0.431
06:47:56.304 python3        1784368 nvme1n1 WS   1602110464 131072    0.506
06:47:56.304 python3        1784368 nvme1n1 WS   1602110720 131072    0.601
06:47:56.304 python3        1784368 nvme1n1 WS   1602110976 131072    0.660
06:47:56.304 python3        1784368 nvme1n1 WS   1602111232 131072    0.754
06:47:56.304 python3        1784368 nvme1n1 WS   1602111488 131072    0.808
06:47:56.304 python3        1784368 nvme1n1 WS   1602111744 131072    0.878
06:47:56.304 python3        1784366 nvme1n1 WS   1602113536 131072    0.969
06:47:56.304 python3        1784368 nvme1n1 WS   1602112000 131072    1.050
06:47:56.304 python3        1784368 nvme1n1 WS   1602112256 131072    1.121
06:47:56.304 python3        1784368 nvme1n1 WS   1602112512 131072    1.206
06:47:56.304 python3        1784366 nvme1n1 WS   1602113792 131072    1.285
06:47:56.304 python3        1784366 nvme1n1 WS   1602114048 131072    1.365
06:47:56.305 python3        1784366 nvme1n1 WS   1602114304 131072    1.455
06:47:56.305 python3        1784366 nvme1n1 WS   1602114560 131072    1.525
06:47:56.305 python3        1784366 nvme1n1 WS   1602114816 131072    1.607
06:47:56.305 python3        1784366 nvme1n1 WS   1602115072 131072    1.687
06:47:56.305 python3        1784368 nvme1n1 WS   1602112768 131072    1.782
06:47:56.305 python3        1784368 nvme1n1 WS   1602113024 131072    1.861
06:47:56.305 python3        1784368 nvme1n1 WS   1602113280 131072    1.928
06:47:56.305 python3        1784368 nvme1n1 WS   1602117632 131072    2.010
06:47:56.305 python3        1784368 nvme1n1 WS   1602117888 131072    2.089
06:47:56.305 python3        1784366 nvme1n1 WS   1602115328 131072    2.158
06:47:56.305 python3        1784366 nvme1n1 WS   1602115584 131072    2.235
06:47:56.305 python3        1784366 nvme1n1 WS   1602115840 131072    2.309
06:47:56.305 python3        1784366 nvme1n1 WS   1602116096 131072    2.385
06:47:56.306 python3        1784366 nvme1n1 WS   1602116352 131072    2.459
06:47:56.306 python3        1784366 nvme1n1 WS   1602116608 131072    2.534
06:47:56.306 python3        1784366 nvme1n1 WS   1602116864 131072    2.614
06:47:56.306 python3        1784366 nvme1n1 WS   1602117120 131072    2.685
06:47:56.306 python3        1784366 nvme1n1 WS   1602117376 131072    2.747
06:47:56.306 python3        1784366 nvme1n1 WS   1602121728 131072    2.827
06:47:56.306 python3        1784366 nvme1n1 WS   1602121984 131072    2.901
06:47:56.306 python3        1784369 nvme1n1 WS   1602125824 131072    2.893
06:47:56.306 python3        1784369 nvme1n1 WS   1602126080 131072    2.957
06:47:56.306 python3        1784369 nvme1n1 WS   1602126336 131072    3.035
06:47:56.306 python3        1784369 nvme1n1 WS   1602126592 131072    3.113
06:47:56.306 python3        1784369 nvme1n1 WS   1602126848 131072    3.186
06:47:56.307 python3        1784369 nvme1n1 WS   1602127104 131072    3.265
06:47:56.307 python3        1784369 nvme1n1 WS   1602127360 131072    3.340
06:47:56.307 python3        1784369 nvme1n1 WS   1602127616 131072    3.390
06:47:56.307 python3        1784369 nvme1n1 WS   1602127872 131072    3.469
06:47:56.307 python3        1784369 nvme1n1 WS   1602128128 131072    3.543
06:47:56.307 python3        1784369 nvme1n1 WS   1602128384 131072    3.616
06:47:56.307 python3        1784369 nvme1n1 WS   1602128640 131072    3.691
06:47:56.307 python3        1784369 nvme1n1 WS   1602128896 131072    3.767
06:47:56.307 python3        1784369 nvme1n1 WS   1602129152 131072    3.842
06:47:56.307 python3        1784369 nvme1n1 WS   1602129408 131072    3.918
06:47:56.307 python3        1784369 nvme1n1 WS   1602129664 131072    3.986
06:47:56.307 python3        1784369 nvme1n1 WS   1602129920 131072    4.065
06:47:56.307 python3        1784369 nvme1n1 WS   1602130176 131072    4.143
06:47:56.308 python3        1784368 nvme1n1 WS   1664677888 131072    4.177
06:47:56.308 python3        1784368 nvme1n1 WS   1664678144 131072    4.245
06:47:56.308 python3        1784368 nvme1n1 WS   1664678400 131072    4.326
06:47:56.308 python3        1784368 nvme1n1 WS   1664678656 131072    4.402
06:47:56.308 python3        1784368 nvme1n1 WS   1664678912 131072    4.481
06:47:56.308 python3        1784368 nvme1n1 WS   1664679168 131072    4.560
06:47:56.308 python3        1784368 nvme1n1 WS   1664679424 131072    4.639
06:47:56.308 python3        1784368 nvme1n1 WS   1664679680 77824     4.683
06:47:56.308 python3        1784367 nvme1n1 WS   1602134016 131072    4.789
06:47:56.308 python3        1784367 nvme1n1 WS   1602134272 131072    4.861
06:47:56.308 python3        1784367 nvme1n1 WS   1602134528 131072    4.943
06:47:56.308 python3        1784367 nvme1n1 WS   1602134784 131072    5.021
06:47:56.308 python3        1784367 nvme1n1 WS   1602135040 131072    5.098
06:47:56.309 python3        1784367 nvme1n1 WS   1602135296 131072    5.179
06:47:56.309 python3        1784367 nvme1n1 WS   1602135552 131072    5.252
06:47:56.309 python3        1784366 nvme1n1 WS   1602138112 131072    5.344
06:47:56.309 python3        1784366 nvme1n1 WS   1602138368 131072    5.415
06:47:56.309 python3        1784368 nvme1n1 WS   65527808   131072    5.499
06:47:56.309 python3        1784366 nvme1n1 WS   1602138624 131072    5.576
06:47:56.309 python3        1784366 nvme1n1 WS   1602138880 131072    5.646
06:47:56.309 python3        1784366 nvme1n1 WS   1602139136 131072    5.726
06:47:56.309 python3        1784366 nvme1n1 WS   1602139392 131072    5.804
06:47:56.309 python3        1784366 nvme1n1 WS   1602139648 131072    5.880
06:47:56.309 python3        1784366 nvme1n1 WS   1602139904 131072    5.944
06:47:56.309 python3        1784366 nvme1n1 WS   1602140160 131072    6.018
06:47:56.310 python3        1784366 nvme1n1 WS   1602140416 131072    6.094
06:47:56.310 python3        1784366 nvme1n1 WS   1602140672 131072    6.173
06:47:56.310 python3        1784366 nvme1n1 WS   1602140928 131072    6.254
06:47:56.310 python3        1784366 nvme1n1 WS   1602141184 131072    6.329
06:47:56.310 python3        1784366 nvme1n1 WS   1602141440 131072    6.404
06:47:56.310 python3        1784368 nvme1n1 WS   65528064   131072    6.532
06:47:56.310 python3        1784368 nvme1n1 WS   65528320   131072    6.604
06:47:56.310 python3        1784368 nvme1n1 WS   65528576   131072    6.713
06:47:56.310 python3        1784368 nvme1n1 WS   65528832   131072    6.788
06:47:56.310 python3        1784368 nvme1n1 WS   65529088   131072    6.866
06:47:56.310 python3        1784368 nvme1n1 WS   65529344   131072    6.940
06:47:56.311 python3        1784367 nvme1n1 WS   1602135808 131072    7.094
06:47:56.311 python3        1784367 nvme1n1 WS   1602136064 131072    7.109
06:47:56.311 python3        1784367 nvme1n1 WS   1602136320 131072    7.184
06:47:56.311 python3        1784367 nvme1n1 WS   1602136576 131072    7.264
06:47:56.311 python3        1784367 nvme1n1 WS   1602136832 131072    7.345
06:47:56.311 python3        1784367 nvme1n1 WS   1602137088 131072    7.419
06:47:56.311 python3        1784367 nvme1n1 WS   1602137344 131072    7.495
06:47:56.311 python3        1784367 nvme1n1 WS   1602137600 131072    7.576
06:47:56.311 python3        1784367 nvme1n1 WS   65531904   131072    7.664
06:47:56.311 python3        1784367 nvme1n1 WS   65532160   131072    7.734
06:47:56.311 python3        1784367 nvme1n1 WS   65532416   131072    7.811
06:47:56.311 python3        1784367 nvme1n1 WS   65532672   131072    7.888
06:47:56.311 python3        1784367 nvme1n1 WS   1602137856 131072    7.969
06:47:56.311 python3        1784367 nvme1n1 WS   1602142208 131072    8.046
06:47:56.312 python3        1784367 nvme1n1 WS   1602142464 131072    8.127
06:47:56.312 python3        1784366 nvme1n1 WS   1602141696 131072    8.213
06:47:56.312 python3        1784366 nvme1n1 WS   1602141952 131072    8.281
06:47:56.312 python3        1784366 nvme1n1 WS   1602146304 131072    8.361
06:47:56.312 python3        1784366 nvme1n1 WS   1602146560 131072    8.438
06:47:56.312 python3        1784367 nvme1n1 WS   65532928   131072    8.539
06:47:56.312 python3        1784367 nvme1n1 WS   65533184   131072    8.615
06:47:56.312 python3        1784367 nvme1n1 WS   65533440   131072    8.691
06:47:56.312 python3        1784367 nvme1n1 WS   65533696   131072    8.745
06:47:56.312 python3        1784367 nvme1n1 WS   65533952   131072    8.821
06:47:56.312 python3        1784367 nvme1n1 WS   65534208   131072    8.893
06:47:56.312 python3        1784368 nvme1n1 WS   65529600   131072    9.008
06:47:56.313 python3        1784368 nvme1n1 WS   65529856   131072    9.085
06:47:56.313 python3        1784368 nvme1n1 WS   65530112   131072    9.159
06:47:56.313 python3        1784368 nvme1n1 WS   65530368   131072    9.236
06:47:56.313 python3        1784368 nvme1n1 WS   65530624   131072    9.311
06:47:56.313 python3        1784368 nvme1n1 WS   65530880   131072    9.385
06:47:56.313 python3        1784368 nvme1n1 WS   65531136   131072    9.462
06:47:56.313 python3        1784368 nvme1n1 WS   65531392   131072    9.542
06:47:56.313 python3        1784367 nvme1n1 WS   1622956032 131072    9.751
06:47:56.313 python3        1784367 nvme1n1 WS   1622956288 131072    9.752
06:47:56.313 python3        1784367 nvme1n1 WS   1622956544 131072    9.806
06:47:56.313 python3        1784367 nvme1n1 WS   1622956800 131072    9.882
06:47:56.313 python3        1784367 nvme1n1 WS   1622957056 131072    9.959
06:47:56.313 python3        1784367 nvme1n1 WS   1622957312 131072   10.041
06:47:56.314 python3        1784367 nvme1n1 WS   1622957568 131072   10.120
06:47:56.314 python3        1784367 nvme1n1 WS   1622957824 77824    10.165
06:47:56.314 python3        1784367 nvme1n1 WS   65534464   131072   10.229
06:47:56.314 python3        1784367 nvme1n1 WS   65534720   131072   10.307
06:47:56.314 python3        1784367 nvme1n1 WS   65534976   131072   10.385
06:47:56.314 python3        1784367 nvme1n1 WS   65535232   131072   10.463
06:47:56.314 python3        1784367 nvme1n1 WS   65535488   131072   10.542
06:47:56.314 python3        1784366 nvme1n1 WS   1601701888 131072   10.631
06:47:56.314 python3        1784366 nvme1n1 WS   1601702144 131072   10.708
06:47:56.314 python3        1784368 nvme1n1 WS   65531648   131072   10.781
06:47:56.314 python3        1784366 nvme1n1 WS   1601702400 131072   10.862
06:47:56.314 python3        1784368 nvme1n1 WS   65544192   131072   10.939
06:47:56.315 python3        1784366 nvme1n1 WS   1601702656 131072   11.020
06:47:56.315 python3        1784368 nvme1n1 WS   65544448   131072   11.099
06:47:56.315 python3        1784366 nvme1n1 WS   1601702912 131072   11.181
06:47:56.315 python3        1784369 nvme1n1 WS   1602150400 131072   11.279
06:47:56.315 python3        1784369 nvme1n1 WS   1602150656 131072   11.349
06:47:56.315 python3        1784369 nvme1n1 WS   1602150912 131072   11.425
06:47:56.315 python3        1784366 nvme1n1 WS   1601703168 131072   11.502
06:47:56.315 python3        1784366 nvme1n1 WS   1601703424 131072   11.599
06:47:56.315 python3        1784366 nvme1n1 WS   1601703680 77824    11.645
06:47:56.315 python3        1784369 nvme1n1 WS   1602151168 131072   11.730
06:47:56.315 python3        1784369 nvme1n1 WS   1602151424 131072   11.807
06:47:56.315 python3        1784369 nvme1n1 WS   1602151680 131072   11.884
06:47:56.315 python3        1784369 nvme1n1 WS   1602151936 131072   11.964
06:47:56.316 python3        1784367 nvme1n1 WS   65535744   131072   12.050
06:47:56.316 python3        1784367 nvme1n1 WS   65548288   131072   12.131
06:47:56.316 python3        1784367 nvme1n1 WS   65548544   131072   12.210
06:47:56.316 python3        1784369 nvme1n1 WS   1622964224 131072   12.307
06:47:56.316 python3        1784369 nvme1n1 WS   1622964480 131072   12.381
06:47:56.316 python3        1784369 nvme1n1 WS   1622964736 131072   12.456
06:47:56.316 python3        1784369 nvme1n1 WS   1622964992 131072   12.530
06:47:56.316 python3        1784369 nvme1n1 WS   1622965248 131072   12.608
06:47:56.316 python3        1784369 nvme1n1 WS   1622965504 131072   12.683
06:47:56.316 python3        1784369 nvme1n1 WS   1622965760 131072   12.759
06:47:56.316 python3        1784369 nvme1n1 WS   1622966016 77824    12.804
06:47:56.316 python3        1784369 nvme1n1 WS   1602152192 131072   12.877
06:47:56.317 python3        1784369 nvme1n1 WS   1602152448 131072   12.953
06:47:56.317 python3        1784369 nvme1n1 WS   1602152704 131072   13.025
06:47:56.317 python3        1784369 nvme1n1 WS   1602152960 131072   13.102
06:47:56.317 python3        1784369 nvme1n1 WS   1602153216 131072   13.179
06:47:56.317 python3        1784369 nvme1n1 WS   1602153472 131072   13.253
06:47:56.317 python3        1784369 nvme1n1 WS   1602153728 131072   13.331
06:47:56.317 python3        1784369 nvme1n1 WS   1602153984 131072   13.410
06:47:56.317 python3        1784369 nvme1n1 WS   1602154240 131072   13.467
06:47:56.317 python3        1784369 nvme1n1 WS   1602154496 131072   13.546
06:47:56.317 python3        1784369 nvme1n1 WS   1602154752 131072   13.628
06:47:56.788 ib_log_        125924  nvme1n1 WS   1738281456 4096      0.055
06:47:56.793 nvme           1964037 Unknown N    -1         512       0.084
06:47:57.638 ib_pg_f        125924  nvme1n1 WS   1740054528 131072    0.172
06:47:57.638 ib_pg_f        125924  nvme1n1 WS   1740054784 131072    0.237
06:47:57.638 ib_pg_f        125924  nvme1n1 WS   1740055040 131072    0.317
06:47:57.638 ib_pg_f        125924  nvme1n1 WS   1740055296 131072    0.393
06:47:57.638 ib_pg_f        125924  nvme1n1 WS   1740055552 131072    0.471
06:47:57.638 ib_pg_f        125924  nvme1n1 WS   1740055808 114688    0.538
06:47:57.638 jbd2/nv        752     nvme1n1 WSM  877265200  131072    0.585
06:47:57.638 jbd2/nv        752     nvme1n1 WSM  877265456  32768     0.593
06:47:57.638 ib_pg_f        125924  nvme1n1 WS   1740414272 16384     0.092
06:47:57.638 ib_pg_f        125924  nvme1n1 WS   1740077600 16384     0.089
06:47:57.638 ib_pg_f        125924  nvme1n1 WS   1740414816 16384     0.097
06:47:57.638 ib_pg_f        125924  nvme1n1 WS   1740077632 16384     0.092
06:47:57.638 ib_pg_f        125924  nvme1n1 WS   1740414304 16384     0.099
06:47:57.638 ib_pg_f        125924  nvme1n1 WS   1740077664 16384     0.115
06:47:57.638 ib_pg_f        125924  nvme1n1 WS   1740413504 16384     0.110
06:47:57.638 ib_pg_f        125924  nvme1n1 WS   1740077856 16384     0.115
06:47:57.638 ib_pg_f        125924  nvme1n1 WS   1740413440 16384     0.124
06:47:57.638 ib_pg_f        125924  nvme1n1 WS   1740077888 16384     0.119
06:47:57.638 ib_pg_f        125924  nvme1n1 WS   1740412320 16384     0.127
06:47:57.638 ib_pg_f        125924  nvme1n1 WS   1740077920 16384     0.136
06:47:57.638 jbd2/nv        752     nvme1n1 WSM  877265520  4096      0.101
06:47:57.639 ib_pg_f        125924  nvme1n1 WS   1740412352 16384     0.139
06:47:57.639 ib_pg_f        125924  nvme1n1 WS   1740077952 16384     0.148
06:47:57.639 ib_pg_f        125924  nvme1n1 WS   1740411360 16384     0.166
06:47:57.639 ib_pg_f        125924  nvme1n1 WS   1740077984 16384     0.153
06:47:57.639 ib_pg_f        125924  nvme1n1 WS   1740412032 16384     0.151
06:47:57.639 ib_pg_f        125924  nvme1n1 WS   1740078016 16384     0.148
06:47:57.639 ib_pg_f        125924  nvme1n1 WS   1740412096 16384     0.156
06:47:57.639 ib_pg_f        125924  nvme1n1 WS   1740078048 16384     0.158
06:47:57.639 ib_pg_f        125924  nvme1n1 WS   1740412896 16384     0.167
06:47:57.639 ib_pg_f        125924  nvme1n1 WS   1740078144 16384     0.155
06:47:57.639 ib_pg_f        125924  nvme1n1 WS   1755202400 16384     0.151
06:47:57.639 ib_pg_f        125924  nvme1n1 WS   1755159072 16384     0.154
06:47:57.639 ib_pg_f        125924  nvme1n1 WS   1755207168 16384     0.156
06:47:57.639 ib_pg_f        125924  nvme1n1 WS   1755159104 16384     0.164
06:47:57.639 ib_pg_f        125924  nvme1n1 WS   1755205984 16384     0.166
06:47:57.639 ib_pg_f        125924  nvme1n1 WS   1755159136 16384     0.157
06:47:57.639 ib_pg_f        125924  nvme1n1 WS   1755207648 16384     0.165
06:47:57.639 ib_pg_f        125924  nvme1n1 WS   1755159168 16384     0.166
06:47:57.639 ib_pg_f        125924  nvme1n1 WS   1755206368 16384     0.174
06:47:57.639 ib_pg_f        125924  nvme1n1 WS   1755159200 16384     0.170
06:47:57.639 ib_pg_f        125924  nvme1n1 WS   1755203328 16384     0.164
06:47:57.639 ib_pg_f        125924  nvme1n1 WS   1755159296 16384     0.164
06:47:57.639 ib_pg_f        125924  nvme1n1 WS   1755205664 16384     0.168
06:47:57.639 ib_pg_f        125924  nvme1n1 WS   1755159360 16384     0.170
06:47:57.639 ib_pg_f        125924  nvme1n1 WS   1755207552 16384     0.169
06:47:57.639 ib_pg_f        125924  nvme1n1 WS   1755159392 16384     0.166
06:47:57.639 ib_pg_f        125924  nvme1n1 WS   1755202176 16384     0.177
06:47:57.639 ib_pg_f        125924  nvme1n1 WS   1755159424 16384     0.173
06:47:57.639 ib_pg_f        125924  nvme1n1 WS   1755158528 16384     0.171
06:47:57.639 ib_pg_f        125924  nvme1n1 WS   1755204416 16384     0.173
06:47:57.639 ib_pg_f        125924  nvme1n1 WS   1755205696 16384     0.181
06:47:57.639 ib_pg_f        125924  nvme1n1 WS   1755159616 16384     0.178
06:47:57.639 ib_pg_f        125924  nvme1n1 WS   1755201664 16384     0.178
06:47:57.639 ib_pg_f        125924  nvme1n1 WS   1755202784 16384     0.184
06:47:57.639 ib_pg_f        125924  nvme1n1 WS   1755159648 16384     0.183
06:47:57.685 ib_log_        125924  nvme1n1 WS   1738276864 4096      0.054
06:47:57.795 nvme           1964045 Unknown N    -1         512       0.036
06:47:58.086 python3        1784367 nvme1n1 WS   65552384   131072    0.173
06:47:58.086 python3        1784367 nvme1n1 WS   65552640   131072    0.237
06:47:58.086 python3        1784367 nvme1n1 WS   65552896   131072    0.323
06:47:58.086 python3        1784367 nvme1n1 WS   65553152   131072    0.416
06:47:58.086 python3        1784367 nvme1n1 WS   65553408   131072    0.497
06:47:58.086 python3        1784367 nvme1n1 WS   65553664   131072    0.603
06:47:58.087 python3        1784367 nvme1n1 WS   65553920   131072    0.655
06:47:58.087 python3        1784367 nvme1n1 WS   65554176   131072    0.701
06:47:58.087 python3        1784367 nvme1n1 WS   65554432   131072    0.785
06:47:58.087 python3        1784367 nvme1n1 WS   65554688   131072    0.865
06:47:58.087 python3        1784367 nvme1n1 WS   65554944   131072    0.942
06:47:58.087 python3        1784367 nvme1n1 WS   65555200   131072    1.024
06:47:58.087 python3        1784367 nvme1n1 WS   65555456   131072    1.105
06:47:58.087 python3        1784367 nvme1n1 WS   65555712   131072    1.187
06:47:58.087 python3        1784367 nvme1n1 WS   65555968   131072    1.265
06:47:58.087 python3        1784368 nvme1n1 WS   1602158592 131072    1.326
06:47:58.087 python3        1784368 nvme1n1 WS   1602158848 131072    1.406
06:47:58.087 python3        1784368 nvme1n1 WS   1602159104 131072    1.491
06:47:58.087 python3        1784367 nvme1n1 WS   65556224   131072    1.572
06:47:58.088 python3        1784367 nvme1n1 WS   65556480   131072    1.647
06:47:58.088 python3        1784367 nvme1n1 WS   65556736   131072    1.725
06:47:58.088 python3        1784368 nvme1n1 WS   1602159360 131072    1.812
06:47:58.088 python3        1784368 nvme1n1 WS   1602159616 131072    1.901
06:47:58.088 python3        1784368 nvme1n1 WS   1602159872 131072    1.968
06:47:58.088 python3        1784368 nvme1n1 WS   1602160128 131072    2.049
06:47:58.088 python3        1784368 nvme1n1 WS   1602160384 131072    2.089
06:47:58.088 python3        1784368 nvme1n1 WS   1602160640 131072    2.159
06:47:58.088 python3        1784368 nvme1n1 WS   1602160896 131072    2.230
06:47:58.088 python3        1784368 nvme1n1 WS   1602161152 131072    2.305
06:47:58.088 python3        1784368 nvme1n1 WS   1602161408 131072    2.379
06:47:58.088 python3        1784368 nvme1n1 WS   1602161664 131072    2.453
06:47:58.089 python3        1784368 nvme1n1 WS   1602161920 131072    2.526
06:47:58.089 python3        1784368 nvme1n1 WS   1602162176 131072    2.603
06:47:58.089 python3        1784368 nvme1n1 WS   1602162432 131072    2.666
06:47:58.089 python3        1784368 nvme1n1 WS   1602166784 131072    2.740
06:47:58.089 python3        1784368 nvme1n1 WS   1602167040 131072    2.817
06:47:58.089 python3        1784367 nvme1n1 WS   1602162688 131072    2.892
06:47:58.089 python3        1784367 nvme1n1 WS   1602162944 131072    2.962
06:47:58.089 python3        1784367 nvme1n1 WS   1602163200 131072    3.035
06:47:58.089 python3        1784367 nvme1n1 WS   1602163456 131072    3.110
06:47:58.089 python3        1784367 nvme1n1 WS   1602163712 131072    3.189
06:47:58.089 python3        1784367 nvme1n1 WS   1602163968 131072    3.260
06:47:58.089 python3        1784367 nvme1n1 WS   1602164224 131072    3.335
06:47:58.089 python3        1784367 nvme1n1 WS   1602164480 131072    3.394
06:47:58.090 python3        1784367 nvme1n1 WS   1602164736 131072    3.471
06:47:58.090 python3        1784367 nvme1n1 WS   1602164992 131072    3.549
06:47:58.090 python3        1784367 nvme1n1 WS   1602165248 131072    3.622
06:47:58.090 python3        1784367 nvme1n1 WS   1602165504 131072    3.697
06:47:58.090 python3        1784367 nvme1n1 WS   1602165760 131072    3.773
06:47:58.090 python3        1784367 nvme1n1 WS   1602166016 131072    3.848
06:47:58.090 python3        1784367 nvme1n1 WS   1602166272 131072    3.927
06:47:58.090 python3        1784367 nvme1n1 WS   1602166528 131072    3.986
06:47:58.090 python3        1784367 nvme1n1 WS   1602170880 131072    4.061
06:47:58.090 python3        1784367 nvme1n1 WS   1602171136 131072    4.137
06:47:58.090 python3        1784369 nvme1n1 WS   1602174976 131072    4.200
06:47:58.090 python3        1784369 nvme1n1 WS   1602175232 131072    4.264
06:47:58.090 python3        1784369 nvme1n1 WS   1602175488 131072    4.339
06:47:58.091 python3        1784369 nvme1n1 WS   1602175744 131072    4.414
06:47:58.091 python3        1784369 nvme1n1 WS   1602176000 131072    4.490
06:47:58.091 python3        1784369 nvme1n1 WS   1602176256 131072    4.572
06:47:58.091 python3        1784369 nvme1n1 WS   1602176512 131072    4.645
06:47:58.091 python3        1784369 nvme1n1 WS   1602176768 131072    4.703
06:47:58.091 python3        1784369 nvme1n1 WS   1602177024 131072    4.780
06:47:58.091 python3        1784369 nvme1n1 WS   1602177280 131072    4.856
06:47:58.091 python3        1784369 nvme1n1 WS   1602177536 131072    4.929
06:47:58.091 python3        1784369 nvme1n1 WS   1602177792 131072    5.003
06:47:58.091 python3        1784369 nvme1n1 WS   1602178048 131072    5.082
06:47:58.091 python3        1784369 nvme1n1 WS   1602178304 131072    5.156
06:47:58.091 python3        1784369 nvme1n1 WS   1602178560 131072    5.232
06:47:58.092 python3        1784369 nvme1n1 WS   1602179072 131072    5.336
06:47:58.092 python3        1784369 nvme1n1 WS   1602179328 131072    5.409
06:47:58.092 python3        1784369 nvme1n1 WS   1602179584 131072    5.483
06:47:58.092 python3        1784369 nvme1n1 WS   1602179840 131072    5.559
06:47:58.092 python3        1784369 nvme1n1 WS   1602180096 131072    5.632
06:47:58.092 python3        1784369 nvme1n1 WS   1602180352 131072    5.709
06:47:58.092 python3        1784369 nvme1n1 WS   1602180608 131072    5.785
06:47:58.092 python3        1784369 nvme1n1 WS   1602183168 131072    5.883
06:47:58.092 python3        1784369 nvme1n1 WS   1602183424 131072    5.949
06:47:58.092 python3        1784369 nvme1n1 WS   1602183680 131072    6.022
06:47:58.092 python3        1784369 nvme1n1 WS   1602183936 131072    6.097
06:47:58.092 python3        1784369 nvme1n1 WS   1602184192 131072    6.172
06:47:58.092 python3        1784369 nvme1n1 WS   1602184448 131072    6.246
06:47:58.093 python3        1784369 nvme1n1 WS   1602184704 131072    6.319
06:47:58.093 python3        1784369 nvme1n1 WS   1602184960 131072    6.379
06:47:58.093 python3        1784369 nvme1n1 WS   1602185216 131072    6.458
06:47:58.093 python3        1784369 nvme1n1 WS   1602185472 131072    6.533
06:47:58.093 python3        1784369 nvme1n1 WS   1602185728 131072    6.609
06:47:58.093 python3        1784369 nvme1n1 WS   1602185984 131072    6.720
06:47:58.093 python3        1784369 nvme1n1 WS   1602186240 131072    6.797
06:47:58.093 python3        1784369 nvme1n1 WS   1602186496 131072    6.873
06:47:58.093 python3        1784369 nvme1n1 WS   1602186752 131072    6.948
06:47:58.093 python3        1784369 nvme1n1 WS   1602178816 131072    7.120
06:47:58.093 python3        1784369 nvme1n1 WS   1602187264 131072    7.142
06:47:58.093 python3        1784369 nvme1n1 WS   1602187520 131072    7.220
06:47:58.094 python3        1784369 nvme1n1 WS   1602180864 131072    7.293
06:47:58.094 python3        1784369 nvme1n1 WS   1602181120 131072    7.369
06:47:58.094 python3        1784369 nvme1n1 WS   1602181376 131072    7.448
06:47:58.094 python3        1784369 nvme1n1 WS   1602181632 131072    7.554
06:47:58.094 python3        1784369 nvme1n1 WS   1602181888 131072    7.677
06:47:58.094 python3        1784369 nvme1n1 WS   1602182144 131072    7.803
06:47:58.094 python3        1784369 nvme1n1 WS   1602182400 131072    7.928
06:47:58.094 python3        1784369 nvme1n1 WS   1602182656 131072    8.053
06:47:58.094 python3        1784369 nvme1n1 WS   1602182912 131072    8.154
06:47:58.095 python3        1784369 nvme1n1 WS   1602502656 77824     8.238
06:47:58.095 python3        1784369 nvme1n1 WS   1602187008 131072    8.405
06:47:58.095 python3        1784369 nvme1n1 WS   1602195456 131072    8.547
06:47:58.095 python3        1784369 nvme1n1 WS   1602195712 131072    8.691
06:47:58.095 python3        1784368 nvme1n1 WS   1602191360 131072    8.833
06:47:58.095 python3        1784368 nvme1n1 WS   1602191616 131072    8.975
06:47:58.095 python3        1784368 nvme1n1 WS   1602191872 131072    9.109
06:47:58.096 python3        1784368 nvme1n1 WS   1602192128 131072    9.251
06:47:58.096 python3        1784368 nvme1n1 WS   1602192384 131072    9.391
06:47:58.096 python3        1784368 nvme1n1 WS   1602192640 131072    9.531
06:47:58.096 python3        1784368 nvme1n1 WS   1602192896 131072    9.674
06:47:58.096 python3        1784368 nvme1n1 WS   1602199552 131072    9.832
06:47:58.096 python3        1784368 nvme1n1 WS   1602199808 131072    9.969
06:47:58.096 python3        1784368 nvme1n1 WS   1602200064 131072   10.101
06:47:58.096 python3        1784368 nvme1n1 WS   1602200320 131072   10.191
06:47:58.097 python3        1784368 nvme1n1 WS   1602200576 131072   10.257
06:47:58.097 python3        1784368 nvme1n1 WS   1602200832 131072   10.340
06:47:58.097 python3        1784368 nvme1n1 WS   1602201088 131072   10.426
06:47:58.097 python3        1784368 nvme1n1 WS   1602201344 131072   10.485
06:47:58.097 python3        1784368 nvme1n1 WS   1602201600 131072   10.563
06:47:58.097 python3        1784368 nvme1n1 WS   1602193152 131072   10.661
06:47:58.097 python3        1784368 nvme1n1 WS   1602193408 131072   10.743
06:47:58.097 python3        1784368 nvme1n1 WS   1602193664 131072   10.827
06:47:58.097 python3        1784368 nvme1n1 WS   1602193920 131072   10.903
06:47:58.097 python3        1784368 nvme1n1 WS   1602194176 131072   10.982
06:47:58.097 python3        1784368 nvme1n1 WS   1602194432 131072   11.061
06:47:58.097 python3        1784368 nvme1n1 WS   1602194688 131072   11.140
06:47:58.098 python3        1784368 nvme1n1 WS   1602201856 131072   11.216
06:47:58.098 python3        1784368 nvme1n1 WS   1602202112 131072   11.291
06:47:58.098 python3        1784368 nvme1n1 WS   1602202368 131072   11.373
06:47:58.098 python3        1784368 nvme1n1 WS   1602202624 131072   11.446
06:47:58.098 python3        1784368 nvme1n1 WS   1602202880 131072   11.522
06:47:58.098 python3        1784368 nvme1n1 WS   1602203136 131072   11.599
06:47:58.098 python3        1784368 nvme1n1 WS   1602203392 131072   11.663
06:47:58.098 python3        1784368 nvme1n1 WS   1602220032 131072   11.743
06:47:58.098 python3        1784368 nvme1n1 WS   1602220288 131072   11.821
06:47:58.098 python3        1784368 nvme1n1 WS   1602194944 131072   11.943
06:47:58.098 python3        1784368 nvme1n1 WS   1602195200 131072   11.998
06:47:58.098 python3        1784368 nvme1n1 WS   1602215936 131072   12.079
06:47:58.099 python3        1784368 nvme1n1 WS   1602216192 131072   12.158
06:47:58.099 python3        1784369 nvme1n1 WS   1602203648 131072   12.261
06:47:58.099 python3        1784369 nvme1n1 WS   1602203904 131072   12.328
06:47:58.099 python3        1784369 nvme1n1 WS   1602204160 131072   12.408
06:47:58.099 python3        1784369 nvme1n1 WS   1602204416 131072   12.484
06:47:58.099 python3        1784369 nvme1n1 WS   1602204672 131072   12.561
06:47:58.099 python3        1784369 nvme1n1 WS   1602204928 131072   12.638
06:47:58.099 python3        1784369 nvme1n1 WS   1602205184 131072   12.747
06:47:58.099 python3        1784367 nvme1n1 WS   1602207744 131072   12.835
06:47:58.099 python3        1784367 nvme1n1 WS   1602208000 131072   12.909
06:47:58.099 python3        1784367 nvme1n1 WS   1602208256 131072   12.989
06:47:58.099 python3        1784367 nvme1n1 WS   1602208512 131072   13.067
06:47:58.100 python3        1784367 nvme1n1 WS   1602208768 131072   13.141
06:47:58.100 python3        1784367 nvme1n1 WS   1602209024 131072   13.220
06:47:58.100 python3        1784367 nvme1n1 WS   1602209280 131072   13.297
06:47:58.100 python3        1784369 nvme1n1 WS   1602205440 131072   13.369
06:47:58.100 python3        1784369 nvme1n1 WS   1602205696 131072   13.448
06:47:58.100 python3        1784369 nvme1n1 WS   1602205952 131072   13.521
06:47:58.100 python3        1784369 nvme1n1 WS   1602206208 131072   13.600
06:47:58.100 python3        1784369 nvme1n1 WS   1602206464 131072   13.677
06:47:58.100 python3        1784369 nvme1n1 WS   1602206720 131072   13.751
06:47:58.100 python3        1784369 nvme1n1 WS   1602206976 131072   13.828
06:47:58.100 python3        1784369 nvme1n1 WS   1602207232 131072   13.906
06:47:58.100 python3        1784369 nvme1n1 WS   1602207488 131072   13.966
06:47:58.100 python3        1784369 nvme1n1 WS   1602748416 131072   14.046
06:47:58.101 python3        1784369 nvme1n1 WS   1602748672 131072   14.121
06:47:58.101 python3        1784367 nvme1n1 WS   1602211840 131072   14.250
06:47:58.101 python3        1784367 nvme1n1 WS   1602212096 131072   14.323
06:47:58.101 python3        1784367 nvme1n1 WS   1602212352 131072   14.399
06:47:58.101 python3        1784367 nvme1n1 WS   1602212608 131072   14.473
06:47:58.101 python3        1784367 nvme1n1 WS   1602212864 131072   14.566
06:47:58.101 python3        1784367 nvme1n1 WS   1602213120 131072   14.630
06:47:58.101 python3        1784367 nvme1n1 WS   1602213376 131072   14.720
06:47:58.101 python3        1784367 nvme1n1 WS   1602213632 131072   14.768
06:47:58.101 python3        1784367 nvme1n1 WS   1602213888 131072   14.848
06:47:58.101 python3        1784367 nvme1n1 WS   1602214144 131072   14.927
06:47:58.101 python3        1784367 nvme1n1 WS   1602214400 131072   15.007
06:47:58.102 python3        1784367 nvme1n1 WS   1602214656 131072   15.085
06:47:58.102 python3        1784367 nvme1n1 WS   1602214912 131072   15.162
06:47:58.102 python3        1784367 nvme1n1 WS   1602215168 131072   15.238
06:47:58.102 python3        1784367 nvme1n1 WS   1602215424 131072   15.317
06:47:58.102 python3        1784367 nvme1n1 WS   1602209536 131072   15.442
06:47:58.102 python3        1784367 nvme1n1 WS   1602209792 131072   15.521
06:47:58.102 python3        1784367 nvme1n1 WS   1602210048 131072   15.596
06:47:58.102 python3        1784367 nvme1n1 WS   1602210304 131072   15.673
06:47:58.102 python3        1784367 nvme1n1 WS   1602210560 131072   15.748
06:47:58.102 python3        1784367 nvme1n1 WS   1602210816 131072   15.825
06:47:58.102 python3        1784367 nvme1n1 WS   1602211072 131072   15.903
06:47:58.102 python3        1784367 nvme1n1 WS   1602211328 131072   15.977
06:47:58.102 python3        1784367 nvme1n1 WS   1602211584 131072   16.046
06:47:58.103 python3        1784367 nvme1n1 WS   1602510848 131072   16.122
06:47:58.103 python3        1784367 nvme1n1 WS   1602511104 131072   16.200
06:47:58.103 python3        1784368 nvme1n1 WS   1602506752 131072   16.280
06:47:58.103 python3        1784368 nvme1n1 WS   1602507008 131072   16.352
06:47:58.103 python3        1784368 nvme1n1 WS   1602507264 131072   16.425
06:47:58.103 python3        1784368 nvme1n1 WS   1602507520 131072   16.507
06:47:58.103 python3        1784368 nvme1n1 WS   1602507776 131072   16.578
06:47:58.103 python3        1784368 nvme1n1 WS   1602508032 131072   16.653
06:47:58.103 python3        1784368 nvme1n1 WS   1602508288 131072   16.731
06:47:58.103 python3        1784368 nvme1n1 WS   1602508544 131072   16.792
06:47:58.103 python3        1784368 nvme1n1 WS   1602508800 131072   16.872
06:47:58.103 python3        1784368 nvme1n1 WS   1602509056 131072   16.946
06:47:58.104 python3        1784368 nvme1n1 WS   1602509312 131072   17.026
06:47:58.104 python3        1784368 nvme1n1 WS   1602509568 131072   17.105
06:47:58.104 python3        1784368 nvme1n1 WS   1602509824 131072   17.186
06:47:58.104 python3        1784368 nvme1n1 WS   1602510080 131072   17.261
06:47:58.104 python3        1784368 nvme1n1 WS   1602510336 131072   17.337
06:47:58.104 python3        1784367 nvme1n1 WS   1602215680 131072   17.467
06:47:58.104 python3        1784367 nvme1n1 WS   1602514944 77824    17.504
06:47:58.104 python3        1784368 nvme1n1 WS   1602510592 131072   17.564
06:47:58.104 python3        1784368 nvme1n1 WS   1602519040 77824    17.610
06:47:58.104 python3        1784366 nvme1n1 WS   1602523136 131072   17.203
06:47:58.104 python3        1784366 nvme1n1 WS   1602523392 131072   17.273
06:47:58.104 python3        1784366 nvme1n1 WS   1602523648 131072   17.349
06:47:58.104 python3        1784366 nvme1n1 WS   1602523904 131072   17.426
06:47:58.105 python3        1784366 nvme1n1 WS   1602524160 131072   17.503
06:47:58.105 python3        1784366 nvme1n1 WS   1602524416 131072   17.580
06:47:58.105 python3        1784366 nvme1n1 WS   1602524672 131072   17.655
06:47:58.105 python3        1784366 nvme1n1 WS   1602524928 131072   17.714
06:47:58.105 python3        1784366 nvme1n1 WS   1602525184 131072   17.792
06:47:58.105 python3        1784366 nvme1n1 WS   1602525440 131072   17.868
06:47:58.105 python3        1784366 nvme1n1 WS   1602525696 131072   17.947
06:47:58.105 python3        1784366 nvme1n1 WS   1602525952 131072   18.022
06:47:58.105 python3        1784366 nvme1n1 WS   1602526208 131072   18.099
06:47:58.105 python3        1784366 nvme1n1 WS   1602526464 131072   18.180
06:47:58.105 python3        1784366 nvme1n1 WS   1602526720 131072   18.254
06:47:58.105 python3        1784366 nvme1n1 WS   1602526976 131072   18.319
06:47:58.105 python3        1784366 nvme1n1 WS   1602527232 131072   18.398
06:47:58.106 python3        1784366 nvme1n1 WS   1602527488 131072   18.474
06:47:58.106 python3        1784366 nvme1n1 WS   1602531328 131072   18.340
06:47:58.106 python3        1784366 nvme1n1 WS   1602531584 131072   18.412
06:47:58.106 python3        1784366 nvme1n1 WS   1602531840 131072   18.490
06:47:58.106 python3        1784366 nvme1n1 WS   1602532096 131072   18.563
06:47:58.106 python3        1784366 nvme1n1 WS   1602532352 131072   18.644
06:47:58.106 python3        1784366 nvme1n1 WS   1602532608 131072   18.719
06:47:58.106 python3        1784366 nvme1n1 WS   1602532864 131072   18.794
06:47:58.106 python3        1784366 nvme1n1 WS   1602533120 131072   18.853
06:47:58.106 python3        1784366 nvme1n1 WS   1602533376 131072   18.931
06:47:58.106 python3        1784366 nvme1n1 WS   1602533632 131072   19.008
06:47:58.106 python3        1784366 nvme1n1 WS   1602533888 131072   19.084
06:47:58.107 python3        1784366 nvme1n1 WS   1602534144 131072   19.160
06:47:58.107 python3        1784366 nvme1n1 WS   1602534400 131072   19.238
06:47:58.107 python3        1784366 nvme1n1 WS   1602534656 131072   19.314
06:47:58.107 python3        1784366 nvme1n1 WS   1602534912 131072   19.393
06:47:58.107 python3        1784366 nvme1n1 WS   1602535168 131072   19.459
06:47:58.107 python3        1784366 nvme1n1 WS   1602535424 131072   19.539
06:47:58.107 python3        1784366 nvme1n1 WS   1602535680 131072   19.618
06:47:58.107 python3        1784366 nvme1n1 WS   77520896   131072   19.705
06:47:58.107 python3        1784366 nvme1n1 WS   77521152   131072   19.767
06:47:58.107 python3        1784366 nvme1n1 WS   77521408   131072   19.838
06:47:58.107 python3        1784366 nvme1n1 WS   77521664   131072   19.915
06:47:58.107 python3        1784366 nvme1n1 WS   77521920   131072   19.989
06:47:58.107 python3        1784366 nvme1n1 WS   77522176   131072   20.068
06:47:58.108 python3        1784366 nvme1n1 WS   77522432   131072   20.146
06:47:58.108 python3        1784366 nvme1n1 WS   1602539520 131072   20.206
06:47:58.108 python3        1784366 nvme1n1 WS   77522688   131072   20.276
06:47:58.108 python3        1784366 nvme1n1 WS   1602539776 131072   20.357
06:47:58.108 python3        1784366 nvme1n1 WS   1602540032 131072   20.429
06:47:58.108 python3        1784366 nvme1n1 WS   1602540288 131072   20.504
06:47:58.108 python3        1784366 nvme1n1 WS   1602540544 131072   20.581
06:47:58.108 python3        1784366 nvme1n1 WS   77522944   131072   20.669
06:47:58.108 python3        1784366 nvme1n1 WS   77523200   131072   20.742
06:47:58.108 python3        1784366 nvme1n1 WS   77523456   131072   20.815
06:47:58.108 python3        1784366 nvme1n1 WS   1602540800 131072   20.901
06:47:58.108 python3        1784366 nvme1n1 WS   1602541056 131072   20.984
06:47:58.109 python3        1784366 nvme1n1 WS   1602541312 131072   21.022
06:47:58.109 python3        1784366 nvme1n1 WS   1602541568 131072   21.101
06:47:58.109 python3        1784366 nvme1n1 WS   1602541824 131072   21.178
06:47:58.109 python3        1784366 nvme1n1 WS   1602542080 131072   21.253
06:47:58.109 python3        1784366 nvme1n1 WS   1602542336 131072   21.328
06:47:58.109 python3        1784366 nvme1n1 WS   1602542592 131072   21.403
06:47:58.109 python3        1784366 nvme1n1 WS   1602542848 131072   21.490
06:47:58.109 python3        1784366 nvme1n1 WS   1602543104 131072   21.568
06:47:58.109 python3        1784366 nvme1n1 WS   1602543360 131072   21.627
06:47:58.109 python3        1784366 nvme1n1 WS   1602543616 77824    21.674
06:47:58.109 python3        1784366 nvme1n1 WS   77523712   131072   21.839
06:47:58.109 python3        1784366 nvme1n1 WS   77523968   131072   21.911
06:47:58.109 python3        1784366 nvme1n1 WS   77524224   131072   21.992
06:47:58.110 python3        1784366 nvme1n1 WS   77524480   131072   22.072
06:47:58.110 python3        1784366 nvme1n1 WS   77524736   131072   22.126
06:47:58.110 python3        1784366 nvme1n1 WS   77524992   131072   22.202
06:47:58.110 python3        1784366 nvme1n1 WS   77525248   131072   22.279
06:47:58.699 python3        1784368 nvme1n1 WS   1602547712 131072    0.194
06:47:58.699 python3        1784368 nvme1n1 WS   1602547968 131072    0.273
06:47:58.699 python3        1784368 nvme1n1 WS   1602548224 131072    0.343
06:47:58.700 python3        1784368 nvme1n1 WS   1602548480 131072    0.410
06:47:58.700 python3        1784368 nvme1n1 WS   1602548736 131072    0.510
06:47:58.700 python3        1784368 nvme1n1 WS   1602548992 131072    0.556
06:47:58.700 python3        1784368 nvme1n1 WS   1602549248 131072    0.626
06:47:58.700 python3        1784369 nvme1n1 WS   1602551808 131072    0.706
06:47:58.700 python3        1784369 nvme1n1 WS   1602552064 131072    0.769
06:47:58.700 python3        1784369 nvme1n1 WS   1602552320 131072    0.854
06:47:58.700 python3        1784369 nvme1n1 WS   1602552576 131072    0.932
06:47:58.700 python3        1784369 nvme1n1 WS   1602552832 131072    1.013
06:47:58.700 python3        1784369 nvme1n1 WS   1602553088 131072    1.096
06:47:58.700 python3        1784369 nvme1n1 WS   1602553344 131072    1.171
06:47:58.700 python3        1784368 nvme1n1 WS   1602549504 131072    1.259
06:47:58.701 python3        1784368 nvme1n1 WS   1602549760 131072    1.340
06:47:58.701 python3        1784368 nvme1n1 WS   1602550016 131072    1.423
06:47:58.701 python3        1784368 nvme1n1 WS   1602550272 131072    1.503
06:47:58.701 python3        1784368 nvme1n1 WS   1602550528 131072    1.581
06:47:58.701 python3        1784368 nvme1n1 WS   1602550784 131072    1.657
06:47:58.701 python3        1784368 nvme1n1 WS   1602551040 131072    1.739
06:47:58.701 python3        1784369 nvme1n1 WS   1602553600 131072    1.824
06:47:58.701 python3        1784369 nvme1n1 WS   1602553856 131072    1.904
06:47:58.701 python3        1784369 nvme1n1 WS   1602554112 131072    1.984
06:47:58.701 python3        1784369 nvme1n1 WS   1602554368 131072    2.063
06:47:58.701 python3        1784368 nvme1n1 WS   1602551296 131072    2.141
06:47:58.701 python3        1784369 nvme1n1 WS   1602554624 131072    2.216
06:47:58.702 python3        1784369 nvme1n1 WS   1602554880 131072    2.289
06:47:58.702 python3        1784369 nvme1n1 WS   1602555136 131072    2.363
06:47:58.702 python3        1784369 nvme1n1 WS   1602555392 131072    2.441
06:47:58.702 python3        1784367 nvme1n1 WS   1602555904 131072    2.523
06:47:58.702 python3        1784367 nvme1n1 WS   1602556160 131072    2.592
06:47:58.702 python3        1784367 nvme1n1 WS   1602556416 131072    2.663
06:47:58.702 python3        1784367 nvme1n1 WS   1602556672 131072    2.738
06:47:58.702 python3        1784367 nvme1n1 WS   1602556928 131072    2.805
06:47:58.702 python3        1784367 nvme1n1 WS   1602557184 131072    2.877
06:47:58.702 python3        1784367 nvme1n1 WS   1602557440 131072    2.955
06:47:58.702 python3        1784368 nvme1n1 WS   1602551552 131072    3.052
06:47:58.702 python3        1784368 nvme1n1 WS   1602560000 131072    3.126
06:47:58.702 python3        1784368 nvme1n1 WS   1602560256 131072    3.193
06:47:58.703 python3        1784369 nvme1n1 WS   1602555648 131072    3.267
06:47:58.703 python3        1784369 nvme1n1 WS   1602564096 131072    3.344
06:47:58.703 python3        1784369 nvme1n1 WS   1602564352 131072    3.418
06:47:58.703 python3        1784367 nvme1n1 WS   1602557696 131072    3.480
06:47:58.703 python3        1784367 nvme1n1 WS   1602557952 131072    3.555
06:47:58.703 python3        1784367 nvme1n1 WS   1602558208 131072    3.631
06:47:58.703 python3        1784367 nvme1n1 WS   1602558464 131072    3.707
06:47:58.703 python3        1784367 nvme1n1 WS   1602558720 131072    3.780
06:47:58.703 python3        1784367 nvme1n1 WS   1602558976 131072    3.855
06:47:58.703 python3        1784367 nvme1n1 WS   1602559232 131072    3.930
06:47:58.703 python3        1784367 nvme1n1 WS   1602559488 131072    4.005
06:47:58.703 python3        1784367 nvme1n1 WS   65560576   131072    4.106
06:47:58.703 python3        1784367 nvme1n1 WS   65560832   131072    4.176
06:47:58.704 python3        1784367 nvme1n1 WS   65561088   131072    4.254
06:47:58.704 python3        1784367 nvme1n1 WS   65561344   131072    4.330
06:47:58.704 python3        1784367 nvme1n1 WS   65561600   131072    4.406
06:47:58.704 python3        1784367 nvme1n1 WS   65561856   131072    4.481
06:47:58.704 python3        1784367 nvme1n1 WS   65562112   131072    4.558
06:47:58.704 python3        1784367 nvme1n1 WS   1602559744 131072    4.627
06:47:58.704 python3        1784367 nvme1n1 WS   1602568192 131072    4.702
06:47:58.704 python3        1784367 nvme1n1 WS   1602568448 131072    4.778
06:47:58.704 python3        1784366 nvme1n1 WS   1622973696 8192      4.768
06:47:58.704 python3        1784367 nvme1n1 WS   65562368   131072    4.859
06:47:58.704 python3        1784367 nvme1n1 WS   65562624   131072    4.935
06:47:58.704 python3        1784367 nvme1n1 WS   65562880   131072    5.014
06:47:58.704 python3        1784367 nvme1n1 WS   65563136   131072    5.092
06:47:58.705 python3        1784367 nvme1n1 WS   65563392   131072    5.166
06:47:58.705 python3        1784367 nvme1n1 WS   65563648   131072    5.244
06:47:58.705 python3        1784367 nvme1n1 WS   65563904   131072    5.322
06:47:58.705 python3        1784367 nvme1n1 WS   65564160   131072    5.401
06:47:58.705 python3        1784366 nvme1n1 WS   1622972416 131072    5.495
06:47:58.705 python3        1784366 nvme1n1 WS   1622972672 131072    5.568
06:47:58.705 python3        1784366 nvme1n1 WS   1622972928 131072    5.648
06:47:58.705 python3        1784366 nvme1n1 WS   1622973184 131072    5.726
06:47:58.705 python3        1784366 nvme1n1 WS   1622973440 131072    5.800
06:47:58.705 python3        1784369 nvme1n1 WS   1602572288 131072    5.931
06:47:58.705 python3        1784369 nvme1n1 WS   1602572544 131072    5.970
06:47:58.705 python3        1784367 nvme1n1 WS   1601973504 8192      5.933
06:47:58.705 python3        1784369 nvme1n1 WS   1602572800 131072    6.033
06:47:58.705 python3        1784369 nvme1n1 WS   1602573056 131072    6.109
06:47:58.706 python3        1784369 nvme1n1 WS   1602573312 131072    6.187
06:47:58.706 python3        1784369 nvme1n1 WS   1602573568 131072    6.268
06:47:58.706 python3        1784369 nvme1n1 WS   1602573824 131072    6.348
06:47:58.706 python3        1784369 nvme1n1 WS   1602574080 131072    6.407
06:47:58.706 python3        1784369 nvme1n1 WS   1602574336 131072    6.482
06:47:58.706 python3        1784369 nvme1n1 WS   1602574592 131072    6.561
06:47:58.706 python3        1784369 nvme1n1 WS   1602574848 131072    6.670
06:47:58.706 python3        1784369 nvme1n1 WS   1602575104 131072    6.746
06:47:58.706 python3        1784369 nvme1n1 WS   1602575360 131072    6.825
06:47:58.706 python3        1784369 nvme1n1 WS   1602575616 131072    6.901
06:47:58.706 python3        1784367 nvme1n1 WS   65564416   131072    7.074
06:47:58.706 python3        1784367 nvme1n1 WS   65564672   131072    7.105
06:47:58.707 python3        1784367 nvme1n1 WS   65564928   131072    7.190
06:47:58.707 python3        1784367 nvme1n1 WS   1601972224 131072    7.243
06:47:58.707 python3        1784367 nvme1n1 WS   1601972480 131072    7.318
06:47:58.707 python3        1784367 nvme1n1 WS   1601972736 131072    7.392
06:47:58.707 python3        1784367 nvme1n1 WS   1601972992 131072    7.471
06:47:58.707 python3        1784367 nvme1n1 WS   1601973248 131072    7.546
06:47:58.707 python3        1784366 nvme1n1 WS   77398016   131072    7.627
06:47:58.707 python3        1784369 nvme1n1 WS   1602575872 131072    7.699
06:47:58.707 python3        1784369 nvme1n1 WS   1602576128 131072    7.763
06:47:58.707 python3        1784369 nvme1n1 WS   1602580480 131072    7.841
06:47:58.707 python3        1784369 nvme1n1 WS   1602580736 131072    7.922
06:47:58.707 python3        1784366 nvme1n1 WS   77398272   131072    8.026
06:47:58.708 python3        1784366 nvme1n1 WS   77398528   131072    8.101
06:47:58.708 python3        1784366 nvme1n1 WS   77398784   131072    8.182
06:47:58.708 python3        1784366 nvme1n1 WS   77399040   131072    8.262
06:47:58.708 python3        1784366 nvme1n1 WS   77399296   131072    8.340
06:47:58.708 python3        1784366 nvme1n1 WS   77399552   131072    8.415
06:47:58.708 python3        1784366 nvme1n1 WS   77399808   131072    8.478
06:47:58.708 python3        1784366 nvme1n1 WS   77400064   131072    8.554
06:47:58.708 python3        1784366 nvme1n1 WS   77400320   131072    8.630
06:47:58.708 python3        1784366 nvme1n1 WS   77400576   131072    8.706
06:47:58.708 python3        1784368 nvme1n1 WS   1602576384 131072    8.806
06:47:58.708 python3        1784368 nvme1n1 WS   1602576640 131072    8.878
06:47:58.708 python3        1784368 nvme1n1 WS   1602576896 131072    8.956
06:47:58.708 python3        1784368 nvme1n1 WS   1602577152 131072    9.031
06:47:58.709 python3        1784368 nvme1n1 WS   1602577408 131072    9.108
06:47:58.709 python3        1784368 nvme1n1 WS   1602577664 131072    9.185
06:47:58.709 python3        1784368 nvme1n1 WS   1602577920 131072    9.262
06:47:58.709 python3        1784368 nvme1n1 WS   1601980416 131072    9.358
06:47:58.709 python3        1784368 nvme1n1 WS   1601981696 8192      9.345
06:47:58.709 python3        1784366 nvme1n1 WS   77400832   131072    9.427
06:47:58.709 python3        1784366 nvme1n1 WS   77401088   131072    9.508
06:47:58.709 python3        1784366 nvme1n1 WS   77401344   131072    9.583
06:47:58.709 python3        1784366 nvme1n1 WS   77401600   131072    9.663
06:47:58.709 python3        1784366 nvme1n1 WS   77401856   131072    9.730
06:47:58.709 python3        1784366 nvme1n1 WS   77402112   131072    9.807
06:47:58.709 python3        1784366 nvme1n1 WS   77402368   131072    9.882
06:47:58.709 python3        1784368 nvme1n1 WS   1601980672 131072    9.992
06:47:58.710 python3        1784368 nvme1n1 WS   1601980928 131072   10.059
06:47:58.710 python3        1784368 nvme1n1 WS   1601981184 131072   10.132
06:47:58.710 python3        1784368 nvme1n1 WS   1601981440 131072   10.206
06:47:58.710 python3        1784368 nvme1n1 WS   1602578176 131072   10.285
06:47:58.710 python3        1784368 nvme1n1 WS   1602578432 131072   10.365
06:47:58.710 python3        1784368 nvme1n1 WS   1602578688 131072   10.443
06:47:58.710 python3        1784368 nvme1n1 WS   1602578944 131072   10.521
06:47:58.710 python3        1784368 nvme1n1 WS   1602579200 131072   10.596
06:47:58.710 python3        1784366 nvme1n1 WS   1602584576 131072   10.687
06:47:58.710 python3        1784368 nvme1n1 WS   1602579456 131072   10.758
06:47:58.710 python3        1784368 nvme1n1 WS   1602579712 131072   10.833
06:47:58.710 python3        1784368 nvme1n1 WS   1602579968 131072   10.912
06:47:58.710 python3        1784366 nvme1n1 WS   1602584832 131072   10.996
06:47:58.711 python3        1784366 nvme1n1 WS   1602585088 131072   11.071
06:47:58.711 python3        1784366 nvme1n1 WS   1602585344 131072   11.147
06:47:58.711 python3        1784366 nvme1n1 WS   1602585600 131072   11.218
06:47:58.711 python3        1784369 nvme1n1 WS   571370752  8192     11.241
06:47:58.711 python3        1784366 nvme1n1 WS   1602585856 131072   11.299
06:47:58.711 python3        1784366 nvme1n1 WS   1602586112 131072   11.387
06:47:58.711 python3        1784366 nvme1n1 WS   1602586368 131072   11.437
06:47:58.711 python3        1784366 nvme1n1 WS   1602586624 131072   11.513
06:47:58.711 python3        1784366 nvme1n1 WS   1602586880 131072   11.586
06:47:58.711 python3        1784366 nvme1n1 WS   1602587136 131072   11.666
06:47:58.711 python3        1784368 nvme1n1 WS   1602580224 131072   11.802
06:47:58.711 python3        1784368 nvme1n1 WS   1602588672 131072   11.867
06:47:58.711 python3        1784368 nvme1n1 WS   1602588928 131072   11.947
06:47:58.712 python3        1784369 nvme1n1 WS   571369472  131072   12.019
06:47:58.712 python3        1784369 nvme1n1 WS   571369728  131072   12.096
06:47:58.712 python3        1784369 nvme1n1 WS   571369984  131072   12.172
06:47:58.712 python3        1784369 nvme1n1 WS   571370240  131072   12.250
06:47:58.712 python3        1784369 nvme1n1 WS   571370496  131072   12.330
06:47:58.712 python3        1784366 nvme1n1 WS   1602587392 131072   12.388
06:47:58.712 python3        1784366 nvme1n1 WS   1602587648 131072   12.466
06:47:58.712 python3        1784366 nvme1n1 WS   1602587904 131072   12.540
06:47:58.712 python3        1784366 nvme1n1 WS   1602588160 131072   12.616
06:47:58.712 python3        1784366 nvme1n1 WS   1602588416 131072   12.673
06:47:58.712 python3        1784366 nvme1n1 WS   1602592768 131072   12.748
06:47:58.712 python3        1784366 nvme1n1 WS   1602593024 131072   12.822
06:47:58.798 nvme           1964062 Unknown N    -1         512       0.095
06:47:59.136 kworker        1696237 nvme1n1 W    1735454712 4096      0.060
06:47:59.136 kworker        1958706 nvme1n1 WM   152        4096      0.124
06:47:59.136 kworker        1958706 nvme1n1 WM   224        4096      0.130
06:47:59.136 kworker        1958706 nvme1n1 WM   288        8192      0.138
06:47:59.136 kworker        1958706 nvme1n1 WM   736        4096      0.141
06:47:59.136 kworker        1958706 nvme1n1 WM   752        8192      0.141
06:47:59.136 kworker        1958706 nvme1n1 WM   800        8192      0.142
06:47:59.136 kworker        1958706 nvme1n1 WM   832        8192      0.145
06:47:59.136 kworker        1958706 nvme1n1 WM   62914632   4096      0.146
06:47:59.136 kworker        1958706 nvme1n1 WM   67108920   4096      0.153
06:47:59.136 kworker        1958706 nvme1n1 WM   67108960   4096      0.157
06:47:59.136 kworker        1958706 nvme1n1 WM   310378576  4096      0.161
06:47:59.136 kworker        1958706 nvme1n1 WM   314572888  4096      0.163
06:47:59.136 kworker        1958706 nvme1n1 WM   461373568  4096      0.168
06:47:59.136 kworker        1958706 nvme1n1 WM   461373728  4096      0.170
06:47:59.136 kworker        1958706 nvme1n1 WM   461373744  4096      0.170
06:47:59.136 kworker        1958706 nvme1n1 WM   461373760  8192      0.174
06:47:59.136 kworker        1958706 nvme1n1 WM   461373832  4096      0.176
06:47:59.136 kworker        1958706 nvme1n1 WM   461373848  4096      0.177
06:47:59.136 kworker        1958706 nvme1n1 WM   461373888  4096      0.181
06:47:59.136 kworker        1958706 nvme1n1 WM   461374248  4096      0.183
06:47:59.136 kworker        1958706 nvme1n1 WM   570425360  4096      0.184
06:47:59.136 kworker        1958706 nvme1n1 WM   570425400  4096      0.188
06:47:59.136 kworker        1958706 nvme1n1 WM   591396872  4096      0.190
06:47:59.136 kworker        1958706 nvme1n1 WM   591662632  4096      0.190
06:47:59.136 kworker        1958706 nvme1n1 WM   591663008  4096      0.194
06:47:59.136 kworker        1958706 nvme1n1 WM   608174096  8192      0.197
06:47:59.136 kworker        1958706 nvme1n1 WM   608174336  4096      0.205
06:47:59.136 kworker        1958706 nvme1n1 WM   608174416  4096      0.205
06:47:59.136 kworker        1958706 nvme1n1 WM   608174472  4096      0.206
06:47:59.136 kworker        1958706 nvme1n1 WM   612368392  4096      0.209
06:47:59.136 kworker        1958706 nvme1n1 WM   612368512  4096      0.211
06:47:59.136 kworker        1958706 nvme1n1 WM   461373792  12288     0.224
06:47:59.136 kworker        1696237 nvme1n1 W    1735594224 8192      0.036
06:47:59.137 kworker        1958706 nvme1n1 WM   721917248  4096      0.101
06:47:59.137 kworker        1958706 nvme1n1 WM   730174144  4096      0.106
06:47:59.137 kworker        1958706 nvme1n1 WM   844081072  4096      0.107
06:47:59.137 kworker        1958706 nvme1n1 WM   1485401008 4096      0.115
06:47:59.137 kworker        1958706 nvme1n1 WM   1485846592 4096      0.116
06:47:59.137 kworker        1958706 nvme1n1 WM   1519290072 4096      0.117
06:47:59.137 kworker        1958706 nvme1n1 WM   1519845296 4096      0.117
06:47:59.137 kworker        1958706 nvme1n1 WM   1530921000 4096      0.122
06:47:59.137 kworker        1958706 nvme1n1 WM   1560281168 4096      0.123
06:47:59.137 kworker        1958706 nvme1n1 WM   1577058392 4096      0.123
06:47:59.137 kworker        1958706 nvme1n1 WM   1598029928 8192      0.132
06:47:59.137 kworker        1958706 nvme1n1 WM   1619001448 4096      0.133
06:47:59.137 kworker        1958706 nvme1n1 WM   1681915992 4096      0.133
06:47:59.137 kworker        1958706 nvme1n1 WM   1728881776 4096      0.134
06:47:59.137 kworker        1958706 nvme1n1 WM   1735431872 4096      0.140
06:47:59.137 kworker        1958706 nvme1n1 WM   1735572096 4096      0.144
06:47:59.137 kworker        1958706 nvme1n1 WM   1735594120 8192      0.149
06:47:59.137 kworker        1958706 nvme1n1 WM   1736441944 4096      0.150
06:47:59.137 kworker        1958706 nvme1n1 WM   1740636272 4096      0.154
06:47:59.137 kworker        1958706 nvme1n1 WM   1753219192 4096      0.156
06:47:59.137 kworker        1958706 nvme1n1 WM   1756377568 4096      0.159
06:47:59.137 kworker        1958706 nvme1n1 WM   1756377584 4096      0.163
06:47:59.137 kworker        1958706 nvme1n1 WM   1756377824 4096      0.165
06:47:59.137 kworker        1958706 nvme1n1 WM   1756389856 4096      0.167
06:47:59.137 kworker        1958706 nvme1n1 WM   1756414120 4096      0.172
06:47:59.137 kworker        1958706 nvme1n1 WM   1756414144 8192      0.173
06:47:59.137 kworker        1958706 nvme1n1 WM   1756414200 4096      0.174
06:47:59.137 kworker        1958706 nvme1n1 WM   612369520  110592    0.258
06:47:59.137 kworker        1958706 nvme1n1 WM   612369744  16384     0.271
06:47:59.137 kworker        1958706 nvme1n1 WM   905981448  28672     0.283
06:47:59.137 kworker        1958706 nvme1n1 WM   1660944472 16384     0.290
06:47:59.137 kworker        1958706 nvme1n1 WM   1735594144 36864     0.352
06:47:59.137 kworker        1958706 nvme1n1 WM   1756414944 8192      0.252
06:47:59.137 kworker        1958706 nvme1n1 WM   1756415528 4096      0.253
06:47:59.137 kworker        1958706 nvme1n1 WM   1756415728 4096      0.238
06:47:59.137 kworker        1958706 nvme1n1 WM   1756439536 8192      0.239
06:47:59.137 kworker        1958706 nvme1n1 WM   1756440544 8192      0.239
06:47:59.137 kworker        1958706 nvme1n1 WM   1756440864 4096      0.240
06:47:59.137 kworker        1958706 nvme1n1 WM   1756492424 8192      0.248
06:47:59.137 kworker        1958706 nvme1n1 WM   1756492512 4096      0.249
06:47:59.137 kworker        1958706 nvme1n1 WM   1756521400 4096      0.250
06:47:59.137 kworker        1958706 nvme1n1 WM   1756528240 8192      0.250
06:47:59.137 kworker        1958706 nvme1n1 WM   1756528352 4096      0.251
06:47:59.137 kworker        1958706 nvme1n1 WM   1756549560 4096      0.251
06:47:59.137 kworker        1958706 nvme1n1 WM   1756598720 4096      0.244
06:47:59.137 kworker        1958706 nvme1n1 WM   1756599960 4096      0.264
06:47:59.137 kworker        1958706 nvme1n1 WM   1756600944 4096      0.266
06:47:59.137 kworker        1958706 nvme1n1 WM   1756662312 4096      0.267
06:47:59.137 kworker        1958706 nvme1n1 WM   1756662648 4096      0.267
06:47:59.137 kworker        1958706 nvme1n1 WM   1756662664 4096      0.222
06:47:59.137 kworker        1958706 nvme1n1 WM   1756662728 4096      0.223
06:47:59.137 kworker        1958706 nvme1n1 WM   1756670224 4096      0.223
06:47:59.137 kworker        1958706 nvme1n1 WM   1756670584 4096      0.224
06:47:59.137 kworker        1958706 nvme1n1 WM   1756671472 4096      0.224
06:47:59.137 kworker        1958706 nvme1n1 WM   1756673400 4096      0.226
06:47:59.137 kworker        1958706 nvme1n1 WM   1756680688 4096      0.231
06:47:59.137 kworker        1958706 nvme1n1 WM   1756682192 8192      0.231
06:47:59.137 kworker        1958706 nvme1n1 WM   1756723456 4096      0.234
06:47:59.137 kworker        1958706 nvme1n1 WM   1756723472 4096      0.235
06:47:59.137 kworker        1958706 nvme1n1 WM   1756754920 4096      0.235
06:47:59.137 kworker        1958706 nvme1n1 WM   1756758000 4096      0.237
06:47:59.137 kworker        1958706 nvme1n1 WM   1756773976 4096      0.241
06:47:59.137 kworker        1958706 nvme1n1 WM   1756777352 4096      0.242
06:47:59.137 kworker        1958706 nvme1n1 WM   1756754872 12288     0.246
06:47:59.137 kworker        1958706 nvme1n1 WM   1756777416 4096      0.206
06:47:59.137 kworker        1958706 nvme1n1 WM   1756777448 4096      0.210
06:47:59.137 kworker        1958706 nvme1n1 WM   1756777464 4096      0.213
06:47:59.137 kworker        1958706 nvme1n1 WM   1756778104 4096      0.217
06:47:59.137 kworker        1958706 nvme1n1 WM   1756778160 4096      0.220
06:47:59.137 kworker        1958706 nvme1n1 WM   1756778456 4096      0.204
06:47:59.137 kworker        1958706 nvme1n1 WM   1756780384 4096      0.205
06:47:59.137 kworker        1958706 nvme1n1 WM   1756780400 4096      0.205
06:47:59.137 kworker        1958706 nvme1n1 WM   1756780512 8192      0.209
06:47:59.137 kworker        1958706 nvme1n1 WM   1756783040 4096      0.217
06:47:59.137 kworker        1958706 nvme1n1 WM   1756791784 4096      0.218
06:47:59.137 kworker        1958706 nvme1n1 WM   1756815288 4096      0.218
06:47:59.137 kworker        1958706 nvme1n1 WM   1756815816 4096      0.219
06:47:59.137 kworker        1958706 nvme1n1 WM   1756825336 4096      0.224
06:47:59.137 kworker        1958706 nvme1n1 WM   1756826864 4096      0.225
06:47:59.137 kworker        1958706 nvme1n1 WM   1756827640 4096      0.226
06:47:59.137 kworker        1958706 nvme1n1 WM   1756828080 4096      0.225
06:47:59.137 kworker        1958706 nvme1n1 WM   1756831624 4096      0.230
06:47:59.137 kworker        1958706 nvme1n1 WM   1756831736 4096      0.231
06:47:59.137 kworker        1958706 nvme1n1 WM   1756833768 4096      0.231
06:47:59.137 kworker        1958706 nvme1n1 WM   1756840384 4096      0.235
06:47:59.137 kworker        1958706 nvme1n1 WM   1756840408 4096      0.238
06:47:59.137 kworker        1958706 nvme1n1 WM   1756846032 4096      0.240
06:47:59.137 kworker        1958706 nvme1n1 WM   1756846456 4096      0.233
06:47:59.137 kworker        1958706 nvme1n1 WM   1756847320 4096      0.236
06:47:59.137 kworker        1958706 nvme1n1 WM   1756848536 4096      0.237
06:47:59.137 kworker        1958706 nvme1n1 WM   1756864920 8192      0.241
06:47:59.137 kworker        1958706 nvme1n1 WM   1756866696 4096      0.244
06:47:59.137 kworker        1958706 nvme1n1 WM   1756868304 4096      0.259
06:47:59.137 kworker        1958706 nvme1n1 WM   1756868328 4096      0.260
06:47:59.137 kworker        1958706 nvme1n1 WM   1756872696 4096      0.254
06:47:59.137 kworker        1958706 nvme1n1 WM   1756828032 12288     0.276
06:47:59.137 kworker        1958706 nvme1n1 WM   1756879472 4096      0.246
06:47:59.137 kworker        1958706 nvme1n1 WM   1756879592 8192      0.044
06:47:59.137 kworker        1958706 nvme1n1 WM   1756885472 4096      0.045
06:47:59.137 kworker        1958706 nvme1n1 WM   1756888560 4096      0.050
06:47:59.137 kworker        1958706 nvme1n1 WM   1757028296 4096      0.051
06:47:59.138 kworker        1696237 nvme1n1 W    1677442752 118784    0.175
06:47:59.138 kworker        1696237 nvme1n1 W    612642816  131072    0.255
06:47:59.138 kworker        1696237 nvme1n1 W    612643072  102400    0.317
06:47:59.138 kworker        1696237 nvme1n1 W    1622482048 131072    0.396
06:47:59.138 kworker        1696237 nvme1n1 W    1622482304 61440     0.433
06:47:59.138 kworker        1696237 nvme1n1 W    612643272  32768     0.454
06:47:59.138 kworker        1696237 nvme1n1 W    1520304128 131072    0.534
06:47:59.138 kworker        1696237 nvme1n1 W    1520304384 90112     0.586
06:47:59.138 kworker        1696237 nvme1n1 W    1684969008 77824     0.633
06:47:59.138 kworker        1696237 nvme1n1 W    612643336  45056     0.659
06:47:59.138 kworker        1696237 nvme1n1 W    1684862672 77824     0.705
06:47:59.138 kworker        1696237 nvme1n1 W    612643424  131072    0.782
06:47:59.800 nvme           1964071 Unknown N    -1         512       0.036
06:48:00.803 nvme           1964081 Unknown N    -1         512       0.087
06:48:01.788 amoprof        1787544 nvme1n1 W    608995680  4096      0.056
