TIMESTAMP    COMM           PID     DISK    T    SECTOR     BYTES   LAT(ms)
23:04:43.486 nvme           2669637 Unknown N    -1         512       0.040
23:04:44.051 jbd2/nv        752     nvme1n1 WSM  877854712  131072    0.174
23:04:44.051 jbd2/nv        752     nvme1n1 WSM  877854968  28672     0.178
23:04:44.051 jbd2/nv        752     nvme1n1 WSM  877855024  4096      0.031
23:04:44.194 kworker        2643707 nvme0n1 W    38460120   4096      0.952
23:04:44.194 kworker        2643707 nvme0n1 W    36167232   4096      0.821
23:04:44.195 kworker        2643707 nvme0n1 W    8129144    65536     1.388
23:04:44.195 kworker        2643707 nvme0n1 W    8135672    131072    1.492
23:04:44.195 kworker        2643707 nvme0n1 W    36167552   65536     1.493
23:04:44.195 kworker        2643707 nvme0n1 W    8143096    131072    1.760
23:04:44.195 kworker        2643707 nvme0n1 W    36168120   4096      0.766
23:04:44.195 kworker        2643707 nvme0n1 W    36168560   4096      0.831
23:04:44.195 kworker        2643707 nvme0n1 W    36166656   131072    2.192
23:04:44.196 kworker        2643707 nvme0n1 W    36315792   57344     1.147
23:04:44.196 kworker        2643707 nvme0n1 W    36023808   262144    2.753
23:04:44.196 kworker        2643707 nvme0n1 W    36177280   65536     1.216
23:04:44.196 kworker        2643707 nvme0n1 W    36174464   65536     1.404
23:04:44.197 kworker        2643707 nvme0n1 W    36322480   4096      0.623
23:04:44.197 kworker        2643707 nvme0n1 W    36323168   16384     0.993
23:04:44.197 kworker        2643707 nvme0n1 W    36319488   131072    1.683
23:04:44.197 kworker        2643707 nvme0n1 W    36321792   131072    1.642
23:04:44.197 kworker        2643707 nvme0n1 W    7337984    4096      0.547
23:04:44.197 kworker        2643707 nvme0n1 W    36317184   131072    1.880
23:04:44.198 kworker        2643707 nvme0n1 W    36243200   131072    1.604
23:04:44.198 kworker        2643707 nvme0n1 W    36242688   131072    2.002
23:04:44.490 nvme           2669692 Unknown N    -1         512       0.036
23:04:44.704 kworker        2643707 nvme1n1 WM   88         4096      0.114
23:04:44.704 kworker        2643707 nvme1n1 WM   120        4096      0.134
23:04:44.704 kworker        2643707 nvme1n1 WM   152        4096      0.138
23:04:44.704 kworker        2643707 nvme1n1 WM   272        8192      0.138
23:04:44.704 kworker        2643707 nvme1n1 WM   304        8192      0.149
23:04:44.704 kworker        2643707 nvme1n1 WM   384        8192      0.151
23:04:44.704 kworker        2643707 nvme1n1 WM   440        4096      0.152
23:04:44.704 kworker        2643707 nvme1n1 WM   568        4096      0.155
23:04:44.704 kworker        2643707 nvme1n1 WM   600        4096      0.155
23:04:44.704 kworker        2643707 nvme1n1 WM   672        4096      0.154
23:04:44.704 kworker        2643707 nvme1n1 WM   816        4096      0.155
23:04:44.704 kworker        2643707 nvme1n1 WM   8388608    4096      0.156
23:04:44.704 kworker        2643707 nvme1n1 WM   0          28672     0.177
23:04:44.704 kworker        2643707 nvme1n1 WM   352        12288     0.175
23:04:44.704 kworker        2643707 nvme1n1 WM   624        20480     0.175
23:04:44.704 kworker        2643707 nvme1n1 WM   712        49152     0.199
23:04:44.705 kworker        2643707 nvme1n1 WM   29360128   4096      0.077
23:04:44.705 kworker        2643707 nvme1n1 WM   33554544   4096      0.097
23:04:44.705 kworker        2643707 nvme1n1 WM   37748744   8192      0.102
23:04:44.705 kworker        2643707 nvme1n1 WM   37748784   4096      0.103
23:04:44.705 kworker        2643707 nvme1n1 WM   46137344   4096      0.103
23:04:44.705 kworker        2643707 nvme1n1 WM   46137432   4096      0.106
23:04:44.705 kworker        2643707 nvme1n1 WM   62914600   4096      0.109
23:04:44.705 kworker        2643707 nvme1n1 WM   62914624   4096      0.110
23:04:44.705 kworker        2643707 nvme1n1 WM   67108976   8192      0.108
23:04:44.705 kworker        2643707 nvme1n1 WM   75497592   4096      0.105
23:04:44.705 kworker        2643707 nvme1n1 WM   79691792   4096      0.107
23:04:44.705 kworker        2643707 nvme1n1 WM   62914640   24576     0.121
23:04:44.705 kworker        2643707 nvme1n1 WM   67108864   28672     0.138
23:04:44.705 kworker        2643707 nvme1n1 WM   71303168   65536     0.179
23:04:44.705 kworker        2643707 nvme1n1 WM   75497472   57344     0.211
23:04:44.705 kworker        2643707 nvme1n1 WM   79691808   28672     0.226
23:04:44.705 kworker        2643707 nvme1n1 WM   79691872   8192      0.085
23:04:44.705 kworker        2643707 nvme1n1 WM   79691896   4096      0.086
23:04:44.705 kworker        2643707 nvme1n1 WM   83886080   4096      0.092
23:04:44.705 kworker        2643707 nvme1n1 WM   167772256  4096      0.100
23:04:44.705 kworker        2643707 nvme1n1 WM   167772280  4096      0.093
23:04:44.705 kworker        2643707 nvme1n1 WM   243269640  4096      0.097
23:04:44.705 kworker        2643707 nvme1n1 WM   310378544  4096      0.100
23:04:44.705 kworker        2643707 nvme1n1 WM   461373728  4096      0.102
23:04:44.705 kworker        2643707 nvme1n1 WM   566231048  8192      0.110
23:04:44.705 kworker        2643707 nvme1n1 WM   570425392  4096      0.115
23:04:44.705 kworker        2643707 nvme1n1 WM   570425408  4096      0.115
23:04:44.705 kworker        2643707 nvme1n1 WM   583008264  4096      0.116
23:04:44.705 kworker        2643707 nvme1n1 WM   583008296  4096      0.117
23:04:44.705 kworker        2643707 nvme1n1 WM   310378584  20480     0.124
23:04:44.705 kworker        2643707 nvme1n1 WM   629162040  4096      0.077
23:04:44.705 kworker        2643707 nvme1n1 WM   629162112  4096      0.085
23:04:44.705 kworker        2643707 nvme1n1 WM   633339912  4096      0.090
23:04:44.705 kworker        2643707 nvme1n1 WM   633340032  4096      0.100
23:04:44.705 kworker        2643707 nvme1n1 WM   637534272  4096      0.100
23:04:44.705 kworker        2643707 nvme1n1 WM   729808896  4096      0.100
23:04:44.705 kworker        2643707 nvme1n1 WM   729808936  4096      0.101
23:04:44.705 kworker        2643707 nvme1n1 WM   742391808  4096      0.101
23:04:44.705 kworker        2643707 nvme1n1 WM   759169024  4096      0.102
23:04:44.705 kworker        2643707 nvme1n1 WM   763363328  4096      0.104
23:04:44.705 kworker        2643707 nvme1n1 WM   796917768  8192      0.107
23:04:44.705 kworker        2643707 nvme1n1 WM   809500712  4096      0.113
23:04:44.705 kworker        2643707 nvme1n1 WM   905969920  4096      0.114
23:04:44.705 kworker        2643707 nvme1n1 WM   629145624  12288     0.126
23:04:44.705 kworker        2643707 nvme1n1 WM   633340600  131072    0.196
23:04:44.705 kworker        2643707 nvme1n1 WM   633340856  20480     0.215
23:04:44.707 kworker        2643707 nvme1n1 WM   910164152  4096      0.083
23:04:44.707 kworker        2643707 nvme1n1 WM   1174405200 4096      0.087
23:04:44.707 kworker        2643707 nvme1n1 WM   1249902648 4096      0.091
23:04:44.707 kworker        2643707 nvme1n1 WM   1249924696 8192      0.098
23:04:44.707 kworker        2643707 nvme1n1 WM   1249924728 4096      0.102
23:04:44.707 kworker        2643707 nvme1n1 WM   1276768888 4096      0.105
23:04:44.707 kworker        2643707 nvme1n1 WM   1276769216 4096      0.107
23:04:44.707 kworker        2643707 nvme1n1 WM   1276770704 4096      0.108
23:04:44.707 kworker        2643707 nvme1n1 WM   1276771064 4096      0.109
23:04:44.707 kworker        2643707 nvme1n1 WM   1276771160 4096      0.113
23:04:44.707 kworker        2643707 nvme1n1 WM   1276772064 4096      0.116
23:04:44.707 kworker        2643707 nvme1n1 WM   1279128168 4096      0.117
23:04:44.707 kworker        2643707 nvme1n1 WM   1279128720 8192      0.118
23:04:44.707 kworker        2643707 nvme1n1 WM   910196328  131072    0.197
23:04:44.707 kworker        2643707 nvme1n1 WM   910196584  36864     0.222
23:04:44.707 kworker        2643707 nvme1n1 WM   1249924456 110592    0.281
23:04:44.707 kworker        2643707 nvme1n1 WM   1279128744 4096      0.084
23:04:44.707 kworker        2643707 nvme1n1 WM   1279129176 4096      0.088
23:04:44.707 kworker        2643707 nvme1n1 WM   1279129352 4096      0.092
23:04:44.707 kworker        2643707 nvme1n1 WM   1279129808 4096      0.098
23:04:44.707 kworker        2643707 nvme1n1 WM   1279130344 4096      0.100
23:04:44.707 kworker        2643707 nvme1n1 WM   1279130760 8192      0.102
23:04:44.707 kworker        2643707 nvme1n1 WM   1279131104 4096      0.105
23:04:44.707 kworker        2643707 nvme1n1 WM   1279131288 4096      0.106
23:04:44.707 kworker        2643707 nvme1n1 WM   1279258616 4096      0.116
23:04:44.707 kworker        2643707 nvme1n1 WM   1279259456 4096      0.117
23:04:44.707 kworker        2643707 nvme1n1 WM   1279259656 4096      0.122
23:04:44.707 kworker        2643707 nvme1n1 WM   1279259688 4096      0.123
23:04:44.707 kworker        2643707 nvme1n1 WM   1279259792 4096      0.125
23:04:44.707 kworker        2643707 nvme1n1 WM   1279260144 4096      0.125
23:04:44.707 kworker        2643707 nvme1n1 WM   1279260536 4096      0.128
23:04:44.707 kworker        2643707 nvme1n1 WM   1279260736 4096      0.131
23:04:44.707 kworker        2643707 nvme1n1 WM   1279261240 4096      0.078
23:04:44.707 kworker        2643707 nvme1n1 WM   1279261304 4096      0.087
23:04:44.707 kworker        2643707 nvme1n1 WM   1279261464 4096      0.108
23:04:44.707 kworker        2643707 nvme1n1 WM   1279651920 4096      0.113
23:04:44.707 kworker        2643707 nvme1n1 WM   1279651952 4096      0.114
23:04:44.707 kworker        2643707 nvme1n1 WM   1279652200 4096      0.117
23:04:44.707 kworker        2643707 nvme1n1 WM   1279652336 4096      0.118
23:04:44.707 kworker        2643707 nvme1n1 WM   1279653136 4096      0.129
23:04:44.707 kworker        2643707 nvme1n1 WM   1279653416 4096      0.130
23:04:44.707 kworker        2643707 nvme1n1 WM   1279653432 4096      0.130
23:04:44.707 kworker        2643707 nvme1n1 WM   1279653808 4096      0.132
23:04:44.707 kworker        2643707 nvme1n1 WM   1279654200 4096      0.134
23:04:44.707 kworker        2643707 nvme1n1 WM   1279654320 4096      0.137
23:04:44.707 kworker        2643707 nvme1n1 WM   1279654552 4096      0.138
23:04:44.707 kworker        2643707 nvme1n1 WM   1279654736 4096      0.139
23:04:44.707 kworker        2643707 nvme1n1 WM   1279655200 4096      0.141
23:04:44.707 kworker        2643707 nvme1n1 WM   1279655704 4096      0.079
23:04:44.707 kworker        2643707 nvme1n1 WM   1279655856 4096      0.083
23:04:44.707 kworker        2643707 nvme1n1 WM   1279783288 4096      0.087
23:04:44.708 kworker        2643707 nvme1n1 WM   1279783336 4096      0.097
23:04:44.708 kworker        2643707 nvme1n1 WM   1279783552 4096      0.100
23:04:44.708 kworker        2643707 nvme1n1 WM   1279783616 4096      0.101
23:04:44.708 kworker        2643707 nvme1n1 WM   1279783736 4096      0.107
23:04:44.708 kworker        2643707 nvme1n1 WM   1279784232 4096      0.108
23:04:44.708 kworker        2643707 nvme1n1 WM   1279784248 4096      0.116
23:04:44.708 kworker        2643707 nvme1n1 WM   1279784728 4096      0.118
23:04:44.708 kworker        2643707 nvme1n1 WM   1279784872 8192      0.121
23:04:44.708 kworker        2643707 nvme1n1 WM   1279784960 4096      0.121
23:04:44.708 kworker        2643707 nvme1n1 WM   1279785576 4096      0.122
23:04:44.708 kworker        2643707 nvme1n1 WM   1279785656 4096      0.123
23:04:44.708 kworker        2643707 nvme1n1 WM   1279785784 8192      0.124
23:04:44.708 kworker        2643707 nvme1n1 WM   1279786352 4096      0.129
23:04:44.708 kworker        2643707 nvme1n1 WM   1279786400 4096      0.080
23:04:44.708 kworker        2643707 nvme1n1 WM   1279786912 4096      0.085
23:04:44.708 kworker        2643707 nvme1n1 WM   1282011520 4096      0.098
23:04:44.708 kworker        2643707 nvme1n1 WM   1282011672 4096      0.101
23:04:44.708 kworker        2643707 nvme1n1 WM   1282011704 4096      0.101
23:04:44.708 kworker        2643707 nvme1n1 WM   1282011984 4096      0.104
23:04:44.708 kworker        2643707 nvme1n1 WM   1282012384 4096      0.107
23:04:44.708 kworker        2643707 nvme1n1 WM   1282012816 4096      0.108
23:04:44.708 kworker        2643707 nvme1n1 WM   1282013480 4096      0.111
23:04:44.708 kworker        2643707 nvme1n1 WM   1282013608 4096      0.112
23:04:44.708 kworker        2643707 nvme1n1 WM   1282014056 4096      0.116
23:04:44.708 kworker        2643707 nvme1n1 WM   1282014176 4096      0.117
23:04:44.708 kworker        2643707 nvme1n1 WM   1282015056 4096      0.118
23:04:44.708 kworker        2643707 nvme1n1 WM   1282273392 4096      0.119
23:04:44.708 kworker        2643707 nvme1n1 WM   1282273408 4096      0.119
23:04:44.708 kworker        2643707 nvme1n1 WM   1282273592 4096      0.120
23:04:44.708 kworker        2643707 nvme1n1 WM   1282273624 4096      0.081
23:04:44.708 kworker        2643707 nvme1n1 WM   1282273672 4096      0.087
23:04:44.708 kworker        2643707 nvme1n1 WM   1282273704 4096      0.088
23:04:44.708 kworker        2643707 nvme1n1 WM   1282274096 8192      0.099
23:04:44.708 kworker        2643707 nvme1n1 WM   1282274168 4096      0.102
23:04:44.708 kworker        2643707 nvme1n1 WM   1282274184 4096      0.103
23:04:44.708 kworker        2643707 nvme1n1 WM   1282274568 4096      0.103
23:04:44.708 kworker        2643707 nvme1n1 WM   1282276064 4096      0.110
23:04:44.708 kworker        2643707 nvme1n1 WM   1282276080 4096      0.126
23:04:44.708 kworker        2643707 nvme1n1 WM   1282276544 4096      0.127
23:04:44.708 kworker        2643707 nvme1n1 WM   1282276680 4096      0.129
23:04:44.708 kworker        2643707 nvme1n1 WM   1282277024 4096      0.131
23:04:44.708 kworker        2643707 nvme1n1 WM   1282929848 4096      0.132
23:04:44.708 kworker        2643707 nvme1n1 WM   1283060056 4096      0.133
23:04:44.708 kworker        2643707 nvme1n1 WM   1283060072 4096      0.134
23:04:44.708 kworker        2643707 nvme1n1 WM   1283060464 4096      0.135
23:04:44.708 kworker        2643707 nvme1n1 WM   1283060480 4096      0.081
23:04:44.708 kworker        2643707 nvme1n1 WM   1283060912 4096      0.088
23:04:44.708 kworker        2643707 nvme1n1 WM   1283061032 4096      0.089
23:04:44.708 kworker        2643707 nvme1n1 WM   1283061144 4096      0.094
23:04:44.708 kworker        2643707 nvme1n1 WM   1283062656 4096      0.111
23:04:44.708 kworker        2643707 nvme1n1 WM   1283322408 4096      0.116
23:04:44.708 kworker        2643707 nvme1n1 WM   1283323728 4096      0.117
23:04:44.708 kworker        2643707 nvme1n1 WM   1283323888 4096      0.117
23:04:44.708 kworker        2643707 nvme1n1 WM   1283323912 4096      0.118
23:04:44.708 kworker        2643707 nvme1n1 WM   1283324112 4096      0.120
23:04:44.708 kworker        2643707 nvme1n1 WM   1283325272 4096      0.121
23:04:44.708 kworker        2643707 nvme1n1 WM   1283325696 4096      0.122
23:04:44.708 kworker        2643707 nvme1n1 WM   1283325856 4096      0.123
23:04:44.708 kworker        2643707 nvme1n1 WM   1283453144 4096      0.124
23:04:44.708 kworker        2643707 nvme1n1 WM   1283453248 8192      0.126
23:04:44.709 kworker        2643707 nvme1n1 WM   1283453672 4096      0.127
23:04:44.709 kworker        2643707 nvme1n1 WM   1283454584 4096      0.081
23:04:44.709 kworker        2643707 nvme1n1 WM   1283455088 4096      0.086
23:04:44.709 kworker        2643707 nvme1n1 WM   1283455104 4096      0.097
23:04:44.709 kworker        2643707 nvme1n1 WM   1283455672 4096      0.102
23:04:44.709 kworker        2643707 nvme1n1 WM   1283456120 4096      0.103
23:04:44.709 kworker        2643707 nvme1n1 WM   1283456152 4096      0.104
23:04:44.709 kworker        2643707 nvme1n1 WM   1283456328 4096      0.109
23:04:44.709 kworker        2643707 nvme1n1 WM   1283456480 4096      0.110
23:04:44.709 kworker        2643707 nvme1n1 WM   1283456736 4096      0.112
23:04:44.709 kworker        2643707 nvme1n1 WM   1283846256 4096      0.122
23:04:44.709 kworker        2643707 nvme1n1 WM   1283846576 4096      0.125
23:04:44.709 kworker        2643707 nvme1n1 WM   1283846592 4096      0.125
23:04:44.709 kworker        2643707 nvme1n1 WM   1283846680 4096      0.126
23:04:44.709 kworker        2643707 nvme1n1 WM   1283846696 4096      0.127
23:04:44.709 kworker        2643707 nvme1n1 WM   1283847408 4096      0.127
23:04:44.709 kworker        2643707 nvme1n1 WM   1283847584 4096      0.128
23:04:44.709 kworker        2643707 nvme1n1 WM   1283848936 4096      0.078
23:04:44.709 kworker        2643707 nvme1n1 WM   1283848952 8192      0.080
23:04:44.709 kworker        2643707 nvme1n1 WM   1283849208 4096      0.084
23:04:44.709 kworker        2643707 nvme1n1 WM   1283849240 4096      0.089
23:04:44.709 kworker        2643707 nvme1n1 WM   1283977296 4096      0.096
23:04:44.709 kworker        2643707 nvme1n1 WM   1283977680 4096      0.097
23:04:44.709 kworker        2643707 nvme1n1 WM   1283978024 4096      0.098
23:04:44.709 kworker        2643707 nvme1n1 WM   1283978360 4096      0.102
23:04:44.709 kworker        2643707 nvme1n1 WM   1283978520 4096      0.103
23:04:44.709 kworker        2643707 nvme1n1 WM   1283978536 4096      0.110
23:04:44.709 kworker        2643707 nvme1n1 WM   1283979376 4096      0.113
23:04:44.709 kworker        2643707 nvme1n1 WM   1284108328 4096      0.114
23:04:44.709 kworker        2643707 nvme1n1 WM   1284108520 4096      0.114
23:04:44.709 kworker        2643707 nvme1n1 WM   1284108776 4096      0.115
23:04:44.709 kworker        2643707 nvme1n1 WM   1284109368 4096      0.115
23:04:44.709 kworker        2643707 nvme1n1 WM   1284110544 4096      0.115
23:04:44.709 kworker        2643707 nvme1n1 WM   1284110960 4096      0.079
23:04:44.709 kworker        2643707 nvme1n1 WM   1284111936 4096      0.091
23:04:44.709 kworker        2643707 nvme1n1 WM   1284112128 4096      0.098
23:04:44.709 kworker        2643707 nvme1n1 WM   1284112144 4096      0.102
23:04:44.709 kworker        2643707 nvme1n1 WM   1284112160 4096      0.105
23:04:44.709 kworker        2643707 nvme1n1 WM   1284112352 4096      0.113
23:04:44.709 kworker        2643707 nvme1n1 WM   1284239720 4096      0.114
23:04:44.709 kworker        2643707 nvme1n1 WM   1284239768 4096      0.116
23:04:44.709 kworker        2643707 nvme1n1 WM   1284239928 4096      0.116
23:04:44.709 kworker        2643707 nvme1n1 WM   1284240184 4096      0.117
23:04:44.709 kworker        2643707 nvme1n1 WM   1284240232 4096      0.119
23:04:44.709 kworker        2643707 nvme1n1 WM   1284240264 4096      0.120
23:04:44.709 kworker        2643707 nvme1n1 WM   1284240520 4096      0.120
23:04:44.709 kworker        2643707 nvme1n1 WM   1284240704 4096      0.121
23:04:44.709 kworker        2643707 nvme1n1 WM   1284240728 4096      0.122
23:04:44.709 kworker        2643707 nvme1n1 WM   1284240928 4096      0.123
23:04:44.709 kworker        2643707 nvme1n1 WM   1284241024 4096      0.075
23:04:44.709 kworker        2643707 nvme1n1 WM   1284241464 4096      0.079
23:04:44.709 kworker        2643707 nvme1n1 WM   1284241600 4096      0.086
23:04:44.709 kworker        2643707 nvme1n1 WM   1284242968 4096      0.093
23:04:44.709 kworker        2643707 nvme1n1 WM   1284243144 4096      0.100
23:04:44.709 kworker        2643707 nvme1n1 WM   1284243176 4096      0.103
23:04:44.709 kworker        2643707 nvme1n1 WM   1284371392 4096      0.114
23:04:44.709 kworker        2643707 nvme1n1 WM   1284371552 4096      0.115
23:04:44.709 kworker        2643707 nvme1n1 WM   1284371760 4096      0.116
23:04:44.709 kworker        2643707 nvme1n1 WM   1284373008 4096      0.117
23:04:44.709 kworker        2643707 nvme1n1 WM   1284373360 4096      0.119
23:04:44.709 kworker        2643707 nvme1n1 WM   1284374184 4096      0.120
23:04:44.709 kworker        2643707 nvme1n1 WM   1284374248 4096      0.121
23:04:44.709 kworker        2643707 nvme1n1 WM   1284374296 4096      0.122
23:04:44.709 kworker        2643707 nvme1n1 WM   1284501872 4096      0.123
23:04:44.709 kworker        2643707 nvme1n1 WM   1284501888 4096      0.124
23:04:44.709 kworker        2643707 nvme1n1 WM   1284501936 4096      0.078
23:04:44.709 kworker        2643707 nvme1n1 WM   1284501952 4096      0.085
23:04:44.709 kworker        2643707 nvme1n1 WM   1284503208 4096      0.093
23:04:44.709 kworker        2643707 nvme1n1 WM   1284503224 4096      0.097
23:04:44.709 kworker        2643707 nvme1n1 WM   1284503832 4096      0.100
23:04:44.709 kworker        2643707 nvme1n1 WM   1284504208 4096      0.101
23:04:44.709 kworker        2643707 nvme1n1 WM   1284504600 4096      0.104
23:04:44.709 kworker        2643707 nvme1n1 WM   1284632736 4096      0.106
23:04:44.709 kworker        2643707 nvme1n1 WM   1284633528 4096      0.109
23:04:44.710 kworker        2643707 nvme1n1 WM   1284634040 4096      0.113
23:04:44.710 kworker        2643707 nvme1n1 WM   1284634832 4096      0.115
23:04:44.710 kworker        2643707 nvme1n1 WM   1284635976 4096      0.116
23:04:44.710 kworker        2643707 nvme1n1 WM   1284636120 4096      0.117
23:04:44.710 kworker        2643707 nvme1n1 WM   1284636336 4096      0.117
23:04:44.710 kworker        2643707 nvme1n1 WM   1284636408 4096      0.118
23:04:44.710 kworker        2643707 nvme1n1 WM   1284636528 4096      0.119
23:04:44.710 kworker        2643707 nvme1n1 WM   1284636560 4096      0.073
23:04:44.710 kworker        2643707 nvme1n1 WM   1284764320 4096      0.081
23:04:44.710 kworker        2643707 nvme1n1 WM   1284764360 4096      0.097
23:04:44.710 kworker        2643707 nvme1n1 WM   1284764640 4096      0.098
23:04:44.710 kworker        2643707 nvme1n1 WM   1284765256 4096      0.098
23:04:44.710 kworker        2643707 nvme1n1 WM   1284765296 4096      0.101
23:04:44.710 kworker        2643707 nvme1n1 WM   1284765816 4096      0.104
23:04:44.710 kworker        2643707 nvme1n1 WM   1284766232 4096      0.105
23:04:44.710 kworker        2643707 nvme1n1 WM   1284766536 4096      0.105
23:04:44.710 kworker        2643707 nvme1n1 WM   1284766712 4096      0.109
23:04:44.710 kworker        2643707 nvme1n1 WM   1284766856 4096      0.115
23:04:44.710 kworker        2643707 nvme1n1 WM   1284767024 4096      0.117
23:04:44.710 kworker        2643707 nvme1n1 WM   1284767056 4096      0.117
23:04:44.710 kworker        2643707 nvme1n1 WM   1284767240 4096      0.117
23:04:44.710 kworker        2643707 nvme1n1 WM   1284767432 4096      0.118
23:04:44.710 kworker        2643707 nvme1n1 WM   1285157344 4096      0.118
23:04:44.710 kworker        2643707 nvme1n1 WM   1285158152 4096      0.074
23:04:44.710 kworker        2643707 nvme1n1 WM   1285158336 4096      0.078
23:04:44.710 kworker        2643707 nvme1n1 WM   1285159256 4096      0.086
23:04:44.710 kworker        2643707 nvme1n1 WM   1285159400 4096      0.088
23:04:44.710 kworker        2643707 nvme1n1 WM   1288040536 4096      0.095
23:04:44.710 kworker        2643707 nvme1n1 WM   1288041088 4096      0.097
23:04:44.710 kworker        2643707 nvme1n1 WM   1288042152 4096      0.103
23:04:44.710 kworker        2643707 nvme1n1 WM   1288042472 4096      0.104
23:04:44.710 kworker        2643707 nvme1n1 WM   1288044176 4096      0.110
23:04:44.710 kworker        2643707 nvme1n1 WM   1288044192 4096      0.110
23:04:44.710 kworker        2643707 nvme1n1 WM   1288044368 4096      0.114
23:04:44.710 kworker        2643707 nvme1n1 WM   1288044432 4096      0.114
23:04:44.710 kworker        2643707 nvme1n1 WM   1288303736 4096      0.115
23:04:44.710 kworker        2643707 nvme1n1 WM   1288303952 4096      0.132
23:04:44.710 kworker        2643707 nvme1n1 WM   1288304432 4096      0.133
23:04:44.710 kworker        2643707 nvme1n1 WM   1288304976 4096      0.134
23:04:44.710 kworker        2643707 nvme1n1 WM   1288305104 4096      0.076
23:04:44.711 kworker        2643707 nvme1n1 WM   1288305200 4096      0.083
23:04:44.711 kworker        2643707 nvme1n1 WM   1288305584 4096      0.088
23:04:44.711 kworker        2643707 nvme1n1 WM   1288305624 4096      0.104
23:04:44.711 kworker        2643707 nvme1n1 WM   1288305824 4096      0.106
23:04:44.711 kworker        2643707 nvme1n1 WM   1288305896 4096      0.108
23:04:44.711 kworker        2643707 nvme1n1 WM   1288305912 4096      0.109
23:04:44.711 kworker        2643707 nvme1n1 WM   1288306048 4096      0.110
23:04:44.711 kworker        2643707 nvme1n1 WM   1288306432 4096      0.111
23:04:44.711 kworker        2643707 nvme1n1 WM   1288433760 4096      0.112
23:04:44.711 kworker        2643707 nvme1n1 WM   1288433952 4096      0.114
23:04:44.711 kworker        2643707 nvme1n1 WM   1288434456 4096      0.115
23:04:44.711 kworker        2643707 nvme1n1 WM   1288434680 4096      0.116
23:04:44.711 kworker        2643707 nvme1n1 WM   1288434952 4096      0.116
23:04:44.711 kworker        2643707 nvme1n1 WM   1288435312 4096      0.121
23:04:44.711 kworker        2643707 nvme1n1 WM   1288436296 4096      0.121
23:04:44.711 kworker        2643707 nvme1n1 WM   1288436680 8192      0.085
23:04:44.711 kworker        2643707 nvme1n1 WM   1288436920 8192      0.092
23:04:44.711 kworker        2643707 nvme1n1 WM   1288437312 4096      0.093
23:04:44.711 kworker        2643707 nvme1n1 WM   1288437472 4096      0.105
23:04:44.711 kworker        2643707 nvme1n1 WM   1288565048 4096      0.111
23:04:44.711 kworker        2643707 nvme1n1 WM   1288565464 4096      0.112
23:04:44.711 kworker        2643707 nvme1n1 WM   1288566064 8192      0.117
23:04:44.711 kworker        2643707 nvme1n1 WM   1288567640 4096      0.124
23:04:44.711 kworker        2643707 nvme1n1 WM   1288567736 4096      0.126
23:04:44.711 kworker        2643707 nvme1n1 WM   1288568136 4096      0.127
23:04:44.711 kworker        2643707 nvme1n1 WM   1288568480 4096      0.130
23:04:44.711 kworker        2643707 nvme1n1 WM   1288568792 4096      0.131
23:04:44.711 kworker        2643707 nvme1n1 WM   1288696400 4096      0.132
23:04:44.711 kworker        2643707 nvme1n1 WM   1288696616 4096      0.133
23:04:44.711 kworker        2643707 nvme1n1 WM   1288696704 4096      0.134
23:04:44.711 kworker        2643707 nvme1n1 WM   1288697536 4096      0.134
23:04:44.711 kworker        2643707 nvme1n1 WM   1288697752 4096      0.079
23:04:44.711 kworker        2643707 nvme1n1 WM   1288697944 4096      0.085
23:04:44.711 kworker        2643707 nvme1n1 WM   1288698104 4096      0.099
23:04:44.711 kworker        2643707 nvme1n1 WM   1288698328 4096      0.102
23:04:44.711 kworker        2643707 nvme1n1 WM   1288827392 4096      0.103
23:04:44.711 kworker        2643707 nvme1n1 WM   1288828640 4096      0.107
23:04:44.711 kworker        2643707 nvme1n1 WM   1288830384 4096      0.109
23:04:44.711 kworker        2643707 nvme1n1 WM   1288830560 4096      0.110
23:04:44.711 kworker        2643707 nvme1n1 WM   1288830736 4096      0.111
23:04:44.711 kworker        2643707 nvme1n1 WM   1288830752 4096      0.117
23:04:44.711 kworker        2643707 nvme1n1 WM   1288958080 4096      0.120
23:04:44.711 kworker        2643707 nvme1n1 WM   1288958928 4096      0.120
23:04:44.711 kworker        2643707 nvme1n1 WM   1288959824 8192      0.119
23:04:44.711 kworker        2643707 nvme1n1 WM   1288959848 4096      0.120
23:04:44.711 kworker        2643707 nvme1n1 WM   1288959864 4096      0.120
23:04:44.711 kworker        2643707 nvme1n1 WM   1288960360 4096      0.121
23:04:44.711 kworker        2643707 nvme1n1 WM   1288961256 4096      0.073
23:04:44.711 kworker        2643707 nvme1n1 WM   1288961288 4096      0.079
23:04:44.711 kworker        2643707 nvme1n1 WM   1288961320 4096      0.090
23:04:44.711 kworker        2643707 nvme1n1 WM   1288961656 4096      0.092
23:04:44.711 kworker        2643707 nvme1n1 WM   1288961688 4096      0.095
23:04:44.711 kworker        2643707 nvme1n1 WM   1289089856 4096      0.098
23:04:44.711 kworker        2643707 nvme1n1 WM   1289091392 4096      0.100
23:04:44.711 kworker        2643707 nvme1n1 WM   1289091680 4096      0.111
23:04:44.711 kworker        2643707 nvme1n1 WM   1289091880 8192      0.111
23:04:44.711 kworker        2643707 nvme1n1 WM   1289092408 4096      0.113
23:04:44.711 kworker        2643707 nvme1n1 WM   1289092440 4096      0.116
23:04:44.711 kworker        2643707 nvme1n1 WM   1289092696 4096      0.117
23:04:44.711 kworker        2643707 nvme1n1 WM   1289092824 4096      0.117
23:04:44.711 kworker        2643707 nvme1n1 WM   1289093024 4096      0.118
23:04:44.711 kworker        2643707 nvme1n1 WM   1289221544 4096      0.118
23:04:44.711 kworker        2643707 nvme1n1 WM   1289222008 4096      0.119
23:04:44.711 kworker        2643707 nvme1n1 WM   1289222688 4096      0.077
23:04:44.711 kworker        2643707 nvme1n1 WM   1289222960 4096      0.083
23:04:44.711 kworker        2643707 nvme1n1 WM   1289223112 4096      0.095
23:04:44.711 kworker        2643707 nvme1n1 WM   1289223840 4096      0.101
23:04:44.711 kworker        2643707 nvme1n1 WM   1289351128 4096      0.102
23:04:44.711 kworker        2643707 nvme1n1 WM   1289351176 4096      0.103
23:04:44.711 kworker        2643707 nvme1n1 WM   1289351192 4096      0.107
23:04:44.711 kworker        2643707 nvme1n1 WM   1289351288 4096      0.108
23:04:44.711 kworker        2643707 nvme1n1 WM   1289351392 4096      0.117
23:04:44.711 kworker        2643707 nvme1n1 WM   1289351480 4096      0.118
23:04:44.711 kworker        2643707 nvme1n1 WM   1289351496 4096      0.120
23:04:44.712 kworker        2643707 nvme1n1 WM   1289351744 4096      0.121
23:04:44.712 kworker        2643707 nvme1n1 WM   1289352232 4096      0.122
23:04:44.712 kworker        2643707 nvme1n1 WM   1289352264 4096      0.122
23:04:44.712 kworker        2643707 nvme1n1 WM   1289352392 4096      0.123
23:04:44.712 kworker        2643707 nvme1n1 WM   1289352648 4096      0.124
23:04:44.712 kworker        2643707 nvme1n1 WM   1289352904 4096      0.084
23:04:44.712 kworker        2643707 nvme1n1 WM   1289353304 4096      0.086
23:04:44.712 kworker        2643707 nvme1n1 WM   1289353512 4096      0.102
23:04:44.712 kworker        2643707 nvme1n1 WM   1289354032 4096      0.107
23:04:44.712 kworker        2643707 nvme1n1 WM   1289354192 8192      0.109
23:04:44.712 kworker        2643707 nvme1n1 WM   1289354544 4096      0.110
23:04:44.712 kworker        2643707 nvme1n1 WM   1289354600 4096      0.113
23:04:44.712 kworker        2643707 nvme1n1 WM   1289354856 4096      0.113
23:04:44.712 kworker        2643707 nvme1n1 WM   1289354872 4096      0.114
23:04:44.712 kworker        2643707 nvme1n1 WM   1289354912 4096      0.116
23:04:44.712 kworker        2643707 nvme1n1 WM   1289354928 4096      0.125
23:04:44.712 kworker        2643707 nvme1n1 WM   1289355216 4096      0.126
23:04:44.712 kworker        2643707 nvme1n1 WM   1289482384 4096      0.127
23:04:44.712 kworker        2643707 nvme1n1 WM   1289482400 4096      0.128
23:04:44.712 kworker        2643707 nvme1n1 WM   1289482656 4096      0.129
23:04:44.712 kworker        2643707 nvme1n1 WM   1289482928 4096      0.130
23:04:44.712 kworker        2643707 nvme1n1 WM   1289483544 4096      0.081
23:04:44.712 kworker        2643707 nvme1n1 WM   1289483624 4096      0.083
23:04:44.712 kworker        2643707 nvme1n1 WM   1289483720 4096      0.084
23:04:44.712 kworker        2643707 nvme1n1 WM   1289483832 4096      0.088
23:04:44.712 kworker        2643707 nvme1n1 WM   1289483992 4096      0.098
23:04:44.712 kworker        2643707 nvme1n1 WM   1289484552 4096      0.103
23:04:44.712 kworker        2643707 nvme1n1 WM   1289484568 4096      0.104
23:04:44.712 kworker        2643707 nvme1n1 WM   1289484792 4096      0.107
23:04:44.712 kworker        2643707 nvme1n1 WM   1289614216 4096      0.110
23:04:44.712 kworker        2643707 nvme1n1 WM   1289614328 4096      0.111
23:04:44.712 kworker        2643707 nvme1n1 WM   1289615664 4096      0.118
23:04:44.712 kworker        2643707 nvme1n1 WM   1289615680 4096      0.119
23:04:44.712 kworker        2643707 nvme1n1 WM   1289616000 4096      0.120
23:04:44.712 kworker        2643707 nvme1n1 WM   1289616400 4096      0.121
23:04:44.712 kworker        2643707 nvme1n1 WM   1289617376 4096      0.122
23:04:44.712 kworker        2643707 nvme1n1 WM   1289617392 4096      0.123
23:04:44.712 kworker        2643707 nvme1n1 WM   1289745936 4096      0.074
23:04:44.712 kworker        2643707 nvme1n1 WM   1289746064 4096      0.079
23:04:44.712 kworker        2643707 nvme1n1 WM   1289747000 4096      0.091
23:04:44.712 kworker        2643707 nvme1n1 WM   1289747088 4096      0.098
23:04:44.712 kworker        2643707 nvme1n1 WM   1289747104 4096      0.098
23:04:44.712 kworker        2643707 nvme1n1 WM   1289747600 4096      0.099
23:04:44.712 kworker        2643707 nvme1n1 WM   1289877400 4096      0.105
23:04:44.712 kworker        2643707 nvme1n1 WM   1289877544 4096      0.106
23:04:44.712 kworker        2643707 nvme1n1 WM   1290007544 4096      0.114
23:04:44.712 kworker        2643707 nvme1n1 WM   1290009040 4096      0.115
23:04:44.712 kworker        2643707 nvme1n1 WM   1290009088 4096      0.117
23:04:44.712 kworker        2643707 nvme1n1 WM   1290138248 4096      0.118
23:04:44.712 kworker        2643707 nvme1n1 WM   1290138592 4096      0.119
23:04:44.712 kworker        2643707 nvme1n1 WM   1290139080 4096      0.119
23:04:44.712 kworker        2643707 nvme1n1 WM   1290139112 4096      0.120
23:04:44.712 kworker        2643707 nvme1n1 WM   1290141480 4096      0.121
23:04:44.713 kworker        2643707 nvme1n1 WM   1290270032 4096      0.072
23:04:44.713 kworker        2643707 nvme1n1 WM   1290401120 4096      0.079
23:04:44.713 kworker        2643707 nvme1n1 WM   1290401152 4096      0.091
23:04:44.713 kworker        2643707 nvme1n1 WM   1290532160 4096      0.096
23:04:44.713 kworker        2643707 nvme1n1 WM   1290532512 4096      0.097
23:04:44.713 kworker        2643707 nvme1n1 WM   1290532528 4096      0.098
23:04:44.713 kworker        2643707 nvme1n1 WM   1290662048 4096      0.105
23:04:44.713 kworker        2643707 nvme1n1 WM   1290662176 4096      0.109
23:04:44.713 kworker        2643707 nvme1n1 WM   1290662232 4096      0.115
23:04:44.713 kworker        2643707 nvme1n1 WM   1290662480 4096      0.117
23:04:44.713 kworker        2643707 nvme1n1 WM   1290663312 4096      0.119
23:04:44.713 kworker        2643707 nvme1n1 WM   1290663704 4096      0.120
23:04:44.713 kworker        2643707 nvme1n1 WM   1290664496 4096      0.121
23:04:44.713 kworker        2643707 nvme1n1 WM   1290664672 8192      0.123
23:04:44.713 kworker        2643707 nvme1n1 WM   1290665136 4096      0.124
23:04:44.713 kworker        2643707 nvme1n1 WM   1290665624 4096      0.125
23:04:44.713 kworker        2643707 nvme1n1 WM   1290665680 4096      0.076
23:04:44.713 kworker        2643707 nvme1n1 WM   1290665696 4096      0.083
23:04:44.713 kworker        2643707 nvme1n1 WM   1290665840 4096      0.090
23:04:44.713 kworker        2643707 nvme1n1 WM   1290665856 4096      0.091
23:04:44.713 kworker        2643707 nvme1n1 WM   1290792856 4096      0.093
23:04:44.713 kworker        2643707 nvme1n1 WM   1290793072 4096      0.097
23:04:44.713 kworker        2643707 nvme1n1 WM   1290793304 4096      0.098
23:04:44.713 kworker        2643707 nvme1n1 WM   1290793336 4096      0.102
23:04:44.713 kworker        2643707 nvme1n1 WM   1290793752 4096      0.110
23:04:44.713 kworker        2643707 nvme1n1 WM   1290793912 4096      0.111
23:04:44.713 kworker        2643707 nvme1n1 WM   1290793928 4096      0.114
23:04:44.713 kworker        2643707 nvme1n1 WM   1290794160 4096      0.115
23:04:44.713 kworker        2643707 nvme1n1 WM   1290794192 4096      0.116
23:04:44.713 kworker        2643707 nvme1n1 WM   1290794576 4096      0.117
23:04:44.713 kworker        2643707 nvme1n1 WM   1290794592 4096      0.118
23:04:44.713 kworker        2643707 nvme1n1 WM   1290795072 4096      0.119
23:04:44.713 kworker        2643707 nvme1n1 WM   1290795168 4096      0.076
23:04:44.713 kworker        2643707 nvme1n1 WM   1290795304 4096      0.080
23:04:44.713 kworker        2643707 nvme1n1 WM   1290795832 4096      0.092
23:04:44.713 kworker        2643707 nvme1n1 WM   1290795872 4096      0.096
23:04:44.713 kworker        2643707 nvme1n1 WM   1290796640 4096      0.097
23:04:44.713 kworker        2643707 nvme1n1 WM   1290796848 4096      0.097
23:04:44.713 kworker        2643707 nvme1n1 WM   1290924280 4096      0.104
23:04:44.713 kworker        2643707 nvme1n1 WM   1290924472 4096      0.107
23:04:44.713 kworker        2643707 nvme1n1 WM   1290924784 4096      0.108
23:04:44.713 kworker        2643707 nvme1n1 WM   1290925000 4096      0.114
23:04:44.713 kworker        2643707 nvme1n1 WM   1290925120 4096      0.118
23:04:44.714 kworker        2643707 nvme1n1 WM   1290925136 4096      0.119
23:04:44.714 kworker        2643707 nvme1n1 WM   1290925504 4096      0.120
23:04:44.714 kworker        2643707 nvme1n1 WM   1290925720 4096      0.121
23:04:44.714 kworker        2643707 nvme1n1 WM   1290925856 4096      0.122
23:04:44.714 kworker        2643707 nvme1n1 WM   1290926176 4096      0.123
23:04:44.714 kworker        2643707 nvme1n1 WM   1290926208 4096      0.071
23:04:44.714 kworker        2643707 nvme1n1 WM   1290926328 4096      0.077
23:04:44.714 kworker        2643707 nvme1n1 WM   1290926352 4096      0.093
23:04:44.714 kworker        2643707 nvme1n1 WM   1290926512 4096      0.096
23:04:44.714 kworker        2643707 nvme1n1 WM   1290926800 4096      0.097
23:04:44.714 kworker        2643707 nvme1n1 WM   1290927080 4096      0.100
23:04:44.714 kworker        2643707 nvme1n1 WM   1290927144 4096      0.103
23:04:44.714 kworker        2643707 nvme1n1 WM   1290927288 4096      0.106
23:04:44.714 kworker        2643707 nvme1n1 WM   1290927904 4096      0.113
23:04:44.714 kworker        2643707 nvme1n1 WM   1291055688 4096      0.114
23:04:44.714 kworker        2643707 nvme1n1 WM   1291055744 4096      0.117
23:04:44.714 kworker        2643707 nvme1n1 WM   1291055888 4096      0.118
23:04:44.714 kworker        2643707 nvme1n1 WM   1291056024 4096      0.119
23:04:44.714 kworker        2643707 nvme1n1 WM   1291056064 4096      0.119
23:04:44.714 kworker        2643707 nvme1n1 WM   1291056432 4096      0.120
23:04:44.714 kworker        2643707 nvme1n1 WM   1291056688 4096      0.121
23:04:44.714 kworker        2643707 nvme1n1 WM   1291056784 4096      0.077
23:04:44.714 kworker        2643707 nvme1n1 WM   1291057072 4096      0.083
23:04:44.714 kworker        2643707 nvme1n1 WM   1291057544 4096      0.086
23:04:44.714 kworker        2643707 nvme1n1 WM   1291058232 4096      0.087
23:04:44.714 kworker        2643707 nvme1n1 WM   1291058544 4096      0.102
23:04:44.714 kworker        2643707 nvme1n1 WM   1291059064 4096      0.107
23:04:44.714 kworker        2643707 nvme1n1 WM   1291186296 4096      0.112
23:04:44.714 kworker        2643707 nvme1n1 WM   1291186568 4096      0.113
23:04:44.714 kworker        2643707 nvme1n1 WM   1291186880 4096      0.115
23:04:44.714 kworker        2643707 nvme1n1 WM   1291187144 4096      0.116
23:04:44.714 kworker        2643707 nvme1n1 WM   1291187248 4096      0.118
23:04:44.714 kworker        2643707 nvme1n1 WM   1291187384 4096      0.119
23:04:44.714 kworker        2643707 nvme1n1 WM   1291187528 4096      0.124
23:04:44.714 kworker        2643707 nvme1n1 WM   1291187600 4096      0.127
23:04:44.714 kworker        2643707 nvme1n1 WM   1291189664 4096      0.127
23:04:44.714 kworker        2643707 nvme1n1 WM   1291190040 4096      0.128
23:04:44.714 kworker        2643707 nvme1n1 WM   1291190192 4096      0.078
23:04:44.714 kworker        2643707 nvme1n1 WM   1291190208 4096      0.083
23:04:44.714 kworker        2643707 nvme1n1 WM   1291845752 4096      0.102
23:04:44.714 kworker        2643707 nvme1n1 WM   1294332280 4096      0.106
23:04:44.714 kworker        2643707 nvme1n1 WM   1294332336 4096      0.106
23:04:44.714 kworker        2643707 nvme1n1 WM   1294332592 4096      0.111
23:04:44.714 kworker        2643707 nvme1n1 WM   1294332816 4096      0.112
23:04:44.714 kworker        2643707 nvme1n1 WM   1294333040 4096      0.113
23:04:44.714 kworker        2643707 nvme1n1 WM   1294333056 4096      0.113
23:04:44.714 kworker        2643707 nvme1n1 WM   1294333112 4096      0.114
23:04:44.714 kworker        2643707 nvme1n1 WM   1294333208 4096      0.116
23:04:44.714 kworker        2643707 nvme1n1 WM   1294333264 4096      0.117
23:04:44.714 kworker        2643707 nvme1n1 WM   1294333296 4096      0.122
23:04:44.714 kworker        2643707 nvme1n1 WM   1294333704 4096      0.123
23:04:44.714 kworker        2643707 nvme1n1 WM   1294333776 4096      0.124
23:04:44.714 kworker        2643707 nvme1n1 WM   1294333960 4096      0.125
23:04:44.714 kworker        2643707 nvme1n1 WM   1294334160 4096      0.079
23:04:44.714 kworker        2643707 nvme1n1 WM   1294334656 4096      0.088
23:04:44.714 kworker        2643707 nvme1n1 WM   1294334776 4096      0.097
23:04:44.714 kworker        2643707 nvme1n1 WM   1294334920 4096      0.100
23:04:44.714 kworker        2643707 nvme1n1 WM   1294335400 4096      0.101
23:04:44.714 kworker        2643707 nvme1n1 WM   1294335512 4096      0.104
23:04:44.714 kworker        2643707 nvme1n1 WM   1294335640 4096      0.107
23:04:44.714 kworker        2643707 nvme1n1 WM   1294597904 4096      0.110
23:04:44.714 kworker        2643707 nvme1n1 WM   1294724496 4096      0.118
23:04:44.714 kworker        2643707 nvme1n1 WM   1294724512 4096      0.120
23:04:44.714 kworker        2643707 nvme1n1 WM   1294725144 8192      0.121
23:04:44.715 kworker        2643707 nvme1n1 WM   1294725344 4096      0.122
23:04:44.715 kworker        2643707 nvme1n1 WM   1294725424 4096      0.123
23:04:44.715 kworker        2643707 nvme1n1 WM   1294725576 4096      0.123
23:04:44.715 kworker        2643707 nvme1n1 WM   1294725640 4096      0.124
23:04:44.715 kworker        2643707 nvme1n1 WM   1294725936 4096      0.125
23:04:44.715 kworker        2643707 nvme1n1 WM   1294726312 4096      0.075
23:04:44.715 kworker        2643707 nvme1n1 WM   1294726336 4096      0.081
23:04:44.715 kworker        2643707 nvme1n1 WM   1294726504 4096      0.092
23:04:44.715 kworker        2643707 nvme1n1 WM   1294726632 4096      0.093
23:04:44.715 kworker        2643707 nvme1n1 WM   1294726800 4096      0.096
23:04:44.715 kworker        2643707 nvme1n1 WM   1294726992 4096      0.098
23:04:44.715 kworker        2643707 nvme1n1 WM   1294727328 4096      0.099
23:04:44.715 kworker        2643707 nvme1n1 WM   1294727416 4096      0.104
23:04:44.715 kworker        2643707 nvme1n1 WM   1294727448 4096      0.112
23:04:44.715 kworker        2643707 nvme1n1 WM   1294727664 4096      0.113
23:04:44.715 kworker        2643707 nvme1n1 WM   1294727896 4096      0.118
23:04:44.715 kworker        2643707 nvme1n1 WM   1294727976 4096      0.118
23:04:44.715 kworker        2643707 nvme1n1 WM   1294728160 4096      0.119
23:04:44.715 kworker        2643707 nvme1n1 WM   1294728192 4096      0.120
23:04:44.715 kworker        2643707 nvme1n1 WM   1294728424 4096      0.120
23:04:44.715 kworker        2643707 nvme1n1 WM   1294727912 16384     0.128
23:04:44.715 kworker        2643707 nvme1n1 WM   1294856704 4096      0.076
23:04:44.715 kworker        2643707 nvme1n1 WM   1294856928 4096      0.082
23:04:44.715 kworker        2643707 nvme1n1 WM   1294857176 4096      0.090
23:04:44.715 kworker        2643707 nvme1n1 WM   1294858192 8192      0.095
23:04:44.715 kworker        2643707 nvme1n1 WM   1294858392 4096      0.097
23:04:44.715 kworker        2643707 nvme1n1 WM   1294858800 4096      0.098
23:04:44.715 kworker        2643707 nvme1n1 WM   1294859232 4096      0.108
23:04:44.715 kworker        2643707 nvme1n1 WM   1294859416 4096      0.114
23:04:44.715 kworker        2643707 nvme1n1 WM   1294859616 4096      0.115
23:04:44.715 kworker        2643707 nvme1n1 WM   1294859728 4096      0.115
23:04:44.715 kworker        2643707 nvme1n1 WM   1294988152 4096      0.120
23:04:44.715 kworker        2643707 nvme1n1 WM   1294988168 8192      0.121
23:04:44.715 kworker        2643707 nvme1n1 WM   1294989000 4096      0.127
23:04:44.715 kworker        2643707 nvme1n1 WM   1294989120 4096      0.128
23:04:44.715 kworker        2643707 nvme1n1 WM   1294989136 4096      0.129
23:04:44.715 kworker        2643707 nvme1n1 WM   1294989168 4096      0.129
23:04:44.715 kworker        2643707 nvme1n1 WM   1294989472 4096      0.092
23:04:44.715 kworker        2643707 nvme1n1 WM   1294989608 8192      0.099
23:04:44.715 kworker        2643707 nvme1n1 WM   1294990064 4096      0.103
23:04:44.715 kworker        2643707 nvme1n1 WM   1294990384 4096      0.103
23:04:44.715 kworker        2643707 nvme1n1 WM   1295118392 4096      0.108
23:04:44.715 kworker        2643707 nvme1n1 WM   1295118752 4096      0.109
23:04:44.715 kworker        2643707 nvme1n1 WM   1295118768 4096      0.112
23:04:44.715 kworker        2643707 nvme1n1 WM   1295118784 4096      0.121
23:04:44.715 kworker        2643707 nvme1n1 WM   1295118912 4096      0.122
23:04:44.715 kworker        2643707 nvme1n1 WM   1295118936 4096      0.122
23:04:44.715 kworker        2643707 nvme1n1 WM   1295119080 8192      0.124
23:04:44.715 kworker        2643707 nvme1n1 WM   1295119408 4096      0.126
23:04:44.715 kworker        2643707 nvme1n1 WM   1295119696 4096      0.127
23:04:44.715 kworker        2643707 nvme1n1 WM   1295120208 4096      0.128
23:04:44.715 kworker        2643707 nvme1n1 WM   1295120472 4096      0.129
23:04:44.715 kworker        2643707 nvme1n1 WM   1295120504 4096      0.129
23:04:44.715 kworker        2643707 nvme1n1 WM   1295120760 4096      0.083
23:04:44.715 kworker        2643707 nvme1n1 WM   1295120816 4096      0.092
23:04:44.715 kworker        2643707 nvme1n1 WM   1295121288 4096      0.093
23:04:44.715 kworker        2643707 nvme1n1 WM   1295121784 4096      0.098
23:04:44.715 kworker        2643707 nvme1n1 WM   1295122064 4096      0.099
23:04:44.715 kworker        2643707 nvme1n1 WM   1295122248 4096      0.111
23:04:44.715 kworker        2643707 nvme1n1 WM   1295250248 4096      0.113
23:04:44.715 kworker        2643707 nvme1n1 WM   1295250408 4096      0.115
23:04:44.715 kworker        2643707 nvme1n1 WM   1295251000 4096      0.115
23:04:44.715 kworker        2643707 nvme1n1 WM   1295251304 4096      0.117
23:04:44.715 kworker        2643707 nvme1n1 WM   1295251400 4096      0.127
23:04:44.715 kworker        2643707 nvme1n1 WM   1295251416 4096      0.128
23:04:44.715 kworker        2643707 nvme1n1 WM   1295251544 4096      0.129
23:04:44.715 kworker        2643707 nvme1n1 WM   1295252008 4096      0.130
23:04:44.715 kworker        2643707 nvme1n1 WM   1295252032 4096      0.129
23:04:44.715 kworker        2643707 nvme1n1 WM   1295252064 4096      0.130
23:04:44.716 kworker        2643707 nvme1n1 WM   1295252856 4096      0.074
23:04:44.716 kworker        2643707 nvme1n1 WM   1295253216 4096      0.082
23:04:44.716 kworker        2643707 nvme1n1 WM   1295253264 4096      0.099
23:04:44.716 kworker        2643707 nvme1n1 WM   1295380608 4096      0.100
23:04:44.716 kworker        2643707 nvme1n1 WM   1295381128 4096      0.103
23:04:44.716 kworker        2643707 nvme1n1 WM   1295381968 4096      0.106
23:04:44.716 kworker        2643707 nvme1n1 WM   1295382392 4096      0.107
23:04:44.716 kworker        2643707 nvme1n1 WM   1295382416 4096      0.110
23:04:44.716 kworker        2643707 nvme1n1 WM   1295382432 4096      0.111
23:04:44.716 kworker        2643707 nvme1n1 WM   1295382576 4096      0.111
23:04:44.716 kworker        2643707 nvme1n1 WM   1295383256 4096      0.115
23:04:44.716 kworker        2643707 nvme1n1 WM   1295383344 4096      0.119
23:04:44.716 kworker        2643707 nvme1n1 WM   1295383472 4096      0.121
23:04:44.716 kworker        2643707 nvme1n1 WM   1295383488 4096      0.122
23:04:44.716 kworker        2643707 nvme1n1 WM   1295383912 4096      0.122
23:04:44.716 kworker        2643707 nvme1n1 WM   1295384312 4096      0.123
23:04:44.716 kworker        2643707 nvme1n1 WM   1295512008 4096      0.075
23:04:44.716 kworker        2643707 nvme1n1 WM   1295512208 4096      0.079
23:04:44.716 kworker        2643707 nvme1n1 WM   1295514408 4096      0.094
23:04:44.716 kworker        2643707 nvme1n1 WM   1295642792 4096      0.096
23:04:44.716 kworker        2643707 nvme1n1 WM   1295642832 4096      0.096
23:04:44.716 kworker        2643707 nvme1n1 WM   1295643008 4096      0.103
23:04:44.716 kworker        2643707 nvme1n1 WM   1295643176 4096      0.108
23:04:44.716 kworker        2643707 nvme1n1 WM   1295643392 4096      0.108
23:04:44.716 kworker        2643707 nvme1n1 WM   1295643744 4096      0.111
23:04:44.716 kworker        2643707 nvme1n1 WM   1295643864 4096      0.116
23:04:44.716 kworker        2643707 nvme1n1 WM   1295644456 4096      0.119
23:04:44.716 kworker        2643707 nvme1n1 WM   1295644616 4096      0.120
23:04:44.716 kworker        2643707 nvme1n1 WM   1295645520 4096      0.121
23:04:44.716 kworker        2643707 nvme1n1 WM   1295646264 4096      0.122
23:04:44.716 kworker        2643707 nvme1n1 WM   1295646456 4096      0.124
23:04:44.716 kworker        2643707 nvme1n1 WM   1295774592 4096      0.125
23:04:44.716 kworker        2643707 nvme1n1 WM   1295774720 4096      0.078
23:04:44.716 kworker        2643707 nvme1n1 WM   1295775712 4096      0.084
23:04:44.716 kworker        2643707 nvme1n1 WM   1295777056 4096      0.090
23:04:44.716 kworker        2643707 nvme1n1 WM   1295777728 4096      0.092
23:04:44.716 kworker        2643707 nvme1n1 WM   1295905056 4096      0.095
23:04:44.716 kworker        2643707 nvme1n1 WM   1295905176 4096      0.096
23:04:44.716 kworker        2643707 nvme1n1 WM   1295905272 8192      0.110
23:04:44.716 kworker        2643707 nvme1n1 WM   1295906336 4096      0.115
23:04:44.716 kworker        2643707 nvme1n1 WM   1295906368 4096      0.116
23:04:44.716 kworker        2643707 nvme1n1 WM   1295906400 4096      0.117
23:04:44.716 kworker        2643707 nvme1n1 WM   1295907160 4096      0.119
23:04:44.716 kworker        2643707 nvme1n1 WM   1295907224 4096      0.120
23:04:44.716 kworker        2643707 nvme1n1 WM   1295907352 8192      0.122
23:04:44.716 kworker        2643707 nvme1n1 WM   1295907952 4096      0.128
23:04:44.716 kworker        2643707 nvme1n1 WM   1295908608 4096      0.129
23:04:44.716 kworker        2643707 nvme1n1 WM   1296036512 4096      0.130
23:04:44.717 kworker        2643707 nvme1n1 WM   1296036528 4096      0.084
23:04:44.717 kworker        2643707 nvme1n1 WM   1296036720 4096      0.088
23:04:44.717 kworker        2643707 nvme1n1 WM   1296037088 4096      0.089
23:04:44.717 kworker        2643707 nvme1n1 WM   1296037344 8192      0.105
23:04:44.717 kworker        2643707 nvme1n1 WM   1296037456 4096      0.109
23:04:44.717 kworker        2643707 nvme1n1 WM   1296037520 4096      0.112
23:04:44.717 kworker        2643707 nvme1n1 WM   1296037664 8192      0.112
23:04:44.717 kworker        2643707 nvme1n1 WM   1296037904 4096      0.118
23:04:44.717 kworker        2643707 nvme1n1 WM   1296037968 4096      0.119
23:04:44.717 kworker        2643707 nvme1n1 WM   1296038064 4096      0.122
23:04:44.717 kworker        2643707 nvme1n1 WM   1296038096 8192      0.127
23:04:44.717 kworker        2643707 nvme1n1 WM   1296038160 4096      0.129
23:04:44.717 kworker        2643707 nvme1n1 WM   1296038248 4096      0.130
23:04:44.717 kworker        2643707 nvme1n1 WM   1296038264 4096      0.131
23:04:44.717 kworker        2643707 nvme1n1 WM   1296038280 4096      0.131
23:04:44.717 kworker        2643707 nvme1n1 WM   1296038296 4096      0.132
23:04:44.717 kworker        2643707 nvme1n1 WM   1296038312 4096      0.085
23:04:44.717 kworker        2643707 nvme1n1 WM   1296038408 4096      0.093
23:04:44.717 kworker        2643707 nvme1n1 WM   1296038424 4096      0.099
23:04:44.717 kworker        2643707 nvme1n1 WM   1296038440 8192      0.100
23:04:44.717 kworker        2643707 nvme1n1 WM   1296038544 4096      0.112
23:04:44.717 kworker        2643707 nvme1n1 WM   1296038664 4096      0.114
23:04:44.717 kworker        2643707 nvme1n1 WM   1296038680 4096      0.115
23:04:44.717 kworker        2643707 nvme1n1 WM   1296038696 4096      0.119
23:04:44.717 kworker        2643707 nvme1n1 WM   1317011536 4096      0.120
23:04:44.717 kworker        2643707 nvme1n1 WM   1333788680 4096      0.120
23:04:44.717 kworker        2643707 nvme1n1 WM   1337983088 4096      0.123
23:04:44.717 kworker        2643707 nvme1n1 WM   1342177280 4096      0.124
23:04:44.717 kworker        2643707 nvme1n1 WM   1367343168 4096      0.124
23:04:44.717 kworker        2643707 nvme1n1 WM   1367343184 4096      0.125
23:04:44.717 kworker        2643707 nvme1n1 WM   1371537464 4096      0.125
23:04:44.717 kworker        2643707 nvme1n1 WM   1367343112 12288     0.133
23:04:44.717 kworker        2643707 nvme1n1 WM   1371537496 4096      0.083
23:04:44.717 kworker        2643707 nvme1n1 WM   1400897544 8192      0.091
23:04:44.717 kworker        2643707 nvme1n1 WM   1484783672 4096      0.096
23:04:44.717 kworker        2643707 nvme1n1 WM   1505755136 4096      0.110
23:04:44.717 kworker        2643707 nvme1n1 WM   1518338120 4096      0.112
23:04:44.717 kworker        2643707 nvme1n1 WM   1530921040 4096      0.114
23:04:44.717 kworker        2643707 nvme1n1 WM   1556086904 4096      0.114
23:04:44.717 kworker        2643707 nvme1n1 WM   1560281128 4096      0.119
23:04:44.717 kworker        2643707 nvme1n1 WM   1560281168 4096      0.119
23:04:44.717 kworker        2643707 nvme1n1 WM   1564475424 4096      0.120
23:04:44.717 kworker        2643707 nvme1n1 WM   1564475472 4096      0.122
23:04:44.717 kworker        2643707 nvme1n1 WM   1572864024 4096      0.124
23:04:44.717 kworker        2643707 nvme1n1 WM   1589641240 8192      0.125
23:04:44.717 kworker        2643707 nvme1n1 WM   1589641272 8192      0.126
23:04:44.717 kworker        2643707 nvme1n1 WM   1572864064 32768     0.138
23:04:44.717 kworker        2643707 nvme1n1 WM   1577058304 28672     0.151
23:04:44.718 kworker        2643707 nvme1n1 WM   1589641312 8192      0.076
23:04:44.718 kworker        2643707 nvme1n1 WM   1593835632 4096      0.087
23:04:44.718 kworker        2643707 nvme1n1 WM   1598029912 4096      0.103
23:04:44.718 kworker        2643707 nvme1n1 WM   1602224176 4096      0.109
23:04:44.718 kworker        2643707 nvme1n1 WM   1602224216 8192      0.110
23:04:44.718 kworker        2643707 nvme1n1 WM   1623195656 4096      0.115
23:04:44.718 kworker        2643707 nvme1n1 WM   1623195672 8192      0.116
23:04:44.718 kworker        2643707 nvme1n1 WM   1623195760 8192      0.118
23:04:44.718 kworker        2643707 nvme1n1 WM   1627389952 4096      0.125
23:04:44.718 kworker        2643707 nvme1n1 WM   1627390008 4096      0.125
23:04:44.718 kworker        2643707 nvme1n1 WM   1631584264 8192      0.126
23:04:44.718 kworker        2643707 nvme1n1 WM   1631584296 4096      0.128
23:04:44.718 kworker        2643707 nvme1n1 WM   1631584344 4096      0.131
23:04:44.718 kworker        2643707 nvme1n1 WM   1623195696 28672     0.142
23:04:44.718 kworker        2643707 nvme1n1 WM   1627389968 12288     0.151
23:04:44.718 kworker        2643707 nvme1n1 WM   1627390040 16384     0.160
23:04:44.718 kworker        2643707 nvme1n1 WM   1631584368 8192      0.080
23:04:44.718 kworker        2643707 nvme1n1 WM   1635778568 8192      0.085
23:04:44.718 kworker        2643707 nvme1n1 WM   1639972864 4096      0.087
23:04:44.718 kworker        2643707 nvme1n1 WM   1639972880 8192      0.094
23:04:44.718 kworker        2643707 nvme1n1 WM   1639972904 8192      0.096
23:04:44.718 kworker        2643707 nvme1n1 WM   1639972928 8192      0.097
23:04:44.718 kworker        2643707 nvme1n1 WM   1639972952 4096      0.108
23:04:44.718 kworker        2643707 nvme1n1 WM   1639972976 8192      0.109
23:04:44.718 kworker        2643707 nvme1n1 WM   1648361472 8192      0.109
23:04:44.718 kworker        2643707 nvme1n1 WM   1648361536 8192      0.115
23:04:44.718 kworker        2643707 nvme1n1 WM   1648361560 4096      0.119
23:04:44.718 kworker        2643707 nvme1n1 WM   1635778600 24576     0.137
23:04:44.718 kworker        2643707 nvme1n1 WM   1635778664 12288     0.145
23:04:44.718 kworker        2643707 nvme1n1 WM   1644167176 12288     0.149
23:04:44.718 kworker        2643707 nvme1n1 WM   1644167208 40960     0.172
23:04:44.718 kworker        2643707 nvme1n1 WM   1648361496 16384     0.182
23:04:44.718 kworker        2643707 nvme1n1 WM   1648361576 8192      0.077
23:04:44.718 kworker        2643707 nvme1n1 WM   1652555784 8192      0.082
23:04:44.718 kworker        2643707 nvme1n1 WM   1656750160 4096      0.083
23:04:44.718 kworker        2643707 nvme1n1 WM   1656750176 4096      0.098
23:04:44.718 kworker        2643707 nvme1n1 WM   1660944384 4096      0.099
23:04:44.718 kworker        2643707 nvme1n1 WM   1660944456 4096      0.100
23:04:44.718 kworker        2643707 nvme1n1 WM   1665138792 8192      0.099
23:04:44.718 kworker        2643707 nvme1n1 WM   1669333032 4096      0.100
23:04:44.718 kworker        2643707 nvme1n1 WM   1698693232 4096      0.101
23:04:44.718 kworker        2643707 nvme1n1 WM   1652555816 45056     0.127
23:04:44.718 kworker        2643707 nvme1n1 WM   1656750088 32768     0.147
23:04:44.718 kworker        2643707 nvme1n1 WM   1660944400 16384     0.157
23:04:44.718 kworker        2643707 nvme1n1 WM   1660944472 16384     0.165
23:04:44.718 kworker        2643707 nvme1n1 WM   1665138688 16384     0.177
23:04:44.719 kworker        2643707 nvme1n1 WM   1669333000 12288     0.183
23:04:45.493 nvme           2669696 Unknown N    -1         512       0.034
23:04:46.498 nvme           2669706 Unknown N    -1         512       0.031
23:04:46.752 kworker        2649589 nvme1n1 W    1622539016 4096      0.062
23:04:46.752 kworker        2649589 nvme1n1 W    1565495544 4096      0.072
23:04:47.265 kworker        2643707 nvme1n1 W    1702367136 12288     0.144
23:04:47.265 kworker        2643707 nvme1n1 W    633681888  57344     0.163
23:04:47.265 kworker        2643707 nvme1n1 W    1367981920 73728     0.209
23:04:47.265 kworker        2643707 nvme1n1 W    633682000  122880    0.286
23:04:47.265 kworker        2643707 nvme1n1 W    1369499168 102400    0.349
23:04:47.265 kworker        2643707 nvme1n1 W    1368153456 73728     0.394
23:04:47.265 kworker        2643707 nvme1n1 W    633682240  81920     0.441
23:04:47.265 kworker        2643707 nvme1n1 W    633688576  114688    0.509
23:04:47.265 kworker        2643707 nvme1n1 W    633688800  73728     0.550
23:04:47.266 kworker        2643707 nvme1n1 W    1355808016 131072    0.630
23:04:47.266 kworker        2643707 nvme1n1 W    1355808272 131072    0.710
23:04:47.266 kworker        2643707 nvme1n1 W    1355808528 36864     0.731
23:04:47.266 kworker        2643707 nvme1n1 W    1349386008 69632     0.776
23:04:47.266 kworker        2643707 nvme1n1 W    633688944  106496    0.841
23:04:47.266 kworker        2643707 nvme1n1 W    633689152  32768     0.860
23:04:47.266 kworker        2643707 nvme1n1 W    633682400  12288     0.865
23:04:47.266 kworker        2643707 nvme1n1 W    633689216  114688    0.174
23:04:47.266 kworker        2643707 nvme1n1 W    1369999320 110592    0.240
23:04:47.266 kworker        2643707 nvme1n1 W    633689440  36864     0.262
23:04:47.266 kworker        2643707 nvme1n1 W    1369222416 90112     0.319
23:04:47.266 kworker        2643707 nvme1n1 W    633689512  106496    0.382
23:04:47.266 kworker        2643707 nvme1n1 W    1369499368 98304     0.440
23:04:47.266 kworker        2643707 nvme1n1 W    633689720  131072    0.524
23:04:47.266 kworker        2643707 nvme1n1 W    1370014768 106496    0.589
23:04:47.266 kworker        2643707 nvme1n1 W    633689976  118784    0.665
23:04:47.266 kworker        2643707 nvme1n1 W    633690208  28672     0.681
23:04:47.266 kworker        2643707 nvme1n1 W    1368209976 81920     0.732
23:04:47.267 kworker        2643707 nvme1n1 W    1368210136 77824     0.782
23:04:47.267 kworker        2643707 nvme1n1 W    633690264  53248     0.813
23:04:47.267 kworker        2643707 nvme1n1 W    633682424  4096      0.237
23:04:47.267 kworker        2643707 nvme1n1 W    1567153256 24576     0.251
23:04:47.267 kworker        2643707 nvme1n1 W    633690368  49152     0.276
23:04:47.267 kworker        2643707 nvme1n1 W    1565560832 131072    0.356
23:04:47.267 kworker        2643707 nvme1n1 W    1565561088 53248     0.390
23:04:47.267 kworker        2643707 nvme1n1 W    633690464  32768     0.409
23:04:47.267 kworker        2643707 nvme1n1 W    1573686696 131072    0.491
23:04:47.267 kworker        2643707 nvme1n1 W    1573686952 86016     0.542
23:04:47.267 kworker        2643707 nvme1n1 W    1368210288 73728     0.586
23:04:47.267 kworker        2643707 nvme1n1 W    633690528  28672     0.611
23:04:47.501 nvme           2669720 Unknown N    -1         512       0.034
23:04:48.505 nvme           2669729 Unknown N    -1         512       0.032
23:04:49.163 jbd2/nv        752     nvme1n1 WSM  877855032  131072    0.162
23:04:49.163 jbd2/nv        752     nvme1n1 WSM  877855288  45056     0.168
23:04:49.163 jbd2/nv        752     nvme1n1 WSM  877855376  4096      0.032
23:04:49.510 nvme           2669736 Unknown N    -1         512       0.033
23:04:50.514 nvme           2669743 Unknown N    -1         512       0.031
23:04:51.520 nvme           2669747 Unknown N    -1         512       2.747
23:04:52.386 kworker        2643707 nvme1n1 W    639802936  16384     0.111
23:04:52.386 kworker        2643707 nvme1n1 W    1486763256 131072    0.178
23:04:52.386 kworker        2643707 nvme1n1 W    1486763512 131072    0.257
23:04:52.386 kworker        2643707 nvme1n1 W    1486763768 98304     0.318
23:04:52.386 kworker        2643707 nvme1n1 W    1358613328 131072    0.400
23:04:52.386 kworker        2643707 nvme1n1 W    1358613584 131072    0.480
23:04:52.386 kworker        2643707 nvme1n1 W    1358613840 45056     0.510
23:04:52.386 kworker        2643707 nvme1n1 W    1359051296 131072    0.590
23:04:52.386 kworker        2643707 nvme1n1 W    1359051552 131072    0.487
23:04:52.386 kworker        2643707 nvme1n1 W    1359051808 45056     0.434
23:04:52.523 nvme           2669761 Unknown N    -1         512       0.039
23:04:53.499 amoprof        2650776 nvme1n1 W    1369331904 4096      0.052
