TIMESTAMP    COMM           PID     DISK    T    SECTOR     BYTES   LAT(ms)
07:55:49.733 nvme           2101587 Unknown N    -1         512       0.033
07:55:50.735 nvme           2101651 Unknown N    -1         512       0.074
07:55:51.584 kworker        1958706 nvme1n1 W    1757501544 4096      0.073
07:55:51.584 kworker        1958706 nvme1n1 W    1757501808 8192      0.074
07:55:51.584 kworker        1958706 nvme1n1 W    1757501552 131072    0.154
07:55:51.737 nvme           2101655 Unknown N    -1         512       0.075
07:55:52.740 nvme           2101660 Unknown N    -1         512       0.029
07:55:53.632 jbd2/nv        752     nvme1n1 WSM  878116216  118784    0.152
07:55:53.632 jbd2/nv        752     nvme1n1 WSM  878116448  4096      0.033
07:55:53.742 nvme           2101680 Unknown N    -1         512       0.029
07:55:54.744 nvme           2101689 Unknown N    -1         512       0.031
07:55:55.747 nvme           2101693 Unknown N    -1         512       0.087
07:55:56.705 kworker        2096949 nvme1n1 W    1565470904 8192      0.105
07:55:56.705 kworker        2096949 nvme1n1 W    1755217568 4096      0.112
07:55:56.705 kworker        2096949 nvme1n1 W    1755217872 4096      0.119
07:55:56.705 kworker        2096949 nvme1n1 W    1614407880 106496    0.167
07:55:56.705 kworker        2096949 nvme1n1 W    1614408088 53248     0.196
07:55:56.705 kworker        2096949 nvme1n1 W    612894912  131072    0.279
07:55:56.705 kworker        2096949 nvme1n1 W    612895168  61440     0.315
07:55:56.705 kworker        2096949 nvme1n1 W    1614408192 32768     0.334
07:55:56.705 kworker        2096949 nvme1n1 W    612895288  131072    0.294
07:55:56.705 kworker        2096949 nvme1n1 W    612895544  90112     0.236
07:55:56.705 kworker        2096949 nvme1n1 W    722452752  77824     0.282
07:55:56.705 kworker        2096949 nvme1n1 W    1614408256 45056     0.309
07:55:56.749 nvme           2101703 Unknown N    -1         512       0.071
07:55:57.752 nvme           2101708 Unknown N    -1         512       0.030
07:55:58.754 nvme           2101728 Unknown N    -1         512       0.033
07:55:59.018 jbd2/nv        752     nvme1n1 WSM  878116456  94208     0.130
07:55:59.018 jbd2/nv        752     nvme1n1 WSM  878116640  4096      0.031
07:55:59.740 amoprof        1975872 nvme1n1 W    1604812112 4096      0.054
