TIMESTAMP    COMM           PID     DISK    T    SECTOR     BYTES   LAT(ms)
09:21:44.011 nvme           2206378 Unknown N    -1         512       0.035
09:21:44.352 kworker        2166224 nvme1n1 W    1565495320 4096      0.056
09:21:44.352 kworker        2166224 nvme1n1 W    1622538784 4096      0.062
09:21:44.864 jbd2/nv        752     nvme1n1 WSM  878502448  131072    0.166
09:21:44.864 jbd2/nv        752     nvme1n1 WSM  878502704  36864     0.172
09:21:44.864 jbd2/nv        752     nvme1n1 WSM  878502776  4096      0.030
09:21:45.014 nvme           2206430 Unknown N    -1         512       0.114
09:21:46.016 nvme           2206432 Unknown N    -1         512       0.033
09:21:47.019 nvme           2206433 Unknown N    -1         512       0.085
09:21:48.021 nvme           2206434 Unknown N    -1         512       0.031
09:21:49.024 nvme           2206435 Unknown N    -1         512       0.030
09:21:49.473 kworker        2185392 nvme1n1 W    617130048  131072    0.172
09:21:49.473 kworker        2185392 nvme1n1 W    1664508416 131072    0.234
09:21:49.473 kworker        2185392 nvme1n1 W    1664508672 61440     0.108
09:21:49.473 kworker        2185392 nvme1n1 W    617130304  32768     0.123
09:21:49.473 kworker        2185392 nvme1n1 W    1664497656 131072    0.206
09:21:49.473 kworker        2185392 nvme1n1 W    1664497912 90112     0.261
09:21:49.473 kworker        2185392 nvme1n1 W    1623852824 77824     0.309
09:21:49.473 kworker        2185392 nvme1n1 W    617130368  131072    0.390
09:21:49.473 kworker        2185392 nvme1n1 W    617130624  32768     0.410
09:21:50.027 nvme           2206436 Unknown N    -1         512       0.037
09:21:50.194 jbd2/nv        752     nvme1n1 WSM  878502784  65536     0.106
09:21:50.194 jbd2/nv        752     nvme1n1 WSM  878502912  4096      0.031
09:21:51.029 nvme           2206438 Unknown N    -1         512       0.078
09:21:51.264 ssm-age        241847  nvme0n1 W    34767960   4096      1.005
09:21:51.521 kworker        2132741 nvme0n1 W    15716912   4096      1.116
09:21:52.032 nvme           2206455 Unknown N    -1         512       0.031
09:21:53.034 nvme           2206456 Unknown N    -1         512       0.030
09:21:54.019 amoprof        2179165 nvme1n1 W    616955688  4096      0.056
