TIMESTAMP    COMM           PID     DISK    T    SECTOR     BYTES   LAT(ms)
21:26:13.263 ib_log_        125941  nvme1n1 WS   1739230144 4096      0.056
21:26:13.292 ib_pg_f        125941  nvme1n1 WS   1740075008 131072    0.174
21:26:13.292 ib_pg_f        125941  nvme1n1 WS   1740075264 131072    0.238
21:26:13.292 ib_pg_f        125941  nvme1n1 WS   1740075520 131072    0.317
21:26:13.292 ib_pg_f        125941  nvme1n1 WS   1740075776 131072    0.394
21:26:13.292 ib_pg_f        125941  nvme1n1 WS   1740076032 131072    0.468
21:26:13.292 ib_pg_f        125941  nvme1n1 WS   1740076288 131072    0.549
21:26:13.292 ib_pg_f        125941  nvme1n1 WS   1740076544 131072    0.630
21:26:13.292 ib_pg_f        125941  nvme1n1 WS   1740076800 114688    0.699
21:26:13.293 ib_pg_f        125941  nvme1n1 WS   311475808  16384     0.045
21:26:13.293 ib_pg_f        125941  nvme1n1 WS   1757681152 16384     0.048
21:26:13.293 ib_pg_f        125941  nvme1n1 WS   1757681344 16384     0.053
21:26:13.293 ib_pg_f        125941  nvme1n1 WS   1737035936 16384     0.055
21:26:13.293 ib_pg_f        125941  nvme1n1 WS   1756423872 16384     0.069
21:26:13.293 ib_pg_f        125941  nvme1n1 WS   1757680832 16384     0.070
21:26:13.293 ib_pg_f        125941  nvme1n1 WS   1756419872 16384     0.078
21:26:13.293 ib_pg_f        125941  nvme1n1 WS   311475872  16384     0.085
21:26:13.293 ib_pg_f        125941  nvme1n1 WS   1757680992 16384     0.096
21:26:13.293 ib_pg_f        125941  nvme1n1 WS   32782112   16384     0.090
21:26:13.293 ib_pg_f        125941  nvme1n1 WS   1532135936 16384     0.093
21:26:13.293 ib_pg_f        125941  nvme1n1 WS   1556374432 16384     0.090
21:26:13.293 ib_pg_f        125941  nvme1n1 WS   1556374464 16384     0.101
21:26:13.293 ib_pg_f        125941  nvme1n1 WS   1556374496 16384     0.092
21:26:13.293 ib_pg_f        125941  nvme1n1 WS   1556374528 16384     0.092
21:26:13.293 ib_pg_f        125941  nvme1n1 WS   1560814944 16384     0.098
21:26:13.293 ib_pg_f        125941  nvme1n1 WS   1560813920 16384     0.068
21:26:13.293 ib_pg_f        125941  nvme1n1 WS   1560814080 16384     0.071
21:26:13.293 ib_pg_f        125941  nvme1n1 WS   1560814688 16384     0.074
21:26:13.293 ib_pg_f        125941  nvme1n1 WS   1757758624 16384     0.077
21:26:13.293 ib_pg_f        125941  nvme1n1 WS   1757758720 16384     0.078
21:26:13.293 ib_pg_f        125941  nvme1n1 WS   1561262848 16384     0.080
21:26:13.293 ib_pg_f        125941  nvme1n1 WS   1755751424 16384     0.080
21:26:13.293 ib_pg_f        125941  nvme1n1 WS   1755751456 16384     0.087
21:26:13.293 ib_pg_f        125941  nvme1n1 WS   1560814560 16384     0.088
21:26:13.293 ib_pg_f        125941  nvme1n1 WS   1755751232 16384     0.092
21:26:13.293 ib_pg_f        125941  nvme1n1 WS   1755750400 16384     0.093
21:26:13.293 ib_pg_f        125941  nvme1n1 WS   1755748768 16384     0.099
21:26:13.293 ib_pg_f        125941  nvme1n1 WS   1755751392 16384     0.091
21:26:13.293 ib_pg_f        125941  nvme1n1 WS   1556374144 16384     0.088
21:26:13.293 ib_pg_f        125941  nvme1n1 WS   1556374176 16384     0.093
21:26:13.293 ib_pg_f        125941  nvme1n1 WS   1556374208 16384     0.098
21:26:13.293 ib_pg_f        125941  nvme1n1 WS   1556374240 16384     0.107
21:26:13.293 ib_pg_f        125941  nvme1n1 WS   1556374272 16384     0.097
21:26:13.293 ib_pg_f        125941  nvme1n1 WS   1556374336 16384     0.104
21:26:13.293 ib_pg_f        125941  nvme1n1 WS   1556374368 16384     0.113
21:26:13.293 ib_pg_f        125941  nvme1n1 WS   1556374400 16384     0.106
21:26:13.293 ib_pg_f        125941  nvme1n1 WS   1556373600 16384     0.100
21:26:13.293 ib_pg_f        125941  nvme1n1 WS   1556373632 16384     0.104
21:26:13.293 ib_pg_f        125941  nvme1n1 WS   1556373664 16384     0.108
21:26:13.293 ib_pg_f        125941  nvme1n1 WS   32782080   16384     0.114
21:26:13.293 ib_pg_f        125941  nvme1n1 WS   1756477632 16384     0.120
21:26:13.293 ib_pg_f        125941  nvme1n1 WS   1756419904 16384     0.115
21:26:13.293 ib_pg_f        125941  nvme1n1 WS   311475936  16384     0.125
21:26:13.293 ib_pg_f        125941  nvme1n1 WS   32782144   16384     0.130
21:26:13.293 ib_pg_f        125941  nvme1n1 WS   1756424000 16384     0.126
21:26:13.293 ib_pg_f        125941  nvme1n1 WS   1756419936 16384     0.133
21:26:13.293 ib_pg_f        125941  nvme1n1 WS   311475968  16384     0.121
21:26:13.293 ib_pg_f        125941  nvme1n1 WS   1740286496 16384     0.132
21:26:13.293 ib_pg_f        125941  nvme1n1 WS   1560815104 16384     0.125
21:26:13.293 ib_pg_f        125941  nvme1n1 WS   1757758208 16384     0.121
21:26:13.293 ib_pg_f        125941  nvme1n1 WS   1757714912 16384     0.123
21:26:13.293 ib_pg_f        125941  nvme1n1 WS   1755707296 16384     0.128
21:26:13.293 ib_pg_f        125941  nvme1n1 WS   1757761312 16384     0.127
21:26:13.293 ib_pg_f        125941  nvme1n1 WS   1560815424 16384     0.124
21:26:13.293 ib_pg_f        125941  nvme1n1 WS   1757758272 16384     0.126
21:26:13.293 ib_pg_f        125941  nvme1n1 WS   1740286880 16384     0.120
21:26:13.293 ib_pg_f        125941  nvme1n1 WS   1757761408 16384     0.126
21:26:13.293 ib_pg_f        125941  nvme1n1 WS   1561262816 16384     0.127
21:26:13.293 ib_pg_f        125941  nvme1n1 WS   1757760960 16384     0.128
21:26:13.293 ib_pg_f        125941  nvme1n1 WS   1556383520 16384     0.125
21:26:13.293 ib_pg_f        125941  nvme1n1 WS   1560815008 16384     0.120
21:26:13.293 ib_pg_f        125941  nvme1n1 WS   1757761344 16384     0.124
21:26:13.520 python3        1046587 nvme1n1 WS   1700212736 131072    0.197
21:26:13.520 python3        1046587 nvme1n1 WS   1700212992 131072    0.255
21:26:13.520 python3        1046587 nvme1n1 WS   731340800  131072    0.368
21:26:13.520 python3        1046587 nvme1n1 WS   1700213248 131072    0.418
21:26:13.520 python3        1046587 nvme1n1 WS   1700213504 131072    0.536
21:26:13.520 python3        1046587 nvme1n1 WS   1700213760 131072    0.606
21:26:13.521 python3        1046587 nvme1n1 WS   731341056  131072    0.684
21:26:13.521 python3        1046587 nvme1n1 WS   731341312  131072    0.738
21:26:13.521 python3        1046587 nvme1n1 WS   1700214016 131072    0.812
21:26:13.521 python3        1046587 nvme1n1 WS   1700214272 131072    0.894
21:26:13.521 python3        1046587 nvme1n1 WS   731341568  131072    0.972
21:26:13.521 python3        1046587 nvme1n1 WS   731341824  131072    1.054
21:26:13.521 python3        1046587 nvme1n1 WS   731342080  131072    1.128
21:26:13.521 python3        1046587 nvme1n1 WS   731342336  131072    1.219
21:26:13.521 python3        1046587 nvme1n1 WS   1700214528 131072    1.270
21:26:13.521 python3        1046587 nvme1n1 WS   1700214784 131072    1.347
21:26:13.521 python3        1046587 nvme1n1 WS   1700215040 131072    1.426
21:26:13.521 python3        1046587 nvme1n1 WS   1700215296 131072    1.515
21:26:13.522 python3        1046587 nvme1n1 WS   1700215552 131072    1.600
21:26:13.522 python3        1046587 nvme1n1 WS   1700215808 131072    1.662
21:26:13.522 python3        1046587 nvme1n1 WS   1700216064 131072    1.730
21:26:13.522 python3        1046588 nvme1n1 WS   731344896  131072    1.816
21:26:13.522 python3        1046588 nvme1n1 WS   731345152  131072    1.876
21:26:13.522 python3        1046587 nvme1n1 WS   1700216320 131072    1.962
21:26:13.522 python3        1046587 nvme1n1 WS   731342592  131072    2.042
21:26:13.522 python3        1046587 nvme1n1 WS   731342848  131072    2.118
21:26:13.522 python3        1046587 nvme1n1 WS   731343104  131072    2.200
21:26:13.522 python3        1046588 nvme1n1 WS   731345408  131072    2.285
21:26:13.522 python3        1046588 nvme1n1 WS   731345664  131072    2.357
21:26:13.522 python3        1046588 nvme1n1 WS   731345920  131072    2.435
21:26:13.523 python3        1046587 nvme1n1 WS   731343360  131072    2.522
21:26:13.523 python3        1046587 nvme1n1 WS   731343616  131072    2.599
21:26:13.523 python3        1046587 nvme1n1 WS   1700216576 131072    2.678
21:26:13.523 python3        1046588 nvme1n1 WS   731346176  131072    2.752
21:26:13.523 python3        1046588 nvme1n1 WS   731346432  131072    2.825
21:26:13.523 python3        1046587 nvme1n1 WS   1700216832 131072    2.909
21:26:13.523 python3        1046587 nvme1n1 WS   1700217088 131072    2.982
21:26:13.523 python3        1046587 nvme1n1 WS   731348992  131072    3.070
21:26:13.523 python3        1046587 nvme1n1 WS   731349248  131072    3.138
21:26:13.523 python3        1046587 nvme1n1 WS   731349504  131072    3.215
21:26:13.523 python3        1046587 nvme1n1 WS   731349760  131072    3.290
21:26:13.523 python3        1046587 nvme1n1 WS   731350016  131072    3.371
21:26:13.523 python3        1046587 nvme1n1 WS   731350272  131072    3.440
21:26:13.524 python3        1046587 nvme1n1 WS   731343872  131072    3.538
21:26:13.524 python3        1046587 nvme1n1 WS   731344128  131072    3.611
21:26:13.524 python3        1046587 nvme1n1 WS   731344384  131072    3.685
21:26:13.524 python3        1046587 nvme1n1 WS   731350528  131072    3.753
21:26:13.524 python3        1046587 nvme1n1 WS   731344640  131072    3.809
21:26:13.524 python3        1046586 nvme1n1 WS   731353088  131072    3.885
21:26:13.524 python3        1046587 nvme1n1 WS   731357184  131072    3.956
21:26:13.524 python3        1046586 nvme1n1 WS   731353344  131072    4.033
21:26:13.524 python3        1046587 nvme1n1 WS   731357440  131072    4.108
21:26:13.524 python3        1046586 nvme1n1 WS   731353600  131072    4.187
21:26:13.524 python3        1046588 nvme1n1 WS   731346688  131072    4.262
21:26:13.524 python3        1046586 nvme1n1 WS   731353856  131072    4.337
21:26:13.524 python3        1046586 nvme1n1 WS   731354112  131072    4.416
21:26:13.525 python3        1046586 nvme1n1 WS   731354368  131072    4.482
21:26:13.525 python3        1046586 nvme1n1 WS   731354624  131072    4.557
21:26:13.525 python3        1046588 nvme1n1 WS   731346944  131072    4.646
21:26:13.525 python3        1046588 nvme1n1 WS   731347200  131072    4.723
21:26:13.525 python3        1046588 nvme1n1 WS   731347456  131072    4.798
21:26:13.525 python3        1046588 nvme1n1 WS   731347712  131072    4.872
21:26:13.525 python3        1046588 nvme1n1 WS   731347968  131072    4.948
21:26:13.525 python3        1046588 nvme1n1 WS   731348224  131072    5.021
21:26:13.525 python3        1046588 nvme1n1 WS   731348480  131072    5.096
21:26:13.525 python3        1046587 nvme1n1 WS   731350784  131072    5.185
21:26:13.525 python3        1046587 nvme1n1 WS   731351040  131072    5.258
21:26:13.525 python3        1046587 nvme1n1 WS   731351296  131072    5.330
21:26:13.525 python3        1046587 nvme1n1 WS   731351552  131072    5.403
21:26:13.526 python3        1046587 nvme1n1 WS   731351808  131072    5.474
21:26:13.526 python3        1046587 nvme1n1 WS   731352064  131072    5.547
21:26:13.526 python3        1046587 nvme1n1 WS   731352320  131072    5.621
21:26:13.526 python3        1046587 nvme1n1 WS   731352576  131072    5.695
21:26:13.526 python3        1046588 nvme1n1 WS   731348736  131072    5.768
21:26:13.526 python3        1046588 nvme1n1 WS   731361280  131072    5.843
21:26:13.526 python3        1046588 nvme1n1 WS   731361536  131072    5.918
21:26:13.526 python3        1046586 nvme1n1 WS   731354880  131072    5.994
21:26:13.526 python3        1046586 nvme1n1 WS   731355136  131072    6.066
21:26:13.526 python3        1046586 nvme1n1 WS   731355392  131072    6.142
21:26:13.526 python3        1046586 nvme1n1 WS   731355648  131072    6.216
21:26:13.526 python3        1046586 nvme1n1 WS   731355904  131072    6.290
21:26:13.526 python3        1046586 nvme1n1 WS   731356160  131072    6.366
21:26:13.527 python3        1046586 nvme1n1 WS   731356416  131072    6.437
21:26:13.527 python3        1046587 nvme1n1 WS   731352832  131072    6.523
21:26:13.527 python3        1046587 nvme1n1 WS   731365376  131072    6.597
21:26:13.527 python3        1046587 nvme1n1 WS   731365632  131072    6.673
21:26:13.527 python3        1046586 nvme1n1 WS   731356672  131072    6.745
21:26:13.527 python3        1046586 nvme1n1 WS   731356928  131072    6.795
21:26:13.527 python3        1046586 nvme1n1 WS   731373568  131072    6.864
21:26:13.527 python3        1046586 nvme1n1 WS   731373824  131072    6.938
21:26:13.527 python3        1046589 nvme1n1 WS   731369472  131072    7.038
21:26:13.527 python3        1046589 nvme1n1 WS   731369728  131072    7.110
21:26:13.527 python3        1046589 nvme1n1 WS   731369984  131072    7.187
21:26:13.527 python3        1046589 nvme1n1 WS   731370240  131072    7.299
21:26:13.528 python3        1046589 nvme1n1 WS   731370496  131072    7.371
21:26:13.528 python3        1046589 nvme1n1 WS   731370752  131072    7.444
21:26:13.528 python3        1046589 nvme1n1 WS   731371008  131072    7.519
21:26:13.528 python3        1046586 nvme1n1 WS   1700220928 131072    7.569
21:26:13.528 python3        1046586 nvme1n1 WS   1700221184 131072    7.641
21:26:13.528 python3        1046586 nvme1n1 WS   1700221440 131072    7.714
21:26:13.528 python3        1046586 nvme1n1 WS   1700221696 131072    7.788
21:26:13.528 python3        1046586 nvme1n1 WS   1700221952 131072    7.860
21:26:13.528 python3        1046586 nvme1n1 WS   1700222208 131072    7.935
21:26:13.528 python3        1046589 nvme1n1 WS   731371264  131072    8.029
21:26:13.528 python3        1046589 nvme1n1 WS   731371520  131072    8.103
21:26:13.528 python3        1046589 nvme1n1 WS   731371776  131072    8.181
21:26:13.528 python3        1046589 nvme1n1 WS   731372032  131072    8.259
21:26:13.529 python3        1046589 nvme1n1 WS   731372288  131072    8.335
21:26:13.529 python3        1046586 nvme1n1 WS   1700222464 131072    8.411
21:26:13.529 python3        1046589 nvme1n1 WS   731372544  131072    8.487
21:26:13.529 python3        1046589 nvme1n1 WS   731372800  131072    8.561
21:26:13.529 python3        1046589 nvme1n1 WS   731373056  131072    8.636
21:26:13.529 python3        1046589 nvme1n1 WS   731373312  131072    8.698
21:26:13.529 python3        1046589 nvme1n1 WS   1700225024 131072    8.765
21:26:13.529 python3        1046589 nvme1n1 WS   1700225280 131072    8.844
21:26:13.529 python3        1046586 nvme1n1 WS   1700222720 131072    8.915
21:26:13.529 python3        1046586 nvme1n1 WS   1700222976 131072    8.992
21:26:13.529 python3        1046586 nvme1n1 WS   1700223232 131072    9.072
21:26:13.530 python3        1046586 nvme1n1 WS   1700223488 131072    9.167
21:26:13.530 python3        1046586 nvme1n1 WS   1700223744 131072    9.243
21:26:13.530 python3        1046588 nvme1n1 WS   731377664  131072    9.310
21:26:13.530 python3        1046588 nvme1n1 WS   731377920  131072    9.377
21:26:13.530 python3        1046586 nvme1n1 WS   1700224000 131072    9.451
21:26:13.530 python3        1046586 nvme1n1 WS   1700224256 131072    9.525
21:26:13.530 python3        1046588 nvme1n1 WS   731378176  131072    9.610
21:26:13.530 python3        1046588 nvme1n1 WS   731378432  131072    9.682
21:26:13.530 python3        1046586 nvme1n1 WS   1700224512 131072    9.757
21:26:13.530 python3        1046588 nvme1n1 WS   731378688  131072    9.839
21:26:13.530 python3        1046588 nvme1n1 WS   731378944  131072    9.910
21:26:13.530 python3        1046588 nvme1n1 WS   731379200  131072    9.984
21:26:13.530 python3        1046586 nvme1n1 WS   1700229120 131072   10.063
21:26:13.530 python3        1046586 nvme1n1 WS   1700229376 131072   10.133
21:26:13.531 python3        1046586 nvme1n1 WS   1700229632 131072   10.210
21:26:13.531 python3        1046586 nvme1n1 WS   1700229888 131072   10.286
21:26:13.531 python3        1046586 nvme1n1 WS   1700230144 131072   10.362
21:26:13.531 python3        1046586 nvme1n1 WS   1700230400 131072   10.442
21:26:13.531 python3        1046586 nvme1n1 WS   1700230656 131072   10.516
21:26:13.531 python3        1046586 nvme1n1 WS   1700224768 131072   10.598
21:26:13.531 python3        1046586 nvme1n1 WS   1700294656 131072   10.672
21:26:13.531 python3        1046586 nvme1n1 WS   1700294912 131072   10.751
21:26:13.531 python3        1046586 nvme1n1 WS   1700233216 131072   10.825
21:26:13.531 python3        1046586 nvme1n1 WS   1700233472 131072   10.896
21:26:13.531 python3        1046586 nvme1n1 WS   1700233728 131072   10.971
21:26:13.531 python3        1046586 nvme1n1 WS   1700233984 131072   11.047
21:26:13.531 python3        1046586 nvme1n1 WS   1700234240 131072   11.122
21:26:13.532 python3        1046586 nvme1n1 WS   1700234496 131072   11.195
21:26:13.532 python3        1046586 nvme1n1 WS   1700234752 131072   11.274
21:26:13.532 python3        1046588 nvme1n1 WS   731379456  131072   11.370
21:26:13.532 python3        1046588 nvme1n1 WS   731379712  131072   11.437
21:26:13.532 python3        1046588 nvme1n1 WS   731379968  131072   11.510
21:26:13.532 python3        1046588 nvme1n1 WS   731380224  131072   11.587
21:26:13.532 python3        1046588 nvme1n1 WS   731380480  131072   11.666
21:26:13.532 python3        1046588 nvme1n1 WS   731380736  131072   11.739
21:26:13.532 python3        1046588 nvme1n1 WS   731380992  131072   11.813
21:26:13.532 python3        1046588 nvme1n1 WS   731381248  131072   11.891
21:26:13.532 python3        1046589 nvme1n1 WS   1700237312 131072   12.031
21:26:13.532 python3        1046589 nvme1n1 WS   1700237568 131072   12.095
21:26:13.533 python3        1046589 nvme1n1 WS   1700237824 131072   12.168
21:26:13.533 python3        1046589 nvme1n1 WS   1700238080 131072   12.243
21:26:13.533 python3        1046589 nvme1n1 WS   1700238336 131072   12.318
21:26:13.533 python3        1046589 nvme1n1 WS   1700238592 131072   12.394
21:26:13.533 python3        1046589 nvme1n1 WS   1700238848 131072   12.473
21:26:13.533 python3        1046586 nvme1n1 WS   1700230912 131072   12.581
21:26:13.533 python3        1046586 nvme1n1 WS   1700231168 131072   12.654
21:26:13.533 python3        1046586 nvme1n1 WS   1700231424 131072   12.727
21:26:13.533 python3        1046586 nvme1n1 WS   1700231680 131072   12.807
21:26:13.533 python3        1046586 nvme1n1 WS   1700231936 131072   12.885
21:26:13.533 python3        1046586 nvme1n1 WS   1700232192 131072   12.961
21:26:13.533 python3        1046586 nvme1n1 WS   1700232448 131072   13.039
21:26:13.534 python3        1046586 nvme1n1 WS   1700232704 131072   13.116
21:26:13.534 python3        1046589 nvme1n1 WS   1700241408 131072   13.224
21:26:13.534 python3        1046589 nvme1n1 WS   1700241664 131072   13.297
21:26:13.534 python3        1046589 nvme1n1 WS   1700241920 131072   13.372
21:26:13.534 python3        1046589 nvme1n1 WS   1700242176 131072   13.448
21:26:13.534 python3        1046589 nvme1n1 WS   1700242432 131072   13.527
21:26:13.534 python3        1046589 nvme1n1 WS   1700242688 131072   13.604
21:26:13.534 python3        1046589 nvme1n1 WS   1700242944 131072   13.681
21:26:13.534 python3        1046589 nvme1n1 WS   1700245504 131072   13.776
21:26:13.534 python3        1046589 nvme1n1 WS   1700245760 131072   13.851
21:26:13.534 python3        1046589 nvme1n1 WS   1700246016 131072   13.927
21:26:13.534 python3        1046589 nvme1n1 WS   1700246272 131072   14.002
21:26:13.534 python3        1046589 nvme1n1 WS   1700246528 131072   14.078
21:26:13.535 python3        1046589 nvme1n1 WS   1700246784 131072   14.155
21:26:13.535 python3        1046587 nvme1n1 WS   1700249600 131072   14.240
21:26:13.535 python3        1046587 nvme1n1 WS   1700249856 131072   14.310
21:26:13.535 python3        1046587 nvme1n1 WS   1700250112 131072   14.386
21:26:13.535 python3        1046587 nvme1n1 WS   1700250368 131072   14.464
21:26:13.535 python3        1046587 nvme1n1 WS   1700250624 131072   14.542
21:26:13.535 python3        1046587 nvme1n1 WS   1700250880 131072   14.617
21:26:13.535 python3        1046587 nvme1n1 WS   1700251136 131072   14.696
21:26:13.535 python3        1046587 nvme1n1 WS   1700251392 131072   14.737
21:26:13.535 python3        1046587 nvme1n1 WS   1700251648 131072   14.817
21:26:13.535 python3        1046587 nvme1n1 WS   1700251904 131072   14.894
21:26:13.535 python3        1046587 nvme1n1 WS   1700252160 131072   14.969
21:26:13.536 python3        1046587 nvme1n1 WS   1700252416 131072   15.049
21:26:13.536 python3        1046589 nvme1n1 WS   1700247040 131072   15.200
21:26:13.536 python3        1046589 nvme1n1 WS   1700247296 131072   15.233
21:26:13.536 python3        1046589 nvme1n1 WS   1700247552 131072   15.307
21:26:13.536 python3        1046589 nvme1n1 WS   1700247808 131072   15.384
21:26:13.536 python3        1046589 nvme1n1 WS   1700248064 131072   15.462
21:26:13.536 python3        1046589 nvme1n1 WS   1700248320 131072   15.536
21:26:13.536 python3        1046589 nvme1n1 WS   1700248576 131072   15.608
21:26:13.536 python3        1046589 nvme1n1 WS   1700248832 131072   15.682
21:26:13.536 python3        1046589 nvme1n1 WS   1700249088 131072   15.761
21:26:13.536 python3        1046586 nvme1n1 WS   1700235008 131072   15.904
21:26:13.536 python3        1046586 nvme1n1 WS   1700235264 131072   15.983
21:26:13.536 python3        1046586 nvme1n1 WS   1700235520 131072   16.062
21:26:13.537 python3        1046586 nvme1n1 WS   1700235776 131072   16.138
21:26:13.537 python3        1046586 nvme1n1 WS   1700236032 131072   16.216
21:26:13.537 python3        1046586 nvme1n1 WS   1700236288 131072   16.295
21:26:13.537 python3        1046586 nvme1n1 WS   1700236544 131072   16.372
21:26:13.537 python3        1046586 nvme1n1 WS   1700236800 131072   16.448
21:26:13.537 python3        1046586 nvme1n1 WS   1700237056 131072   16.510
21:26:13.537 python3        1046586 nvme1n1 WS   1700257792 131072   16.584
21:26:13.537 python3        1046586 nvme1n1 WS   1700258048 131072   16.663
21:26:13.537 python3        1046586 nvme1n1 WS   1700232960 131072   16.788
21:26:13.537 python3        1046586 nvme1n1 WS   1700253696 131072   16.866
21:26:13.537 python3        1046586 nvme1n1 WS   1700253952 131072   16.976
21:26:13.538 python3        1046588 nvme1n1 WS   731381504  131072   17.059
21:26:13.538 python3        1046588 nvme1n1 WS   731381760  131072   17.129
21:26:13.538 python3        1046588 nvme1n1 WS   731382016  131072   17.209
21:26:13.538 python3        1046589 nvme1n1 WS   1700243200 131072   17.289
21:26:13.538 python3        1046589 nvme1n1 WS   1700243456 131072   17.363
21:26:13.538 python3        1046589 nvme1n1 WS   1700243712 131072   17.444
21:26:13.538 python3        1046589 nvme1n1 WS   1700243968 131072   17.516
21:26:13.538 python3        1046589 nvme1n1 WS   1700244224 131072   17.590
21:26:13.538 python3        1046589 nvme1n1 WS   1700244480 131072   17.666
21:26:13.538 python3        1046589 nvme1n1 WS   1700244736 131072   17.740
21:26:13.538 python3        1046589 nvme1n1 WS   1700244992 131072   17.821
21:26:13.538 python3        1046589 nvme1n1 WS   1700239104 131072   17.916
21:26:13.538 python3        1046589 nvme1n1 WS   1700239360 131072   17.992
21:26:13.539 python3        1046589 nvme1n1 WS   1700239616 131072   18.070
21:26:13.539 python3        1046589 nvme1n1 WS   1700239872 131072   18.147
21:26:13.539 python3        1046589 nvme1n1 WS   1700240128 131072   18.224
21:26:13.539 python3        1046589 nvme1n1 WS   1700240384 131072   18.307
21:26:13.539 python3        1046589 nvme1n1 WS   1700240640 131072   18.382
21:26:13.539 python3        1046589 nvme1n1 WS   1700240896 131072   18.459
21:26:13.539 python3        1046587 nvme1n1 WS   1700252672 131072   18.528
21:26:13.539 python3        1046587 nvme1n1 WS   1700252928 131072   18.602
21:26:13.539 python3        1046587 nvme1n1 WS   1700253184 131072   18.683
21:26:13.539 python3        1046587 nvme1n1 WS   1700253440 131072   18.744
21:26:13.539 python3        1046587 nvme1n1 WS   1700311040 131072   18.814
21:26:13.539 python3        1046587 nvme1n1 WS   1700311296 131072   18.887
21:26:13.540 python3        1046589 nvme1n1 WS   1700245248 131072   19.001
21:26:13.540 python3        1046589 nvme1n1 WS   1700261888 131072   19.077
21:26:13.540 python3        1046589 nvme1n1 WS   1700262144 131072   19.152
21:26:13.540 python3        1046589 nvme1n1 WS   1700249344 131072   19.225
21:26:13.540 python3        1046589 nvme1n1 WS   1700302848 131072   19.302
21:26:13.540 python3        1046589 nvme1n1 WS   1700303104 131072   19.379
21:26:13.540 python3        1046589 nvme1n1 WS   1700241152 131072   19.467
21:26:13.540 python3        1046589 nvme1n1 WS   1700298752 131072   19.540
21:26:13.540 python3        1046589 nvme1n1 WS   1700299008 131072   19.615
21:26:13.540 python3        1046588 nvme1n1 WS   1700306944 131072   19.647
21:26:13.540 python3        1046588 nvme1n1 WS   1700307200 131072   19.717
21:26:13.540 python3        1046588 nvme1n1 WS   1700307456 131072   19.788
21:26:13.540 python3        1046588 nvme1n1 WS   1700307712 131072   19.859
21:26:13.541 python3        1046588 nvme1n1 WS   1700307968 131072   19.931
21:26:13.541 python3        1046588 nvme1n1 WS   1700308224 131072   20.003
21:26:13.541 python3        1046588 nvme1n1 WS   1700308480 131072   20.077
21:26:13.541 python3        1046588 nvme1n1 WS   53846016   131072   20.183
21:26:13.541 python3        1046588 nvme1n1 WS   53846272   131072   20.259
21:26:13.541 python3        1046588 nvme1n1 WS   53846528   131072   20.336
21:26:13.541 python3        1046588 nvme1n1 WS   53846784   131072   20.418
21:26:13.541 python3        1046588 nvme1n1 WS   53847040   131072   20.496
21:26:13.541 python3        1046588 nvme1n1 WS   53847296   131072   20.572
21:26:13.541 python3        1046588 nvme1n1 WS   53847552   131072   20.648
21:26:13.541 python3        1046588 nvme1n1 WS   53847808   131072   20.688
21:26:13.541 python3        1046588 nvme1n1 WS   53848064   131072   20.766
21:26:13.541 python3        1046588 nvme1n1 WS   53848320   131072   20.842
21:26:13.542 python3        1046588 nvme1n1 WS   53848576   131072   20.920
21:26:13.542 python3        1046588 nvme1n1 WS   53848832   131072   20.995
21:26:13.542 python3        1046588 nvme1n1 WS   1700308736 131072   21.073
21:26:13.542 python3        1046588 nvme1n1 WS   1700308992 131072   21.150
21:26:13.542 python3        1046588 nvme1n1 WS   1700309248 131072   21.224
21:26:13.542 python3        1046588 nvme1n1 WS   1700309504 131072   21.299
21:26:13.542 python3        1046588 nvme1n1 WS   53849088   131072   21.399
21:26:13.542 python3        1046588 nvme1n1 WS   53849344   131072   21.475
21:26:13.542 python3        1046588 nvme1n1 WS   53849600   131072   21.551
21:26:13.542 python3        1046588 nvme1n1 WS   53849856   131072   21.610
21:26:13.542 python3        1046588 nvme1n1 WS   53850112   131072   21.698
21:26:13.542 python3        1046588 nvme1n1 WS   53850368   131072   21.773
21:26:13.543 python3        1046588 nvme1n1 WS   1700309760 131072   21.861
21:26:13.543 python3        1046588 nvme1n1 WS   1700310016 131072   21.935
21:26:13.543 python3        1046588 nvme1n1 WS   1700310272 131072   22.009
21:26:13.543 python3        1046588 nvme1n1 WS   1700310528 131072   22.091
21:26:13.543 python3        1046588 nvme1n1 WS   1700310784 131072   22.155
21:26:13.543 python3        1046588 nvme1n1 WS   1700315136 131072   22.278
21:26:13.543 python3        1046588 nvme1n1 WS   1700315392 131072   22.403
21:26:13.543 python3        1046587 nvme1n1 WS   579269944  36864    19.432
21:26:13.543 python3        1046588 nvme1n1 WS   730813760  36864    15.880
21:26:13.543 python3        1046586 nvme1n1 WS   579257816  36864    15.459
21:26:13.543 python3        1046589 nvme1n1 WS   572805816  36864    13.386
21:26:13.579 nvme           1150126 Unknown N    -1         512       0.032
21:26:13.712 ib_log_        125941  nvme1n1 WS   1739230144 4096      0.055
21:26:13.713 ib_log_        125941  nvme1n1 WS   1739227136 4096      0.041
21:26:14.177 kworker        1022881 nvme0n1 W    37214048   8192      0.635
21:26:14.311 ib_pg_f        125932  nvme1n1 WS   1756891136 16384     0.067
21:26:14.312 ib_pg_f        125932  nvme1n1 WS   1755217480 16384     0.041
21:26:14.581 nvme           1150187 Unknown N    -1         512       0.077
21:26:14.860 ib_log_        125932  nvme1n1 WS   1757609984 4096      0.054
21:26:15.292 ib_pg_f        125941  nvme1n1 WS   1740107776 16384     0.058
21:26:15.292 ib_pg_f        125941  nvme1n1 WS   1757680800 16384     0.042
21:26:15.584 nvme           1150197 Unknown N    -1         512       0.030
21:26:15.713 ib_log_        125941  nvme1n1 WS   1739227136 4096      0.054
21:26:16.587 nvme           1150201 Unknown N    -1         512       0.077
21:26:17.249 kworker        1144453 nvme1n1 W    1731301176 4096      0.110
21:26:17.249 kworker        1144453 nvme1n1 W    1731202768 8192      0.114
21:26:17.249 kworker        1144453 nvme1n1 W    1696519360 102400    0.154
21:26:17.249 kworker        1144453 nvme1n1 W    1696519560 131072    0.233
21:26:17.249 kworker        1144453 nvme1n1 W    1696519816 131072    0.310
21:26:17.249 kworker        1144453 nvme1n1 W    1696520072 77824     0.354
21:26:17.249 kworker        1144453 nvme1n1 W    1696520224 126976    0.431
21:26:17.591 nvme           1150205 Unknown N    -1         512       0.034
21:26:18.499 jbd2/nv        752     nvme1n1 WSM  877941936  131072    0.166
21:26:18.499 jbd2/nv        752     nvme1n1 WSM  877942192  114688    0.192
21:26:18.499 jbd2/nv        752     nvme1n1 WSM  877942416  4096      0.030
21:26:18.593 nvme           1150225 Unknown N    -1         512       0.073
21:26:19.595 nvme           1150236 Unknown N    -1         512       0.035
21:26:19.905 ib_log_        125949  nvme1n1 WS   1755849296 4096      0.057
21:26:19.905 ib_log_        125949  nvme1n1 WS   1755849296 4096      0.030
21:26:19.906 ib_log_        125949  nvme1n1 WS   1755849296 8192      0.033
21:26:19.906 ib_log_        125949  nvme1n1 WS   1755849312 8192      0.037
21:26:19.906 jbd2/nv        752     nvme1n1 WSM  877942424  16384     0.049
21:26:19.906 jbd2/nv        752     nvme1n1 WSM  877942456  4096      0.028
21:26:19.906 connect        125949  nvme1n1 WS   1738223232 4096      0.034
21:26:19.906 jbd2/nv        752     nvme1n1 WSM  877942464  8192      0.031
21:26:19.906 jbd2/nv        752     nvme1n1 WSM  877942480  4096      0.027
21:26:19.906 ib_log_        125949  nvme1n1 WS   1755849312 4096      0.030
21:26:19.906 ib_log_        125949  nvme1n1 WS   1755849312 4096      0.027
21:26:19.907 jbd2/nv        752     nvme1n1 WSM  877942488  45056     0.063
21:26:19.907 jbd2/nv        752     nvme1n1 WSM  877942576  4096      0.028
21:26:19.907 ib_log_        125949  nvme1n1 WS   1755849312 4096      0.027
21:26:19.907 ib_log_        125949  nvme1n1 WS   1755849312 4096      0.028
21:26:19.907 ib_log_        125949  nvme1n1 WS   1755849312 4096      0.027
21:26:19.972 ib_log_        125949  nvme1n1 WS   1755849312 4096      0.041
21:26:19.973 ib_log_        125949  nvme1n1 WS   1755849312 8192      0.038
21:26:20.082 ib_log_        125949  nvme1n1 WS   1755849320 4096      0.038
21:26:20.353 ib_pg_f        125949  nvme1n1 WS   1755252736 131072    0.171
21:26:20.353 ib_pg_f        125949  nvme1n1 WS   1755252992 131072    0.243
21:26:20.353 ib_pg_f        125949  nvme1n1 WS   1755253248 131072    0.315
21:26:20.354 ib_pg_f        125949  nvme1n1 WS   1755253504 131072    0.389
21:26:20.354 ib_pg_f        125949  nvme1n1 WS   1755253760 131072    0.463
21:26:20.354 ib_pg_f        125949  nvme1n1 WS   1755254016 131072    0.541
21:26:20.354 ib_pg_f        125949  nvme1n1 WS   1755254272 131072    0.618
21:26:20.354 ib_pg_f        125949  nvme1n1 WS   1755254528 114688    0.685
21:26:20.354 ib_pg_f        125949  nvme1n1 WS   1757762336 16384     0.045
21:26:20.354 ib_pg_f        125949  nvme1n1 WS   1756912896 16384     0.045
21:26:20.354 ib_pg_f        125949  nvme1n1 WS   1756912928 16384     0.054
21:26:20.354 ib_pg_f        125949  nvme1n1 WS   1757787264 16384     0.060
21:26:20.354 ib_pg_f        125949  nvme1n1 WS   1755217736 16384     0.061
21:26:20.354 ib_pg_f        125949  nvme1n1 WS   1756552512 16384     0.064
21:26:20.354 ib_pg_f        125949  nvme1n1 WS   1731136544 16384     0.055
21:26:20.354 ib_pg_f        125949  nvme1n1 WS   1757027808 16384     0.043
21:26:20.354 ib_pg_f        125949  nvme1n1 WS   1756560704 16384     0.048
21:26:20.354 ib_pg_f        125949  nvme1n1 WS   1731137600 16384     0.050
21:26:20.354 ib_pg_f        125949  nvme1n1 WS   1553552288 16384     0.052
21:26:20.354 ib_pg_f        125949  nvme1n1 WS   1553552320 16384     0.055
21:26:20.354 ib_pg_f        125949  nvme1n1 WS   1553552352 16384     0.053
21:26:20.354 ib_pg_f        125949  nvme1n1 WS   1553552384 16384     0.050
21:26:20.354 ib_pg_f        125949  nvme1n1 WS   1553692000 16384     0.056
21:26:20.354 ib_pg_f        125949  nvme1n1 WS   1553690976 16384     0.061
21:26:20.354 ib_pg_f        125949  nvme1n1 WS   1553691136 16384     0.058
21:26:20.354 ib_pg_f        125949  nvme1n1 WS   1553691744 16384     0.056
21:26:20.354 ib_pg_f        125949  nvme1n1 WS   1524265440 16384     0.051
21:26:20.354 ib_pg_f        125949  nvme1n1 WS   1527903872 16384     0.060
21:26:20.354 ib_pg_f        125949  nvme1n1 WS   1553701632 16384     0.055
21:26:20.354 ib_pg_f        125949  nvme1n1 WS   1755745280 16384     0.044
21:26:20.354 ib_pg_f        125949  nvme1n1 WS   1755745312 16384     0.060
21:26:20.354 ib_pg_f        125949  nvme1n1 WS   1755744256 16384     0.061
21:26:20.354 ib_pg_f        125949  nvme1n1 WS   1755745088 16384     0.059
21:26:20.354 ib_pg_f        125949  nvme1n1 WS   1553691616 16384     0.056
21:26:20.354 ib_pg_f        125949  nvme1n1 WS   1755742624 16384     0.056
21:26:20.354 ib_pg_f        125949  nvme1n1 WS   1755745248 16384     0.059
21:26:20.354 ib_pg_f        125949  nvme1n1 WS   1553552000 16384     0.046
21:26:20.354 ib_pg_f        125949  nvme1n1 WS   1553552032 16384     0.055
21:26:20.354 ib_pg_f        125949  nvme1n1 WS   1553552064 16384     0.059
21:26:20.354 ib_pg_f        125949  nvme1n1 WS   1553552096 16384     0.055
21:26:20.354 ib_pg_f        125949  nvme1n1 WS   1553552128 16384     0.069
21:26:20.354 ib_pg_f        125949  nvme1n1 WS   1553552192 16384     0.069
21:26:20.354 ib_pg_f        125949  nvme1n1 WS   1553552224 16384     0.070
21:26:20.354 ib_pg_f        125949  nvme1n1 WS   1553552256 16384     0.067
21:26:20.354 ib_pg_f        125949  nvme1n1 WS   1553551456 16384     0.065
21:26:20.354 ib_pg_f        125949  nvme1n1 WS   1553551488 16384     0.075
21:26:20.354 ib_pg_f        125949  nvme1n1 WS   1553551520 16384     0.082
21:26:20.354 ib_pg_f        125949  nvme1n1 WS   1756560672 16384     0.073
21:26:20.354 ib_pg_f        125949  nvme1n1 WS   1757787296 16384     0.079
21:26:20.354 ib_pg_f        125949  nvme1n1 WS   1756552544 16384     0.079
21:26:20.354 ib_pg_f        125949  nvme1n1 WS   1731135008 16384     0.078
21:26:20.354 ib_pg_f        125949  nvme1n1 WS   1756560736 16384     0.079
21:26:20.355 ib_pg_f        125949  nvme1n1 WS   1757783584 16384     0.085
21:26:20.355 ib_pg_f        125949  nvme1n1 WS   1756552576 16384     0.093
21:26:20.355 ib_pg_f        125949  nvme1n1 WS   1757762432 16384     0.095
21:26:20.355 ib_pg_f        125949  nvme1n1 WS   1740155424 16384     0.092
21:26:20.355 ib_pg_f        125949  nvme1n1 WS   1734883488 16384     0.088
21:26:20.355 ib_pg_f        125949  nvme1n1 WS   1553692160 16384     0.082
21:26:20.355 ib_pg_f        125949  nvme1n1 WS   1523850848 16384     0.086
21:26:20.355 ib_pg_f        125949  nvme1n1 WS   1757027776 16384     0.084
21:26:20.355 ib_pg_f        125949  nvme1n1 WS   1553692480 16384     0.079
21:26:20.355 ib_pg_f        125949  nvme1n1 WS   1524038528 16384     0.065
21:26:20.355 ib_pg_f        125949  nvme1n1 WS   1755703200 16384     0.060
21:26:20.355 ib_pg_f        125949  nvme1n1 WS   1757759136 16384     0.064
21:26:20.355 ib_pg_f        125949  nvme1n1 WS   1553557280 16384     0.059
21:26:20.355 ib_pg_f        125949  nvme1n1 WS   1553692064 16384     0.056
21:26:20.355 ib_pg_f        125949  nvme1n1 WS   1757759200 16384     0.062
21:26:20.355 ib_pg_f        125949  nvme1n1 WS   1740155808 16384     0.061
21:26:20.355 ib_pg_f        125949  nvme1n1 WS   1757759264 16384     0.059
21:26:20.355 ib_pg_f        125949  nvme1n1 WS   1553701600 16384     0.056
21:26:20.355 ib_pg_f        125949  nvme1n1 WS   1756912352 16384     0.057
21:26:20.598 nvme           1150240 Unknown N    -1         512       0.031
21:26:20.749 ib_log_        125949  nvme1n1 WS   1755849320 4096      0.047
21:26:20.749 ib_log_        125949  nvme1n1 WS   1755846912 4096      0.037
21:26:21.600 nvme           1150250 Unknown N    -1         512       0.035
21:26:21.633 ib_log_        125932  nvme1n1 WS   1757614240 4096      0.050
21:26:21.678 ib_log_        125932  nvme1n1 WS   1757614240 4096      0.036
21:26:21.921 ib_log_        125924  nvme1n1 WS   1757622096 8192      0.054
21:26:21.921 ib_log_        125924  nvme1n1 WS   1757622104 4096      0.030
21:26:21.922 ib_log_        125924  nvme1n1 WS   1757622104 4096      0.030
21:26:21.922 ib_log_        125924  nvme1n1 WS   1757622112 8192      0.031
21:26:21.922 jbd2/nv        752     nvme1n1 WSM  877942584  73728     0.096
21:26:21.922 jbd2/nv        752     nvme1n1 WSM  877942728  4096      0.027
21:26:21.922 connect        125924  nvme1n1 WS   1733613368 4096      0.035
21:26:21.922 jbd2/nv        752     nvme1n1 WSM  877942736  8192      0.033
21:26:21.922 jbd2/nv        752     nvme1n1 WSM  877942752  4096      0.026
21:26:21.923 ib_log_        125924  nvme1n1 WS   1757622112 4096      0.030
21:26:21.923 ib_log_        125924  nvme1n1 WS   1757622112 4096      0.028
21:26:21.923 jbd2/nv        752     nvme1n1 WSM  877942760  45056     0.063
21:26:21.923 jbd2/nv        752     nvme1n1 WSM  877942848  4096      0.028
21:26:21.923 ib_log_        125924  nvme1n1 WS   1757622112 4096      0.029
21:26:21.923 ib_log_        125924  nvme1n1 WS   1757622112 4096      0.032
21:26:21.923 ib_log_        125924  nvme1n1 WS   1757622112 4096      0.028
21:26:22.009 ib_log_        125924  nvme1n1 WS   1757622112 4096      0.048
21:26:22.010 ib_log_        125924  nvme1n1 WS   1757622112 8192      0.034
21:26:22.119 ib_log_        125924  nvme1n1 WS   1757622120 4096      0.038
21:26:22.236 ib_pg_f        125924  nvme1n1 WS   1740054528 131072    0.157
21:26:22.236 ib_pg_f        125924  nvme1n1 WS   1740054784 131072    0.227
21:26:22.236 ib_pg_f        125924  nvme1n1 WS   1740055040 131072    0.303
21:26:22.236 ib_pg_f        125924  nvme1n1 WS   1740055296 131072    0.378
21:26:22.236 ib_pg_f        125924  nvme1n1 WS   1740055552 131072    0.455
21:26:22.236 ib_pg_f        125924  nvme1n1 WS   1740055808 131072    0.533
21:26:22.236 ib_pg_f        125924  nvme1n1 WS   1740056064 131072    0.608
21:26:22.236 ib_pg_f        125924  nvme1n1 WS   1740056320 114688    0.677
21:26:22.236 ib_pg_f        125924  nvme1n1 WS   1755100992 16384     0.046
21:26:22.236 ib_pg_f        125924  nvme1n1 WS   1757716032 16384     0.051
21:26:22.236 ib_pg_f        125924  nvme1n1 WS   1757716192 16384     0.050
21:26:22.236 ib_pg_f        125924  nvme1n1 WS   1740412992 16384     0.055
21:26:22.236 ib_pg_f        125924  nvme1n1 WS   1757760192 16384     0.053
21:26:22.236 ib_pg_f        125924  nvme1n1 WS   1740106048 16384     0.048
21:26:22.237 ib_pg_f        125924  nvme1n1 WS   1755099392 16384     0.049
21:26:22.237 ib_pg_f        125924  nvme1n1 WS   1757691744 16384     0.044
21:26:22.237 ib_pg_f        125924  nvme1n1 WS   1755214144 16384     0.053
21:26:22.237 ib_pg_f        125924  nvme1n1 WS   1755203520 16384     0.060
21:26:22.237 ib_pg_f        125924  nvme1n1 WS   813984     16384     0.058
21:26:22.237 ib_pg_f        125924  nvme1n1 WS   814016     16384     0.056
21:26:22.237 ib_pg_f        125924  nvme1n1 WS   814048     16384     0.049
21:26:22.237 ib_pg_f        125924  nvme1n1 WS   814080     16384     0.044
21:26:22.237 ib_pg_f        125924  nvme1n1 WS   1437024    16384     0.043
21:26:22.237 ib_pg_f        125924  nvme1n1 WS   1436000    16384     0.042
21:26:22.237 ib_pg_f        125924  nvme1n1 WS   1436160    16384     0.047
21:26:22.237 ib_pg_f        125924  nvme1n1 WS   1436768    16384     0.052
21:26:22.237 ib_pg_f        125924  nvme1n1 WS   1757690592 16384     0.054
21:26:22.237 ib_pg_f        125924  nvme1n1 WS   1757760512 16384     0.044
21:26:22.237 ib_pg_f        125924  nvme1n1 WS   1756547840 16384     0.043
21:26:22.237 ib_pg_f        125924  nvme1n1 WS   1520145408 16384     0.046
21:26:22.237 ib_pg_f        125924  nvme1n1 WS   1520145440 16384     0.055
21:26:22.237 ib_pg_f        125924  nvme1n1 WS   1436640    16384     0.059
21:26:22.237 ib_pg_f        125924  nvme1n1 WS   1520145216 16384     0.053
21:26:22.237 ib_pg_f        125924  nvme1n1 WS   1520144384 16384     0.056
21:26:22.237 ib_pg_f        125924  nvme1n1 WS   1520107936 16384     0.060
21:26:22.237 ib_pg_f        125924  nvme1n1 WS   1520145376 16384     0.048
21:26:22.237 ib_pg_f        125924  nvme1n1 WS   813696     16384     0.041
21:26:22.237 ib_pg_f        125924  nvme1n1 WS   813728     16384     0.044
21:26:22.237 ib_pg_f        125924  nvme1n1 WS   813760     16384     0.056
21:26:22.237 ib_pg_f        125924  nvme1n1 WS   813792     16384     0.057
21:26:22.237 ib_pg_f        125924  nvme1n1 WS   813824     16384     0.062
21:26:22.237 ib_pg_f        125924  nvme1n1 WS   813888     16384     0.060
21:26:22.237 ib_pg_f        125924  nvme1n1 WS   813920     16384     0.056
21:26:22.237 ib_pg_f        125924  nvme1n1 WS   813952     16384     0.060
21:26:22.237 ib_pg_f        125924  nvme1n1 WS   813152     16384     0.045
21:26:22.237 ib_pg_f        125924  nvme1n1 WS   813184     16384     0.049
21:26:22.237 ib_pg_f        125924  nvme1n1 WS   813216     16384     0.054
21:26:22.237 ib_pg_f        125924  nvme1n1 WS   1755214112 16384     0.059
21:26:22.237 ib_pg_f        125924  nvme1n1 WS   1740410944 16384     0.074
21:26:22.237 ib_pg_f        125924  nvme1n1 WS   1740106080 16384     0.084
21:26:22.237 ib_pg_f        125924  nvme1n1 WS   1755203552 16384     0.087
21:26:22.237 ib_pg_f        125924  nvme1n1 WS   1755214176 16384     0.081
21:26:22.237 ib_pg_f        125924  nvme1n1 WS   1740410976 16384     0.091
21:26:22.237 ib_pg_f        125924  nvme1n1 WS   1740106112 16384     0.093
21:26:22.237 ib_pg_f        125924  nvme1n1 WS   1755101088 16384     0.098
21:26:22.237 ib_pg_f        125924  nvme1n1 WS   1756836384 16384     0.101
21:26:22.237 ib_pg_f        125924  nvme1n1 WS   1757151392 16384     0.106
21:26:22.237 ib_pg_f        125924  nvme1n1 WS   1437184    16384     0.099
21:26:22.237 ib_pg_f        125924  nvme1n1 WS   1757681504 16384     0.095
21:26:22.237 ib_pg_f        125924  nvme1n1 WS   1757691392 16384     0.097
21:26:22.237 ib_pg_f        125924  nvme1n1 WS   1437504    16384     0.096
21:26:22.237 ib_pg_f        125924  nvme1n1 WS   1757689856 16384     0.102
21:26:22.237 ib_pg_f        125924  nvme1n1 WS   37650336   16384     0.099
21:26:22.237 ib_pg_f        125924  nvme1n1 WS   1757759488 16384     0.105
21:26:22.237 ib_pg_f        125924  nvme1n1 WS   1756836768 16384     0.098
21:26:22.237 ib_pg_f        125924  nvme1n1 WS   1757759712 16384     0.099
21:26:22.237 ib_pg_f        125924  nvme1n1 WS   1756547808 16384     0.090
21:26:22.237 ib_pg_f        125924  nvme1n1 WS   1757691296 16384     0.092
21:26:22.237 ib_pg_f        125924  nvme1n1 WS   818976     16384     0.092
21:26:22.237 ib_pg_f        125924  nvme1n1 WS   1437088    16384     0.090
21:26:22.237 ib_pg_f        125924  nvme1n1 WS   1757759680 16384     0.094
21:26:22.312 ib_pg_f        125932  nvme1n1 WS   1756905472 81920     0.104
21:26:22.312 ib_pg_f        125932  nvme1n1 WS   1755244096 16384     0.052
21:26:22.312 ib_pg_f        125932  nvme1n1 WS   1755217512 16384     0.053
21:26:22.312 ib_pg_f        125932  nvme1n1 WS   1757716416 16384     0.049
21:26:22.312 ib_pg_f        125932  nvme1n1 WS   1755104512 16384     0.050
21:26:22.312 ib_pg_f        125932  nvme1n1 WS   1740058784 16384     0.054
21:26:22.353 ib_pg_f        125949  nvme1n1 WS   1756372992 16384     0.055
21:26:22.353 ib_pg_f        125949  nvme1n1 WS   1755217704 16384     0.041
21:26:22.368 kworker        904906  nvme1n1 W    1756692440 4096      0.082
21:26:22.369 kworker        904906  nvme1n1 W    1562098776 53248     0.124
21:26:22.369 kworker        904906  nvme1n1 W    1175017904 131072    0.210
21:26:22.369 kworker        904906  nvme1n1 W    1175018160 61440     0.246
21:26:22.369 kworker        904906  nvme1n1 W    1562098880 32768     0.268
21:26:22.369 kworker        904906  nvme1n1 W    1175018280 131072    0.346
21:26:22.369 kworker        904906  nvme1n1 W    1175018536 90112     0.402
21:26:22.369 kworker        904906  nvme1n1 W    722199040  77824     0.451
21:26:22.369 kworker        904906  nvme1n1 W    1562098944 40960     0.474
21:26:22.369 kworker        904906  nvme1n1 W    1756670528 24576     0.489
21:26:22.369 kworker        904906  nvme1n1 W    1551177104 131072    0.570
21:26:22.369 kworker        904906  nvme1n1 W    1551177360 131072    0.646
21:26:22.369 kworker        904906  nvme1n1 W    1551177616 28672     0.662
21:26:22.518 jbd2/nv        391     nvme0n1 WSM  4316352    45056     0.676
21:26:22.519 jbd2/nv        391     nvme0n1 WSM  4316440    4096      0.453
21:26:22.603 nvme           1150254 Unknown N    -1         512       0.074
21:26:22.750 ib_log_        125949  nvme1n1 WS   1755846912 4096      0.049
21:26:22.861 ib_log_        125932  nvme1n1 WS   1757609984 4096      0.051
21:26:22.976 ib_log_        125924  nvme1n1 WS   1757622120 4096      0.049
21:26:22.976 ib_log_        125924  nvme1n1 WS   1757616384 4096      0.035
21:26:23.393 kworker        1003407 nvme0n1 WM   2099200    4096      0.599
21:26:23.393 kworker        1003407 nvme0n1 WM   2103000    4096      0.606
21:26:23.393 kworker        1003407 nvme0n1 WM   2099224    4096      0.618
21:26:23.393 kworker        1003407 nvme0n1 WM   6309888    4096      0.619
21:26:23.393 kworker        1003407 nvme0n1 WM   6310376    4096      0.621
21:26:23.393 kworker        1003407 nvme0n1 WM   12326904   4096      0.634
21:26:23.393 kworker        1003407 nvme0n1 WM   6310504    4096      0.643
21:26:23.393 kworker        1003407 nvme0n1 WM   9089776    4096      0.646
21:26:23.393 kworker        1003407 nvme0n1 WM   10488672   4096      0.651
21:26:23.393 kworker        1003407 nvme0n1 WM   35653672   8192      0.658
21:26:23.586 amoprof        1047622 nvme1n1 W    1698660208 4096      0.051
