TIMESTAMP    COMM           PID     DISK    T    SECTOR     BYTES   LAT(ms)
02:06:50.747 nvme           1600547 Unknown N    -1         512       0.035
02:06:51.296 kworker        1600330 nvme1n1 W    1625053088 4096      0.051
02:06:51.749 nvme           1600602 Unknown N    -1         512       0.030
02:06:51.751 jbd2/nv        752     nvme1n1 WSM  877672064  126976    0.148
02:06:51.751 jbd2/nv        752     nvme1n1 WSM  877672312  4096      0.030
02:06:52.751 nvme           1600612 Unknown N    -1         512       0.032
02:06:53.753 nvme           1600616 Unknown N    -1         512       0.028
02:06:54.755 nvme           1600630 Unknown N    -1         512       0.032
02:06:55.757 nvme           1600645 Unknown N    -1         512       0.029
02:06:56.417 kworker        1600330 nvme1n1 W    1639455112 8192      0.113
02:06:56.417 kworker        1600330 nvme1n1 W    591909168  106496    0.164
02:06:56.417 kworker        1600330 nvme1n1 W    1499276152 131072    0.244
02:06:56.417 kworker        1600330 nvme1n1 W    1499276408 61440     0.282
02:06:56.417 kworker        1600330 nvme1n1 W    591909376  32768     0.298
02:06:56.417 kworker        1600330 nvme1n1 W    1499276528 131072    0.376
02:06:56.417 kworker        1600330 nvme1n1 W    1499276784 90112     0.429
02:06:56.417 kworker        1600330 nvme1n1 W    591777472  77824     0.475
02:06:56.417 kworker        1600330 nvme1n1 W    591909440  45056     0.278
02:06:56.760 nvme           1600649 Unknown N    -1         512       0.028
02:06:57.762 nvme           1600653 Unknown N    -1         512       0.027
02:06:58.003 jbd2/nv        752     nvme1n1 WSM  877672320  69632     0.108
02:06:58.003 jbd2/nv        752     nvme1n1 WSM  877672456  4096      0.030
02:06:58.764 nvme           1600663 Unknown N    -1         512       0.032
02:06:59.766 nvme           1600677 Unknown N    -1         512       0.032
02:07:00.754 amoprof        1271097 nvme1n1 W    591728376  4096      0.053
