TIMESTAMP    COMM           PID     DISK    T    SECTOR     BYTES   LAT(ms)
11:55:46.946 nvme           2387510 Unknown N    -1         512       0.038
11:55:47.962 nvme           2387566 Unknown N    -1         512       0.031
11:55:48.978 nvme           2387581 Unknown N    -1         512       0.033
11:55:49.437 jbd2/nv        752     nvme1n1 WSM  877517584  131072    0.176
11:55:49.437 jbd2/nv        752     nvme1n1 WSM  877517840  131072    0.201
11:55:49.437 jbd2/nv        752     nvme1n1 WSM  877518096  131072    0.200
11:55:49.437 jbd2/nv        752     nvme1n1 WSM  877518352  131072    0.239
11:55:49.437 jbd2/nv        752     nvme1n1 WSM  877518608  131072    0.277
11:55:49.437 jbd2/nv        752     nvme1n1 WSM  877518864  69632     0.260
11:55:49.438 jbd2/nv        752     nvme1n1 WSM  877519000  4096      0.033
11:55:49.537 kworker        2379454 nvme1n1 W    625342792  131072    0.149
11:55:49.537 kworker        2379513 nvme1n1 W    1565495360 4096      0.044
11:55:49.537 kworker        2379454 nvme1n1 W    625343048  114688    0.169
11:55:49.537 kworker        2379454 nvme1n1 W    625343272  122880    0.240
11:55:49.537 kworker        2379454 nvme1n1 W    625343512  102400    0.298
11:55:49.537 kworker        2379454 nvme1n1 W    625343712  118784    0.367
11:55:49.537 kworker        2379454 nvme1n1 W    625343944  98304     0.430
11:55:49.538 kworker        2379454 nvme1n1 W    844201472  131072    0.511
11:55:49.538 kworker        2379454 nvme1n1 W    625344136  102400    0.569
11:55:49.538 kworker        2379454 nvme1n1 W    625344336  61440     0.603
11:55:49.538 kworker        2379454 nvme1n1 W    625280136  8192      0.180
11:55:49.538 kworker        2379454 nvme1n1 W    1756819448 81920     0.227
11:55:49.538 kworker        2379454 nvme1n1 W    625280056  40960     0.248
11:55:49.538 kworker        2379454 nvme1n1 W    723402544  102400    0.306
11:55:49.538 kworker        2379454 nvme1n1 W    723205768  69632     0.102
11:55:49.538 kworker        2379454 nvme1n1 W    625280152  53248     0.132
11:55:49.538 kworker        2379454 nvme1n1 W    723205904  73728     0.178
11:55:49.538 kworker        2379454 nvme1n1 W    625280256  90112     0.231
11:55:49.538 kworker        2379454 nvme1n1 W    625280432  53248     0.261
11:55:49.994 nvme           2387597 Unknown N    -1         512       0.048
11:55:51.010 nvme           2387602 Unknown N    -1         512       0.030
11:55:52.026 nvme           2387607 Unknown N    -1         512       0.031
11:55:53.043 nvme           2387618 Unknown N    -1         512       0.031
11:55:54.060 nvme           2387633 Unknown N    -1         512       0.038
11:55:54.657 jbd2/nv        752     nvme1n1 WSM  877519008  65536     0.107
11:55:54.657 jbd2/nv        752     nvme1n1 WSM  877519136  4096      0.032
11:55:54.658 kworker        2379468 nvme1n1 W    625344496  8192      0.080
11:55:54.658 kworker        2379468 nvme1n1 W    625393696  8192      0.095
11:55:54.658 kworker        2379468 nvme1n1 W    625344456  20480     0.117
11:55:54.658 kworker        2379468 nvme1n1 W    625393664  16384     0.115
11:55:54.658 kworker        2379468 nvme1n1 W    1486262248 131072    0.175
11:55:54.658 kworker        2379468 nvme1n1 W    1486262504 61440     0.209
11:55:54.658 kworker        2379468 nvme1n1 W    625393712  32768     0.227
11:55:54.658 kworker        2379468 nvme1n1 W    723536448  131072    0.305
11:55:54.659 kworker        2379468 nvme1n1 W    723536704  90112     0.137
11:55:54.659 kworker        2379468 nvme1n1 W    723304800  77824     0.183
11:55:54.659 kworker        2379468 nvme1n1 W    625223696  45056     0.207
11:55:54.659 kworker        2379468 nvme1n1 W    1532421120 131072    0.286
11:55:54.659 kworker        2379468 nvme1n1 W    1532421376 131072    0.370
11:55:54.659 kworker        2379468 nvme1n1 W    1532421632 98304     0.429
11:55:54.659 kworker        2379468 nvme1n1 W    1499346064 131072    0.509
11:55:54.659 kworker        2379468 nvme1n1 W    1499346320 131072    0.588
11:55:54.659 kworker        2379468 nvme1n1 W    1499346576 49152     0.348
11:55:54.659 kworker        2379468 nvme1n1 W    723536880  131072    0.415
11:55:54.659 kworker        2379468 nvme1n1 W    723537136  131072    0.493
11:55:54.659 kworker        2379468 nvme1n1 W    723537392  45056     0.413
11:55:55.076 nvme           2387643 Unknown N    -1         512       0.030
11:55:56.093 nvme           2387648 Unknown N    -1         512       0.030
