TIMESTAMP    COMM           PID     DISK    T    SECTOR     BYTES   LAT(ms)
01:32:03.333 nvme           1551758 Unknown N    -1         512       0.037
01:32:04.336 nvme           1551829 Unknown N    -1         512       0.032
01:32:04.337 jbd2/nv        752     nvme1n1 WSM  877605944  106496    0.137
01:32:04.338 jbd2/nv        752     nvme1n1 WSM  877606152  4096      0.032
01:32:05.338 nvme           1551838 Unknown N    -1         512       0.079
01:32:06.340 nvme           1551842 Unknown N    -1         512       0.029
01:32:07.342 nvme           1551852 Unknown N    -1         512       0.030
01:32:07.457 kworker        1541567 nvme1n1 W    587785176  94208     0.164
01:32:07.457 kworker        1541567 nvme1n1 W    1486344192 131072    0.236
01:32:07.457 kworker        1541567 nvme1n1 W    1486344448 61440     0.273
01:32:07.457 kworker        1541567 nvme1n1 W    587785360  32768     0.295
01:32:07.457 kworker        1541567 nvme1n1 W    1486362624 131072    0.370
01:32:07.457 kworker        1541567 nvme1n1 W    1486362880 90112     0.422
01:32:07.457 kworker        1541567 nvme1n1 W    1486176040 77824     0.471
01:32:07.457 kworker        1541567 nvme1n1 W    587785424  28672     0.489
01:32:08.345 nvme           1551856 Unknown N    -1         512       0.078
01:32:09.347 nvme           1551870 Unknown N    -1         512       0.085
01:32:10.349 nvme           1551885 Unknown N    -1         512       0.078
01:32:10.528 jbd2/nv        752     nvme1n1 WSM  877606160  53248     0.095
01:32:10.528 jbd2/nv        752     nvme1n1 WSM  877606264  4096      0.032
01:32:10.862 jbd2/nv        391     nvme0n1 WSM  4307488    32768     1.036
01:32:10.862 jbd2/nv        391     nvme0n1 WSM  4307552    4096      0.935
01:32:11.351 nvme           1551889 Unknown N    -1         512       0.110
01:32:11.553 kworker        1541567 nvme0n1 WM   2099200    4096      0.994
01:32:11.553 kworker        1541567 nvme0n1 WM   6310504    4096      1.012
01:32:11.553 kworker        1541567 nvme0n1 WM   2103000    4096      1.022
01:32:11.553 kworker        1541567 nvme0n1 WM   2099224    4096      1.025
01:32:11.553 kworker        1541567 nvme0n1 WM   6309888    4096      1.025
01:32:11.553 kworker        1541567 nvme0n1 WM   6310376    4096      1.026
01:32:11.553 kworker        1541567 nvme0n1 WM   9089776    4096      1.028
01:32:11.553 kworker        1541567 nvme0n1 WM   35653696   4096      1.029
01:32:12.353 nvme           1551893 Unknown N    -1         512       0.073
01:32:12.576 kworker        1541567 nvme1n1 W    587785480  16384     0.061
01:32:13.341 amoprof        1271097 nvme1n1 W    587790864  4096      0.060
