TIMESTAMP    COMM           PID     DISK    T    SECTOR     BYTES   LAT(ms)
08:15:40.448 kworker        294506  nvme1n1 W    1737039752 4096      0.055
08:15:40.448 kworker        294506  nvme1n1 W    1548637408 4096      0.063
08:15:40.448 jbd2/nv        752     nvme1n1 WSM  877328144  131072    0.154
08:15:40.448 jbd2/nv        752     nvme1n1 WSM  877328400  57344     0.179
08:15:40.448 kworker        350094  nvme1n1 W    1174925552 4096      0.061
08:15:40.448 kworker        350094  nvme1n1 W    1553591576 4096      0.065
08:15:40.448 kworker        350094  nvme1n1 W    1174925560 131072    0.157
08:15:40.449 jbd2/nv        752     nvme1n1 WSM  877328512  4096      0.182
08:15:40.449 kworker        350094  nvme1n1 W    1174925816 118784    0.233
08:15:40.449 kworker        350094  nvme1n1 W    1174926048 20480     0.068
08:15:40.449 kworker        350094  nvme1n1 W    1174667264 81920     0.122
08:15:40.449 kworker        350094  nvme1n1 W    1174926088 77824     0.168
08:15:40.449 kworker        350094  nvme1n1 W    1174912544 73728     0.212
08:15:40.449 kworker        350094  nvme1n1 W    1174926240 118784    0.282
08:15:40.647 nvme           350763  Unknown N    -1         512       0.030
08:15:41.473 kworker        294506  nvme0n1 W    4465872    4096      0.911
08:15:41.564 systemd        229470  nvme0n1 WS   7337992    4096      0.932
08:15:41.565 jbd2/nv        391     nvme0n1 WSM  4266280    86016     1.573
08:15:41.566 jbd2/nv        391     nvme0n1 WSM  4266448    4096      0.649
08:15:41.649 nvme           350889  Unknown N    -1         512       0.093
08:15:42.651 nvme           350898  Unknown N    -1         512       0.030
08:15:43.579 dockerd        1436    nvme1n1 WS   1728881096 4096      0.050
08:15:43.579 jbd2/nv        752     nvme1n1 WSM  877328520  118784    0.131
08:15:43.579 jbd2/nv        752     nvme1n1 WSM  877328752  4096      0.027
08:15:43.579 dockerd        1436    nvme1n1 WS   1728881104 4096      0.032
08:15:43.579 jbd2/nv        752     nvme1n1 WSM  877328760  40960     0.057
08:15:43.579 jbd2/nv        752     nvme1n1 WSM  877328840  4096      0.027
08:15:43.654 nvme           350951  Unknown N    -1         512       0.031
08:15:44.656 nvme           350958  Unknown N    -1         512       0.028
08:15:45.568 kworker        350094  nvme1n1 W    1756864512 131072    0.173
08:15:45.568 kworker        350094  nvme1n1 W    1756864768 131072    0.243
08:15:45.568 kworker        350094  nvme1n1 W    1756865024 131072    0.324
08:15:45.569 kworker        350094  nvme1n1 W    1756865280 131072    0.400
08:15:45.569 kworker        350094  nvme1n1 W    1756865536 131072    0.480
08:15:45.569 kworker        350094  nvme1n1 W    1756865792 131072    0.559
08:15:45.569 kworker        350094  nvme1n1 W    1756866048 131072    0.640
08:15:45.569 kworker        350094  nvme1n1 W    1756866304 131072    0.702
08:15:45.569 kworker        350094  nvme1n1 W    1756866560 131072    0.560
08:15:45.569 kworker        350094  nvme1n1 W    1756866816 131072    0.630
08:15:45.569 kworker        350094  nvme1n1 W    1756867072 131072    0.559
08:15:45.569 kworker        350094  nvme1n1 W    1756867328 131072    0.633
08:15:45.569 kworker        350094  nvme1n1 W    1756867584 131072    0.557
08:15:45.569 kworker        350094  nvme1n1 W    1756867840 131072    0.640
08:15:45.569 kworker        350094  nvme1n1 W    1756868096 45056     0.392
08:15:45.569 kworker        350094  nvme1n1 W    1731286528 131072    0.474
08:15:45.570 kworker        350094  nvme1n1 W    1731286784 131072    0.555
08:15:45.570 kworker        350094  nvme1n1 W    1731287040 131072    0.517
08:15:45.570 kworker        350094  nvme1n1 W    1731287296 131072    0.593
08:15:45.570 kworker        350094  nvme1n1 W    1731287552 131072    0.522
08:15:45.570 kworker        350094  nvme1n1 W    1731287808 131072    0.600
08:15:45.570 kworker        350094  nvme1n1 W    1731288064 131072    0.579
08:15:45.570 kworker        350094  nvme1n1 W    1731288320 131072    0.647
08:15:45.570 kworker        350094  nvme1n1 W    1731288576 131072    0.571
08:15:45.570 kworker        350094  nvme1n1 W    1731288832 131072    0.652
08:15:45.570 kworker        350094  nvme1n1 W    1731289088 131072    0.570
08:15:45.570 kworker        350094  nvme1n1 W    1731289344 131072    0.649
08:15:45.570 kworker        350094  nvme1n1 W    1731289600 131072    0.567
08:15:45.571 kworker        350094  nvme1n1 W    1731289856 131072    0.639
08:15:45.571 kworker        350094  nvme1n1 W    1731290112 131072    0.574
08:15:45.571 kworker        350094  nvme1n1 W    1731290368 131072    0.641
08:15:45.571 kworker        350094  nvme1n1 W    1731290624 131072    0.561
08:15:45.571 kworker        350094  nvme1n1 W    1731290880 131072    0.558
08:15:45.571 kworker        350094  nvme1n1 W    1731291136 131072    0.632
08:15:45.571 kworker        350094  nvme1n1 W    1731291392 131072    0.564
08:15:45.571 kworker        350094  nvme1n1 W    1731291648 131072    0.636
08:15:45.571 kworker        350094  nvme1n1 W    1731291904 131072    0.554
08:15:45.571 kworker        350094  nvme1n1 W    1731292160 131072    0.627
08:15:45.571 kworker        350094  nvme1n1 W    1731292416 131072    0.562
08:15:45.571 kworker        350094  nvme1n1 W    1731292672 131072    0.639
08:15:45.572 kworker        350094  nvme1n1 W    1731292928 131072    0.561
08:15:45.572 kworker        350094  nvme1n1 W    1731293184 131072    0.633
08:15:45.572 kworker        350094  nvme1n1 W    1731293440 131072    0.563
08:15:45.572 kworker        350094  nvme1n1 W    1731293696 131072    0.638
08:15:45.572 kworker        350094  nvme1n1 W    1731293952 131072    0.564
08:15:45.572 kworker        350094  nvme1n1 W    1731294208 131072    0.632
08:15:45.572 kworker        350094  nvme1n1 W    1731294464 131072    0.559
08:15:45.572 kworker        350094  nvme1n1 W    1731294720 131072    0.636
08:15:45.572 kworker        350094  nvme1n1 W    1731294976 131072    0.564
08:15:45.572 kworker        350094  nvme1n1 W    1731295232 131072    0.641
08:15:45.572 kworker        350094  nvme1n1 W    1731295488 131072    0.467
08:15:45.572 kworker        350094  nvme1n1 W    1731295744 131072    0.547
08:15:45.572 kworker        350094  nvme1n1 W    1731296000 131072    0.626
08:15:45.573 kworker        350094  nvme1n1 W    1731296256 131072    0.564
08:15:45.573 kworker        350094  nvme1n1 W    1731296512 131072    0.640
08:15:45.573 kworker        350094  nvme1n1 W    1731296768 131072    0.560
08:15:45.573 kworker        350094  nvme1n1 W    1731297024 131072    0.637
08:15:45.573 kworker        350094  nvme1n1 W    1731297280 131072    0.561
08:15:45.573 kworker        350094  nvme1n1 W    1731297536 131072    0.634
08:15:45.573 kworker        350094  nvme1n1 W    1731297792 131072    0.559
08:15:45.573 kworker        350094  nvme1n1 W    1731298048 131072    0.636
08:15:45.573 kworker        350094  nvme1n1 W    1731298304 131072    0.564
08:15:45.573 kworker        350094  nvme1n1 W    1731298560 131072    0.636
08:15:45.573 kworker        350094  nvme1n1 W    1731298816 131072    0.562
08:15:45.573 kworker        350094  nvme1n1 W    1731299072 131072    0.639
08:15:45.574 kworker        350094  nvme1n1 W    1731299328 131072    0.561
08:15:45.574 kworker        350094  nvme1n1 W    1731299584 131072    0.634
08:15:45.574 kworker        350094  nvme1n1 W    1731299840 131072    0.558
08:15:45.574 kworker        350094  nvme1n1 W    1731300096 131072    0.560
08:15:45.574 kworker        350094  nvme1n1 W    1756708736 131072    0.630
08:15:45.574 kworker        350094  nvme1n1 W    1756708992 131072    0.557
08:15:45.574 kworker        350094  nvme1n1 W    1756709248 131072    0.634
08:15:45.574 kworker        350094  nvme1n1 W    1756709504 131072    0.564
08:15:45.574 kworker        350094  nvme1n1 W    1756709760 131072    0.637
08:15:45.574 kworker        350094  nvme1n1 W    1756710016 131072    0.568
08:15:45.574 kworker        350094  nvme1n1 W    1756710272 131072    0.642
08:15:45.574 kworker        350094  nvme1n1 W    1756710528 131072    0.573
08:15:45.575 kworker        350094  nvme1n1 W    1756710784 131072    0.648
08:15:45.575 kworker        350094  nvme1n1 W    1756711040 131072    0.571
08:15:45.575 kworker        350094  nvme1n1 W    1756711296 131072    0.642
08:15:45.575 kworker        350094  nvme1n1 W    1756711552 131072    0.568
08:15:45.575 kworker        350094  nvme1n1 W    1756711808 131072    0.645
08:15:45.575 kworker        350094  nvme1n1 W    1756712064 131072    0.564
08:15:45.575 kworker        350094  nvme1n1 W    1756712320 45056     0.503
08:15:45.575 kworker        350094  nvme1n1 W    1731300352 131072    0.583
08:15:45.575 kworker        350094  nvme1n1 W    1731300608 131072    0.508
08:15:45.575 kworker        350094  nvme1n1 W    1731300864 131072    0.587
08:15:45.575 kworker        350094  nvme1n1 W    1731301120 131072    0.514
08:15:45.575 kworker        350094  nvme1n1 W    1731301376 131072    0.591
08:15:45.575 kworker        350094  nvme1n1 W    1731301632 131072    0.515
08:15:45.576 kworker        350094  nvme1n1 W    1731301888 131072    0.592
08:15:45.576 kworker        350094  nvme1n1 W    1731302144 131072    0.565
08:15:45.576 kworker        350094  nvme1n1 W    1731302400 131072    0.644
08:15:45.576 kworker        350094  nvme1n1 W    1731302656 131072    0.555
08:15:45.576 kworker        350094  nvme1n1 W    1731302912 131072    0.628
08:15:45.576 kworker        350094  nvme1n1 W    1731303168 131072    0.564
08:15:45.576 kworker        350094  nvme1n1 W    1731303424 131072    0.641
08:15:45.576 kworker        350094  nvme1n1 W    1731303680 131072    0.567
08:15:45.576 kworker        350094  nvme1n1 W    1731303936 131072    0.648
08:15:45.576 kworker        350094  nvme1n1 W    1731304192 131072    0.571
08:15:45.576 kworker        350094  nvme1n1 W    1731304448 131072    0.656
08:15:45.576 kworker        350094  nvme1n1 W    1731304704 131072    0.467
08:15:45.577 kworker        350094  nvme1n1 W    1756845008 131072    0.548
08:15:45.577 kworker        350094  nvme1n1 W    1756845264 131072    0.626
08:15:45.577 kworker        350094  nvme1n1 W    1756845520 131072    0.577
08:15:45.577 kworker        350094  nvme1n1 W    1756845776 131072    0.658
08:15:45.577 kworker        350094  nvme1n1 W    1756846032 131072    0.580
08:15:45.577 kworker        350094  nvme1n1 W    1756846288 131072    0.659
08:15:45.577 kworker        350094  nvme1n1 W    1756846544 131072    0.572
08:15:45.577 kworker        350094  nvme1n1 W    1756846800 131072    0.649
08:15:45.577 kworker        350094  nvme1n1 W    1756847056 131072    0.571
08:15:45.577 kworker        350094  nvme1n1 W    1756847312 131072    0.647
08:15:45.577 kworker        350094  nvme1n1 W    1756847568 131072    0.567
08:15:45.577 kworker        350094  nvme1n1 W    1756847824 131072    0.640
08:15:45.577 kworker        350094  nvme1n1 W    1756848080 131072    0.564
08:15:45.578 kworker        350094  nvme1n1 W    1756848336 131072    0.636
08:15:45.578 kworker        350094  nvme1n1 W    1756848592 45056     0.434
08:15:45.578 kworker        350094  nvme1n1 W    1756848680 131072    0.513
08:15:45.578 kworker        350094  nvme1n1 W    1756848936 131072    0.509
08:15:45.578 kworker        350094  nvme1n1 W    1756849192 131072    0.584
08:15:45.578 kworker        350094  nvme1n1 W    1756849448 131072    0.516
08:15:45.578 kworker        350094  nvme1n1 W    1756849704 131072    0.587
08:15:45.578 kworker        350094  nvme1n1 W    1756849960 131072    0.509
08:15:45.578 kworker        350094  nvme1n1 W    1756850216 131072    0.585
08:15:45.578 kworker        350094  nvme1n1 W    1756850472 131072    0.561
08:15:45.578 kworker        350094  nvme1n1 W    1756850728 131072    0.636
08:15:45.578 kworker        350094  nvme1n1 W    1756850984 131072    0.560
08:15:45.578 kworker        350094  nvme1n1 W    1756851240 131072    0.634
08:15:45.579 kworker        350094  nvme1n1 W    1756851496 131072    0.558
08:15:45.579 kworker        350094  nvme1n1 W    1756851752 131072    0.631
08:15:45.579 kworker        350094  nvme1n1 W    1756852008 131072    0.556
08:15:45.579 kworker        350094  nvme1n1 W    1756852264 45056     0.583
08:15:45.658 nvme           350962  Unknown N    -1         512       0.078
08:15:46.660 nvme           350982  Unknown N    -1         512       0.026
08:15:47.662 nvme           350991  Unknown N    -1         512       0.074
08:15:48.665 nvme           351001  Unknown N    -1         512       0.030
08:15:49.153 kworker        350094  nvme0n1 WM   2099216    8192      1.143
08:15:49.153 kworker        350094  nvme0n1 WM   6310296    4096      1.148
08:15:49.153 kworker        350094  nvme0n1 WM   6310344    4096      1.150
08:15:49.153 kworker        350094  nvme0n1 WM   6293672    8192      1.152
08:15:49.153 kworker        350094  nvme0n1 WM   6293536    4096      1.155
08:15:49.153 kworker        350094  nvme0n1 WM   9093656    4096      1.153
08:15:49.153 kworker        350094  nvme0n1 WM   9089776    4096      1.155
08:15:49.153 kworker        350094  nvme0n1 WM   10487864   4096      1.155
08:15:49.153 kworker        350094  nvme0n1 WM   14722352   4096      1.155
08:15:49.153 kworker        350094  nvme0n1 WM   31459360   8192      1.156
08:15:49.153 kworker        350094  nvme0n1 WM   10499320   4096      1.160
08:15:49.153 kworker        350094  nvme0n1 WM   6464088    4096      1.163
08:15:49.153 kworker        350094  nvme0n1 WM   35653672   4096      1.161
08:15:49.153 kworker        350094  nvme0n1 WM   14682120   12288     1.187
08:15:49.664 jbd2/nv        752     nvme1n1 WSM  877328848  69632     0.114
08:15:49.664 jbd2/nv        752     nvme1n1 WSM  877328984  4096      0.030
08:15:49.667 nvme           351005  Unknown N    -1         512       0.072
08:15:50.669 nvme           351011  Unknown N    -1         512       0.075
08:15:51.671 nvme           351031  Unknown N    -1         512       0.074
08:15:52.673 nvme           351040  Unknown N    -1         512       0.086
08:15:53.587 dockerd        1436    nvme1n1 WS   1736274392 4096      0.061
08:15:53.588 jbd2/nv        752     nvme1n1 WSM  877328992  53248     0.084
08:15:53.588 jbd2/nv        752     nvme1n1 WSM  877329096  4096      0.030
08:15:53.588 dockerd        1436    nvme1n1 WS   1736274400 4096      0.034
08:15:53.588 jbd2/nv        752     nvme1n1 WSM  877329104  36864     0.059
08:15:53.588 jbd2/nv        752     nvme1n1 WSM  877329176  4096      0.028
08:15:53.619 contain        1195    nvme1n1 WS   1730873248 4096      0.061
08:15:53.619 contain        1195    nvme1n1 WS   1730873640 4096      0.069
08:15:53.619 contain        1195    nvme1n1 WS   1730873720 4096      0.070
08:15:53.619 contain        1195    nvme1n1 WS   1730873888 4096      0.070
08:15:53.619 contain        1195    nvme1n1 WS   1429520    4096      0.027
08:15:53.625 dockerd        1436    nvme1n1 WS   830734360  4096      0.049
08:15:53.625 dockerd        1436    nvme1n1 WS   1518910992 4096      0.055
08:15:53.625 dockerd        1436    nvme1n1 WS   1757812056 4096      0.056
08:15:53.625 dockerd        1436    nvme1n1 WS   1757812096 4096      0.057
08:15:53.625 dockerd        1436    nvme1n1 WS   1323304    4096      0.027
08:15:53.647 dockerd        1436    nvme1n1 WS   1323328    4096      0.065
08:15:53.647 dockerd        1436    nvme1n1 WS   1528463928 4096      0.072
08:15:53.647 dockerd        1436    nvme1n1 WS   1757812088 4096      0.072
08:15:53.647 dockerd        1436    nvme1n1 WS   1757812104 8192      0.076
08:15:53.647 dockerd        1436    nvme1n1 WS   1323312    4096      0.028
08:15:53.648 dockerd        1436    nvme1n1 W    1520155008 4096      0.031
08:15:53.648 dockerd        1436    nvme1n1 WS   1518910992 4096      0.039
08:15:53.648 dockerd        1436    nvme1n1 WS   1757812056 4096      0.044
08:15:53.648 dockerd        1436    nvme1n1 WS   1757812072 8192      0.047
08:15:53.648 dockerd        1436    nvme1n1 WS   1323304    4096      0.031
08:15:53.675 nvme           351089  Unknown N    -1         512       0.028
08:15:53.684 dockerd        1436    nvme1n1 WS   1323328    4096      0.056
08:15:53.684 dockerd        1436    nvme1n1 WS   1528463928 4096      0.063
08:15:53.684 dockerd        1436    nvme1n1 WS   1757812088 8192      0.063
08:15:53.684 dockerd        1436    nvme1n1 WS   1323312    4096      0.028
08:15:53.684 dockerd        1436    nvme1n1 WS   830734360  4096      0.046
08:15:53.684 dockerd        1436    nvme1n1 WS   1757812056 4096      0.050
08:15:53.684 dockerd        1436    nvme1n1 WS   1757812072 8192      0.050
08:15:53.685 dockerd        1436    nvme1n1 WS   1323304    4096      0.027
08:15:53.687 kworker        339174  nvme1n1 W    1728890408 4096      0.033
08:15:53.687 kworker        330982  nvme1n1 W    1731304960 131072    0.155
08:15:53.687 kworker        330982  nvme1n1 W    1731305216 131072    0.227
08:15:53.687 kworker        330982  nvme1n1 W    1731305472 131072    0.306
08:15:53.687 kworker        330982  nvme1n1 W    1731305728 131072    0.384
08:15:53.687 kworker        330982  nvme1n1 W    1731305984 131072    0.453
08:15:53.687 kworker        350094  nvme1n1 W    1755150600 4096      0.432
08:15:53.687 kworker        350094  nvme1n1 W    1755057168 45056     0.453
08:15:53.687 kworker        350094  nvme1n1 W    1551202072 20480     0.467
08:15:53.687 kworker        330982  nvme1n1 W    1731306240 131072    0.360
08:15:53.687 kworker        350094  nvme1n1 W    1494954264 126976    0.423
08:15:53.687 kworker        330982  nvme1n1 W    1731306496 131072    0.360
08:15:53.687 kworker        350094  nvme1n1 W    1551202112 20480     0.348
08:15:53.688 kworker        330982  nvme1n1 W    1731306752 131072    0.358
08:15:53.688 kworker        350094  nvme1n1 W    1174798080 73728     0.373
08:15:53.688 kworker        330982  nvme1n1 W    1731307008 131072    0.454
08:15:53.688 kworker        350094  nvme1n1 W    1551202152 126976    0.422
08:15:53.688 kworker        330982  nvme1n1 W    1731307264 131072    0.452
08:15:53.688 kworker        330982  nvme1n1 W    1731307520 131072    0.446
08:15:53.688 kworker        330982  nvme1n1 W    1731307776 131072    0.531
08:15:53.688 kworker        350094  nvme1n1 W    1551202400 106496    0.592
08:15:53.688 kworker        330982  nvme1n1 W    1731308032 131072    0.554
08:15:53.688 kworker        350094  nvme1n1 W    1174814464 81920     0.592
08:15:53.688 kworker        330982  nvme1n1 W    1731308288 131072    0.522
08:15:53.688 kworker        350094  nvme1n1 W    1551202608 81920     0.511
08:15:53.688 kworker        330982  nvme1n1 W    1731308544 131072    0.498
08:15:53.688 kworker        350094  nvme1n1 W    1174925552 4096      0.493
08:15:53.689 kworker        330982  nvme1n1 W    1731308800 131072    0.530
08:15:53.689 kworker        330982  nvme1n1 W    1731309056 131072    0.607
08:15:53.689 kworker        350094  nvme1n1 W    1730537656 4096      0.580
08:15:53.689 kworker        350094  nvme1n1 W    1551202848 4096      0.585
08:15:53.689 kworker        350094  nvme1n1 W    1551202768 40960     0.612
08:15:53.689 kworker        330982  nvme1n1 W    1731309312 131072    0.633
08:15:53.689 kworker        330982  nvme1n1 W    1731309568 131072    0.713
08:15:53.689 kworker        330982  nvme1n1 W    1731309824 131072    0.789
08:15:53.689 kworker        330982  nvme1n1 W    1731310080 131072    0.871
08:15:53.689 kworker        330982  nvme1n1 W    1731310336 131072    0.947
08:15:53.689 kworker        330982  nvme1n1 W    1731310592 131072    0.764
08:15:53.689 kworker        330982  nvme1n1 W    1731310848 131072    0.843
08:15:53.689 kworker        330982  nvme1n1 W    1731311104 131072    0.919
08:15:53.689 kworker        330982  nvme1n1 W    1731311360 131072    0.997
08:15:53.689 kworker        330982  nvme1n1 W    1731311616 131072    0.837
08:15:53.690 kworker        330982  nvme1n1 W    1731311872 131072    0.914
08:15:53.690 kworker        330982  nvme1n1 W    1731312128 131072    0.993
08:15:53.690 kworker        330982  nvme1n1 W    1731312384 131072    1.072
08:15:53.690 kworker        330982  nvme1n1 W    1731312640 131072    1.150
08:15:53.690 kworker        330982  nvme1n1 W    1731312896 131072    1.226
08:15:53.690 kworker        330982  nvme1n1 W    1731313152 131072    1.043
08:15:53.690 kworker        330982  nvme1n1 W    1731313408 131072    1.121
08:15:53.690 kworker        330982  nvme1n1 W    1731313664 131072    1.205
08:15:53.690 kworker        330982  nvme1n1 W    1731313920 131072    1.185
08:15:53.690 kworker        330982  nvme1n1 W    1731314176 131072    1.253
08:15:53.690 kworker        330982  nvme1n1 W    1731314432 131072    1.044
08:15:53.690 kworker        330982  nvme1n1 W    1731314688 131072    1.123
08:15:53.690 kworker        330982  nvme1n1 W    1731314944 131072    1.201
08:15:53.691 kworker        330982  nvme1n1 W    1731315200 131072    1.275
08:15:53.691 kworker        330982  nvme1n1 W    1731315456 131072    1.054
08:15:53.691 kworker        330982  nvme1n1 W    1731315712 131072    1.131
08:15:53.691 kworker        330982  nvme1n1 W    1731315968 131072    1.209
08:15:53.691 kworker        330982  nvme1n1 W    1731316224 131072    1.281
08:15:53.691 kworker        330982  nvme1n1 W    1731316480 131072    1.057
08:15:53.691 kworker        330982  nvme1n1 W    1731316736 131072    1.138
08:15:53.691 kworker        330982  nvme1n1 W    1731316992 131072    1.220
08:15:53.691 kworker        330982  nvme1n1 W    1731317248 131072    1.294
08:15:53.691 kworker        330982  nvme1n1 W    1731317504 131072    1.062
08:15:53.691 kworker        330982  nvme1n1 W    1731317760 131072    1.144
08:15:53.691 kworker        330982  nvme1n1 W    1731318016 131072    1.224
08:15:53.692 kworker        330982  nvme1n1 W    1731318272 131072    1.299
08:15:53.692 kworker        330982  nvme1n1 W    1731318528 131072    1.014
08:15:53.692 kworker        330982  nvme1n1 W    1524801640 131072    1.095
08:15:53.692 kworker        330982  nvme1n1 W    1524801896 131072    1.176
08:15:53.692 kworker        330982  nvme1n1 W    1524802152 131072    1.251
08:15:53.692 kworker        330982  nvme1n1 W    1524802408 131072    1.072
08:15:53.692 kworker        330982  nvme1n1 W    1524802664 131072    1.145
08:15:53.692 kworker        330982  nvme1n1 W    1524802920 131072    1.224
08:15:53.692 kworker        330982  nvme1n1 W    1524803176 98304     1.162
08:15:53.692 kworker        330982  nvme1n1 W    1731559424 131072    1.237
08:15:53.692 kworker        330982  nvme1n1 W    1731559680 131072    1.013
08:15:53.692 kworker        330982  nvme1n1 W    1731559936 131072    1.091
08:15:53.692 kworker        330982  nvme1n1 W    1731560192 131072    1.172
08:15:53.693 kworker        330982  nvme1n1 W    1731560448 131072    1.248
08:15:53.693 kworker        330982  nvme1n1 W    1731560704 131072    1.030
08:15:53.693 kworker        330982  nvme1n1 W    1731560960 131072    1.106
08:15:53.693 kworker        330982  nvme1n1 W    1731561216 131072    1.188
08:15:53.693 kworker        330982  nvme1n1 W    1731561472 131072    1.263
08:15:53.693 kworker        330982  nvme1n1 W    1731561728 131072    1.019
08:15:53.693 kworker        330982  nvme1n1 W    1731561984 131072    1.103
08:15:53.693 kworker        330982  nvme1n1 W    1731562240 131072    1.182
08:15:53.693 kworker        330982  nvme1n1 W    1731562496 131072    1.257
08:15:53.693 kworker        330982  nvme1n1 W    1731562752 131072    1.060
08:15:53.693 kworker        330982  nvme1n1 W    1731563008 131072    1.142
08:15:53.693 kworker        330982  nvme1n1 W    1731563264 131072    1.220
08:15:53.694 kworker        330982  nvme1n1 W    1731563520 131072    1.297
08:15:53.694 kworker        330982  nvme1n1 W    1731563776 131072    0.962
08:15:53.694 kworker        330982  nvme1n1 W    1731564032 131072    1.042
08:15:53.694 kworker        330982  nvme1n1 W    1731564288 131072    1.120
08:15:53.694 kworker        330982  nvme1n1 W    1731564544 131072    1.201
08:15:53.694 kworker        330982  nvme1n1 W    1731564800 131072    1.280
08:15:53.694 kworker        330982  nvme1n1 W    1731565056 131072    1.055
08:15:53.694 kworker        330982  nvme1n1 W    1731565312 131072    1.132
08:15:53.694 kworker        330982  nvme1n1 W    1731565568 131072    1.213
08:15:53.694 kworker        330982  nvme1n1 W    1731565824 131072    1.287
08:15:53.694 kworker        330982  nvme1n1 W    1731566080 131072    1.055
08:15:53.694 kworker        330982  nvme1n1 W    1731566336 131072    1.137
08:15:53.695 kworker        330982  nvme1n1 W    1731566592 131072    1.214
08:15:53.695 kworker        330982  nvme1n1 W    1731566848 131072    1.292
08:15:53.695 kworker        330982  nvme1n1 W    1731567104 131072    1.060
08:15:53.695 kworker        330982  nvme1n1 W    1731567360 131072    1.140
08:15:53.695 kworker        330982  nvme1n1 W    1731567616 131072    1.217
08:15:53.695 kworker        330982  nvme1n1 W    1731567872 131072    1.294
08:15:53.695 kworker        330982  nvme1n1 W    1731568128 131072    1.054
08:15:53.695 kworker        330982  nvme1n1 W    1731568384 131072    1.034
08:15:53.695 kworker        330982  nvme1n1 W    1731568640 131072    1.112
08:15:53.695 kworker        330982  nvme1n1 W    1731568896 131072    1.188
08:15:53.695 kworker        330982  nvme1n1 W    1731569152 131072    1.263
08:15:53.695 kworker        330982  nvme1n1 W    1731569408 131072    1.047
08:15:53.696 kworker        330982  nvme1n1 W    1731569664 131072    1.127
08:15:53.696 kworker        330982  nvme1n1 W    1731569920 131072    1.208
08:15:53.696 kworker        330982  nvme1n1 W    1731570176 131072    1.279
08:15:53.696 kworker        330982  nvme1n1 W    1731570432 131072    1.045
08:15:53.696 kworker        330982  nvme1n1 W    1731570688 131072    1.123
08:15:53.696 kworker        330982  nvme1n1 W    1731570944 131072    1.202
08:15:53.696 kworker        330982  nvme1n1 W    1731571200 131072    1.279
08:15:53.696 kworker        330982  nvme1n1 W    1731571456 131072    1.048
08:15:53.696 kworker        330982  nvme1n1 W    1731571712 131072    1.122
08:15:53.696 kworker        330982  nvme1n1 W    1731571968 131072    1.202
08:15:53.696 kworker        330982  nvme1n1 W    1731572224 131072    1.277
08:15:53.696 kworker        330982  nvme1n1 W    1731572480 131072    1.052
08:15:53.697 kworker        330982  nvme1n1 W    1731572736 131072    1.129
08:15:53.697 kworker        330982  nvme1n1 W    1731572992 131072    1.160
08:15:53.697 kworker        330982  nvme1n1 W    1524803368 131072    1.234
08:15:53.697 kworker        330982  nvme1n1 W    1524803624 131072    1.052
08:15:53.697 kworker        330982  nvme1n1 W    1524803880 131072    1.130
08:15:53.697 kworker        330982  nvme1n1 W    1524804136 131072    1.208
08:15:53.697 kworker        330982  nvme1n1 W    1524804392 131072    1.283
08:15:53.697 kworker        330982  nvme1n1 W    1524804648 131072    1.049
08:15:53.697 kworker        330982  nvme1n1 W    1524804904 98304     1.059
08:15:53.697 kworker        330982  nvme1n1 W    1524805096 131072    1.137
08:15:53.697 kworker        330982  nvme1n1 W    1524805352 131072    1.219
08:15:53.697 kworker        330982  nvme1n1 W    1524805608 131072    1.034
08:15:53.697 kworker        330982  nvme1n1 W    1524805864 131072    1.111
08:15:53.698 kworker        330982  nvme1n1 W    1524806120 131072    1.191
08:15:53.698 kworker        330982  nvme1n1 W    1524806376 131072    1.266
08:15:53.698 kworker        330982  nvme1n1 W    1524806632 98304     0.908
08:15:53.698 kworker        330982  nvme1n1 W    1731526656 131072    0.991
08:15:53.698 kworker        330982  nvme1n1 W    1731526912 131072    1.067
08:15:53.698 kworker        330982  nvme1n1 W    1731527168 131072    1.150
08:15:53.698 kworker        330982  nvme1n1 W    1731527424 131072    1.232
08:15:53.698 kworker        330982  nvme1n1 W    1731527680 131072    1.020
08:15:53.698 kworker        330982  nvme1n1 W    1731527936 131072    1.098
08:15:53.698 kworker        330982  nvme1n1 W    1731528192 131072    1.173
08:15:53.698 kworker        330982  nvme1n1 W    1731528448 131072    1.249
08:15:53.698 kworker        330982  nvme1n1 W    1731528704 131072    1.036
08:15:53.699 kworker        330982  nvme1n1 W    1731528960 131072    1.115
08:15:53.699 kworker        330982  nvme1n1 W    1731529216 131072    1.190
08:15:53.699 kworker        330982  nvme1n1 W    1731529472 131072    1.262
08:15:53.699 kworker        330982  nvme1n1 W    1731529728 131072    1.050
08:15:53.699 kworker        330982  nvme1n1 W    1731529984 131072    1.127
08:15:53.699 kworker        330982  nvme1n1 W    1731530240 131072    1.209
08:15:53.699 kworker        330982  nvme1n1 W    1731530496 131072    1.283
08:15:53.699 kworker        330982  nvme1n1 W    1731530752 131072    1.056
08:15:53.699 kworker        330982  nvme1n1 W    1731531008 131072    1.073
08:15:53.699 kworker        330982  nvme1n1 W    1552043952 131072    1.155
08:15:53.699 kworker        330982  nvme1n1 W    1552044208 131072    1.234
08:15:53.699 kworker        330982  nvme1n1 W    1552044464 131072    1.061
08:15:53.699 kworker        330982  nvme1n1 W    1552044720 131072    1.138
08:15:53.700 kworker        330982  nvme1n1 W    1552044976 131072    1.217
08:15:53.700 kworker        330982  nvme1n1 W    1552045232 131072    1.291
08:15:53.700 kworker        330982  nvme1n1 W    1552045488 98304     0.940
08:15:53.700 kworker        330982  nvme1n1 W    1731531264 131072    1.022
08:15:53.700 kworker        330982  nvme1n1 W    1731531520 131072    1.107
08:15:53.700 kworker        330982  nvme1n1 W    1731531776 131072    1.190
08:15:53.700 kworker        330982  nvme1n1 W    1731532032 131072    1.274
08:15:53.700 kworker        330982  nvme1n1 W    1731532288 131072    1.049
08:15:53.700 kworker        330982  nvme1n1 W    1731532544 131072    1.128
08:15:53.700 kworker        330982  nvme1n1 W    1731532800 131072    1.204
08:15:53.700 kworker        330982  nvme1n1 W    1731533056 131072    1.279
08:15:53.700 kworker        330982  nvme1n1 W    1731533312 131072    1.041
08:15:53.701 kworker        330982  nvme1n1 W    1731533568 131072    1.120
08:15:53.701 kworker        330982  nvme1n1 W    1731533824 131072    1.199
08:15:53.701 kworker        330982  nvme1n1 W    1731534080 131072    1.276
08:15:53.701 kworker        330982  nvme1n1 W    1731534336 131072    1.066
08:15:53.701 kworker        330982  nvme1n1 W    1731534592 131072    1.147
08:15:53.701 kworker        330982  nvme1n1 W    1731534848 131072    1.228
08:15:53.701 kworker        330982  nvme1n1 W    1731535104 131072    1.299
08:15:53.701 kworker        330982  nvme1n1 W    1731535360 131072    1.053
08:15:53.701 kworker        330982  nvme1n1 W    1731535616 131072    1.125
08:15:53.701 kworker        330982  nvme1n1 W    1744456704 8192      1.017
08:15:53.701 kworker        330982  nvme1n1 W    1731535872 131072    1.097
08:15:53.701 kworker        330982  nvme1n1 W    1731536128 131072    1.179
08:15:53.701 kworker        330982  nvme1n1 W    1731536384 131072    0.984
08:15:53.702 kworker        330982  nvme1n1 W    1731536640 131072    1.067
08:15:53.702 kworker        330982  nvme1n1 W    1731536896 131072    1.145
08:15:53.702 kworker        330982  nvme1n1 W    1731537152 131072    1.220
08:15:53.702 kworker        330982  nvme1n1 W    1731537408 131072    0.986
08:15:53.702 kworker        330982  nvme1n1 W    1731537664 131072    1.066
08:15:53.702 kworker        330982  nvme1n1 W    1731537920 131072    1.153
08:15:53.702 kworker        330982  nvme1n1 W    1731538176 131072    1.218
08:15:53.702 kworker        330982  nvme1n1 W    1731538432 131072    0.982
08:15:53.702 kworker        330982  nvme1n1 W    1731538688 131072    1.063
08:15:53.702 kworker        330982  nvme1n1 W    1731538944 131072    1.144
08:15:53.702 kworker        330982  nvme1n1 W    1731539200 131072    1.216
08:15:53.702 kworker        330982  nvme1n1 W    1731539456 131072    1.061
08:15:53.703 kworker        330982  nvme1n1 W    1731539712 131072    1.140
08:15:53.703 kworker        330982  nvme1n1 W    1731539968 131072    1.222
08:15:53.703 kworker        330982  nvme1n1 W    1731540224 131072    1.205
08:15:53.703 kworker        330982  nvme1n1 W    1731540480 131072    1.278
08:15:53.703 kworker        330982  nvme1n1 W    1731540736 131072    1.058
08:15:53.703 kworker        330982  nvme1n1 W    1731540992 131072    1.136
08:15:53.703 kworker        330982  nvme1n1 W    1731541248 131072    1.215
08:15:53.703 kworker        330982  nvme1n1 W    1731541504 131072    1.291
08:15:53.703 kworker        330982  nvme1n1 W    1731541760 131072    1.061
08:15:53.703 kworker        330982  nvme1n1 W    1731542016 131072    1.140
08:15:53.703 kworker        330982  nvme1n1 W    1731542272 131072    1.219
08:15:53.703 kworker        330982  nvme1n1 W    1731542528 131072    1.294
08:15:53.704 kworker        330982  nvme1n1 W    1731542784 131072    1.057
08:15:53.704 kworker        330982  nvme1n1 W    1731543040 131072    1.138
08:15:53.704 kworker        330982  nvme1n1 W    1731543296 131072    1.214
08:15:53.704 kworker        330982  nvme1n1 W    1731543552 131072    1.288
08:15:53.704 kworker        330982  nvme1n1 W    1731543808 131072    1.056
08:15:53.704 kworker        330982  nvme1n1 W    1731544064 131072    1.135
08:15:53.704 kworker        330982  nvme1n1 W    1731544320 131072    1.218
08:15:53.704 kworker        330982  nvme1n1 W    1731544576 131072    1.292
08:15:53.704 kworker        330982  nvme1n1 W    1731544832 131072    0.962
08:15:53.704 kworker        330982  nvme1n1 W    1731545088 131072    1.042
08:15:53.704 kworker        330982  nvme1n1 W    1731545344 131072    1.124
08:15:53.704 kworker        330982  nvme1n1 W    1731545600 131072    1.204
08:15:53.704 kworker        330982  nvme1n1 W    1731545856 131072    1.279
08:15:53.705 kworker        330982  nvme1n1 W    1731546112 131072    1.060
08:15:53.705 kworker        330982  nvme1n1 W    1731546368 131072    1.137
08:15:53.705 kworker        330982  nvme1n1 W    1731546624 131072    1.216
08:15:53.705 kworker        330982  nvme1n1 W    1731546880 131072    1.291
08:15:53.705 kworker        330982  nvme1n1 W    1731547136 131072    1.056
08:15:53.705 kworker        330982  nvme1n1 W    1731547392 131072    1.136
08:15:53.705 kworker        330982  nvme1n1 W    1731547648 131072    1.215
08:15:53.705 kworker        330982  nvme1n1 W    1731547904 131072    1.290
08:15:53.705 kworker        330982  nvme1n1 W    1731548160 131072    1.048
08:15:53.705 kworker        330982  nvme1n1 W    1731548416 131072    1.129
08:15:53.705 kworker        330982  nvme1n1 W    1731548672 131072    1.206
08:15:53.705 kworker        330982  nvme1n1 W    1731548928 131072    1.280
08:15:53.706 kworker        330982  nvme1n1 W    1731549184 131072    1.048
08:15:53.706 kworker        330982  nvme1n1 W    1731549440 131072    1.034
08:15:53.706 kworker        330982  nvme1n1 W    1731549696 131072    1.113
08:15:53.706 kworker        330982  nvme1n1 W    1731549952 131072    1.188
08:15:53.706 kworker        330982  nvme1n1 W    1731550208 131072    1.265
08:15:53.706 kworker        330982  nvme1n1 W    1731550464 131072    1.055
08:15:53.706 kworker        330982  nvme1n1 W    1731550720 131072    1.128
08:15:53.706 kworker        330982  nvme1n1 W    1731550976 131072    1.206
08:15:53.706 kworker        330982  nvme1n1 W    1731551232 131072    1.289
08:15:53.706 kworker        330982  nvme1n1 W    1731551488 131072    1.055
08:15:53.706 kworker        330982  nvme1n1 W    1731551744 131072    1.134
08:15:53.706 kworker        330982  nvme1n1 W    1731552000 131072    1.211
08:15:53.707 kworker        330982  nvme1n1 W    1731552256 131072    1.287
08:15:53.707 kworker        330982  nvme1n1 W    1731552512 131072    1.054
08:15:53.707 kworker        330982  nvme1n1 W    1731552768 131072    1.134
08:15:53.707 kworker        330982  nvme1n1 W    1731553024 131072    1.212
08:15:53.707 kworker        330982  nvme1n1 W    1731553280 131072    1.287
08:15:53.707 kworker        330982  nvme1n1 W    1731553536 131072    1.057
08:15:53.707 kworker        330982  nvme1n1 W    1731553792 131072    1.134
08:15:53.707 kworker        330982  nvme1n1 W    1731554048 131072    1.094
08:15:53.707 kworker        330982  nvme1n1 W    1731318784 131072    1.174
08:15:53.707 kworker        330982  nvme1n1 W    1731319040 131072    1.256
08:15:53.707 kworker        330982  nvme1n1 W    1731319296 131072    1.056
08:15:53.707 kworker        330982  nvme1n1 W    1731319552 131072    1.140
08:15:53.708 kworker        330982  nvme1n1 W    1731319808 131072    1.211
08:15:53.708 kworker        330982  nvme1n1 W    1731320064 131072    1.285
08:15:53.708 kworker        330982  nvme1n1 W    1731320320 131072    1.050
08:15:53.708 kworker        330982  nvme1n1 W    1731320576 131072    1.133
08:15:53.708 kworker        330982  nvme1n1 W    1731320832 131072    1.212
08:15:53.708 kworker        330982  nvme1n1 W    1731321088 131072    1.291
08:15:53.708 kworker        330982  nvme1n1 W    1731321344 131072    1.045
08:15:53.708 kworker        330982  nvme1n1 W    1731321600 131072    1.122
08:15:53.708 kworker        330982  nvme1n1 W    1731321856 131072    1.201
08:15:53.708 kworker        330982  nvme1n1 W    1731322112 131072    1.282
08:15:53.708 kworker        330982  nvme1n1 W    1731322368 131072    1.057
08:15:53.708 kworker        330982  nvme1n1 W    1731322624 24576     0.954
08:15:53.708 kworker        330982  nvme1n1 W    1757087520 131072    1.032
08:15:53.709 kworker        330982  nvme1n1 W    1757087776 131072    1.112
08:15:53.709 kworker        330982  nvme1n1 W    1757088032 131072    1.195
08:15:53.709 kworker        330982  nvme1n1 W    1757088288 131072    1.003
08:15:53.709 kworker        330982  nvme1n1 W    1757088544 131072    1.081
08:15:53.709 kworker        330982  nvme1n1 W    1757088800 131072    1.159
08:15:53.709 kworker        330982  nvme1n1 W    1757089056 131072    1.235
08:15:53.709 kworker        330982  nvme1n1 W    1757089312 131072    0.993
08:15:53.709 kworker        330982  nvme1n1 W    1757089568 131072    1.072
08:15:53.709 kworker        330982  nvme1n1 W    1757089824 131072    1.152
08:15:53.709 kworker        330982  nvme1n1 W    1757090080 131072    1.226
08:15:53.709 kworker        330982  nvme1n1 W    1757090336 131072    0.988
08:15:53.709 kworker        330982  nvme1n1 W    1757090592 131072    1.067
08:15:53.709 kworker        330982  nvme1n1 W    1757090848 131072    1.149
08:15:53.710 kworker        330982  nvme1n1 W    1757091104 131072    1.224
08:15:53.710 kworker        330982  nvme1n1 W    1757091360 24576     0.899
08:15:53.710 kworker        330982  nvme1n1 W    1757091408 131072    0.983
08:15:53.710 kworker        330982  nvme1n1 W    1757091664 131072    1.063
08:15:53.710 kworker        330982  nvme1n1 W    1757091920 131072    1.140
08:15:53.710 kworker        330982  nvme1n1 W    1757092176 131072    1.219
08:15:53.710 kworker        330982  nvme1n1 W    1757092432 131072    0.989
08:15:53.710 kworker        330982  nvme1n1 W    1757092688 131072    1.067
08:15:53.710 kworker        330982  nvme1n1 W    1757092944 131072    1.148
08:15:53.710 kworker        330982  nvme1n1 W    1757093200 131072    1.222
08:15:53.710 kworker        330982  nvme1n1 W    1757093456 131072    0.992
08:15:53.710 kworker        330982  nvme1n1 W    1757093712 131072    1.073
08:15:53.710 kworker        330982  nvme1n1 W    1757093968 131072    1.153
08:15:53.711 kworker        330982  nvme1n1 W    1757094224 131072    1.230
08:15:53.711 kworker        330982  nvme1n1 W    1757094480 131072    1.058
08:15:53.711 kworker        330982  nvme1n1 W    1757094736 131072    1.140
08:15:53.711 kworker        330982  nvme1n1 W    1757094992 131072    1.223
08:15:53.711 kworker        330982  nvme1n1 W    1757095248 24576     1.142
08:15:53.711 kworker        330982  nvme1n1 W    1757655552 131072    1.224
08:15:53.711 kworker        330982  nvme1n1 W    1757655808 131072    1.006
08:15:53.711 kworker        330982  nvme1n1 W    1757656064 131072    1.086
08:15:53.711 kworker        330982  nvme1n1 W    1757656320 131072    1.167
08:15:53.711 kworker        330982  nvme1n1 W    1757656576 131072    1.252
08:15:53.711 kworker        330982  nvme1n1 W    1757656832 131072    1.015
08:15:53.711 kworker        330982  nvme1n1 W    1757657088 131072    1.094
08:15:53.712 kworker        330982  nvme1n1 W    1757657344 131072    1.168
08:15:53.712 kworker        330982  nvme1n1 W    1757657600 131072    1.248
08:15:53.712 kworker        330982  nvme1n1 W    1757657856 131072    1.011
08:15:53.712 kworker        330982  nvme1n1 W    1757658112 131072    1.089
08:15:53.712 kworker        330982  nvme1n1 W    1757658368 131072    1.170
08:15:53.712 kworker        330982  nvme1n1 W    1757658624 131072    1.250
08:15:53.712 kworker        330982  nvme1n1 W    1757658880 131072    1.076
08:15:53.712 kworker        330982  nvme1n1 W    1757659136 131072    1.154
08:15:53.712 kworker        330982  nvme1n1 W    1757659392 24576     1.155
08:15:53.712 jbd2/nv        752     nvme1n1 WSM  877329184  131072    1.116
08:15:53.712 dockerd        1436    nvme1n1 WM   272        4096      1.125
08:15:53.712 dockerd        1436    nvme1n1 WM   408        4096      1.131
08:15:53.712 dockerd        1436    nvme1n1 WM   440        4096      1.133
08:15:53.712 dockerd        1436    nvme1n1 WM   712        4096      1.142
08:15:53.712 dockerd        1436    nvme1n1 WM   557842560  4096      1.145
08:15:53.712 dockerd        1436    nvme1n1 WM   557842688  4096      1.148
08:15:53.712 dockerd        1436    nvme1n1 WM   557843800  8192      1.147
08:15:53.712 dockerd        1436    nvme1n1 WM   836230192  4096      1.152
08:15:53.712 dockerd        1436    nvme1n1 WM   843055128  4096      1.153
08:15:53.712 dockerd        1436    nvme1n1 WM   905969792  4096      1.156
08:15:53.712 dockerd        1436    nvme1n1 WM   905969920  4096      1.161
08:15:53.712 dockerd        1436    nvme1n1 WM   905970328  8192      1.162
08:15:53.712 dockerd        1436    nvme1n1 WM   1484783624 4096      1.166
08:15:53.712 dockerd        1436    nvme1n1 WM   1493172240 4096      1.168
08:15:53.712 dockerd        1436    nvme1n1 WM   1552177952 4096      1.169
08:15:53.712 dockerd        1436    nvme1n1 WM   1552181576 4096      1.169
08:15:53.712 dockerd        1436    nvme1n1 WM   557843704  24576     1.181
08:15:53.712 jbd2/nv        752     nvme1n1 WSM  877329440  69632     1.202
08:15:53.712 dockerd        1436    nvme1n1 WM   1552181648 4096      0.076
08:15:53.712 dockerd        1436    nvme1n1 WM   1560546160 4096      0.080
08:15:53.712 dockerd        1436    nvme1n1 WM   1560549064 4096      0.084
08:15:53.712 dockerd        1436    nvme1n1 WM   1560583640 4096      0.088
08:15:53.712 dockerd        1436    nvme1n1 WM   1560661976 4096      0.087
08:15:53.712 dockerd        1436    nvme1n1 WM   1560764408 4096      0.088
08:15:53.712 dockerd        1436    nvme1n1 WM   1560835824 4096      0.094
08:15:53.712 dockerd        1436    nvme1n1 WM   1561060184 4096      0.095
08:15:53.712 dockerd        1436    nvme1n1 WM   1568673472 8192      0.107
08:15:53.712 dockerd        1436    nvme1n1 WM   1728053320 4096      0.109
08:15:53.712 dockerd        1436    nvme1n1 WM   1732247672 4096      0.110
08:15:53.712 dockerd        1436    nvme1n1 WM   1736441864 4096      0.110
08:15:53.712 dockerd        1436    nvme1n1 WM   1737037968 8192      0.121
08:15:53.712 dockerd        1436    nvme1n1 WM   1753219176 4096      0.123
08:15:53.712 dockerd        1436    nvme1n1 WM   1753219192 4096      0.125
08:15:53.712 dockerd        1436    nvme1n1 WM   1552181880 12288     0.137
08:15:53.712 dockerd        1436    nvme1n1 WM   1560583672 12288     0.141
08:15:53.712 jbd2/nv        752     nvme1n1 WSM  877329576  4096      0.119
08:15:53.712 kworker        339174  nvme1n1 WS   1551202792 4096      0.073
08:15:53.712 kworker        339174  nvme1n1 WS   1551202816 4096      0.074
08:15:53.712 kworker        339174  nvme1n1 WS   1551202840 4096      0.073
08:15:53.712 kworker        339174  nvme1n1 WS   1728890416 24576     0.083
08:15:53.712 kworker        339174  nvme1n1 WS   1728890464 16384     0.092
08:15:53.712 kworker        339174  nvme1n1 WS   1728890496 16384     0.100
08:15:53.713 kworker        339174  nvme1n1 WS   1728890456 4096      0.027
08:15:53.713 jbd2/nv        752     nvme1n1 WSM  877329584  20480     0.045
08:15:53.713 jbd2/nv        752     nvme1n1 WSM  877329624  4096      0.028
08:15:53.713 dockerd        1436    nvme1n1 WSM  0          4096      0.095
08:15:53.713 dockerd        1436    nvme1n1 WSM  224        4096      0.116
08:15:53.713 dockerd        1436    nvme1n1 WSM  568        4096      0.123
08:15:53.713 dockerd        1436    nvme1n1 WSM  832        8192      0.122
08:15:53.713 dockerd        1436    nvme1n1 WSM  461373568  4096      0.123
08:15:53.713 dockerd        1436    nvme1n1 WSM  461373696  4096      0.126
08:15:53.713 dockerd        1436    nvme1n1 WSM  461374248  4096      0.128
08:15:53.713 dockerd        1436    nvme1n1 WSM  557842720  4096      0.128
08:15:53.713 dockerd        1436    nvme1n1 WSM  557843816  4096      0.133
08:15:53.713 dockerd        1436    nvme1n1 WSM  905970344  8192      0.133
08:15:53.713 dockerd        1436    nvme1n1 WSM  1174405128 4096      0.136
08:15:53.713 dockerd        1436    nvme1n1 WSM  1484789216 4096      0.137
08:15:53.713 dockerd        1436    nvme1n1 WSM  1493172272 4096      0.138
08:15:53.713 dockerd        1436    nvme1n1 WSM  1493172480 4096      0.142
08:15:53.713 dockerd        1436    nvme1n1 WSM  1493172504 4096      0.145
08:15:53.713 dockerd        1436    nvme1n1 WSM  1518338096 4096      0.147
08:15:53.713 dockerd        1436    nvme1n1 WSM  1522532416 4096      0.151
08:15:53.713 dockerd        1436    nvme1n1 WSM  1530921112 4096      0.153
08:15:53.713 dockerd        1436    nvme1n1 WSM  1530935856 4096      0.154
08:15:53.713 dockerd        1436    nvme1n1 WSM  1547698280 4096      0.157
08:15:53.713 dockerd        1436    nvme1n1 WSM  1551892480 8192      0.162
08:15:53.713 dockerd        1436    nvme1n1 WSM  1552177456 4096      0.166
08:15:53.713 dockerd        1436    nvme1n1 WSM  1552178432 4096      0.167
08:15:53.713 dockerd        1436    nvme1n1 WSM  1552179752 4096      0.170
08:15:53.713 dockerd        1436    nvme1n1 WSM  1564475408 4096      0.171
08:15:53.713 dockerd        1436    nvme1n1 WSM  1707383280 4096      0.177
08:15:53.713 dockerd        1436    nvme1n1 WSM  1728053272 4096      0.178
08:15:53.713 dockerd        1436    nvme1n1 WSM  1728053344 8192      0.178
08:15:53.713 dockerd        1436    nvme1n1 WSM  1740636272 4096      0.180
08:15:53.713 dockerd        1436    nvme1n1 WSM  720        20480     0.202
08:15:53.713 dockerd        1436    nvme1n1 WSM  557843752  20480     0.209
08:15:53.713 dockerd        1436    nvme1n1 WSM  1753219128 4096      0.049
08:15:53.713 dockerd        1436    nvme1n1 WSM  1753219184 4096      0.053
08:15:53.713 dockerd        1436    nvme1n1 WSM  1757413376 4096      0.054
08:15:53.714 dockerd        1436    nvme1n1 WS   1730538264 4096      0.035
08:15:53.714 jbd2/nv        752     nvme1n1 WSM  877329632  57344     0.072
08:15:53.714 jbd2/nv        752     nvme1n1 WSM  877329744  4096      0.028
08:15:53.714 dockerd        1436    nvme1n1 WS   1730538272 4096      0.029
08:15:53.714 jbd2/nv        752     nvme1n1 WSM  877329752  40960     0.059
08:15:53.714 jbd2/nv        752     nvme1n1 WSM  877329832  4096      0.028
08:15:53.715 dockerd        1436    nvme1n1 WS   1730538280 4096      0.033
08:15:53.715 jbd2/nv        752     nvme1n1 WSM  877329840  40960     0.061
08:15:53.715 jbd2/nv        752     nvme1n1 WSM  877329920  4096      0.028
08:15:53.715 dockerd        1436    nvme1n1 WS   1730538288 4096      0.030
08:15:53.715 jbd2/nv        752     nvme1n1 WSM  877329928  36864     0.060
08:15:53.715 jbd2/nv        752     nvme1n1 WSM  877330000  4096      0.027
08:15:53.715 contain        1195    nvme1n1 WS   1730873768 8192      0.036
08:15:53.715 contain        1195    nvme1n1 WS   1730873808 12288     0.046
08:15:53.715 contain        1195    nvme1n1 WS   1429528    4096      0.026
08:15:53.721 contain        1195    nvme1n1 WS   1730873528 4096      0.055
08:15:53.721 contain        1195    nvme1n1 WS   1730873640 4096      0.062
08:15:53.721 contain        1195    nvme1n1 WS   1730873720 8192      0.064
08:15:53.721 contain        1195    nvme1n1 WS   1730873832 4096      0.065
08:15:53.721 contain        1195    nvme1n1 WS   1730873856 4096      0.076
08:15:53.721 contain        1195    nvme1n1 WS   1429520    4096      0.026
08:15:53.722 contain        1195    nvme1n1 WS   311201752  4096      0.052
08:15:53.722 contain        1195    nvme1n1 WS   1725789864 4096      0.060
08:15:53.722 contain        1195    nvme1n1 WS   1725789920 4096      0.061
08:15:53.722 contain        1195    nvme1n1 WS   1725789960 4096      0.063
08:15:53.722 contain        1195    nvme1n1 WS   1725789976 12288     0.072
08:15:53.722 contain        1195    nvme1n1 WS   1707371880 4096      0.027
08:15:53.722 contain        1195    nvme1n1 WS   1725789896 8192      0.041
08:15:53.722 contain        1195    nvme1n1 WS   1725789968 4096      0.044
08:15:53.722 contain        1195    nvme1n1 WS   1725790000 4096      0.051
08:15:53.722 contain        1195    nvme1n1 WS   1725789928 12288     0.054
08:15:53.722 contain        1195    nvme1n1 WS   1707371888 4096      0.028
08:15:53.723 contain        1195    nvme1n1 WS   311201752  4096      0.033
08:15:53.723 contain        1195    nvme1n1 WS   1707371880 4096      0.027
08:15:53.980 contain        1195    nvme1n1 WS   1730873656 4096      0.049
08:15:53.980 contain        1195    nvme1n1 WS   1730873688 4096      0.054
08:15:53.980 contain        1195    nvme1n1 WS   1730873808 12288     0.054
08:15:53.980 contain        1195    nvme1n1 WS   1429528    4096      0.028
08:15:53.980 contain        1195    nvme1n1 WS   1730873728 4096      0.051
08:15:53.980 contain        1195    nvme1n1 WS   1730873768 8192      0.058
08:15:53.980 contain        1195    nvme1n1 WS   1730873832 8192      0.060
08:15:53.980 contain        1195    nvme1n1 WS   1429520    4096      0.028
08:15:53.981 contain        1195    nvme1n1 WS   1725789864 4096      0.057
08:15:53.981 contain        1195    nvme1n1 WS   1725789912 4096      0.063
08:15:53.981 contain        1195    nvme1n1 WS   1725789960 4096      0.064
08:15:53.981 contain        1195    nvme1n1 WS   1725789976 16384     0.064
08:15:53.981 contain        1195    nvme1n1 WS   1707371888 4096      0.030
08:15:53.981 contain        1195    nvme1n1 WS   1730873640 4096      0.044
08:15:53.981 contain        1195    nvme1n1 WS   1730873720 4096      0.051
08:15:53.981 contain        1195    nvme1n1 WS   1730873808 12288     0.055
08:15:53.981 contain        1195    nvme1n1 WS   1730873848 36864     0.072
08:15:53.981 contain        1195    nvme1n1 WS   1429528    4096      0.037
08:15:53.982 kworker        350094  nvme1n1 W    1728890456 4096      0.064
08:15:53.982 kworker        350094  nvme1n1 W    1565182656 8192      0.066
08:15:53.982 kworker        350094  nvme1n1 W    1728890488 4096      0.072
08:15:53.982 kworker        350094  nvme1n1 W    1565182672 8192      0.073
08:15:53.982 kworker        350094  nvme1n1 W    1728890520 4096      0.077
08:15:53.982 kworker        350094  nvme1n1 W    1565182688 8192      0.084
08:15:53.982 kworker        350094  nvme1n1 W    1730537656 4096      0.084
08:15:53.982 kworker        350094  nvme1n1 W    1740382192 4096      0.086
08:15:53.982 kworker        350094  nvme1n1 W    1749884864 8192      0.090
08:15:53.982 dockerd        1436    nvme1n1 WM   461373704  4096      0.052
08:15:53.982 dockerd        1436    nvme1n1 WM   1707589104 4096      0.056
08:15:53.982 dockerd        1436    nvme1n1 WM   1732247672 4096      0.057
08:15:53.982 jbd2/nv        752     nvme1n1 WSM  877330008  131072    0.139
08:15:53.982 jbd2/nv        752     nvme1n1 WSM  877330264  45056     0.147
08:15:53.982 jbd2/nv        752     nvme1n1 WSM  877330352  4096      0.030
08:15:53.983 jbd2/nv        752     nvme1n1 WSM  877330360  16384     0.041
08:15:53.983 jbd2/nv        752     nvme1n1 WSM  877330392  4096      0.028
08:15:53.983 dockerd        1436    nvme1n1 WSM  0          4096      0.095
08:15:53.983 dockerd        1436    nvme1n1 WSM  224        4096      0.103
08:15:53.983 dockerd        1436    nvme1n1 WSM  720        8192      0.105
08:15:53.983 dockerd        1436    nvme1n1 WSM  744        8192      0.108
08:15:53.983 dockerd        1436    nvme1n1 WSM  461373568  4096      0.111
08:15:53.983 dockerd        1436    nvme1n1 WSM  461373696  4096      0.111
08:15:53.983 dockerd        1436    nvme1n1 WSM  461374248  4096      0.124
08:15:53.983 dockerd        1436    nvme1n1 WSM  557842720  4096      0.129
08:15:53.983 dockerd        1436    nvme1n1 WSM  557842768  4096      0.133
08:15:53.983 dockerd        1436    nvme1n1 WSM  557843792  4096      0.133
08:15:53.983 dockerd        1436    nvme1n1 WSM  1493172240 4096      0.138
08:15:53.983 dockerd        1436    nvme1n1 WSM  1493172480 8192      0.139
08:15:53.983 dockerd        1436    nvme1n1 WSM  1518338096 4096      0.145
08:15:53.983 dockerd        1436    nvme1n1 WSM  1551892488 4096      0.145
08:15:53.983 dockerd        1436    nvme1n1 WSM  1552175528 4096      0.146
08:15:53.983 dockerd        1436    nvme1n1 WSM  1564475408 4096      0.151
08:15:53.983 dockerd        1436    nvme1n1 WSM  1568669824 4096      0.152
08:15:53.983 dockerd        1436    nvme1n1 WSM  1705582584 4096      0.157
08:15:53.983 dockerd        1436    nvme1n1 WSM  1705656312 4096      0.158
08:15:53.983 dockerd        1436    nvme1n1 WSM  1711276104 4096      0.158
08:15:53.983 dockerd        1436    nvme1n1 WSM  1715470456 4096      0.163
08:15:53.983 dockerd        1436    nvme1n1 WSM  1719468240 8192      0.183
08:15:53.983 dockerd        1436    nvme1n1 WSM  1719470864 8192      0.187
08:15:53.983 dockerd        1436    nvme1n1 WSM  1719471216 4096      0.189
08:15:53.983 dockerd        1436    nvme1n1 WSM  1719471312 4096      0.190
08:15:53.983 dockerd        1436    nvme1n1 WSM  1719471904 4096      0.190
08:15:53.983 dockerd        1436    nvme1n1 WSM  1719471944 4096      0.192
08:15:53.983 dockerd        1436    nvme1n1 WSM  1728053272 4096      0.192
08:15:53.983 dockerd        1436    nvme1n1 WSM  1728053320 4096      0.193
08:15:53.983 dockerd        1436    nvme1n1 WSM  1749024792 4096      0.195
08:15:53.983 dockerd        1436    nvme1n1 WSM  824        12288     0.213
08:15:53.983 dockerd        1436    nvme1n1 WSM  1568673464 12288     0.209
08:15:53.984 contain        1195    nvme1n1 WS   311201752  4096      0.046
08:15:53.984 contain        1195    nvme1n1 WS   1725789896 8192      0.052
08:15:53.984 contain        1195    nvme1n1 WS   1725789968 4096      0.056
08:15:53.984 contain        1195    nvme1n1 WS   1725789928 12288     0.058
08:15:53.984 contain        1195    nvme1n1 WS   1707371880 4096      0.026
08:15:53.984 contain        1195    nvme1n1 WS   1551466752 4096      0.069
08:15:53.984 contain        1195    nvme1n1 WS   1551466848 4096      0.075
08:15:53.984 contain        1195    nvme1n1 WS   1730872560 4096      0.081
08:15:53.984 contain        1195    nvme1n1 WS   1730873320 4096      0.085
08:15:53.984 contain        1195    nvme1n1 WS   1730873528 4096      0.086
08:15:53.984 contain        1195    nvme1n1 WS   1730873656 4096      0.086
08:15:53.984 contain        1195    nvme1n1 WS   1730873688 4096      0.090
08:15:53.984 contain        1195    nvme1n1 WS   1730873728 4096      0.084
08:15:53.984 contain        1195    nvme1n1 WS   1730873768 8192      0.085
08:15:53.984 contain        1195    nvme1n1 WS   1730873832 8192      0.089
08:15:53.984 contain        1195    nvme1n1 WS   1730873920 8192      0.090
08:15:53.984 contain        1195    nvme1n1 WS   1429520    4096      0.026
08:15:53.984 contain        1195    nvme1n1 WS   1730873640 4096      0.041
08:15:53.984 contain        1195    nvme1n1 WS   1730873720 4096      0.050
08:15:53.984 contain        1195    nvme1n1 WS   1730873808 12288     0.055
08:15:53.984 contain        1195    nvme1n1 WS   1429528    4096      0.029
08:15:53.985 contain        1195    nvme1n1 WS   1725789864 4096      0.047
08:15:53.985 contain        1195    nvme1n1 WS   1725789912 4096      0.054
08:15:53.985 contain        1195    nvme1n1 WS   1725789960 4096      0.056
08:15:53.985 contain        1195    nvme1n1 WS   1725789976 16384     0.060
08:15:53.985 contain        1195    nvme1n1 WS   1707371888 4096      0.029
08:15:53.985 contain        1195    nvme1n1 WS   1730873656 4096      0.049
08:15:53.985 contain        1195    nvme1n1 WS   1730873688 4096      0.053
08:15:53.985 contain        1195    nvme1n1 WS   1730873840 36864     0.059
08:15:53.985 contain        1195    nvme1n1 WS   1429520    4096      0.028
08:15:53.986 kworker        330192  nvme1n1 W    1565182664 4096      0.058
08:15:53.986 kworker        330192  nvme1n1 W    1515157696 8192      0.063
08:15:53.986 kworker        330192  nvme1n1 W    1565182680 4096      0.066
08:15:53.986 kworker        330192  nvme1n1 W    1515157712 8192      0.071
08:15:53.986 kworker        330192  nvme1n1 W    1565182696 4096      0.072
08:15:53.986 kworker        330192  nvme1n1 W    1515157728 8192      0.072
08:15:53.986 jbd2/nv        752     nvme1n1 WSM  877330400  126976    0.133
08:15:53.986 kworker        330192  nvme1n1 WS   1515157704 4096      0.029
08:15:53.986 jbd2/nv        752     nvme1n1 WSM  877330648  4096      0.033
08:15:53.987 jbd2/nv        752     nvme1n1 WSM  877330656  8192      0.032
08:15:53.987 jbd2/nv        752     nvme1n1 WSM  877330672  4096      0.027
08:15:53.987 dockerd        1436    nvme1n1 WSM  0          4096      0.093
08:15:53.987 dockerd        1436    nvme1n1 WSM  224        4096      0.101
08:15:53.987 dockerd        1436    nvme1n1 WSM  728        4096      0.111
08:15:53.987 dockerd        1436    nvme1n1 WSM  744        8192      0.112
08:15:53.987 dockerd        1436    nvme1n1 WSM  824        4096      0.114
08:15:53.987 dockerd        1436    nvme1n1 WSM  461373568  4096      0.120
08:15:53.987 dockerd        1436    nvme1n1 WSM  461373696  8192      0.121
08:15:53.987 dockerd        1436    nvme1n1 WSM  461374248  4096      0.127
08:15:53.987 dockerd        1436    nvme1n1 WSM  1493172480 8192      0.140
08:15:53.987 dockerd        1436    nvme1n1 WSM  1514143768 4096      0.146
08:15:53.987 dockerd        1436    nvme1n1 WSM  1551892488 4096      0.150
08:15:53.987 dockerd        1436    nvme1n1 WSM  1552177456 4096      0.151
08:15:53.987 dockerd        1436    nvme1n1 WSM  1552178152 8192      0.156
08:15:53.987 dockerd        1436    nvme1n1 WSM  1568669824 4096      0.161
08:15:53.987 dockerd        1436    nvme1n1 WSM  1568673464 8192      0.163
08:15:53.987 dockerd        1436    nvme1n1 WSM  1705582584 4096      0.166
08:15:53.987 dockerd        1436    nvme1n1 WSM  1705656312 4096      0.171
08:15:53.987 dockerd        1436    nvme1n1 WSM  1707589104 4096      0.172
08:15:53.987 dockerd        1436    nvme1n1 WSM  1711276104 4096      0.173
08:15:53.987 dockerd        1436    nvme1n1 WSM  1713823904 8192      0.177
08:15:53.987 dockerd        1436    nvme1n1 WSM  1715470456 4096      0.180
08:15:53.987 dockerd        1436    nvme1n1 WSM  1719471168 4096      0.182
08:15:53.987 dockerd        1436    nvme1n1 WSM  1719471192 4096      0.184
08:15:53.987 dockerd        1436    nvme1n1 WS   1520163248 4096      0.032
08:15:53.987 jbd2/nv        752     nvme1n1 WSM  877330680  57344     0.073
08:15:53.988 jbd2/nv        752     nvme1n1 WSM  877330792  4096      0.028
08:15:53.988 dockerd        1436    nvme1n1 WS   1520163256 4096      0.028
08:15:53.988 jbd2/nv        752     nvme1n1 WSM  877330800  20480     0.045
08:15:53.988 jbd2/nv        752     nvme1n1 WSM  877330840  4096      0.029
08:15:53.992 dockerd        1436    nvme1n1 WS   1728881112 4096      0.034
08:15:53.992 jbd2/nv        752     nvme1n1 WSM  877330848  86016     0.098
08:15:53.992 jbd2/nv        752     nvme1n1 WSM  877331016  4096      0.028
08:15:53.992 dockerd        1436    nvme1n1 WS   1528463928 4096      0.044
08:15:53.992 dockerd        1436    nvme1n1 WS   1757812064 4096      0.051
08:15:53.992 dockerd        1436    nvme1n1 WS   1757812088 8192      0.056
08:15:53.992 dockerd        1436    nvme1n1 WS   1323312    4096      0.028
08:15:53.993 contain        1195    nvme1n1 WS   1730873320 4096      0.046
08:15:53.993 contain        1195    nvme1n1 WS   1730873640 4096      0.055
08:15:53.993 contain        1195    nvme1n1 WS   1730873720 8192      0.056
08:15:53.993 contain        1195    nvme1n1 WS   1730873768 8192      0.064
08:15:53.993 contain        1195    nvme1n1 WS   1429528    4096      0.026
08:15:53.994 contain        1195    nvme1n1 WS   1730873808 16384     0.051
08:15:53.994 contain        1195    nvme1n1 WS   1730873872 20480     0.061
08:15:53.994 contain        1195    nvme1n1 WS   1429520    4096      0.027
08:15:53.994 contain        1195    nvme1n1 WS   1730873248 4096      0.045
08:15:53.994 contain        1195    nvme1n1 WS   1730873728 4096      0.052
08:15:53.994 contain        1195    nvme1n1 WS   1730873768 8192      0.056
08:15:53.994 contain        1195    nvme1n1 WS   1730873912 4096      0.057
08:15:53.994 contain        1195    nvme1n1 WS   1429528    4096      0.028
08:15:54.068 dockerd        1436    nvme1n1 W    1728894120 4096      0.038
08:15:54.074 dockerd        1436    nvme1n1 WS   830734360  4096      0.050
08:15:54.074 dockerd        1436    nvme1n1 WS   1757812056 4096      0.056
08:15:54.074 dockerd        1436    nvme1n1 WS   1757812072 8192      0.055
08:15:54.074 dockerd        1436    nvme1n1 WS   1323304    4096      0.027
08:15:54.074 dockerd        1436    nvme1n1 WS   1539981584 4096      0.040
08:15:54.074 dockerd        1436    nvme1n1 WS   1757812064 4096      0.044
08:15:54.074 dockerd        1436    nvme1n1 WS   1757812088 8192      0.050
08:15:54.074 dockerd        1436    nvme1n1 WS   1323312    4096      0.027
08:15:54.075 dockerd        1436    nvme1n1 W    1728877832 4096      0.032
08:15:54.076 dockerd        1436    nvme1n1 WS   1728877840 4096      0.029
08:15:54.076 jbd2/nv        752     nvme1n1 WSM  877331024  81920     0.100
08:15:54.076 jbd2/nv        752     nvme1n1 WSM  877331184  4096      0.028
08:15:54.076 dockerd        1436    nvme1n1 WS   1531537488 4096      0.041
08:15:54.076 dockerd        1436    nvme1n1 WS   1757812056 4096      0.047
08:15:54.076 dockerd        1436    nvme1n1 WS   1757812072 8192      0.051
08:15:54.076 dockerd        1436    nvme1n1 WS   1323304    4096      0.026
08:15:54.086 dockerd        1436    nvme1n1 WS   1528463928 4096      0.049
08:15:54.086 dockerd        1436    nvme1n1 WS   1757812064 4096      0.057
08:15:54.086 dockerd        1436    nvme1n1 WS   1757812088 8192      0.056
08:15:54.086 dockerd        1436    nvme1n1 WS   1323312    4096      0.027
08:15:54.087 dockerd        1436    nvme1n1 WS   830734360  4096      0.039
08:15:54.087 dockerd        1436    nvme1n1 WS   1757812056 4096      0.043
08:15:54.087 dockerd        1436    nvme1n1 WS   1757812072 8192      0.051
08:15:54.087 dockerd        1436    nvme1n1 WS   1323304    4096      0.026
08:15:54.087 dockerd        1436    nvme1n1 WS   1728877848 4096      0.030
08:15:54.087 jbd2/nv        752     nvme1n1 WSM  877331192  36864     0.065
08:15:54.087 jbd2/nv        752     nvme1n1 WSM  877331264  4096      0.030
08:15:54.096 dockerd        1436    nvme1n1 WS   1728881120 4096      0.054
08:15:54.096 jbd2/nv        752     nvme1n1 WSM  877331272  40960     0.064
08:15:54.096 jbd2/nv        752     nvme1n1 WSM  877331352  4096      0.037
08:15:54.096 dockerd        1436    nvme1n1 WS   1730563080 4096      0.038
08:15:54.096 jbd2/nv        752     nvme1n1 WSM  877331360  36864     0.058
08:15:54.096 jbd2/nv        752     nvme1n1 WSM  877331432  4096      0.028
08:15:54.218 contain        1195    nvme1n1 WS   1429520    4096      0.053
08:15:54.678 nvme           351307  Unknown N    -1         512       0.036
08:15:55.680 nvme           351317  Unknown N    -1         512       0.030
08:15:56.683 nvme           351335  Unknown N    -1         512       0.029
08:15:57.686 nvme           351344  Unknown N    -1         512       0.078
08:15:58.688 nvme           351354  Unknown N    -1         512       0.029
08:15:59.690 nvme           351358  Unknown N    -1         512       0.031
08:15:59.905 jbd2/nv        752     nvme1n1 WSM  877331440  131072    0.161
08:15:59.905 jbd2/nv        752     nvme1n1 WSM  877331696  16384     0.171
08:15:59.905 jbd2/nv        752     nvme1n1 WSM  877331728  4096      0.029
08:16:00.654 amoprof        330498  nvme1n1 W    1730848800 4096      0.051
08:16:00.693 nvme           351370  Unknown N    -1         512       0.029
08:16:01.695 nvme           351384  Unknown N    -1         512       0.028
08:16:02.699 nvme           351395  Unknown N    -1         512       0.077
08:16:03.701 nvme           351405  Unknown N    -1         512       0.031
08:16:04.512 kworker        330192  nvme1n1 WM   224        4096      0.105
08:16:04.512 kworker        330192  nvme1n1 WM   728        8192      0.111
08:16:04.512 kworker        330192  nvme1n1 WM   824        4096      0.116
08:16:04.512 kworker        330192  nvme1n1 WM   461373568  4096      0.134
08:16:04.512 kworker        330192  nvme1n1 WM   461373696  8192      0.136
08:16:04.512 kworker        330192  nvme1n1 WM   461374248  4096      0.136
08:16:04.512 kworker        330192  nvme1n1 WM   905970352  4096      0.137
08:16:04.512 kworker        330192  nvme1n1 WM   1493172480 4096      0.139
08:16:04.512 kworker        330192  nvme1n1 WM   1493172504 4096      0.139
08:16:04.512 kworker        330192  nvme1n1 WM   1518338096 4096      0.139
08:16:04.512 kworker        330192  nvme1n1 WM   1530921112 4096      0.141
08:16:04.512 kworker        330192  nvme1n1 WM   1530935856 4096      0.141
08:16:04.512 kworker        330192  nvme1n1 WM   1551892488 4096      0.142
08:16:04.512 kworker        330192  nvme1n1 WM   1552177456 4096      0.145
08:16:04.512 kworker        330192  nvme1n1 WM   1552178160 4096      0.145
08:16:04.512 kworker        330192  nvme1n1 WM   1552180784 8192      0.145
08:16:04.512 kworker        330192  nvme1n1 WM   1560583680 4096      0.075
08:16:04.512 kworker        330192  nvme1n1 WM   1560743856 4096      0.079
08:16:04.512 kworker        330192  nvme1n1 WM   1707383280 4096      0.081
08:16:04.512 kworker        330192  nvme1n1 WM   1707589104 4096      0.082
08:16:04.512 kworker        330192  nvme1n1 WM   1713823912 4096      0.090
08:16:04.512 kworker        330192  nvme1n1 WM   1715470456 4096      0.094
08:16:04.512 kworker        330192  nvme1n1 WM   1719470928 4096      0.094
08:16:04.512 kworker        330192  nvme1n1 WM   1719470992 8192      0.094
08:16:04.512 kworker        330192  nvme1n1 WM   1719471072 4096      0.100
08:16:04.512 kworker        330192  nvme1n1 WM   1719471168 4096      0.100
08:16:04.512 kworker        330192  nvme1n1 WM   1719471192 4096      0.101
08:16:04.512 kworker        330192  nvme1n1 WM   1719471760 4096      0.103
08:16:04.512 kworker        330192  nvme1n1 WM   1728053272 4096      0.104
08:16:04.512 kworker        330192  nvme1n1 WM   1728053320 4096      0.106
08:16:04.513 kworker        350094  nvme0n1 W    36976672   8192      1.046
08:16:04.704 nvme           351409  Unknown N    -1         512       0.031
08:16:05.706 nvme           351419  Unknown N    -1         512       0.084
08:16:06.709 nvme           351433  Unknown N    -1         512       0.077
08:16:07.072 jbd2/nv        752     nvme1n1 WSM  877331736  118784    0.141
08:16:07.072 jbd2/nv        752     nvme1n1 WSM  877331968  4096      0.030
08:16:07.711 nvme           351448  Unknown N    -1         512       0.074
08:16:08.713 nvme           351452  Unknown N    -1         512       0.028
08:16:09.716 nvme           351457  Unknown N    -1         512       0.031
