TIMESTAMP    COMM           PID     DISK    T    SECTOR     BYTES   LAT(ms)
03:03:49.639 nvme           1660588 Unknown N    -1         512       0.041
03:03:50.642 nvme           1660640 Unknown N    -1         512       0.078
03:03:51.644 nvme           1660641 Unknown N    -1         512       0.029
03:03:51.684 jbd2/nv        752     nvme1n1 WSM  877778536  114688    0.148
03:03:51.684 jbd2/nv        752     nvme1n1 WSM  877778760  4096      0.032
03:03:52.646 nvme           1660642 Unknown N    -1         512       0.032
03:03:53.649 nvme           1660643 Unknown N    -1         512       0.074
03:03:54.651 nvme           1660644 Unknown N    -1         512       0.033
03:03:55.653 nvme           1660645 Unknown N    -1         512       0.074
03:03:56.576 kworker        1635417 nvme1n1 W    1625053696 8192      0.057
03:03:56.576 kworker        1653881 nvme1n1 W    587747312  8192      0.083
03:03:56.576 kworker        1653881 nvme1n1 W    591704056  4096      0.086
03:03:56.577 kworker        1653881 nvme1n1 W    595947520  86016     0.139
03:03:56.577 kworker        1653881 nvme1n1 W    1533174704 131072    0.210
03:03:56.577 kworker        1653881 nvme1n1 W    1533174960 61440     0.246
03:03:56.577 kworker        1653881 nvme1n1 W    595947688  32768     0.265
03:03:56.577 kworker        1653881 nvme1n1 W    1533175080 131072    0.342
03:03:56.577 kworker        1653881 nvme1n1 W    1533175336 90112     0.401
03:03:56.577 kworker        1653881 nvme1n1 W    1499714472 77824     0.282
03:03:56.577 kworker        1653881 nvme1n1 W    595947752  45056     0.309
03:03:56.656 nvme           1660646 Unknown N    -1         512       0.024
03:03:57.658 nvme           1660647 Unknown N    -1         512       0.074
03:03:57.922 jbd2/nv        752     nvme1n1 WSM  877778768  81920     0.121
03:03:57.922 jbd2/nv        752     nvme1n1 WSM  877778928  4096      0.030
03:03:58.660 nvme           1660648 Unknown N    -1         512       0.029
03:03:59.646 amoprof        1271097 nvme1n1 W    591810480  4096      0.058
