TIMESTAMP    COMM           PID     DISK    T    SECTOR     BYTES   LAT(ms)
08:05:49.664 nvme           2116090 Unknown N    -1         512       0.035
08:05:49.762 jbd2/nv        752     nvme1n1 WSM  878159344  131072    0.164
08:05:49.762 jbd2/nv        752     nvme1n1 WSM  878159600  126976    0.196
08:05:49.762 jbd2/nv        752     nvme1n1 WSM  878159848  4096      0.028
08:05:50.624 kworker        2104480 nvme1n1 W    1755168240 8192      0.060
08:05:50.624 kworker        2104480 nvme1n1 W    1755217904 4096      0.066
08:05:50.666 nvme           2116145 Unknown N    -1         512       0.031
08:05:51.669 nvme           2116158 Unknown N    -1         512       0.031
08:05:52.671 nvme           2116162 Unknown N    -1         512       0.029
08:05:53.673 nvme           2116183 Unknown N    -1         512       0.033
08:05:54.676 nvme           2116192 Unknown N    -1         512       0.030
08:05:54.733 ib_log_        125941  nvme1n1 WS   1755992152 4096      0.052
08:05:54.733 ib_log_        125941  nvme1n1 WS   1755992160 8192      0.046
08:05:54.733 jbd2/nv        752     nvme1n1 WSM  878159856  61440     0.083
08:05:54.733 jbd2/nv        752     nvme1n1 WSM  878159976  4096      0.028
08:05:54.769 ib_log_        125941  nvme1n1 WS   1755992160 4096      0.036
08:05:55.096 ib_pg_f        125941  nvme1n1 WS   1740107776 131072    0.172
08:05:55.096 ib_pg_f        125941  nvme1n1 WS   1740108032 131072    0.240
08:05:55.096 ib_pg_f        125941  nvme1n1 WS   1740108288 131072    0.319
08:05:55.096 ib_pg_f        125941  nvme1n1 WS   1740108544 131072    0.396
08:05:55.096 ib_pg_f        125941  nvme1n1 WS   1740108800 131072    0.475
08:05:55.096 ib_pg_f        125941  nvme1n1 WS   1740109056 131072    0.550
08:05:55.096 ib_pg_f        125941  nvme1n1 WS   1740109312 49152     0.579
08:05:55.096 ib_pg_f        125941  nvme1n1 WS   1756478368 16384     0.052
08:05:55.096 ib_pg_f        125941  nvme1n1 WS   1756416000 16384     0.059
08:05:55.096 ib_pg_f        125941  nvme1n1 WS   1756476224 16384     0.062
08:05:55.096 ib_pg_f        125941  nvme1n1 WS   1756420224 16384     0.066
08:05:55.096 ib_pg_f        125941  nvme1n1 WS   1757680832 16384     0.063
08:05:55.096 ib_pg_f        125941  nvme1n1 WS   1757680992 16384     0.077
08:05:55.096 ib_pg_f        125941  nvme1n1 WS   1737035936 16384     0.078
08:05:55.096 ib_pg_f        125941  nvme1n1 WS   1756478336 16384     0.080
08:05:55.096 ib_pg_f        125941  nvme1n1 WS   1756419616 16384     0.079
08:05:55.096 ib_pg_f        125941  nvme1n1 WS   1756477760 16384     0.079
08:05:55.096 ib_pg_f        125941  nvme1n1 WS   1756419648 16384     0.090
08:05:55.096 ib_pg_f        125941  nvme1n1 WS   1756478112 16384     0.092
08:05:55.096 ib_pg_f        125941  nvme1n1 WS   1756419680 16384     0.099
08:05:55.096 ib_pg_f        125941  nvme1n1 WS   1756423584 16384     0.078
08:05:55.096 ib_pg_f        125941  nvme1n1 WS   1756419712 16384     0.087
08:05:55.096 ib_pg_f        125941  nvme1n1 WS   1756423648 16384     0.081
08:05:55.096 ib_pg_f        125941  nvme1n1 WS   1756419744 16384     0.083
08:05:55.096 ib_pg_f        125941  nvme1n1 WS   1756423808 16384     0.094
08:05:55.096 ib_pg_f        125941  nvme1n1 WS   1756419840 16384     0.101
08:05:55.096 ib_pg_f        125941  nvme1n1 WS   1756477632 16384     0.095
08:05:55.096 ib_pg_f        125941  nvme1n1 WS   1756419904 16384     0.099
08:05:55.096 ib_pg_f        125941  nvme1n1 WS   1756478144 16384     0.105
08:05:55.096 ib_pg_f        125941  nvme1n1 WS   1756419936 16384     0.112
08:05:55.096 ib_pg_f        125941  nvme1n1 WS   1756477856 16384     0.107
08:05:55.096 ib_pg_f        125941  nvme1n1 WS   1756419968 16384     0.108
08:05:55.096 ib_pg_f        125941  nvme1n1 WS   1756424128 16384     0.117
08:05:55.096 ib_pg_f        125941  nvme1n1 WS   1756420000 16384     0.124
08:05:55.096 ib_pg_f        125941  nvme1n1 WS   1756476096 16384     0.120
08:05:55.096 ib_pg_f        125941  nvme1n1 WS   1756420192 16384     0.127
08:05:55.096 ib_pg_f        125941  nvme1n1 WS   311475360  16384     0.137
08:05:55.096 ib_pg_f        125941  nvme1n1 WS   32781824   16384     0.130
08:05:55.096 ib_pg_f        125941  nvme1n1 WS   311475424  16384     0.136
08:05:55.096 ib_pg_f        125941  nvme1n1 WS   32781856   16384     0.131
08:05:55.096 ib_pg_f        125941  nvme1n1 WS   311475488  16384     0.130
08:05:55.096 ib_pg_f        125941  nvme1n1 WS   32781888   16384     0.136
08:05:55.096 ib_pg_f        125941  nvme1n1 WS   1532135936 16384     0.141
08:05:55.096 ib_pg_f        125941  nvme1n1 WS   32782080   16384     0.149
08:05:55.096 ib_pg_f        125941  nvme1n1 WS   311475872  16384     0.143
08:05:55.096 ib_pg_f        125941  nvme1n1 WS   32782112   16384     0.143
08:05:55.096 ib_pg_f        125941  nvme1n1 WS   311476000  16384     0.144
08:05:55.096 ib_pg_f        125941  nvme1n1 WS   32782176   16384     0.146
08:05:55.096 ib_pg_f        125941  nvme1n1 WS   1532137856 16384     0.154
08:05:55.096 ib_pg_f        125941  nvme1n1 WS   32782208   16384     0.156
08:05:55.097 ib_pg_f        125941  nvme1n1 WS   1532138272 16384     0.159
08:05:55.097 ib_pg_f        125941  nvme1n1 WS   32782240   16384     0.160
08:05:55.097 ib_pg_f        125941  nvme1n1 WS   1532136992 16384     0.174
08:05:55.097 ib_pg_f        125941  nvme1n1 WS   32782272   16384     0.168
08:05:55.097 ib_pg_f        125941  nvme1n1 WS   311476192  16384     0.168
08:05:55.097 ib_pg_f        125941  nvme1n1 WS   32782304   16384     0.171
08:05:55.097 ib_pg_f        125941  nvme1n1 WS   1532137984 16384     0.174
08:05:55.097 ib_pg_f        125941  nvme1n1 WS   311472192  16384     0.176
08:05:55.098 ib_log_        125941  nvme1n1 WS   1755987968 4096      0.040
08:05:55.678 nvme           2116196 Unknown N    -1         512       0.038
08:05:55.745 kworker        2104480 nvme1n1 W    1565471024 8192      0.164
08:05:55.745 kworker        2104480 nvme1n1 WM   0          4096      0.153
08:05:55.745 kworker        2104480 nvme1n1 WM   40         4096      0.156
08:05:55.745 kworker        2104480 nvme1n1 WM   224        4096      0.156
08:05:55.745 kworker        2104480 nvme1n1 WM   288        4096      0.157
08:05:55.745 kworker        2104480 nvme1n1 WM   408        4096      0.163
08:05:55.745 kworker        2104480 nvme1n1 WM   440        4096      0.164
08:05:55.745 kworker        2104480 nvme1n1 WM   712        4096      0.166
08:05:55.745 kworker        2104480 nvme1n1 WM   728        4096      0.166
08:05:55.745 kworker        2104480 nvme1n1 WM   816        4096      0.166
08:05:55.745 kworker        2104480 nvme1n1 WM   840        4096      0.166
08:05:55.745 kworker        2104480 nvme1n1 WM   79691824   4096      0.169
08:05:55.745 kworker        2104480 nvme1n1 WM   461373568  4096      0.171
08:05:55.745 kworker        2104480 nvme1n1 WM   461373736  8192      0.175
08:05:55.745 kworker        2104480 nvme1n1 WM   461373776  8192      0.176
08:05:55.745 kworker        2104480 nvme1n1 WM   461373808  4096      0.177
08:05:55.745 kworker        2104480 nvme1n1 WM   461373888  4096      0.182
08:05:55.745 kworker        2104480 nvme1n1 WM   461374248  4096      0.183
08:05:55.745 kworker        2104480 nvme1n1 WM   591396872  4096      0.183
08:05:55.745 kworker        2104480 nvme1n1 WM   591663072  4096      0.188
08:05:55.745 kworker        2104480 nvme1n1 W    613036936  131072    0.302
08:05:55.745 kworker        2104480 nvme1n1 W    613037192  122880    0.394
08:05:55.745 kworker        2104480 nvme1n1 W    613037432  32768     0.406
08:05:55.745 kworker        2104480 nvme1n1 W    1569560976 131072    0.488
08:05:55.745 kworker        2104480 nvme1n1 W    1569561232 61440     0.524
08:05:55.745 kworker        2104480 nvme1n1 W    613037496  32768     0.543
08:05:55.745 kworker        2104480 nvme1n1 W    1569585136 131072    0.623
08:05:55.745 kworker        2104480 nvme1n1 W    1569585392 90112     0.677
08:05:55.745 kworker        2104480 nvme1n1 W    722458912  77824     0.724
08:05:55.745 kworker        2104480 nvme1n1 W    613037560  36864     0.745
08:05:55.745 kworker        2104480 nvme1n1 WM   760        12288     0.748
08:05:55.745 kworker        2104480 nvme1n1 WM   591663296  4096      0.438
08:05:55.745 kworker        2104480 nvme1n1 WM   612368392  4096      0.444
08:05:55.745 kworker        2104480 nvme1n1 WM   612368408  4096      0.444
08:05:55.745 kworker        2104480 nvme1n1 WM   612368544  4096      0.450
08:05:55.745 kworker        2104480 nvme1n1 WM   612371448  4096      0.438
08:05:55.745 kworker        2104480 nvme1n1 WM   612655760  4096      0.434
08:05:55.745 kworker        2104480 nvme1n1 WM   612655888  8192      0.439
08:05:55.745 kworker        2104480 nvme1n1 WM   721420320  4096      0.440
08:05:55.745 kworker        2104480 nvme1n1 WM   721765824  4096      0.447
08:05:55.745 kworker        2104480 nvme1n1 WM   843055144  4096      0.448
08:05:55.745 kworker        2104480 nvme1n1 WM   844502976  4096      0.449
08:05:55.745 kworker        2104480 nvme1n1 WM   844502992  8192      0.455
08:05:55.745 kworker        2104480 nvme1n1 WM   844530104  4096      0.455
08:05:55.745 kworker        2104480 nvme1n1 WM   905969816  4096      0.458
08:05:55.745 kworker        2104480 nvme1n1 WM   905969920  4096      0.461
08:05:55.745 kworker        2104480 nvme1n1 WM   905976000  8192      0.462
08:05:55.745 kworker        2104480 nvme1n1 WM   612385288  65536     0.512
08:05:55.746 kworker        2104480 nvme1n1 WM   612385464  40960     0.537
08:05:55.746 kworker        2104480 nvme1n1 WM   612385552  12288     0.544
08:05:55.746 kworker        2104480 nvme1n1 WM   612654432  16384     0.553
08:05:55.746 kworker        2104480 nvme1n1 WM   905976032  12288     0.553
08:05:55.746 kworker        2104480 nvme1n1 WM   1484783640 4096      0.101
08:05:55.746 kworker        2104480 nvme1n1 WM   1484783656 4096      0.102
08:05:55.746 kworker        2104480 nvme1n1 WM   1485401008 4096      0.107
08:05:55.746 kworker        2104480 nvme1n1 WM   1509949456 4096      0.109
08:05:55.746 kworker        2104480 nvme1n1 WM   1509949488 4096      0.112
08:05:55.746 kworker        2104480 nvme1n1 WM   1510731488 4096      0.113
08:05:55.746 kworker        2104480 nvme1n1 WM   1519290072 4096      0.119
08:05:55.746 kworker        2104480 nvme1n1 WM   1560281168 4096      0.119
08:05:55.746 kworker        2104480 nvme1n1 WM   1577058336 4096      0.120
08:05:55.746 kworker        2104480 nvme1n1 WM   1606418480 4096      0.120
08:05:55.746 kworker        2104480 nvme1n1 WM   1610612848 4096      0.126
08:05:55.746 kworker        2104480 nvme1n1 WM   1614807112 8192      0.126
08:05:55.746 kworker        2104480 nvme1n1 WM   1619001456 8192      0.130
08:05:55.746 kworker        2104480 nvme1n1 WM   1702887504 4096      0.136
08:05:55.746 kworker        2104480 nvme1n1 WM   1735456440 4096      0.139
08:05:55.746 kworker        2104480 nvme1n1 WM   1735619136 4096      0.142
08:05:55.746 kworker        2104480 nvme1n1 WM   1735620088 4096      0.148
08:05:55.746 kworker        2104480 nvme1n1 WM   1735625496 4096      0.148
08:05:55.746 kworker        2104480 nvme1n1 WM   1736717304 4096      0.149
08:05:55.746 kworker        2104480 nvme1n1 WM   1753219128 4096      0.156
08:05:55.746 kworker        2104480 nvme1n1 WM   1753219192 4096      0.157
08:05:55.746 kworker        2104480 nvme1n1 WM   1756407792 4096      0.159
08:05:55.746 kworker        2104480 nvme1n1 WM   1756489680 4096      0.163
08:05:55.746 kworker        2104480 nvme1n1 WM   1756599000 4096      0.164
08:05:55.746 kworker        2104480 nvme1n1 WM   1756599952 4096      0.169
08:05:55.746 kworker        2104480 nvme1n1 WM   1756601016 4096      0.170
08:05:55.746 kworker        2104480 nvme1n1 WM   1756686296 4096      0.170
08:05:55.746 kworker        2104480 nvme1n1 WM   1756723480 4096      0.174
08:05:55.746 kworker        2104480 nvme1n1 WM   1756754880 4096      0.175
08:05:55.746 kworker        2104480 nvme1n1 WM   1756772280 4096      0.175
08:05:55.746 kworker        2104480 nvme1n1 WM   905983600  12288     0.199
08:05:55.746 kworker        2104480 nvme1n1 WM   1756772328 8192      0.073
08:05:55.746 kworker        2104480 nvme1n1 WM   1756780400 4096      0.079
08:05:55.746 kworker        2104480 nvme1n1 WM   1756807656 4096      0.079
08:05:55.746 kworker        2104480 nvme1n1 WM   1756840408 4096      0.083
08:05:55.746 kworker        2104480 nvme1n1 WM   1756846456 4096      0.084
08:05:55.746 kworker        2104480 nvme1n1 WM   1756847288 4096      0.091
08:05:55.746 kworker        2104480 nvme1n1 WM   1756847336 4096      0.092
08:05:55.746 kworker        2104480 nvme1n1 WM   1756848520 4096      0.093
08:05:55.746 kworker        2104480 nvme1n1 WM   1756864792 4096      0.099
08:05:55.746 kworker        2104480 nvme1n1 WM   1756864896 4096      0.100
08:05:55.746 kworker        2104480 nvme1n1 WM   1756879608 4096      0.101
08:05:55.746 kworker        2104480 nvme1n1 WM   1756885472 4096      0.106
08:05:55.746 kworker        2104480 nvme1n1 WM   1756946896 4096      0.107
08:05:55.746 kworker        2104480 nvme1n1 WM   1757413376 4096      0.108
08:05:55.746 kworker        2104480 nvme1n1 W    1622949384 8192      0.120
08:05:55.746 kworker        2104480 nvme1n1 W    613037632  126976    0.187
08:05:56.681 nvme           2116206 Unknown N    -1         512       0.034
08:05:57.683 nvme           2116210 Unknown N    -1         512       0.030
08:05:58.686 nvme           2116225 Unknown N    -1         512       0.032
08:05:59.671 amoprof        1975872 nvme1n1 W    613029640  4096      0.061
