TIMESTAMP    COMM           PID     DISK    T    SECTOR     BYTES   LAT(ms)
03:21:00.190 nvme           1676329 Unknown N    -1         512       0.103
03:21:01.088 jbd2/nv        752     nvme1n1 WSM  877809368  122880    0.155
03:21:01.088 jbd2/nv        752     nvme1n1 WSM  877809608  4096      0.031
03:21:01.193 nvme           1676381 Unknown N    -1         512       0.077
03:21:02.195 nvme           1676382 Unknown N    -1         512       0.072
03:21:03.197 nvme           1676383 Unknown N    -1         512       0.134
03:21:04.200 nvme           1676384 Unknown N    -1         512       0.028
03:21:05.202 nvme           1676385 Unknown N    -1         512       0.028
03:21:05.697 kworker        1661618 nvme1n1 W    1639456016 8192      0.114
03:21:05.697 kworker        1661618 nvme1n1 W    595869064  98304     0.153
03:21:05.697 kworker        1661618 nvme1n1 W    596105424  131072    0.238
03:21:05.697 kworker        1661618 nvme1n1 W    596105680  61440     0.275
03:21:05.697 kworker        1661618 nvme1n1 W    595869256  32768     0.294
03:21:05.697 kworker        1661618 nvme1n1 W    596105800  131072    0.374
03:21:05.697 kworker        1661618 nvme1n1 W    596106056  90112     0.426
03:21:05.697 kworker        1661618 nvme1n1 W    1526079288 77824     0.474
03:21:05.697 kworker        1661618 nvme1n1 W    595869320  45056     0.274
03:21:06.204 nvme           1676386 Unknown N    -1         512       0.030
03:21:06.398 jbd2/nv        752     nvme1n1 WSM  877809616  69632     0.102
03:21:06.398 jbd2/nv        752     nvme1n1 WSM  877809752  4096      0.040
03:21:07.206 nvme           1676387 Unknown N    -1         512       0.075
03:21:08.209 nvme           1676388 Unknown N    -1         512       0.077
03:21:09.211 nvme           1676389 Unknown N    -1         512       0.073
03:21:10.198 amoprof        1271097 nvme1n1 W    595949536  4096      0.055
