TIMESTAMP    COMM           PID     DISK    T    SECTOR     BYTES   LAT(ms)
06:13:41.087 ib_log_        125934  nvme1n1 WS   21245440   4096      0.067
06:13:41.412 nvme           1906468 Unknown N    -1         512       0.037
06:13:41.492 ib_pg_f        125934  nvme1n1 WS   1737209856 131072    0.160
06:13:41.492 ib_pg_f        125934  nvme1n1 WS   1737210112 131072    0.220
06:13:41.492 ib_pg_f        125934  nvme1n1 WS   1737210368 131072    0.294
06:13:41.492 ib_pg_f        125934  nvme1n1 WS   1737210624 131072    0.371
06:13:41.492 ib_pg_f        125934  nvme1n1 WS   1737210880 131072    0.445
06:13:41.492 ib_pg_f        125934  nvme1n1 WS   1737211136 98304     0.502
06:13:41.492 ib_pg_f        125934  nvme1n1 WS   1730409856 16384     0.046
06:13:41.492 ib_pg_f        125934  nvme1n1 WS   1556368320 16384     0.054
06:13:41.493 ib_pg_f        125934  nvme1n1 WS   1730410528 16384     0.063
06:13:41.493 ib_pg_f        125934  nvme1n1 WS   1556368352 16384     0.069
06:13:41.493 ib_pg_f        125934  nvme1n1 WS   1730410496 16384     0.074
06:13:41.493 ib_pg_f        125934  nvme1n1 WS   1556368384 16384     0.075
06:13:41.493 ib_pg_f        125934  nvme1n1 WS   1730409024 16384     0.080
06:13:41.493 ib_pg_f        125934  nvme1n1 WS   1556368576 16384     0.085
06:13:41.493 ib_pg_f        125934  nvme1n1 WS   1730409056 16384     0.096
06:13:41.493 ib_pg_f        125934  nvme1n1 WS   1556368608 16384     0.087
06:13:41.493 ib_pg_f        125934  nvme1n1 WS   1730409088 16384     0.081
06:13:41.493 ib_pg_f        125934  nvme1n1 WS   1556368640 16384     0.086
06:13:41.493 ib_pg_f        125934  nvme1n1 WS   1730409120 16384     0.093
06:13:41.493 ib_pg_f        125934  nvme1n1 WS   1556368672 16384     0.099
06:13:41.493 ib_pg_f        125934  nvme1n1 WS   1730410560 16384     0.104
06:13:41.493 ib_pg_f        125934  nvme1n1 WS   1556368704 16384     0.106
06:13:41.493 ib_pg_f        125934  nvme1n1 WS   1730410592 16384     0.109
06:13:41.493 ib_pg_f        125934  nvme1n1 WS   1556368736 16384     0.111
06:13:41.493 ib_pg_f        125934  nvme1n1 WS   1730395040 16384     0.106
06:13:41.493 ib_pg_f        125934  nvme1n1 WS   1556368768 16384     0.111
06:13:41.493 ib_pg_f        125934  nvme1n1 WS   1730411136 16384     0.118
06:13:41.493 ib_pg_f        125934  nvme1n1 WS   1556368864 16384     0.124
06:13:41.493 ib_pg_f        125934  nvme1n1 WS   1756481856 16384     0.111
06:13:41.493 ib_pg_f        125934  nvme1n1 WS   1756427200 16384     0.115
06:13:41.493 ib_pg_f        125934  nvme1n1 WS   1756483584 16384     0.105
06:13:41.493 ib_pg_f        125934  nvme1n1 WS   1756427232 16384     0.115
06:13:41.493 ib_pg_f        125934  nvme1n1 WS   1756483360 16384     0.111
06:13:41.493 ib_pg_f        125934  nvme1n1 WS   1756427264 16384     0.124
06:13:41.493 ib_pg_f        125934  nvme1n1 WS   1756481888 16384     0.126
06:13:41.493 ib_pg_f        125934  nvme1n1 WS   1756427296 16384     0.121
06:13:41.493 ib_pg_f        125934  nvme1n1 WS   1756483904 16384     0.128
06:13:41.493 ib_pg_f        125934  nvme1n1 WS   1756427328 16384     0.134
06:13:41.493 ib_pg_f        125934  nvme1n1 WS   1756481952 16384     0.135
06:13:41.493 ib_pg_f        125934  nvme1n1 WS   1756427424 16384     0.137
06:13:41.493 ib_pg_f        125934  nvme1n1 WS   1756482816 16384     0.139
06:13:41.493 ib_pg_f        125934  nvme1n1 WS   1756427488 16384     0.140
06:13:41.493 ib_pg_f        125934  nvme1n1 WS   1756482848 16384     0.143
06:13:41.493 ib_pg_f        125934  nvme1n1 WS   1756427520 16384     0.147
06:13:41.493 ib_pg_f        125934  nvme1n1 WS   1756483648 16384     0.151
06:13:41.493 ib_pg_f        125934  nvme1n1 WS   1756427552 16384     0.158
06:13:41.493 ib_pg_f        125934  nvme1n1 WS   1756424192 16384     0.160
06:13:41.493 ib_pg_f        125934  nvme1n1 WS   1756444096 16384     0.163
06:13:41.493 ib_pg_f        125934  nvme1n1 WS   1756445792 16384     0.166
06:13:41.493 ib_pg_f        125934  nvme1n1 WS   1756427744 16384     0.175
06:13:41.493 ib_pg_f        125934  nvme1n1 WS   1756445856 16384     0.174
06:13:41.493 ib_pg_f        125934  nvme1n1 WS   1756427776 16384     0.176
06:13:42.277 ib_log_        125934  nvme1n1 WS   21242704   4096      0.053
06:13:42.415 nvme           1906523 Unknown N    -1         512       0.077
06:13:42.945 kworker        1790484 nvme0n1 W    36980864   4096      0.973
06:13:43.164 dockerd        1436    nvme1n1 WS   608586440  4096      0.055
06:13:43.164 jbd2/nv        752     nvme1n1 WSM  876958728  131072    0.151
06:13:43.164 jbd2/nv        752     nvme1n1 WSM  876958984  118784    0.170
06:13:43.164 jbd2/nv        752     nvme1n1 WSM  876959216  4096      0.031
06:13:43.164 dockerd        1436    nvme1n1 WS   608586448  4096      0.029
06:13:43.165 jbd2/nv        752     nvme1n1 WSM  876959224  45056     0.068
06:13:43.165 jbd2/nv        752     nvme1n1 WSM  876959312  4096      0.032
06:13:43.417 nvme           1906545 Unknown N    -1         512       0.077
06:13:44.419 nvme           1906560 Unknown N    -1         512       0.030
06:13:45.422 nvme           1906566 Unknown N    -1         512       0.032
06:13:45.437 ib_log_        125934  nvme1n1 WS   21245440   4096      0.049
06:13:45.472 ib_log_        125934  nvme1n1 WS   21245440   4096      0.035
06:13:45.492 ib_pg_f        125934  nvme1n1 WS   1737244672 81920     0.103
06:13:45.492 ib_pg_f        125934  nvme1n1 WS   1730395360 16384     0.048
06:13:45.492 ib_pg_f        125934  nvme1n1 WS   1757759936 16384     0.043
06:13:45.492 ib_pg_f        125934  nvme1n1 WS   1757760384 16384     0.054
06:13:45.492 ib_pg_f        125934  nvme1n1 WS   1556368928 16384     0.057
06:13:45.492 ib_pg_f        125934  nvme1n1 WS   1756903584 16384     0.061
06:13:46.294 jbd2/nv        391     nvme0n1 WSM  4242112    90112     1.770
06:13:46.295 jbd2/nv        391     nvme0n1 WSM  4242288    4096      0.666
06:13:46.424 nvme           1906574 Unknown N    -1         512       0.034
06:13:46.529 kworker        1790484 nvme0n1 W    15716752   8192      0.980
06:13:47.032 python3        1784369 nvme1n1 WS   1653706752 131072    0.175
06:13:47.032 python3        1784369 nvme1n1 WS   1653707008 131072    0.259
06:13:47.032 python3        1784369 nvme1n1 WS   1653707264 131072    0.346
06:13:47.032 python3        1784369 nvme1n1 WS   1653707520 131072    0.400
06:13:47.032 python3        1784369 nvme1n1 WS   1653707776 131072    0.481
06:13:47.033 python3        1784369 nvme1n1 WS   1653708032 131072    0.557
06:13:47.033 python3        1784369 nvme1n1 WS   1653708288 131072    0.658
06:13:47.033 python3        1784369 nvme1n1 WS   1653708544 131072    0.706
06:13:47.033 python3        1784369 nvme1n1 WS   1653708800 131072    0.768
06:13:47.033 python3        1784369 nvme1n1 WS   1653709056 131072    0.844
06:13:47.033 python3        1784369 nvme1n1 WS   1653709312 131072    0.933
06:13:47.033 python3        1784369 nvme1n1 WS   1653709568 131072    1.010
06:13:47.033 python3        1784369 nvme1n1 WS   1653709824 131072    1.087
06:13:47.033 python3        1784369 nvme1n1 WS   1653710080 131072    1.167
06:13:47.033 python3        1784369 nvme1n1 WS   1653710336 131072    1.251
06:13:47.033 python3        1784369 nvme1n1 WS   1653710592 131072    1.312
06:13:47.033 python3        1784369 nvme1n1 WS   1653710848 131072    1.392
06:13:47.034 python3        1784369 nvme1n1 WS   1653711104 131072    1.472
06:13:47.034 python3        1784369 nvme1n1 WS   1653714944 131072    1.475
06:13:47.034 python3        1784369 nvme1n1 WS   1653715200 131072    1.546
06:13:47.034 python3        1784369 nvme1n1 WS   1653715456 131072    1.624
06:13:47.034 python3        1784369 nvme1n1 WS   1653715712 131072    1.705
06:13:47.034 python3        1784369 nvme1n1 WS   1653715968 131072    1.784
06:13:47.034 python3        1784366 nvme1n1 WS   1653719040 131072    1.876
06:13:47.034 python3        1784369 nvme1n1 WS   1653716224 131072    1.947
06:13:47.034 python3        1784369 nvme1n1 WS   1653716480 131072    2.022
06:13:47.034 python3        1784366 nvme1n1 WS   1653719296 131072    2.104
06:13:47.034 python3        1784366 nvme1n1 WS   1653719552 131072    2.180
06:13:47.034 python3        1784366 nvme1n1 WS   1653719808 131072    2.259
06:13:47.035 python3        1784366 nvme1n1 WS   1653720064 131072    2.331
06:13:47.035 python3        1784366 nvme1n1 WS   58138624   131072    2.458
06:13:47.035 python3        1784366 nvme1n1 WS   58138880   131072    2.484
06:13:47.035 python3        1784366 nvme1n1 WS   58139136   131072    2.558
06:13:47.035 python3        1784366 nvme1n1 WS   58139392   131072    2.632
06:13:47.035 python3        1784366 nvme1n1 WS   58139648   131072    2.705
06:13:47.035 python3        1784366 nvme1n1 WS   1653720320 131072    2.797
06:13:47.035 python3        1784366 nvme1n1 WS   1653720576 131072    2.870
06:13:47.035 python3        1784369 nvme1n1 WS   1653716736 131072    2.944
06:13:47.035 python3        1784369 nvme1n1 WS   1653716992 131072    3.019
06:13:47.035 python3        1784369 nvme1n1 WS   1653717248 131072    3.093
06:13:47.035 python3        1784369 nvme1n1 WS   1653717504 131072    3.170
06:13:47.035 python3        1784369 nvme1n1 WS   1653717760 131072    3.244
06:13:47.036 python3        1784369 nvme1n1 WS   1653718016 131072    3.322
06:13:47.036 python3        1784369 nvme1n1 WS   1653718272 131072    3.398
06:13:47.036 python3        1784369 nvme1n1 WS   1653718528 131072    3.476
06:13:47.036 python3        1784366 nvme1n1 WS   58139904   131072    3.573
06:13:47.036 python3        1784366 nvme1n1 WS   58140160   131072    3.651
06:13:47.036 python3        1784366 nvme1n1 WS   58140416   131072    3.713
06:13:47.036 python3        1784366 nvme1n1 WS   1653720832 131072    3.808
06:13:47.036 python3        1784366 nvme1n1 WS   1653721088 131072    3.882
06:13:47.036 python3        1784366 nvme1n1 WS   1653721344 131072    3.958
06:13:47.036 python3        1784366 nvme1n1 WS   1653721600 131072    4.035
06:13:47.036 python3        1784366 nvme1n1 WS   1653721856 131072    4.109
06:13:47.036 python3        1784366 nvme1n1 WS   1653722112 131072    4.189
06:13:47.037 python3        1784366 nvme1n1 WS   1653722368 131072    4.265
06:13:47.037 python3        1784366 nvme1n1 WS   1653722624 131072    4.340
06:13:47.037 python3        1784366 nvme1n1 WS   1653722880 131072    4.403
06:13:47.037 python3        1784366 nvme1n1 WS   1653735424 131072    4.480
06:13:47.037 python3        1784366 nvme1n1 WS   1653735680 131072    4.561
06:13:47.037 python3        1784366 nvme1n1 WS   58140672   131072    4.665
06:13:47.037 python3        1784366 nvme1n1 WS   58140928   131072    4.744
06:13:47.037 python3        1784366 nvme1n1 WS   58141184   131072    4.821
06:13:47.037 python3        1784366 nvme1n1 WS   58141440   131072    4.898
06:13:47.037 python3        1784366 nvme1n1 WS   58141696   131072    4.976
06:13:47.037 python3        1784366 nvme1n1 WS   58141952   131072    5.054
06:13:47.037 python3        1784366 nvme1n1 WS   58142208   131072    5.131
06:13:47.037 python3        1784366 nvme1n1 WS   58142464   131072    5.197
06:13:47.038 python3        1784366 nvme1n1 WS   58142720   131072    5.275
06:13:47.038 python3        1784366 nvme1n1 WS   58142976   131072    5.351
06:13:47.038 python3        1784368 nvme1n1 WS   1653723136 131072    5.472
06:13:47.038 python3        1784368 nvme1n1 WS   1653723392 131072    5.542
06:13:47.038 python3        1784368 nvme1n1 WS   1653723648 131072    5.618
06:13:47.038 python3        1784368 nvme1n1 WS   1653723904 131072    5.697
06:13:47.038 python3        1784368 nvme1n1 WS   1653724160 131072    5.774
06:13:47.038 python3        1784368 nvme1n1 WS   1653724416 131072    5.850
06:13:47.038 python3        1784368 nvme1n1 WS   1653724672 131072    5.925
06:13:47.038 python3        1784368 nvme1n1 WS   1653724928 131072    5.987
06:13:47.038 python3        1784369 nvme1n1 WS   1653718784 131072    6.107
06:13:47.038 python3        1784369 nvme1n1 WS   1653731328 131072    6.179
06:13:47.039 python3        1784369 nvme1n1 WS   1653731584 131072    6.254
06:13:47.039 python3        1784368 nvme1n1 WS   1653727232 131072    6.385
06:13:47.039 python3        1784368 nvme1n1 WS   1653727488 131072    6.409
06:13:47.039 python3        1784368 nvme1n1 WS   1653727744 131072    6.477
06:13:47.039 python3        1784368 nvme1n1 WS   1653728000 131072    6.553
06:13:47.039 python3        1784368 nvme1n1 WS   1653728256 131072    6.627
06:13:47.039 python3        1784367 nvme1n1 WS   1653866496 131072    6.733
06:13:47.039 python3        1784367 nvme1n1 WS   1653866752 131072    6.836
06:13:47.039 python3        1784367 nvme1n1 WS   1653867008 131072    6.911
06:13:47.039 python3        1784367 nvme1n1 WS   1653867264 131072    6.987
06:13:47.039 python3        1784368 nvme1n1 WS   1653725184 131072    7.061
06:13:47.039 python3        1784368 nvme1n1 WS   1653725440 131072    7.137
06:13:47.040 python3        1784368 nvme1n1 WS   1653725696 131072    7.212
06:13:47.040 python3        1784368 nvme1n1 WS   1653725952 131072    7.293
06:13:47.040 python3        1784368 nvme1n1 WS   1653726208 131072    7.370
06:13:47.040 python3        1784368 nvme1n1 WS   1653726464 131072    7.446
06:13:47.040 python3        1784368 nvme1n1 WS   1653726720 131072    7.524
06:13:47.040 python3        1784368 nvme1n1 WS   1653726976 131072    7.588
06:13:47.040 python3        1784368 nvme1n1 WS   1653743616 131072    7.668
06:13:47.040 python3        1784368 nvme1n1 WS   1653743872 131072    7.745
06:13:47.040 python3        1784367 nvme1n1 WS   1653867520 131072    7.866
06:13:47.040 python3        1784367 nvme1n1 WS   1653867776 131072    7.936
06:13:47.040 python3        1784367 nvme1n1 WS   1653868032 131072    8.013
06:13:47.040 python3        1784367 nvme1n1 WS   1653868288 131072    8.066
06:13:47.040 python3        1784367 nvme1n1 WS   1653868544 131072    8.148
06:13:47.041 python3        1784367 nvme1n1 WS   1653868800 131072    8.215
06:13:47.041 python3        1784367 nvme1n1 WS   1653869056 131072    8.292
06:13:47.041 python3        1784368 nvme1n1 WS   1653728512 131072    8.467
06:13:47.041 python3        1784368 nvme1n1 WS   1653728768 131072    8.495
06:13:47.041 python3        1784366 nvme1n1 WS   1663981568 131072    8.558
06:13:47.041 python3        1784366 nvme1n1 WS   1663981824 90112     8.607
06:13:47.041 kworker        1790484 nvme0n1 WM   2099200    4096      0.975
06:13:47.041 kworker        1790484 nvme0n1 WM   2101384    4096      0.979
06:13:47.041 python3        1784368 nvme1n1 WS   1653729024 131072    8.683
06:13:47.041 kworker        1790484 nvme0n1 WM   2099216    8192      1.032
06:13:47.041 kworker        1790484 nvme0n1 WM   2102384    4096      1.034
06:13:47.041 kworker        1790484 nvme0n1 WM   2102280    4096      1.036
06:13:47.041 kworker        1790484 nvme0n1 WM   6309888    4096      1.036
06:13:47.041 kworker        1790484 nvme0n1 WM   2235488    4096      1.038
06:13:47.041 kworker        1790484 nvme0n1 WM   6310504    4096      1.038
06:13:47.041 kworker        1790484 nvme0n1 WM   6310376    4096      1.041
06:13:47.041 kworker        1790484 nvme0n1 WM   9089776    4096      1.042
06:13:47.041 kworker        1790484 nvme0n1 WM   14682128   4096      1.042
06:13:47.041 kworker        1790484 nvme0n1 WM   14682192   4096      1.043
06:13:47.041 kworker        1790484 nvme0n1 WM   18876424   4096      1.044
06:13:47.041 kworker        1790484 nvme0n1 WM   35653712   4096      1.045
06:13:47.041 python3        1784368 nvme1n1 WS   1653729280 131072    8.758
06:13:47.041 kworker        1790484 nvme0n1 WM   12326896   8192      1.089
06:13:47.041 kworker        1790484 nvme0n1 WM   14705944   8192      1.091
06:13:47.041 kworker        1790484 nvme0n1 WM   35653696   4096      1.093
06:13:47.041 python3        1784368 nvme1n1 WS   1653729536 131072    8.836
06:13:47.041 python3        1784368 nvme1n1 WS   1653729792 131072    8.916
06:13:47.041 python3        1784368 nvme1n1 WS   1653730048 131072    8.994
06:13:47.041 python3        1784368 nvme1n1 WS   1653730304 131072    9.067
06:13:47.042 python3        1784367 nvme1n1 WS   1653739520 131072    9.239
06:13:47.042 python3        1784367 nvme1n1 WS   1653739776 131072    9.267
06:13:47.042 python3        1784367 nvme1n1 WS   1653740032 131072    9.336
06:13:47.042 python3        1784367 nvme1n1 WS   1653740288 131072    9.411
06:13:47.042 python3        1784367 nvme1n1 WS   1653740544 131072    9.494
06:13:47.042 python3        1784367 nvme1n1 WS   1653740800 131072    9.573
06:13:47.042 python3        1784367 nvme1n1 WS   1653741056 131072    9.649
06:13:47.042 python3        1784367 nvme1n1 WS   1653741312 131072    9.711
06:13:47.042 python3        1784367 nvme1n1 WS   1653741568 131072    9.786
06:13:47.042 python3        1784368 nvme1n1 WS   1653730560 131072    9.862
06:13:47.042 python3        1784368 nvme1n1 WS   1653730816 131072    9.938
06:13:47.042 python3        1784368 nvme1n1 WS   1653731072 131072   10.000
06:13:47.042 python3        1784368 nvme1n1 WS   1653747712 131072   10.077
06:13:47.043 python3        1784368 nvme1n1 WS   1653747968 131072   10.155
06:13:47.043 python3        1784367 nvme1n1 WS   1653741824 131072   10.260
06:13:47.043 python3        1784367 nvme1n1 WS   1653742080 131072   10.337
06:13:47.043 python3        1784367 nvme1n1 WS   1653742336 131072   10.411
06:13:47.043 python3        1784367 nvme1n1 WS   1653742592 131072   10.488
06:13:47.043 python3        1784367 nvme1n1 WS   1653742848 131072   10.565
06:13:47.043 python3        1784367 nvme1n1 WS   1653743104 131072   10.641
06:13:47.043 python3        1784367 nvme1n1 WS   1653743360 131072   10.704
06:13:47.043 python3        1784367 nvme1n1 WS   1653751808 131072   10.779
06:13:47.043 python3        1784367 nvme1n1 WS   1653752064 131072   10.857
06:13:47.043 python3        1784367 nvme1n1 WS   1653869312 131072   10.975
06:13:47.043 python3        1784367 nvme1n1 WS   1653869568 131072   11.047
06:13:47.043 python3        1784367 nvme1n1 WS   1653869824 131072   11.122
06:13:47.044 python3        1784367 nvme1n1 WS   1653870080 131072   11.199
06:13:47.044 python3        1784367 nvme1n1 WS   1653870336 131072   11.257
06:13:47.044 python3        1784367 nvme1n1 WS   1653870592 131072   11.337
06:13:47.044 python3        1784367 nvme1n1 WS   1653870848 131072   11.415
06:13:47.044 python3        1784369 nvme1n1 WS   1663982592 131072   11.511
06:13:47.044 python3        1784369 nvme1n1 WS   1663982848 90112    11.558
06:13:47.044 python3        1784367 nvme1n1 WS   1663984128 131072   11.571
06:13:47.044 python3        1784367 nvme1n1 WS   1663984384 90112    11.617
06:13:47.044 python3        1784368 nvme1n1 WS   1174745088 131072   11.687
06:13:47.044 python3        1784368 nvme1n1 WS   1174745344 90112    11.735
06:13:47.277 ib_log_        125934  nvme1n1 WS   21242704   4096      0.054
06:13:47.426 nvme           1906581 Unknown N    -1         512       0.077
06:13:48.213 jbd2/nv        752     nvme1n1 WSM  876959320  131072    0.164
06:13:48.213 jbd2/nv        752     nvme1n1 WSM  876959576  36864     0.165
06:13:48.213 jbd2/nv        752     nvme1n1 WSM  876959648  4096      0.031
06:13:48.428 nvme           1906598 Unknown N    -1         512       0.032
06:13:49.430 nvme           1906613 Unknown N    -1         512       0.033
06:13:50.113 kworker        1790484 nvme0n1 W    8128888    16384     0.768
06:13:50.113 kworker        1790484 nvme0n1 W    8128584    4096      0.849
06:13:50.113 kworker        1790484 nvme0n1 W    8128696    4096      0.852
06:13:50.113 kworker        1790484 nvme0n1 W    8128736    4096      0.853
06:13:50.113 kworker        1790484 nvme0n1 W    7337984    4096      0.978
06:13:50.114 kworker        1790484 nvme0n1 W    36230400   131072    1.992
06:13:50.114 kworker        1790484 nvme0n1 W    8129496    262144    2.273
06:13:50.115 kworker        1790484 nvme0n1 W    8128984    262144    3.142
06:13:50.116 kworker        1790484 nvme0n1 W    8131032    262144    2.530
06:13:50.116 kworker        1790484 nvme0n1 W    8130520    262144    2.614
06:13:50.116 kworker        1790484 nvme0n1 W    8131544    147456    2.536
06:13:50.116 kworker        1790484 nvme0n1 W    8130008    262144    2.783
06:13:50.117 kworker        1790484 nvme0n1 W    8132088    262144    2.657
06:13:50.118 kworker        1790484 nvme0n1 W    8132600    262144    3.521
06:13:50.118 kworker        1790484 nvme0n1 W    8133624    262144    2.641
06:13:50.118 kworker        1790484 nvme0n1 W    8134136    262144    2.576
06:13:50.118 kworker        1790484 nvme0n1 W    8135160    262144    2.572
06:13:50.118 kworker        1790484 nvme0n1 W    8133112    262144    3.037
06:13:50.118 kworker        1790484 nvme0n1 W    8134648    262144    2.821
06:13:50.119 kworker        1790484 nvme0n1 W    8136440    131072    1.901
06:13:50.119 kworker        1790484 nvme0n1 W    8142232    16384     0.782
06:13:50.120 kworker        1790484 nvme0n1 W    8142296    16384     1.092
06:13:50.120 kworker        1790484 nvme0n1 W    8142584    65536     1.092
06:13:50.120 kworker        1790484 nvme0n1 W    8137208    131072    1.654
06:13:50.120 kworker        1790484 nvme0n1 W    8140024    131072    1.649
06:13:50.120 kworker        1790484 nvme0n1 W    8135672    262144    3.091
06:13:50.120 kworker        1790484 nvme0n1 W    8141048    131072    2.042
06:13:50.120 kworker        1790484 nvme0n1 W    8143992    65536     1.343
06:13:50.121 kworker        1790484 nvme0n1 W    36023488   16384     0.950
06:13:50.121 kworker        1790484 nvme0n1 W    36020736   131072    1.531
06:13:50.121 kworker        1790484 nvme0n1 W    36023552   16384     0.846
06:13:50.121 kworker        1790484 nvme0n1 W    36025376   16384     1.028
06:13:50.122 kworker        1790484 nvme0n1 W    8144632    131072    1.976
06:13:50.122 kworker        1790484 nvme0n1 W    8142840    262144    2.786
06:13:50.122 kworker        1790484 nvme0n1 W    36021248   131072    2.292
06:13:50.123 kworker        1790484 nvme0n1 W    36029440   131072    1.411
06:13:50.123 kworker        1790484 nvme0n1 W    36164832   16384     0.844
06:13:50.123 kworker        1790484 nvme0n1 W    36029952   131072    1.772
06:13:50.123 kworker        1790484 nvme0n1 W    36162816   131072    1.535
06:13:50.124 kworker        1790484 nvme0n1 W    36027136   262144    2.927
06:13:50.124 kworker        1790484 nvme0n1 W    36164992   65536     1.692
06:13:50.124 kworker        1790484 nvme0n1 W    36028416   262144    3.165
06:13:50.124 kworker        1790484 nvme0n1 W    36167104   32768     0.771
06:13:50.124 kworker        1790484 nvme0n1 W    36167552   65536     1.354
06:13:50.125 kworker        1790484 nvme0n1 W    36164096   262144    2.892
06:13:50.125 kworker        1790484 nvme0n1 W    36168456   4096      1.035
06:13:50.125 kworker        1790484 nvme0n1 W    36168016   4096      1.038
06:13:50.125 kworker        1790484 nvme0n1 W    36169824   4096      0.434
06:13:50.125 kworker        1790484 nvme0n1 W    36166656   131072    2.200
06:13:50.125 kworker        1790484 nvme0n1 W    36168928   16384     1.124
06:13:50.126 kworker        1790484 nvme0n1 W    36169776   4096      1.099
06:13:50.126 kworker        1790484 nvme0n1 W    36169888   4096      1.025
06:13:50.126 kworker        1790484 nvme0n1 W    36165632   262144    3.203
06:13:50.126 kworker        1790484 nvme0n1 W    36175008   16384     1.009
06:13:50.126 kworker        1790484 nvme0n1 W    36174464   65536     1.137
06:13:50.126 kworker        1790484 nvme0n1 W    36173568   131072    1.294
06:13:50.127 kworker        1790484 nvme0n1 W    36169216   262144    3.173
06:13:50.127 kworker        1790484 nvme0n1 W    36177152   16384     0.921
06:13:50.127 kworker        1790484 nvme0n1 W    36177024   16384     1.293
06:13:50.128 kworker        1790484 nvme0n1 W    36175680   98304     2.036
06:13:50.128 kworker        1790484 nvme0n1 W    36173056   262144    3.270
06:13:50.128 kworker        1790484 nvme0n1 W    36177280   65536     1.783
06:13:50.128 kworker        1790484 nvme0n1 W    36308992   4096      1.015
06:13:50.128 kworker        1790484 nvme0n1 W    36309040   4096      0.480
06:13:50.129 kworker        1790484 nvme0n1 W    36176384   262144    2.542
06:13:50.129 kworker        1790484 nvme0n1 W    36309088   4096      1.036
06:13:50.129 kworker        1790484 nvme0n1 W    36175168   262144    3.231
06:13:50.129 kworker        1790484 nvme0n1 W    36309192   4096      0.978
06:13:50.129 kworker        1790484 nvme0n1 W    36309144   4096      0.982
06:13:50.129 kworker        1790484 nvme0n1 W    36309288   4096      0.977
06:13:50.129 kworker        1790484 nvme0n1 W    36309240   4096      1.041
06:13:50.130 kworker        1790484 nvme0n1 W    36177536   196608    2.643
06:13:50.130 kworker        1790484 nvme0n1 W    36309384   4096      0.969
06:13:50.130 kworker        1790484 nvme0n1 W    36309336   4096      0.973
06:13:50.130 kworker        1790484 nvme0n1 W    36309464   4096      0.968
06:13:50.130 kworker        1790484 nvme0n1 W    36309584   24576     1.152
06:13:50.130 kworker        1790484 nvme0n1 W    36310448   4096      0.921
06:13:50.130 kworker        1790484 nvme0n1 W    36310304   4096      1.045
06:13:50.131 kworker        1790484 nvme0n1 W    36310744   4096      0.592
06:13:50.131 kworker        1790484 nvme0n1 W    36310896   4096      0.965
06:13:50.131 kworker        1790484 nvme0n1 W    36310600   4096      1.028
06:13:50.131 kworker        1790484 nvme0n1 W    36311048   4096      0.964
06:13:50.132 kworker        1790484 nvme0n1 W    36315672   8192      0.667
06:13:50.132 kworker        1790484 nvme0n1 W    36309888   196608    2.582
06:13:50.132 kworker        1790484 nvme0n1 W    36312832   131072    1.708
06:13:50.132 kworker        1790484 nvme0n1 W    36313600   131072    1.669
06:13:50.132 kworker        1790484 nvme0n1 W    36314368   131072    1.664
06:13:50.132 kworker        1790484 nvme0n1 W    36315752   4096      0.543
06:13:50.132 kworker        1790484 nvme0n1 W    36312064   131072    2.023
06:13:50.133 kworker        1790484 nvme0n1 W    36315712   4096      0.912
06:13:50.133 kworker        1790484 nvme0n1 W    36315136   131072    2.108
06:13:50.133 kworker        1790484 nvme0n1 W    36317856   16384     0.954
06:13:50.134 kworker        1790484 nvme0n1 W    36320280   4096      0.865
06:13:50.134 kworker        1790484 nvme0n1 W    36316160   65536     1.522
06:13:50.134 kworker        1790484 nvme0n1 W    36320384   4096      0.493
06:13:50.134 kworker        1790484 nvme0n1 W    36320328   4096      1.231
06:13:50.134 kworker        1790484 nvme0n1 W    36320544   4096      1.041
06:13:50.135 kworker        1790484 nvme0n1 W    36320000   131072    2.333
06:13:50.135 kworker        1790484 nvme0n1 W    36320864   4096      1.046
06:13:50.135 kworker        1790484 nvme0n1 W    36320904   4096      0.917
06:13:50.135 kworker        1790484 nvme0n1 W    36320704   32768     1.235
06:13:50.135 kworker        1790484 nvme0n1 W    36320888   4096      0.984
06:13:50.135 kworker        1790484 nvme0n1 W    36316928   262144    3.016
06:13:50.135 kworker        1790484 nvme0n1 W    36319488   262144    3.135
06:13:50.136 kworker        1790484 nvme0n1 W    36322408   4096      0.734
06:13:50.136 kworker        1790484 nvme0n1 W    36321024   16384     1.025
06:13:50.136 kworker        1790484 nvme0n1 W    36322848   4096      1.075
06:13:50.136 kworker        1790484 nvme0n1 W    36323072   16384     1.063
06:13:50.136 kworker        1790484 nvme0n1 W    36321280   65536     1.461
06:13:50.136 kworker        1790484 nvme0n1 W    36228224   16384     0.597
06:13:50.137 kworker        1790484 nvme0n1 W    36228480   65536     0.985
06:13:50.138 kworker        1790484 nvme0n1 W    36321536   262144    3.165
06:13:50.138 kworker        1790484 nvme0n1 W    36324736   196608    2.587
06:13:50.139 kworker        1790484 nvme0n1 W    36324224   262144    3.097
06:13:50.433 nvme           1906617 Unknown N    -1         512       0.029
06:13:51.420 amoprof        1787544 nvme1n1 W    1565770248 4096      0.056
