TIMESTAMP    COMM           PID     DISK    T    SECTOR     BYTES   LAT(ms)
13:17:57.536 jbd2/nv        752     nvme1n1 WSM  878313064  131072    0.177
13:17:57.537 jbd2/nv        752     nvme1n1 WSM  878313320  24576     0.183
13:17:57.537 jbd2/nv        752     nvme1n1 WSM  878313368  4096      0.031
13:17:57.537 kworker        2481411 nvme1n1 W    629499152  65536     0.093
13:17:57.791 nvme           2481491 Unknown N    -1         512       0.035
13:17:58.807 nvme           2481557 Unknown N    -1         512       0.035
13:17:59.819 nvme           2481567 Unknown N    -1         512       0.035
13:18:00.834 nvme           2481572 Unknown N    -1         512       0.038
13:18:01.850 nvme           2481577 Unknown N    -1         512       0.035
13:18:02.656 jbd2/nv        752     nvme1n1 WSM  878313376  57344     0.105
13:18:02.656 jbd2/nv        752     nvme1n1 WSM  878313488  4096      0.030
13:18:02.657 kworker        2474082 nvme1n1 W    1502867984 8192      0.090
13:18:02.657 kworker        2474082 nvme1n1 W    629499280  131072    0.177
13:18:02.657 kworker        2474082 nvme1n1 W    629499536  40960     0.202
13:18:02.657 kworker        2474082 nvme1n1 W    1561803560 131072    0.280
13:18:02.657 kworker        2474082 nvme1n1 W    1561803816 61440     0.317
13:18:02.657 kworker        2474082 nvme1n1 W    629499616  32768     0.335
13:18:02.657 kworker        2474082 nvme1n1 W    1565320704 131072    0.412
13:18:02.657 kworker        2474082 nvme1n1 W    1565320960 90112     0.464
13:18:02.657 kworker        2474082 nvme1n1 W    629613432  77824     0.230
13:18:02.657 kworker        2474082 nvme1n1 W    629499680  45056     0.256
13:18:02.867 nvme           2481582 Unknown N    -1         512       0.039
13:18:03.883 nvme           2481597 Unknown N    -1         512       0.032
13:18:04.898 nvme           2481607 Unknown N    -1         512       0.033
13:18:05.916 nvme           2481612 Unknown N    -1         512       0.036
13:18:06.932 nvme           2481617 Unknown N    -1         512       0.036
13:18:07.777 kworker        2456217 nvme1n1 W    629686432  8192      0.061
13:18:07.777 jbd2/nv        752     nvme1n1 WSM  878313496  77824     0.105
13:18:07.777 jbd2/nv        752     nvme1n1 WSM  878313648  4096      0.031
13:18:07.830 amoprof        2456878 nvme1n1 W    1123243176 4096      0.043
