TIMESTAMP    COMM           PID     DISK    T    SECTOR     BYTES   LAT(ms)
23:57:26.213 ib_pg_f        125932  nvme1n1 WS   1756891136 131072    0.179
23:57:26.214 ib_pg_f        125932  nvme1n1 WS   1756891392 131072    0.245
23:57:26.214 ib_pg_f        125932  nvme1n1 WS   1756891648 131072    0.320
23:57:26.214 ib_pg_f        125932  nvme1n1 WS   1756891904 131072    0.403
23:57:26.214 ib_pg_f        125932  nvme1n1 WS   1756892160 131072    0.480
23:57:26.214 ib_pg_f        125932  nvme1n1 WS   1756892416 131072    0.557
23:57:26.214 ib_pg_f        125932  nvme1n1 WS   1756892672 131072    0.637
23:57:26.214 ib_pg_f        125932  nvme1n1 WS   1756892928 131072    0.712
23:57:26.214 ib_pg_f        125932  nvme1n1 WS   1756893184 49152     0.741
23:57:26.214 ib_pg_f        125932  nvme1n1 WS   1755217512 16384     0.047
23:57:26.214 ib_pg_f        125932  nvme1n1 WS   1440704    16384     0.045
23:57:26.214 ib_pg_f        125932  nvme1n1 WS   1440672    16384     0.052
23:57:26.214 ib_pg_f        125932  nvme1n1 WS   1740172288 16384     0.066
23:57:26.214 ib_pg_f        125932  nvme1n1 WS   1439872    16384     0.064
23:57:26.214 ib_pg_f        125932  nvme1n1 WS   1740167072 16384     0.064
23:57:26.214 ib_pg_f        125932  nvme1n1 WS   1757690624 16384     0.065
23:57:26.214 ib_pg_f        125932  nvme1n1 WS   1756946400 16384     0.074
23:57:26.214 ib_pg_f        125932  nvme1n1 WS   1740172320 16384     0.075
23:57:26.214 ib_pg_f        125932  nvme1n1 WS   1439904    16384     0.080
23:57:26.214 ib_pg_f        125932  nvme1n1 WS   1439840    16384     0.079
23:57:26.214 ib_pg_f        125932  nvme1n1 WS   1757758240 16384     0.081
23:57:26.214 ib_pg_f        125932  nvme1n1 WS   1757758368 16384     0.082
23:57:26.214 ib_pg_f        125932  nvme1n1 WS   13303296   16384     0.078
23:57:26.214 ib_pg_f        125932  nvme1n1 WS   1757757632 16384     0.085
23:57:26.214 ib_pg_f        125932  nvme1n1 WS   13302112   16384     0.090
23:57:26.214 ib_pg_f        125932  nvme1n1 WS   13302880   16384     0.094
23:57:26.214 ib_pg_f        125932  nvme1n1 WS   1847072    16384     0.096
23:57:26.214 ib_pg_f        125932  nvme1n1 WS   13303200   16384     0.088
23:57:26.214 ib_pg_f        125932  nvme1n1 WS   1757690720 16384     0.090
23:57:26.214 ib_pg_f        125932  nvme1n1 WS   1740171264 16384     0.090
23:57:26.214 ib_pg_f        125932  nvme1n1 WS   13303616   16384     0.090
23:57:26.214 ib_pg_f        125932  nvme1n1 WS   1757757728 16384     0.096
23:57:26.214 ib_pg_f        125932  nvme1n1 WS   13302272   16384     0.096
23:57:26.214 ib_pg_f        125932  nvme1n1 WS   13303136   16384     0.096
23:57:26.214 ib_pg_f        125932  nvme1n1 WS   1740172256 16384     0.096
23:57:26.214 ib_pg_f        125932  nvme1n1 WS   1740147616 16384     0.093
23:57:26.214 ib_pg_f        125932  nvme1n1 WS   1757690784 16384     0.101
23:57:26.214 ib_pg_f        125932  nvme1n1 WS   1740172096 16384     0.094
23:57:26.214 ib_pg_f        125932  nvme1n1 WS   1440384    16384     0.089
23:57:26.214 ib_pg_f        125932  nvme1n1 WS   1440416    16384     0.092
23:57:26.214 ib_pg_f        125932  nvme1n1 WS   1498170080 16384     0.094
23:57:26.215 ib_pg_f        125932  nvme1n1 WS   1757690048 16384     0.105
23:57:26.215 ib_pg_f        125932  nvme1n1 WS   1498170112 16384     0.097
23:57:26.215 ib_pg_f        125932  nvme1n1 WS   1440448    16384     0.099
23:57:26.215 ib_pg_f        125932  nvme1n1 WS   1440480    16384     0.108
23:57:26.215 ib_pg_f        125932  nvme1n1 WS   1440512    16384     0.100
23:57:26.215 ib_pg_f        125932  nvme1n1 WS   1440576    16384     0.096
23:57:26.215 ib_pg_f        125932  nvme1n1 WS   1440608    16384     0.097
23:57:26.215 ib_pg_f        125932  nvme1n1 WS   1440640    16384     0.096
23:57:26.215 ib_pg_f        125932  nvme1n1 WS   1740169632 16384     0.101
23:57:26.215 ib_pg_f        125932  nvme1n1 WS   1757759648 16384     0.106
23:57:26.215 ib_pg_f        125932  nvme1n1 WS   1757691136 16384     0.112
23:57:26.215 ib_pg_f        125932  nvme1n1 WS   13302752   16384     0.108
23:57:26.215 ib_pg_f        125932  nvme1n1 WS   1755176192 16384     0.105
23:57:26.215 ib_pg_f        125932  nvme1n1 WS   1755262176 16384     0.098
23:57:26.215 ib_pg_f        125932  nvme1n1 WS   1755262144 16384     0.107
23:57:26.215 ib_pg_f        125932  nvme1n1 WS   1755180576 16384     0.113
23:57:26.215 ib_pg_f        125932  nvme1n1 WS   1755262208 16384     0.114
23:57:26.215 ib_pg_f        125932  nvme1n1 WS   1740058848 16384     0.117
23:57:26.215 ib_pg_f        125932  nvme1n1 WS   1755176256 16384     0.120
23:57:26.215 ib_pg_f        125932  nvme1n1 WS   1755262240 16384     0.129
23:57:26.215 ib_pg_f        125932  nvme1n1 WS   1755863328 16384     0.084
23:57:26.215 ib_pg_f        125932  nvme1n1 WS   1756867008 16384     0.079
23:57:26.215 ib_pg_f        125932  nvme1n1 WS   1755863360 16384     0.085
23:57:26.215 ib_pg_f        125932  nvme1n1 WS   1755863392 16384     0.093
23:57:26.215 ib_pg_f        125932  nvme1n1 WS   1755262272 16384     0.099
23:57:26.215 ib_pg_f        125932  nvme1n1 WS   1755863424 16384     0.093
23:57:26.215 ib_pg_f        125932  nvme1n1 WS   1755176320 16384     0.093
23:57:26.215 ib_pg_f        125932  nvme1n1 WS   1755262336 16384     0.097
23:57:26.215 ib_pg_f        125932  nvme1n1 WS   1755180608 16384     0.100
23:57:26.215 ib_pg_f        125932  nvme1n1 WS   1755262400 16384     0.103
23:57:26.215 ib_pg_f        125932  nvme1n1 WS   1755176480 16384     0.108
23:57:26.215 ib_pg_f        125932  nvme1n1 WS   1755107008 16384     0.112
23:57:26.215 ib_pg_f        125932  nvme1n1 WS   1755262432 16384     0.116
23:57:26.215 ib_pg_f        125932  nvme1n1 WS   1755180704 16384     0.117
23:57:26.215 ib_pg_f        125932  nvme1n1 WS   1755262464 16384     0.120
23:57:26.234 nvme           1417128 Unknown N    -1         512       0.037
23:57:26.864 ib_log_        125932  nvme1n1 WS   1756751400 4096      0.055
23:57:26.864 ib_log_        125932  nvme1n1 WS   1756748032 4096      0.039
23:57:27.213 ib_pg_f        125932  nvme1n1 WS   1756905472 16384     0.063
23:57:27.213 ib_pg_f        125932  nvme1n1 WS   1755217480 16384     0.042
23:57:27.237 nvme           1417183 Unknown N    -1         512       0.077
23:57:27.864 ib_log_        125932  nvme1n1 WS   1756748032 4096      0.051
23:57:28.239 nvme           1417193 Unknown N    -1         512       0.049
23:57:28.849 jbd2/nv        752     nvme1n1 WSM  877324192  8192      0.063
23:57:28.849 jbd2/nv        752     nvme1n1 WSM  877323936  131072    0.157
23:57:28.849 jbd2/nv        752     nvme1n1 WSM  877324208  4096      0.034
23:57:29.242 nvme           1417207 Unknown N    -1         512       0.077
23:57:29.376 kworker        1411903 nvme1n1 W    1735378440 8192      0.075
23:57:29.376 kworker        1411903 nvme1n1 W    587507040  126976    0.166
23:57:29.376 kworker        1411903 nvme1n1 W    587507288  98304     0.224
23:57:29.377 kworker        1411903 nvme1n1 W    587507480  118784    0.295
23:57:30.244 nvme           1417216 Unknown N    -1         512       0.033
23:57:31.247 nvme           1417227 Unknown N    -1         512       0.032
23:57:32.249 nvme           1417231 Unknown N    -1         512       0.119
23:57:33.252 nvme           1417235 Unknown N    -1         512       0.029
23:57:33.522 ib_log_        125932  nvme1n1 WS   1756751400 12288     0.066
23:57:33.522 jbd2/nv        752     nvme1n1 WSM  877324216  53248     0.081
23:57:33.522 jbd2/nv        752     nvme1n1 WSM  877324320  4096      0.031
23:57:33.546 ib_log_        125932  nvme1n1 WS   1756751408 4096      0.040
23:57:34.214 ib_pg_f        125932  nvme1n1 WS   1756891136 81920     0.117
23:57:34.214 ib_pg_f        125932  nvme1n1 WS   1755247808 16384     0.047
23:57:34.214 ib_pg_f        125932  nvme1n1 WS   1755217512 16384     0.048
23:57:34.214 ib_pg_f        125932  nvme1n1 WS   1757716416 16384     0.055
23:57:34.214 ib_pg_f        125932  nvme1n1 WS   1755107040 16384     0.055
23:57:34.214 ib_pg_f        125932  nvme1n1 WS   1740058784 16384     0.061
23:57:34.255 nvme           1417258 Unknown N    -1         512       0.073
23:57:34.498 kworker        1411903 nvme1n1 W    587507712  53248     0.123
23:57:34.498 kworker        1411903 nvme1n1 W    723319528  131072    0.194
23:57:34.498 kworker        1411903 nvme1n1 W    723319784  61440     0.232
23:57:34.498 kworker        1411903 nvme1n1 W    587507816  32768     0.251
23:57:34.498 kworker        1411903 nvme1n1 W    723319904  131072    0.332
23:57:34.498 kworker        1411903 nvme1n1 W    723320160  90112     0.391
23:57:34.498 kworker        1411903 nvme1n1 W    1757207496 77824     0.436
23:57:34.498 kworker        1411903 nvme1n1 W    587507880  45056     0.462
23:57:34.498 kworker        1411903 nvme1n1 W    1755083568 4096      0.161
23:57:34.498 kworker        1411903 nvme1n1 W    1755230192 8192      0.165
23:57:34.498 kworker        1411903 nvme1n1 W    722960024  114688    0.226
23:57:34.498 kworker        1411903 nvme1n1 W    722885616  98304     0.286
23:57:34.498 kworker        1411903 nvme1n1 W    1757576944 4096      0.164
23:57:34.498 kworker        1411903 nvme1n1 W    722832976  94208     0.220
23:57:34.498 kworker        1411903 nvme1n1 W    1757659136 131072    0.270
23:57:34.498 kworker        1411903 nvme1n1 W    1757659392 12288     0.274
23:57:34.865 ib_log_        125932  nvme1n1 WS   1756748032 4096      0.078
23:57:35.259 nvme           1417267 Unknown N    -1         512       0.078
23:57:36.242 amoprof        1271097 nvme1n1 W    587512344  4096      0.053
