TIMESTAMP    COMM           PID     DISK    T    SECTOR     BYTES   LAT(ms)
04:40:11.935 jbd2/nv        752     nvme1n1 WSM  877955728  122880    0.159
04:40:11.935 jbd2/nv        752     nvme1n1 WSM  877955968  4096      0.030
04:40:12.100 nvme           1749104 Unknown N    -1         512       0.035
04:40:13.102 nvme           1749156 Unknown N    -1         512       0.029
04:40:14.105 nvme           1749159 Unknown N    -1         512       0.075
04:40:14.497 kworker        1746851 nvme0n1 W    37876336   8192      0.987
04:40:15.107 nvme           1749160 Unknown N    -1         512       0.076
04:40:16.109 nvme           1749161 Unknown N    -1         512       0.080
04:40:17.056 kworker        1746851 nvme1n1 W    1641455832 8192      0.057
04:40:17.056 jbd2/nv        752     nvme1n1 WSM  877955976  61440     0.087
04:40:17.056 jbd2/nv        752     nvme1n1 WSM  877956096  4096      0.029
04:40:17.057 kworker        1746851 nvme1n1 W    600105880  94208     0.136
04:40:17.057 kworker        1746851 nvme1n1 W    600301512  131072    0.217
04:40:17.057 kworker        1746851 nvme1n1 W    600301768  61440     0.253
04:40:17.057 kworker        1746851 nvme1n1 W    600106064  32768     0.273
04:40:17.057 kworker        1746851 nvme1n1 W    600301888  131072    0.352
04:40:17.057 kworker        1746851 nvme1n1 W    600302144  90112     0.409
04:40:17.057 kworker        1746851 nvme1n1 W    1561755472 77824     0.453
04:40:17.057 kworker        1746851 nvme1n1 W    600106128  45056     0.482
04:40:17.112 nvme           1749162 Unknown N    -1         512       0.030
04:40:18.114 nvme           1749163 Unknown N    -1         512       0.026
04:40:18.592 kworker        1736627 nvme1n1 W    1625054736 4096      0.052
04:40:19.116 nvme           1749164 Unknown N    -1         512       0.029
04:40:20.118 nvme           1749165 Unknown N    -1         512       0.077
04:40:21.121 nvme           1749166 Unknown N    -1         512       0.072
04:40:22.102 jbd2/nv        752     nvme1n1 WSM  877956104  61440     0.108
04:40:22.102 jbd2/nv        752     nvme1n1 WSM  877956224  4096      0.031
04:40:22.107 amoprof        1271097 nvme1n1 W    600102760  4096      0.038
