TIMESTAMP    COMM           PID     DISK    T    SECTOR     BYTES   LAT(ms)
00:53:42.433 kworker        1491569 nvme0n1 W    37217352   4096      0.991
00:53:42.625 nvme           1497942 Unknown N    -1         512       0.038
00:53:43.628 nvme           1497997 Unknown N    -1         512       0.031
00:53:43.629 jbd2/nv        752     nvme1n1 WSM  877529264  131072    0.162
00:53:43.629 jbd2/nv        752     nvme1n1 WSM  877529520  16384     0.162
00:53:43.629 jbd2/nv        752     nvme1n1 WSM  877529552  4096      0.029
00:53:43.968 kworker        1473701 nvme1n1 W    1719340952 4096      0.056
00:53:43.968 kworker        1473701 nvme1n1 W    1719353224 4096      0.063
00:53:44.630 nvme           1498011 Unknown N    -1         512       0.032
00:53:45.632 nvme           1498026 Unknown N    -1         512       0.032
00:53:46.635 nvme           1498030 Unknown N    -1         512       0.032
00:53:47.637 nvme           1498037 Unknown N    -1         512       0.030
00:53:48.577 kworker        1473701 nvme1n1 W    587558488  90112     0.163
00:53:48.577 kworker        1473701 nvme1n1 W    1667208112 131072    0.230
00:53:48.577 kworker        1473701 nvme1n1 W    1667208368 61440     0.267
00:53:48.577 kworker        1473701 nvme1n1 W    587558664  32768     0.286
00:53:48.577 kworker        1473701 nvme1n1 W    1667208488 131072    0.366
00:53:48.577 kworker        1473701 nvme1n1 W    1667208744 90112     0.420
00:53:48.577 kworker        1473701 nvme1n1 W    844761048  77824     0.467
00:53:48.577 kworker        1473701 nvme1n1 W    587558728  45056     0.495
00:53:48.639 nvme           1498044 Unknown N    -1         512       0.073
00:53:49.641 nvme           1498058 Unknown N    -1         512       0.075
00:53:49.882 jbd2/nv        752     nvme1n1 WSM  877529560  61440     0.105
00:53:49.882 jbd2/nv        752     nvme1n1 WSM  877529680  4096      0.032
00:53:50.644 nvme           1498073 Unknown N    -1         512       0.034
00:53:51.646 nvme           1498077 Unknown N    -1         512       0.080
00:53:52.633 amoprof        1271097 nvme1n1 W    1573897944 4096      0.056
