TIMESTAMP    COMM           PID     DISK    T    SECTOR     BYTES   LAT(ms)
22:47:15.453 nvme           1271228 Unknown N    -1         512       0.043
22:47:16.457 nvme           1271283 Unknown N    -1         512       0.113
22:47:17.462 nvme           1271289 Unknown N    -1         512       0.077
22:47:17.499 jbd2/nv        752     nvme1n1 WSM  878601392  131072    0.158
22:47:17.499 jbd2/nv        752     nvme1n1 WSM  878601648  28672     0.165
22:47:17.500 jbd2/nv        752     nvme1n1 WSM  878601704  4096      0.030
22:47:18.464 nvme           1271303 Unknown N    -1         512       0.034
22:47:19.466 nvme           1271312 Unknown N    -1         512       0.075
22:47:20.469 nvme           1271322 Unknown N    -1         512       0.076
22:47:21.471 nvme           1271326 Unknown N    -1         512       0.030
22:47:22.473 nvme           1271330 Unknown N    -1         512       0.075
22:47:23.475 nvme           1271344 Unknown N    -1         512       0.034
22:47:23.742 jbd2/nv        752     nvme1n1 WSM  878601712  12288     0.062
22:47:23.742 jbd2/nv        752     nvme1n1 WSM  878601736  4096      0.030
22:47:24.320 kworker        1259302 nvme1n1 WM   0          4096      0.106
22:47:24.320 kworker        1259302 nvme1n1 WM   272        8192      0.121
22:47:24.320 kworker        1259302 nvme1n1 WM   712        4096      0.122
22:47:24.320 kworker        1259302 nvme1n1 WM   768        4096      0.143
22:47:24.320 kworker        1259302 nvme1n1 WM   784        8192      0.144
22:47:24.320 kworker        1259302 nvme1n1 WM   840        4096      0.145
22:47:24.320 kworker        1259302 nvme1n1 WM   461373728  4096      0.145
22:47:24.320 kworker        1259302 nvme1n1 WM   562036864  4096      0.146
22:47:24.320 kworker        1259302 nvme1n1 WM   562037000  4096      0.147
22:47:24.320 kworker        1259302 nvme1n1 WM   562037016  8192      0.148
22:47:24.320 kworker        1259302 nvme1n1 WM   570425360  4096      0.149
22:47:24.320 kworker        1259302 nvme1n1 WM   570425384  4096      0.151
22:47:24.320 kworker        1259302 nvme1n1 WM   578813960  4096      0.151
22:47:24.320 kworker        1259302 nvme1n1 WM   578814208  4096      0.153
22:47:24.320 kworker        1259302 nvme1n1 WM   583008392  4096      0.154
22:47:24.320 kworker        1259302 nvme1n1 WM   583012456  4096      0.155
22:47:24.320 kworker        1259302 nvme1n1 WM   583012584  8192      0.078
22:47:24.320 kworker        1259302 nvme1n1 WM   583012632  8192      0.089
22:47:24.320 kworker        1259302 nvme1n1 WM   831667696  4096      0.090
22:47:24.320 kworker        1259302 nvme1n1 WM   1174405664 4096      0.091
22:47:24.320 kworker        1259302 nvme1n1 WM   1484783624 4096      0.092
22:47:24.320 kworker        1259302 nvme1n1 WM   1484789216 4096      0.096
22:47:24.320 kworker        1259302 nvme1n1 WM   1485047992 4096      0.098
22:47:24.320 kworker        1259302 nvme1n1 WM   1485048048 4096      0.101
22:47:24.320 kworker        1259302 nvme1n1 WM   1485048064 4096      0.107
22:47:24.320 kworker        1259302 nvme1n1 WM   1606418528 4096      0.107
22:47:24.320 kworker        1259302 nvme1n1 WM   1627390016 4096      0.110
22:47:24.320 kworker        1259302 nvme1n1 WM   1656750120 4096      0.116
22:47:24.320 kworker        1259302 nvme1n1 WM   1705508120 4096      0.117
22:47:24.320 kworker        1259302 nvme1n1 WM   1753219168 4096      0.119
22:47:24.320 kworker        1259302 nvme1n1 WM   1756414168 4096      0.120
22:47:24.320 kworker        1259302 nvme1n1 WM   583015736  24576     0.140
22:47:24.320 kworker        1259302 nvme1n1 WM   1756414232 4096      0.029
22:47:24.478 nvme           1271353 Unknown N    -1         512       0.076
22:47:25.463 amoprof        1271097 nvme1n1 W    580848808  4096      0.067
