TIMESTAMP    COMM           PID     DISK    T    SECTOR     BYTES   LAT(ms)
04:41:40.103 nvme           1750452 Unknown N    -1         512       0.083
04:41:41.025 kworker        1736627 nvme0n1 W    37218128   4096      0.861
04:41:41.025 kworker        1720485 nvme0n1 W    37332688   4096      0.959
04:41:41.106 nvme           1750504 Unknown N    -1         512       0.075
04:41:42.049 jbd2/nv        391     nvme0n1 WSM  4211864    16384     0.966
04:41:42.050 jbd2/nv        391     nvme0n1 WSM  4211896    4096      0.768
04:41:42.108 nvme           1750505 Unknown N    -1         512       0.030
04:41:42.160 jbd2/nv        752     nvme1n1 WSM  877958520  106496    0.136
04:41:42.160 jbd2/nv        752     nvme1n1 WSM  877958728  4096      0.029
04:41:43.073 kworker        1720485 nvme1n1 W    1719353288 4096      0.050
04:41:43.110 nvme           1750506 Unknown N    -1         512       0.069
04:41:44.097 kworker        1720485 nvme1n1 W    596090544  94208     0.159
04:41:44.097 kworker        1720485 nvme1n1 W    600184328  131072    0.229
04:41:44.097 kworker        1720485 nvme1n1 W    600184584  61440     0.263
04:41:44.097 kworker        1720485 nvme1n1 W    596090728  32768     0.284
04:41:44.097 kworker        1720485 nvme1n1 W    1565282816 131072    0.361
04:41:44.097 kworker        1720485 nvme1n1 W    1565283072 90112     0.414
04:41:44.097 kworker        1720485 nvme1n1 W    600184704  77824     0.463
04:41:44.097 kworker        1720485 nvme1n1 W    596090792  28672     0.482
04:41:44.113 nvme           1750507 Unknown N    -1         512       0.073
04:41:45.115 nvme           1750509 Unknown N    -1         512       0.072
04:41:46.117 nvme           1750510 Unknown N    -1         512       0.071
04:41:47.120 nvme           1750511 Unknown N    -1         512       0.031
04:41:48.122 nvme           1750512 Unknown N    -1         512       0.077
04:41:48.192 kworker        1696237 nvme1n1 W    1719341016 4096      0.055
04:41:48.444 jbd2/nv        752     nvme1n1 WSM  877958736  53248     0.099
04:41:48.444 jbd2/nv        752     nvme1n1 WSM  877958840  4096      0.031
04:41:49.124 nvme           1750513 Unknown N    -1         512       0.030
04:41:49.216 kworker        1696237 nvme1n1 W    600086152  16384     0.065
04:41:50.110 amoprof        1271097 nvme1n1 W    600277776  4096      0.058
