TIMESTAMP    COMM           PID     DISK    T    SECTOR     BYTES   LAT(ms)
23:04:19.838 dockerd        1436    nvme1n1 WS   583309128  4096      0.059
23:04:19.838 jbd2/nv        752     nvme1n1 WSM  878877720  114688    0.132
23:04:19.838 jbd2/nv        752     nvme1n1 WSM  878877944  4096      0.028
23:04:19.838 dockerd        1436    nvme1n1 WS   583309136  4096      0.032
23:04:19.838 jbd2/nv        752     nvme1n1 WSM  878877952  40960     0.060
23:04:19.838 jbd2/nv        752     nvme1n1 WSM  878878032  4096      0.027
23:04:20.019 nvme           1317731 Unknown N    -1         512       0.033
23:04:21.022 nvme           1317792 Unknown N    -1         512       0.031
23:04:22.024 nvme           1317796 Unknown N    -1         512       0.037
23:04:22.177 kworker        1304865 nvme0n1 W    36484280   4096      0.549
23:04:23.026 nvme           1317800 Unknown N    -1         512       0.031
23:04:23.552 ib_log_        125934  nvme1n1 WS   1757538688 4096      0.058
23:04:23.596 ib_log_        125934  nvme1n1 WS   1757538688 4096      0.038
23:04:23.892 ib_pg_f        125934  nvme1n1 WS   1737209856 81920     0.115
23:04:23.892 ib_pg_f        125934  nvme1n1 WS   1756482848 16384     0.051
23:04:23.892 ib_pg_f        125934  nvme1n1 WS   1757759936 16384     0.044
23:04:23.892 ib_pg_f        125934  nvme1n1 WS   1757760384 16384     0.054
23:04:23.892 ib_pg_f        125934  nvme1n1 WS   1756427520 16384     0.057
23:04:23.892 ib_pg_f        125934  nvme1n1 WS   1756903584 16384     0.060
23:04:24.029 nvme           1317820 Unknown N    -1         512       0.031
23:04:24.485 ib_log_        125934  nvme1n1 WS   1757536256 4096      0.053
23:04:25.031 nvme           1317830 Unknown N    -1         512       0.031
23:04:25.172 jbd2/nv        752     nvme1n1 WSM  878878040  90112     0.119
23:04:25.172 jbd2/nv        752     nvme1n1 WSM  878878216  4096      0.030
23:04:26.033 nvme           1317834 Unknown N    -1         512       0.032
23:04:27.036 nvme           1317844 Unknown N    -1         512       0.031
23:04:27.865 dockerd        1436    nvme1n1 WS   583539272  4096      0.061
23:04:27.865 jbd2/nv        752     nvme1n1 WSM  878878224  45056     0.075
23:04:27.865 jbd2/nv        752     nvme1n1 WSM  878878312  4096      0.029
23:04:27.865 dockerd        1436    nvme1n1 WS   583539280  4096      0.031
23:04:27.865 jbd2/nv        752     nvme1n1 WSM  878878320  49152     0.066
23:04:27.865 jbd2/nv        752     nvme1n1 WSM  878878416  4096      0.035
23:04:28.038 nvme           1317857 Unknown N    -1         512       0.028
23:04:29.040 nvme           1317871 Unknown N    -1         512       0.031
23:04:29.847 dockerd        1436    nvme1n1 WS   583539288  4096      0.056
23:04:29.847 jbd2/nv        752     nvme1n1 WSM  878878424  61440     0.103
23:04:29.847 jbd2/nv        752     nvme1n1 WSM  878878544  4096      0.031
23:04:29.848 dockerd        1436    nvme1n1 WS   583539296  4096      0.032
23:04:29.848 jbd2/nv        752     nvme1n1 WSM  878878552  45056     0.066
23:04:29.848 jbd2/nv        752     nvme1n1 WSM  878878640  4096      0.030
23:04:29.878 contain        1195    nvme1n1 WS   1730874048 4096      0.066
23:04:29.878 contain        1195    nvme1n1 WS   1730874328 4096      0.075
23:04:29.878 contain        1195    nvme1n1 WS   1730874376 4096      0.077
23:04:29.878 contain        1195    nvme1n1 WS   1730874392 4096      0.082
23:04:29.878 contain        1195    nvme1n1 WS   1429528    4096      0.029
23:04:29.889 dockerd        1436    nvme1n1 WS   1757812080 8192      0.050
23:04:29.889 dockerd        1436    nvme1n1 WS   1757812120 4096      0.057
23:04:29.889 dockerd        1436    nvme1n1 WS   1757812144 4096      0.057
23:04:29.889 dockerd        1436    nvme1n1 WS   1323304    4096      0.027
23:04:29.908 dockerd        1436    nvme1n1 WS   1539981568 4096      0.048
23:04:29.908 dockerd        1436    nvme1n1 WS   1757812128 8192      0.053
23:04:29.908 dockerd        1436    nvme1n1 WS   1757812152 4096      0.054
23:04:29.908 dockerd        1436    nvme1n1 WS   1323312    4096      0.029
23:04:29.909 dockerd        1436    nvme1n1 W    1559112776 4096      0.029
23:04:29.909 dockerd        1436    nvme1n1 WS   1323320    4096      0.041
23:04:29.909 dockerd        1436    nvme1n1 WS   1757812088 4096      0.046
23:04:29.909 dockerd        1436    nvme1n1 WS   1757812120 4096      0.050
23:04:29.909 dockerd        1436    nvme1n1 WS   1757812144 4096      0.051
23:04:29.909 dockerd        1436    nvme1n1 WS   1323304    4096      0.028
23:04:29.947 dockerd        1436    nvme1n1 WS   1539981568 4096      0.050
23:04:29.947 dockerd        1436    nvme1n1 WS   1757812128 8192      0.055
23:04:29.947 dockerd        1436    nvme1n1 WS   1757812152 4096      0.056
23:04:29.947 dockerd        1436    nvme1n1 WS   1323312    4096      0.027
23:04:29.947 dockerd        1436    nvme1n1 WS   1757812080 8192      0.040
23:04:29.947 dockerd        1436    nvme1n1 WS   1757812120 4096      0.045
23:04:29.947 dockerd        1436    nvme1n1 WS   1757812144 4096      0.049
23:04:29.948 dockerd        1436    nvme1n1 WS   1323304    4096      0.030
23:04:29.948 kworker        1304865 nvme1n1 W    1625047064 12288     0.052
23:04:29.948 kworker        1210729 nvme1n1 W    1591858752 4096      0.047
23:04:29.948 kworker        1210729 nvme1n1 W    1629669600 4096      0.053
23:04:29.948 kworker        1210729 nvme1n1 W    1573347952 12288     0.056
23:04:29.948 kworker        1186242 nvme1n1 W    583582544  12288     0.073
23:04:29.948 kworker        1272320 nvme1n1 W    1629208016 24576     0.085
23:04:29.948 kworker        1259302 nvme1n1 W    1665540016 40960     0.107
23:04:29.948 kworker        1259302 nvme1n1 W    1666731112 131072    0.181
23:04:29.948 kworker        1259302 nvme1n1 W    1757116680 4096      0.051
23:04:29.948 kworker        1259302 nvme1n1 W    1666731368 69632     0.106
23:04:29.948 kworker        1259302 nvme1n1 W    1663849352 61440     0.148
23:04:29.948 kworker        1259302 nvme1n1 W    1666655656 131072    0.227
23:04:29.948 kworker        1259302 nvme1n1 W    1666655912 16384     0.236
23:04:29.949 kworker        1259302 nvme1n1 W    1663892360 61440     0.273
23:04:29.949 kworker        1259302 nvme1n1 W    1666655944 131072    0.356
23:04:29.949 kworker        1259302 nvme1n1 W    1666656200 12288     0.368
23:04:29.949 kworker        1259302 nvme1n1 W    1663841232 4096      0.246
23:04:29.949 kworker        1259302 nvme1n1 W    1757110560 45056     0.267
23:04:29.949 kworker        1259302 nvme1n1 W    1666685944 4096      0.059
23:04:29.949 kworker        1259302 nvme1n1 W    583372192  28672     0.080
23:04:29.949 kworker        1259302 nvme1n1 W    1666685688 131072    0.160
23:04:29.949 kworker        1259302 nvme1n1 W    1665889072 77824     0.205
23:04:29.949 kworker        1259302 nvme1n1 W    583372656  4096      0.048
23:04:29.949 kworker        1259302 nvme1n1 W    583372248  98304     0.132
23:04:29.949 kworker        1259302 nvme1n1 W    1665596792 69632     0.177
23:04:29.949 kworker        1259302 nvme1n1 W    583372440  94208     0.235
23:04:29.949 kworker        1259302 nvme1n1 W    1757117344 131072    0.316
23:04:29.949 kworker        1259302 nvme1n1 W    1757117600 24576     0.330
23:04:29.949 kworker        1259302 nvme1n1 W    583372624  16384     0.340
23:04:29.949 kworker        1259302 nvme1n1 W    1665636208 69632     0.381
23:04:29.949 kworker        1259302 nvme1n1 W    583622656  4096      0.174
23:04:29.949 kworker        1259302 nvme1n1 W    1665947472 90112     0.232
23:04:29.949 kworker        1259302 nvme1n1 W    583372664  69632     0.273
23:04:29.950 kworker        1259302 nvme1n1 W    1665644392 73728     0.110
23:04:29.950 kworker        1259302 nvme1n1 W    1666107576 102400    0.173
23:04:29.950 kworker        1259302 nvme1n1 W    583622664  65536     0.214
23:04:29.950 kworker        1259302 nvme1n1 W    1666691584 114688    0.288
23:04:29.950 kworker        1259302 nvme1n1 W    1740301472 131072    0.370
23:04:29.950 kworker        1259302 nvme1n1 W    1740301728 16384     0.378
23:04:29.950 kworker        1259302 nvme1n1 W    583622792  53248     0.411
23:04:29.950 kworker        1259302 nvme1n1 W    722613168  131072    0.492
23:04:29.950 kworker        1259302 nvme1n1 W    722613424  61440     0.280
23:04:29.950 kworker        1259302 nvme1n1 W    583622896  32768     0.299
23:04:29.950 kworker        1259302 nvme1n1 W    722613544  131072    0.382
23:04:29.950 kworker        1259302 nvme1n1 W    311467920  4096      0.137
23:04:29.950 kworker        1259302 nvme1n1 W    583623056  4096      0.142
23:04:29.950 kworker        1259302 nvme1n1 W    722613800  90112     0.201
23:04:29.950 kworker        1259302 nvme1n1 W    1665890000 77824     0.246
23:04:29.950 kworker        1259302 nvme1n1 W    583622960  49152     0.276
23:04:29.950 dockerd        1436    nvme1n1 WM   40         4096      0.211
23:04:29.950 dockerd        1436    nvme1n1 WM   71303296   4096      0.221
23:04:29.950 dockerd        1436    nvme1n1 WM   71303512   4096      0.222
23:04:29.950 dockerd        1436    nvme1n1 WM   71303560   4096      0.222
23:04:29.950 dockerd        1436    nvme1n1 WM   71304616   4096      0.225
23:04:29.950 dockerd        1436    nvme1n1 WM   461373704  4096      0.226
23:04:29.950 dockerd        1436    nvme1n1 WM   461373768  4096      0.226
23:04:29.950 dockerd        1436    nvme1n1 WM   461374248  4096      0.229
23:04:29.950 dockerd        1436    nvme1n1 WM   461374280  4096      0.229
23:04:29.950 dockerd        1436    nvme1n1 WM   461373784  12288     0.231
23:04:29.950 jbd2/nv        752     nvme1n1 WSM  878878648  131072    0.257
23:04:29.950 dockerd        1436    nvme1n1 WM   461374312  4096      0.080
23:04:29.950 dockerd        1436    nvme1n1 WM   578813960  4096      0.086
23:04:29.950 dockerd        1436    nvme1n1 WM   579093536  4096      0.086
23:04:29.950 jbd2/nv        752     nvme1n1 WSM  878878904  110592    0.300
23:04:29.950 dockerd        1436    nvme1n1 WM   579102192  8192      0.090
23:04:29.950 dockerd        1436    nvme1n1 WM   579116416  4096      0.097
23:04:29.950 dockerd        1436    nvme1n1 WM   579116448  8192      0.102
23:04:29.950 dockerd        1436    nvme1n1 WM   579116976  4096      0.107
23:04:29.951 dockerd        1436    nvme1n1 WM   579117008  8192      0.111
23:04:29.951 dockerd        1436    nvme1n1 WM   579119056  8192      0.116
23:04:29.951 dockerd        1436    nvme1n1 WM   579121072  8192      0.123
23:04:29.951 dockerd        1436    nvme1n1 WM   579124128  8192      0.127
23:04:29.951 dockerd        1436    nvme1n1 WM   579127248  4096      0.133
23:04:29.951 dockerd        1436    nvme1n1 WM   579127272  4096      0.134
23:04:29.951 dockerd        1436    nvme1n1 WM   583008400  4096      0.134
23:04:29.951 dockerd        1436    nvme1n1 WM   583015744  4096      0.135
23:04:29.951 dockerd        1436    nvme1n1 WM   583019368  12288     0.139
23:04:29.951 jbd2/nv        752     nvme1n1 WSM  878879120  4096      0.049
23:04:29.951 dockerd        1436    nvme1n1 WM   905971600  4096      0.072
23:04:29.951 dockerd        1436    nvme1n1 WM   905971624  8192      0.077
23:04:29.951 dockerd        1436    nvme1n1 WM   905973736  8192      0.083
23:04:29.951 dockerd        1436    nvme1n1 WM   905973760  4096      0.084
23:04:29.951 dockerd        1436    nvme1n1 WM   1497673720 4096      0.088
23:04:29.951 dockerd        1436    nvme1n1 WM   1497675544 8192      0.092
23:04:29.951 dockerd        1436    nvme1n1 WM   1497678656 8192      0.101
23:04:29.951 dockerd        1436    nvme1n1 WM   1579683832 4096      0.103
23:04:29.951 dockerd        1436    nvme1n1 WM   1579696072 4096      0.109
23:04:29.951 dockerd        1436    nvme1n1 WM   1589641280 4096      0.110
23:04:29.951 dockerd        1436    nvme1n1 WM   1627390000 4096      0.116
23:04:29.951 dockerd        1436    nvme1n1 WM   1627390016 4096      0.117
23:04:29.951 dockerd        1436    nvme1n1 WM   1635778568 4096      0.118
23:04:29.951 dockerd        1436    nvme1n1 WM   1635778632 4096      0.123
23:04:29.951 dockerd        1436    nvme1n1 WM   1707589104 4096      0.124
23:04:29.951 dockerd        1436    nvme1n1 WM   1736441968 4096      0.125
23:04:29.951 dockerd        1436    nvme1n1 WM   1753219184 4096      0.033
23:04:29.951 dockerd        1436    nvme1n1 WM   1756414232 4096      0.034
23:04:29.951 kworker        1259302 nvme1n1 WS   583623056  8192      0.035
23:04:29.951 jbd2/nv        752     nvme1n1 WSM  878879128  20480     0.045
23:04:29.951 jbd2/nv        752     nvme1n1 WSM  878879168  4096      0.028
23:04:29.951 dockerd        1436    nvme1n1 WSM  0          4096      0.072
23:04:29.951 dockerd        1436    nvme1n1 WSM  224        4096      0.074
23:04:29.951 dockerd        1436    nvme1n1 WSM  280        4096      0.080
23:04:29.951 dockerd        1436    nvme1n1 WSM  352        4096      0.083
23:04:29.951 dockerd        1436    nvme1n1 WSM  720        4096      0.083
23:04:29.951 dockerd        1436    nvme1n1 WSM  776        8192      0.085
23:04:29.951 dockerd        1436    nvme1n1 WSM  800        4096      0.089
23:04:29.951 dockerd        1436    nvme1n1 WSM  832        8192      0.093
23:04:29.951 dockerd        1436    nvme1n1 WSM  71304624   8192      0.097
23:04:29.951 dockerd        1436    nvme1n1 WSM  461373568  4096      0.102
23:04:29.951 dockerd        1436    nvme1n1 WSM  461373696  4096      0.110
23:04:29.951 dockerd        1436    nvme1n1 WSM  579120664  4096      0.109
23:04:29.951 dockerd        1436    nvme1n1 WSM  583008264  8192      0.110
23:04:29.951 dockerd        1436    nvme1n1 WSM  744        12288     0.122
23:04:29.951 dockerd        1436    nvme1n1 WSM  461374256  12288     0.125
23:04:29.951 dockerd        1436    nvme1n1 WSM  461374288  12288     0.133
23:04:29.951 dockerd        1436    nvme1n1 WSM  583015816  4096      0.070
23:04:29.951 dockerd        1436    nvme1n1 WSM  721420320  4096      0.072
23:04:29.951 dockerd        1436    nvme1n1 WSM  1484789216 4096      0.077
23:04:29.951 dockerd        1436    nvme1n1 WSM  1485075168 4096      0.078
23:04:29.951 dockerd        1436    nvme1n1 WSM  1493172480 4096      0.078
23:04:29.951 dockerd        1436    nvme1n1 WSM  1493172504 4096      0.079
23:04:29.951 dockerd        1436    nvme1n1 WSM  1493844928 4096      0.084
23:04:29.951 dockerd        1436    nvme1n1 WSM  1497366536 4096      0.085
23:04:29.951 dockerd        1436    nvme1n1 WSM  1556086872 4096      0.089
23:04:29.951 dockerd        1436    nvme1n1 WSM  1572864008 4096      0.091
23:04:29.951 dockerd        1436    nvme1n1 WSM  1572864128 4096      0.096
23:04:29.951 dockerd        1436    nvme1n1 WSM  1572864280 4096      0.099
23:04:29.951 dockerd        1436    nvme1n1 WSM  1577058384 4096      0.099
23:04:29.951 dockerd        1436    nvme1n1 WSM  1623195704 4096      0.103
23:04:29.951 dockerd        1436    nvme1n1 WSM  1660944472 4096      0.104
23:04:29.951 dockerd        1436    nvme1n1 WSM  583019312  24576     0.122
23:04:29.951 dockerd        1436    nvme1n1 WSM  1665138728 8192      0.035
23:04:29.951 dockerd        1436    nvme1n1 WSM  1707383280 4096      0.041
23:04:29.951 dockerd        1436    nvme1n1 WSM  1665138696 12288     0.047
23:04:29.952 dockerd        1436    nvme1n1 WS   583334944  4096      0.031
23:04:29.952 jbd2/nv        752     nvme1n1 WSM  878879176  61440     0.078
23:04:29.952 jbd2/nv        752     nvme1n1 WSM  878879296  4096      0.028
23:04:29.953 dockerd        1436    nvme1n1 WS   583334952  4096      0.031
23:04:29.953 jbd2/nv        752     nvme1n1 WSM  878879304  49152     0.067
23:04:29.953 jbd2/nv        752     nvme1n1 WSM  878879400  4096      0.026
23:04:29.953 dockerd        1436    nvme1n1 WS   583334960  4096      0.032
23:04:29.953 jbd2/nv        752     nvme1n1 WSM  878879408  49152     0.063
23:04:29.953 jbd2/nv        752     nvme1n1 WSM  878879504  4096      0.027
23:04:29.953 dockerd        1436    nvme1n1 WS   583334968  4096      0.029
23:04:29.953 jbd2/nv        752     nvme1n1 WSM  878879512  36864     0.055
23:04:29.954 jbd2/nv        752     nvme1n1 WSM  878879584  4096      0.026
23:04:29.954 contain        1195    nvme1n1 WS   1730874336 4096      0.048
23:04:29.954 contain        1195    nvme1n1 WS   1730874384 4096      0.056
23:04:29.954 contain        1195    nvme1n1 WS   1730874408 4096      0.061
23:04:29.954 contain        1195    nvme1n1 WS   1730874520 8192      0.062
23:04:29.954 contain        1195    nvme1n1 WS   1429520    4096      0.026
23:04:29.959 contain        1195    nvme1n1 WS   1730873248 4096      0.051
23:04:29.959 contain        1195    nvme1n1 WS   1730873856 4096      0.061
23:04:29.959 contain        1195    nvme1n1 WS   1730873904 4096      0.066
23:04:29.959 contain        1195    nvme1n1 WS   1730874232 4096      0.067
23:04:29.959 contain        1195    nvme1n1 WS   1730874328 4096      0.068
23:04:29.959 contain        1195    nvme1n1 WS   1730874376 4096      0.069
23:04:29.959 contain        1195    nvme1n1 WS   1429528    4096      0.028
23:04:29.961 contain        1195    nvme1n1 WS   1725789864 4096      0.051
23:04:29.961 contain        1195    nvme1n1 WS   1725789984 4096      0.059
23:04:29.961 contain        1195    nvme1n1 WS   1725790008 8192      0.060
23:04:29.961 contain        1195    nvme1n1 WS   1725789944 12288     0.070
23:04:29.961 contain        1195    nvme1n1 WS   1707371880 4096      0.028
23:04:29.961 contain        1195    nvme1n1 WS   1725789792 4096      0.048
23:04:29.961 contain        1195    nvme1n1 WS   1725789816 4096      0.054
23:04:29.961 contain        1195    nvme1n1 WS   1725789888 4096      0.063
23:04:29.961 contain        1195    nvme1n1 WS   1725789912 4096      0.064
23:04:29.961 contain        1195    nvme1n1 WS   1725789968 8192      0.065
23:04:29.961 contain        1195    nvme1n1 WS   1725789992 4096      0.066
23:04:29.961 contain        1195    nvme1n1 WS   1707371888 4096      0.028
23:04:29.961 contain        1195    nvme1n1 WS   1725789864 4096      0.032
23:04:29.961 contain        1195    nvme1n1 WS   1707371880 4096      0.027
23:04:30.027 amoprof        1271097 nvme1n1 W    583337248  4096      0.049
