TIMESTAMP    COMM           PID     DISK    T    SECTOR     BYTES   LAT(ms)
02:52:18.387 nvme           1649942 Unknown N    -1         512       0.038
02:52:19.389 nvme           1649994 Unknown N    -1         512       0.076
02:52:20.392 nvme           1649995 Unknown N    -1         512       0.029
02:52:20.432 jbd2/nv        752     nvme1n1 WSM  877756632  114688    0.143
02:52:20.432 jbd2/nv        752     nvme1n1 WSM  877756856  4096      0.030
02:52:21.394 nvme           1649996 Unknown N    -1         512       0.115
02:52:22.396 nvme           1649997 Unknown N    -1         512       0.029
02:52:23.399 nvme           1649998 Unknown N    -1         512       0.075
02:52:24.401 nvme           1649999 Unknown N    -1         512       0.030
02:52:24.864 kworker        1638303 nvme1n1 W    1625053576 4096      0.055
02:52:25.377 kworker        1635417 nvme1n1 W    591839192  20480     0.109
02:52:25.377 kworker        1635417 nvme1n1 W    595931136  73728     0.143
02:52:25.377 kworker        1635417 nvme1n1 W    1526157824 131072    0.228
02:52:25.377 kworker        1635417 nvme1n1 W    1526158080 61440     0.263
02:52:25.377 kworker        1635417 nvme1n1 W    595931280  32768     0.284
02:52:25.377 kworker        1635417 nvme1n1 W    1526158200 131072    0.364
02:52:25.377 kworker        1635417 nvme1n1 W    1526158456 90112     0.420
02:52:25.377 kworker        1635417 nvme1n1 W    1499433064 77824     0.468
02:52:25.377 kworker        1635417 nvme1n1 W    595931344  45056     0.494
02:52:25.403 nvme           1650000 Unknown N    -1         512       0.023
02:52:26.405 nvme           1650001 Unknown N    -1         512       0.073
02:52:26.679 jbd2/nv        752     nvme1n1 WSM  877756864  65536     0.104
02:52:26.679 jbd2/nv        752     nvme1n1 WSM  877756992  4096      0.033
02:52:27.408 nvme           1650002 Unknown N    -1         512       0.030
02:52:28.394 amoprof        1271097 nvme1n1 W    591750840  4096      0.056
