TIMESTAMP    COMM           PID     DISK    T    SECTOR     BYTES   LAT(ms)
09:24:26.851 nvme           2210598 Unknown N    -1         512       0.035
09:24:27.853 nvme           2210650 Unknown N    -1         512       0.028
09:24:28.856 nvme           2210651 Unknown N    -1         512       0.027
09:24:28.897 jbd2/nv        752     nvme1n1 WSM  878519368  122880    0.154
09:24:28.897 jbd2/nv        752     nvme1n1 WSM  878519608  4096      0.031
09:24:29.858 nvme           2210652 Unknown N    -1         512       0.087
09:24:30.860 nvme           2210654 Unknown N    -1         512       0.026
09:24:31.862 nvme           2210655 Unknown N    -1         512       0.084
09:24:32.864 nvme           2210656 Unknown N    -1         512       0.031
09:24:33.624 dockerd        1436    nvme1n1 WS   617023360  4096      0.055
09:24:33.624 jbd2/nv        752     nvme1n1 WSM  878519616  36864     0.066
09:24:33.624 jbd2/nv        752     nvme1n1 WSM  878519688  4096      0.029
09:24:33.624 dockerd        1436    nvme1n1 WS   617023368  4096      0.034
09:24:33.625 jbd2/nv        752     nvme1n1 WSM  878519696  32768     0.053
09:24:33.625 jbd2/nv        752     nvme1n1 WSM  878519760  4096      0.028
09:24:33.666 contain        1195    nvme1n1 WS   1730873968 4096      0.064
09:24:33.666 contain        1195    nvme1n1 WS   1730874064 4096      0.072
09:24:33.666 contain        1195    nvme1n1 WS   1730874080 4096      0.074
09:24:33.666 contain        1195    nvme1n1 WS   1730874192 4096      0.075
09:24:33.666 contain        1195    nvme1n1 WS   1429528    4096      0.028
09:24:33.677 dockerd        1436    nvme1n1 WS   1528463896 4096      0.056
09:24:33.677 dockerd        1436    nvme1n1 WS   1757812080 4096      0.063
09:24:33.677 dockerd        1436    nvme1n1 WS   1757812104 8192      0.063
09:24:33.677 dockerd        1436    nvme1n1 WS   1323312    4096      0.028
09:24:33.696 dockerd        1436    nvme1n1 WS   1323328    4096      0.062
09:24:33.696 dockerd        1436    nvme1n1 WS   1518910992 4096      0.069
09:24:33.696 dockerd        1436    nvme1n1 WS   1757812072 4096      0.070
09:24:33.696 dockerd        1436    nvme1n1 WS   1757812120 8192      0.074
09:24:33.696 dockerd        1436    nvme1n1 WS   1323304    4096      0.027
09:24:33.697 dockerd        1436    nvme1n1 W    617130768  4096      0.030
09:24:33.697 dockerd        1436    nvme1n1 WS   1757812080 16384     0.044
09:24:33.697 dockerd        1436    nvme1n1 WS   1323312    4096      0.026
09:24:33.731 dockerd        1436    nvme1n1 WS   1323328    4096      0.059
09:24:33.731 dockerd        1436    nvme1n1 WS   1518910992 4096      0.066
09:24:33.731 dockerd        1436    nvme1n1 WS   1757812072 4096      0.067
09:24:33.731 dockerd        1436    nvme1n1 WS   1757812112 4096      0.068
09:24:33.731 dockerd        1436    nvme1n1 WS   1323304    4096      0.027
09:24:33.731 dockerd        1436    nvme1n1 WS   1528463896 4096      0.036
09:24:33.732 dockerd        1436    nvme1n1 WS   1757812088 12288     0.044
09:24:33.732 dockerd        1436    nvme1n1 WS   1323312    4096      0.027
09:24:33.735 kworker        2166224 nvme1n1 W    617169032  4096      0.046
09:24:33.735 kworker        2166224 nvme1n1 W    1622538792 4096      0.050
09:24:33.735 kworker        2166224 nvme1n1 W    1565495320 4096      0.053
09:24:33.735 kworker        2166224 nvme1n1 W    617169040  4096      0.058
09:24:33.735 kworker        2166224 nvme1n1 W    1618070080 8192      0.039
09:24:33.735 kworker        2196707 nvme1n1 W    617179344  16384     0.046
09:24:33.736 kworker        2185392 nvme1n1 W    1617688464 4096      0.109
09:24:33.736 kworker        2185392 nvme1n1 W    1617688488 4096      0.114
09:24:33.736 kworker        2185392 nvme1n1 W    1617688512 4096      0.114
09:24:33.736 kworker        2185392 nvme1n1 W    1623694600 8192      0.117
09:24:33.736 kworker        2185392 nvme1n1 W    617125136  24576     0.131
09:24:33.736 kworker        2185392 nvme1n1 W    617125184  20480     0.136
09:24:33.736 kworker        2185392 nvme1n1 W    617125224  20480     0.149
09:24:33.736 kworker        2185392 nvme1n1 W    617125264  126976    0.234
09:24:33.736 kworker        2185392 nvme1n1 W    617125512  131072    0.310
09:24:33.736 kworker        2185392 nvme1n1 W    617125768  12288     0.320
09:24:33.736 kworker        2185392 nvme1n1 W    1664521656 131072    0.396
09:24:33.736 kworker        2185392 nvme1n1 W    1664521912 61440     0.435
09:24:33.736 kworker        2185392 nvme1n1 W    617125792  32768     0.454
09:24:33.736 kworker        2185392 nvme1n1 W    1664671424 131072    0.531
09:24:33.736 kworker        2185392 nvme1n1 W    1664671680 90112     0.586
09:24:33.736 kworker        2185392 nvme1n1 W    1623779024 77824     0.633
09:24:33.736 kworker        2185392 nvme1n1 W    616909728  4096      0.072
09:24:33.736 kworker        2185392 nvme1n1 W    617125856  122880    0.175
09:24:33.736 kworker        2185392 nvme1n1 W    1757593504 49152     0.199
09:24:33.737 kworker        2185392 nvme1n1 W    617126096  122880    0.283
09:24:33.737 kworker        2185392 nvme1n1 W    617126336  53248     0.316
09:24:33.737 kworker        2185392 nvme1n1 W    1664485360 131072    0.396
09:24:33.737 kworker        2185392 nvme1n1 W    1664485616 61440     0.432
09:24:33.737 kworker        2185392 nvme1n1 W    617126440  32768     0.450
09:24:33.737 kworker        2185392 nvme1n1 W    1664676352 131072    0.532
09:24:33.737 kworker        2185392 nvme1n1 W    1664676608 90112     0.586
09:24:33.737 kworker        2185392 nvme1n1 W    1623779176 77824     0.633
09:24:33.737 kworker        2185392 nvme1n1 W    617126504  53248     0.665
09:24:33.737 dockerd        1436    nvme1n1 WM   616562696  4096      0.605
09:24:33.737 dockerd        1436    nvme1n1 WM   616562840  4096      0.610
09:24:33.737 dockerd        1436    nvme1n1 WM   616876848  4096      0.612
09:24:33.737 dockerd        1436    nvme1n1 WM   616883120  4096      0.614
09:24:33.737 dockerd        1436    nvme1n1 WM   1532109344 4096      0.615
09:24:33.737 dockerd        1436    nvme1n1 WM   616578096  12288     0.620
09:24:33.737 dockerd        1436    nvme1n1 WM   616868736  12288     0.625
09:24:33.737 jbd2/nv        752     nvme1n1 WSM  878519768  131072    0.666
09:24:33.737 jbd2/nv        752     nvme1n1 WSM  878520024  65536     0.691
09:24:33.737 jbd2/nv        752     nvme1n1 WSM  878520152  4096      0.029
09:24:33.737 kworker        2185392 nvme1n1 WS   617126600  4096      0.033
09:24:33.737 jbd2/nv        752     nvme1n1 WSM  878520160  40960     0.060
09:24:33.737 jbd2/nv        752     nvme1n1 WSM  878520240  4096      0.026
09:24:33.738 dockerd        1436    nvme1n1 WSM  0          4096      0.114
09:24:33.738 dockerd        1436    nvme1n1 WSM  48         4096      0.119
09:24:33.738 dockerd        1436    nvme1n1 WSM  224        4096      0.119
09:24:33.738 dockerd        1436    nvme1n1 WSM  288        8192      0.120
09:24:33.738 dockerd        1436    nvme1n1 WSM  760        4096      0.122
09:24:33.738 dockerd        1436    nvme1n1 WSM  776        4096      0.122
09:24:33.738 dockerd        1436    nvme1n1 WSM  800        4096      0.126
09:24:33.738 dockerd        1436    nvme1n1 WSM  840        4096      0.126
09:24:33.738 dockerd        1436    nvme1n1 WSM  83886208   4096      0.127
09:24:33.738 dockerd        1436    nvme1n1 WSM  83886344   8192      0.127
09:24:33.738 dockerd        1436    nvme1n1 WSM  461373568  4096      0.132
09:24:33.738 dockerd        1436    nvme1n1 WSM  461373696  4096      0.136
09:24:33.738 dockerd        1436    nvme1n1 WSM  461374248  4096      0.139
09:24:33.738 dockerd        1436    nvme1n1 WSM  591396872  4096      0.141
09:24:33.738 dockerd        1436    nvme1n1 WSM  591663072  4096      0.144
09:24:33.738 dockerd        1436    nvme1n1 WSM  616562704  4096      0.147
09:24:33.738 dockerd        1436    nvme1n1 WSM  616573368  4096      0.149
09:24:33.738 dockerd        1436    nvme1n1 WSM  616573448  4096      0.150
09:24:33.738 dockerd        1436    nvme1n1 WSM  1484789216 4096      0.150
09:24:33.738 dockerd        1436    nvme1n1 WSM  1485401008 4096      0.154
09:24:33.738 dockerd        1436    nvme1n1 WSM  1493172480 4096      0.156
09:24:33.738 dockerd        1436    nvme1n1 WSM  1493172504 4096      0.157
09:24:33.738 dockerd        1436    nvme1n1 WSM  1532036064 4096      0.159
09:24:33.738 dockerd        1436    nvme1n1 WSM  1532037512 4096      0.163
09:24:33.738 dockerd        1436    nvme1n1 WSM  1577058344 4096      0.163
09:24:33.738 dockerd        1436    nvme1n1 WSM  1614807136 4096      0.164
09:24:33.738 dockerd        1436    nvme1n1 WSM  1623195656 8192      0.169
09:24:33.738 dockerd        1436    nvme1n1 WSM  1660944488 8192      0.173
09:24:33.738 dockerd        1436    nvme1n1 WSM  1707383280 4096      0.177
09:24:33.738 dockerd        1436    nvme1n1 WSM  1757413376 4096      0.178
09:24:33.738 dockerd        1436    nvme1n1 WSM  616578000  45056     0.210
09:24:33.739 dockerd        1436    nvme1n1 WS   617117144  4096      0.034
09:24:33.739 jbd2/nv        752     nvme1n1 WSM  878520248  57344     0.072
09:24:33.739 jbd2/nv        752     nvme1n1 WSM  878520360  4096      0.027
09:24:33.739 dockerd        1436    nvme1n1 WS   617117152  4096      0.029
09:24:33.739 jbd2/nv        752     nvme1n1 WSM  878520368  40960     0.059
09:24:33.739 jbd2/nv        752     nvme1n1 WSM  878520448  4096      0.028
09:24:33.739 dockerd        1436    nvme1n1 WS   617117160  4096      0.030
09:24:33.740 jbd2/nv        752     nvme1n1 WSM  878520456  40960     0.059
09:24:33.740 jbd2/nv        752     nvme1n1 WSM  878520536  4096      0.030
09:24:33.740 dockerd        1436    nvme1n1 WS   617117168  4096      0.028
09:24:33.740 jbd2/nv        752     nvme1n1 WSM  878520544  32768     0.056
09:24:33.740 jbd2/nv        752     nvme1n1 WSM  878520608  4096      0.027
09:24:33.740 contain        1195    nvme1n1 WS   1730873952 4096      0.038
09:24:33.740 contain        1195    nvme1n1 WS   1730874096 16384     0.047
09:24:33.740 contain        1195    nvme1n1 WS   1429520    4096      0.026
09:24:33.744 contain        1195    nvme1n1 WS   1730874064 4096      0.048
09:24:33.744 contain        1195    nvme1n1 WS   1730874080 8192      0.056
09:24:33.744 contain        1195    nvme1n1 WS   1730874128 8192      0.061
09:24:33.744 contain        1195    nvme1n1 WS   1730874160 4096      0.062
09:24:33.745 contain        1195    nvme1n1 WS   1429528    4096      0.027
09:24:33.746 contain        1195    nvme1n1 WS   311201600  4096      0.059
09:24:33.746 contain        1195    nvme1n1 WS   1725789816 4096      0.071
09:24:33.746 contain        1195    nvme1n1 WS   1725789848 4096      0.073
09:24:33.746 contain        1195    nvme1n1 WS   1725789872 4096      0.078
09:24:33.746 contain        1195    nvme1n1 WS   1725789888 4096      0.080
09:24:33.746 contain        1195    nvme1n1 WS   1725789928 8192      0.087
09:24:33.746 contain        1195    nvme1n1 WS   1707371880 4096      0.032
09:24:33.746 contain        1195    nvme1n1 WS   1725789792 4096      0.038
09:24:33.746 contain        1195    nvme1n1 WS   1725789912 4096      0.041
09:24:33.746 contain        1195    nvme1n1 WS   1725789944 20480     0.048
09:24:33.746 contain        1195    nvme1n1 WS   1707371888 4096      0.027
09:24:33.747 contain        1195    nvme1n1 WS   311201600  4096      0.032
09:24:33.747 contain        1195    nvme1n1 WS   1707371880 4096      0.027
09:24:33.867 nvme           2210704 Unknown N    -1         512       0.030
09:24:34.869 nvme           2210706 Unknown N    -1         512       0.074
09:24:35.871 nvme           2210708 Unknown N    -1         512       0.072
09:24:36.858 amoprof        2179165 nvme1n1 W    1578618936 4096      0.057
