TIMESTAMP    COMM           PID     DISK    T    SECTOR     BYTES   LAT(ms)
05:43:27.331 nvme           1842827 Unknown N    -1         512       0.034
05:43:28.063 dockerd        1436    nvme1n1 WS   1177136240 4096      0.054
05:43:28.063 jbd2/nv        752     nvme1n1 WSM  878574344  131072    0.150
05:43:28.063 jbd2/nv        752     nvme1n1 WSM  878574600  131072    0.192
05:43:28.063 jbd2/nv        752     nvme1n1 WSM  878574856  73728     0.216
05:43:28.063 jbd2/nv        752     nvme1n1 WSM  878575000  4096      0.028
05:43:28.063 dockerd        1436    nvme1n1 WS   1177136248 4096      0.030
05:43:28.063 jbd2/nv        752     nvme1n1 WSM  878575008  40960     0.059
05:43:28.063 jbd2/nv        752     nvme1n1 WSM  878575088  4096      0.027
05:43:28.093 contain        1195    nvme1n1 WS   1730873632 4096      0.057
05:43:28.093 contain        1195    nvme1n1 WS   1730873816 8192      0.065
05:43:28.093 contain        1195    nvme1n1 WS   1730874152 4096      0.066
05:43:28.093 contain        1195    nvme1n1 WS   1429520    4096      0.028
05:43:28.106 dockerd        1436    nvme1n1 WS   1757812072 4096      0.041
05:43:28.106 dockerd        1436    nvme1n1 WS   1757812104 12288     0.050
05:43:28.106 dockerd        1436    nvme1n1 WS   1323304    4096      0.027
05:43:28.109 contain        1195    nvme1n1 WS   1429528    4096      0.037
05:43:28.134 dockerd        1436    nvme1n1 WS   1757812064 4096      0.056
05:43:28.134 dockerd        1436    nvme1n1 WS   1757812080 12288     0.060
05:43:28.134 dockerd        1436    nvme1n1 WS   1323312    4096      0.029
05:43:28.135 dockerd        1436    nvme1n1 W    1177136256 4096      0.030
05:43:28.135 dockerd        1436    nvme1n1 WS   1323320    4096      0.034
05:43:28.135 dockerd        1436    nvme1n1 WS   1757812104 12288     0.042
05:43:28.135 dockerd        1436    nvme1n1 WS   1323304    4096      0.028
05:43:28.170 dockerd        1436    nvme1n1 WS   1757812064 4096      0.069
05:43:28.170 dockerd        1436    nvme1n1 WS   1757812080 12288     0.075
05:43:28.170 dockerd        1436    nvme1n1 WS   1323312    4096      0.032
05:43:28.171 dockerd        1436    nvme1n1 WS   1757812072 4096      0.042
05:43:28.171 dockerd        1436    nvme1n1 WS   1757812104 12288     0.045
05:43:28.171 dockerd        1436    nvme1n1 WS   1323304    4096      0.029
05:43:28.171 kworker        1790484 nvme1n1 W    1175080744 24576     0.053
05:43:28.171 kworker        1764183 nvme1n1 W    1177136216 4096      0.062
05:43:28.171 kworker        1764183 nvme1n1 W    608506296  4096      0.068
05:43:28.171 kworker        1764183 nvme1n1 W    1719341032 4096      0.070
05:43:28.171 kworker        1764183 nvme1n1 W    1719353304 4096      0.072
05:43:28.171 kworker        1764183 nvme1n1 W    608506304  4096      0.074
05:43:28.171 kworker        1817148 nvme1n1 W    1177157608 12288     0.054
05:43:28.171 kworker        1817148 nvme1n1 W    71753728   12288     0.061
05:43:28.172 kworker        1696237 nvme1n1 W    570788832  8192      0.111
05:43:28.172 kworker        1696237 nvme1n1 W    1719167776 8192      0.117
05:43:28.172 kworker        1696237 nvme1n1 W    1728627128 24576     0.130
05:43:28.172 kworker        1696237 nvme1n1 W    1728628520 20480     0.140
05:43:28.172 kworker        1696237 nvme1n1 W    1728663936 20480     0.153
05:43:28.172 kworker        1696237 nvme1n1 W    608513816  118784    0.225
05:43:28.172 kworker        1696237 nvme1n1 W    608518144  114688    0.298
05:43:28.172 kworker        1696237 nvme1n1 W    608518368  20480     0.308
05:43:28.172 kworker        1696237 nvme1n1 W    844471728  69632     0.349
05:43:28.172 kworker        1696237 nvme1n1 W    608518408  126976    0.429
05:43:28.172 kworker        1696237 nvme1n1 W    608518656  118784    0.507
05:43:28.172 kworker        1696237 nvme1n1 W    608518888  77824     0.556
05:43:28.173 kworker        1696237 nvme1n1 W    1579742440 131072    0.634
05:43:28.173 kworker        1696237 nvme1n1 W    1579742696 57344     0.670
05:43:28.173 kworker        1696237 nvme1n1 W    608519040  32768     0.689
05:43:28.173 kworker        1696237 nvme1n1 W    722069504  131072    0.768
05:43:28.173 kworker        1696237 nvme1n1 W    1757036056 4096      0.427
05:43:28.173 kworker        1696237 nvme1n1 W    1735507864 4096      0.426
05:43:28.173 kworker        1696237 nvme1n1 W    722069760  86016     0.487
05:43:28.173 kworker        1696237 nvme1n1 W    1569154544 73728     0.531
05:43:28.173 kworker        1696237 nvme1n1 W    608519104  45056     0.557
05:43:28.173 kworker        1696237 nvme1n1 W    844471864  69632     0.599
05:43:28.173 kworker        1696237 nvme1n1 W    1757089192 45056     0.626
05:43:28.173 kworker        1696237 nvme1n1 W    608519192  118784    0.698
05:43:28.173 kworker        1696237 nvme1n1 W    608519424  102400    0.150
05:43:28.173 kworker        1696237 nvme1n1 W    608519624  126976    0.227
05:43:28.173 kworker        1696237 nvme1n1 W    608519872  131072    0.319
05:43:28.173 kworker        1696237 nvme1n1 W    608520128  53248     0.352
05:43:28.174 kworker        1696237 nvme1n1 W    1579834856 131072    0.432
05:43:28.174 kworker        1696237 nvme1n1 W    1579835112 57344     0.467
05:43:28.174 kworker        1696237 nvme1n1 W    608520232  32768     0.487
05:43:28.174 kworker        1696237 nvme1n1 W    722069928  131072    0.562
05:43:28.174 kworker        1696237 nvme1n1 W    722070184  86016     0.615
05:43:28.174 kworker        1696237 nvme1n1 W    1569154688 73728     0.658
05:43:28.174 kworker        1696237 nvme1n1 W    608520296  49152     0.687
05:43:28.174 dockerd        1436    nvme1n1 WM   32         4096      0.598
05:43:28.174 dockerd        1436    nvme1n1 WM   440        4096      0.601
05:43:28.174 dockerd        1436    nvme1n1 WM   776        8192      0.605
05:43:28.174 dockerd        1436    nvme1n1 WM   50331680   8192      0.608
05:43:28.174 dockerd        1436    nvme1n1 WM   67108984   4096      0.609
05:43:28.174 dockerd        1436    nvme1n1 WM   71303296   4096      0.614
05:43:28.174 dockerd        1436    nvme1n1 WM   71303440   8192      0.615
05:43:28.174 dockerd        1436    nvme1n1 WM   461373704  4096      0.619
05:43:28.174 dockerd        1436    nvme1n1 WM   461373728  8192      0.626
05:43:28.174 dockerd        1436    nvme1n1 WM   461373776  4096      0.628
05:43:28.174 dockerd        1436    nvme1n1 WM   461373800  4096      0.633
05:43:28.174 dockerd        1436    nvme1n1 WM   461373816  4096      0.634
05:43:28.174 dockerd        1436    nvme1n1 WM   461373904  4096      0.646
05:43:28.174 dockerd        1436    nvme1n1 WM   591396872  4096      0.648
05:43:28.174 dockerd        1436    nvme1n1 WM   591663296  4096      0.649
05:43:28.174 dockerd        1436    nvme1n1 WM   591667272  4096      0.650
05:43:28.174 dockerd        1436    nvme1n1 WM   591668504  4096      0.651
05:43:28.174 dockerd        1436    nvme1n1 WM   591668768  4096      0.652
05:43:28.174 dockerd        1436    nvme1n1 WM   591669072  4096      0.653
05:43:28.174 dockerd        1436    nvme1n1 WM   591670072  4096      0.656
05:43:28.174 jbd2/nv        752     nvme1n1 WSM  878575096  131072    0.719
05:43:28.174 jbd2/nv        752     nvme1n1 WSM  878575352  126976    0.763
05:43:28.174 dockerd        1436    nvme1n1 WM   591672264  8192      0.103
05:43:28.174 dockerd        1436    nvme1n1 WM   591672784  4096      0.104
05:43:28.174 dockerd        1436    nvme1n1 WM   599785480  4096      0.110
05:43:28.174 dockerd        1436    nvme1n1 WM   608174216  4096      0.111
05:43:28.174 dockerd        1436    nvme1n1 WM   608174472  4096      0.112
05:43:28.174 dockerd        1436    nvme1n1 WM   721420296  4096      0.116
05:43:28.174 dockerd        1436    nvme1n1 WM   721420328  4096      0.117
05:43:28.174 dockerd        1436    nvme1n1 WM   721420352  4096      0.117
05:43:28.174 dockerd        1436    nvme1n1 WM   721727776  4096      0.129
05:43:28.174 dockerd        1436    nvme1n1 WM   721727896  4096      0.130
05:43:28.174 dockerd        1436    nvme1n1 WM   721729240  8192      0.134
05:43:28.174 dockerd        1436    nvme1n1 WM   843055136  4096      0.138
05:43:28.174 dockerd        1436    nvme1n1 WM   844110984  8192      0.142
05:43:28.174 dockerd        1436    nvme1n1 WM   844201904  8192      0.147
05:43:28.174 dockerd        1436    nvme1n1 WM   905969800  4096      0.152
05:43:28.174 dockerd        1436    nvme1n1 WM   905969920  4096      0.158
05:43:28.174 dockerd        1436    nvme1n1 WM   1519290024 4096      0.158
05:43:28.174 dockerd        1436    nvme1n1 WM   1568669768 4096      0.161
05:43:28.174 dockerd        1436    nvme1n1 WM   1589641320 4096      0.165
05:43:28.174 dockerd        1436    nvme1n1 WM   1631584360 8192      0.167
05:43:28.174 dockerd        1436    nvme1n1 WM   1635778568 8192      0.174
05:43:28.174 dockerd        1436    nvme1n1 WM   1635778672 8192      0.179
05:43:28.174 dockerd        1436    nvme1n1 WM   1639972888 4096      0.180
05:43:28.174 dockerd        1436    nvme1n1 WM   1702887504 4096      0.188
05:43:28.174 dockerd        1436    nvme1n1 WM   1707081736 4096      0.190
05:43:28.174 dockerd        1436    nvme1n1 WM   1707349784 4096      0.190
05:43:28.174 dockerd        1436    nvme1n1 WM   1707589104 4096      0.193
05:43:28.174 dockerd        1436    nvme1n1 WM   1728053272 4096      0.194
05:43:28.174 dockerd        1436    nvme1n1 WM   608179464  12288     0.214
05:43:28.174 dockerd        1436    nvme1n1 WM   905974256  20480     0.215
05:43:28.174 dockerd        1436    nvme1n1 WM   1623195688 12288     0.223
05:43:28.174 jbd2/nv        752     nvme1n1 WSM  878575600  4096      0.189
05:43:28.174 dockerd        1436    nvme1n1 WM   1732247584 4096      0.097
05:43:28.174 dockerd        1436    nvme1n1 WM   1732247640 4096      0.097
05:43:28.174 dockerd        1436    nvme1n1 WM   1735431872 4096      0.098
05:43:28.174 dockerd        1436    nvme1n1 WM   1735433528 4096      0.098
05:43:28.174 dockerd        1436    nvme1n1 WM   1736441944 4096      0.109
05:43:28.174 dockerd        1436    nvme1n1 WM   1736717296 4096      0.115
05:43:28.174 dockerd        1436    nvme1n1 WM   1756377616 8192      0.117
05:43:28.174 dockerd        1436    nvme1n1 WM   1756389856 4096      0.122
05:43:28.174 dockerd        1436    nvme1n1 WM   1756389872 8192      0.124
05:43:28.174 dockerd        1436    nvme1n1 WM   1756391376 4096      0.128
05:43:28.174 dockerd        1436    nvme1n1 WM   1756414208 4096      0.131
05:43:28.174 dockerd        1436    nvme1n1 WM   1756414920 4096      0.131
05:43:28.174 dockerd        1436    nvme1n1 WM   1756415536 4096      0.138
05:43:28.174 dockerd        1436    nvme1n1 WM   1756415576 4096      0.138
05:43:28.174 dockerd        1436    nvme1n1 WM   1756440536 4096      0.139
05:43:28.174 dockerd        1436    nvme1n1 WM   1756440728 4096      0.141
05:43:28.174 dockerd        1436    nvme1n1 WM   1756441880 4096      0.144
05:43:28.174 dockerd        1436    nvme1n1 WM   1756447096 4096      0.146
05:43:28.174 dockerd        1436    nvme1n1 WM   1756492360 8192      0.148
05:43:28.174 dockerd        1436    nvme1n1 WM   1756492424 8192      0.155
05:43:28.174 dockerd        1436    nvme1n1 WM   1756492512 4096      0.161
05:43:28.175 dockerd        1436    nvme1n1 WM   1756521416 4096      0.168
05:43:28.175 dockerd        1436    nvme1n1 WM   1756549584 4096      0.170
05:43:28.175 dockerd        1436    nvme1n1 WM   1756598720 4096      0.171
05:43:28.175 dockerd        1436    nvme1n1 WM   1756598896 4096      0.176
05:43:28.175 dockerd        1436    nvme1n1 WM   1756600208 4096      0.177
05:43:28.175 dockerd        1436    nvme1n1 WM   1756662752 8192      0.183
05:43:28.175 dockerd        1436    nvme1n1 WM   1756662776 4096      0.184
05:43:28.175 dockerd        1436    nvme1n1 WM   1756670512 4096      0.186
05:43:28.175 dockerd        1436    nvme1n1 WM   1756673768 4096      0.187
05:43:28.175 dockerd        1436    nvme1n1 WM   1756680688 4096      0.187
05:43:28.175 dockerd        1436    nvme1n1 WM   1756710624 4096      0.080
05:43:28.175 dockerd        1436    nvme1n1 WM   1756723464 4096      0.081
05:43:28.175 dockerd        1436    nvme1n1 WM   1756754864 4096      0.087
05:43:28.175 dockerd        1436    nvme1n1 WM   1756772912 4096      0.088
05:43:28.175 dockerd        1436    nvme1n1 WM   1756777344 4096      0.088
05:43:28.175 dockerd        1436    nvme1n1 WM   1756780488 4096      0.092
05:43:28.175 dockerd        1436    nvme1n1 WM   1756815816 4096      0.100
05:43:28.175 dockerd        1436    nvme1n1 WM   1756828080 4096      0.101
05:43:28.175 dockerd        1436    nvme1n1 WM   1756828104 4096      0.105
05:43:28.175 dockerd        1436    nvme1n1 WM   1756832752 4096      0.108
05:43:28.175 dockerd        1436    nvme1n1 WM   1756840384 4096      0.110
05:43:28.175 dockerd        1436    nvme1n1 WM   1756840408 4096      0.116
05:43:28.175 dockerd        1436    nvme1n1 WM   1756840440 4096      0.117
05:43:28.175 dockerd        1436    nvme1n1 WM   1756847224 4096      0.118
05:43:28.175 dockerd        1436    nvme1n1 WM   1756847288 4096      0.120
05:43:28.175 dockerd        1436    nvme1n1 WM   1756848088 4096      0.125
05:43:28.175 dockerd        1436    nvme1n1 WM   1756848544 8192      0.127
05:43:28.175 dockerd        1436    nvme1n1 WM   1756848608 4096      0.132
05:43:28.175 dockerd        1436    nvme1n1 WM   1756864904 4096      0.134
05:43:28.175 dockerd        1436    nvme1n1 WM   1756872656 4096      0.134
05:43:28.175 dockerd        1436    nvme1n1 WM   1756879608 4096      0.135
05:43:28.175 dockerd        1436    nvme1n1 WM   1756887008 8192      0.137
05:43:28.175 kworker        1696237 nvme1n1 WS   608502312  8192      0.108
05:43:28.175 jbd2/nv        752     nvme1n1 WSM  878575608  40960     0.066
05:43:28.175 jbd2/nv        752     nvme1n1 WSM  878575688  4096      0.028
05:43:28.175 dockerd        1436    nvme1n1 WSM  0          4096      0.095
05:43:28.175 dockerd        1436    nvme1n1 WSM  40         4096      0.096
05:43:28.175 dockerd        1436    nvme1n1 WSM  224        4096      0.101
05:43:28.175 dockerd        1436    nvme1n1 WSM  352        4096      0.100
05:43:28.175 dockerd        1436    nvme1n1 WSM  408        4096      0.102
05:43:28.175 dockerd        1436    nvme1n1 WSM  568        4096      0.105
05:43:28.175 dockerd        1436    nvme1n1 WSM  752        8192      0.108
05:43:28.175 dockerd        1436    nvme1n1 WSM  71303176   4096      0.109
05:43:28.175 dockerd        1436    nvme1n1 WSM  71303456   4096      0.121
05:43:28.175 dockerd        1436    nvme1n1 WSM  461373568  4096      0.122
05:43:28.175 dockerd        1436    nvme1n1 WSM  461373696  4096      0.126
05:43:28.175 dockerd        1436    nvme1n1 WSM  570425352  4096      0.127
05:43:28.175 dockerd        1436    nvme1n1 WSM  591672632  4096      0.130
05:43:28.175 dockerd        1436    nvme1n1 WSM  599785488  4096      0.136
05:43:28.175 dockerd        1436    nvme1n1 WSM  608174088  4096      0.137
05:43:28.175 dockerd        1436    nvme1n1 WSM  608174336  4096      0.139
05:43:28.175 dockerd        1436    nvme1n1 WSM  608174416  4096      0.143
05:43:28.175 dockerd        1436    nvme1n1 WSM  608179456  4096      0.142
05:43:28.175 dockerd        1436    nvme1n1 WSM  721420304  4096      0.144
05:43:28.175 dockerd        1436    nvme1n1 WSM  730174144  4096      0.149
05:43:28.175 dockerd        1436    nvme1n1 WSM  843055144  4096      0.152
05:43:28.175 dockerd        1436    nvme1n1 WSM  1174405136 4096      0.155
05:43:28.175 dockerd        1436    nvme1n1 WSM  1174405200 4096      0.167
05:43:28.175 dockerd        1436    nvme1n1 WSM  1484789216 4096      0.168
05:43:28.175 dockerd        1436    nvme1n1 WSM  1485401008 4096      0.170
05:43:28.175 dockerd        1436    nvme1n1 WSM  1485846592 4096      0.171
05:43:28.175 dockerd        1436    nvme1n1 WSM  1493172480 4096      0.172
05:43:28.175 dockerd        1436    nvme1n1 WSM  280        12288     0.192
05:43:28.175 dockerd        1436    nvme1n1 WSM  816        16384     0.194
05:43:28.175 dockerd        1436    nvme1n1 WSM  461374248  12288     0.202
05:43:28.175 dockerd        1436    nvme1n1 WSM  608179360  45056     0.221
05:43:28.175 dockerd        1436    nvme1n1 WSM  1493172504 4096      0.075
05:43:28.175 dockerd        1436    nvme1n1 WSM  1568669704 4096      0.078
05:43:28.175 dockerd        1436    nvme1n1 WSM  1572864128 4096      0.079
05:43:28.175 dockerd        1436    nvme1n1 WSM  1572864280 4096      0.084
05:43:28.175 dockerd        1436    nvme1n1 WSM  1577058384 4096      0.087
05:43:28.175 dockerd        1436    nvme1n1 WSM  1707081744 4096      0.088
05:43:28.175 dockerd        1436    nvme1n1 WSM  1707383280 4096      0.089
05:43:28.175 dockerd        1436    nvme1n1 WSM  1715470448 4096      0.096
05:43:28.175 dockerd        1436    nvme1n1 WSM  1728053264 4096      0.098
05:43:28.175 dockerd        1436    nvme1n1 WSM  1728881776 4096      0.099
05:43:28.175 dockerd        1436    nvme1n1 WSM  1753219184 4096      0.103
05:43:28.176 dockerd        1436    nvme1n1 WS   461774880  4096      0.034
05:43:28.176 jbd2/nv        752     nvme1n1 WSM  878575696  57344     0.074
05:43:28.176 jbd2/nv        752     nvme1n1 WSM  878575808  4096      0.028
05:43:28.176 dockerd        1436    nvme1n1 WS   461774888  4096      0.029
05:43:28.177 jbd2/nv        752     nvme1n1 WSM  878575816  45056     0.062
05:43:28.177 jbd2/nv        752     nvme1n1 WSM  878575904  4096      0.025
05:43:28.177 dockerd        1436    nvme1n1 WS   461774896  4096      0.030
05:43:28.177 jbd2/nv        752     nvme1n1 WSM  878575912  45056     0.064
05:43:28.177 jbd2/nv        752     nvme1n1 WSM  878576000  4096      0.027
05:43:28.177 dockerd        1436    nvme1n1 WS   461774904  4096      0.029
05:43:28.177 jbd2/nv        752     nvme1n1 WSM  878576008  32768     0.052
05:43:28.177 jbd2/nv        752     nvme1n1 WSM  878576072  4096      0.026
05:43:28.178 contain        1195    nvme1n1 WS   1730874024 4096      0.046
05:43:28.178 contain        1195    nvme1n1 WS   1730874040 8192      0.050
05:43:28.178 contain        1195    nvme1n1 WS   1730874104 8192      0.054
05:43:28.178 contain        1195    nvme1n1 WS   1429520    4096      0.026
05:43:28.182 contain        1195    nvme1n1 WS   1730873816 8192      0.049
05:43:28.182 contain        1195    nvme1n1 WS   1730873840 4096      0.057
05:43:28.182 contain        1195    nvme1n1 WS   1730873896 4096      0.061
05:43:28.182 contain        1195    nvme1n1 WS   1730874120 8192      0.062
05:43:28.182 contain        1195    nvme1n1 WS   1429528    4096      0.026
05:43:28.183 contain        1195    nvme1n1 WS   1725789792 4096      0.044
05:43:28.183 contain        1195    nvme1n1 WS   1725789864 8192      0.052
05:43:28.183 contain        1195    nvme1n1 WS   1725789952 16384     0.056
05:43:28.183 contain        1195    nvme1n1 WS   1707371880 4096      0.026
05:43:28.183 contain        1195    nvme1n1 WS   1725789816 8192      0.043
05:43:28.183 contain        1195    nvme1n1 WS   1725789888 4096      0.048
05:43:28.183 contain        1195    nvme1n1 WS   1725789984 4096      0.052
05:43:28.183 contain        1195    nvme1n1 WS   1725789928 12288     0.054
05:43:28.183 contain        1195    nvme1n1 WS   1707371888 4096      0.027
05:43:28.184 contain        1195    nvme1n1 WS   1725789792 4096      0.033
05:43:28.184 contain        1195    nvme1n1 WS   1707371880 4096      0.026
05:43:28.334 nvme           1842936 Unknown N    -1         512       0.027
05:43:29.336 nvme           1842951 Unknown N    -1         512       0.035
05:43:29.441 kworker        1764183 nvme0n1 W    7337984    4096      0.598
05:43:29.441 kworker        1696237 nvme0n1 W    38455704   16384     0.929
05:43:29.441 kworker        1696237 nvme0n1 W    36484680   8192      0.988
05:43:29.441 kworker        1764183 nvme0n1 W    8128648    4096      0.829
05:43:29.441 kworker        1764183 nvme0n1 W    8128528    4096      0.891
05:43:29.441 kworker        1764183 nvme0n1 W    8128704    4096      0.891
05:43:29.441 kworker        1764183 nvme0n1 W    8128760    16384     1.012
05:43:29.442 kworker        1764183 nvme0n1 W    36228352   131072    1.866
05:43:29.443 kworker        1764183 nvme0n1 W    8130040    262144    2.266
05:43:29.443 kworker        1764183 nvme0n1 W    8130552    262144    2.398
05:43:29.444 kworker        1764183 nvme0n1 W    8131064    262144    2.409
05:43:29.444 kworker        1764183 nvme0n1 W    8129528    262144    2.509
05:43:29.444 kworker        1764183 nvme0n1 W    8129016    262144    3.083
05:43:29.444 kworker        1764183 nvme0n1 W    8131576    262144    2.963
05:43:29.445 kworker        1764183 nvme0n1 W    8132088    262144    2.716
05:43:29.445 kworker        1764183 nvme0n1 W    8132600    262144    3.144
05:43:29.446 kworker        1764183 nvme0n1 W    8133624    262144    2.345
05:43:29.446 kworker        1764183 nvme0n1 W    8134136    262144    2.356
05:43:29.446 kworker        1764183 nvme0n1 W    8134648    262144    2.717
05:43:29.446 kworker        1764183 nvme0n1 W    8133112    262144    2.916
05:43:29.447 kworker        1764183 nvme0n1 W    8135160    262144    2.490
05:43:29.447 kworker        1764183 nvme0n1 W    8137208    131072    1.652
05:43:29.447 kworker        1764183 nvme0n1 W    8135672    262144    2.834
05:43:29.447 kworker        1764183 nvme0n1 W    8142456    65536     0.781
05:43:29.447 kworker        1764183 nvme0n1 W    8137976    131072    1.414
05:43:29.448 kworker        1764183 nvme0n1 W    8143448    4096      0.906
05:43:29.448 kworker        1764183 nvme0n1 W    8136440    262144    2.912
05:43:29.448 kworker        1764183 nvme0n1 W    8143736    65536     0.971
05:43:29.449 kworker        1764183 nvme0n1 W    8141816    131072    2.107
05:43:29.449 kworker        1764183 nvme0n1 W    8141048    262144    2.836
05:43:29.449 kworker        1764183 nvme0n1 W    36017536   65536     1.346
05:43:29.449 kworker        1764183 nvme0n1 W    8144376    131072    2.155
05:43:29.450 kworker        1764183 nvme0n1 W    36019712   65536     1.337
05:43:29.450 kworker        1764183 nvme0n1 W    36017920   131072    2.092
05:43:29.450 kworker        1764183 nvme0n1 W    8142840    262144    3.414
05:43:29.450 kworker        1764183 nvme0n1 W    36020992   131072    2.081
05:43:29.450 kworker        1764183 nvme0n1 W    36023392   16384     0.909
05:43:29.451 kworker        1764183 nvme0n1 W    36021760   131072    1.854
05:43:29.451 kworker        1764183 nvme0n1 W    36023456   16384     1.218
05:43:29.451 kworker        1764183 nvme0n1 W    36022272   131072    1.906
05:43:29.451 kworker        1764183 nvme0n1 W    36025120   4096      1.097
05:43:29.451 kworker        1764183 nvme0n1 W    36025376   16384     0.616
05:43:29.452 kworker        1764183 nvme0n1 W    36025600   65536     1.733
05:43:29.452 kworker        1764183 nvme0n1 W    36026368   131072    1.463
05:43:29.453 kworker        1764183 nvme0n1 W    36026880   131072    1.880
05:43:29.453 kworker        1764183 nvme0n1 W    36027904   131072    1.932
05:43:29.453 kworker        1764183 nvme0n1 W    36161568   4096      1.054
05:43:29.453 kworker        1764183 nvme0n1 W    36023808   262144    3.454
05:43:29.454 kworker        1764183 nvme0n1 W    36025856   262144    3.162
05:43:29.454 kworker        1764183 nvme0n1 W    36029952   131072    1.472
05:43:29.454 kworker        1764183 nvme0n1 W    36028416   262144    2.982
05:43:29.454 kworker        1764183 nvme0n1 W    36164768   16384     0.773
05:43:29.455 kworker        1764183 nvme0n1 W    36028928   262144    2.595
05:43:29.455 kworker        1764183 nvme0n1 W    36164832   16384     1.339
05:43:29.455 kworker        1764183 nvme0n1 W    36162048   65536     1.995
05:43:29.455 kworker        1764183 nvme0n1 W    36162816   131072    1.996
05:43:29.455 kworker        1764183 nvme0n1 W    36165248   65536     1.037
05:43:29.456 kworker        1764183 nvme0n1 W    36167104   32768     0.601
05:43:29.456 kworker        1764183 nvme0n1 W    36167992   4096      0.787
05:43:29.456 kworker        1764183 nvme0n1 W    36163584   262144    2.910
05:43:29.457 kworker        1764183 nvme0n1 W    36168928   16384     1.154
05:43:29.457 kworker        1764183 nvme0n1 W    36164096   262144    3.522
05:43:29.457 kworker        1764183 nvme0n1 W    36167552   65536     1.793
05:43:29.457 kworker        1764183 nvme0n1 W    36168384   32768     1.341
05:43:29.457 kworker        1764183 nvme0n1 W    36166656   131072    2.167
05:43:29.457 kworker        1764183 nvme0n1 W    36169768   4096      1.044
05:43:29.457 kworker        1764183 nvme0n1 W    36169888   4096      0.353
05:43:29.458 kworker        1764183 nvme0n1 W    36165632   262144    3.152
05:43:29.458 kworker        1764183 nvme0n1 W    36169816   4096      1.083
05:43:29.458 kworker        1764183 nvme0n1 W    36173984   16384     1.001
05:43:29.459 kworker        1764183 nvme0n1 W    36172288   131072    1.776
05:43:29.459 kworker        1764183 nvme0n1 W    36170752   131072    2.186
05:43:29.459 kworker        1764183 nvme0n1 W    36174464   65536     1.391
05:43:29.460 kworker        1764183 nvme0n1 W    36169216   262144    3.350
05:43:29.460 kworker        1764183 nvme0n1 W    36177024   16384     0.630
05:43:29.460 kworker        1764183 nvme0n1 W    36173568   131072    2.395
05:43:29.460 kworker        1764183 nvme0n1 W    36177152   16384     0.534
05:43:29.460 kworker        1764183 nvme0n1 W    36173056   262144    2.891
05:43:29.461 kworker        1764183 nvme0n1 W    36308992   4096      0.887
05:43:29.461 kworker        1764183 nvme0n1 W    36309040   4096      0.549
05:43:29.461 kworker        1764183 nvme0n1 W    36175168   229376    2.762
05:43:29.461 kworker        1764183 nvme0n1 W    36177280   65536     1.660
05:43:29.461 kworker        1764183 nvme0n1 W    36309088   4096      1.172
05:43:29.462 kworker        1764183 nvme0n1 W    36309240   4096      1.033
05:43:29.462 kworker        1764183 nvme0n1 W    36309184   4096      1.036
05:43:29.462 kworker        1764183 nvme0n1 W    36309136   4096      1.098
05:43:29.462 kworker        1764183 nvme0n1 W    36309288   4096      1.096
05:43:29.462 kworker        1764183 nvme0n1 W    36176384   262144    3.350
05:43:29.462 kworker        1764183 nvme0n1 W    36177536   196608    2.761
05:43:29.463 kworker        1764183 nvme0n1 W    36309384   4096      1.037
05:43:29.463 kworker        1764183 nvme0n1 W    36309336   4096      1.040
05:43:29.463 kworker        1764183 nvme0n1 W    36310448   4096      0.522
05:43:29.464 kworker        1764183 nvme0n1 W    36310592   4096      1.026
05:43:29.464 kworker        1764183 nvme0n1 W    36310744   4096      1.028
05:43:29.464 kworker        1764183 nvme0n1 W    36310888   4096      1.029
05:43:29.464 kworker        1764183 nvme0n1 W    36310296   4096      1.033
05:43:29.465 kworker        1764183 nvme0n1 W    36309888   196608    2.657
05:43:29.465 kworker        1764183 nvme0n1 W    36311040   4096      0.955
05:43:29.466 kworker        1764183 nvme0n1 W    36315744   4096      0.659
05:43:29.466 kworker        1764183 nvme0n1 W    36313088   131072    1.656
05:43:29.466 kworker        1764183 nvme0n1 W    36314112   131072    1.655
05:43:29.466 kworker        1764183 nvme0n1 W    36315136   131072    1.773
05:43:29.466 kworker        1764183 nvme0n1 W    36311808   131072    2.072
05:43:29.466 kworker        1764183 nvme0n1 W    36315792   40960     1.344
05:43:29.466 kworker        1764183 nvme0n1 W    36317688   4096      0.708
05:43:29.467 kworker        1764183 nvme0n1 W    36316032   131072    1.729
05:43:29.467 kworker        1764183 nvme0n1 W    36318784   16384     1.080
05:43:29.467 kworker        1764183 nvme0n1 W    36317856   16384     1.084
05:43:29.467 kworker        1764183 nvme0n1 W    36317184   131072    2.026
05:43:29.467 kworker        1764183 nvme0n1 W    36320328   4096      0.887
05:43:29.467 kworker        1764183 nvme0n1 W    36320000   131072    1.321
05:43:29.468 kworker        1764183 nvme0n1 W    36320280   4096      1.198
05:43:29.468 kworker        1764183 nvme0n1 W    36320544   4096      1.071
05:43:29.468 kworker        1764183 nvme0n1 W    36320432   4096      1.074
05:43:29.468 kworker        1764183 nvme0n1 W    36320376   4096      1.197
05:43:29.468 kworker        1764183 nvme0n1 W    36320888   4096      1.038
05:43:29.469 kworker        1764183 nvme0n1 W    36320904   4096      0.901
05:43:29.469 kworker        1764183 nvme0n1 W    36320704   32768     1.286
05:43:29.469 kworker        1764183 nvme0n1 W    36322392   8192      0.778
05:43:29.469 kworker        1764183 nvme0n1 W    36321792   131072    1.235
05:43:29.469 kworker        1764183 nvme0n1 W    36319488   262144    3.201
05:43:29.469 kworker        1764183 nvme0n1 W    36323072   16384     1.032
05:43:29.470 kworker        1764183 nvme0n1 W    36322848   4096      1.160
05:43:29.470 kworker        1764183 nvme0n1 W    36323608   4096      0.911
05:43:29.470 kworker        1764183 nvme0n1 W    36227072   4096      0.726
05:43:29.470 kworker        1764183 nvme0n1 W    36323968   65536     1.529
05:43:29.470 kworker        1764183 nvme0n1 W    36227456   65536     0.798
05:43:29.471 kworker        1764183 nvme0n1 W    36321280   262144    3.143
05:43:29.471 kworker        1764183 nvme0n1 W    36227968   65536     1.420
05:43:29.472 kworker        1764183 nvme0n1 W    36324608   262144    3.289
05:43:30.145 python3        1784369 nvme1n1 WS   1624944640 131072    0.189
05:43:30.145 python3        1784369 nvme1n1 WS   1624944896 131072    0.248
05:43:30.145 python3        1784369 nvme1n1 WS   1624945152 131072    0.374
05:43:30.145 python3        1784369 nvme1n1 WS   1624945408 131072    0.408
05:43:30.145 python3        1784369 nvme1n1 WS   1624945664 131072    0.515
05:43:30.145 python3        1784369 nvme1n1 WS   1624945920 131072    0.571
05:43:30.145 python3        1784369 nvme1n1 WS   1624946176 131072    0.648
05:43:30.145 python3        1784369 nvme1n1 WS   1624948736 131072    0.739
05:43:30.146 python3        1784369 nvme1n1 WS   1624948992 131072    0.815
05:43:30.146 python3        1784369 nvme1n1 WS   1624949248 131072    0.886
05:43:30.146 python3        1784367 nvme1n1 WS   1624952832 131072    0.979
05:43:30.146 python3        1784367 nvme1n1 WS   1624953088 131072    1.051
05:43:30.146 python3        1784369 nvme1n1 WS   1624949504 131072    1.134
05:43:30.146 python3        1784369 nvme1n1 WS   1624949760 131072    1.212
05:43:30.146 python3        1784369 nvme1n1 WS   1624950016 131072    1.293
05:43:30.146 python3        1784367 nvme1n1 WS   1624953344 131072    1.384
05:43:30.146 python3        1784367 nvme1n1 WS   1624953600 131072    1.463
05:43:30.146 python3        1784367 nvme1n1 WS   1624953856 131072    1.543
05:43:30.146 python3        1784367 nvme1n1 WS   1624954112 131072    1.624
05:43:30.146 python3        1784367 nvme1n1 WS   1624954368 131072    1.704
05:43:30.147 python3        1784369 nvme1n1 WS   1624946432 131072    1.848
05:43:30.147 python3        1784369 nvme1n1 WS   1624946688 131072    1.878
05:43:30.147 python3        1784369 nvme1n1 WS   1624946944 131072    1.962
05:43:30.147 python3        1784369 nvme1n1 WS   1624947200 131072    2.044
05:43:30.147 python3        1784369 nvme1n1 WS   1624950272 131072    2.123
05:43:30.147 python3        1784369 nvme1n1 WS   1624947456 131072    2.199
05:43:30.147 python3        1784369 nvme1n1 WS   1624947712 131072    2.282
05:43:30.147 python3        1784369 nvme1n1 WS   1624947968 131072    2.351
05:43:30.147 python3        1784369 nvme1n1 WS   1624948224 131072    2.428
05:43:30.147 python3        1784367 nvme1n1 WS   1624954624 131072    2.514
05:43:30.147 python3        1784367 nvme1n1 WS   1624954880 131072    2.576
05:43:30.147 python3        1784367 nvme1n1 WS   1624955136 131072    2.653
05:43:30.148 python3        1784367 nvme1n1 WS   1624955392 131072    2.725
05:43:30.148 python3        1784367 nvme1n1 WS   1624955648 131072    2.799
05:43:30.148 python3        1784367 nvme1n1 WS   1624955904 131072    2.873
05:43:30.148 python3        1784367 nvme1n1 WS   1624956160 131072    2.947
05:43:30.148 python3        1784367 nvme1n1 WS   1624956416 45056     2.973
05:43:30.148 python3        1784368 nvme1n1 WS   51683328   131072    3.072
05:43:30.148 python3        1784368 nvme1n1 WS   51683584   131072    3.138
05:43:30.148 python3        1784368 nvme1n1 WS   51683840   131072    3.216
05:43:30.148 python3        1784368 nvme1n1 WS   51684096   131072    3.291
05:43:30.148 python3        1784368 nvme1n1 WS   51684352   131072    3.368
05:43:30.148 python3        1784368 nvme1n1 WS   51684608   131072    3.446
05:43:30.148 python3        1784368 nvme1n1 WS   51684864   131072    3.523
05:43:30.148 python3        1784369 nvme1n1 WS   1624950528 131072    3.621
05:43:30.148 python3        1784369 nvme1n1 WS   1624950784 131072    3.693
05:43:30.149 python3        1784369 nvme1n1 WS   1624951040 131072    3.767
05:43:30.149 python3        1784369 nvme1n1 WS   1624951296 131072    3.839
05:43:30.149 python3        1784369 nvme1n1 WS   1624951552 131072    3.915
05:43:30.149 python3        1784369 nvme1n1 WS   1624951808 131072    3.991
05:43:30.149 python3        1784369 nvme1n1 WS   1624952064 131072    4.069
05:43:30.149 python3        1784369 nvme1n1 WS   1624952320 45056     4.093
05:43:30.149 python3        1784366 nvme1n1 WS   1624956928 131072    4.207
05:43:30.149 python3        1784366 nvme1n1 WS   1624957184 131072    4.279
05:43:30.149 python3        1784366 nvme1n1 WS   1624957440 131072    4.355
05:43:30.149 python3        1784366 nvme1n1 WS   1624957696 131072    4.429
05:43:30.149 python3        1784366 nvme1n1 WS   1624957952 131072    4.504
05:43:30.149 python3        1784366 nvme1n1 WS   1624958208 131072    4.582
05:43:30.149 python3        1784366 nvme1n1 WS   1624958464 131072    4.657
05:43:30.150 python3        1784369 nvme1n1 WS   1624948480 131072    4.757
05:43:30.150 python3        1784369 nvme1n1 WS   1625067520 131072    4.833
05:43:30.150 python3        1784369 nvme1n1 WS   1625067776 131072    4.909
05:43:30.150 python3        1784368 nvme1n1 WS   1624961024 131072    5.005
05:43:30.150 python3        1784368 nvme1n1 WS   1624961280 131072    5.072
05:43:30.150 python3        1784368 nvme1n1 WS   1624961536 131072    5.145
05:43:30.150 python3        1784368 nvme1n1 WS   1624961792 131072    5.224
05:43:30.150 python3        1784368 nvme1n1 WS   1624962048 131072    5.301
05:43:30.150 python3        1784368 nvme1n1 WS   1624962304 131072    5.377
05:43:30.150 python3        1784368 nvme1n1 WS   1624962560 131072    5.453
05:43:30.150 python3        1784366 nvme1n1 WS   1624965120 131072    5.587
05:43:30.150 python3        1784366 nvme1n1 WS   1624965376 131072    5.614
05:43:30.151 python3        1784366 nvme1n1 WS   1624965632 131072    5.687
05:43:30.151 python3        1784366 nvme1n1 WS   1624965888 131072    5.764
05:43:30.151 python3        1784366 nvme1n1 WS   1624966144 131072    5.842
05:43:30.151 python3        1784366 nvme1n1 WS   1624966400 131072    5.916
05:43:30.151 python3        1784366 nvme1n1 WS   1624966656 131072    5.992
05:43:30.151 python3        1784366 nvme1n1 WS   1624966912 131072    6.056
05:43:30.151 python3        1784366 nvme1n1 WS   1624967168 131072    6.129
05:43:30.151 python3        1784366 nvme1n1 WS   1624967424 131072    6.207
05:43:30.151 python3        1784366 nvme1n1 WS   1624967680 131072    6.283
05:43:30.151 python3        1784366 nvme1n1 WS   1624967936 131072    6.361
05:43:30.151 python3        1784366 nvme1n1 WS   1624968192 131072    6.438
05:43:30.151 python3        1784366 nvme1n1 WS   1624968448 131072    6.518
05:43:30.151 python3        1784366 nvme1n1 WS   1624968704 45056     6.542
05:43:30.152 python3        1784368 nvme1n1 WS   51685120   131072    6.666
05:43:30.152 python3        1784368 nvme1n1 WS   51685376   131072    6.741
05:43:30.152 python3        1784368 nvme1n1 WS   51685632   131072    6.846
05:43:30.152 python3        1784368 nvme1n1 WS   51685888   131072    6.924
05:43:30.152 python3        1784368 nvme1n1 WS   51686144   131072    7.001
05:43:30.152 python3        1784368 nvme1n1 WS   51686400   131072    7.077
05:43:30.152 python3        1784368 nvme1n1 WS   51686656   131072    7.157
05:43:30.152 python3        1784368 nvme1n1 WS   51686912   131072    7.233
05:43:30.152 python3        1784368 nvme1n1 WS   51687168   131072    7.299
05:43:30.152 python3        1784368 nvme1n1 WS   51687424   131072    7.375
05:43:30.152 python3        1784368 nvme1n1 WS   51687680   131072    7.451
05:43:30.152 python3        1784366 nvme1n1 WS   1624958720 131072    7.564
05:43:30.152 python3        1784366 nvme1n1 WS   1624958976 131072    7.642
05:43:30.153 python3        1784366 nvme1n1 WS   1624959232 131072    7.725
05:43:30.153 python3        1784366 nvme1n1 WS   1624959488 131072    7.791
05:43:30.153 python3        1784366 nvme1n1 WS   1624959744 131072    7.866
05:43:30.153 python3        1784366 nvme1n1 WS   1624960000 131072    7.942
05:43:30.153 python3        1784366 nvme1n1 WS   1624960256 131072    8.018
05:43:30.153 python3        1784366 nvme1n1 WS   1624960512 131072    8.095
05:43:30.153 python3        1784366 nvme1n1 WS   1624960768 131072    8.157
05:43:30.153 python3        1784366 nvme1n1 WS   1624973312 131072    8.235
05:43:30.153 python3        1784366 nvme1n1 WS   1624973568 131072    8.317
05:43:30.153 python3        1784368 nvme1n1 WS   1624962816 131072    8.433
05:43:30.153 python3        1784368 nvme1n1 WS   1624963072 131072    8.505
05:43:30.153 python3        1784368 nvme1n1 WS   1624963328 131072    8.583
05:43:30.154 python3        1784368 nvme1n1 WS   1624963584 131072    8.660
05:43:30.154 python3        1784368 nvme1n1 WS   1624963840 131072    8.737
05:43:30.154 python3        1784368 nvme1n1 WS   1624964096 131072    8.813
05:43:30.154 python3        1784368 nvme1n1 WS   1624964352 131072    8.889
05:43:30.154 python3        1784368 nvme1n1 WS   1624964608 45056     8.912
05:43:30.154 python3        1784367 nvme1n1 WS   1624969216 131072    8.988
05:43:30.154 python3        1784367 nvme1n1 WS   1624969472 131072    9.069
05:43:30.154 python3        1784367 nvme1n1 WS   1624969728 131072    9.136
05:43:30.154 python3        1784367 nvme1n1 WS   1624969984 131072    9.214
05:43:30.154 python3        1784367 nvme1n1 WS   1624970240 131072    9.295
05:43:30.154 python3        1784367 nvme1n1 WS   1624970496 131072    9.370
05:43:30.154 python3        1784367 nvme1n1 WS   1624970752 131072    9.449
05:43:30.154 python3        1784367 nvme1n1 WS   1624971008 131072    9.510
05:43:30.155 python3        1784367 nvme1n1 WS   1624971264 131072    9.589
05:43:30.155 python3        1784367 nvme1n1 WS   1624971520 131072    9.666
05:43:30.155 python3        1784367 nvme1n1 WS   1624971776 131072    9.748
05:43:30.155 python3        1784367 nvme1n1 WS   1624972032 131072    9.829
05:43:30.155 python3        1784367 nvme1n1 WS   1624972288 131072    9.906
05:43:30.155 python3        1784367 nvme1n1 WS   1624972544 131072    9.982
05:43:30.155 python3        1784367 nvme1n1 WS   1624972800 131072   10.061
05:43:30.155 python3        1784367 nvme1n1 WS   1624973056 131072   10.103
05:43:30.155 python3        1784367 nvme1n1 WS   1624977408 131072   10.180
05:43:30.155 python3        1784367 nvme1n1 WS   1624977664 131072   10.262
05:43:30.339 nvme           1842955 Unknown N    -1         512       0.045
05:43:30.881 ib_log_        125934  nvme1n1 WS   21243848   4096      0.054
05:43:31.325 ib_pg_f        125934  nvme1n1 WS   1737244672 32768     0.081
05:43:31.325 ib_pg_f        125934  nvme1n1 WS   1730410816 16384     0.050
05:43:31.325 ib_pg_f        125934  nvme1n1 WS   1556364032 16384     0.051
05:43:31.341 nvme           1842960 Unknown N    -1         512       0.032
05:43:32.046 ib_log_        125934  nvme1n1 WS   21242704   4096      0.051
05:43:32.343 nvme           1842973 Unknown N    -1         512       0.037
05:43:32.679 ib_log_        125932  nvme1n1 WS   1756076584 4096      0.052
05:43:32.679 connect        125932  nvme1n1 WS   844577688  4096      0.038
05:43:32.679 jbd2/nv        752     nvme1n1 WSM  878576080  131072    0.142
05:43:32.679 jbd2/nv        752     nvme1n1 WSM  878576336  98304     0.165
05:43:32.679 jbd2/nv        752     nvme1n1 WSM  878576528  4096      0.027
05:43:32.680 ib_log_        125932  nvme1n1 WS   1756076584 4096      0.028
05:43:32.762 ib_log_        125932  nvme1n1 WS   1756076584 4096      0.036
05:43:32.762 ib_log_        125932  nvme1n1 WS   1756076584 4096      0.030
05:43:32.871 ib_log_        125932  nvme1n1 WS   1756076584 4096      0.039
05:43:32.911 contain        1195    nvme1n1 WS   1730873992 4096      0.059
05:43:32.911 contain        1195    nvme1n1 WS   1730874032 4096      0.067
05:43:32.911 contain        1195    nvme1n1 WS   1730874048 4096      0.068
05:43:32.911 contain        1195    nvme1n1 WS   1730874104 8192      0.067
05:43:32.911 contain        1195    nvme1n1 WS   1429520    4096      0.029
05:43:32.911 contain        1195    nvme1n1 WS   1730873888 8192      0.051
05:43:32.911 contain        1195    nvme1n1 WS   1730874040 4096      0.060
05:43:32.911 contain        1195    nvme1n1 WS   1730874120 8192      0.061
05:43:32.911 contain        1195    nvme1n1 WS   1429528    4096      0.028
05:43:32.912 contain        1195    nvme1n1 WS   1725789864 4096      0.045
05:43:32.912 contain        1195    nvme1n1 WS   1725789912 4096      0.054
05:43:32.912 contain        1195    nvme1n1 WS   1725789952 20480     0.058
05:43:32.912 contain        1195    nvme1n1 WS   1707371888 4096      0.031
05:43:32.912 contain        1195    nvme1n1 WS   1730873824 4096      0.065
05:43:32.912 contain        1195    nvme1n1 WS   1730873840 4096      0.078
05:43:32.912 contain        1195    nvme1n1 WS   1730874048 4096      0.089
05:43:32.912 contain        1195    nvme1n1 WS   1730874104 8192      0.090
05:43:32.912 contain        1195    nvme1n1 WS   1730874144 8192      0.093
05:43:32.912 contain        1195    nvme1n1 WS   1730874168 4096      0.095
05:43:32.912 contain        1195    nvme1n1 WS   1730874192 4096      0.096
05:43:32.912 contain        1195    nvme1n1 WS   1730874208 8192      0.098
05:43:32.912 contain        1195    nvme1n1 WS   1730874240 12288     0.101
05:43:32.912 contain        1195    nvme1n1 WS   1429520    4096      0.027
05:43:32.913 kworker        1696237 nvme1n1 W    1175080784 8192      0.040
05:43:32.914 kworker        1790484 nvme1n1 W    608502320  4096      0.056
05:43:32.914 kworker        1790484 nvme1n1 W    570788840  4096      0.059
05:43:32.914 kworker        1790484 nvme1n1 W    1735440312 4096      0.061
05:43:32.914 kworker        1790484 nvme1n1 W    1735441400 4096      0.067
05:43:32.914 kworker        1790484 nvme1n1 W    1757089272 4096      0.070
05:43:32.914 kworker        1790484 nvme1n1 W    608493832  98304     0.134
05:43:32.914 kworker        1790484 nvme1n1 W    1757040640 49152     0.159
05:43:32.914 jbd2/nv        752     nvme1n1 WSM  878576536  131072    0.146
05:43:32.914 jbd2/nv        752     nvme1n1 WSM  878576792  20480     0.162
05:43:32.914 dockerd        1436    nvme1n1 WM   32         4096      0.146
05:43:32.914 dockerd        1436    nvme1n1 WM   224        4096      0.159
05:43:32.914 dockerd        1436    nvme1n1 WM   440        4096      0.161
05:43:32.914 dockerd        1436    nvme1n1 WM   776        4096      0.162
05:43:32.914 dockerd        1436    nvme1n1 WM   50331688   4096      0.174
05:43:32.914 dockerd        1436    nvme1n1 WM   461373448  4096      0.174
05:43:32.914 dockerd        1436    nvme1n1 WM   461373568  4096      0.175
05:43:32.914 dockerd        1436    nvme1n1 WM   461373696  8192      0.178
05:43:32.914 dockerd        1436    nvme1n1 WM   461373768  4096      0.180
05:43:32.914 dockerd        1436    nvme1n1 WM   461373792  8192      0.184
05:43:32.914 dockerd        1436    nvme1n1 WM   461373888  4096      0.186
05:43:32.914 dockerd        1436    nvme1n1 WM   599785488  4096      0.191
05:43:32.914 dockerd        1436    nvme1n1 WM   905969800  4096      0.192
05:43:32.914 dockerd        1436    nvme1n1 WM   905969920  4096      0.196
05:43:32.914 dockerd        1436    nvme1n1 WM   905974288  4096      0.197
05:43:32.914 dockerd        1436    nvme1n1 WM   1174405200 4096      0.198
05:43:32.914 dockerd        1436    nvme1n1 WM   1623195696 8192      0.200
05:43:32.914 dockerd        1436    nvme1n1 WM   1705582584 4096      0.203
05:43:32.914 dockerd        1436    nvme1n1 WM   1707589104 4096      0.203
05:43:32.914 dockerd        1436    nvme1n1 WM   1756414200 4096      0.204
05:43:32.914 dockerd        1436    nvme1n1 WM   1756600208 4096      0.204
05:43:32.914 dockerd        1436    nvme1n1 WM   1756710648 4096      0.209
05:43:32.914 dockerd        1436    nvme1n1 WM   1756772336 4096      0.210
05:43:32.914 dockerd        1436    nvme1n1 WM   1756778160 4096      0.210
05:43:32.914 dockerd        1436    nvme1n1 WM   1756864896 4096      0.211
05:43:32.914 dockerd        1436    nvme1n1 WM   1756866296 4096      0.213
05:43:32.914 dockerd        1436    nvme1n1 WM   1756866688 4096      0.214
05:43:32.914 dockerd        1436    nvme1n1 WM   71303440   12288     0.229
05:43:32.914 dockerd        1436    nvme1n1 WM   461374248  12288     0.229
05:43:32.914 jbd2/nv        752     nvme1n1 WSM  878576832  4096      0.086
05:43:32.914 jbd2/nv        752     nvme1n1 WSM  878576840  24576     0.046
05:43:32.914 jbd2/nv        752     nvme1n1 WSM  878576888  4096      0.029
05:43:32.914 dockerd        1436    nvme1n1 WSM  0          4096      0.093
05:43:32.914 dockerd        1436    nvme1n1 WSM  40         4096      0.100
05:43:32.914 dockerd        1436    nvme1n1 WSM  152        4096      0.109
05:43:32.914 dockerd        1436    nvme1n1 WSM  288        8192      0.111
05:43:32.914 dockerd        1436    nvme1n1 WSM  568        4096      0.115
05:43:32.914 dockerd        1436    nvme1n1 WSM  832        8192      0.116
05:43:32.914 dockerd        1436    nvme1n1 WSM  71303296   4096      0.121
05:43:32.914 dockerd        1436    nvme1n1 WSM  71303424   8192      0.122
05:43:32.914 dockerd        1436    nvme1n1 WSM  310378504  4096      0.130
05:43:32.914 dockerd        1436    nvme1n1 WSM  310802416  4096      0.134
05:43:32.914 dockerd        1436    nvme1n1 WSM  310872760  4096      0.139
05:43:32.914 dockerd        1436    nvme1n1 WSM  310881784  4096      0.143
05:43:32.914 dockerd        1436    nvme1n1 WSM  461373808  4096      0.146
05:43:32.914 dockerd        1436    nvme1n1 WSM  591396872  4096      0.155
05:43:32.914 dockerd        1436    nvme1n1 WSM  591663848  4096      0.156
05:43:32.914 dockerd        1436    nvme1n1 WSM  591664888  4096      0.162
05:43:32.914 dockerd        1436    nvme1n1 WSM  591667576  4096      0.168
05:43:32.914 dockerd        1436    nvme1n1 WSM  591669240  4096      0.172
05:43:32.914 dockerd        1436    nvme1n1 WSM  591669392  4096      0.178
05:43:32.914 dockerd        1436    nvme1n1 WSM  608174088  4096      0.179
05:43:32.914 dockerd        1436    nvme1n1 WSM  608174416  4096      0.186
05:43:32.914 dockerd        1436    nvme1n1 WSM  608174504  4096      0.188
05:43:32.914 dockerd        1436    nvme1n1 WSM  730174144  4096      0.189
05:43:32.914 dockerd        1436    nvme1n1 WSM  730192312  4096      0.193
05:43:32.914 dockerd        1436    nvme1n1 WSM  1174405136 4096      0.194
05:43:32.914 dockerd        1436    nvme1n1 WSM  1484789216 4096      0.195
05:43:32.914 dockerd        1436    nvme1n1 WSM  1485401008 4096      0.197
05:43:32.914 dockerd        1436    nvme1n1 WSM  1493172480 8192      0.198
05:43:32.914 dockerd        1436    nvme1n1 WSM  1705656312 4096      0.200
05:43:32.914 dockerd        1436    nvme1n1 WSM  1732247648 4096      0.202
05:43:32.914 dockerd        1436    nvme1n1 WSM  1753219184 4096      0.203
05:43:32.915 contain        1195    nvme1n1 WS   1725789792 4096      0.050
05:43:32.915 contain        1195    nvme1n1 WS   1725789816 8192      0.056
05:43:32.915 contain        1195    nvme1n1 WS   1725789888 4096      0.057
05:43:32.915 contain        1195    nvme1n1 WS   1725789928 12288     0.061
05:43:32.915 contain        1195    nvme1n1 WS   1707371880 4096      0.026
05:43:32.915 contain        1195    nvme1n1 WS   1730873888 8192      0.057
05:43:32.915 contain        1195    nvme1n1 WS   1730873928 4096      0.065
05:43:32.915 contain        1195    nvme1n1 WS   1730873944 4096      0.072
05:43:32.915 contain        1195    nvme1n1 WS   1730874032 8192      0.074
05:43:32.915 contain        1195    nvme1n1 WS   1730874072 4096      0.077
05:43:32.915 contain        1195    nvme1n1 WS   1730874120 8192      0.077
05:43:32.915 contain        1195    nvme1n1 WS   1730874264 4096      0.080
05:43:32.915 contain        1195    nvme1n1 WS   1730874320 4096      0.081
05:43:32.915 contain        1195    nvme1n1 WS   1730873984 12288     0.089
05:43:32.915 contain        1195    nvme1n1 WS   1429528    4096      0.027
05:43:32.916 contain        1195    nvme1n1 WS   1730873824 4096      0.044
05:43:32.916 contain        1195    nvme1n1 WS   1730873840 4096      0.050
05:43:32.916 contain        1195    nvme1n1 WS   1730874048 4096      0.054
05:43:32.916 contain        1195    nvme1n1 WS   1730874104 8192      0.054
05:43:32.916 contain        1195    nvme1n1 WS   1429520    4096      0.028
05:43:32.916 contain        1195    nvme1n1 WS   1725789864 4096      0.037
05:43:32.916 contain        1195    nvme1n1 WS   1725789912 4096      0.041
05:43:32.916 contain        1195    nvme1n1 WS   1725789952 20480     0.049
05:43:32.916 contain        1195    nvme1n1 WS   1707371888 4096      0.028
05:43:32.916 contain        1195    nvme1n1 WS   1730873992 8192      0.053
05:43:32.916 contain        1195    nvme1n1 WS   1730874128 4096      0.059
05:43:32.916 contain        1195    nvme1n1 WS   1730874144 8192      0.066
05:43:32.916 contain        1195    nvme1n1 WS   1730874168 4096      0.067
05:43:32.916 contain        1195    nvme1n1 WS   1730874192 4096      0.067
05:43:32.916 contain        1195    nvme1n1 WS   1730874208 8192      0.068
05:43:32.916 contain        1195    nvme1n1 WS   1730874240 8192      0.072
05:43:32.916 contain        1195    nvme1n1 WS   1429528    4096      0.027
05:43:32.917 kworker        1790484 nvme1n1 W    608493888  4096      0.039
05:43:32.917 kworker        1790484 nvme1n1 W    608494024  8192      0.042
05:43:32.917 jbd2/nv        752     nvme1n1 WSM  878576896  122880    0.127
05:43:32.918 jbd2/nv        752     nvme1n1 WSM  878577136  4096      0.026
05:43:32.918 jbd2/nv        752     nvme1n1 WSM  878577144  8192      0.030
05:43:32.918 jbd2/nv        752     nvme1n1 WSM  878577160  4096      0.026
05:43:32.918 dockerd        1436    nvme1n1 WSM  0          4096      0.090
05:43:32.918 dockerd        1436    nvme1n1 WSM  40         4096      0.097
05:43:32.918 dockerd        1436    nvme1n1 WSM  224        4096      0.104
05:43:32.918 dockerd        1436    nvme1n1 WSM  288        8192      0.106
05:43:32.918 dockerd        1436    nvme1n1 WSM  71303296   4096      0.107
05:43:32.918 dockerd        1436    nvme1n1 WSM  71303424   4096      0.107
05:43:32.918 dockerd        1436    nvme1n1 WSM  71303440   8192      0.108
05:43:32.918 dockerd        1436    nvme1n1 WSM  461373568  4096      0.111
05:43:32.918 dockerd        1436    nvme1n1 WSM  461373696  8192      0.111
05:43:32.918 dockerd        1436    nvme1n1 WSM  461374248  8192      0.115
05:43:32.918 dockerd        1436    nvme1n1 WSM  591396872  4096      0.125
05:43:32.918 dockerd        1436    nvme1n1 WSM  591669904  4096      0.127
05:43:32.918 dockerd        1436    nvme1n1 WSM  591670944  4096      0.133
05:43:32.918 dockerd        1436    nvme1n1 WSM  591671760  4096      0.134
05:43:32.918 dockerd        1436    nvme1n1 WSM  591672632  4096      0.134
05:43:32.918 dockerd        1436    nvme1n1 WSM  591673224  4096      0.138
05:43:32.918 dockerd        1436    nvme1n1 WSM  591673928  4096      0.140
05:43:32.918 dockerd        1436    nvme1n1 WSM  591674712  4096      0.144
05:43:32.918 dockerd        1436    nvme1n1 WSM  608174088  4096      0.145
05:43:32.918 dockerd        1436    nvme1n1 WSM  608179448  4096      0.145
05:43:32.918 dockerd        1436    nvme1n1 WSM  1493172480 8192      0.149
05:43:32.918 dockerd        1436    nvme1n1 WSM  1705582584 4096      0.153
05:43:32.918 dockerd        1436    nvme1n1 WSM  1705656312 4096      0.158
05:43:32.918 dockerd        1436    nvme1n1 WSM  1707589104 4096      0.158
05:43:32.918 dockerd        1436    nvme1n1 WS   1177136264 4096      0.032
05:43:32.918 jbd2/nv        752     nvme1n1 WSM  878577168  57344     0.072
05:43:32.919 jbd2/nv        752     nvme1n1 WSM  878577280  4096      0.026
05:43:32.919 dockerd        1436    nvme1n1 WS   1177136272 4096      0.029
05:43:32.919 jbd2/nv        752     nvme1n1 WSM  878577288  24576     0.045
05:43:32.919 jbd2/nv        752     nvme1n1 WSM  878577336  4096      0.027
05:43:32.923 dockerd        1436    nvme1n1 WS   461709632  4096      0.037
05:43:32.923 jbd2/nv        752     nvme1n1 WSM  878577344  86016     0.098
05:43:32.923 jbd2/nv        752     nvme1n1 WSM  878577512  4096      0.027
05:43:32.923 dockerd        1436    nvme1n1 WS   830734344  4096      0.034
05:43:32.923 dockerd        1436    nvme1n1 WS   1757812080 12288     0.043
05:43:32.923 dockerd        1436    nvme1n1 WS   1323312    4096      0.027
05:43:32.924 contain        1195    nvme1n1 WS   1730873824 4096      0.045
05:43:32.924 contain        1195    nvme1n1 WS   1730873840 4096      0.053
05:43:32.924 contain        1195    nvme1n1 WS   1730873944 4096      0.058
05:43:32.924 contain        1195    nvme1n1 WS   1730874032 12288     0.058
05:43:32.924 contain        1195    nvme1n1 WS   1429520    4096      0.027
05:43:32.925 contain        1195    nvme1n1 WS   1730874072 4096      0.055
05:43:32.925 contain        1195    nvme1n1 WS   1730874192 4096      0.064
05:43:32.925 contain        1195    nvme1n1 WS   1730874208 8192      0.066
05:43:32.925 contain        1195    nvme1n1 WS   1730874240 8192      0.072
05:43:32.925 contain        1195    nvme1n1 WS   1730874104 12288     0.077
05:43:32.925 contain        1195    nvme1n1 WS   1429528    4096      0.028
05:43:32.926 contain        1195    nvme1n1 WS   1730873632 4096      0.042
05:43:32.926 contain        1195    nvme1n1 WS   1730874256 4096      0.046
05:43:32.926 contain        1195    nvme1n1 WS   1730874032 12288     0.052
05:43:32.926 contain        1195    nvme1n1 WS   1429520    4096      0.026
05:43:32.980 contain        1195    nvme1n1 WS   1429528    4096      0.034
05:43:33.007 dockerd        1436    nvme1n1 W    608520392  4096      0.036
05:43:33.012 dockerd        1436    nvme1n1 WS   1531537488 4096      0.041
05:43:33.012 dockerd        1436    nvme1n1 WS   1757812104 12288     0.050
05:43:33.012 dockerd        1436    nvme1n1 WS   1323304    4096      0.031
05:43:33.012 dockerd        1436    nvme1n1 WS   1539981568 4096      0.033
05:43:33.012 dockerd        1436    nvme1n1 WS   1757812080 12288     0.040
05:43:33.012 dockerd        1436    nvme1n1 WS   1323312    4096      0.026
05:43:33.014 dockerd        1436    nvme1n1 W    608520400  4096      0.035
05:43:33.014 dockerd        1436    nvme1n1 WS   608520408  4096      0.029
05:43:33.014 jbd2/nv        752     nvme1n1 WSM  878577520  94208     0.105
05:43:33.014 jbd2/nv        752     nvme1n1 WSM  878577704  4096      0.027
05:43:33.014 dockerd        1436    nvme1n1 WS   1528463928 4096      0.035
05:43:33.014 dockerd        1436    nvme1n1 WS   1757812104 12288     0.044
05:43:33.014 dockerd        1436    nvme1n1 WS   1323304    4096      0.027
05:43:33.026 dockerd        1436    nvme1n1 WS   830734344  4096      0.037
05:43:33.026 dockerd        1436    nvme1n1 WS   1757812080 12288     0.046
05:43:33.027 dockerd        1436    nvme1n1 WS   1323312    4096      0.026
05:43:33.027 dockerd        1436    nvme1n1 WS   1531537488 4096      0.031
05:43:33.027 dockerd        1436    nvme1n1 WS   1757812104 12288     0.038
05:43:33.027 dockerd        1436    nvme1n1 WS   1323304    4096      0.027
05:43:33.027 dockerd        1436    nvme1n1 WS   608520416  4096      0.032
05:43:33.027 jbd2/nv        752     nvme1n1 WSM  878577712  49152     0.072
05:43:33.027 jbd2/nv        752     nvme1n1 WSM  878577808  4096      0.027
05:43:33.034 dockerd        1436    nvme1n1 WS   1177136280 4096      0.033
05:43:33.034 jbd2/nv        752     nvme1n1 WSM  878577816  40960     0.062
05:43:33.035 jbd2/nv        752     nvme1n1 WSM  878577896  4096      0.026
05:43:33.035 dockerd        1436    nvme1n1 WS   1177136288 4096      0.030
05:43:33.035 jbd2/nv        752     nvme1n1 WSM  878577904  49152     0.066
05:43:33.035 jbd2/nv        752     nvme1n1 WSM  878578000  4096      0.027
05:43:33.065 ib_log_        125949  nvme1n1 WS   1757426704 4096      0.054
05:43:33.066 ib_log_        125949  nvme1n1 WS   1757426712 8192      0.033
05:43:33.066 jbd2/nv        752     nvme1n1 WSM  878578008  40960     0.070
05:43:33.066 jbd2/nv        752     nvme1n1 WSM  878578088  4096      0.029
05:43:33.089 ib_log_        125949  nvme1n1 WS   1757426712 4096      0.052
05:43:33.189 python3        1784369 nvme1n1 WS   1624981504 131072    0.198
05:43:33.189 python3        1784369 nvme1n1 WS   1624981760 131072    0.252
05:43:33.189 python3        1784369 nvme1n1 WS   1624982016 131072    0.354
05:43:33.189 python3        1784369 nvme1n1 WS   1624982272 131072    0.434
05:43:33.189 python3        1784369 nvme1n1 WS   1624982528 131072    0.478
05:43:33.190 python3        1784369 nvme1n1 WS   1624982784 131072    0.566
05:43:33.190 python3        1784369 nvme1n1 WS   1624983040 131072    0.641
05:43:33.190 python3        1784369 nvme1n1 WS   1624983296 131072    0.720
05:43:33.190 python3        1784369 nvme1n1 WS   1624983552 131072    0.779
05:43:33.190 python3        1784369 nvme1n1 WS   1624983808 131072    0.863
05:43:33.190 python3        1784369 nvme1n1 WS   1624984064 131072    0.938
05:43:33.190 python3        1784369 nvme1n1 WS   1624984320 131072    1.020
05:43:33.190 python3        1784369 nvme1n1 WS   1624984576 131072    1.097
05:43:33.190 python3        1784369 nvme1n1 WS   1624984832 131072    1.180
05:43:33.190 python3        1784369 nvme1n1 WS   1624985088 131072    1.257
05:43:33.190 python3        1784366 nvme1n1 WS   1624985600 131072    1.351
05:43:33.190 python3        1784366 nvme1n1 WS   1624985856 131072    1.425
05:43:33.191 python3        1784366 nvme1n1 WS   1624986112 131072    1.508
05:43:33.191 python3        1784366 nvme1n1 WS   1624986368 131072    1.590
05:43:33.191 python3        1784366 nvme1n1 WS   1624986624 131072    1.674
05:43:33.191 python3        1784366 nvme1n1 WS   1624986880 131072    1.756
05:43:33.191 python3        1784366 nvme1n1 WS   1624987136 131072    1.836
05:43:33.191 python3        1784366 nvme1n1 WS   1624987392 131072    1.902
05:43:33.191 python3        1784369 nvme1n1 WS   1624985344 131072    2.002
05:43:33.191 python3        1784369 nvme1n1 WS   1624989696 131072    2.082
05:43:33.191 python3        1784369 nvme1n1 WS   1624989952 131072    2.165
05:43:33.191 python3        1784366 nvme1n1 WS   1624987648 131072    2.228
05:43:33.191 python3        1784366 nvme1n1 WS   1624987904 131072    2.302
05:43:33.191 python3        1784366 nvme1n1 WS   1624988160 131072    2.377
05:43:33.192 python3        1784366 nvme1n1 WS   1624988416 131072    2.452
05:43:33.192 python3        1784366 nvme1n1 WS   1624988672 131072    2.528
05:43:33.192 python3        1784366 nvme1n1 WS   1624988928 131072    2.600
05:43:33.192 python3        1784366 nvme1n1 WS   1624989184 131072    2.675
05:43:33.192 python3        1784369 nvme1n1 WS   1624993792 131072    2.765
05:43:33.192 python3        1784369 nvme1n1 WS   1624994048 131072    2.834
05:43:33.192 python3        1784369 nvme1n1 WS   1624994304 131072    2.909
05:43:33.192 python3        1784369 nvme1n1 WS   1624994560 131072    2.980
05:43:33.192 python3        1784369 nvme1n1 WS   1624994816 131072    3.052
05:43:33.192 python3        1784369 nvme1n1 WS   1624995072 131072    3.127
05:43:33.192 python3        1784369 nvme1n1 WS   1624995328 131072    3.201
05:43:33.192 python3        1784369 nvme1n1 WS   1624995584 131072    3.261
05:43:33.193 python3        1784366 nvme1n1 WS   1624989440 131072    3.369
05:43:33.193 python3        1784366 nvme1n1 WS   1624997888 131072    3.440
05:43:33.193 python3        1784366 nvme1n1 WS   1624998144 131072    3.512
05:43:33.193 python3        1784369 nvme1n1 WS   1624995840 131072    3.568
05:43:33.193 python3        1784369 nvme1n1 WS   1624996096 131072    3.643
05:43:33.193 python3        1784369 nvme1n1 WS   1624996352 131072    3.717
05:43:33.193 python3        1784369 nvme1n1 WS   1624996608 131072    3.794
05:43:33.193 python3        1784369 nvme1n1 WS   1624996864 131072    3.867
05:43:33.193 python3        1784369 nvme1n1 WS   1624997120 131072    3.942
05:43:33.193 python3        1784369 nvme1n1 WS   1624997376 131072    4.020
05:43:33.193 python3        1784369 nvme1n1 WS   1624997632 131072    4.078
05:43:33.193 python3        1784369 nvme1n1 WS   1625006080 131072    4.153
05:43:33.193 python3        1784369 nvme1n1 WS   1625006336 131072    4.227
05:43:33.194 python3        1784366 nvme1n1 WS   1625001984 131072    4.302
05:43:33.194 python3        1784366 nvme1n1 WS   1625002240 131072    4.372
05:43:33.194 python3        1784366 nvme1n1 WS   1625002496 131072    4.446
05:43:33.194 python3        1784366 nvme1n1 WS   1625002752 131072    4.523
05:43:33.194 python3        1784366 nvme1n1 WS   1625003008 131072    4.597
05:43:33.194 python3        1784366 nvme1n1 WS   1625003264 131072    4.673
05:43:33.194 python3        1784366 nvme1n1 WS   1625003520 131072    4.747
05:43:33.194 python3        1784366 nvme1n1 WS   1625003776 131072    4.807
05:43:33.194 python3        1784366 nvme1n1 WS   1625004032 131072    4.883
05:43:33.194 python3        1784366 nvme1n1 WS   1625004288 131072    4.957
05:43:33.194 python3        1784366 nvme1n1 WS   1625004544 131072    5.032
05:43:33.194 python3        1784366 nvme1n1 WS   1625004800 131072    5.110
05:43:33.194 python3        1784366 nvme1n1 WS   1625005056 131072    5.188
05:43:33.195 python3        1784366 nvme1n1 WS   1625005312 131072    5.268
05:43:33.195 python3        1784366 nvme1n1 WS   1625005568 131072    5.347
05:43:33.195 python3        1784366 nvme1n1 WS   1634993664 131072    5.431
05:43:33.195 python3        1784366 nvme1n1 WS   1634993920 126976    5.497
05:43:33.195 python3        1784366 nvme1n1 WS   1625005824 131072    5.561
05:43:33.195 python3        1784366 nvme1n1 WS   1625018368 131072    5.639
05:43:33.195 python3        1784366 nvme1n1 WS   1625018624 131072    5.718
05:43:33.195 python3        1784368 nvme1n1 WS   1625010176 131072    5.797
05:43:33.195 python3        1784368 nvme1n1 WS   1625010432 131072    5.864
05:43:33.195 python3        1784368 nvme1n1 WS   1625010688 131072    5.946
05:43:33.195 python3        1784368 nvme1n1 WS   1625010944 131072    6.022
05:43:33.195 python3        1784368 nvme1n1 WS   1625011200 131072    6.097
05:43:33.195 python3        1784368 nvme1n1 WS   1625011456 131072    6.175
05:43:33.196 python3        1784368 nvme1n1 WS   1625011712 131072    6.250
05:43:33.196 python3        1784368 nvme1n1 WS   1625014272 131072    6.337
05:43:33.196 python3        1784368 nvme1n1 WS   1625014528 131072    6.406
05:43:33.196 python3        1784368 nvme1n1 WS   1625014784 131072    6.483
05:43:33.196 python3        1784368 nvme1n1 WS   1625015040 131072    6.556
05:43:33.196 python3        1784368 nvme1n1 WS   1625015296 131072    6.633
05:43:33.196 python3        1784368 nvme1n1 WS   1625015552 131072    6.746
05:43:33.196 python3        1784368 nvme1n1 WS   1625015808 131072    6.821
05:43:33.196 python3        1784368 nvme1n1 WS   1625011968 131072    6.912
05:43:33.196 python3        1784368 nvme1n1 WS   1625012224 131072    6.989
05:43:33.196 python3        1784368 nvme1n1 WS   1625012480 131072    7.069
05:43:33.196 python3        1784368 nvme1n1 WS   1625012736 131072    7.147
05:43:33.197 python3        1784368 nvme1n1 WS   1625012992 131072    7.225
05:43:33.197 python3        1784368 nvme1n1 WS   1625013248 131072    7.301
05:43:33.197 python3        1784368 nvme1n1 WS   1625013504 131072    7.378
05:43:33.197 python3        1784368 nvme1n1 WS   1625013760 131072    7.455
05:43:33.197 python3        1784368 nvme1n1 WS   1625016064 131072    7.526
05:43:33.197 python3        1784368 nvme1n1 WS   1625016320 131072    7.603
05:43:33.197 python3        1784368 nvme1n1 WS   1625016576 131072    7.681
05:43:33.197 python3        1784368 nvme1n1 WS   1625016832 131072    7.755
05:43:33.197 python3        1784368 nvme1n1 WS   1625017088 131072    7.831
05:43:33.197 python3        1784368 nvme1n1 WS   1625017344 131072    7.906
05:43:33.197 python3        1784368 nvme1n1 WS   1625017600 131072    7.985
05:43:33.197 python3        1784368 nvme1n1 WS   1625017856 131072    8.064
05:43:33.198 python3        1784368 nvme1n1 WS   1625014016 131072    8.155
05:43:33.198 python3        1784368 nvme1n1 WS   1625022464 131072    8.232
05:43:33.198 python3        1784368 nvme1n1 WS   1625022720 131072    8.307
05:43:33.198 python3        1784368 nvme1n1 WS   1625018112 131072    8.365
05:43:33.198 python3        1784368 nvme1n1 WS   1625120768 131072    8.445
05:43:33.198 python3        1784368 nvme1n1 WS   1625121024 131072    8.522
05:43:33.198 python3        1784367 nvme1n1 WS   1636139008 131072    8.602
05:43:33.198 python3        1784367 nvme1n1 WS   1636139264 131072    8.674
05:43:33.198 python3        1784367 nvme1n1 WS   1636139520 131072    8.747
05:43:33.198 python3        1784367 nvme1n1 WS   1636139776 131072    8.823
05:43:33.198 python3        1784367 nvme1n1 WS   1636140032 131072    8.901
05:43:33.198 python3        1784367 nvme1n1 WS   1636140288 131072    8.975
05:43:33.198 python3        1784367 nvme1n1 WS   1636140544 131072    9.051
05:43:33.199 python3        1784366 nvme1n1 WS   1625026560 131072    9.159
05:43:33.199 python3        1784366 nvme1n1 WS   1625026816 131072    9.233
05:43:33.199 python3        1784366 nvme1n1 WS   1625027072 131072    9.306
05:43:33.199 python3        1784366 nvme1n1 WS   1625027328 131072    9.383
05:43:33.199 python3        1784366 nvme1n1 WS   1625027584 131072    9.460
05:43:33.199 python3        1784366 nvme1n1 WS   1625027840 131072    9.533
05:43:33.199 python3        1784366 nvme1n1 WS   1625028096 131072    9.607
05:43:33.199 python3        1784366 nvme1n1 WS   1625028352 131072    9.654
05:43:33.199 python3        1784366 nvme1n1 WS   1625028608 131072    9.728
05:43:33.199 python3        1784366 nvme1n1 WS   1625028864 131072    9.804
05:43:33.199 python3        1784366 nvme1n1 WS   1625029120 131072    9.877
05:43:33.199 python3        1784366 nvme1n1 WS   1625029376 131072    9.954
05:43:33.200 python3        1784367 nvme1n1 WS   1636140800 131072   10.054
05:43:33.200 python3        1784367 nvme1n1 WS   1636141056 131072   10.130
05:43:33.200 python3        1784367 nvme1n1 WS   1636141312 131072   10.210
05:43:33.200 python3        1784367 nvme1n1 WS   1636141568 131072   10.286
05:43:33.200 python3        1784367 nvme1n1 WS   1636141824 131072   10.362
05:43:33.200 python3        1784369 nvme1n1 WS   1634995712 131072   10.456
05:43:33.200 python3        1784369 nvme1n1 WS   1634995968 126976   10.524
05:43:33.200 python3        1784369 nvme1n1 WS   723587072  131072   10.603
05:43:33.200 python3        1784366 nvme1n1 WS   1625029632 131072   10.675
05:43:33.200 python3        1784366 nvme1n1 WS   1625029888 131072   10.751
05:43:33.200 python3        1784366 nvme1n1 WS   1625030144 131072   10.826
05:43:33.200 python3        1784367 nvme1n1 WS   1636142080 131072   10.917
05:43:33.200 python3        1784367 nvme1n1 WS   1636142336 131072   10.994
05:43:33.201 python3        1784367 nvme1n1 WS   1636142592 131072   11.068
05:43:33.201 python3        1784369 nvme1n1 WS   723587328  131072   11.155
05:43:33.201 python3        1784369 nvme1n1 WS   723587584  131072   11.233
05:43:33.201 python3        1784369 nvme1n1 WS   723587840  131072   11.308
05:43:33.201 python3        1784369 nvme1n1 WS   723588096  131072   11.383
05:43:33.201 python3        1784369 nvme1n1 WS   723588352  131072   11.459
05:43:33.201 python3        1784369 nvme1n1 WS   723588608  131072   11.568
05:43:33.201 python3        1784366 nvme1n1 WS   1625030400 131072   11.636
05:43:33.201 python3        1784366 nvme1n1 WS   1625030656 131072   11.709
05:43:33.201 python3        1784367 nvme1n1 WS   1636142848 131072   11.786
05:43:33.201 python3        1784368 nvme1n1 WS   1636143104 131072   11.871
05:43:33.201 python3        1784366 nvme1n1 WS   1625030912 131072   11.948
05:43:33.202 python3        1784367 nvme1n1 WS   1636147200 131072   12.033
05:43:33.202 python3        1784367 nvme1n1 WS   1636147456 131072   12.102
05:43:33.202 python3        1784368 nvme1n1 WS   1636143360 131072   12.182
05:43:33.202 python3        1784368 nvme1n1 WS   1636143616 131072   12.261
05:43:33.202 python3        1784368 nvme1n1 WS   1636143872 131072   12.337
05:43:33.202 python3        1784368 nvme1n1 WS   1636144128 131072   12.417
05:43:33.202 python3        1784368 nvme1n1 WS   1636144384 131072   12.496
05:43:33.202 python3        1784368 nvme1n1 WS   1636144640 131072   12.576
05:43:33.202 python3        1784368 nvme1n1 WS   1636144896 131072   12.636
05:43:33.202 python3        1784368 nvme1n1 WS   1636145152 131072   12.713
05:43:33.202 python3        1784368 nvme1n1 WS   1636145408 131072   12.793
05:43:33.202 python3        1784368 nvme1n1 WS   1636145664 131072   12.870
05:43:33.203 python3        1784369 nvme1n1 WS   723588864  131072   12.995
05:43:33.203 python3        1784369 nvme1n1 WS   723589120  131072   13.071
05:43:33.203 python3        1784369 nvme1n1 WS   723589376  131072   13.147
05:43:33.203 python3        1784369 nvme1n1 WS   723589632  131072   13.223
05:43:33.203 python3        1784369 nvme1n1 WS   723589888  131072   13.303
05:43:33.203 python3        1784369 nvme1n1 WS   723590144  131072   13.381
05:43:33.203 python3        1784369 nvme1n1 WS   723590400  131072   13.460
05:43:33.203 python3        1784369 nvme1n1 WS   723590656  131072   13.538
05:43:33.203 python3        1784369 nvme1n1 WS   723590912  131072   13.604
05:43:33.203 python3        1784369 nvme1n1 WS   723591168  131072   13.679
05:43:33.203 python3        1784369 nvme1n1 WS   723591424  131072   13.760
05:43:33.203 python3        1784368 nvme1n1 WS   600249856  131072   13.866
05:43:33.204 python3        1784368 nvme1n1 WS   600250112  126976   13.939
05:43:33.204 python3        1784367 nvme1n1 WS   51691520   131072   14.022
05:43:33.204 python3        1784367 nvme1n1 WS   51691776   131072   14.096
05:43:33.204 python3        1784367 nvme1n1 WS   51692032   131072   14.173
05:43:33.204 python3        1784367 nvme1n1 WS   51692288   131072   14.248
05:43:33.204 python3        1784367 nvme1n1 WS   51692544   131072   14.324
05:43:33.204 python3        1784367 nvme1n1 WS   51692800   131072   14.404
05:43:33.204 python3        1784367 nvme1n1 WS   51693056   131072   14.481
05:43:33.204 python3        1784368 nvme1n1 WS   1636145920 131072   14.557
05:43:33.204 python3        1784368 nvme1n1 WS   1636146176 131072   14.635
05:43:33.204 python3        1784368 nvme1n1 WS   1636146432 131072   14.711
05:43:33.204 python3        1784368 nvme1n1 WS   1636146688 131072   14.789
05:43:33.204 python3        1784368 nvme1n1 WS   1636146944 131072   14.850
05:43:33.205 python3        1784368 nvme1n1 WS   1636151296 131072   14.930
05:43:33.205 python3        1784368 nvme1n1 WS   1636151552 131072   15.008
05:43:33.205 python3        1784367 nvme1n1 WS   51693312   131072   15.109
05:43:33.205 python3        1784367 nvme1n1 WS   51693568   131072   15.185
05:43:33.205 python3        1784367 nvme1n1 WS   51693824   131072   15.262
05:43:33.205 python3        1784367 nvme1n1 WS   51694080   131072   15.341
05:43:33.205 python3        1784367 nvme1n1 WS   51694336   131072   15.419
05:43:33.205 python3        1784367 nvme1n1 WS   51694592   131072   15.498
05:43:33.205 python3        1784367 nvme1n1 WS   51694848   131072   15.578
05:43:33.205 python3        1784367 nvme1n1 WS   51695104   131072   15.657
05:43:33.205 python3        1784367 nvme1n1 WS   51695360   131072   15.724
05:43:33.205 python3        1784367 nvme1n1 WS   51695616   131072   15.806
05:43:33.206 python3        1784367 nvme1n1 WS   51695872   131072   15.883
05:43:33.206 python3        1784367 nvme1n1 WS   1635000832 131072   15.975
05:43:33.206 python3        1784367 nvme1n1 WS   1635001088 126976   16.047
05:43:33.206 python3        1784367 nvme1n1 WS   1625034752 131072   16.066
05:43:33.206 python3        1784367 nvme1n1 WS   1625035008 131072   16.137
05:43:33.206 python3        1784367 nvme1n1 WS   1625035264 131072   16.215
05:43:33.206 python3        1784367 nvme1n1 WS   1625035520 131072   16.292
05:43:33.206 python3        1784367 nvme1n1 WS   1625035776 131072   16.376
05:43:33.206 python3        1784367 nvme1n1 WS   1625036032 131072   16.450
05:43:33.206 python3        1784367 nvme1n1 WS   1625036288 131072   16.525
05:43:33.206 python3        1784367 nvme1n1 WS   1625036544 131072   16.580
05:43:33.206 python3        1784367 nvme1n1 WS   1625036800 131072   16.658
05:43:33.206 python3        1784367 nvme1n1 WS   1625037056 131072   16.732
05:43:33.207 python3        1784367 nvme1n1 WS   1625037312 131072   16.805
05:43:33.207 python3        1784367 nvme1n1 WS   1625037568 131072   16.880
05:43:33.207 python3        1784367 nvme1n1 WS   1625037824 131072   16.958
05:43:33.207 python3        1784367 nvme1n1 WS   1625038080 131072   17.034
05:43:33.207 python3        1784367 nvme1n1 WS   1625038336 131072   17.109
05:43:33.207 python3        1784367 nvme1n1 WS   1625038592 131072   17.170
05:43:33.207 python3        1784367 nvme1n1 WS   1625038848 131072   17.247
05:43:33.207 python3        1784367 nvme1n1 WS   1625039104 131072   17.324
05:43:33.297 ib_pg_f        125949  nvme1n1 WS   1756372992 81920     0.119
05:43:33.297 ib_pg_f        125949  nvme1n1 WS   1756555424 16384     0.046
05:43:33.297 ib_pg_f        125949  nvme1n1 WS   1755217736 16384     0.054
05:43:33.297 ib_pg_f        125949  nvme1n1 WS   1757027808 16384     0.050
05:43:33.297 ib_pg_f        125949  nvme1n1 WS   1756553376 16384     0.056
05:43:33.297 ib_pg_f        125949  nvme1n1 WS   1734883488 16384     0.060
05:43:33.302 ib_pg_f        125932  nvme1n1 WS   1756905472 114688    0.135
05:43:33.302 ib_pg_f        125932  nvme1n1 WS   1755259904 16384     0.042
05:43:33.302 ib_pg_f        125932  nvme1n1 WS   1728652872 16384     0.046
05:43:33.302 ib_pg_f        125932  nvme1n1 WS   1756431936 16384     0.057
05:43:33.302 ib_pg_f        125932  nvme1n1 WS   1755178496 16384     0.057
05:43:33.302 ib_pg_f        125932  nvme1n1 WS   1755173952 16384     0.060
05:43:33.302 ib_pg_f        125932  nvme1n1 WS   1740147232 16384     0.062
05:43:33.302 ib_pg_f        125932  nvme1n1 WS   1740058784 16384     0.060
05:43:33.345 nvme           1843201 Unknown N    -1         512       0.029
05:43:34.023 ib_log_        125949  nvme1n1 WS   1757422584 4096      0.061
05:43:34.062 ib_log_        125932  nvme1n1 WS   1756076288 4096      0.047
05:43:34.119 python3        1784366 nvme1n1 WS   1636319232 131072    0.226
05:43:34.119 python3        1784366 nvme1n1 WS   1636319488 131072    0.274
05:43:34.119 python3        1784366 nvme1n1 WS   1636319744 131072    0.324
05:43:34.119 python3        1784366 nvme1n1 WS   1636320000 131072    0.431
05:43:34.119 python3        1784366 nvme1n1 WS   1636320256 131072    0.480
05:43:34.119 python3        1784366 nvme1n1 WS   1636320512 131072    0.591
05:43:34.119 python3        1784366 nvme1n1 WS   1636320768 131072    0.637
05:43:34.119 python3        1784368 nvme1n1 WS   1636155392 131072    0.724
05:43:34.119 python3        1784368 nvme1n1 WS   1636155648 131072    0.797
05:43:34.119 python3        1784368 nvme1n1 WS   1636155904 131072    0.883
05:43:34.120 python3        1784368 nvme1n1 WS   1636156160 131072    0.969
05:43:34.120 python3        1784368 nvme1n1 WS   1636156416 131072    1.043
05:43:34.120 python3        1784368 nvme1n1 WS   1636156672 131072    1.129
05:43:34.120 python3        1784366 nvme1n1 WS   1636321024 131072    1.209
05:43:34.120 python3        1784366 nvme1n1 WS   1636321280 131072    1.288
05:43:34.120 python3        1784366 nvme1n1 WS   1636321536 131072    1.367
05:43:34.120 python3        1784366 nvme1n1 WS   1636321792 131072    1.448
05:43:34.120 python3        1784368 nvme1n1 WS   1636156928 131072    1.536
05:43:34.120 python3        1784368 nvme1n1 WS   1636159488 131072    1.621
05:43:34.120 python3        1784368 nvme1n1 WS   1625042944 131072    1.705
05:43:34.120 python3        1784368 nvme1n1 WS   1625043200 131072    1.778
05:43:34.120 python3        1784368 nvme1n1 WS   1625043456 131072    1.866
05:43:34.121 python3        1784368 nvme1n1 WS   1625043712 131072    1.939
05:43:34.121 python3        1784368 nvme1n1 WS   1625043968 131072    2.017
05:43:34.121 python3        1784368 nvme1n1 WS   1636159744 131072    2.117
05:43:34.121 python3        1784368 nvme1n1 WS   1636160000 131072    2.193
05:43:34.121 python3        1784368 nvme1n1 WS   1636160256 131072    2.269
05:43:34.121 python3        1784368 nvme1n1 WS   1636160512 131072    2.341
05:43:34.121 python3        1784368 nvme1n1 WS   1636160768 131072    2.417
05:43:34.121 python3        1784368 nvme1n1 WS   1636161024 131072    2.493
05:43:34.121 python3        1784366 nvme1n1 WS   1636322048 131072    2.584
05:43:34.121 python3        1784366 nvme1n1 WS   1636322304 131072    2.659
05:43:34.121 python3        1784366 nvme1n1 WS   1636322560 131072    2.734
05:43:34.121 python3        1784366 nvme1n1 WS   1636322816 131072    2.809
05:43:34.121 python3        1784368 nvme1n1 WS   1636157184 131072    2.893
05:43:34.122 python3        1784368 nvme1n1 WS   1636157440 131072    2.967
05:43:34.122 python3        1784368 nvme1n1 WS   1636157696 131072    3.042
05:43:34.122 python3        1784368 nvme1n1 WS   1636157952 53248     3.072
05:43:34.122 python3        1784366 nvme1n1 WS   1625169920 131072    3.152
05:43:34.122 python3        1784366 nvme1n1 WS   1636323072 131072    3.221
05:43:34.122 python3        1784366 nvme1n1 WS   1636323328 131072    3.294
05:43:34.122 python3        1784366 nvme1n1 WS   1636323584 131072    3.373
05:43:34.122 python3        1784368 nvme1n1 WS   1625044224 131072    3.512
05:43:34.122 python3        1784368 nvme1n1 WS   1625044480 131072    3.528
05:43:34.122 python3        1784368 nvme1n1 WS   1625044736 131072    3.578
05:43:34.122 python3        1784368 nvme1n1 WS   1625044992 131072    3.652
05:43:34.122 python3        1784366 nvme1n1 WS   1625170176 131072    3.770
05:43:34.122 python3        1784366 nvme1n1 WS   1625170432 131072    3.841
05:43:34.123 python3        1784366 nvme1n1 WS   1625170688 131072    3.918
05:43:34.123 python3        1784366 nvme1n1 WS   1625170944 131072    3.995
05:43:34.123 python3        1784366 nvme1n1 WS   1625171200 131072    4.070
05:43:34.123 python3        1784366 nvme1n1 WS   1625171456 131072    4.147
05:43:34.123 python3        1784366 nvme1n1 WS   1625171712 131072    4.206
05:43:34.123 python3        1784366 nvme1n1 WS   1625171968 131072    4.283
05:43:34.123 python3        1784368 nvme1n1 WS   1636161280 131072    4.439
05:43:34.123 python3        1784368 nvme1n1 WS   1636161536 131072    4.467
05:43:34.123 python3        1784368 nvme1n1 WS   1636161792 131072    4.534
05:43:34.123 python3        1784368 nvme1n1 WS   1636162048 131072    4.616
05:43:34.123 python3        1784368 nvme1n1 WS   1636162304 131072    4.705
05:43:34.123 python3        1784368 nvme1n1 WS   1636162560 131072    4.770
05:43:34.123 python3        1784368 nvme1n1 WS   1636162816 131072    4.847
05:43:34.124 python3        1784368 nvme1n1 WS   1636163072 131072    4.924
05:43:34.124 python3        1784366 nvme1n1 WS   1625172224 131072    4.996
05:43:34.124 python3        1784366 nvme1n1 WS   1625172480 131072    5.070
05:43:34.124 python3        1784366 nvme1n1 WS   1625172736 131072    5.148
05:43:34.124 python3        1784366 nvme1n1 WS   1625172992 131072    5.225
05:43:34.124 python3        1784366 nvme1n1 WS   1625173248 131072    5.302
05:43:34.124 python3        1784366 nvme1n1 WS   1625173504 131072    5.379
05:43:34.124 python3        1784366 nvme1n1 WS   1625173760 131072    5.444
05:43:34.124 python3        1784366 nvme1n1 WS   1625051136 131072    5.518
05:43:34.124 python3        1784366 nvme1n1 WS   1625051392 131072    5.596
05:43:34.124 python3        1784368 nvme1n1 WS   1625045248 131072    5.709
05:43:34.124 python3        1784368 nvme1n1 WS   1625045504 131072    5.787
05:43:34.125 python3        1784368 nvme1n1 WS   1625045760 131072    5.861
05:43:34.125 python3        1784368 nvme1n1 WS   1625046016 131072    5.935
05:43:34.125 python3        1784368 nvme1n1 WS   1625046272 131072    6.009
05:43:34.125 python3        1784368 nvme1n1 WS   1625046528 131072    6.083
05:43:34.125 python3        1784367 nvme1n1 WS   1625047040 131072    6.159
05:43:34.125 python3        1784367 nvme1n1 WS   1625047296 131072    6.237
05:43:34.125 python3        1784367 nvme1n1 WS   1625047552 131072    6.313
05:43:34.125 python3        1784368 nvme1n1 WS   1636163328 131072    6.494
05:43:34.125 python3        1784368 nvme1n1 WS   1636163584 131072    6.522
05:43:34.125 python3        1784368 nvme1n1 WS   1636163840 131072    6.585
05:43:34.125 python3        1784367 nvme1n1 WS   1625182208 131072    6.728
05:43:34.125 python3        1784367 nvme1n1 WS   1625182464 131072    6.743
05:43:34.125 python3        1784367 nvme1n1 WS   1625182720 131072    6.816
05:43:34.126 python3        1784367 nvme1n1 WS   1625182976 131072    6.928
05:43:34.126 python3        1784367 nvme1n1 WS   1625183232 131072    7.004
05:43:34.126 python3        1784367 nvme1n1 WS   1625183488 131072    7.083
05:43:34.126 python3        1784367 nvme1n1 WS   1625183744 131072    7.161
05:43:34.126 python3        1784367 nvme1n1 WS   1625184000 131072    7.220
05:43:34.126 python3        1784367 nvme1n1 WS   1625184256 131072    7.296
05:43:34.126 python3        1784367 nvme1n1 WS   1625184512 131072    7.369
05:43:34.126 python3        1784367 nvme1n1 WS   1625184768 131072    7.446
05:43:34.126 python3        1784367 nvme1n1 WS   1625185024 131072    7.526
05:43:34.126 python3        1784367 nvme1n1 WS   1625185280 131072    7.603
05:43:34.126 python3        1784367 nvme1n1 WS   1625185536 131072    7.685
05:43:34.126 python3        1784367 nvme1n1 WS   1625185792 131072    7.763
05:43:34.127 python3        1784367 nvme1n1 WS   1625186048 131072    7.816
05:43:34.127 python3        1784367 nvme1n1 WS   1625186304 131072    7.880
05:43:34.127 python3        1784367 nvme1n1 WS   1625186560 131072    7.988
05:43:34.127 python3        1784367 nvme1n1 WS   1625047808 131072    8.201
05:43:34.127 python3        1784368 nvme1n1 WS   1625046784 131072    8.279
05:43:34.127 python3        1784367 nvme1n1 WS   1625048064 131072    8.416
05:43:34.127 python3        1784368 nvme1n1 WS   1625071616 131072    8.566
05:43:34.127 python3        1784367 nvme1n1 WS   1625048320 131072    8.704
05:43:34.128 python3        1784368 nvme1n1 WS   1625071872 131072    8.847
05:43:34.128 python3        1784367 nvme1n1 WS   1625048576 131072    8.993
05:43:34.128 python3        1784367 nvme1n1 WS   1625048832 131072    9.115
05:43:34.128 python3        1784367 nvme1n1 WS   1625049088 131072    9.257
05:43:34.128 python3        1784367 nvme1n1 WS   1625049344 131072    9.399
05:43:34.128 python3        1784367 nvme1n1 WS   1625049600 131072    9.542
05:43:34.128 python3        1784367 nvme1n1 WS   1625049856 131072    9.687
05:43:34.129 python3        1784367 nvme1n1 WS   1625050112 131072    9.830
05:43:34.129 python3        1784367 nvme1n1 WS   1625050368 131072    9.975
05:43:34.129 python3        1784367 nvme1n1 WS   1625050624 131072   10.121
05:43:34.129 python3        1784367 nvme1n1 WS   1593233408 131072   10.365
05:43:34.129 python3        1784367 nvme1n1 WS   1593233664 131072   10.452
05:43:34.129 python3        1784367 nvme1n1 WS   1593233920 131072   10.562
05:43:34.129 python3        1784367 nvme1n1 WS   1593234176 131072   10.640
05:43:34.129 python3        1784367 nvme1n1 WS   1593234432 131072   10.720
05:43:34.130 python3        1784367 nvme1n1 WS   1593234688 131072   10.797
05:43:34.130 python3        1784367 nvme1n1 WS   1593234944 131072   10.872
05:43:34.130 python3        1784367 nvme1n1 WS   1593235200 131072   10.938
05:43:34.130 python3        1784367 nvme1n1 WS   1593235456 131072   11.013
05:43:34.130 python3        1784367 nvme1n1 WS   1593235712 131072   11.090
05:43:34.130 python3        1784367 nvme1n1 WS   1593235968 53248    11.124
05:43:34.130 python3        1784367 nvme1n1 WS   1625050880 131072   11.201
05:43:34.130 python3        1784367 nvme1n1 WS   1625075712 131072   11.282
05:43:34.130 python3        1784367 nvme1n1 WS   1625075968 131072   11.366
05:43:34.130 python3        1784366 nvme1n1 WS   1636167680 131072   11.443
05:43:34.130 python3        1784366 nvme1n1 WS   1636167936 131072   11.515
05:43:34.130 python3        1784366 nvme1n1 WS   1636168192 131072   11.594
05:43:34.130 python3        1784366 nvme1n1 WS   1636168448 131072   11.672
05:43:34.131 python3        1784366 nvme1n1 WS   1636168704 131072   11.748
05:43:34.131 python3        1784366 nvme1n1 WS   1636168960 131072   11.828
05:43:34.131 python3        1784366 nvme1n1 WS   1636169216 131072   11.908
05:43:34.131 python3        1784366 nvme1n1 WS   1636169472 131072   11.981
05:43:34.131 python3        1784366 nvme1n1 WS   1636169728 131072   12.061
05:43:34.131 python3        1784366 nvme1n1 WS   1636169984 131072   12.140
05:43:34.131 python3        1784366 nvme1n1 WS   1636170240 53248    12.171
05:43:34.131 python3        1784369 nvme1n1 WS   1636171776 131072   12.236
05:43:34.131 python3        1784369 nvme1n1 WS   1636172032 131072   12.312
05:43:34.131 python3        1784369 nvme1n1 WS   1636172288 131072   12.386
05:43:34.131 python3        1784369 nvme1n1 WS   1636172544 131072   12.478
05:43:34.131 python3        1784369 nvme1n1 WS   1636172800 131072   12.541
05:43:34.131 python3        1784369 nvme1n1 WS   1636173056 131072   12.619
05:43:34.132 python3        1784369 nvme1n1 WS   1636175872 131072   12.699
05:43:34.132 python3        1784369 nvme1n1 WS   1636173312 131072   12.798
05:43:34.132 python3        1784369 nvme1n1 WS   1636176128 131072   12.875
05:43:34.132 python3        1784369 nvme1n1 WS   1636176384 131072   12.957
05:43:34.132 python3        1784369 nvme1n1 WS   1636176640 131072   13.034
05:43:34.132 python3        1784369 nvme1n1 WS   1636176896 131072   13.118
05:43:34.132 python3        1784369 nvme1n1 WS   1636177152 131072   13.188
05:43:34.132 python3        1784369 nvme1n1 WS   1636177408 131072   13.268
05:43:34.132 python3        1784369 nvme1n1 WS   1636173568 131072   13.348
05:43:34.132 python3        1784369 nvme1n1 WS   1636173824 131072   13.423
05:43:34.132 python3        1784369 nvme1n1 WS   1636174080 131072   13.491
05:43:34.132 python3        1784369 nvme1n1 WS   1636174336 131072   13.567
05:43:34.133 python3        1784369 nvme1n1 WS   1636174592 131072   13.643
05:43:34.133 python3        1784369 nvme1n1 WS   1636174848 131072   13.724
05:43:34.133 python3        1784369 nvme1n1 WS   1636175104 131072   13.802
05:43:34.133 python3        1784369 nvme1n1 WS   1636175360 131072   13.881
05:43:34.133 python3        1784369 nvme1n1 WS   1636175616 131072   13.946
05:43:34.133 python3        1784369 nvme1n1 WS   1636184064 131072   14.026
05:43:34.133 python3        1784369 nvme1n1 WS   1636184320 131072   14.107
05:43:34.133 python3        1784369 nvme1n1 WS   1636177664 131072   14.229
05:43:34.133 python3        1784369 nvme1n1 WS   1636177920 131072   14.309
05:43:34.133 python3        1784369 nvme1n1 WS   1636178176 131072   14.387
05:43:34.133 python3        1784369 nvme1n1 WS   1636178432 53248    14.418
05:43:34.133 python3        1784369 nvme1n1 WS   1636179968 131072   14.468
05:43:34.133 python3        1784369 nvme1n1 WS   1636180224 131072   14.537
05:43:34.134 python3        1784369 nvme1n1 WS   1636180480 131072   14.614
05:43:34.134 python3        1784369 nvme1n1 WS   1636180736 131072   14.693
05:43:34.134 python3        1784369 nvme1n1 WS   1636180992 131072   14.771
05:43:34.134 python3        1784369 nvme1n1 WS   1636181248 131072   14.847
05:43:34.134 python3        1784369 nvme1n1 WS   1636181504 131072   14.922
05:43:34.134 python3        1784369 nvme1n1 WS   1636181760 131072   14.960
05:43:34.134 python3        1784369 nvme1n1 WS   1636182016 131072   15.039
05:43:34.134 python3        1784369 nvme1n1 WS   1636182272 131072   15.118
05:43:34.134 python3        1784369 nvme1n1 WS   1636182528 131072   15.196
05:43:34.134 python3        1784369 nvme1n1 WS   1636182784 131072   15.272
05:43:34.134 python3        1784369 nvme1n1 WS   1636183040 131072   15.336
05:43:34.134 python3        1784369 nvme1n1 WS   1636183296 131072   15.412
05:43:34.135 python3        1784369 nvme1n1 WS   1636183552 131072   15.490
05:43:34.135 python3        1784369 nvme1n1 WS   1636183808 131072   15.549
05:43:34.135 python3        1784369 nvme1n1 WS   1636188160 131072   15.625
05:43:34.135 python3        1784369 nvme1n1 WS   1636188416 131072   15.706
05:43:34.348 nvme           1843211 Unknown N    -1         512       0.042
05:43:35.350 nvme           1843221 Unknown N    -1         512       0.031
05:43:36.353 nvme           1843225 Unknown N    -1         512       0.032
05:43:37.339 amoprof        1787544 nvme1n1 W    1177136296 4096      0.055
