TIMESTAMP    COMM           PID     DISK    T    SECTOR     BYTES   LAT(ms)
06:32:51.631 nvme           1942278 Unknown N    -1         512       0.036
06:32:52.440 python3        1784367 nvme1n1 WS   1631297536 131072    0.201
06:32:52.440 python3        1784367 nvme1n1 WS   1631297792 131072    0.280
06:32:52.440 python3        1784367 nvme1n1 WS   1631298048 131072    0.326
06:32:52.440 python3        1784367 nvme1n1 WS   1631298304 131072    0.411
06:32:52.441 python3        1784367 nvme1n1 WS   1631298560 131072    0.482
06:32:52.441 python3        1784367 nvme1n1 WS   1631298816 131072    0.572
06:32:52.441 python3        1784367 nvme1n1 WS   1631299072 131072    0.645
06:32:52.441 python3        1784367 nvme1n1 WS   1631299328 131072    0.702
06:32:52.441 python3        1784367 nvme1n1 WS   1631299584 131072    0.778
06:32:52.441 python3        1784367 nvme1n1 WS   1631299840 131072    0.858
06:32:52.441 python3        1784367 nvme1n1 WS   1631300096 131072    0.952
06:32:52.441 python3        1784367 nvme1n1 WS   1631300352 131072    1.021
06:32:52.441 python3        1784367 nvme1n1 WS   1631300608 131072    1.100
06:32:52.441 python3        1784367 nvme1n1 WS   1631300864 131072    1.181
06:32:52.441 python3        1784368 nvme1n1 WS   1631301632 131072    1.272
06:32:52.441 python3        1784369 nvme1n1 WS   62099456   131072    1.355
06:32:52.442 python3        1784368 nvme1n1 WS   1631301888 131072    1.429
06:32:52.442 python3        1784368 nvme1n1 WS   1631302144 131072    1.508
06:32:52.442 python3        1784368 nvme1n1 WS   1631302400 131072    1.590
06:32:52.442 python3        1784368 nvme1n1 WS   1631302656 131072    1.673
06:32:52.442 python3        1784368 nvme1n1 WS   1631302912 131072    1.751
06:32:52.442 python3        1784368 nvme1n1 WS   1631303168 131072    1.831
06:32:52.442 python3        1784368 nvme1n1 WS   1631303424 131072    1.910
06:32:52.442 python3        1784368 nvme1n1 WS   1631303680 20480     1.921
06:32:52.442 python3        1784367 nvme1n1 WS   1631301120 131072    2.031
06:32:52.442 python3        1784367 nvme1n1 WS   1631301376 131072    2.089
06:32:52.442 python3        1784367 nvme1n1 WS   1631309824 131072    2.165
06:32:52.442 python3        1784367 nvme1n1 WS   1631310080 131072    2.240
06:32:52.442 python3        1784369 nvme1n1 WS   62099712   131072    2.338
06:32:52.443 python3        1784369 nvme1n1 WS   62099968   131072    2.413
06:32:52.443 python3        1784369 nvme1n1 WS   62100224   131072    2.484
06:32:52.443 python3        1784369 nvme1n1 WS   62100480   131072    2.559
06:32:52.443 python3        1784369 nvme1n1 WS   62100736   131072    2.633
06:32:52.443 python3        1784369 nvme1n1 WS   62100992   131072    2.721
06:32:52.443 python3        1784367 nvme1n1 WS   1631305728 131072    2.783
06:32:52.443 python3        1784367 nvme1n1 WS   1631305984 131072    2.853
06:32:52.443 python3        1784367 nvme1n1 WS   1631306240 131072    2.928
06:32:52.443 python3        1784367 nvme1n1 WS   1631306496 131072    3.003
06:32:52.443 python3        1784367 nvme1n1 WS   1631306752 131072    3.078
06:32:52.443 python3        1784367 nvme1n1 WS   1631307008 131072    3.164
06:32:52.443 python3        1784367 nvme1n1 WS   1631307264 131072    3.233
06:32:52.443 python3        1784367 nvme1n1 WS   1631307520 131072    3.306
06:32:52.443 python3        1784367 nvme1n1 WS   1631307776 20480     3.318
06:32:52.444 python3        1784369 nvme1n1 WS   62101248   131072    3.407
06:32:52.444 python3        1784369 nvme1n1 WS   62101504   131072    3.481
06:32:52.444 python3        1784369 nvme1n1 WS   62101760   131072    3.557
06:32:52.444 python3        1784369 nvme1n1 WS   62102016   131072    3.633
06:32:52.444 python3        1784369 nvme1n1 WS   62102272   131072    3.709
06:32:52.444 python3        1784369 nvme1n1 WS   62102528   131072    3.793
06:32:52.444 python3        1784369 nvme1n1 WS   62102784   131072    3.860
06:32:52.444 python3        1784366 nvme1n1 WS   1631313920 131072    3.935
06:32:52.444 python3        1784369 nvme1n1 WS   62103040   131072    4.012
06:32:52.444 python3        1784366 nvme1n1 WS   1631314176 131072    4.091
06:32:52.444 python3        1784366 nvme1n1 WS   1631314432 131072    4.168
06:32:52.444 python3        1784366 nvme1n1 WS   1631314688 131072    4.248
06:32:52.445 python3        1784366 nvme1n1 WS   1631314944 131072    4.333
06:32:52.445 python3        1784366 nvme1n1 WS   1631315200 131072    4.403
06:32:52.445 python3        1784366 nvme1n1 WS   1631315456 131072    4.483
06:32:52.445 python3        1784366 nvme1n1 WS   1631315712 131072    4.540
06:32:52.445 python3        1784369 nvme1n1 WS   62103296   131072    4.636
06:32:52.445 python3        1784369 nvme1n1 WS   62103552   131072    4.713
06:32:52.445 python3        1784369 nvme1n1 WS   62103808   131072    4.789
06:32:52.445 python3        1784369 nvme1n1 WS   1631318016 131072    4.868
06:32:52.445 python3        1784369 nvme1n1 WS   1631318272 131072    4.941
06:32:52.445 python3        1784369 nvme1n1 WS   1631318528 131072    5.020
06:32:52.445 python3        1784366 nvme1n1 WS   1631315968 131072    5.101
06:32:52.445 python3        1784366 nvme1n1 WS   1631316224 131072    5.179
06:32:52.445 python3        1784366 nvme1n1 WS   1631316480 131072    5.254
06:32:52.446 python3        1784366 nvme1n1 WS   1631316736 131072    5.333
06:32:52.446 python3        1784366 nvme1n1 WS   1631316992 131072    5.407
06:32:52.446 python3        1784366 nvme1n1 WS   1631317248 131072    5.485
06:32:52.446 python3        1784366 nvme1n1 WS   1631317504 131072    5.562
06:32:52.446 python3        1784366 nvme1n1 WS   1631317760 131072    5.623
06:32:52.446 python3        1784366 nvme1n1 WS   1631440896 131072    5.706
06:32:52.446 python3        1784366 nvme1n1 WS   1631441152 131072    5.777
06:32:52.446 python3        1784369 nvme1n1 WS   1631318784 131072    5.893
06:32:52.446 python3        1784369 nvme1n1 WS   1631319040 131072    5.970
06:32:52.446 python3        1784369 nvme1n1 WS   1631319296 131072    6.051
06:32:52.446 python3        1784369 nvme1n1 WS   1631319552 131072    6.131
06:32:52.446 python3        1784369 nvme1n1 WS   1631319808 131072    6.208
06:32:52.446 python3        1784369 nvme1n1 WS   1631320064 20480     6.222
06:32:52.447 python3        1784368 nvme1n1 WS   62107648   131072    6.293
06:32:52.447 python3        1784368 nvme1n1 WS   62107904   131072    6.363
06:32:52.447 python3        1784368 nvme1n1 WS   62108160   131072    6.440
06:32:52.447 python3        1784368 nvme1n1 WS   62108416   131072    6.519
06:32:52.447 python3        1784368 nvme1n1 WS   62108672   131072    6.594
06:32:52.447 python3        1784368 nvme1n1 WS   62108928   131072    6.683
06:32:52.447 python3        1784368 nvme1n1 WS   62109184   131072    6.761
06:32:52.447 python3        1784366 nvme1n1 WS   62111744   131072    6.838
06:32:52.447 python3        1784366 nvme1n1 WS   62112000   131072    6.910
06:32:52.447 python3        1784366 nvme1n1 WS   62112256   131072    6.986
06:32:52.447 python3        1784366 nvme1n1 WS   62112512   131072    7.063
06:32:52.447 python3        1784366 nvme1n1 WS   62112768   131072    7.138
06:32:52.447 python3        1784366 nvme1n1 WS   62113024   131072    7.217
06:32:52.448 python3        1784366 nvme1n1 WS   62113280   131072    7.293
06:32:52.448 python3        1784366 nvme1n1 WS   62113536   131072    7.369
06:32:52.448 python3        1784366 nvme1n1 WS   62113792   20480     7.380
06:32:52.448 python3        1784368 nvme1n1 WS   62109440   131072    7.467
06:32:52.448 python3        1784368 nvme1n1 WS   62109696   131072    7.544
06:32:52.448 python3        1784368 nvme1n1 WS   62109952   131072    7.621
06:32:52.448 python3        1784368 nvme1n1 WS   62110208   131072    7.701
06:32:52.448 python3        1784368 nvme1n1 WS   62110464   131072    7.780
06:32:52.448 python3        1784368 nvme1n1 WS   62110720   131072    7.859
06:32:52.448 python3        1784368 nvme1n1 WS   62110976   131072    7.934
06:32:52.448 python3        1784368 nvme1n1 WS   62111232   131072    8.009
06:32:52.448 python3        1784368 nvme1n1 WS   62111488   131072    8.073
06:32:52.448 python3        1784368 nvme1n1 WS   62115840   131072    8.150
06:32:52.449 python3        1784368 nvme1n1 WS   62116096   131072    8.233
06:32:52.633 nvme           1942339 Unknown N    -1         512       0.118
06:32:53.436 python3        1784366 nvme1n1 WS   1631404032 131072    0.191
06:32:53.436 python3        1784366 nvme1n1 WS   1631404288 131072    0.250
06:32:53.436 python3        1784366 nvme1n1 WS   1631404544 131072    0.362
06:32:53.436 python3        1784366 nvme1n1 WS   1631404800 131072    0.420
06:32:53.436 python3        1784366 nvme1n1 WS   1631405056 131072    0.478
06:32:53.436 python3        1784366 nvme1n1 WS   1631405312 131072    0.612
06:32:53.436 python3        1784366 nvme1n1 WS   1631405568 131072    0.689
06:32:53.437 python3        1784366 nvme1n1 WS   1631405824 131072    0.698
06:32:53.437 python3        1784366 nvme1n1 WS   1631406080 131072    0.791
06:32:53.437 python3        1784366 nvme1n1 WS   1631406336 131072    0.859
06:32:53.437 python3        1784366 nvme1n1 WS   1631406592 131072    0.939
06:32:53.437 python3        1784366 nvme1n1 WS   1631406848 131072    1.018
06:32:53.437 python3        1784366 nvme1n1 WS   1631407104 131072    1.103
06:32:53.437 python3        1784366 nvme1n1 WS   1631407360 131072    1.189
06:32:53.437 python3        1784366 nvme1n1 WS   1631407616 131072    1.273
06:32:53.437 python3        1784366 nvme1n1 WS   1631407872 131072    1.333
06:32:53.437 python3        1784366 nvme1n1 WS   1631408128 131072    1.415
06:32:53.437 python3        1784366 nvme1n1 WS   1631408384 131072    1.495
06:32:53.437 python3        1784366 nvme1n1 WS   1631444992 131072    1.550
06:32:53.437 python3        1784366 nvme1n1 WS   1631445248 131072    1.622
06:32:53.438 python3        1784366 nvme1n1 WS   1631445504 131072    1.703
06:32:53.438 python3        1784366 nvme1n1 WS   1631445760 131072    1.782
06:32:53.438 python3        1784366 nvme1n1 WS   1631446016 131072    1.862
06:32:53.438 python3        1784366 nvme1n1 WS   1631446272 131072    1.945
06:32:53.438 python3        1784366 nvme1n1 WS   1631446528 131072    2.026
06:32:53.438 python3        1784366 nvme1n1 WS   1631446784 131072    2.085
06:32:53.438 python3        1784366 nvme1n1 WS   1631447040 131072    2.158
06:32:53.438 python3        1784366 nvme1n1 WS   1631447296 131072    2.233
06:32:53.438 python3        1784366 nvme1n1 WS   1631447552 131072    2.309
06:32:53.438 python3        1784366 nvme1n1 WS   1631447808 131072    2.387
06:32:53.438 python3        1784366 nvme1n1 WS   1631448064 131072    2.462
06:32:53.438 python3        1784366 nvme1n1 WS   1631448320 131072    2.538
06:32:53.439 python3        1784366 nvme1n1 WS   1631448576 131072    2.615
06:32:53.439 python3        1784366 nvme1n1 WS   1631448832 131072    2.678
06:32:53.439 python3        1784366 nvme1n1 WS   1631449088 131072    2.735
06:32:53.439 python3        1784366 nvme1n1 WS   1631449344 131072    2.809
06:32:53.439 python3        1784369 nvme1n1 WS   1631387648 131072    2.842
06:32:53.439 python3        1784369 nvme1n1 WS   1631387904 131072    2.910
06:32:53.439 python3        1784369 nvme1n1 WS   1631388160 131072    2.987
06:32:53.439 python3        1784369 nvme1n1 WS   1631388416 131072    3.063
06:32:53.439 python3        1784369 nvme1n1 WS   1631388672 131072    3.137
06:32:53.439 python3        1784369 nvme1n1 WS   1631388928 131072    3.215
06:32:53.439 python3        1784369 nvme1n1 WS   1631389184 131072    3.286
06:32:53.439 python3        1784367 nvme1n1 WS   62119936   131072    3.360
06:32:53.439 python3        1784367 nvme1n1 WS   62120192   131072    3.429
06:32:53.440 python3        1784367 nvme1n1 WS   62120448   131072    3.506
06:32:53.440 python3        1784367 nvme1n1 WS   62120704   131072    3.582
06:32:53.440 python3        1784367 nvme1n1 WS   62120960   131072    3.657
06:32:53.440 python3        1784369 nvme1n1 WS   1631389440 131072    3.734
06:32:53.440 python3        1784369 nvme1n1 WS   1631389696 131072    3.813
06:32:53.440 python3        1784367 nvme1n1 WS   62121216   131072    3.892
06:32:53.440 python3        1784367 nvme1n1 WS   62121472   131072    3.966
06:32:53.440 python3        1784367 nvme1n1 WS   62121728   131072    4.022
06:32:53.440 python3        1784367 nvme1n1 WS   62121984   131072    4.093
06:32:53.440 python3        1784367 nvme1n1 WS   62122240   131072    4.168
06:32:53.440 python3        1784367 nvme1n1 WS   62122496   131072    4.243
06:32:53.440 python3        1784367 nvme1n1 WS   62122752   131072    4.317
06:32:53.440 python3        1784367 nvme1n1 WS   62123008   131072    4.392
06:32:53.441 python3        1784367 nvme1n1 WS   62123264   131072    4.470
06:32:53.441 python3        1784367 nvme1n1 WS   62123520   131072    4.543
06:32:53.441 python3        1784369 nvme1n1 WS   1631389952 131072    4.660
06:32:53.441 python3        1784369 nvme1n1 WS   1631390208 131072    4.737
06:32:53.441 python3        1784369 nvme1n1 WS   1631390464 131072    4.814
06:32:53.441 python3        1784369 nvme1n1 WS   1631390720 131072    4.891
06:32:53.441 python3        1784369 nvme1n1 WS   1631390976 131072    4.964
06:32:53.441 python3        1784369 nvme1n1 WS   1631391232 131072    5.040
06:32:53.441 python3        1784369 nvme1n1 WS   1631391488 131072    5.096
06:32:53.441 python3        1784369 nvme1n1 WS   1631391744 131072    5.171
06:32:53.441 python3        1784369 nvme1n1 WS   1631392000 131072    5.246
06:32:53.442 python3        1784367 nvme1n1 WS   1564139520 131072    5.440
06:32:53.442 python3        1784367 nvme1n1 WS   1564139776 131072    5.443
06:32:53.442 python3        1784367 nvme1n1 WS   1564140032 131072    5.488
06:32:53.442 python3        1784367 nvme1n1 WS   1564140288 131072    5.564
06:32:53.442 python3        1784367 nvme1n1 WS   1564140544 131072    5.638
06:32:53.442 python3        1784367 nvme1n1 WS   1564140800 131072    5.712
06:32:53.442 python3        1784367 nvme1n1 WS   1564141056 131072    5.789
06:32:53.442 python3        1784368 nvme1n1 WS   62124032   131072    5.861
06:32:53.442 python3        1784368 nvme1n1 WS   62124288   131072    5.930
06:32:53.442 python3        1784368 nvme1n1 WS   62124544   131072    6.008
06:32:53.442 python3        1784368 nvme1n1 WS   62124800   131072    6.089
06:32:53.442 python3        1784368 nvme1n1 WS   62125056   131072    6.165
06:32:53.442 python3        1784368 nvme1n1 WS   62125312   131072    6.241
06:32:53.442 python3        1784368 nvme1n1 WS   62125568   131072    6.321
06:32:53.443 python3        1784368 nvme1n1 WS   62125824   131072    6.378
06:32:53.443 python3        1784368 nvme1n1 WS   62126080   131072    6.455
06:32:53.443 python3        1784368 nvme1n1 WS   62126336   131072    6.528
06:32:53.443 python3        1784368 nvme1n1 WS   62126592   131072    6.602
06:32:53.443 python3        1784368 nvme1n1 WS   62126848   131072    6.718
06:32:53.443 python3        1784368 nvme1n1 WS   62127104   131072    6.795
06:32:53.443 python3        1784368 nvme1n1 WS   62127360   131072    6.872
06:32:53.443 python3        1784367 nvme1n1 WS   62123776   131072    7.009
06:32:53.443 python3        1784367 nvme1n1 WS   62234624   131072    7.081
06:32:53.443 python3        1784367 nvme1n1 WS   62234880   131072    7.169
06:32:53.443 python3        1784367 nvme1n1 WS   1564141312 131072    7.246
06:32:53.443 python3        1784367 nvme1n1 WS   1564141568 131072    7.323
06:32:53.444 python3        1784367 nvme1n1 WS   1564141824 131072    7.398
06:32:53.444 python3        1784367 nvme1n1 WS   1564142080 131072    7.472
06:32:53.444 python3        1784367 nvme1n1 WS   1564142336 131072    7.550
06:32:53.444 python3        1784367 nvme1n1 WS   1564142592 131072    7.630
06:32:53.444 python3        1784367 nvme1n1 WS   1564142848 131072    7.707
06:32:53.444 python3        1784367 nvme1n1 WS   1564143104 131072    7.781
06:32:53.444 python3        1784367 nvme1n1 WS   1564143360 131072    7.850
06:32:53.444 python3        1784367 nvme1n1 WS   1564143616 131072    7.928
06:32:53.444 python3        1784367 nvme1n1 WS   1564143872 131072    8.005
06:32:53.444 python3        1784368 nvme1n1 WS   62127616   131072    8.076
06:32:53.444 python3        1784368 nvme1n1 WS   62127872   131072    8.135
06:32:53.444 python3        1784368 nvme1n1 WS   62128128   131072    8.214
06:32:53.445 python3        1784368 nvme1n1 WS   62128384   131072    8.291
06:32:53.445 python3        1784368 nvme1n1 WS   1631395840 131072    8.432
06:32:53.445 python3        1784368 nvme1n1 WS   1631396096 131072    8.444
06:32:53.445 python3        1784368 nvme1n1 WS   1631396352 131072    8.525
06:32:53.445 python3        1784368 nvme1n1 WS   1631396608 131072    8.602
06:32:53.445 python3        1784368 nvme1n1 WS   1631396864 131072    8.680
06:32:53.445 python3        1784368 nvme1n1 WS   1631397120 131072    8.758
06:32:53.445 python3        1784368 nvme1n1 WS   1631397376 131072    8.833
06:32:53.445 python3        1784368 nvme1n1 WS   1631399936 131072    8.914
06:32:53.445 python3        1784368 nvme1n1 WS   1631400192 131072    8.986
06:32:53.445 python3        1784368 nvme1n1 WS   1631400448 131072    9.065
06:32:53.445 python3        1784368 nvme1n1 WS   1631400704 131072    9.139
06:32:53.445 python3        1784368 nvme1n1 WS   1631400960 131072    9.215
06:32:53.446 python3        1784368 nvme1n1 WS   1631401216 131072    9.289
06:32:53.446 python3        1784368 nvme1n1 WS   1631401472 131072    9.368
06:32:53.446 python3        1784368 nvme1n1 WS   1631397632 131072    9.453
06:32:53.446 python3        1784368 nvme1n1 WS   1631397888 131072    9.533
06:32:53.446 python3        1784368 nvme1n1 WS   1631398144 131072    9.610
06:32:53.446 python3        1784368 nvme1n1 WS   1631398400 131072    9.691
06:32:53.446 python3        1784366 nvme1n1 WS   62132224   131072    9.828
06:32:53.446 python3        1784366 nvme1n1 WS   62132480   131072    9.854
06:32:53.446 python3        1784367 nvme1n1 WS   62246912   131072    9.982
06:32:53.446 python3        1784368 nvme1n1 WS   1631398656 131072   10.006
06:32:53.446 python3        1784368 nvme1n1 WS   1631398912 131072   10.082
06:32:53.446 python3        1784368 nvme1n1 WS   1631399168 131072   10.158
06:32:53.447 python3        1784368 nvme1n1 WS   1631399424 131072   10.240
06:32:53.447 python3        1784368 nvme1n1 WS   1631399680 131072   10.303
06:32:53.447 python3        1784368 nvme1n1 WS   1631330304 131072   10.381
06:32:53.447 python3        1784368 nvme1n1 WS   1631330560 131072   10.459
06:32:53.447 python3        1784366 nvme1n1 WS   62132736   131072   10.569
06:32:53.447 python3        1784366 nvme1n1 WS   62132992   131072   10.646
06:32:53.447 python3        1784366 nvme1n1 WS   62133248   131072   10.720
06:32:53.447 python3        1784366 nvme1n1 WS   62133504   131072   10.794
06:32:53.447 python3        1784366 nvme1n1 WS   62133760   131072   10.871
06:32:53.447 python3        1784366 nvme1n1 WS   62134016   131072   10.932
06:32:53.447 python3        1784366 nvme1n1 WS   62134272   131072   11.007
06:32:53.447 python3        1784366 nvme1n1 WS   62134528   131072   11.083
06:32:53.447 python3        1784367 nvme1n1 WS   62247168   131072   11.208
06:32:53.448 python3        1784367 nvme1n1 WS   62247424   131072   11.283
06:32:53.448 python3        1784367 nvme1n1 WS   62247680   131072   11.358
06:32:53.448 python3        1784367 nvme1n1 WS   62247936   131072   11.433
06:32:53.448 python3        1784367 nvme1n1 WS   62248192   131072   11.513
06:32:53.448 python3        1784367 nvme1n1 WS   62248448   131072   11.624
06:32:53.448 python3        1784367 nvme1n1 WS   62248704   131072   11.684
06:32:53.448 python3        1784367 nvme1n1 WS   62248960   131072   11.760
06:32:53.448 python3        1784368 nvme1n1 WS   1631401728 131072   11.872
06:32:53.448 python3        1784368 nvme1n1 WS   1631401984 131072   11.944
06:32:53.448 python3        1784368 nvme1n1 WS   1631402240 131072   12.021
06:32:53.448 python3        1784368 nvme1n1 WS   1631402496 131072   12.098
06:32:53.448 python3        1784368 nvme1n1 WS   1631402752 131072   12.177
06:32:53.449 python3        1784368 nvme1n1 WS   1631403008 131072   12.251
06:32:53.449 python3        1784368 nvme1n1 WS   1631403264 131072   12.328
06:32:53.449 python3        1784368 nvme1n1 WS   1631403520 131072   12.404
06:32:53.449 python3        1784369 nvme1n1 WS   1631322112 131072   12.536
06:32:53.449 python3        1784369 nvme1n1 WS   1631322368 131072   12.572
06:32:53.449 python3        1784369 nvme1n1 WS   1631322624 131072   12.657
06:32:53.449 python3        1784366 nvme1n1 WS   1631326208 131072   12.727
06:32:53.449 python3        1784366 nvme1n1 WS   1631326464 131072   12.800
06:32:53.449 python3        1784366 nvme1n1 WS   1631326720 131072   12.875
06:32:53.449 python3        1784368 nvme1n1 WS   62136320   131072   12.972
06:32:53.449 python3        1784368 nvme1n1 WS   62136576   131072   13.040
06:32:53.449 python3        1784369 nvme1n1 WS   1631322880 131072   13.111
06:32:53.449 python3        1784369 nvme1n1 WS   1631323136 131072   13.186
06:32:53.450 python3        1784369 nvme1n1 WS   1631323392 131072   13.267
06:32:53.450 python3        1784369 nvme1n1 WS   1631323648 131072   13.342
06:32:53.450 python3        1784369 nvme1n1 WS   1631323904 131072   13.400
06:32:53.450 python3        1784369 nvme1n1 WS   1631324160 131072   13.477
06:32:53.450 python3        1784369 nvme1n1 WS   1631324416 131072   13.553
06:32:53.450 python3        1784369 nvme1n1 WS   1631324672 131072   13.630
06:32:53.450 python3        1784369 nvme1n1 WS   1631324928 131072   13.711
06:32:53.450 python3        1784369 nvme1n1 WS   1631325184 131072   13.790
06:32:53.450 python3        1784369 nvme1n1 WS   1631325440 131072   13.873
06:32:53.450 python3        1784369 nvme1n1 WS   1631325696 131072   13.946
06:32:53.450 python3        1784369 nvme1n1 WS   1631325952 131072   14.004
06:32:53.450 python3        1784367 nvme1n1 WS   62249216   131072   14.155
06:32:53.451 python3        1784367 nvme1n1 WS   62249472   131072   14.233
06:32:53.451 python3        1784367 nvme1n1 WS   62249728   131072   14.310
06:32:53.451 python3        1784367 nvme1n1 WS   62249984   131072   14.387
06:32:53.451 python3        1784367 nvme1n1 WS   62250240   131072   14.464
06:32:53.451 python3        1784367 nvme1n1 WS   62250496   131072   14.544
06:32:53.451 python3        1784367 nvme1n1 WS   62250752   131072   14.608
06:32:53.451 python3        1784367 nvme1n1 WS   62251008   131072   14.685
06:32:53.451 python3        1784367 nvme1n1 WS   62251264   131072   14.761
06:32:53.451 python3        1784368 nvme1n1 WS   62136832   131072   14.881
06:32:53.451 python3        1784368 nvme1n1 WS   62137088   131072   14.951
06:32:53.451 python3        1784368 nvme1n1 WS   62137344   131072   15.026
06:32:53.451 python3        1784368 nvme1n1 WS   62137600   131072   15.104
06:32:53.452 python3        1784368 nvme1n1 WS   62137856   131072   15.178
06:32:53.452 python3        1784368 nvme1n1 WS   62138112   131072   15.241
06:32:53.452 python3        1784368 nvme1n1 WS   62138368   131072   15.320
06:32:53.452 python3        1784368 nvme1n1 WS   62138624   131072   15.393
06:32:53.452 python3        1784368 nvme1n1 WS   62138880   131072   15.472
06:32:53.452 python3        1784368 nvme1n1 WS   62139136   69632    15.513
06:32:53.452 python3        1784366 nvme1n1 WS   1631326976 131072   15.647
06:32:53.452 python3        1784366 nvme1n1 WS   1631327232 131072   15.715
06:32:53.452 python3        1784366 nvme1n1 WS   1631327488 131072   15.793
06:32:53.452 python3        1784366 nvme1n1 WS   1631327744 131072   15.868
06:32:53.452 python3        1784366 nvme1n1 WS   1631328000 131072   15.927
06:32:53.452 python3        1784366 nvme1n1 WS   1631328256 131072   16.002
06:32:53.452 python3        1784366 nvme1n1 WS   1631328512 131072   16.080
06:32:53.453 python3        1784366 nvme1n1 WS   1631328768 131072   16.164
06:32:53.453 python3        1784366 nvme1n1 WS   1631329024 131072   16.233
06:32:53.453 python3        1784366 nvme1n1 WS   1631329280 131072   16.313
06:32:53.453 python3        1784366 nvme1n1 WS   1631329536 131072   16.393
06:32:53.453 python3        1784366 nvme1n1 WS   1631329792 131072   16.500
06:32:53.453 python3        1784366 nvme1n1 WS   1631330048 131072   16.564
06:32:53.453 python3        1784366 nvme1n1 WS   1631338496 131072   16.642
06:32:53.453 python3        1784366 nvme1n1 WS   1631338752 131072   16.720
06:32:53.453 python3        1784366 nvme1n1 WS   62134784   131072   16.996
06:32:53.453 python3        1784366 nvme1n1 WS   62135040   69632    16.998
06:32:53.453 python3        1784368 nvme1n1 WS   1631403776 131072   17.095
06:32:53.453 python3        1784368 nvme1n1 WS   1631334400 131072   17.118
06:32:53.453 python3        1784368 nvme1n1 WS   1631334656 131072   17.129
06:32:53.454 python3        1784367 nvme1n1 WS   62140416   131072   17.234
06:32:53.454 python3        1784367 nvme1n1 WS   62140672   131072   17.249
06:32:53.454 python3        1784367 nvme1n1 WS   62140928   131072   17.334
06:32:53.454 python3        1784367 nvme1n1 WS   62141184   131072   17.403
06:32:53.454 python3        1784367 nvme1n1 WS   62141440   131072   17.478
06:32:53.454 python3        1784367 nvme1n1 WS   62141696   131072   17.559
06:32:53.454 python3        1784367 nvme1n1 WS   62141952   131072   17.641
06:32:53.454 python3        1784367 nvme1n1 WS   62142208   131072   17.708
06:32:53.454 python3        1784367 nvme1n1 WS   62142464   131072   17.796
06:32:53.454 python3        1784367 nvme1n1 WS   62142720   131072   17.871
06:32:53.454 python3        1784367 nvme1n1 WS   62142976   131072   17.950
06:32:53.454 python3        1784367 nvme1n1 WS   62143232   69632    17.991
06:32:53.455 python3        1784369 nvme1n1 WS   1631846400 131072   18.166
06:32:53.455 python3        1784369 nvme1n1 WS   1631846656 131072   18.188
06:32:53.455 python3        1784369 nvme1n1 WS   62255104   131072   18.231
06:32:53.455 python3        1784369 nvme1n1 WS   62255360   131072   18.302
06:32:53.455 python3        1784369 nvme1n1 WS   62255616   131072   18.381
06:32:53.455 python3        1784369 nvme1n1 WS   62255872   131072   18.461
06:32:53.455 python3        1784369 nvme1n1 WS   62256128   131072   18.537
06:32:53.455 python3        1784369 nvme1n1 WS   62256384   131072   18.615
06:32:53.455 python3        1784369 nvme1n1 WS   62256640   131072   18.696
06:32:53.455 python3        1784369 nvme1n1 WS   62256896   131072   18.763
06:32:53.455 python3        1784369 nvme1n1 WS   62257152   131072   18.857
06:32:53.455 python3        1784369 nvme1n1 WS   62257408   131072   18.916
06:32:53.455 python3        1784369 nvme1n1 WS   62257664   131072   18.996
06:32:53.456 python3        1784369 nvme1n1 WS   62257920   131072   19.075
06:32:53.456 python3        1784369 nvme1n1 WS   62258176   131072   19.156
06:32:53.456 python3        1784369 nvme1n1 WS   62258432   131072   19.229
06:32:53.456 python3        1784369 nvme1n1 WS   62258688   131072   19.311
06:32:53.456 python3        1784369 nvme1n1 WS   62258944   131072   19.375
06:32:53.456 python3        1784369 nvme1n1 WS   1631342592 131072   19.482
06:32:53.456 python3        1784369 nvme1n1 WS   1631342848 131072   19.545
06:32:53.456 python3        1784369 nvme1n1 WS   1631343104 131072   19.623
06:32:53.456 python3        1784369 nvme1n1 WS   1631343360 131072   19.700
06:32:53.456 python3        1784369 nvme1n1 WS   1631343616 131072   19.773
06:32:53.456 python3        1784369 nvme1n1 WS   1631343872 131072   19.854
06:32:53.456 python3        1784369 nvme1n1 WS   1631344128 131072   19.931
06:32:53.457 python3        1784369 nvme1n1 WS   1631344384 131072   19.999
06:32:53.457 python3        1784369 nvme1n1 WS   1631344640 131072   20.073
06:32:53.457 python3        1784369 nvme1n1 WS   1631344896 131072   20.154
06:32:53.457 python3        1784369 nvme1n1 WS   1631345152 131072   20.230
06:32:53.457 python3        1784369 nvme1n1 WS   1631345408 69632    20.273
06:32:53.457 python3        1784369 nvme1n1 WS   62259200   131072   20.379
06:32:53.457 python3        1784369 nvme1n1 WS   62259456   131072   20.460
06:32:53.636 nvme           1942353 Unknown N    -1         512       0.032
06:32:54.638 nvme           1942365 Unknown N    -1         512       0.089
06:32:55.353 ib_log_        125932  nvme1n1 WS   1756078624 4096      0.057
06:32:55.397 ib_log_        125932  nvme1n1 WS   1756078624 4096      0.036
06:32:55.506 jbd2/nv        752     nvme1n1 WSM  877159656  131072    0.175
06:32:55.506 jbd2/nv        752     nvme1n1 WSM  877159912  131072    0.210
06:32:55.506 jbd2/nv        752     nvme1n1 WSM  877160168  12288     0.209
06:32:55.506 jbd2/nv        752     nvme1n1 WSM  877160192  4096      0.031
06:32:55.571 ib_pg_f        125932  nvme1n1 WS   1756905472 81920     0.103
06:32:55.571 ib_pg_f        125932  nvme1n1 WS   1756432064 16384     0.044
06:32:55.571 ib_pg_f        125932  nvme1n1 WS   1755217512 16384     0.041
06:32:55.571 ib_pg_f        125932  nvme1n1 WS   1757716416 16384     0.048
06:32:55.571 ib_pg_f        125932  nvme1n1 WS   1755178784 16384     0.051
06:32:55.571 ib_pg_f        125932  nvme1n1 WS   1740058784 16384     0.050
06:32:55.640 nvme           1942372 Unknown N    -1         512       0.031
06:32:56.407 ib_log_        125932  nvme1n1 WS   1756076288 4096      0.053
06:32:56.643 nvme           1942377 Unknown N    -1         512       0.075
06:32:56.668 python3        1784368 nvme1n1 WS   1631346688 131072    0.187
06:32:56.668 python3        1784368 nvme1n1 WS   1631346944 131072    0.255
06:32:56.669 python3        1784368 nvme1n1 WS   1631347200 131072    0.333
06:32:56.669 python3        1784368 nvme1n1 WS   1631347456 131072    0.401
06:32:56.669 python3        1784368 nvme1n1 WS   1631347712 131072    0.480
06:32:56.669 python3        1784368 nvme1n1 WS   1631347968 131072    0.588
06:32:56.669 python3        1784368 nvme1n1 WS   1631348224 131072    0.641
06:32:56.669 python3        1784368 nvme1n1 WS   1631348480 131072    0.706
06:32:56.669 python3        1784368 nvme1n1 WS   1631348736 131072    0.789
06:32:56.669 python3        1784368 nvme1n1 WS   1631348992 131072    0.874
06:32:56.669 python3        1784368 nvme1n1 WS   1631349248 131072    0.958
06:32:56.669 python3        1784368 nvme1n1 WS   1631349504 131072    1.027
06:32:56.669 python3        1784368 nvme1n1 WS   1631349760 131072    1.109
06:32:56.669 python3        1784368 nvme1n1 WS   1631350016 131072    1.182
06:32:56.670 python3        1784368 nvme1n1 WS   1631350272 131072    1.264
06:32:56.670 python3        1784368 nvme1n1 WS   1631350528 131072    1.331
06:32:56.670 python3        1784368 nvme1n1 WS   1631350784 131072    1.406
06:32:56.670 python3        1784368 nvme1n1 WS   1631351040 131072    1.486
06:32:56.670 python3        1784367 nvme1n1 WS   1631354880 131072    1.464
06:32:56.670 python3        1784367 nvme1n1 WS   1631355136 131072    1.539
06:32:56.670 python3        1784367 nvme1n1 WS   1631355392 131072    1.616
06:32:56.670 python3        1784367 nvme1n1 WS   1631355648 131072    1.696
06:32:56.670 python3        1784367 nvme1n1 WS   1631355904 131072    1.780
06:32:56.670 python3        1784367 nvme1n1 WS   1664004608 73728     1.838
06:32:56.670 python3        1784367 nvme1n1 WS   1631356160 131072    1.909
06:32:56.670 python3        1784367 nvme1n1 WS   1631356416 131072    1.985
06:32:56.670 python3        1784367 nvme1n1 WS   1631358976 131072    2.069
06:32:56.671 python3        1784367 nvme1n1 WS   1631359232 131072    2.138
06:32:56.671 python3        1784367 nvme1n1 WS   1631359488 131072    2.216
06:32:56.671 python3        1784367 nvme1n1 WS   1631359744 131072    2.290
06:32:56.671 python3        1784367 nvme1n1 WS   1631360000 131072    2.365
06:32:56.671 python3        1784367 nvme1n1 WS   1631360256 131072    2.441
06:32:56.671 python3        1784367 nvme1n1 WS   1631360512 131072    2.515
06:32:56.671 python3        1784368 nvme1n1 WS   1631363072 131072    2.597
06:32:56.671 python3        1784368 nvme1n1 WS   1631363328 131072    2.667
06:32:56.671 python3        1784368 nvme1n1 WS   1631363584 131072    2.741
06:32:56.671 python3        1784368 nvme1n1 WS   1631363840 131072    2.815
06:32:56.671 python3        1784368 nvme1n1 WS   1631364096 131072    2.897
06:32:56.671 python3        1784367 nvme1n1 WS   1631356672 131072    2.979
06:32:56.671 python3        1784367 nvme1n1 WS   1631356928 131072    3.059
06:32:56.672 python3        1784367 nvme1n1 WS   1631357184 131072    3.133
06:32:56.672 python3        1784367 nvme1n1 WS   1631357440 131072    3.211
06:32:56.672 python3        1784367 nvme1n1 WS   1631357696 131072    3.287
06:32:56.672 python3        1784368 nvme1n1 WS   68980480   73728     3.343
06:32:56.672 python3        1784367 nvme1n1 WS   1631357952 131072    3.408
06:32:56.672 python3        1784367 nvme1n1 WS   1631358208 131072    3.484
06:32:56.672 python3        1784367 nvme1n1 WS   1631358464 131072    3.561
06:32:56.672 python3        1784367 nvme1n1 WS   1631358720 131072    3.628
06:32:56.672 python3        1784367 nvme1n1 WS   1631367168 131072    3.704
06:32:56.672 python3        1784367 nvme1n1 WS   1631367424 131072    3.784
06:32:56.672 python3        1784368 nvme1n1 WS   1631364352 131072    3.890
06:32:56.672 python3        1784368 nvme1n1 WS   1631364608 131072    3.966
06:32:56.672 python3        1784368 nvme1n1 WS   1631364864 131072    4.027
06:32:56.673 python3        1784368 nvme1n1 WS   1631365120 131072    4.116
06:32:56.673 python3        1784368 nvme1n1 WS   1631365376 131072    4.180
06:32:56.673 python3        1784368 nvme1n1 WS   1631365632 131072    4.256
06:32:56.673 python3        1784367 nvme1n1 WS   1631360768 131072    4.414
06:32:56.673 python3        1784367 nvme1n1 WS   1631361024 131072    4.445
06:32:56.673 python3        1784367 nvme1n1 WS   1631361280 131072    4.524
06:32:56.673 python3        1784367 nvme1n1 WS   1631361536 131072    4.608
06:32:56.673 python3        1784367 nvme1n1 WS   1631361792 131072    4.681
06:32:56.673 python3        1784367 nvme1n1 WS   1631362048 131072    4.759
06:32:56.673 python3        1784367 nvme1n1 WS   1631362304 131072    4.834
06:32:56.673 python3        1784367 nvme1n1 WS   1631362560 131072    4.910
06:32:56.673 python3        1784368 nvme1n1 WS   1631365888 131072    4.975
06:32:56.674 python3        1784368 nvme1n1 WS   1631366144 131072    5.061
06:32:56.674 python3        1784368 nvme1n1 WS   1631366400 131072    5.134
06:32:56.674 python3        1784368 nvme1n1 WS   1631366656 131072    5.214
06:32:56.674 python3        1784368 nvme1n1 WS   1631366912 131072    5.283
06:32:56.674 python3        1784368 nvme1n1 WS   1631375360 131072    5.363
06:32:56.674 python3        1784368 nvme1n1 WS   1631375616 131072    5.441
06:32:56.674 python3        1784367 nvme1n1 WS   1631362816 131072    5.544
06:32:56.674 python3        1784367 nvme1n1 WS   1631371264 131072    5.623
06:32:56.674 python3        1784367 nvme1n1 WS   1631371520 131072    5.700
06:32:56.674 python3        1784366 nvme1n1 WS   62263296   131072    5.307
06:32:56.674 python3        1784366 nvme1n1 WS   62263552   131072    5.332
06:32:56.674 python3        1784366 nvme1n1 WS   62263808   131072    5.409
06:32:56.674 python3        1784366 nvme1n1 WS   62264064   131072    5.490
06:32:56.675 python3        1784366 nvme1n1 WS   62264320   131072    5.565
06:32:56.675 python3        1784366 nvme1n1 WS   62264576   131072    5.644
06:32:56.675 python3        1784366 nvme1n1 WS   62264832   131072    5.718
06:32:56.675 python3        1784366 nvme1n1 WS   62265088   131072    5.777
06:32:56.675 python3        1784366 nvme1n1 WS   62265344   131072    5.856
06:32:56.675 python3        1784366 nvme1n1 WS   62265600   131072    5.933
06:32:56.675 python3        1784366 nvme1n1 WS   62265856   131072    6.008
06:32:56.675 python3        1784366 nvme1n1 WS   62266112   131072    6.087
06:32:56.675 python3        1784366 nvme1n1 WS   68986624   73728     6.180
06:32:56.675 python3        1784366 nvme1n1 WS   62266368   131072    6.248
06:32:56.675 python3        1784366 nvme1n1 WS   62266624   131072    6.325
06:32:56.675 python3        1784366 nvme1n1 WS   62266880   131072    6.403
06:32:56.676 python3        1784366 nvme1n1 WS   62267136   131072    6.467
06:32:56.676 python3        1784366 nvme1n1 WS   62267392   131072    6.547
06:32:56.676 python3        1784366 nvme1n1 WS   62267648   131072    6.624
06:32:56.676 python3        1784366 nvme1n1 WS   1631379456 131072    6.710
06:32:56.676 python3        1784366 nvme1n1 WS   1631379712 131072    6.781
06:32:56.676 python3        1784366 nvme1n1 WS   1631379968 131072    6.857
06:32:56.676 python3        1784366 nvme1n1 WS   1631380224 131072    6.931
06:32:56.676 python3        1784366 nvme1n1 WS   1631380480 131072    7.009
06:32:56.676 python3        1784366 nvme1n1 WS   1631380736 131072    7.091
06:32:56.676 python3        1784366 nvme1n1 WS   1631380992 131072    7.172
06:32:56.676 python3        1784366 nvme1n1 WS   1631381248 131072    7.239
06:32:56.676 python3        1784366 nvme1n1 WS   1631381504 131072    7.321
06:32:56.677 python3        1784366 nvme1n1 WS   1631381760 131072    7.409
06:32:56.677 python3        1784366 nvme1n1 WS   1631382016 131072    7.476
06:32:56.677 python3        1784366 nvme1n1 WS   1631382272 131072    7.556
06:32:56.677 python3        1784366 nvme1n1 WS   1631382528 131072    7.633
06:32:56.677 python3        1784366 nvme1n1 WS   1631382784 131072    7.711
06:32:56.677 python3        1784366 nvme1n1 WS   1631383040 131072    7.772
06:32:56.677 python3        1784366 nvme1n1 WS   1631383296 131072    7.835
06:32:56.677 python3        1784366 nvme1n1 WS   1631453184 131072    7.912
06:32:56.677 python3        1784366 nvme1n1 WS   1631453440 131072    7.998
06:32:56.677 python3        1784369 nvme1n1 WS   1631383552 131072    8.080
06:32:56.677 python3        1784369 nvme1n1 WS   1631383808 131072    8.149
06:32:56.677 python3        1784369 nvme1n1 WS   1631384064 131072    8.228
06:32:56.677 python3        1784369 nvme1n1 WS   1631384320 131072    8.310
06:32:56.678 python3        1784369 nvme1n1 WS   1631384576 131072    8.389
06:32:56.678 python3        1784369 nvme1n1 WS   1631384832 131072    8.467
06:32:56.678 python3        1784369 nvme1n1 WS   1631385088 131072    8.547
06:32:56.678 python3        1784369 nvme1n1 WS   1631385344 131072    8.610
06:32:56.678 python3        1784369 nvme1n1 WS   1631385600 131072    8.686
06:32:56.678 python3        1784369 nvme1n1 WS   1631385856 131072    8.767
06:32:56.678 python3        1784369 nvme1n1 WS   1631386112 131072    8.843
06:32:56.678 python3        1784369 nvme1n1 WS   1631386368 131072    8.921
06:32:56.678 python3        1784369 nvme1n1 WS   1631386624 131072    8.999
06:32:56.678 python3        1784369 nvme1n1 WS   1631386880 131072    9.073
06:32:56.678 python3        1784369 nvme1n1 WS   1631387136 131072    9.151
06:32:56.678 python3        1784369 nvme1n1 WS   1631387392 131072    9.215
06:32:56.679 python3        1784369 nvme1n1 WS   1631457280 131072    9.295
06:32:56.679 python3        1784369 nvme1n1 WS   1631457536 131072    9.374
06:32:56.679 python3        1784369 nvme1n1 WS   1664006912 73728     9.230
06:32:56.679 python3        1784369 nvme1n1 WS   62271488   131072    9.250
06:32:56.679 python3        1784369 nvme1n1 WS   62271744   131072    9.321
06:32:56.679 python3        1784369 nvme1n1 WS   62272000   131072    9.396
06:32:56.679 python3        1784369 nvme1n1 WS   62272256   131072    9.470
06:32:56.679 python3        1784369 nvme1n1 WS   62272512   131072    9.547
06:32:56.679 python3        1784369 nvme1n1 WS   62272768   131072    9.621
06:32:56.679 python3        1784369 nvme1n1 WS   62273024   131072    9.695
06:32:56.679 python3        1784369 nvme1n1 WS   62273280   131072    9.742
06:32:56.679 python3        1784369 nvme1n1 WS   62273536   131072    9.815
06:32:56.679 python3        1784369 nvme1n1 WS   62273792   131072    9.895
06:32:56.680 python3        1784369 nvme1n1 WS   62274048   131072    9.973
06:32:56.680 python3        1784369 nvme1n1 WS   62274304   131072   10.034
06:32:56.680 python3        1784369 nvme1n1 WS   62274560   131072   10.095
06:32:56.680 python3        1784369 nvme1n1 WS   62274816   131072   10.191
06:32:56.680 python3        1784369 nvme1n1 WS   62275072   131072   10.317
06:32:56.680 python3        1784369 nvme1n1 WS   62275328   131072   10.428
06:32:56.680 python3        1784369 nvme1n1 WS   62275584   131072   10.560
06:32:56.680 python3        1784369 nvme1n1 WS   62275840   131072   10.703
06:32:57.645 nvme           1942387 Unknown N    -1         512       0.107
06:32:58.017 kworker        1696237 nvme1n1 W    608496736  126976    0.209
06:32:58.017 kworker        1696237 nvme1n1 W    608496984  131072    0.277
06:32:58.017 kworker        1696237 nvme1n1 W    608497240  122880    0.346
06:32:58.017 kworker        1696237 nvme1n1 W    1176609280 131072    0.422
06:32:58.017 kworker        1696237 nvme1n1 W    1176609536 61440     0.458
06:32:58.017 kworker        1696237 nvme1n1 W    608497480  32768     0.477
06:32:58.017 kworker        1696237 nvme1n1 W    1176546736 131072    0.554
06:32:58.017 kworker        1696237 nvme1n1 W    1176546992 90112     0.607
06:32:58.017 kworker        1696237 nvme1n1 W    608904192  77824     0.655
06:32:58.017 kworker        1696237 nvme1n1 W    608497544  45056     0.680
06:32:58.647 nvme           1942401 Unknown N    -1         512       0.047
06:32:59.650 nvme           1942410 Unknown N    -1         512       0.079
06:33:00.492 python3        1784368 nvme1n1 WS   62279680   131072    0.200
06:33:00.492 python3        1784368 nvme1n1 WS   62279936   131072    0.261
06:33:00.492 python3        1784368 nvme1n1 WS   62280192   131072    0.353
06:33:00.492 python3        1784368 nvme1n1 WS   62280448   131072    0.440
06:33:00.492 python3        1784368 nvme1n1 WS   62280704   131072    0.503
06:33:00.492 python3        1784368 nvme1n1 WS   62280960   131072    0.596
06:33:00.492 python3        1784368 nvme1n1 WS   62281216   131072    0.638
06:33:00.492 python3        1784368 nvme1n1 WS   62281472   131072    0.697
06:33:00.492 python3        1784368 nvme1n1 WS   62281728   131072    0.776
06:33:00.492 python3        1784368 nvme1n1 WS   62281984   131072    0.854
06:33:00.492 python3        1784368 nvme1n1 WS   62282240   131072    0.935
06:33:00.493 python3        1784368 nvme1n1 WS   62282496   131072    1.017
06:33:00.493 python3        1784368 nvme1n1 WS   62282752   131072    1.094
06:33:00.493 python3        1784368 nvme1n1 WS   62283008   131072    1.173
06:33:00.493 python3        1784368 nvme1n1 WS   62283264   131072    1.251
06:33:00.493 python3        1784368 nvme1n1 WS   62283520   131072    1.314
06:33:00.493 python3        1784368 nvme1n1 WS   62283776   131072    1.397
06:33:00.493 python3        1784367 nvme1n1 WS   1631461376 131072    1.480
06:33:00.493 python3        1784368 nvme1n1 WS   1631465472 131072    1.564
06:33:00.493 python3        1784368 nvme1n1 WS   62284032   131072    1.642
06:33:00.493 python3        1784367 nvme1n1 WS   1631461632 131072    1.721
06:33:00.493 python3        1784367 nvme1n1 WS   1631461888 131072    1.800
06:33:00.493 python3        1784367 nvme1n1 WS   1631462144 131072    1.881
06:33:00.494 python3        1784367 nvme1n1 WS   1631462400 131072    1.961
06:33:00.494 python3        1784368 nvme1n1 WS   1631465728 131072    2.053
06:33:00.494 python3        1784368 nvme1n1 WS   1631465984 131072    2.126
06:33:00.494 python3        1784368 nvme1n1 WS   1631466240 131072    2.202
06:33:00.494 python3        1784368 nvme1n1 WS   1631466496 131072    2.275
06:33:00.494 python3        1784367 nvme1n1 WS   1631462656 131072    2.350
06:33:00.494 python3        1784367 nvme1n1 WS   1631462912 131072    2.427
06:33:00.494 python3        1784367 nvme1n1 WS   1631463168 131072    2.485
06:33:00.494 python3        1784368 nvme1n1 WS   1631466752 131072    2.582
06:33:00.494 python3        1784368 nvme1n1 WS   1631467008 131072    2.658
06:33:00.494 python3        1784368 nvme1n1 WS   1631467264 131072    2.717
06:33:00.494 python3        1784367 nvme1n1 WS   1631463424 131072    2.792
06:33:00.494 python3        1784367 nvme1n1 WS   1631463680 131072    2.866
06:33:00.495 python3        1784367 nvme1n1 WS   1631463936 131072    2.943
06:33:00.495 python3        1784367 nvme1n1 WS   1631464192 131072    3.018
06:33:00.495 python3        1784367 nvme1n1 WS   1631464448 131072    3.095
06:33:00.495 python3        1784367 nvme1n1 WS   1631464704 131072    3.169
06:33:00.495 python3        1784367 nvme1n1 WS   1631464960 131072    3.245
06:33:00.495 python3        1784367 nvme1n1 WS   1631465216 131072    3.310
06:33:00.495 python3        1784367 nvme1n1 WS   1631850496 131072    3.378
06:33:00.495 python3        1784367 nvme1n1 WS   1631850752 131072    3.455
06:33:00.495 python3        1784368 nvme1n1 WS   1631467520 131072    3.575
06:33:00.495 python3        1784368 nvme1n1 WS   1631467776 131072    3.661
06:33:00.495 python3        1784368 nvme1n1 WS   1631468032 131072    3.725
06:33:00.495 python3        1784368 nvme1n1 WS   1631468288 131072    3.796
06:33:00.495 python3        1784368 nvme1n1 WS   1631468544 131072    3.868
06:33:00.496 python3        1784368 nvme1n1 WS   1631468800 131072    3.944
06:33:00.496 python3        1784368 nvme1n1 WS   1631469056 131072    4.018
06:33:00.496 python3        1784368 nvme1n1 WS   1631469312 131072    4.085
06:33:00.496 python3        1784368 nvme1n1 WS   1631469568 131072    4.163
06:33:00.496 python3        1784368 nvme1n1 WS   1631469824 131072    4.244
06:33:00.496 python3        1784369 nvme1n1 WS   62287872   131072    4.350
06:33:00.496 python3        1784369 nvme1n1 WS   62288128   131072    4.423
06:33:00.496 python3        1784369 nvme1n1 WS   62288384   131072    4.500
06:33:00.496 python3        1784369 nvme1n1 WS   62288640   131072    4.578
06:33:00.496 python3        1784369 nvme1n1 WS   62288896   131072    4.653
06:33:00.496 python3        1784369 nvme1n1 WS   62289152   131072    4.731
06:33:00.496 python3        1784369 nvme1n1 WS   62289408   131072    4.820
06:33:00.497 python3        1784367 nvme1n1 WS   62226432   131072    4.956
06:33:00.497 python3        1784367 nvme1n1 WS   62226688   131072    4.975
06:33:00.497 python3        1784367 nvme1n1 WS   62226944   131072    5.048
06:33:00.497 python3        1784367 nvme1n1 WS   62227200   131072    5.123
06:33:00.497 python3        1784367 nvme1n1 WS   62227456   131072    5.201
06:33:00.497 python3        1784367 nvme1n1 WS   62227712   131072    5.279
06:33:00.497 python3        1784367 nvme1n1 WS   62227968   131072    5.358
06:33:00.497 python3        1784367 nvme1n1 WS   62228224   131072    5.417
06:33:00.497 python3        1784367 nvme1n1 WS   62228480   131072    5.496
06:33:00.497 python3        1784367 nvme1n1 WS   62228736   131072    5.569
06:33:00.497 python3        1784367 nvme1n1 WS   62228992   131072    5.644
06:33:00.497 python3        1784369 nvme1n1 WS   62289664   131072    5.758
06:33:00.498 python3        1784369 nvme1n1 WS   62289920   131072    5.835
06:33:00.498 python3        1784369 nvme1n1 WS   62290176   131072    5.909
06:33:00.498 python3        1784369 nvme1n1 WS   62290432   131072    5.985
06:33:00.498 python3        1784369 nvme1n1 WS   62290688   131072    6.058
06:33:00.498 python3        1784369 nvme1n1 WS   62290944   131072    6.134
06:33:00.498 python3        1784369 nvme1n1 WS   62291200   131072    6.207
06:33:00.498 python3        1784369 nvme1n1 WS   62291456   131072    6.287
06:33:00.498 python3        1784367 nvme1n1 WS   62229248   131072    6.363
06:33:00.498 python3        1784367 nvme1n1 WS   62229504   131072    6.442
06:33:00.498 python3        1784367 nvme1n1 WS   62229760   131072    6.521
06:33:00.498 python3        1784367 nvme1n1 WS   62230016   131072    6.599
06:33:00.498 python3        1784369 nvme1n1 WS   62291712   131072    6.679
06:33:00.498 python3        1784369 nvme1n1 WS   62291968   131072    6.757
06:33:00.499 python3        1784369 nvme1n1 WS   62292224   131072    6.867
06:33:00.499 python3        1784368 nvme1n1 WS   61872128   131072    7.034
06:33:00.499 python3        1784368 nvme1n1 WS   61872384   131072    7.035
06:33:00.499 python3        1784368 nvme1n1 WS   61872640   131072    7.100
06:33:00.499 python3        1784368 nvme1n1 WS   61872896   131072    7.177
06:33:00.499 python3        1784368 nvme1n1 WS   61873152   131072    7.259
06:33:00.499 python3        1784368 nvme1n1 WS   61873408   131072    7.338
06:33:00.499 python3        1784368 nvme1n1 WS   61873664   98304     7.398
06:33:00.499 python3        1784367 nvme1n1 WS   62230272   131072    7.489
06:33:00.499 python3        1784367 nvme1n1 WS   62230528   131072    7.565
06:33:00.499 python3        1784367 nvme1n1 WS   62230784   131072    7.655
06:33:00.499 python3        1784366 nvme1n1 WS   1631473664 131072    7.709
06:33:00.500 python3        1784366 nvme1n1 WS   1631473920 131072    7.783
06:33:00.500 python3        1784366 nvme1n1 WS   1631474176 131072    7.860
06:33:00.500 python3        1784366 nvme1n1 WS   1631474432 131072    7.935
06:33:00.500 python3        1784366 nvme1n1 WS   1631474688 131072    8.012
06:33:00.500 python3        1784366 nvme1n1 WS   1631474944 131072    8.093
06:33:00.500 python3        1784366 nvme1n1 WS   1631475200 131072    8.171
06:33:00.500 python3        1784366 nvme1n1 WS   1631475456 131072    8.231
06:33:00.500 python3        1784366 nvme1n1 WS   1631475712 131072    8.308
06:33:00.500 python3        1784366 nvme1n1 WS   1631475968 131072    8.384
06:33:00.500 python3        1784366 nvme1n1 WS   1631476224 131072    8.460
06:33:00.500 python3        1784366 nvme1n1 WS   1631476480 131072    8.540
06:33:00.500 python3        1784366 nvme1n1 WS   1631476736 131072    8.614
06:33:00.500 python3        1784366 nvme1n1 WS   1631476992 131072    8.689
06:33:00.501 python3        1784366 nvme1n1 WS   1631477248 131072    8.772
06:33:00.501 python3        1784367 nvme1n1 WS   61876224   131072    8.920
06:33:00.501 python3        1784367 nvme1n1 WS   61876480   131072    8.945
06:33:00.501 python3        1784367 nvme1n1 WS   61876736   131072    9.019
06:33:00.501 python3        1784367 nvme1n1 WS   61876992   131072    9.094
06:33:00.501 python3        1784367 nvme1n1 WS   61877248   131072    9.171
06:33:00.501 python3        1784367 nvme1n1 WS   61877504   131072    9.247
06:33:00.501 python3        1784367 nvme1n1 WS   61877760   98304     9.304
06:33:00.501 python3        1784369 nvme1n1 WS   1631477760 131072    9.405
06:33:00.501 python3        1784369 nvme1n1 WS   1631478016 131072    9.480
06:33:00.501 python3        1784369 nvme1n1 WS   1631478272 131072    9.557
06:33:00.501 python3        1784369 nvme1n1 WS   1631478528 131072    9.635
06:33:00.502 python3        1784369 nvme1n1 WS   1631478784 131072    9.710
06:33:00.502 python3        1784369 nvme1n1 WS   1631479040 131072    9.787
06:33:00.502 python3        1784369 nvme1n1 WS   1631479296 131072    9.862
06:33:00.502 python3        1784366 nvme1n1 WS   1631477504 131072    9.984
06:33:00.502 python3        1784366 nvme1n1 WS   1631854592 131072   10.019
06:33:00.502 python3        1784366 nvme1n1 WS   1631854848 131072   10.095
06:33:00.502 python3        1784369 nvme1n1 WS   1631479552 131072   10.165
06:33:00.502 python3        1784369 nvme1n1 WS   1631479808 131072   10.240
06:33:00.502 python3        1784369 nvme1n1 WS   1631480064 131072   10.318
06:33:00.502 python3        1784369 nvme1n1 WS   1631480320 131072   10.397
06:33:00.502 python3        1784369 nvme1n1 WS   1631480576 131072   10.471
06:33:00.502 python3        1784369 nvme1n1 WS   1631480832 131072   10.551
06:33:00.503 python3        1784366 nvme1n1 WS   1631481856 131072   10.690
06:33:00.503 python3        1784366 nvme1n1 WS   1631482112 131072   10.714
06:33:00.503 python3        1784366 nvme1n1 WS   1631482368 131072   10.787
06:33:00.503 python3        1784366 nvme1n1 WS   1631482624 131072   10.867
06:33:00.503 python3        1784366 nvme1n1 WS   1631482880 131072   10.944
06:33:00.503 python3        1784366 nvme1n1 WS   1631483136 131072   11.021
06:33:00.503 python3        1784366 nvme1n1 WS   1631483392 131072   11.101
06:33:00.503 python3        1784369 nvme1n1 WS   1631481088 131072   11.195
06:33:00.503 python3        1784369 nvme1n1 WS   1631481344 131072   11.274
06:33:00.503 python3        1784369 nvme1n1 WS   1631481600 131072   11.332
06:33:00.503 python3        1784369 nvme1n1 WS   1631485952 131072   11.410
06:33:00.503 python3        1784369 nvme1n1 WS   1631486208 131072   11.494
06:33:00.503 python3        1784369 nvme1n1 WS   312420352  131072   11.580
06:33:00.504 python3        1784369 nvme1n1 WS   312420608  131072   11.663
06:33:00.504 python3        1784369 nvme1n1 WS   312420864  131072   11.741
06:33:00.504 python3        1784369 nvme1n1 WS   312421120  131072   11.818
06:33:00.504 python3        1784369 nvme1n1 WS   312421376  131072   11.897
06:33:00.504 python3        1784369 nvme1n1 WS   312421632  131072   11.973
06:33:00.504 python3        1784369 nvme1n1 WS   312421888  98304    12.030
06:33:00.504 python3        1784366 nvme1n1 WS   1631483648 131072   12.128
06:33:00.504 python3        1784366 nvme1n1 WS   1631483904 131072   12.201
06:33:00.504 python3        1784366 nvme1n1 WS   1631484160 131072   12.282
06:33:00.504 python3        1784366 nvme1n1 WS   1631484416 131072   12.362
06:33:00.504 python3        1784366 nvme1n1 WS   1631484672 131072   12.443
06:33:00.504 python3        1784366 nvme1n1 WS   1631484928 131072   12.521
06:33:00.505 python3        1784366 nvme1n1 WS   1631485184 131072   12.612
06:33:00.505 python3        1784366 nvme1n1 WS   1631485440 131072   12.680
06:33:00.505 python3        1784366 nvme1n1 WS   61880320   131072   12.774
06:33:00.505 python3        1784366 nvme1n1 WS   61880576   131072   12.848
06:33:00.505 python3        1784366 nvme1n1 WS   61880832   131072   12.928
06:33:00.505 python3        1784366 nvme1n1 WS   61881088   131072   13.006
06:33:00.505 python3        1784366 nvme1n1 WS   61881344   131072   13.090
06:33:00.505 python3        1784366 nvme1n1 WS   61881600   131072   13.171
06:33:00.505 python3        1784366 nvme1n1 WS   61881856   98304    13.230
06:33:00.505 python3        1784366 nvme1n1 WS   1631485696 131072   13.301
06:33:00.505 python3        1784366 nvme1n1 WS   1631490048 131072   13.378
06:33:00.505 python3        1784366 nvme1n1 WS   1631490304 131072   13.459
06:33:00.505 jbd2/nv        752     nvme1n1 WSM  877160200  131072    0.346
06:33:00.506 jbd2/nv        752     nvme1n1 WSM  877160456  114688    0.387
06:33:00.506 jbd2/nv        752     nvme1n1 WSM  877160680  4096      0.029
06:33:00.652 nvme           1942420 Unknown N    -1         512       0.027
06:33:01.638 amoprof        1787544 nvme1n1 W    1588035296 4096      0.055
