TIMESTAMP    COMM           PID     DISK    T    SECTOR     BYTES   LAT(ms)
03:13:40.176 jbd2/nv        752     nvme1n1 WSM  877796144  131072    0.163
03:13:40.176 jbd2/nv        752     nvme1n1 WSM  877796400  4096      0.029
03:13:40.226 nvme           1669609 Unknown N    -1         512       0.092
03:13:40.256 kworker        1661618 nvme1n1 WM   0          4096      0.120
03:13:40.256 kworker        1661618 nvme1n1 WM   720        8192      0.128
03:13:40.256 kworker        1661618 nvme1n1 WM   776        8192      0.140
03:13:40.256 kworker        1661618 nvme1n1 WM   461373728  4096      0.143
03:13:40.256 kworker        1661618 nvme1n1 WM   591396872  4096      0.147
03:13:40.256 kworker        1661618 nvme1n1 WM   595591176  4096      0.148
03:13:40.256 kworker        1661618 nvme1n1 WM   1485058520 4096      0.146
03:13:40.256 kworker        1661618 nvme1n1 WM   1493844928 4096      0.149
03:13:40.256 kworker        1661618 nvme1n1 WM   1497366592 4096      0.150
03:13:40.256 kworker        1661618 nvme1n1 WM   1514143768 4096      0.151
03:13:40.256 kworker        1661618 nvme1n1 WM   1515133888 8192      0.152
03:13:40.256 kworker        1661618 nvme1n1 WM   1515133976 4096      0.153
03:13:40.256 kworker        1661618 nvme1n1 WM   1623195704 4096      0.153
03:13:40.256 kworker        1661618 nvme1n1 WM   1635778672 4096      0.157
03:13:40.256 kworker        1661618 nvme1n1 WM   1756867016 4096      0.158
03:13:40.256 kworker        1661618 nvme1n1 WM   1756879584 4096      0.159
03:13:40.256 kworker        1661618 nvme1n1 WM   1757038552 4096      0.162
03:13:40.256 kworker        1661618 nvme1n1 WM   595602072  32768     0.174
03:13:40.256 kworker        1661618 nvme1n1 WM   595602144  98304     0.228
03:13:40.256 kworker        1661618 nvme1n1 WM   1515133912 28672     0.245
03:13:40.769 jbd2/nv        391     nvme0n1 WSM  4326440    32768     0.615
03:13:40.769 jbd2/nv        391     nvme0n1 WSM  4326504    4096      0.431
03:13:41.229 nvme           1669661 Unknown N    -1         512       0.032
03:13:41.281 kworker        1666595 nvme0n1 W    37332632   4096      0.431
03:13:41.281 kworker        1661618 nvme0n1 W    8128632    4096      0.425
03:13:41.281 kworker        1661618 nvme0n1 W    8143096    131072    1.046
03:13:41.281 kworker        1661618 nvme0n1 W    8135672    131072    1.158
03:13:41.282 kworker        1661618 nvme0n1 W    36023808   262144    1.583
03:13:41.282 kworker        1661618 nvme0n1 W    36029952   131072    1.594
03:13:41.282 kworker        1661618 nvme0n1 W    36167976   4096      1.151
03:13:41.282 kworker        1661618 nvme0n1 W    36166400   131072    1.630
03:13:41.282 kworker        1661618 nvme0n1 W    36167072   16384     1.639
03:13:41.282 kworker        1661618 nvme0n1 W    36167520   16384     1.198
03:13:41.282 kworker        1661618 nvme0n1 W    36168384   32768     0.592
03:13:41.282 kworker        1661618 nvme0n1 W    36174336   65536     0.612
03:13:41.282 kworker        1661618 nvme0n1 W    36177280   65536     0.736
03:13:41.282 kworker        1661618 nvme0n1 W    36315792   40960     0.738
03:13:41.283 kworker        1661618 nvme0n1 W    36316928   131072    0.819
03:13:41.283 kworker        1661618 nvme0n1 W    36322384   4096      0.807
03:13:41.283 kworker        1661618 nvme0n1 W    36321792   131072    1.036
03:13:41.283 kworker        1661618 nvme0n1 W    7337984    4096      0.896
03:13:41.283 kworker        1661618 nvme0n1 W    36323072   16384     1.034
03:13:41.283 kworker        1661618 nvme0n1 W    36324224   65536     0.919
03:13:42.231 nvme           1669662 Unknown N    -1         512       0.026
03:13:42.817 kworker        1661618 nvme0n1 W    37217832   4096      0.535
03:13:43.233 nvme           1669663 Unknown N    -1         512       0.091
03:13:43.840 kworker        1638303 nvme1n1 W    1719353264 4096      0.060
03:13:43.840 kworker        1638303 nvme1n1 W    1719340992 4096      0.064
03:13:44.235 nvme           1669664 Unknown N    -1         512       0.028
03:13:45.238 nvme           1669665 Unknown N    -1         512       0.073
03:13:45.238 jbd2/nv        752     nvme1n1 WSM  877796408  45056     0.084
03:13:45.238 jbd2/nv        752     nvme1n1 WSM  877796496  4096      0.030
03:13:45.377 kworker        1638303 nvme1n1 W    591904304  102400    0.154
03:13:45.377 kworker        1638303 nvme1n1 W    596068728  131072    0.232
03:13:45.377 kworker        1638303 nvme1n1 W    596068984  61440     0.270
03:13:45.377 kworker        1638303 nvme1n1 W    591904504  32768     0.293
03:13:45.377 kworker        1638303 nvme1n1 W    596069104  131072    0.370
03:13:45.377 kworker        1638303 nvme1n1 W    596069360  90112     0.426
03:13:45.377 kworker        1638303 nvme1n1 W    1499688080 77824     0.474
03:13:45.377 kworker        1638303 nvme1n1 W    591904568  45056     0.500
03:13:46.240 nvme           1669666 Unknown N    -1         512       0.030
03:13:47.242 nvme           1669667 Unknown N    -1         512       0.080
03:13:48.244 nvme           1669668 Unknown N    -1         512       0.031
03:13:49.247 nvme           1669669 Unknown N    -1         512       0.095
03:13:50.233 amoprof        1271097 nvme1n1 W    595880064  4096      0.054
