TIMESTAMP    COMM           PID     DISK    T    SECTOR     BYTES   LAT(ms)
06:07:51.200 kworker        1817148 nvme1n1 WM   32         4096      0.144
06:07:51.200 kworker        1817148 nvme1n1 WM   152        4096      0.149
06:07:51.200 kworker        1817148 nvme1n1 WM   440        4096      0.150
06:07:51.200 kworker        1817148 nvme1n1 WM   568        4096      0.150
06:07:51.200 kworker        1817148 nvme1n1 WM   712        4096      0.151
06:07:51.200 kworker        1817148 nvme1n1 WM   736        4096      0.151
06:07:51.200 kworker        1817148 nvme1n1 WM   752        8192      0.189
06:07:51.200 kworker        1817148 nvme1n1 WM   776        4096      0.190
06:07:51.200 kworker        1817148 nvme1n1 WM   832        4096      0.189
06:07:51.200 kworker        1817148 nvme1n1 WM   54526008   8192      0.189
06:07:51.200 kworker        1817148 nvme1n1 WM   67108920   4096      0.191
06:07:51.200 kworker        1817148 nvme1n1 WM   67108952   4096      0.191
06:07:51.200 kworker        1817148 nvme1n1 WM   71303248   4096      0.192
06:07:51.200 kworker        1817148 nvme1n1 WM   71303296   4096      0.192
06:07:51.200 kworker        1817148 nvme1n1 WM   310378512  4096      0.191
06:07:51.200 kworker        1817148 nvme1n1 WM   310378552  4096      0.192
06:07:51.200 kworker        1817148 nvme1n1 WM   461373696  8192      0.192
06:07:51.200 kworker        1817148 nvme1n1 WM   461373736  4096      0.194
06:07:51.200 kworker        1817148 nvme1n1 WM   461373888  4096      0.194
06:07:51.200 kworker        1817148 nvme1n1 WM   461373904  4096      0.195
06:07:51.200 kworker        1817148 nvme1n1 WM   461374256  8192      0.211
06:07:51.200 kworker        1817148 nvme1n1 WM   591659872  8192      0.211
06:07:51.200 kworker        1817148 nvme1n1 WM   591663280  8192      0.214
06:07:51.200 kworker        1817148 nvme1n1 WM   591666720  8192      0.215
06:07:51.200 kworker        1817148 nvme1n1 WM   591668912  8192      0.216
06:07:51.200 kworker        1817148 nvme1n1 WM   591670080  8192      0.217
06:07:51.200 kworker        1817148 nvme1n1 WM   591671720  4096      0.222
06:07:51.200 kworker        1817148 nvme1n1 WM   591671760  4096      0.222
06:07:51.200 kworker        1817148 nvme1n1 WM   591672272  4096      0.223
06:07:51.200 kworker        1817148 nvme1n1 WM   591672784  4096      0.226
06:07:51.200 kworker        1817148 nvme1n1 WM   792        16384     0.241
06:07:51.201 kworker        1817148 nvme1n1 WM   71303440   65536     0.327
06:07:51.201 kworker        1817148 nvme1n1 WM   591677040  8192      0.259
06:07:51.201 kworker        1817148 nvme1n1 WM   591677344  8192      0.260
06:07:51.201 kworker        1817148 nvme1n1 WM   591679296  4096      0.274
06:07:51.201 kworker        1817148 nvme1n1 WM   591681184  4096      0.274
06:07:51.201 kworker        1817148 nvme1n1 WM   591681224  4096      0.275
06:07:51.201 kworker        1817148 nvme1n1 WM   591681392  4096      0.275
06:07:51.201 kworker        1817148 nvme1n1 WM   591682128  8192      0.276
06:07:51.201 kworker        1817148 nvme1n1 WM   591682960  8192      0.276
06:07:51.201 kworker        1817148 nvme1n1 WM   591683048  4096      0.283
06:07:51.201 kworker        1817148 nvme1n1 WM   591683688  4096      0.284
06:07:51.201 kworker        1817148 nvme1n1 WM   591683840  8192      0.284
06:07:51.201 kworker        1817148 nvme1n1 WM   591684024  8192      0.285
06:07:51.201 kworker        1817148 nvme1n1 WM   591684064  4096      0.286
06:07:51.201 kworker        1817148 nvme1n1 WM   591684760  4096      0.286
06:07:51.201 kworker        1817148 nvme1n1 WM   591686160  4096      0.286
06:07:51.201 kworker        1817148 nvme1n1 WM   591686320  4096      0.288
06:07:51.201 kworker        1817148 nvme1n1 WM   591686664  4096      0.288
06:07:51.201 kworker        1817148 nvme1n1 WM   591687648  4096      0.289
06:07:51.201 kworker        1817148 nvme1n1 WM   591687800  4096      0.289
06:07:51.201 kworker        1817148 nvme1n1 WM   591688544  4096      0.290
06:07:51.201 kworker        1817148 nvme1n1 WM   591689144  4096      0.292
06:07:51.201 kworker        1817148 nvme1n1 WM   591689320  4096      0.296
06:07:51.201 kworker        1817148 nvme1n1 WM   591690504  4096      0.299
06:07:51.201 kworker        1817148 nvme1n1 WM   591690656  4096      0.299
06:07:51.201 kworker        1817148 nvme1n1 WM   591690776  4096      0.301
06:07:51.201 kworker        1817148 nvme1n1 WM   591690928  4096      0.302
06:07:51.201 kworker        1817148 nvme1n1 WM   591691072  4096      0.303
06:07:51.201 kworker        1817148 nvme1n1 WM   591691704  4096      0.303
06:07:51.201 kworker        1817148 nvme1n1 WM   591691768  4096      0.306
06:07:51.201 kworker        1817148 nvme1n1 WM   591692544  4096      0.306
06:07:51.201 kworker        1817148 nvme1n1 WM   591693096  4096      0.306
06:07:51.201 kworker        1817148 nvme1n1 WM   591685064  20480     0.335
06:07:51.201 kworker        1817148 nvme1n1 WM   591693720  4096      0.164
06:07:51.201 kworker        1817148 nvme1n1 WM   591693744  4096      0.166
06:07:51.201 kworker        1817148 nvme1n1 WM   591694736  4096      0.168
06:07:51.201 kworker        1817148 nvme1n1 WM   591695032  4096      0.173
06:07:51.201 kworker        1817148 nvme1n1 WM   591695560  4096      0.174
06:07:51.201 kworker        1817148 nvme1n1 WM   591695712  4096      0.174
06:07:51.201 kworker        1817148 nvme1n1 WM   591695864  4096      0.178
06:07:51.201 kworker        1817148 nvme1n1 WM   591697720  4096      0.180
06:07:51.201 kworker        1817148 nvme1n1 WM   608174088  4096      0.182
06:07:51.201 kworker        1817148 nvme1n1 WM   905969800  4096      0.188
06:07:51.201 kworker        1817148 nvme1n1 WM   905969920  4096      0.188
06:07:51.201 kworker        1817148 nvme1n1 WM   1174405176 4096      0.188
06:07:51.201 kworker        1817148 nvme1n1 WM   1174405192 4096      0.191
06:07:51.201 kworker        1817148 nvme1n1 WM   1484783664 4096      0.192
06:07:51.201 kworker        1817148 nvme1n1 WM   1493172480 4096      0.196
06:07:51.201 kworker        1817148 nvme1n1 WM   1493172504 4096      0.200
06:07:51.201 kworker        1817148 nvme1n1 WM   1519290024 4096      0.201
06:07:51.201 kworker        1817148 nvme1n1 WM   1530921000 4096      0.205
06:07:51.201 kworker        1817148 nvme1n1 WM   1530921072 4096      0.206
06:07:51.201 kworker        1817148 nvme1n1 WM   1556348936 4096      0.209
06:07:51.201 kworker        1817148 nvme1n1 WM   1560281128 4096      0.212
06:07:51.201 kworker        1817148 nvme1n1 WM   1560281160 4096      0.214
06:07:51.201 kworker        1817148 nvme1n1 WM   1564475416 4096      0.218
06:07:51.201 kworker        1817148 nvme1n1 WM   1564475440 4096      0.219
06:07:51.201 kworker        1817148 nvme1n1 WM   1572864024 4096      0.219
06:07:51.201 kworker        1817148 nvme1n1 WM   1572864128 4096      0.220
06:07:51.201 kworker        1817148 nvme1n1 WM   1572864280 4096      0.225
06:07:51.201 kworker        1817148 nvme1n1 WM   1585446960 4096      0.227
06:07:51.201 kworker        1817148 nvme1n1 WM   1589641328 4096      0.230
06:07:51.201 kworker        1817148 nvme1n1 WM   1619001448 4096      0.233
06:07:51.201 kworker        1817148 nvme1n1 WM   1623195720 4096      0.234
06:07:51.201 kworker        1817148 nvme1n1 WM   905977336  24576     0.252
06:07:51.201 kworker        1817148 nvme1n1 WM   1648361488 8192      0.180
06:07:51.201 kworker        1817148 nvme1n1 WM   1660944472 8192      0.189
06:07:51.201 kworker        1817148 nvme1n1 WM   1677721648 4096      0.190
06:07:51.201 kworker        1817148 nvme1n1 WM   1681915992 4096      0.191
06:07:51.201 kworker        1817148 nvme1n1 WM   1702887504 4096      0.235
06:07:51.201 kworker        1817148 nvme1n1 WM   1705580912 4096      0.236
06:07:51.201 kworker        1817148 nvme1n1 WM   1707383280 4096      0.237
06:07:51.201 kworker        1817148 nvme1n1 WM   1707589104 4096      0.238
06:07:51.201 kworker        1817148 nvme1n1 WM   1732247592 4096      0.239
06:07:51.201 kworker        1817148 nvme1n1 WM   1732247608 4096      0.239
06:07:51.201 kworker        1817148 nvme1n1 WM   1732247640 4096      0.240
06:07:51.201 kworker        1817148 nvme1n1 WM   1736441944 4096      0.241
06:07:51.201 kworker        1817148 nvme1n1 WM   1736717296 4096      0.241
06:07:51.201 kworker        1817148 nvme1n1 WM   1756377840 4096      0.242
06:07:51.201 kworker        1817148 nvme1n1 WM   1756377872 4096      0.243
06:07:51.201 kworker        1817148 nvme1n1 WM   1756389896 4096      0.260
06:07:51.201 kworker        1817148 nvme1n1 WM   1756390112 4096      0.261
06:07:51.201 kworker        1817148 nvme1n1 WM   1756390392 4096      0.168
06:07:51.201 kworker        1817148 nvme1n1 WM   1756414184 4096      0.168
06:07:51.201 kworker        1817148 nvme1n1 WM   1756415552 4096      0.169
06:07:51.201 kworker        1817148 nvme1n1 WM   1756415736 4096      0.170
06:07:51.201 kworker        1817148 nvme1n1 WM   1756439512 4096      0.170
06:07:51.201 kworker        1817148 nvme1n1 WM   1756439528 4096      0.171
06:07:51.201 kworker        1817148 nvme1n1 WM   1756440488 4096      0.172
06:07:51.201 kworker        1817148 nvme1n1 WM   1756440552 4096      0.172
06:07:51.201 kworker        1817148 nvme1n1 WM   1756441440 4096      0.173
06:07:51.201 kworker        1817148 nvme1n1 WM   1756441880 4096      0.195
06:07:51.201 kworker        1817148 nvme1n1 WM   1756450784 8192      0.195
06:07:51.201 kworker        1817148 nvme1n1 WM   1756489664 4096      0.198
06:07:51.201 kworker        1817148 nvme1n1 WM   1756492528 4096      0.199
06:07:51.201 kworker        1817148 nvme1n1 WM   1756525544 4096      0.199
06:07:51.201 kworker        1817148 nvme1n1 WM   1756528240 4096      0.200
06:07:51.201 kworker        1817148 nvme1n1 WM   1756528312 4096      0.147
06:07:51.201 kworker        1817148 nvme1n1 WM   1756598904 4096      0.148
06:07:51.201 kworker        1817148 nvme1n1 WM   1756599952 4096      0.157
06:07:51.201 kworker        1817148 nvme1n1 WM   1756600944 4096      0.159
06:07:51.201 kworker        1817148 nvme1n1 WM   1756601032 4096      0.160
06:07:51.201 kworker        1817148 nvme1n1 WM   1756601312 4096      0.160
06:07:51.201 kworker        1817148 nvme1n1 WM   1756662680 4096      0.161
06:07:51.201 kworker        1817148 nvme1n1 WM   1756670512 4096      0.166
06:07:51.201 kworker        1817148 nvme1n1 WM   1756680680 4096      0.168
06:07:51.201 kworker        1817148 nvme1n1 WM   1756686296 4096      0.169
06:07:51.201 kworker        1817148 nvme1n1 WM   1756723480 4096      0.169
06:07:51.201 kworker        1817148 nvme1n1 WM   1756754888 4096      0.170
06:07:51.201 kworker        1817148 nvme1n1 WM   1756754912 4096      0.174
06:07:51.201 kworker        1817148 nvme1n1 WM   1756757992 4096      0.176
06:07:51.201 kworker        1817148 nvme1n1 WM   1756762584 4096      0.177
06:07:51.201 kworker        1817148 nvme1n1 WM   1756772344 4096      0.181
06:07:51.201 kworker        1817148 nvme1n1 WM   1756772912 8192      0.183
06:07:51.201 kworker        1817148 nvme1n1 WM   1756774904 4096      0.186
06:07:51.201 kworker        1817148 nvme1n1 WM   1756777440 4096      0.195
06:07:51.201 kworker        1817148 nvme1n1 WM   1756778096 4096      0.196
06:07:51.201 kworker        1817148 nvme1n1 WM   1756780312 4096      0.197
06:07:51.201 kworker        1817148 nvme1n1 WM   1756780392 4096      0.202
06:07:51.201 kworker        1817148 nvme1n1 WM   1756780416 4096      0.204
06:07:51.201 kworker        1817148 nvme1n1 WM   1756780488 4096      0.204
06:07:51.201 kworker        1817148 nvme1n1 WM   1756791784 4096      0.205
06:07:51.201 kworker        1817148 nvme1n1 WM   1756791800 4096      0.208
06:07:51.201 kworker        1817148 nvme1n1 WM   1756792816 4096      0.213
06:07:51.201 kworker        1817148 nvme1n1 WM   1756807656 4096      0.214
06:07:51.201 kworker        1817148 nvme1n1 WM   1756811224 4096      0.215
06:07:51.201 kworker        1817148 nvme1n1 WM   1756815288 4096      0.216
06:07:51.201 kworker        1817148 nvme1n1 WM   1756815816 4096      0.220
06:07:51.201 kworker        1817148 nvme1n1 WM   1756777344 12288     0.240
06:07:51.201 kworker        1817148 nvme1n1 WM   1756827552 4096      0.205
06:07:51.201 kworker        1817148 nvme1n1 WM   1756827592 4096      0.206
06:07:51.201 kworker        1817148 nvme1n1 WM   1756827640 4096      0.210
06:07:51.201 kworker        1817148 nvme1n1 WM   1756828104 8192      0.211
06:07:51.201 kworker        1817148 nvme1n1 WM   1756840224 4096      0.217
06:07:51.201 kworker        1817148 nvme1n1 WM   1756847304 4096      0.217
06:07:51.201 kworker        1817148 nvme1n1 WM   1756848088 4096      0.218
06:07:51.201 kworker        1817148 nvme1n1 WM   1756848552 4096      0.224
06:07:51.201 kworker        1817148 nvme1n1 WM   1756864784 4096      0.225
06:07:51.201 kworker        1817148 nvme1n1 WM   1756864808 4096      0.226
06:07:51.201 kworker        1817148 nvme1n1 WM   1756867056 4096      0.229
06:07:51.201 kworker        1817148 nvme1n1 WM   1756868296 4096      0.230
06:07:51.201 kworker        1817148 nvme1n1 WM   1756868312 8192      0.234
06:07:51.201 kworker        1817148 nvme1n1 WM   1756872664 4096      0.238
06:07:51.201 kworker        1817148 nvme1n1 WM   1756887032 4096      0.242
06:07:51.237 ib_log_        125934  nvme1n1 WS   21245144   4096      0.045
06:07:51.237 ib_log_        125934  nvme1n1 WS   21242704   4096      0.042
06:07:51.350 nvme           1892874 Unknown N    -1         512       0.031
06:07:51.418 ib_pg_f        125941  nvme1n1 WS   1740107776 81920     0.108
06:07:51.418 ib_pg_f        125941  nvme1n1 WS   1532134336 16384     0.043
06:07:51.418 ib_pg_f        125941  nvme1n1 WS   1757680832 16384     0.045
06:07:51.418 ib_pg_f        125941  nvme1n1 WS   1757680992 16384     0.055
06:07:51.418 ib_pg_f        125941  nvme1n1 WS   32779008   16384     0.053
06:07:51.418 ib_pg_f        125941  nvme1n1 WS   1737035936 16384     0.060
06:07:51.434 ib_pg_f        125949  nvme1n1 WS   1756372992 131072    0.149
06:07:51.434 ib_pg_f        125949  nvme1n1 WS   1756373248 131072    0.215
06:07:51.435 ib_pg_f        125949  nvme1n1 WS   1756373504 131072    0.288
06:07:51.435 ib_pg_f        125949  nvme1n1 WS   1756373760 131072    0.366
06:07:51.435 ib_pg_f        125949  nvme1n1 WS   1756374016 131072    0.443
06:07:51.435 ib_pg_f        125949  nvme1n1 WS   1756374272 131072    0.522
06:07:51.435 ib_pg_f        125949  nvme1n1 WS   1756374528 98304     0.585
06:07:51.435 ib_pg_f        125949  nvme1n1 WS   1553551488 16384     0.046
06:07:51.435 ib_pg_f        125949  nvme1n1 WS   1553551520 16384     0.056
06:07:51.435 ib_pg_f        125949  nvme1n1 WS   1756560736 16384     0.054
06:07:51.435 ib_pg_f        125949  nvme1n1 WS   1757762432 16384     0.062
06:07:51.435 ib_pg_f        125949  nvme1n1 WS   1755742624 16384     0.064
06:07:51.435 ib_pg_f        125949  nvme1n1 WS   1755745248 16384     0.076
06:07:51.435 ib_pg_f        125949  nvme1n1 WS   1553552000 16384     0.070
06:07:51.435 ib_pg_f        125949  nvme1n1 WS   1553552032 16384     0.071
06:07:51.435 ib_pg_f        125949  nvme1n1 WS   1553552064 16384     0.079
06:07:51.435 ib_pg_f        125949  nvme1n1 WS   1553552096 16384     0.077
06:07:51.435 ib_pg_f        125949  nvme1n1 WS   1553552128 16384     0.050
06:07:51.435 ib_pg_f        125949  nvme1n1 WS   1553552192 16384     0.057
06:07:51.435 ib_pg_f        125949  nvme1n1 WS   1553552224 16384     0.061
06:07:51.435 ib_pg_f        125949  nvme1n1 WS   1553552256 16384     0.059
06:07:51.435 ib_pg_f        125949  nvme1n1 WS   1553701632 16384     0.059
06:07:51.435 ib_pg_f        125949  nvme1n1 WS   1755745280 16384     0.065
06:07:51.435 ib_pg_f        125949  nvme1n1 WS   1755745312 16384     0.076
06:07:51.435 ib_pg_f        125949  nvme1n1 WS   1553691616 16384     0.073
06:07:51.435 ib_pg_f        125949  nvme1n1 WS   1755745088 16384     0.070
06:07:51.435 ib_pg_f        125949  nvme1n1 WS   1755744256 16384     0.068
06:07:51.435 ib_pg_f        125949  nvme1n1 WS   1553691744 16384     0.068
06:07:51.435 ib_pg_f        125949  nvme1n1 WS   1524265440 16384     0.068
06:07:51.435 ib_pg_f        125949  nvme1n1 WS   1527903872 16384     0.073
06:07:51.435 ib_pg_f        125949  nvme1n1 WS   1553692000 16384     0.079
06:07:51.435 ib_pg_f        125949  nvme1n1 WS   1553690976 16384     0.079
06:07:51.435 ib_pg_f        125949  nvme1n1 WS   1553691136 16384     0.075
06:07:51.435 ib_pg_f        125949  nvme1n1 WS   1734883552 16384     0.075
06:07:51.435 ib_pg_f        125949  nvme1n1 WS   1756556192 16384     0.077
06:07:51.435 ib_pg_f        125949  nvme1n1 WS   1731136576 16384     0.074
06:07:51.435 ib_pg_f        125949  nvme1n1 WS   68951872   16384     0.044
06:07:51.435 ib_pg_f        125949  nvme1n1 WS   311041952  16384     0.055
06:07:51.435 ib_pg_f        125949  nvme1n1 WS   68951904   16384     0.059
06:07:51.435 ib_pg_f        125949  nvme1n1 WS   68951936   16384     0.067
06:07:51.435 ib_pg_f        125949  nvme1n1 WS   1757762464 16384     0.071
06:07:51.435 ib_pg_f        125949  nvme1n1 WS   68951968   16384     0.078
06:07:51.435 ib_pg_f        125949  nvme1n1 WS   1756556224 16384     0.083
06:07:51.435 ib_pg_f        125949  nvme1n1 WS   1553552352 16384     0.085
06:07:51.435 ib_pg_f        125949  nvme1n1 WS   1553552384 16384     0.085
06:07:51.435 ib_pg_f        125949  nvme1n1 WS   1553552288 16384     0.085
06:07:51.435 ib_pg_f        125949  nvme1n1 WS   1553552320 16384     0.082
06:07:51.435 ib_pg_f        125949  nvme1n1 WS   1757762496 16384     0.089
06:07:51.435 ib_pg_f        125949  nvme1n1 WS   1755217736 16384     0.087
06:07:51.435 ib_pg_f        125949  nvme1n1 WS   1757027808 16384     0.089
06:07:51.435 ib_pg_f        125949  nvme1n1 WS   1553701600 16384     0.088
06:07:51.436 ib_pg_f        125949  nvme1n1 WS   1756912352 16384     0.092
06:07:51.436 ib_pg_f        125949  nvme1n1 WS   1756560768 16384     0.087
06:07:51.436 ib_pg_f        125949  nvme1n1 WS   1757762528 16384     0.088
06:07:51.436 ib_pg_f        125949  nvme1n1 WS   1756556288 16384     0.092
06:07:51.436 ib_pg_f        125949  nvme1n1 WS   1756552704 16384     0.096
06:07:51.436 ib_pg_f        125949  nvme1n1 WS   1731135040 16384     0.097
06:07:51.436 ib_pg_f        125949  nvme1n1 WS   1756560864 16384     0.103
06:07:51.436 ib_pg_f        125949  nvme1n1 WS   1757762560 16384     0.106
06:07:51.436 ib_pg_f        125949  nvme1n1 WS   1740155424 16384     0.106
06:07:51.436 ib_pg_f        125949  nvme1n1 WS   1734883488 16384     0.108
06:07:52.203 ib_log_        125949  nvme1n1 WS   1757427496 4096      0.052
06:07:52.203 ib_log_        125949  nvme1n1 WS   1757422584 4096      0.037
06:07:52.270 ib_log_        125941  nvme1n1 WS   1755987968 4096      0.039
06:07:52.352 nvme           1892929 Unknown N    -1         512       0.027
06:07:52.434 ib_pg_f        125949  nvme1n1 WS   1755252736 16384     0.059
06:07:52.434 ib_pg_f        125949  nvme1n1 WS   1755217704 16384     0.048
06:07:52.461 ib_pg_f        125934  nvme1n1 WS   1737244672 16384     0.046
06:07:52.461 ib_pg_f        125934  nvme1n1 WS   1757759904 16384     0.040
06:07:53.204 ib_log_        125949  nvme1n1 WS   1757422584 4096      0.058
06:07:53.237 ib_log_        125934  nvme1n1 WS   21242704   4096      0.038
06:07:53.355 nvme           1892949 Unknown N    -1         512       0.031
06:07:53.581 dockerd        1436    nvme1n1 WS   608740624  4096      0.054
06:07:53.581 jbd2/nv        752     nvme1n1 WSM  878955968  131072    0.153
06:07:53.581 jbd2/nv        752     nvme1n1 WSM  878956224  53248     0.160
06:07:53.581 jbd2/nv        752     nvme1n1 WSM  878956328  4096      0.031
06:07:53.581 dockerd        1436    nvme1n1 WS   608740632  4096      0.031
06:07:53.582 jbd2/nv        752     nvme1n1 WSM  878956336  45056     0.068
06:07:53.582 jbd2/nv        752     nvme1n1 WSM  878956424  4096      0.031
06:07:54.357 nvme           1892965 Unknown N    -1         512       0.030
06:07:55.049 ib_log_        125934  nvme1n1 WS   21245144   4096      0.052
06:07:55.049 ib_log_        125934  nvme1n1 WS   21245144   4096      0.041
06:07:55.049 connect        125934  nvme1n1 WS   1741350504 4096      0.034
06:07:55.049 jbd2/nv        752     nvme1n1 WSM  878956432  69632     0.094
06:07:55.049 jbd2/nv        752     nvme1n1 WSM  878956568  4096      0.027
06:07:55.049 ib_log_        125934  nvme1n1 WS   21245144   4096      0.031
06:07:55.050 ib_log_        125934  nvme1n1 WS   21245144   4096      0.028
06:07:55.050 ib_log_        125934  nvme1n1 WS   21245152   8192      0.036
06:07:55.051 jbd2/nv        752     nvme1n1 WSM  878956576  12288     0.043
06:07:55.051 jbd2/nv        752     nvme1n1 WSM  878956600  4096      0.027
06:07:55.051 jbd2/nv        752     nvme1n1 WSM  878956608  24576     0.046
06:07:55.051 jbd2/nv        752     nvme1n1 WSM  878956656  4096      0.028
06:07:55.051 connect        125934  nvme1n1 WS   68952864   114688    0.125
06:07:55.051 jbd2/nv        752     nvme1n1 WSM  878956664  20480     0.045
06:07:55.051 jbd2/nv        752     nvme1n1 WSM  878956704  4096      0.027
06:07:55.051 connect        125934  nvme1n1 WS   311087008  16384     0.042
06:07:55.051 jbd2/nv        752     nvme1n1 WSM  878956712  28672     0.048
06:07:55.051 jbd2/nv        752     nvme1n1 WSM  878956768  4096      0.027
06:07:55.052 ib_log_        125934  nvme1n1 WS   21245152   4096      0.030
06:07:55.052 ib_log_        125934  nvme1n1 WS   21245152   8192      0.030
06:07:55.052 ib_log_        125934  nvme1n1 WS   21245160   4096      0.028
06:07:55.052 ib_log_        125934  nvme1n1 WS   21245160   4096      0.032
06:07:55.052 ib_log_        125934  nvme1n1 WS   21245168   8192      0.032
06:07:55.052 jbd2/nv        752     nvme1n1 WSM  878956776  8192      0.031
06:07:55.052 jbd2/nv        752     nvme1n1 WSM  878956792  4096      0.025
06:07:55.053 ib_log_        125934  nvme1n1 WS   21245168   8192      0.035
06:07:55.053 connect        125934  nvme1n1 WS   1741350504 4096      0.033
06:07:55.053 jbd2/nv        752     nvme1n1 WSM  878956800  8192      0.030
06:07:55.053 jbd2/nv        752     nvme1n1 WSM  878956816  4096      0.025
06:07:55.053 ib_log_        125934  nvme1n1 WS   21245176   4096      0.030
06:07:55.054 ib_log_        125934  nvme1n1 WS   21245176   4096      0.030
06:07:55.054 ib_log_        125934  nvme1n1 WS   21245184   8192      0.031
06:07:55.054 jbd2/nv        752     nvme1n1 WSM  878956824  8192      0.031
06:07:55.054 jbd2/nv        752     nvme1n1 WSM  878956840  4096      0.029
06:07:55.054 connect        125934  nvme1n1 WS   1741350504 4096      0.033
06:07:55.054 jbd2/nv        752     nvme1n1 WSM  878956848  8192      0.031
06:07:55.054 jbd2/nv        752     nvme1n1 WSM  878956864  4096      0.027
06:07:55.055 ib_log_        125934  nvme1n1 WS   21245184   8192      0.037
06:07:55.101 ib_log_        125934  nvme1n1 WS   21245192   4096      0.035
06:07:55.102 ib_log_        125934  nvme1n1 WS   21245192   4096      0.033
06:07:55.211 ib_log_        125934  nvme1n1 WS   21245192   4096      0.036
06:07:55.360 nvme           1892970 Unknown N    -1         512       0.026
06:07:55.390 python3        1784368 nvme1n1 WS   1649238016 131072    0.192
06:07:55.390 python3        1784368 nvme1n1 WS   1649238272 131072    0.258
06:07:55.390 python3        1784368 nvme1n1 WS   1649238528 131072    0.325
06:07:55.390 python3        1784368 nvme1n1 WS   1649238784 131072    0.419
06:07:55.390 python3        1784368 nvme1n1 WS   1649239040 131072    0.501
06:07:55.390 python3        1784368 nvme1n1 WS   1649239296 131072    0.560
06:07:55.390 python3        1784368 nvme1n1 WS   1649239552 131072    0.643
06:07:55.390 python3        1784368 nvme1n1 WS   1649239808 131072    0.704
06:07:55.391 python3        1784368 nvme1n1 WS   1649240064 131072    0.786
06:07:55.391 python3        1784368 nvme1n1 WS   1649240320 131072    0.868
06:07:55.391 python3        1784368 nvme1n1 WS   1649240576 131072    0.946
06:07:55.391 python3        1784368 nvme1n1 WS   1649240832 131072    1.026
06:07:55.391 python3        1784368 nvme1n1 WS   1649241088 131072    1.107
06:07:55.391 python3        1784368 nvme1n1 WS   1649241344 131072    1.186
06:07:55.391 python3        1784368 nvme1n1 WS   1649241600 131072    1.269
06:07:55.391 python3        1784368 nvme1n1 WS   1649241856 131072    1.338
06:07:55.391 python3        1784368 nvme1n1 WS   1649242112 131072    1.420
06:07:55.391 python3        1784368 nvme1n1 WS   1649242368 131072    1.501
06:07:55.391 python3        1784367 nvme1n1 WS   56758272   131072    1.561
06:07:55.391 python3        1784367 nvme1n1 WS   56758528   131072    1.627
06:07:55.392 python3        1784367 nvme1n1 WS   56758784   131072    1.708
06:07:55.392 python3        1784367 nvme1n1 WS   56759040   131072    1.787
06:07:55.392 python3        1784367 nvme1n1 WS   56759296   131072    1.868
06:07:55.392 python3        1784367 nvme1n1 WS   56759552   131072    1.947
06:07:55.392 python3        1784367 nvme1n1 WS   56759808   131072    2.028
06:07:55.392 python3        1784367 nvme1n1 WS   56760064   131072    2.087
06:07:55.392 python3        1784367 nvme1n1 WS   56760320   131072    2.163
06:07:55.392 python3        1784367 nvme1n1 WS   56760576   131072    2.236
06:07:55.392 python3        1784367 nvme1n1 WS   56760832   131072    2.309
06:07:55.392 python3        1784367 nvme1n1 WS   56761088   131072    2.383
06:07:55.392 python3        1784367 nvme1n1 WS   56761344   131072    2.458
06:07:55.392 python3        1784367 nvme1n1 WS   56761600   131072    2.534
06:07:55.392 python3        1784367 nvme1n1 WS   56761856   131072    2.609
06:07:55.393 python3        1784367 nvme1n1 WS   56762112   61440     2.643
06:07:55.393 python3        1784366 nvme1n1 WS   1649246208 131072    2.799
06:07:55.393 python3        1784366 nvme1n1 WS   1649246464 131072    2.827
06:07:55.393 python3        1784366 nvme1n1 WS   1649246720 131072    2.892
06:07:55.393 python3        1784366 nvme1n1 WS   1649246976 131072    2.965
06:07:55.393 python3        1784366 nvme1n1 WS   1649247232 131072    3.039
06:07:55.393 python3        1784366 nvme1n1 WS   1649247488 131072    3.119
06:07:55.393 python3        1784366 nvme1n1 WS   1649247744 131072    3.191
06:07:55.393 python3        1784366 nvme1n1 WS   1649248000 131072    3.255
06:07:55.393 python3        1784366 nvme1n1 WS   1649248256 131072    3.330
06:07:55.393 python3        1784366 nvme1n1 WS   1649248512 131072    3.406
06:07:55.393 python3        1784366 nvme1n1 WS   1649248768 131072    3.483
06:07:55.393 python3        1784366 nvme1n1 WS   1649249024 131072    3.561
06:07:55.394 python3        1784366 nvme1n1 WS   1649249280 131072    3.640
06:07:55.394 python3        1784366 nvme1n1 WS   1649249536 131072    3.717
06:07:55.394 python3        1784366 nvme1n1 WS   1649249792 131072    3.791
06:07:55.394 python3        1784369 nvme1n1 WS   56762368   131072    3.887
06:07:55.394 python3        1784369 nvme1n1 WS   56762624   131072    3.960
06:07:55.394 python3        1784369 nvme1n1 WS   56762880   131072    4.033
06:07:55.394 python3        1784369 nvme1n1 WS   56763136   131072    4.109
06:07:55.394 python3        1784369 nvme1n1 WS   56763392   131072    4.188
06:07:55.394 python3        1784369 nvme1n1 WS   56763648   131072    4.265
06:07:55.394 python3        1784369 nvme1n1 WS   56763904   131072    4.339
06:07:55.394 python3        1784366 nvme1n1 WS   1649479680 131072    4.436
06:07:55.394 python3        1784366 nvme1n1 WS   1649479936 131072    4.505
06:07:55.394 python3        1784366 nvme1n1 WS   1649480192 131072    4.583
06:07:55.395 python3        1784366 nvme1n1 WS   1649480448 131072    4.660
06:07:55.395 python3        1784366 nvme1n1 WS   1649480704 131072    4.735
06:07:55.395 python3        1784366 nvme1n1 WS   1649480960 131072    4.811
06:07:55.395 python3        1784368 nvme1n1 WS   1649250304 131072    4.902
06:07:55.395 python3        1784366 nvme1n1 WS   1649481216 131072    4.965
06:07:55.395 python3        1784366 nvme1n1 WS   1649481472 131072    5.029
06:07:55.395 python3        1784366 nvme1n1 WS   1649481728 131072    5.103
06:07:55.395 python3        1784366 nvme1n1 WS   1649481984 131072    5.182
06:07:55.395 python3        1784366 nvme1n1 WS   1649482240 131072    5.258
06:07:55.395 python3        1784366 nvme1n1 WS   1649482496 131072    5.335
06:07:55.395 python3        1784366 nvme1n1 WS   1649482752 131072    5.411
06:07:55.395 python3        1784366 nvme1n1 WS   1649483008 131072    5.487
06:07:55.396 python3        1784366 nvme1n1 WS   1649483264 131072    5.566
06:07:55.396 python3        1784366 nvme1n1 WS   1649483520 61440     5.605
06:07:55.396 python3        1784368 nvme1n1 WS   1649250560 131072    5.734
06:07:55.396 python3        1784368 nvme1n1 WS   1649250816 131072    5.807
06:07:55.396 python3        1784368 nvme1n1 WS   1649251072 131072    5.876
06:07:55.396 python3        1784368 nvme1n1 WS   1649251328 131072    5.954
06:07:55.396 python3        1784368 nvme1n1 WS   1649251584 131072    6.029
06:07:55.396 python3        1784368 nvme1n1 WS   1649251840 131072    6.104
06:07:55.396 python3        1784366 nvme1n1 WS   1649250048 131072    6.205
06:07:55.396 python3        1784366 nvme1n1 WS   1649258496 131072    6.277
06:07:55.396 python3        1784366 nvme1n1 WS   1649258752 131072    6.352
06:07:55.396 python3        1784369 nvme1n1 WS   1649254400 131072    6.436
06:07:55.396 python3        1784369 nvme1n1 WS   1649254656 131072    6.506
06:07:55.396 python3        1784369 nvme1n1 WS   1649254912 131072    6.579
06:07:55.397 python3        1784369 nvme1n1 WS   1649255168 131072    6.659
06:07:55.397 python3        1784369 nvme1n1 WS   1649255424 131072    6.768
06:07:55.397 python3        1784369 nvme1n1 WS   1649255680 131072    6.845
06:07:55.397 python3        1784369 nvme1n1 WS   1649255936 131072    6.922
06:07:55.397 python3        1784369 nvme1n1 WS   56764160   131072    7.012
06:07:55.397 python3        1784369 nvme1n1 WS   56764416   131072    7.091
06:07:55.397 python3        1784369 nvme1n1 WS   56764672   131072    7.171
06:07:55.397 python3        1784369 nvme1n1 WS   56764928   131072    7.246
06:07:55.397 python3        1784369 nvme1n1 WS   56765184   131072    7.323
06:07:55.397 python3        1784369 nvme1n1 WS   56765440   131072    7.405
06:07:55.397 python3        1784369 nvme1n1 WS   56765696   131072    7.482
06:07:55.397 python3        1784369 nvme1n1 WS   56765952   131072    7.558
06:07:55.398 python3        1784369 nvme1n1 WS   56766208   61440     7.594
06:07:55.398 python3        1784367 nvme1n1 WS   1649262592 131072    7.682
06:07:55.398 python3        1784367 nvme1n1 WS   1649262848 131072    7.753
06:07:55.398 python3        1784367 nvme1n1 WS   1649263104 131072    7.828
06:07:55.398 python3        1784367 nvme1n1 WS   1649263360 131072    7.901
06:07:55.398 python3        1784367 nvme1n1 WS   1649263616 131072    7.968
06:07:55.398 python3        1784367 nvme1n1 WS   1649263872 131072    8.066
06:07:55.398 python3        1784367 nvme1n1 WS   1649264128 131072    8.121
06:07:55.398 python3        1784369 nvme1n1 WS   1649256192 131072    8.278
06:07:55.398 python3        1784369 nvme1n1 WS   1649256448 131072    8.307
06:07:55.398 python3        1784369 nvme1n1 WS   1649256704 131072    8.381
06:07:55.398 python3        1784369 nvme1n1 WS   1649256960 131072    8.440
06:07:55.398 python3        1784369 nvme1n1 WS   1649257216 131072    8.520
06:07:55.399 python3        1784369 nvme1n1 WS   1649257472 131072    8.599
06:07:55.399 python3        1784369 nvme1n1 WS   1649257728 131072    8.678
06:07:55.399 python3        1784369 nvme1n1 WS   1649257984 131072    8.757
06:07:55.399 python3        1784368 nvme1n1 WS   1649252096 131072    8.882
06:07:55.399 python3        1784368 nvme1n1 WS   1649252352 131072    8.933
06:07:55.399 python3        1784368 nvme1n1 WS   1649252608 131072    9.012
06:07:55.399 python3        1784368 nvme1n1 WS   1649252864 131072    9.092
06:07:55.399 python3        1784368 nvme1n1 WS   1649253120 131072    9.167
06:07:55.399 python3        1784368 nvme1n1 WS   1649253376 131072    9.241
06:07:55.399 python3        1784368 nvme1n1 WS   1649253632 131072    9.320
06:07:55.399 python3        1784368 nvme1n1 WS   1649253888 131072    9.399
06:07:55.399 python3        1784368 nvme1n1 WS   1649254144 61440     9.433
06:07:55.400 python3        1784367 nvme1n1 WS   1649264384 131072    9.521
06:07:55.400 python3        1784367 nvme1n1 WS   1649264640 131072    9.596
06:07:55.400 python3        1784367 nvme1n1 WS   1649264896 131072    9.674
06:07:55.400 python3        1784367 nvme1n1 WS   1649265152 131072    9.751
06:07:55.400 python3        1784367 nvme1n1 WS   1649265408 131072    9.828
06:07:55.400 python3        1784367 nvme1n1 WS   1649265664 131072    9.903
06:07:55.400 python3        1784367 nvme1n1 WS   1649265920 131072    9.982
06:07:55.400 python3        1784367 nvme1n1 WS   1649266176 131072   10.057
06:07:55.400 python3        1784369 nvme1n1 WS   1649258240 131072   10.153
06:07:55.400 python3        1784369 nvme1n1 WS   1649266688 131072   10.231
06:07:55.400 python3        1784369 nvme1n1 WS   1649266944 131072   10.311
06:07:55.400 python3        1784367 nvme1n1 WS   1649266432 131072   10.368
06:07:55.400 python3        1784367 nvme1n1 WS   1649270784 131072   10.448
06:07:55.401 python3        1784367 nvme1n1 WS   1649271040 131072   10.524
06:07:55.461 ib_pg_f        125934  nvme1n1 WS   1737209856 131072    0.164
06:07:55.461 ib_pg_f        125934  nvme1n1 WS   1737210112 131072    0.233
06:07:55.461 ib_pg_f        125934  nvme1n1 WS   1737210368 131072    0.313
06:07:55.462 ib_pg_f        125934  nvme1n1 WS   1737210624 131072    0.391
06:07:55.462 ib_pg_f        125934  nvme1n1 WS   1737210880 131072    0.467
06:07:55.462 ib_pg_f        125934  nvme1n1 WS   1737211136 131072    0.545
06:07:55.462 ib_pg_f        125934  nvme1n1 WS   1737211392 131072    0.621
06:07:55.462 ib_pg_f        125934  nvme1n1 WS   1737211648 65536     0.659
06:07:55.462 ib_pg_f        125934  nvme1n1 WS   1730394112 16384     0.047
06:07:55.462 ib_pg_f        125934  nvme1n1 WS   1757812384 16384     0.055
06:07:55.462 ib_pg_f        125934  nvme1n1 WS   1757680896 16384     0.064
06:07:55.462 ib_pg_f        125934  nvme1n1 WS   1756483328 16384     0.057
06:07:55.462 ib_pg_f        125934  nvme1n1 WS   1756444608 16384     0.062
06:07:55.462 ib_pg_f        125934  nvme1n1 WS   1849440    16384     0.061
06:07:55.462 ib_pg_f        125934  nvme1n1 WS   1849472    16384     0.053
06:07:55.462 ib_pg_f        125934  nvme1n1 WS   1849504    16384     0.045
06:07:55.462 ib_pg_f        125934  nvme1n1 WS   1756426656 16384     0.049
06:07:55.462 ib_pg_f        125934  nvme1n1 WS   1756444640 16384     0.053
06:07:55.462 ib_pg_f        125934  nvme1n1 WS   1520140704 16384     0.056
06:07:55.462 ib_pg_f        125934  nvme1n1 WS   1520151520 16384     0.063
06:07:55.462 ib_pg_f        125934  nvme1n1 WS   1849984    16384     0.069
06:07:55.462 ib_pg_f        125934  nvme1n1 WS   1850016    16384     0.070
06:07:55.462 ib_pg_f        125934  nvme1n1 WS   1850048    16384     0.062
06:07:55.462 ib_pg_f        125934  nvme1n1 WS   1850080    16384     0.059
06:07:55.462 ib_pg_f        125934  nvme1n1 WS   1850112    16384     0.063
06:07:55.462 ib_pg_f        125934  nvme1n1 WS   1850176    16384     0.065
06:07:55.462 ib_pg_f        125934  nvme1n1 WS   1850208    16384     0.070
06:07:55.462 ib_pg_f        125934  nvme1n1 WS   1850240    16384     0.057
06:07:55.462 ib_pg_f        125934  nvme1n1 WS   1560554240 16384     0.048
06:07:55.462 ib_pg_f        125934  nvme1n1 WS   1520151552 16384     0.057
06:07:55.462 ib_pg_f        125934  nvme1n1 WS   1520151584 16384     0.062
06:07:55.462 ib_pg_f        125934  nvme1n1 WS   1498164192 16384     0.049
06:07:55.462 ib_pg_f        125934  nvme1n1 WS   1520151360 16384     0.053
06:07:55.462 ib_pg_f        125934  nvme1n1 WS   1520150528 16384     0.058
06:07:55.462 ib_pg_f        125934  nvme1n1 WS   1498164320 16384     0.053
06:07:55.462 ib_pg_f        125934  nvme1n1 WS   1756907936 16384     0.047
06:07:55.462 ib_pg_f        125934  nvme1n1 WS   1756912128 16384     0.052
06:07:55.462 ib_pg_f        125934  nvme1n1 WS   1498164576 16384     0.054
06:07:55.462 ib_pg_f        125934  nvme1n1 WS   1498163552 16384     0.050
06:07:55.462 ib_pg_f        125934  nvme1n1 WS   1498163712 16384     0.056
06:07:55.462 ib_pg_f        125934  nvme1n1 WS   1756903648 16384     0.059
06:07:55.462 ib_pg_f        125934  nvme1n1 WS   1730394144 16384     0.059
06:07:55.462 ib_pg_f        125934  nvme1n1 WS   1756481568 16384     0.063
06:07:55.462 ib_pg_f        125934  nvme1n1 WS   68952896   16384     0.047
06:07:55.462 ib_pg_f        125934  nvme1n1 WS   311087008  16384     0.051
06:07:55.462 ib_pg_f        125934  nvme1n1 WS   68952928   16384     0.057
06:07:55.462 ib_pg_f        125934  nvme1n1 WS   68952960   16384     0.066
06:07:55.462 ib_pg_f        125934  nvme1n1 WS   1756444672 16384     0.067
06:07:55.462 ib_pg_f        125934  nvme1n1 WS   68952992   16384     0.071
06:07:55.463 ib_pg_f        125934  nvme1n1 WS   1730394176 16384     0.081
06:07:55.463 ib_pg_f        125934  nvme1n1 WS   1850336    16384     0.079
06:07:55.463 ib_pg_f        125934  nvme1n1 WS   1850368    16384     0.070
06:07:55.463 ib_pg_f        125934  nvme1n1 WS   1850272    16384     0.055
06:07:55.463 ib_pg_f        125934  nvme1n1 WS   1850304    16384     0.056
06:07:55.463 ib_pg_f        125934  nvme1n1 WS   1756444704 16384     0.047
06:07:55.463 ib_pg_f        125934  nvme1n1 WS   1757759936 16384     0.063
06:07:55.463 ib_pg_f        125934  nvme1n1 WS   1757760384 16384     0.064
06:07:55.463 ib_pg_f        125934  nvme1n1 WS   1560554208 16384     0.070
06:07:55.463 ib_pg_f        125934  nvme1n1 WS   671424     16384     0.062
06:07:55.463 ib_pg_f        125934  nvme1n1 WS   1756426688 16384     0.067
06:07:55.463 ib_pg_f        125934  nvme1n1 WS   1756444736 16384     0.070
06:07:55.463 ib_pg_f        125934  nvme1n1 WS   1730411040 16384     0.077
06:07:55.463 ib_pg_f        125934  nvme1n1 WS   1556367936 16384     0.082
06:07:55.463 ib_pg_f        125934  nvme1n1 WS   1756482688 16384     0.059
06:07:55.463 ib_pg_f        125934  nvme1n1 WS   1756426784 16384     0.062
06:07:55.463 ib_pg_f        125934  nvme1n1 WS   1756444768 16384     0.064
06:07:55.463 ib_pg_f        125934  nvme1n1 WS   1730452000 16384     0.067
06:07:55.463 ib_pg_f        125934  nvme1n1 WS   1756903584 16384     0.069
06:07:56.238 ib_log_        125934  nvme1n1 WS   21245192   4096      0.053
06:07:56.238 ib_log_        125934  nvme1n1 WS   21242704   4096      0.035
06:07:56.362 nvme           1892981 Unknown N    -1         512       0.030
06:07:57.365 nvme           1892985 Unknown N    -1         512       0.029
06:07:57.461 ib_pg_f        125934  nvme1n1 WS   1737244672 16384     0.063
06:07:57.461 ib_pg_f        125934  nvme1n1 WS   1757759904 16384     0.041
06:07:58.238 ib_log_        125934  nvme1n1 WS   21242704   4096      0.056
06:07:58.367 nvme           1893003 Unknown N    -1         512       0.030
06:07:58.619 python3        1784368 nvme1n1 WS   1649278976 131072    0.192
06:07:58.619 python3        1784368 nvme1n1 WS   1649274880 131072    0.273
06:07:58.619 python3        1784368 nvme1n1 WS   1649279232 131072    0.327
06:07:58.620 python3        1784368 nvme1n1 WS   1649275136 131072    0.425
06:07:58.620 python3        1784368 nvme1n1 WS   1649275392 131072    0.482
06:07:58.620 python3        1784368 nvme1n1 WS   1649279488 131072    0.608
06:07:58.620 python3        1784368 nvme1n1 WS   1649279744 131072    0.663
06:07:58.620 python3        1784368 nvme1n1 WS   1649280000 131072    0.729
06:07:58.620 python3        1784368 nvme1n1 WS   1649280256 131072    0.806
06:07:58.620 python3        1784368 nvme1n1 WS   1649280512 131072    0.909
06:07:58.620 python3        1784368 nvme1n1 WS   1649280768 131072    0.949
06:07:58.620 python3        1784368 nvme1n1 WS   1649281024 131072    1.031
06:07:58.620 python3        1784368 nvme1n1 WS   1649281280 131072    1.109
06:07:58.620 python3        1784368 nvme1n1 WS   1649281536 131072    1.187
06:07:58.620 python3        1784368 nvme1n1 WS   1649275648 131072    1.304
06:07:58.621 python3        1784368 nvme1n1 WS   1649275904 131072    1.382
06:07:58.621 python3        1784368 nvme1n1 WS   1649276160 131072    1.462
06:07:58.621 python3        1784368 nvme1n1 WS   1649276416 131072    1.544
06:07:58.621 python3        1784368 nvme1n1 WS   1649281792 131072    1.606
06:07:58.621 python3        1784368 nvme1n1 WS   1649282048 131072    1.684
06:07:58.621 python3        1784368 nvme1n1 WS   1649282304 131072    1.765
06:07:58.621 python3        1784368 nvme1n1 WS   1649282560 131072    1.845
06:07:58.621 python3        1784368 nvme1n1 WS   1649276672 131072    1.934
06:07:58.621 python3        1784368 nvme1n1 WS   1649276928 131072    2.013
06:07:58.621 python3        1784367 nvme1n1 WS   1649283072 131072    2.102
06:07:58.621 python3        1784367 nvme1n1 WS   1649283328 131072    2.172
06:07:58.621 python3        1784367 nvme1n1 WS   1649283584 131072    2.246
06:07:58.622 python3        1784367 nvme1n1 WS   1649283840 131072    2.321
06:07:58.622 python3        1784368 nvme1n1 WS   1649277184 131072    2.406
06:07:58.622 python3        1784368 nvme1n1 WS   1649277440 131072    2.477
06:07:58.622 python3        1784368 nvme1n1 WS   1649277696 131072    2.554
06:07:58.622 python3        1784367 nvme1n1 WS   1649284096 131072    2.636
06:07:58.622 python3        1784367 nvme1n1 WS   1649284352 131072    2.705
06:07:58.622 python3        1784367 nvme1n1 WS   1649284608 131072    2.777
06:07:58.622 python3        1784368 nvme1n1 WS   1649277952 131072    2.859
06:07:58.622 python3        1784368 nvme1n1 WS   1649278208 131072    2.933
06:07:58.622 python3        1784368 nvme1n1 WS   1649282816 131072    3.022
06:07:58.622 python3        1784368 nvme1n1 WS   1649287168 131072    3.090
06:07:58.622 python3        1784368 nvme1n1 WS   1649287424 131072    3.167
06:07:58.622 python3        1784368 nvme1n1 WS   1649278464 131072    3.244
06:07:58.623 python3        1784368 nvme1n1 WS   1649278720 131072    3.295
06:07:58.623 python3        1784368 nvme1n1 WS   1649291264 131072    3.371
06:07:58.623 python3        1784367 nvme1n1 WS   1649284864 131072    3.450
06:07:58.623 python3        1784367 nvme1n1 WS   1649285120 131072    3.526
06:07:58.623 python3        1784367 nvme1n1 WS   1649285376 131072    3.602
06:07:58.623 python3        1784368 nvme1n1 WS   1649291520 131072    3.682
06:07:58.623 python3        1784367 nvme1n1 WS   1649285632 131072    3.755
06:07:58.623 python3        1784367 nvme1n1 WS   1649285888 131072    3.831
06:07:58.623 python3        1784367 nvme1n1 WS   1649286144 131072    3.909
06:07:58.623 python3        1784367 nvme1n1 WS   1649286400 131072    3.983
06:07:58.623 python3        1784367 nvme1n1 WS   1649286656 131072    4.057
06:07:58.623 python3        1784367 nvme1n1 WS   1649286912 131072    4.118
06:07:58.623 python3        1784367 nvme1n1 WS   1649295360 131072    4.191
06:07:58.624 python3        1784367 nvme1n1 WS   1649295616 131072    4.269
06:07:58.624 python3        1784367 nvme1n1 WS   1649299456 131072    4.315
06:07:58.624 python3        1784367 nvme1n1 WS   1649299712 131072    4.385
06:07:58.624 python3        1784367 nvme1n1 WS   1649299968 131072    4.456
06:07:58.624 python3        1784367 nvme1n1 WS   1649300224 131072    4.530
06:07:58.624 python3        1784367 nvme1n1 WS   1649300480 131072    4.605
06:07:58.624 python3        1784367 nvme1n1 WS   1649300736 131072    4.678
06:07:58.624 python3        1784367 nvme1n1 WS   1649300992 131072    4.752
06:07:58.624 python3        1784367 nvme1n1 WS   1649301248 131072    4.811
06:07:58.624 python3        1784367 nvme1n1 WS   1649301504 131072    4.886
06:07:58.624 python3        1784367 nvme1n1 WS   1649301760 131072    4.961
06:07:58.624 python3        1784367 nvme1n1 WS   1649302016 131072    5.035
06:07:58.625 python3        1784367 nvme1n1 WS   1649302272 131072    5.112
06:07:58.625 python3        1784367 nvme1n1 WS   1649302528 131072    5.187
06:07:58.625 python3        1784367 nvme1n1 WS   1649302784 131072    5.260
06:07:58.625 python3        1784367 nvme1n1 WS   1649303040 131072    5.339
06:07:58.625 python3        1784367 nvme1n1 WS   1649303296 131072    5.402
06:07:58.625 python3        1784367 nvme1n1 WS   1649303552 131072    5.476
06:07:58.625 python3        1784368 nvme1n1 WS   1664251904 131072    5.589
06:07:58.625 python3        1784368 nvme1n1 WS   1664252160 131072    5.658
06:07:58.625 python3        1784368 nvme1n1 WS   1664252416 131072    5.731
06:07:58.625 python3        1784368 nvme1n1 WS   1664252672 131072    5.813
06:07:58.625 python3        1784368 nvme1n1 WS   1664252928 131072    5.889
06:07:58.625 python3        1784368 nvme1n1 WS   1664253184 118784    5.963
06:07:58.625 python3        1784368 nvme1n1 WS   56766464   131072    6.043
06:07:58.626 python3        1784368 nvme1n1 WS   56766720   131072    6.110
06:07:58.626 python3        1784368 nvme1n1 WS   56766976   131072    6.183
06:07:58.626 python3        1784368 nvme1n1 WS   56767232   131072    6.258
06:07:58.626 python3        1784368 nvme1n1 WS   56767488   131072    6.340
06:07:58.626 python3        1784368 nvme1n1 WS   56767744   131072    6.418
06:07:58.626 python3        1784368 nvme1n1 WS   56768000   131072    6.493
06:07:58.626 python3        1784368 nvme1n1 WS   56768256   131072    6.542
06:07:58.626 python3        1784368 nvme1n1 WS   56768512   131072    6.617
06:07:58.626 python3        1784368 nvme1n1 WS   56768768   131072    6.693
06:07:58.626 python3        1784368 nvme1n1 WS   56769024   131072    6.802
06:07:58.626 python3        1784367 nvme1n1 WS   1649303808 131072    6.939
06:07:58.626 python3        1784368 nvme1n1 WS   56769280   131072    6.953
06:07:58.627 python3        1784368 nvme1n1 WS   56769536   131072    7.031
06:07:58.627 python3        1784368 nvme1n1 WS   56769792   131072    7.105
06:07:58.627 python3        1784368 nvme1n1 WS   56770048   131072    7.182
06:07:58.627 python3        1784368 nvme1n1 WS   56770304   131072    7.236
06:07:58.627 python3        1784369 nvme1n1 WS   1587195904 131072    7.357
06:07:58.627 python3        1784369 nvme1n1 WS   1587196160 131072    7.433
06:07:58.627 python3        1784369 nvme1n1 WS   1587196416 131072    7.501
06:07:58.627 python3        1784369 nvme1n1 WS   1587196672 131072    7.577
06:07:58.627 python3        1784369 nvme1n1 WS   1587196928 131072    7.655
06:07:58.627 python3        1784369 nvme1n1 WS   1587197184 131072    7.731
06:07:58.627 python3        1784369 nvme1n1 WS   1587197440 131072    7.806
06:07:58.627 python3        1784368 nvme1n1 WS   56770560   131072    7.868
06:07:58.627 python3        1784368 nvme1n1 WS   56770816   131072    7.946
06:07:58.628 python3        1784369 nvme1n1 WS   1587197696 131072    8.025
06:07:58.628 python3        1784369 nvme1n1 WS   1587197952 131072    8.109
06:07:58.628 python3        1784369 nvme1n1 WS   1587198208 131072    8.187
06:07:58.628 python3        1784369 nvme1n1 WS   1587198464 131072    8.265
06:07:58.628 python3        1784369 nvme1n1 WS   1587198720 131072    8.342
06:07:58.628 python3        1784369 nvme1n1 WS   1587198976 131072    8.421
06:07:58.628 python3        1784369 nvme1n1 WS   1587199232 131072    8.498
06:07:58.628 python3        1784369 nvme1n1 WS   1587199488 131072    8.579
06:07:58.628 python3        1784369 nvme1n1 WS   1587199744 131072    8.642
06:07:58.628 python3        1784369 nvme1n1 WS   1587200000 131072    8.719
06:07:58.628 python3        1784369 nvme1n1 WS   1587200256 131072    8.798
06:07:58.628 python3        1784367 nvme1n1 WS   1649307648 131072    8.851
06:07:58.629 python3        1784367 nvme1n1 WS   1649307904 131072    8.918
06:07:58.629 python3        1784367 nvme1n1 WS   1649308160 131072    8.993
06:07:58.629 python3        1784367 nvme1n1 WS   1649308416 131072    9.068
06:07:58.629 python3        1784367 nvme1n1 WS   1649308672 131072    9.143
06:07:58.629 python3        1784367 nvme1n1 WS   1649308928 131072    9.217
06:07:58.629 python3        1784367 nvme1n1 WS   70354944   131072    9.295
06:07:58.629 python3        1784367 nvme1n1 WS   1649309184 131072    9.368
06:07:58.629 python3        1784367 nvme1n1 WS   70355200   131072    9.446
06:07:58.629 python3        1784367 nvme1n1 WS   70355456   131072    9.522
06:07:58.629 python3        1784367 nvme1n1 WS   70355712   131072    9.603
06:07:58.629 python3        1784367 nvme1n1 WS   70355968   131072    9.675
06:07:58.629 python3        1784367 nvme1n1 WS   70356224   118784    9.744
06:07:58.629 python3        1784367 nvme1n1 WS   1649309440 131072    9.821
06:07:58.630 python3        1784367 nvme1n1 WS   1649309696 131072    9.900
06:07:58.630 python3        1784367 nvme1n1 WS   1649309952 131072    9.968
06:07:58.630 python3        1784367 nvme1n1 WS   1649310208 131072   10.046
06:07:58.630 python3        1784367 nvme1n1 WS   1649310464 131072   10.124
06:07:58.630 python3        1784367 nvme1n1 WS   1649310720 131072   10.203
06:07:58.630 python3        1784367 nvme1n1 WS   1649310976 131072   10.282
06:07:58.630 python3        1784367 nvme1n1 WS   1649311232 131072   10.359
06:07:58.630 python3        1784367 nvme1n1 WS   1649311488 131072   10.416
06:07:58.630 python3        1784367 nvme1n1 WS   1649315840 131072   10.493
06:07:58.630 python3        1784367 nvme1n1 WS   1649316096 131072   10.573
06:07:58.630 python3        1784369 nvme1n1 WS   1649311744 131072   10.647
06:07:58.630 python3        1784369 nvme1n1 WS   1649312000 131072   10.715
06:07:58.631 python3        1784369 nvme1n1 WS   1649312256 131072   10.789
06:07:58.631 python3        1784369 nvme1n1 WS   1649312512 131072   10.864
06:07:58.631 python3        1784369 nvme1n1 WS   1649312768 131072   10.942
06:07:58.631 python3        1784369 nvme1n1 WS   1649313024 131072   11.019
06:07:58.631 python3        1784369 nvme1n1 WS   1649313280 131072   11.096
06:07:58.631 python3        1784369 nvme1n1 WS   1649313536 131072   11.156
06:07:58.631 python3        1784369 nvme1n1 WS   1649313792 131072   11.232
06:07:58.631 python3        1784369 nvme1n1 WS   1649314048 131072   11.306
06:07:58.631 python3        1784369 nvme1n1 WS   1649314304 131072   11.384
06:07:58.631 python3        1784369 nvme1n1 WS   1649314560 131072   11.496
06:07:58.631 python3        1784369 nvme1n1 WS   1649314816 131072   11.572
06:07:58.631 python3        1784369 nvme1n1 WS   1649315072 131072   11.651
06:07:58.631 python3        1784369 nvme1n1 WS   1649315328 131072   11.728
06:07:58.632 python3        1784369 nvme1n1 WS   1649315584 131072   11.791
06:07:58.632 python3        1784369 nvme1n1 WS   1649319936 131072   11.869
06:07:58.632 python3        1784369 nvme1n1 WS   1649320192 131072   11.946
06:07:58.632 python3        1784369 nvme1n1 WS   56774656   131072   11.738
06:07:58.632 python3        1784369 nvme1n1 WS   56774912   131072   11.808
06:07:58.632 python3        1784369 nvme1n1 WS   56775168   131072   11.885
06:07:58.632 python3        1784369 nvme1n1 WS   56775424   131072   11.960
06:07:58.632 python3        1784369 nvme1n1 WS   56775680   131072   12.037
06:07:58.632 python3        1784369 nvme1n1 WS   56775936   131072   12.113
06:07:58.632 python3        1784369 nvme1n1 WS   56776192   131072   12.188
06:07:58.632 python3        1784369 nvme1n1 WS   70363136   131072   12.271
06:07:58.632 python3        1784369 nvme1n1 WS   70363392   131072   12.339
06:07:58.633 python3        1784369 nvme1n1 WS   70363648   131072   12.417
06:07:58.633 python3        1784369 nvme1n1 WS   70363904   131072   12.490
06:07:58.633 python3        1784369 nvme1n1 WS   70364160   131072   12.563
06:07:58.633 python3        1784369 nvme1n1 WS   70364416   118784   12.630
06:07:58.633 python3        1784369 nvme1n1 WS   56776448   131072   12.709
06:07:58.633 python3        1784369 nvme1n1 WS   56776704   131072   12.786
06:07:58.633 python3        1784369 nvme1n1 WS   56776960   131072   12.861
06:07:58.633 python3        1784369 nvme1n1 WS   56777216   131072   12.941
06:07:58.633 python3        1784369 nvme1n1 WS   56777472   131072   13.022
06:07:58.633 python3        1784369 nvme1n1 WS   56777728   131072   13.096
06:07:58.633 python3        1784369 nvme1n1 WS   56777984   131072   13.174
06:07:58.633 python3        1784369 nvme1n1 WS   56778240   131072   13.250
06:07:58.633 python3        1784369 nvme1n1 WS   56778496   131072   13.314
06:07:58.634 python3        1784369 nvme1n1 WS   56778752   131072   13.390
06:07:58.634 python3        1784369 nvme1n1 WS   56779008   131072   13.468
06:07:58.634 python3        1784366 nvme1n1 WS   1649324032 131072   12.477
06:07:58.634 python3        1784366 nvme1n1 WS   1649324288 131072   12.544
06:07:58.634 python3        1784366 nvme1n1 WS   1649324544 131072   12.621
06:07:58.634 python3        1784366 nvme1n1 WS   1649324800 131072   12.696
06:07:58.634 python3        1784366 nvme1n1 WS   1649325056 131072   12.772
06:07:58.634 python3        1784366 nvme1n1 WS   1649325312 131072   12.851
06:07:58.634 python3        1784366 nvme1n1 WS   1649325568 131072   12.926
06:07:58.634 python3        1784366 nvme1n1 WS   1649325824 131072   12.983
06:07:58.634 python3        1784366 nvme1n1 WS   1649326080 131072   13.062
06:07:58.634 python3        1784366 nvme1n1 WS   1649326336 131072   13.140
06:07:58.634 python3        1784366 nvme1n1 WS   1649326592 131072   13.220
06:07:58.635 python3        1784366 nvme1n1 WS   1649326848 131072   13.297
06:07:58.635 python3        1784366 nvme1n1 WS   1649327104 131072   13.378
06:07:58.635 python3        1784366 nvme1n1 WS   1649327360 131072   13.454
06:07:58.635 python3        1784366 nvme1n1 WS   1649327616 131072   13.533
06:07:58.635 python3        1784366 nvme1n1 WS   1649327872 131072   13.599
06:07:58.635 python3        1784366 nvme1n1 WS   1649328128 131072   13.679
06:07:58.635 python3        1784366 nvme1n1 WS   1649328384 131072   13.754
06:07:58.635 python3        1784366 nvme1n1 WS   56782848   131072   13.529
06:07:58.635 python3        1784366 nvme1n1 WS   56783104   131072   13.602
06:07:58.635 python3        1784366 nvme1n1 WS   56783360   131072   13.680
06:07:58.635 python3        1784366 nvme1n1 WS   56783616   131072   13.755
06:07:58.635 python3        1784366 nvme1n1 WS   56783872   131072   13.831
06:07:58.636 python3        1784366 nvme1n1 WS   56784128   131072   13.905
06:07:58.636 python3        1784366 nvme1n1 WS   56784384   131072   13.983
06:07:58.636 python3        1784366 nvme1n1 WS   56784640   131072   14.047
06:07:58.636 python3        1784366 nvme1n1 WS   56784896   131072   14.127
06:07:58.636 python3        1784366 nvme1n1 WS   56785152   131072   14.203
06:07:58.636 python3        1784366 nvme1n1 WS   56785408   131072   14.280
06:07:58.636 python3        1784366 nvme1n1 WS   56785664   131072   14.356
06:07:58.636 python3        1784366 nvme1n1 WS   56785920   131072   14.434
06:07:58.636 python3        1784366 nvme1n1 WS   56786176   131072   14.529
06:07:58.636 python3        1784366 nvme1n1 WS   56786432   131072   14.608
06:07:58.636 python3        1784366 nvme1n1 WS   56786688   131072   14.672
06:07:58.636 python3        1784366 nvme1n1 WS   56786944   131072   14.752
06:07:58.637 python3        1784366 nvme1n1 WS   56787200   131072   14.830
06:07:58.637 python3        1784366 nvme1n1 WS   1649332224 131072   14.801
06:07:58.637 python3        1784366 nvme1n1 WS   1649332480 131072   14.873
06:07:58.637 python3        1784366 nvme1n1 WS   1649332736 131072   14.949
06:07:58.637 python3        1784366 nvme1n1 WS   1649332992 131072   15.025
06:07:58.637 python3        1784366 nvme1n1 WS   1649333248 131072   15.101
06:07:58.637 python3        1784366 nvme1n1 WS   1649333504 131072   15.176
06:07:58.637 python3        1784366 nvme1n1 WS   1649333760 131072   15.255
06:07:58.637 python3        1784366 nvme1n1 WS   1664256000 131072   15.326
06:07:58.637 python3        1784366 nvme1n1 WS   1664256256 131072   15.404
06:07:58.637 python3        1784366 nvme1n1 WS   1664256512 131072   15.482
06:07:58.637 python3        1784366 nvme1n1 WS   1664256768 131072   15.561
06:07:58.637 python3        1784366 nvme1n1 WS   1664257024 131072   15.641
06:07:58.638 python3        1784366 nvme1n1 WS   1649334016 131072   15.722
06:07:58.638 python3        1784366 nvme1n1 WS   1649334272 131072   15.806
06:07:58.638 python3        1784366 nvme1n1 WS   1649334528 131072   15.871
06:07:58.638 python3        1784366 nvme1n1 WS   1664257280 118784   15.929
06:07:58.638 python3        1784366 nvme1n1 WS   1649334784 131072   16.005
06:07:58.638 python3        1784366 nvme1n1 WS   1649335040 131072   16.132
06:07:58.638 python3        1784366 nvme1n1 WS   1649335296 131072   16.261
06:07:58.638 python3        1784366 nvme1n1 WS   1649335552 131072   16.387
06:07:58.638 python3        1784366 nvme1n1 WS   1649335808 131072   16.515
06:07:58.638 python3        1784366 nvme1n1 WS   1649336064 131072   16.615
06:07:58.639 python3        1784366 nvme1n1 WS   1649336320 131072   16.692
06:07:58.639 python3        1784366 nvme1n1 WS   1649336576 131072   16.771
06:07:59.370 nvme           1893021 Unknown N    -1         512       0.034
06:07:59.908 python3        1784369 nvme1n1 WS   56791040   131072    0.181
06:07:59.908 python3        1784369 nvme1n1 WS   56791296   131072    0.261
06:07:59.908 python3        1784369 nvme1n1 WS   56791552   131072    0.336
06:07:59.908 python3        1784369 nvme1n1 WS   56791808   131072    0.426
06:07:59.908 python3        1784369 nvme1n1 WS   56792064   131072    0.512
06:07:59.908 python3        1784369 nvme1n1 WS   56792320   131072    0.610
06:07:59.908 python3        1784369 nvme1n1 WS   56792576   131072    0.672
06:07:59.908 python3        1784369 nvme1n1 WS   56792832   131072    0.733
06:07:59.908 python3        1784369 nvme1n1 WS   56793088   131072    0.812
06:07:59.908 python3        1784369 nvme1n1 WS   56793344   131072    0.868
06:07:59.908 python3        1784369 nvme1n1 WS   56793600   131072    0.955
06:07:59.909 python3        1784369 nvme1n1 WS   56793856   131072    1.027
06:07:59.909 python3        1784369 nvme1n1 WS   56794112   131072    1.110
06:07:59.909 python3        1784369 nvme1n1 WS   56794368   131072    1.191
06:07:59.909 python3        1784369 nvme1n1 WS   56794624   131072    1.284
06:07:59.909 python3        1784369 nvme1n1 WS   56794880   131072    1.344
06:07:59.909 python3        1784369 nvme1n1 WS   56795136   131072    1.439
06:07:59.909 python3        1784369 nvme1n1 WS   56795392   131072    1.509
06:07:59.909 python3        1784367 nvme1n1 WS   315015168  131072    1.483
06:07:59.909 python3        1784369 nvme1n1 WS   56799232   131072    1.557
06:07:59.909 python3        1784367 nvme1n1 WS   315015424  131072    1.715
06:07:59.909 python3        1784367 nvme1n1 WS   56885248   131072    1.728
06:07:59.909 python3        1784367 nvme1n1 WS   315015680  131072    1.799
06:07:59.910 python3        1784367 nvme1n1 WS   56885504   131072    1.877
06:07:59.910 python3        1784367 nvme1n1 WS   56885760   131072    1.954
06:07:59.910 python3        1784369 nvme1n1 WS   56799488   131072    2.042
06:07:59.910 python3        1784369 nvme1n1 WS   56799744   131072    2.121
06:07:59.910 python3        1784367 nvme1n1 WS   315015936  131072    2.195
06:07:59.910 python3        1784367 nvme1n1 WS   315016192  131072    2.275
06:07:59.910 python3        1784367 nvme1n1 WS   315016448  131072    2.344
06:07:59.910 python3        1784367 nvme1n1 WS   315016704  131072    2.418
06:07:59.910 python3        1784369 nvme1n1 WS   56800000   131072    2.503
06:07:59.910 python3        1784369 nvme1n1 WS   56800256   131072    2.577
06:07:59.910 python3        1784369 nvme1n1 WS   56800512   131072    2.651
06:07:59.910 python3        1784369 nvme1n1 WS   56800768   131072    2.726
06:07:59.910 python3        1784367 nvme1n1 WS   56886016   131072    2.812
06:07:59.911 python3        1784367 nvme1n1 WS   56886272   131072    2.886
06:07:59.911 python3        1784367 nvme1n1 WS   56886528   131072    2.966
06:07:59.911 python3        1784367 nvme1n1 WS   56886784   131072    3.043
06:07:59.911 python3        1784367 nvme1n1 WS   315016960  131072    3.103
06:07:59.911 python3        1784367 nvme1n1 WS   315017216  131072    3.176
06:07:59.911 python3        1784367 nvme1n1 WS   315017472  131072    3.249
06:07:59.911 python3        1784369 nvme1n1 WS   56801024   131072    3.336
06:07:59.911 python3        1784369 nvme1n1 WS   56801280   131072    3.411
06:07:59.911 python3        1784369 nvme1n1 WS   56801536   131072    3.484
06:07:59.911 python3        1784367 nvme1n1 WS   56887040   131072    3.569
06:07:59.911 python3        1784367 nvme1n1 WS   56887296   131072    3.648
06:07:59.911 python3        1784367 nvme1n1 WS   56887552   131072    3.723
06:07:59.912 python3        1784369 nvme1n1 WS   56801792   131072    3.799
06:07:59.912 python3        1784369 nvme1n1 WS   56802048   131072    3.873
06:07:59.912 python3        1784369 nvme1n1 WS   56802304   131072    3.948
06:07:59.912 python3        1784369 nvme1n1 WS   56802560   131072    4.022
06:07:59.912 python3        1784369 nvme1n1 WS   56802816   131072    4.099
06:07:59.912 python3        1784367 nvme1n1 WS   315017728  131072    4.188
06:07:59.912 python3        1784367 nvme1n1 WS   315017984  131072    4.265
06:07:59.912 python3        1784367 nvme1n1 WS   315018240  131072    4.343
06:07:59.912 python3        1784367 nvme1n1 WS   315018496  131072    4.414
06:07:59.912 python3        1784367 nvme1n1 WS   315018752  131072    4.490
06:07:59.912 python3        1784367 nvme1n1 WS   56887808   131072    4.577
06:07:59.912 python3        1784367 nvme1n1 WS   56888064   131072    4.652
06:07:59.912 python3        1784367 nvme1n1 WS   56888320   131072    4.727
06:07:59.913 python3        1784367 nvme1n1 WS   56888576   131072    4.802
06:07:59.913 python3        1784367 nvme1n1 WS   56888832   131072    4.876
06:07:59.913 python3        1784367 nvme1n1 WS   315019008  131072    4.942
06:07:59.913 python3        1784367 nvme1n1 WS   315019264  131072    5.017
06:07:59.913 python3        1784367 nvme1n1 WS   315019520  131072    5.093
06:07:59.913 python3        1784367 nvme1n1 WS   56889088   131072    5.174
06:07:59.913 python3        1784367 nvme1n1 WS   56889344   131072    5.258
06:07:59.913 python3        1784367 nvme1n1 WS   56889600   131072    5.325
06:07:59.913 python3        1784369 nvme1n1 WS   56803072   131072    5.462
06:07:59.913 python3        1784369 nvme1n1 WS   56803328   131072    5.491
06:07:59.913 python3        1784369 nvme1n1 WS   56803584   131072    5.559
06:07:59.913 python3        1784368 nvme1n1 WS   56807424   131072    5.643
06:07:59.913 python3        1784368 nvme1n1 WS   56807680   131072    5.671
06:07:59.914 python3        1784368 nvme1n1 WS   56807936   131072    5.741
06:07:59.914 python3        1784368 nvme1n1 WS   56808192   131072    5.817
06:07:59.914 python3        1784368 nvme1n1 WS   56808448   131072    5.893
06:07:59.914 python3        1784368 nvme1n1 WS   56808704   131072    5.969
06:07:59.914 python3        1784368 nvme1n1 WS   56808960   131072    6.044
06:07:59.914 python3        1784368 nvme1n1 WS   56809216   131072    6.106
06:07:59.914 python3        1784368 nvme1n1 WS   56809472   131072    6.180
06:07:59.914 python3        1784368 nvme1n1 WS   56809728   131072    6.253
06:07:59.914 python3        1784368 nvme1n1 WS   56809984   131072    6.334
06:07:59.914 python3        1784368 nvme1n1 WS   56810240   131072    6.406
06:07:59.914 python3        1784368 nvme1n1 WS   56810496   131072    6.483
06:07:59.914 python3        1784368 nvme1n1 WS   56810752   131072    6.552
06:07:59.914 python3        1784368 nvme1n1 WS   56811008   131072    6.634
06:07:59.915 python3        1784366 nvme1n1 WS   1562820608 131072    6.746
06:07:59.915 python3        1784366 nvme1n1 WS   1562820864 131072    6.820
06:07:59.915 python3        1784366 nvme1n1 WS   1562821120 131072    6.890
06:07:59.915 python3        1784366 nvme1n1 WS   1562821376 131072    6.962
06:07:59.915 python3        1784366 nvme1n1 WS   1562821632 131072    7.039
06:07:59.915 python3        1784366 nvme1n1 WS   73981952   131072    7.184
06:07:59.915 python3        1784366 nvme1n1 WS   73982208   131072    7.200
06:07:59.915 python3        1784366 nvme1n1 WS   1534767104 131072    7.285
06:07:59.915 python3        1784366 nvme1n1 WS   1534767360 131072    7.353
06:07:59.915 python3        1784366 nvme1n1 WS   1534767616 131072    7.428
06:07:59.915 python3        1784366 nvme1n1 WS   1534767872 131072    7.502
06:07:59.915 python3        1784366 nvme1n1 WS   1534768128 131072    7.575
06:07:59.916 python3        1784366 nvme1n1 WS   1534768384 131072    7.649
06:07:59.916 python3        1784366 nvme1n1 WS   1534768640 131072    7.725
06:07:59.916 python3        1784366 nvme1n1 WS   1534768896 131072    7.783
06:07:59.916 python3        1784366 nvme1n1 WS   1562821888 131072    7.900
06:07:59.916 python3        1784366 nvme1n1 WS   1562822144 131072    7.975
06:07:59.916 python3        1784366 nvme1n1 WS   1562822400 131072    8.039
06:07:59.916 python3        1784366 nvme1n1 WS   1562822656 131072    8.118
06:07:59.916 python3        1784366 nvme1n1 WS   1562822912 131072    8.193
06:07:59.916 python3        1784366 nvme1n1 WS   1562823168 131072    8.274
06:07:59.916 python3        1784366 nvme1n1 WS   1562823424 131072    8.354
06:07:59.916 python3        1784366 nvme1n1 WS   1562823680 131072    8.431
06:07:59.916 python3        1784366 nvme1n1 WS   73982464   131072    8.553
06:07:59.917 python3        1784366 nvme1n1 WS   73982720   131072    8.628
06:07:59.917 python3        1784366 nvme1n1 WS   73982976   131072    8.711
06:07:59.917 python3        1784366 nvme1n1 WS   73983232   131072    8.787
06:07:59.917 python3        1784366 nvme1n1 WS   73983488   131072    8.864
06:07:59.917 python3        1784366 nvme1n1 WS   73983744   131072    8.924
06:07:59.917 python3        1784366 nvme1n1 WS   73984000   131072    8.999
06:07:59.917 python3        1784368 nvme1n1 WS   56811264   131072    9.153
06:07:59.917 python3        1784368 nvme1n1 WS   56811520   131072    9.182
06:07:59.917 python3        1784368 nvme1n1 WS   56811776   131072    9.260
06:07:59.917 python3        1784366 nvme1n1 WS   73984256   131072    9.321
06:07:59.917 python3        1784366 nvme1n1 WS   73984512   131072    9.395
06:07:59.917 python3        1784366 nvme1n1 WS   73984768   131072    9.470
06:07:59.917 python3        1784366 nvme1n1 WS   73985024   131072    9.546
06:07:59.918 python3        1784366 nvme1n1 WS   73985280   131072    9.623
06:07:59.918 python3        1784366 nvme1n1 WS   73985536   131072    9.699
06:07:59.918 python3        1784366 nvme1n1 WS   73985792   131072    9.766
06:07:59.918 python3        1784366 nvme1n1 WS   73986048   131072    9.842
06:07:59.918 python3        1784366 nvme1n1 WS   73986304   131072    9.924
06:07:59.918 python3        1784366 nvme1n1 WS   1562823936 131072   10.034
06:07:59.918 python3        1784366 nvme1n1 WS   1562824192 131072   10.111
06:07:59.918 python3        1784366 nvme1n1 WS   1562824448 131072   10.176
06:07:59.918 python3        1784366 nvme1n1 WS   1562824704 131072   10.250
06:07:59.918 python3        1784366 nvme1n1 WS   1562824960 131072   10.325
06:07:59.918 python3        1784366 nvme1n1 WS   1534769152 131072   10.437
06:07:59.918 python3        1784366 nvme1n1 WS   1534769408 131072   10.509
06:07:59.919 python3        1784366 nvme1n1 WS   1534769664 131072   10.586
06:07:59.919 python3        1784366 nvme1n1 WS   1534769920 131072   10.676
06:07:59.919 python3        1784366 nvme1n1 WS   1534770176 131072   10.751
06:07:59.919 python3        1784366 nvme1n1 WS   1534770432 131072   10.813
06:07:59.919 python3        1784366 nvme1n1 WS   1534770688 131072   10.889
06:07:59.919 python3        1784366 nvme1n1 WS   1534770944 131072   10.952
06:07:59.919 python3        1784366 nvme1n1 WS   1534771200 131072   11.025
06:07:59.919 python3        1784367 nvme1n1 WS   56815616   131072   11.202
06:07:59.919 python3        1784367 nvme1n1 WS   56815872   131072   11.222
06:07:59.919 python3        1784367 nvme1n1 WS   56816128   131072   11.285
06:07:59.919 python3        1784367 nvme1n1 WS   56816384   131072   11.362
06:07:59.919 python3        1784367 nvme1n1 WS   56816640   131072   11.441
06:07:59.919 python3        1784367 nvme1n1 WS   56816896   131072   11.517
06:07:59.920 python3        1784367 nvme1n1 WS   56817152   131072   11.621
06:07:59.920 python3        1784366 nvme1n1 WS   1534771456 131072   11.684
06:07:59.920 python3        1784367 nvme1n1 WS   56817408   131072   11.741
06:07:59.920 python3        1784367 nvme1n1 WS   56817664   131072   11.814
06:07:59.920 python3        1784367 nvme1n1 WS   56817920   131072   11.887
06:07:59.920 python3        1784367 nvme1n1 WS   56818176   131072   11.966
06:07:59.920 python3        1784367 nvme1n1 WS   56818432   131072   12.042
06:07:59.920 python3        1784367 nvme1n1 WS   56818688   131072   12.117
06:07:59.920 python3        1784367 nvme1n1 WS   56818944   131072   12.195
06:07:59.920 python3        1784367 nvme1n1 WS   56819200   131072   12.274
06:07:59.920 python3        1784367 nvme1n1 WS   56819456   131072   12.335
06:07:59.920 python3        1784367 nvme1n1 WS   56819712   131072   12.415
06:07:59.921 python3        1784367 nvme1n1 WS   56819968   131072   12.490
06:07:59.921 python3        1784369 nvme1n1 WS   1566244864 131072   12.586
06:07:59.921 python3        1784369 nvme1n1 WS   1566245120 131072   12.656
06:07:59.921 python3        1784369 nvme1n1 WS   1566245376 131072   12.730
06:07:59.921 python3        1784369 nvme1n1 WS   1566245632 131072   12.805
06:07:59.921 python3        1784369 nvme1n1 WS   1566245888 131072   12.883
06:07:59.921 python3        1784369 nvme1n1 WS   1566246144 131072   12.962
06:07:59.921 python3        1784369 nvme1n1 WS   1566246400 131072   13.041
06:07:59.921 python3        1784369 nvme1n1 WS   1566246656 131072   13.101
06:07:59.921 python3        1784369 nvme1n1 WS   1566246912 131072   13.178
06:07:59.921 python3        1784369 nvme1n1 WS   1566247168 131072   13.255
06:07:59.921 python3        1784369 nvme1n1 WS   1566247424 131072   13.336
06:07:59.921 python3        1784369 nvme1n1 WS   1566247680 131072   13.413
06:07:59.922 python3        1784369 nvme1n1 WS   1566247936 131072   13.496
06:07:59.922 python3        1784369 nvme1n1 WS   1566248192 131072   13.572
06:07:59.922 python3        1784369 nvme1n1 WS   1566248448 131072   13.652
06:07:59.922 python3        1784366 nvme1n1 WS   1566248960 131072   13.817
06:07:59.922 python3        1784366 nvme1n1 WS   1566249216 131072   13.843
06:07:59.922 python3        1784366 nvme1n1 WS   1566249472 131072   13.920
06:07:59.922 python3        1784366 nvme1n1 WS   1566249728 131072   13.995
06:07:59.922 python3        1784366 nvme1n1 WS   1566249984 131072   14.068
06:07:59.922 python3        1784366 nvme1n1 WS   1566250240 131072   14.143
06:07:59.922 python3        1784366 nvme1n1 WS   1566250496 131072   14.219
06:07:59.922 python3        1784366 nvme1n1 WS   1566250752 131072   14.281
06:07:59.922 python3        1784366 nvme1n1 WS   1566251008 131072   14.359
06:07:59.923 python3        1784366 nvme1n1 WS   1566251264 131072   14.437
06:07:59.923 python3        1784366 nvme1n1 WS   1566251520 131072   14.512
06:07:59.923 python3        1784366 nvme1n1 WS   1566251776 131072   14.587
06:07:59.923 python3        1784367 nvme1n1 WS   56823808   131072   14.725
06:07:59.923 python3        1784367 nvme1n1 WS   56824064   131072   14.758
06:07:59.923 python3        1784367 nvme1n1 WS   56824320   131072   14.827
06:07:59.923 python3        1784366 nvme1n1 WS   1566252032 131072   14.901
06:07:59.923 python3        1784366 nvme1n1 WS   1566252288 131072   14.978
06:07:59.923 python3        1784366 nvme1n1 WS   1566252544 131072   15.056
06:07:59.923 python3        1784366 nvme1n1 WS   1566252800 131072   15.121
06:07:59.923 python3        1784366 nvme1n1 WS   1566257152 131072   15.191
06:07:59.923 python3        1784366 nvme1n1 WS   1566257408 131072   15.265
06:07:59.923 python3        1784367 nvme1n1 WS   56824576   131072   15.375
06:07:59.924 python3        1784367 nvme1n1 WS   56824832   131072   15.455
06:07:59.924 python3        1784367 nvme1n1 WS   56825088   131072   15.534
06:07:59.924 python3        1784367 nvme1n1 WS   56825344   131072   15.608
06:07:59.924 python3        1784367 nvme1n1 WS   56825600   131072   15.673
06:07:59.924 python3        1784367 nvme1n1 WS   56825856   131072   15.746
06:07:59.924 python3        1784367 nvme1n1 WS   56826112   131072   15.825
06:07:59.924 python3        1784367 nvme1n1 WS   56826368   131072   15.902
06:07:59.924 python3        1784367 nvme1n1 WS   56826624   131072   15.980
06:07:59.924 python3        1784367 nvme1n1 WS   56826880   131072   16.059
06:07:59.924 python3        1784367 nvme1n1 WS   56827136   131072   16.140
06:07:59.924 python3        1784367 nvme1n1 WS   56827392   131072   16.214
06:07:59.924 python3        1784367 nvme1n1 WS   56827648   131072   16.283
06:07:59.925 python3        1784367 nvme1n1 WS   56827904   131072   16.394
06:07:59.925 python3        1784367 nvme1n1 WS   56828160   131072   16.468
06:07:59.925 python3        1784369 nvme1n1 WS   1566248704 131072   16.614
06:07:59.925 python3        1784369 nvme1n1 WS   1566253056 131072   16.689
06:07:59.925 python3        1784369 nvme1n1 WS   1566253312 131072   16.774
06:07:59.925 python3        1784368 nvme1n1 WS   1566146560 131072   16.794
06:07:59.925 python3        1784368 nvme1n1 WS   1566146816 131072   16.864
06:07:59.925 python3        1784368 nvme1n1 WS   1566147072 131072   16.942
06:07:59.925 python3        1784368 nvme1n1 WS   1566147328 131072   17.020
06:07:59.925 python3        1784368 nvme1n1 WS   1566147584 131072   17.095
06:07:59.925 python3        1784368 nvme1n1 WS   1566147840 131072   17.175
06:07:59.925 python3        1784368 nvme1n1 WS   1566148096 131072   17.255
06:07:59.926 python3        1784368 nvme1n1 WS   1566148352 131072   17.312
06:07:59.926 python3        1784368 nvme1n1 WS   1566148608 131072   17.395
06:07:59.926 python3        1784368 nvme1n1 WS   1566148864 131072   17.473
06:07:59.926 python3        1784368 nvme1n1 WS   1566149120 131072   17.549
06:07:59.926 python3        1784368 nvme1n1 WS   1566149376 131072   17.624
06:07:59.926 python3        1784368 nvme1n1 WS   1566149632 131072   17.706
06:07:59.926 python3        1784368 nvme1n1 WS   1566149888 131072   17.783
06:07:59.926 python3        1784368 nvme1n1 WS   1566150144 131072   17.862
06:07:59.926 python3        1784368 nvme1n1 WS   1573765120 131072   17.971
06:07:59.926 python3        1784368 nvme1n1 WS   1573765376 131072   18.042
06:07:59.926 python3        1784368 nvme1n1 WS   1573765632 131072   18.125
06:07:59.926 python3        1784368 nvme1n1 WS   1573765888 131072   18.198
06:07:59.926 python3        1784368 nvme1n1 WS   1573766144 131072   18.275
06:07:59.927 python3        1784368 nvme1n1 WS   1573766400 131072   18.351
06:07:59.927 python3        1784368 nvme1n1 WS   1573766656 131072   18.424
06:07:59.927 python3        1784368 nvme1n1 WS   1573766912 131072   18.491
06:07:59.927 python3        1784368 nvme1n1 WS   1573767168 131072   18.553
06:07:59.927 python3        1784368 nvme1n1 WS   1566150400 131072   18.670
06:07:59.927 python3        1784368 nvme1n1 WS   1566150656 131072   18.733
06:07:59.927 python3        1784368 nvme1n1 WS   1566150912 131072   18.844
06:07:59.927 python3        1784368 nvme1n1 WS   1573767424 131072   18.978
06:07:59.927 python3        1784368 nvme1n1 WS   1573767680 131072   19.107
06:07:59.927 python3        1784368 nvme1n1 WS   1573767936 131072   19.197
06:07:59.928 python3        1784368 nvme1n1 WS   1573768192 131072   19.273
06:07:59.928 python3        1784368 nvme1n1 WS   1573768448 131072   19.353
06:07:59.928 python3        1784368 nvme1n1 WS   1573768704 131072   19.429
06:07:59.928 python3        1784368 nvme1n1 WS   1573768960 131072   19.501
06:07:59.928 python3        1784368 nvme1n1 WS   1573769216 131072   19.582
06:07:59.928 python3        1784368 nvme1n1 WS   1573769472 131072   19.664
06:07:59.928 python3        1784368 nvme1n1 WS   1649340416 131072   19.757
06:07:59.928 python3        1784368 nvme1n1 WS   1649340672 131072   19.832
06:07:59.928 python3        1784368 nvme1n1 WS   1649340928 131072   19.920
06:07:59.928 python3        1784368 nvme1n1 WS   1649341184 131072   20.004
06:07:59.928 python3        1784368 nvme1n1 WS   1649341440 131072   20.059
06:07:59.928 python3        1784368 nvme1n1 WS   1649341696 131072   20.134
06:07:59.928 python3        1784368 nvme1n1 WS   1649341952 131072   20.209
06:07:59.929 python3        1784369 nvme1n1 WS   1176412160 131072   20.347
06:07:59.929 python3        1784369 nvme1n1 WS   1176412416 131072   20.366
06:07:59.929 python3        1784369 nvme1n1 WS   1176412672 131072   20.440
06:07:59.929 python3        1784369 nvme1n1 WS   1176412928 131072   20.515
06:07:59.929 python3        1784369 nvme1n1 WS   1176413184 131072   20.591
06:07:59.929 python3        1784369 nvme1n1 WS   1176413440 131072   20.670
06:07:59.929 python3        1784369 nvme1n1 WS   1176413696 131072   20.747
06:07:59.929 python3        1784369 nvme1n1 WS   1176413952 131072   20.807
06:07:59.929 python3        1784369 nvme1n1 WS   1176414208 131072   20.883
06:07:59.929 python3        1784369 nvme1n1 WS   1176414464 131072   20.956
06:07:59.929 python3        1784369 nvme1n1 WS   1176414720 131072   21.034
06:07:59.929 python3        1784369 nvme1n1 WS   1176414976 131072   21.111
06:07:59.930 python3        1784368 nvme1n1 WS   1649342208 131072   21.218
06:07:59.930 python3        1784368 nvme1n1 WS   1649342464 131072   21.300
06:07:59.930 python3        1784368 nvme1n1 WS   1649342720 131072   21.410
06:07:59.930 python3        1784368 nvme1n1 WS   1649342976 131072   21.489
06:07:59.930 python3        1784369 nvme1n1 WS   1176415232 131072   21.550
06:07:59.930 python3        1784369 nvme1n1 WS   1176415488 131072   21.632
06:07:59.930 python3        1784369 nvme1n1 WS   1176415744 131072   21.708
06:07:59.930 python3        1784369 nvme1n1 WS   1176416000 131072   21.776
06:07:59.930 python3        1784369 nvme1n1 WS   1176416256 131072   21.855
06:07:59.930 python3        1784369 nvme1n1 WS   1176416512 131072   21.931
06:07:59.930 python3        1784369 nvme1n1 WS   1649348608 131072   20.882
06:07:59.930 python3        1784369 nvme1n1 WS   1649348864 131072   20.957
06:07:59.931 python3        1784369 nvme1n1 WS   1649349120 131072   21.036
06:07:59.931 python3        1784369 nvme1n1 WS   1649349376 131072   21.115
06:07:59.931 python3        1784369 nvme1n1 WS   1649349632 131072   21.196
06:07:59.931 python3        1784369 nvme1n1 WS   1649349888 131072   21.273
06:07:59.931 python3        1784368 nvme1n1 WS   1649343232 131072   22.539
06:07:59.931 python3        1784368 nvme1n1 WS   1649343488 131072   22.617
06:07:59.931 python3        1784368 nvme1n1 WS   1649343744 131072   22.694
06:07:59.931 python3        1784368 nvme1n1 WS   1649344000 131072   22.774
06:07:59.931 python3        1784369 nvme1n1 WS   1649350144 131072   21.673
06:07:59.931 python3        1784369 nvme1n1 WS   1649350400 131072   21.735
06:07:59.931 python3        1784369 nvme1n1 WS   1649350656 131072   21.813
06:07:59.931 python3        1784369 nvme1n1 WS   1649350912 131072   21.887
06:07:59.931 python3        1784369 nvme1n1 WS   1649351168 131072   21.964
06:07:59.932 python3        1784369 nvme1n1 WS   1649351424 131072   22.042
06:07:59.932 python3        1784369 nvme1n1 WS   1649351680 131072   22.121
06:07:59.932 python3        1784369 nvme1n1 WS   1649351936 131072   22.196
06:07:59.932 python3        1784369 nvme1n1 WS   1649352192 131072   22.275
06:07:59.932 python3        1784369 nvme1n1 WS   1649352448 131072   22.342
06:07:59.932 python3        1784369 nvme1n1 WS   1649352704 131072   22.423
06:07:59.932 python3        1784369 nvme1n1 WS   1649352960 131072   22.546
06:07:59.932 python3        1784368 nvme1n1 WS   1649344256 131072   23.899
06:07:59.932 python3        1784368 nvme1n1 WS   1649344512 131072   24.025
06:07:59.933 python3        1784368 nvme1n1 WS   1649344768 131072   24.153
06:07:59.933 python3        1784367 nvme1n1 WS   1649356800 131072   18.381
06:07:59.933 python3        1784367 nvme1n1 WS   1649357056 131072   18.448
06:07:59.933 python3        1784367 nvme1n1 WS   1649357312 131072   18.589
06:07:59.933 python3        1784367 nvme1n1 WS   1649360896 131072   18.799
06:07:59.933 python3        1784367 nvme1n1 WS   1649361152 131072   18.880
06:07:59.933 python3        1784367 nvme1n1 WS   1649357568 131072   19.022
06:07:59.933 python3        1784367 nvme1n1 WS   1649357824 131072   19.164
06:07:59.934 python3        1784367 nvme1n1 WS   1649358080 131072   19.306
06:07:59.934 python3        1784367 nvme1n1 WS   1649361408 131072   19.457
06:07:59.934 python3        1784367 nvme1n1 WS   1649361664 131072   19.588
06:07:59.934 python3        1784369 nvme1n1 WS   1649364992 131072   19.769
06:07:59.934 python3        1784367 nvme1n1 WS   1649361920 131072   19.804
06:07:59.934 python3        1784367 nvme1n1 WS   1649362176 131072   19.874
06:07:59.934 python3        1784367 nvme1n1 WS   1649362432 131072   19.950
06:07:59.934 python3        1784367 nvme1n1 WS   1649362688 131072   20.025
06:07:59.934 python3        1784369 nvme1n1 WS   1649365248 131072   20.117
06:07:59.935 python3        1784369 nvme1n1 WS   1649365504 131072   20.196
06:07:59.935 python3        1784369 nvme1n1 WS   1649365760 131072   20.270
06:07:59.935 python3        1784367 nvme1n1 WS   1649358336 131072   20.359
06:07:59.935 python3        1784369 nvme1n1 WS   1649366016 131072   20.430
06:07:59.935 python3        1784369 nvme1n1 WS   1649366272 131072   20.504
06:07:59.935 python3        1784369 nvme1n1 WS   1649366528 131072   20.583
06:07:59.935 python3        1784369 nvme1n1 WS   1649366784 131072   20.658
06:07:59.935 python3        1784369 nvme1n1 WS   1649367040 94208    20.719
06:07:59.935 python3        1784367 nvme1n1 WS   1649362944 94208    20.779
06:07:59.935 python3        1784367 nvme1n1 WS   1649358592 131072   20.895
06:07:59.935 python3        1784367 nvme1n1 WS   1649358848 131072   21.016
06:07:59.935 python3        1784367 nvme1n1 WS   1649359104 131072   21.143
06:07:59.936 python3        1784367 nvme1n1 WS   1649359360 131072   21.271
06:07:59.936 python3        1784367 nvme1n1 WS   1649359616 131072   21.438
06:07:59.936 python3        1784367 nvme1n1 WS   1649359872 131072   21.521
06:07:59.936 python3        1784367 nvme1n1 WS   1649360128 131072   21.601
06:07:59.936 python3        1784367 nvme1n1 WS   1649360384 131072   21.681
06:07:59.936 python3        1784367 nvme1n1 WS   1649360640 131072   21.744
06:07:59.936 python3        1784367 nvme1n1 WS   1649369088 131072   21.822
06:07:59.936 python3        1784367 nvme1n1 WS   1649369344 131072   21.902
06:07:59.936 python3        1784368 nvme1n1 WS   1649373184 131072   18.590
06:07:59.936 python3        1784368 nvme1n1 WS   1649373440 131072   18.666
06:07:59.937 python3        1784368 nvme1n1 WS   1649373696 131072   18.748
06:07:59.937 python3        1784368 nvme1n1 WS   1649373952 131072   18.824
06:07:59.937 python3        1784368 nvme1n1 WS   1649374208 131072   18.905
06:07:59.937 python3        1784368 nvme1n1 WS   1649374464 131072   18.990
06:07:59.937 python3        1784368 nvme1n1 WS   1649374720 131072   19.068
06:07:59.937 python3        1784368 nvme1n1 WS   1649374976 131072   19.130
06:07:59.937 python3        1784368 nvme1n1 WS   1649375232 131072   19.209
06:07:59.937 python3        1784368 nvme1n1 WS   1649375488 131072   19.287
06:07:59.937 python3        1784368 nvme1n1 WS   1649375744 131072   19.366
06:07:59.937 python3        1784368 nvme1n1 WS   1649376000 131072   19.441
06:07:59.937 python3        1784368 nvme1n1 WS   1649376256 131072   19.524
06:07:59.937 python3        1784368 nvme1n1 WS   1649376512 131072   19.604
06:07:59.938 python3        1784368 nvme1n1 WS   1649376768 131072   19.684
06:07:59.938 python3        1784368 nvme1n1 WS   1649377024 131072   19.751
06:07:59.938 python3        1784368 nvme1n1 WS   1649377280 131072   19.833
06:07:59.938 python3        1784368 nvme1n1 WS   1649377536 131072   19.911
06:07:59.938 python3        1784366 nvme1n1 WS   1649381376 131072   19.329
06:07:59.938 python3        1784366 nvme1n1 WS   1649381632 131072   19.404
06:07:59.938 python3        1784366 nvme1n1 WS   1649381888 131072   19.485
06:07:59.938 python3        1784366 nvme1n1 WS   1649382144 131072   19.562
06:07:59.938 python3        1784366 nvme1n1 WS   1649382400 131072   19.640
06:07:59.938 python3        1784366 nvme1n1 WS   1649382656 131072   19.719
06:07:59.938 python3        1784366 nvme1n1 WS   1649382912 131072   19.798
06:07:59.938 python3        1784366 nvme1n1 WS   1649383168 131072   19.860
06:07:59.938 python3        1784366 nvme1n1 WS   1649383424 131072   19.940
06:07:59.939 python3        1784366 nvme1n1 WS   1649383680 131072   20.021
06:07:59.939 python3        1784366 nvme1n1 WS   1649383936 131072   20.100
06:07:59.939 python3        1784366 nvme1n1 WS   1649384192 131072   20.176
06:07:59.939 python3        1784366 nvme1n1 WS   1649384448 131072   20.257
06:07:59.939 python3        1784366 nvme1n1 WS   1649384704 131072   20.332
06:07:59.939 python3        1784366 nvme1n1 WS   1649384960 131072   20.409
06:07:59.939 python3        1784366 nvme1n1 WS   1649385216 131072   20.477
06:07:59.939 python3        1784366 nvme1n1 WS   1649385472 131072   20.559
06:07:59.939 python3        1784366 nvme1n1 WS   1649385728 131072   20.640
06:07:59.939 python3        1784366 nvme1n1 WS   1649389568 131072   19.975
06:07:59.939 python3        1784366 nvme1n1 WS   1649389824 131072   20.041
06:07:59.939 python3        1784366 nvme1n1 WS   1649390080 131072   20.116
06:07:59.940 python3        1784366 nvme1n1 WS   1649390336 131072   20.193
06:07:59.940 python3        1784366 nvme1n1 WS   1649390592 131072   20.269
06:07:59.940 python3        1784366 nvme1n1 WS   1649390848 131072   20.343
06:07:59.940 python3        1784366 nvme1n1 WS   1649391104 131072   20.422
06:07:59.940 python3        1784366 nvme1n1 WS   1649391360 131072   20.499
06:07:59.940 python3        1784366 nvme1n1 WS   1649391616 94208    20.555
06:07:59.940 python3        1784368 nvme1n1 WS   1649393664 131072   11.850
06:07:59.940 python3        1784368 nvme1n1 WS   1649393920 131072   11.923
06:07:59.940 python3        1784368 nvme1n1 WS   1649394176 131072   12.003
06:07:59.940 python3        1784368 nvme1n1 WS   1649394432 131072   12.080
06:07:59.940 python3        1784368 nvme1n1 WS   1649394688 131072   12.156
06:07:59.940 python3        1784368 nvme1n1 WS   1649394944 131072   12.235
06:07:59.940 python3        1784368 nvme1n1 WS   1649395200 131072   12.313
06:07:59.941 python3        1784368 nvme1n1 WS   1649395456 131072   12.388
06:07:59.941 python3        1784368 nvme1n1 WS   1649395712 94208    12.445
06:08:00.370 jbd2/nv        752     nvme1n1 WSM  878956872  131072    0.163
06:08:00.370 jbd2/nv        752     nvme1n1 WSM  878957128  131072    0.206
06:08:00.370 jbd2/nv        752     nvme1n1 WSM  878957384  106496    0.233
06:08:00.370 jbd2/nv        752     nvme1n1 WSM  878957592  4096      0.035
06:08:00.372 nvme           1893025 Unknown N    -1         512       0.027
06:08:01.357 amoprof        1787544 nvme1n1 W    1679519264 4096      0.054
