TIMESTAMP    COMM           PID     DISK    T    SECTOR     BYTES   LAT(ms)
07:52:54.559 nvme           2097383 Unknown N    -1         512       0.035
07:52:55.562 nvme           2097438 Unknown N    -1         512       0.076
07:52:55.564 jbd2/nv        752     nvme1n1 WSM  878103880  131072    0.160
07:52:55.564 jbd2/nv        752     nvme1n1 WSM  878104136  20480     0.169
07:52:55.564 jbd2/nv        752     nvme1n1 WSM  878104176  4096      0.029
07:52:56.564 nvme           2097446 Unknown N    -1         512       0.034
07:52:56.973 ib_log_        125934  nvme1n1 WS   1756082752 8192      0.057
07:52:57.059 ib_pg_f        125934  nvme1n1 WS   1737244672 131072    0.171
07:52:57.059 ib_pg_f        125934  nvme1n1 WS   1737244928 131072    0.244
07:52:57.059 ib_pg_f        125934  nvme1n1 WS   1737245184 131072    0.317
07:52:57.059 ib_pg_f        125934  nvme1n1 WS   1737245440 131072    0.395
07:52:57.059 ib_pg_f        125934  nvme1n1 WS   1737245696 131072    0.474
07:52:57.059 ib_pg_f        125934  nvme1n1 WS   1737245952 98304     0.531
07:52:57.059 ib_pg_f        125934  nvme1n1 WS   1730409600 16384     0.044
07:52:57.059 ib_pg_f        125934  nvme1n1 WS   1556364992 16384     0.048
07:52:57.060 ib_pg_f        125934  nvme1n1 WS   1730410848 16384     0.055
07:52:57.060 ib_pg_f        125934  nvme1n1 WS   1556365024 16384     0.074
07:52:57.060 ib_pg_f        125934  nvme1n1 WS   1730411904 16384     0.078
07:52:57.060 ib_pg_f        125934  nvme1n1 WS   1556365056 16384     0.090
07:52:57.060 ib_pg_f        125934  nvme1n1 WS   1730410432 16384     0.095
07:52:57.060 ib_pg_f        125934  nvme1n1 WS   1556365248 16384     0.080
07:52:57.060 ib_pg_f        125934  nvme1n1 WS   1730410656 16384     0.080
07:52:57.060 ib_pg_f        125934  nvme1n1 WS   1556365280 16384     0.084
07:52:57.060 ib_pg_f        125934  nvme1n1 WS   1730411232 16384     0.089
07:52:57.060 ib_pg_f        125934  nvme1n1 WS   1556367392 16384     0.092
07:52:57.060 ib_pg_f        125934  nvme1n1 WS   1730406368 16384     0.093
07:52:57.060 ib_pg_f        125934  nvme1n1 WS   1556367424 16384     0.093
07:52:57.060 ib_pg_f        125934  nvme1n1 WS   1730392224 16384     0.100
07:52:57.060 ib_pg_f        125934  nvme1n1 WS   1556367456 16384     0.099
07:52:57.060 ib_pg_f        125934  nvme1n1 WS   1730408448 16384     0.101
07:52:57.060 ib_pg_f        125934  nvme1n1 WS   1556367488 16384     0.091
07:52:57.060 ib_pg_f        125934  nvme1n1 WS   1730408480 16384     0.090
07:52:57.060 ib_pg_f        125934  nvme1n1 WS   1556367520 16384     0.092
07:52:57.060 ib_pg_f        125934  nvme1n1 WS   1730409664 16384     0.092
07:52:57.060 ib_pg_f        125934  nvme1n1 WS   1556367616 16384     0.094
07:52:57.060 ib_pg_f        125934  nvme1n1 WS   1756481184 16384     0.090
07:52:57.060 ib_pg_f        125934  nvme1n1 WS   1756425920 16384     0.092
07:52:57.060 ib_pg_f        125934  nvme1n1 WS   1756482528 16384     0.091
07:52:57.060 ib_pg_f        125934  nvme1n1 WS   1756425952 16384     0.094
07:52:57.060 ib_pg_f        125934  nvme1n1 WS   1756483872 16384     0.081
07:52:57.060 ib_pg_f        125934  nvme1n1 WS   1756425984 16384     0.082
07:52:57.060 ib_pg_f        125934  nvme1n1 WS   1756481248 16384     0.084
07:52:57.060 ib_pg_f        125934  nvme1n1 WS   1756426016 16384     0.094
07:52:57.060 ib_pg_f        125934  nvme1n1 WS   1756481280 16384     0.084
07:52:57.060 ib_pg_f        125934  nvme1n1 WS   1756426048 16384     0.092
07:52:57.060 ib_pg_f        125934  nvme1n1 WS   1756482560 16384     0.092
07:52:57.060 ib_pg_f        125934  nvme1n1 WS   1756426144 16384     0.097
07:52:57.060 ib_pg_f        125934  nvme1n1 WS   1756484480 16384     0.102
07:52:57.060 ib_pg_f        125934  nvme1n1 WS   1756426208 16384     0.105
07:52:57.060 ib_pg_f        125934  nvme1n1 WS   1756482592 16384     0.095
07:52:57.060 ib_pg_f        125934  nvme1n1 WS   1756426240 16384     0.095
07:52:57.060 ib_pg_f        125934  nvme1n1 WS   1756483232 16384     0.100
07:52:57.060 ib_pg_f        125934  nvme1n1 WS   1756426272 16384     0.104
07:52:57.060 ib_pg_f        125934  nvme1n1 WS   1756481440 16384     0.103
07:52:57.060 ib_pg_f        125934  nvme1n1 WS   1756426304 16384     0.108
07:52:57.060 ib_pg_f        125934  nvme1n1 WS   1756483488 16384     0.105
07:52:57.060 ib_pg_f        125934  nvme1n1 WS   1756426496 16384     0.108
07:52:57.060 ib_pg_f        125934  nvme1n1 WS   1756483712 16384     0.108
07:52:57.060 ib_pg_f        125934  nvme1n1 WS   1756426528 16384     0.109
07:52:57.505 kworker        1958706 nvme1n1 W    612814656  69632     0.122
07:52:57.505 kworker        1958706 nvme1n1 W    613040128  45056     0.138
07:52:57.505 kworker        1958706 nvme1n1 W    612814792  24576     0.151
07:52:57.505 kworker        1958706 nvme1n1 W    613040216  106496    0.213
07:52:57.566 nvme           2097452 Unknown N    -1         512       0.030
07:52:57.585 python3        1784367 nvme1n1 WS   81068032   131072    0.204
07:52:57.585 python3        1784367 nvme1n1 WS   81072128   131072    0.329
07:52:57.585 python3        1784367 nvme1n1 WS   81072384   131072    0.375
07:52:57.585 python3        1784367 nvme1n1 WS   81068288   131072    0.446
07:52:57.586 python3        1784367 nvme1n1 WS   81068544   131072    0.530
07:52:57.586 python3        1784367 nvme1n1 WS   81072640   131072    0.625
07:52:57.586 python3        1784367 nvme1n1 WS   81072896   131072    0.683
07:52:57.586 python3        1784367 nvme1n1 WS   81073152   131072    0.755
07:52:57.586 python3        1784367 nvme1n1 WS   81073408   131072    0.838
07:52:57.586 python3        1784367 nvme1n1 WS   81073664   131072    0.919
07:52:57.586 python3        1784367 nvme1n1 WS   81068800   131072    1.012
07:52:57.586 python3        1784367 nvme1n1 WS   81069056   131072    1.092
07:52:57.586 python3        1784367 nvme1n1 WS   81069312   131072    1.172
07:52:57.586 python3        1784367 nvme1n1 WS   81069568   131072    1.250
07:52:57.586 python3        1784367 nvme1n1 WS   81073920   131072    1.311
07:52:57.586 python3        1784367 nvme1n1 WS   81074176   131072    1.394
07:52:57.587 python3        1784367 nvme1n1 WS   81074432   131072    1.474
07:52:57.587 python3        1784367 nvme1n1 WS   81074688   131072    1.555
07:52:57.587 python3        1784367 nvme1n1 WS   81074944   131072    1.635
07:52:57.587 python3        1784367 nvme1n1 WS   81075200   131072    1.715
07:52:57.587 python3        1784367 nvme1n1 WS   81075456   131072    1.798
07:52:57.587 python3        1784367 nvme1n1 WS   81075712   131072    1.880
07:52:57.587 python3        1784369 nvme1n1 WS   1615630336 131072    1.971
07:52:57.587 python3        1784369 nvme1n1 WS   1615630592 131072    2.040
07:52:57.587 python3        1784369 nvme1n1 WS   1615630848 131072    2.121
07:52:57.587 python3        1784369 nvme1n1 WS   1615631104 131072    2.197
07:52:57.587 python3        1784367 nvme1n1 WS   81069824   131072    2.283
07:52:57.587 python3        1784367 nvme1n1 WS   81070080   131072    2.359
07:52:57.588 python3        1784367 nvme1n1 WS   81070336   131072    2.431
07:52:57.588 python3        1784367 nvme1n1 WS   81070592   131072    2.507
07:52:57.588 python3        1784367 nvme1n1 WS   81070848   131072    2.582
07:52:57.588 python3        1784367 nvme1n1 WS   81071104   131072    2.655
07:52:57.588 python3        1784367 nvme1n1 WS   81071360   131072    2.727
07:52:57.588 python3        1784367 nvme1n1 WS   81071616   131072    2.802
07:52:57.588 python3        1784369 nvme1n1 WS   1615631360 131072    2.890
07:52:57.588 python3        1784369 nvme1n1 WS   1615631616 131072    2.964
07:52:57.588 python3        1784369 nvme1n1 WS   1615631872 131072    3.037
07:52:57.588 python3        1784367 nvme1n1 WS   81075968   131072    3.122
07:52:57.588 python3        1784367 nvme1n1 WS   81076224   131072    3.195
07:52:57.588 python3        1784367 nvme1n1 WS   81076480   131072    3.272
07:52:57.589 python3        1784369 nvme1n1 WS   1615634432 131072    3.442
07:52:57.589 python3        1784369 nvme1n1 WS   1615634688 131072    3.444
07:52:57.589 python3        1784369 nvme1n1 WS   1615634944 131072    3.495
07:52:57.589 python3        1784369 nvme1n1 WS   1615635200 131072    3.572
07:52:57.589 python3        1784369 nvme1n1 WS   1615635456 131072    3.646
07:52:57.589 python3        1784369 nvme1n1 WS   1615635712 131072    3.719
07:52:57.589 python3        1784369 nvme1n1 WS   1615635968 131072    3.794
07:52:57.589 python3        1784369 nvme1n1 WS   1615636224 131072    3.851
07:52:57.589 python3        1784369 nvme1n1 WS   1615636480 131072    3.928
07:52:57.589 python3        1784369 nvme1n1 WS   1615636736 131072    4.002
07:52:57.589 python3        1784366 nvme1n1 WS   1615638528 131072    4.204
07:52:57.589 python3        1784366 nvme1n1 WS   1615638784 131072    4.205
07:52:57.589 python3        1784366 nvme1n1 WS   1615639040 131072    4.263
07:52:57.589 python3        1784366 nvme1n1 WS   1615639296 131072    4.343
07:52:57.590 python3        1784366 nvme1n1 WS   1615639552 131072    4.420
07:52:57.590 python3        1784366 nvme1n1 WS   1615639808 131072    4.499
07:52:57.590 python3        1784366 nvme1n1 WS   1615640064 131072    4.578
07:52:57.590 python3        1784369 nvme1n1 WS   1615632128 131072    4.723
07:52:57.590 python3        1784369 nvme1n1 WS   1615632384 131072    4.757
07:52:57.590 python3        1784369 nvme1n1 WS   1615632640 131072    4.824
07:52:57.590 python3        1784369 nvme1n1 WS   1615632896 131072    4.901
07:52:57.590 python3        1784369 nvme1n1 WS   1615633152 131072    4.978
07:52:57.590 python3        1784369 nvme1n1 WS   1615633408 131072    5.056
07:52:57.590 python3        1784369 nvme1n1 WS   1615633664 131072    5.129
07:52:57.590 python3        1784369 nvme1n1 WS   1615633920 131072    5.208
07:52:57.590 python3        1784367 nvme1n1 WS   81071872   131072    5.303
07:52:57.591 python3        1784367 nvme1n1 WS   81084416   131072    5.380
07:52:57.591 python3        1784367 nvme1n1 WS   81084672   131072    5.460
07:52:57.591 python3        1784369 nvme1n1 WS   1615636992 131072    5.522
07:52:57.591 python3        1784369 nvme1n1 WS   1615637248 131072    5.598
07:52:57.591 python3        1784369 nvme1n1 WS   1615637504 131072    5.674
07:52:57.591 python3        1784369 nvme1n1 WS   1615637760 131072    5.751
07:52:57.591 python3        1784369 nvme1n1 WS   1615638016 131072    5.830
07:52:57.591 python3        1784366 nvme1n1 WS   1615640320 131072    5.922
07:52:57.591 python3        1784366 nvme1n1 WS   1615640576 131072    5.998
07:52:57.591 python3        1784366 nvme1n1 WS   1615640832 131072    6.072
07:52:57.591 python3        1784366 nvme1n1 WS   1615641088 131072    6.149
07:52:57.591 python3        1784366 nvme1n1 WS   1615641344 131072    6.225
07:52:57.591 python3        1784366 nvme1n1 WS   1615641600 131072    6.302
07:52:57.592 python3        1784366 nvme1n1 WS   1615641856 131072    6.376
07:52:57.592 python3        1784366 nvme1n1 WS   1615642112 131072    6.456
07:52:57.592 python3        1784369 nvme1n1 WS   1615634176 131072    6.555
07:52:57.592 python3        1784369 nvme1n1 WS   1615642624 131072    6.630
07:52:57.592 python3        1784369 nvme1n1 WS   1615642880 131072    6.708
07:52:57.592 python3        1784366 nvme1n1 WS   1615345664 131072    6.793
07:52:57.592 python3        1784366 nvme1n1 WS   1615345920 131072    6.867
07:52:57.592 python3        1784366 nvme1n1 WS   1615346176 131072    6.975
07:52:57.592 python3        1784366 nvme1n1 WS   1615346432 131072    7.050
07:52:57.592 python3        1784366 nvme1n1 WS   1615346688 131072    7.125
07:52:57.592 python3        1784366 nvme1n1 WS   1615346944 131072    7.201
07:52:57.592 python3        1784366 nvme1n1 WS   1615347200 131072    7.275
07:52:57.593 python3        1784366 nvme1n1 WS   1615347456 77824     7.320
07:52:57.593 python3        1784368 nvme1n1 WS   81080320   131072    7.426
07:52:57.593 python3        1784368 nvme1n1 WS   81080576   131072    7.494
07:52:57.593 python3        1784368 nvme1n1 WS   81080832   131072    7.571
07:52:57.593 python3        1784368 nvme1n1 WS   81081088   131072    7.649
07:52:57.593 python3        1784368 nvme1n1 WS   81081344   131072    7.720
07:52:57.593 python3        1784369 nvme1n1 WS   1615638272 131072    7.801
07:52:57.593 python3        1784369 nvme1n1 WS   1615863808 131072    7.874
07:52:57.593 python3        1784369 nvme1n1 WS   1615864064 131072    7.949
07:52:57.593 python3        1784368 nvme1n1 WS   81081600   131072    8.033
07:52:57.593 python3        1784368 nvme1n1 WS   81081856   131072    8.100
07:52:57.593 python3        1784366 nvme1n1 WS   1615642368 131072    8.229
07:52:57.593 python3        1784366 nvme1n1 WS   1615650816 131072    8.257
07:52:57.594 python3        1784366 nvme1n1 WS   1615651072 131072    8.334
07:52:57.594 python3        1784368 nvme1n1 WS   1615646720 131072    8.454
07:52:57.594 python3        1784368 nvme1n1 WS   1615646976 131072    8.484
07:52:57.594 python3        1784368 nvme1n1 WS   1615647232 131072    8.562
07:52:57.594 python3        1784368 nvme1n1 WS   1615647488 131072    8.636
07:52:57.594 python3        1784368 nvme1n1 WS   1615647744 131072    8.712
07:52:57.594 python3        1784368 nvme1n1 WS   1615648000 131072    8.789
07:52:57.594 python3        1784368 nvme1n1 WS   1615648256 131072    8.867
07:52:57.594 python3        1784368 nvme1n1 WS   1615648512 131072    8.928
07:52:57.594 python3        1784368 nvme1n1 WS   1615648768 131072    9.005
07:52:57.594 python3        1784368 nvme1n1 WS   1615649024 131072    9.080
07:52:57.594 python3        1784368 nvme1n1 WS   1615649280 131072    9.154
07:52:57.594 python3        1784368 nvme1n1 WS   1615649536 131072    9.229
07:52:57.595 python3        1784368 nvme1n1 WS   1615649792 131072    9.305
07:52:57.595 python3        1784368 nvme1n1 WS   1615650048 131072    9.380
07:52:57.595 python3        1784368 nvme1n1 WS   1615650304 131072    9.458
07:52:57.595 python3        1784368 nvme1n1 WS   81082112   131072    9.577
07:52:57.595 python3        1784368 nvme1n1 WS   81082368   131072    9.653
07:52:57.595 python3        1784368 nvme1n1 WS   81082624   131072    9.730
07:52:57.595 python3        1784368 nvme1n1 WS   81082880   131072    9.805
07:52:57.595 python3        1784368 nvme1n1 WS   81083136   131072    9.877
07:52:57.595 python3        1784368 nvme1n1 WS   81083392   131072    9.954
07:52:57.595 python3        1784368 nvme1n1 WS   81083648   131072   10.044
07:52:57.595 python3        1784368 nvme1n1 WS   81083904   131072   10.104
07:52:57.595 python3        1784369 nvme1n1 WS   1623930880 131072   10.197
07:52:57.596 python3        1784369 nvme1n1 WS   1623931136 131072   10.263
07:52:57.596 python3        1784369 nvme1n1 WS   1623931392 131072   10.339
07:52:57.596 python3        1784369 nvme1n1 WS   1623931648 131072   10.415
07:52:57.596 python3        1784369 nvme1n1 WS   1623931904 131072   10.490
07:52:57.596 python3        1784369 nvme1n1 WS   1623932160 131072   10.564
07:52:57.596 python3        1784369 nvme1n1 WS   1623932416 131072   10.640
07:52:57.596 python3        1784369 nvme1n1 WS   1623932672 77824    10.692
07:52:57.596 python3        1784368 nvme1n1 WS   1615650560 131072   10.755
07:52:57.596 python3        1784368 nvme1n1 WS   1615659008 131072   10.828
07:52:57.596 python3        1784368 nvme1n1 WS   1615659264 131072   10.902
07:52:57.596 python3        1784368 nvme1n1 WS   81084160   131072   10.986
07:52:57.596 python3        1784368 nvme1n1 WS   81088512   131072   11.063
07:52:57.596 python3        1784368 nvme1n1 WS   81088768   131072   11.140
07:52:57.597 python3        1784366 nvme1n1 WS   1615654912 131072   11.213
07:52:57.597 python3        1784366 nvme1n1 WS   1615655168 131072   11.277
07:52:57.597 python3        1784366 nvme1n1 WS   1615655424 131072   11.354
07:52:57.597 python3        1784366 nvme1n1 WS   1615655680 131072   11.430
07:52:57.597 python3        1784366 nvme1n1 WS   1615655936 131072   11.505
07:52:57.597 python3        1784366 nvme1n1 WS   1615656192 131072   11.579
07:52:57.597 python3        1784366 nvme1n1 WS   1615656448 131072   11.672
07:52:57.597 python3        1784367 nvme1n1 WS   1615353856 131072   11.768
07:52:57.597 python3        1784367 nvme1n1 WS   1615354112 131072   11.841
07:52:57.597 python3        1784367 nvme1n1 WS   1615354368 131072   11.921
07:52:57.597 python3        1784367 nvme1n1 WS   1615354624 131072   12.000
07:52:57.597 python3        1784367 nvme1n1 WS   1615354880 131072   12.076
07:52:57.597 python3        1784367 nvme1n1 WS   1615355136 131072   12.156
07:52:57.598 python3        1784367 nvme1n1 WS   1615355392 131072   12.237
07:52:57.598 python3        1784367 nvme1n1 WS   1615355648 77824    12.281
07:52:57.598 python3        1784368 nvme1n1 WS   1615366144 131072   12.427
07:52:57.598 python3        1784368 nvme1n1 WS   1615366400 131072   12.452
07:52:57.598 python3        1784368 nvme1n1 WS   1615366656 131072   12.523
07:52:57.598 python3        1784368 nvme1n1 WS   1615366912 131072   12.597
07:52:57.598 python3        1784368 nvme1n1 WS   1615367168 131072   12.680
07:52:57.598 python3        1784368 nvme1n1 WS   1615367424 131072   12.753
07:52:57.598 python3        1784368 nvme1n1 WS   1615367680 131072   12.852
07:52:57.598 python3        1784368 nvme1n1 WS   1615367936 77824    12.889
07:52:57.598 python3        1784366 nvme1n1 WS   1615656704 131072   12.958
07:52:57.598 python3        1784366 nvme1n1 WS   1615656960 131072   13.030
07:52:57.598 python3        1784366 nvme1n1 WS   1615657216 131072   13.107
07:52:57.599 python3        1784366 nvme1n1 WS   1615657472 131072   13.187
07:52:57.599 python3        1784366 nvme1n1 WS   1615657728 131072   13.263
07:52:57.599 python3        1784366 nvme1n1 WS   1615657984 131072   13.339
07:52:57.599 python3        1784366 nvme1n1 WS   1615658240 131072   13.414
07:52:57.599 python3        1784366 nvme1n1 WS   1615658496 131072   13.491
07:52:57.599 python3        1784366 nvme1n1 WS   1615658752 131072   13.554
07:52:57.599 python3        1784366 nvme1n1 WS   1615663104 131072   13.621
07:52:57.599 python3        1784366 nvme1n1 WS   1615663360 131072   13.700
07:52:57.971 ib_log_        125934  nvme1n1 WS   1756082688 4096      0.053
07:52:58.569 nvme           2097467 Unknown N    -1         512       0.092
07:52:59.571 nvme           2097482 Unknown N    -1         512       0.030
07:53:00.574 nvme           2097486 Unknown N    -1         512       0.077
07:53:01.576 nvme           2097491 Unknown N    -1         512       0.030
07:53:01.776 jbd2/nv        752     nvme1n1 WSM  878104184  131072    0.163
07:53:01.776 jbd2/nv        752     nvme1n1 WSM  878104440  32768     0.166
07:53:01.776 jbd2/nv        752     nvme1n1 WSM  878104504  4096      0.032
07:53:01.963 ib_log_        125932  nvme1n1 WS   1756081584 8192      0.052
07:53:02.027 ib_pg_f        125932  nvme1n1 WS   1756905472 131072    0.170
07:53:02.027 ib_pg_f        125932  nvme1n1 WS   1756905728 131072    0.237
07:53:02.027 ib_pg_f        125932  nvme1n1 WS   1756905984 131072    0.314
07:53:02.027 ib_pg_f        125932  nvme1n1 WS   1756906240 131072    0.391
07:53:02.027 ib_pg_f        125932  nvme1n1 WS   1756906496 131072    0.467
07:53:02.027 ib_pg_f        125932  nvme1n1 WS   1756906752 98304     0.535
07:53:02.027 ib_pg_f        125932  nvme1n1 WS   1755249024 16384     0.054
07:53:02.027 ib_pg_f        125932  nvme1n1 WS   1755104672 16384     0.060
07:53:02.027 ib_pg_f        125932  nvme1n1 WS   1755249696 16384     0.070
07:53:02.027 ib_pg_f        125932  nvme1n1 WS   1755104704 16384     0.066
07:53:02.027 ib_pg_f        125932  nvme1n1 WS   1755249728 16384     0.078
07:53:02.027 ib_pg_f        125932  nvme1n1 WS   1755104736 16384     0.086
07:53:02.027 ib_pg_f        125932  nvme1n1 WS   1755173888 16384     0.088
07:53:02.027 ib_pg_f        125932  nvme1n1 WS   1755104768 16384     0.092
07:53:02.027 ib_pg_f        125932  nvme1n1 WS   1755248832 16384     0.095
07:53:02.027 ib_pg_f        125932  nvme1n1 WS   1755104800 16384     0.084
07:53:02.027 ib_pg_f        125932  nvme1n1 WS   1755248192 16384     0.085
07:53:02.027 ib_pg_f        125932  nvme1n1 WS   1755104896 16384     0.080
07:53:02.027 ib_pg_f        125932  nvme1n1 WS   1755244224 16384     0.073
07:53:02.027 ib_pg_f        125932  nvme1n1 WS   1755104960 16384     0.049
07:53:02.027 ib_pg_f        125932  nvme1n1 WS   1755244256 16384     0.045
07:53:02.027 ib_pg_f        125932  nvme1n1 WS   1755104992 16384     0.054
07:53:02.027 ib_pg_f        125932  nvme1n1 WS   1755244288 16384     0.047
07:53:02.027 ib_pg_f        125932  nvme1n1 WS   1755105024 16384     0.044
07:53:02.027 ib_pg_f        125932  nvme1n1 WS   1755248992 16384     0.066
07:53:02.027 ib_pg_f        125932  nvme1n1 WS   1755105056 16384     0.052
07:53:02.027 ib_pg_f        125932  nvme1n1 WS   1755248256 16384     0.053
07:53:02.027 ib_pg_f        125932  nvme1n1 WS   1755105248 16384     0.047
07:53:02.027 ib_pg_f        125932  nvme1n1 WS   1755244480 16384     0.054
07:53:02.027 ib_pg_f        125932  nvme1n1 WS   1755105280 16384     0.055
07:53:02.027 ib_pg_f        125932  nvme1n1 WS   1756431808 16384     0.057
07:53:02.027 ib_pg_f        125932  nvme1n1 WS   1755178368 16384     0.058
07:53:02.027 ib_pg_f        125932  nvme1n1 WS   1756431840 16384     0.060
07:53:02.027 ib_pg_f        125932  nvme1n1 WS   1755178400 16384     0.056
07:53:02.027 ib_pg_f        125932  nvme1n1 WS   1756431872 16384     0.052
07:53:02.027 ib_pg_f        125932  nvme1n1 WS   1755178432 16384     0.047
07:53:02.027 ib_pg_f        125932  nvme1n1 WS   1756434080 16384     0.048
07:53:02.028 ib_pg_f        125932  nvme1n1 WS   1755178624 16384     0.044
07:53:02.028 ib_pg_f        125932  nvme1n1 WS   1756432032 16384     0.045
07:53:02.028 ib_pg_f        125932  nvme1n1 WS   1755178656 16384     0.055
07:53:02.028 ib_pg_f        125932  nvme1n1 WS   1756433472 16384     0.061
07:53:02.028 ib_pg_f        125932  nvme1n1 WS   1755178720 16384     0.061
07:53:02.028 ib_pg_f        125932  nvme1n1 WS   1756435680 16384     0.049
07:53:02.028 ib_pg_f        125932  nvme1n1 WS   1755178752 16384     0.053
07:53:02.028 ib_pg_f        125932  nvme1n1 WS   1756432064 16384     0.050
07:53:02.028 ib_pg_f        125932  nvme1n1 WS   1755178784 16384     0.046
07:53:02.028 ib_pg_f        125932  nvme1n1 WS   1756432128 16384     0.051
07:53:02.028 ib_pg_f        125932  nvme1n1 WS   1755178816 16384     0.048
07:53:02.028 ib_pg_f        125932  nvme1n1 WS   1756434112 16384     0.057
07:53:02.028 ib_pg_f        125932  nvme1n1 WS   1755178848 16384     0.055
07:53:02.028 ib_pg_f        125932  nvme1n1 WS   1756434208 16384     0.050
07:53:02.028 ib_pg_f        125932  nvme1n1 WS   1755178944 16384     0.055
07:53:02.579 nvme           2097501 Unknown N    -1         512       0.079
07:53:02.625 kworker        1696237 nvme1n1 W    613008656  53248     0.115
07:53:02.625 kworker        1696237 nvme1n1 W    1734614144 131072    0.189
07:53:02.625 kworker        1696237 nvme1n1 W    1734614400 61440     0.225
07:53:02.625 kworker        1696237 nvme1n1 W    613008760  32768     0.244
07:53:02.625 kworker        1696237 nvme1n1 W    1734623744 131072    0.323
07:53:02.625 kworker        1696237 nvme1n1 W    1734624000 90112     0.380
07:53:02.625 kworker        1696237 nvme1n1 W    722314704  77824     0.426
07:53:02.625 kworker        1696237 nvme1n1 W    613008824  45056     0.452
07:53:02.975 ib_log_        125932  nvme1n1 WS   1756076288 4096      0.050
07:53:03.581 nvme           2097516 Unknown N    -1         512       0.032
07:53:04.567 amoprof        1975872 nvme1n1 W    1612668056 4096      0.053
