TIMESTAMP    COMM           PID     DISK    T    SECTOR     BYTES   LAT(ms)
02:21:30.680 nvme           1619491 Unknown N    -1         512       0.036
02:21:30.912 kworker        1578934 nvme1n1 W    1625053240 8192      0.056
02:21:31.683 nvme           1619546 Unknown N    -1         512       0.029
02:21:32.685 nvme           1619550 Unknown N    -1         512       0.028
02:21:32.726 jbd2/nv        752     nvme1n1 WSM  877699552  8192      0.061
02:21:32.726 jbd2/nv        752     nvme1n1 WSM  877699296  131072    0.163
02:21:32.726 jbd2/nv        752     nvme1n1 WSM  877699568  4096      0.031
02:21:33.687 nvme           1619554 Unknown N    -1         512       0.028
02:21:34.689 nvme           1619559 Unknown N    -1         512       0.030
02:21:35.691 nvme           1619563 Unknown N    -1         512       0.027
02:21:36.693 nvme           1619567 Unknown N    -1         512       0.027
02:21:37.057 kworker        1613847 nvme1n1 W    591807712  90112     0.160
02:21:37.057 kworker        1613847 nvme1n1 W    1499481008 131072    0.230
02:21:37.057 kworker        1613847 nvme1n1 W    1499481264 61440     0.266
02:21:37.057 kworker        1613847 nvme1n1 W    591807888  32768     0.285
02:21:37.057 kworker        1613847 nvme1n1 W    1499481384 131072    0.365
02:21:37.057 kworker        1613847 nvme1n1 W    1499481640 90112     0.418
02:21:37.057 kworker        1613847 nvme1n1 W    1486610408 77824     0.466
02:21:37.057 kworker        1613847 nvme1n1 W    591807952  45056     0.493
02:21:37.695 nvme           1619571 Unknown N    -1         512       0.031
02:21:38.697 nvme           1619575 Unknown N    -1         512       0.027
02:21:38.965 jbd2/nv        752     nvme1n1 WSM  877699576  57344     0.099
02:21:38.965 jbd2/nv        752     nvme1n1 WSM  877699688  4096      0.032
02:21:39.699 nvme           1619579 Unknown N    -1         512       0.031
02:21:40.687 amoprof        1271097 nvme1n1 W    591808040  4096      0.055
