TIMESTAMP    COMM           PID     DISK    T    SECTOR     BYTES   LAT(ms)
02:24:01.457 nvme           1622246 Unknown N    -1         512       0.033
02:24:02.460 nvme           1622301 Unknown N    -1         512       0.030
02:24:03.462 nvme           1622305 Unknown N    -1         512       0.036
02:24:04.464 nvme           1622309 Unknown N    -1         512       0.026
02:24:05.466 nvme           1622313 Unknown N    -1         512       0.025
02:24:05.536 jbd2/nv        752     nvme1n1 WSM  877703832  94208     0.129
02:24:05.536 jbd2/nv        752     nvme1n1 WSM  877704016  4096      0.030
02:24:05.537 kworker        1613847 nvme1n1 W    591803344  86016     0.134
02:24:05.537 kworker        1613847 nvme1n1 W    1499583352 131072    0.209
02:24:05.537 kworker        1613847 nvme1n1 W    1499583608 61440     0.245
02:24:05.537 kworker        1613847 nvme1n1 W    591803512  32768     0.266
02:24:05.537 kworker        1613847 nvme1n1 W    1499583728 131072    0.347
02:24:05.537 kworker        1613847 nvme1n1 W    1499583984 90112     0.401
02:24:05.537 kworker        1613847 nvme1n1 W    1486542144 77824     0.443
02:24:05.537 kworker        1613847 nvme1n1 W    591803576  28672     0.459
02:24:06.468 nvme           1622317 Unknown N    -1         512       0.027
02:24:07.470 nvme           1622321 Unknown N    -1         512       0.025
02:24:08.096 kworker        1613847 nvme1n1 W    1625053272 8192      0.058
02:24:08.472 nvme           1622325 Unknown N    -1         512       0.027
02:24:09.474 nvme           1622329 Unknown N    -1         512       0.026
02:24:10.476 nvme           1622333 Unknown N    -1         512       0.025
02:24:10.656 jbd2/nv        752     nvme1n1 WSM  877704024  69632     0.108
02:24:10.656 jbd2/nv        752     nvme1n1 WSM  877704160  4096      0.030
02:24:10.656 kworker        1613847 nvme1n1 W    591803632  16384     0.046
02:24:11.361 jbd2/nv        391     nvme0n1 WSM  4318224    28672     0.574
02:24:11.361 jbd2/nv        391     nvme0n1 WSM  4318280    4096      0.393
02:24:11.464 amoprof        1271097 nvme1n1 W    591917824  4096      0.052
