TIMESTAMP    COMM           PID     DISK    T    SECTOR     BYTES   LAT(ms)
03:48:14.369 kworker        1672356 nvme0n1 W    37876032   8192      0.914
03:48:14.465 nvme           1701367 Unknown N    -1         512       0.039
03:48:15.468 nvme           1701419 Unknown N    -1         512       0.029
03:48:15.470 jbd2/nv        752     nvme1n1 WSM  877859008  118784    0.149
03:48:15.470 jbd2/nv        752     nvme1n1 WSM  877859240  4096      0.031
03:48:16.470 nvme           1701420 Unknown N    -1         512       0.077
03:48:17.473 nvme           1701421 Unknown N    -1         512       0.075
03:48:18.475 nvme           1701422 Unknown N    -1         512       0.085
03:48:18.977 kworker        1696237 nvme1n1 W    600059944  110592    0.177
03:48:18.977 kworker        1696237 nvme1n1 W    1534961368 131072    0.247
03:48:18.977 kworker        1696237 nvme1n1 W    1534961624 61440     0.283
03:48:18.977 kworker        1696237 nvme1n1 W    600060160  32768     0.303
03:48:18.977 kworker        1696237 nvme1n1 W    1534961744 131072    0.379
03:48:18.977 kworker        1696237 nvme1n1 W    1534962000 90112     0.433
03:48:18.977 kworker        1696237 nvme1n1 W    1526157040 77824     0.483
03:48:18.977 kworker        1696237 nvme1n1 W    600060224  36864     0.503
03:48:19.478 nvme           1701423 Unknown N    -1         512       0.075
03:48:20.480 nvme           1701424 Unknown N    -1         512       0.028
03:48:21.482 nvme           1701425 Unknown N    -1         512       0.079
03:48:21.712 jbd2/nv        752     nvme1n1 WSM  877859248  57344     0.095
03:48:21.712 jbd2/nv        752     nvme1n1 WSM  877859360  4096      0.030
03:48:22.484 nvme           1701426 Unknown N    -1         512       0.029
03:48:23.486 nvme           1701427 Unknown N    -1         512       0.025
03:48:24.096 kworker        1696237 nvme1n1 W    600060296  8192      0.057
03:48:24.472 amoprof        1271097 nvme1n1 W    595910096  4096      0.049
