TIMESTAMP    COMM           PID     DISK    T    SECTOR     BYTES   LAT(ms)
05:39:54.876 nvme           1834925 Unknown N    -1         512       0.034
05:39:55.020 ib_log_        125941  nvme1n1 WS   1739631944 4096      0.051
05:39:55.020 ib_log_        125941  nvme1n1 WS   1739626752 4096      0.038
05:39:55.879 nvme           1834987 Unknown N    -1         512       0.033
05:39:55.941 ib_log_        125941  nvme1n1 WS   1739631944 4096      0.052
05:39:55.942 ib_log_        125941  nvme1n1 WS   1739631944 4096      0.032
05:39:55.942 connect        125941  nvme1n1 WS   1757353248 4096      0.039
05:39:55.942 jbd2/nv        752     nvme1n1 WSM  878513928  131072    0.151
05:39:55.942 jbd2/nv        752     nvme1n1 WSM  878514184  114688    0.180
05:39:55.942 jbd2/nv        752     nvme1n1 WSM  878514408  4096      0.028
05:39:55.942 ib_log_        125941  nvme1n1 WS   1739631944 4096      0.031
05:39:55.943 ib_log_        125941  nvme1n1 WS   1739631944 4096      0.035
05:39:55.943 ib_log_        125941  nvme1n1 WS   1739631952 8192      0.034
05:39:55.943 jbd2/nv        752     nvme1n1 WSM  878514416  8192      0.033
05:39:55.944 jbd2/nv        752     nvme1n1 WSM  878514432  4096      0.028
05:39:55.944 jbd2/nv        752     nvme1n1 WSM  878514440  20480     0.043
05:39:55.944 jbd2/nv        752     nvme1n1 WSM  878514480  4096      0.028
05:39:55.944 connect        125941  nvme1n1 WS   1728631520 114688    0.128
05:39:55.944 jbd2/nv        752     nvme1n1 WSM  878514488  16384     0.044
05:39:55.944 jbd2/nv        752     nvme1n1 WSM  878514520  4096      0.027
05:39:55.944 connect        125941  nvme1n1 WS   1728902112 16384     0.041
05:39:55.944 jbd2/nv        752     nvme1n1 WSM  878514528  20480     0.040
05:39:55.944 jbd2/nv        752     nvme1n1 WSM  878514568  4096      0.028
05:39:55.944 ib_log_        125941  nvme1n1 WS   1739631952 8192      0.035
05:39:55.945 ib_log_        125941  nvme1n1 WS   1739631960 4096      0.028
05:39:55.945 ib_log_        125941  nvme1n1 WS   1739631960 4096      0.028
05:39:55.945 ib_log_        125941  nvme1n1 WS   1739631968 8192      0.031
05:39:55.945 jbd2/nv        752     nvme1n1 WSM  878514576  8192      0.031
05:39:55.945 jbd2/nv        752     nvme1n1 WSM  878514592  4096      0.028
05:39:55.946 ib_log_        125941  nvme1n1 WS   1739631968 8192      0.034
05:39:55.946 connect        125941  nvme1n1 WS   1757353248 4096      0.036
05:39:55.946 jbd2/nv        752     nvme1n1 WSM  878514600  12288     0.037
05:39:55.946 jbd2/nv        752     nvme1n1 WSM  878514624  4096      0.033
05:39:55.946 ib_log_        125941  nvme1n1 WS   1739631976 4096      0.028
05:39:55.947 ib_log_        125941  nvme1n1 WS   1739631976 4096      0.035
05:39:55.947 ib_log_        125941  nvme1n1 WS   1739631984 8192      0.032
05:39:55.947 jbd2/nv        752     nvme1n1 WSM  878514632  8192      0.033
05:39:55.947 jbd2/nv        752     nvme1n1 WSM  878514648  4096      0.028
05:39:55.947 ib_log_        125941  nvme1n1 WS   1739631984 4096      0.035
05:39:55.947 connect        125941  nvme1n1 WS   1757353248 4096      0.034
05:39:55.947 jbd2/nv        752     nvme1n1 WSM  878514656  8192      0.031
05:39:55.947 jbd2/nv        752     nvme1n1 WSM  878514672  4096      0.029
05:39:55.948 ib_log_        125941  nvme1n1 WS   1739631984 4096      0.029
05:39:56.029 ib_log_        125941  nvme1n1 WS   1739631984 4096      0.042
05:39:56.030 ib_log_        125941  nvme1n1 WS   1739631984 4096      0.029
05:39:56.139 ib_log_        125941  nvme1n1 WS   1739631984 4096      0.038
05:39:56.268 ib_pg_f        125941  nvme1n1 WS   1740107776 131072    0.165
05:39:56.268 ib_pg_f        125941  nvme1n1 WS   1740108032 131072    0.234
05:39:56.268 ib_pg_f        125941  nvme1n1 WS   1740108288 131072    0.308
05:39:56.268 ib_pg_f        125941  nvme1n1 WS   1740108544 131072    0.385
05:39:56.268 ib_pg_f        125941  nvme1n1 WS   1740108800 131072    0.464
05:39:56.268 ib_pg_f        125941  nvme1n1 WS   1740109056 131072    0.539
05:39:56.268 ib_pg_f        125941  nvme1n1 WS   1740109312 131072    0.614
05:39:56.268 ib_pg_f        125941  nvme1n1 WS   1740109568 81920     0.664
05:39:56.268 ib_pg_f        125941  nvme1n1 WS   1757680800 16384     0.052
05:39:56.268 ib_pg_f        125941  nvme1n1 WS   1756422592 16384     0.051
05:39:56.268 ib_pg_f        125941  nvme1n1 WS   1757681152 16384     0.056
05:39:56.268 ib_pg_f        125941  nvme1n1 WS   1757681344 16384     0.059
05:39:56.268 ib_pg_f        125941  nvme1n1 WS   1532137472 16384     0.060
05:39:56.268 ib_pg_f        125941  nvme1n1 WS   311474560  16384     0.065
05:39:56.268 ib_pg_f        125941  nvme1n1 WS   1556373600 16384     0.055
05:39:56.268 ib_pg_f        125941  nvme1n1 WS   1556373632 16384     0.062
05:39:56.268 ib_pg_f        125941  nvme1n1 WS   1556373664 16384     0.052
05:39:56.269 ib_pg_f        125941  nvme1n1 WS   32781184   16384     0.054
05:39:56.269 ib_pg_f        125941  nvme1n1 WS   311474592  16384     0.054
05:39:56.269 ib_pg_f        125941  nvme1n1 WS   1755748768 16384     0.056
05:39:56.269 ib_pg_f        125941  nvme1n1 WS   1755751392 16384     0.045
05:39:56.269 ib_pg_f        125941  nvme1n1 WS   1556374144 16384     0.047
05:39:56.269 ib_pg_f        125941  nvme1n1 WS   1556374176 16384     0.049
05:39:56.269 ib_pg_f        125941  nvme1n1 WS   1556374208 16384     0.044
05:39:56.269 ib_pg_f        125941  nvme1n1 WS   1556374240 16384     0.055
05:39:56.269 ib_pg_f        125941  nvme1n1 WS   1556374272 16384     0.061
05:39:56.269 ib_pg_f        125941  nvme1n1 WS   1556374336 16384     0.062
05:39:56.269 ib_pg_f        125941  nvme1n1 WS   1556374368 16384     0.064
05:39:56.269 ib_pg_f        125941  nvme1n1 WS   1556374400 16384     0.059
05:39:56.269 ib_pg_f        125941  nvme1n1 WS   1561262848 16384     0.055
05:39:56.269 ib_pg_f        125941  nvme1n1 WS   1755751424 16384     0.061
05:39:56.269 ib_pg_f        125941  nvme1n1 WS   1755751456 16384     0.065
05:39:56.269 ib_pg_f        125941  nvme1n1 WS   1560814560 16384     0.064
05:39:56.269 ib_pg_f        125941  nvme1n1 WS   1755751232 16384     0.060
05:39:56.269 ib_pg_f        125941  nvme1n1 WS   1755750400 16384     0.054
05:39:56.269 ib_pg_f        125941  nvme1n1 WS   1560814688 16384     0.049
05:39:56.269 ib_pg_f        125941  nvme1n1 WS   1757758624 16384     0.052
05:39:56.269 ib_pg_f        125941  nvme1n1 WS   1757758720 16384     0.051
05:39:56.269 ib_pg_f        125941  nvme1n1 WS   1560814944 16384     0.050
05:39:56.269 ib_pg_f        125941  nvme1n1 WS   1560813920 16384     0.055
05:39:56.269 ib_pg_f        125941  nvme1n1 WS   1560814080 16384     0.056
05:39:56.269 ib_pg_f        125941  nvme1n1 WS   1737036000 16384     0.056
05:39:56.269 ib_pg_f        125941  nvme1n1 WS   1756422624 16384     0.059
05:39:56.269 ib_pg_f        125941  nvme1n1 WS   1532137728 16384     0.053
05:39:56.269 ib_pg_f        125941  nvme1n1 WS   1728631552 16384     0.045
05:39:56.269 ib_pg_f        125941  nvme1n1 WS   1728902112 16384     0.053
05:39:56.269 ib_pg_f        125941  nvme1n1 WS   1728631584 16384     0.058
05:39:56.269 ib_pg_f        125941  nvme1n1 WS   1728631616 16384     0.064
05:39:56.269 ib_pg_f        125941  nvme1n1 WS   311474624  16384     0.073
05:39:56.269 ib_pg_f        125941  nvme1n1 WS   1728631648 16384     0.074
05:39:56.269 ib_pg_f        125941  nvme1n1 WS   1756422656 16384     0.078
05:39:56.269 ib_pg_f        125941  nvme1n1 WS   1556374496 16384     0.082
05:39:56.269 ib_pg_f        125941  nvme1n1 WS   1556374528 16384     0.080
05:39:56.269 ib_pg_f        125941  nvme1n1 WS   1556374432 16384     0.042
05:39:56.269 ib_pg_f        125941  nvme1n1 WS   1556374464 16384     0.044
05:39:56.269 ib_pg_f        125941  nvme1n1 WS   311474656  16384     0.048
05:39:56.269 ib_pg_f        125941  nvme1n1 WS   1757680832 16384     0.051
05:39:56.269 ib_pg_f        125941  nvme1n1 WS   1757680992 16384     0.046
05:39:56.269 ib_pg_f        125941  nvme1n1 WS   1561262816 16384     0.051
05:39:56.269 ib_pg_f        125941  nvme1n1 WS   1757760960 16384     0.053
05:39:56.269 ib_pg_f        125941  nvme1n1 WS   32781216   16384     0.058
05:39:56.269 ib_pg_f        125941  nvme1n1 WS   311474688  16384     0.065
05:39:56.269 ib_pg_f        125941  nvme1n1 WS   1756477440 16384     0.066
05:39:56.269 ib_pg_f        125941  nvme1n1 WS   1756419104 16384     0.068
05:39:56.269 ib_pg_f        125941  nvme1n1 WS   1532135680 16384     0.067
05:39:56.269 ib_pg_f        125941  nvme1n1 WS   32781312   16384     0.071
05:39:56.269 ib_pg_f        125941  nvme1n1 WS   311474720  16384     0.071
05:39:56.269 ib_pg_f        125941  nvme1n1 WS   1740286496 16384     0.069
05:39:56.269 ib_pg_f        125941  nvme1n1 WS   1737035936 16384     0.069
05:39:56.332 python3        1784368 nvme1n1 WS   1583058944 131072    0.155
05:39:56.332 python3        1784368 nvme1n1 WS   1583059200 131072    0.239
05:39:56.332 python3        1784368 nvme1n1 WS   1583059456 131072    0.328
05:39:56.332 python3        1784368 nvme1n1 WS   1583059712 131072    0.423
05:39:56.333 python3        1784368 nvme1n1 WS   1583059968 131072    0.511
05:39:56.333 python3        1784368 nvme1n1 WS   1583060224 131072    0.614
05:39:56.333 python3        1784368 nvme1n1 WS   1583060480 131072    0.634
05:39:56.333 python3        1784368 nvme1n1 WS   1583060736 131072    0.728
05:39:56.333 python3        1784368 nvme1n1 WS   1583060992 131072    0.782
05:39:56.333 python3        1784368 nvme1n1 WS   1583061248 131072    0.847
05:39:56.333 python3        1784368 nvme1n1 WS   1583061504 131072    0.927
05:39:56.333 python3        1784368 nvme1n1 WS   1583061760 131072    1.007
05:39:56.333 python3        1784368 nvme1n1 WS   1583062016 131072    1.086
05:39:56.333 python3        1784368 nvme1n1 WS   1583062272 131072    1.169
05:39:56.333 python3        1784368 nvme1n1 WS   1583062528 131072    1.262
05:39:56.333 python3        1784368 nvme1n1 WS   1583062784 131072    1.321
05:39:56.333 python3        1784368 nvme1n1 WS   1583063040 131072    1.402
05:39:56.334 python3        1784368 nvme1n1 WS   1583063296 131072    1.489
05:39:56.334 python3        1784366 nvme1n1 WS   51105792   131072    1.472
05:39:56.334 python3        1784366 nvme1n1 WS   51106048   131072    1.550
05:39:56.334 python3        1784366 nvme1n1 WS   51106304   131072    1.634
05:39:56.334 python3        1784366 nvme1n1 WS   51106560   131072    1.709
05:39:56.334 python3        1784369 nvme1n1 WS   1572556800 131072    1.800
05:39:56.334 python3        1784369 nvme1n1 WS   1572557056 131072    1.873
05:39:56.334 python3        1784369 nvme1n1 WS   1572557312 131072    1.952
05:39:56.334 python3        1784369 nvme1n1 WS   1572557568 131072    2.028
05:39:56.334 python3        1784369 nvme1n1 WS   1572557824 131072    2.104
05:39:56.334 python3        1784366 nvme1n1 WS   51106816   131072    2.190
05:39:56.334 python3        1784366 nvme1n1 WS   51107072   131072    2.264
05:39:56.335 python3        1784366 nvme1n1 WS   51107328   131072    2.341
05:39:56.335 python3        1784369 nvme1n1 WS   1572558080 131072    2.414
05:39:56.335 python3        1784369 nvme1n1 WS   1572558336 131072    2.490
05:39:56.335 python3        1784366 nvme1n1 WS   51107584   131072    2.562
05:39:56.335 python3        1784366 nvme1n1 WS   51107840   131072    2.637
05:39:56.335 python3        1784366 nvme1n1 WS   51108096   131072    2.715
05:39:56.335 python3        1784366 nvme1n1 WS   51108352   131072    2.791
05:39:56.335 python3        1784366 nvme1n1 WS   51108608   131072    2.865
05:39:56.335 python3        1784366 nvme1n1 WS   51108864   131072    2.939
05:39:56.335 python3        1784366 nvme1n1 WS   51109120   131072    3.019
05:39:56.335 python3        1784366 nvme1n1 WS   51109376   131072    3.093
05:39:56.335 python3        1784369 nvme1n1 WS   1572558592 131072    3.176
05:39:56.335 python3        1784369 nvme1n1 WS   1572558848 131072    3.250
05:39:56.336 python3        1784369 nvme1n1 WS   1572559104 131072    3.324
05:39:56.336 python3        1784369 nvme1n1 WS   1572559360 131072    3.402
05:39:56.336 python3        1784369 nvme1n1 WS   1572559616 131072    3.477
05:39:56.336 python3        1784369 nvme1n1 WS   1572559872 131072    3.551
05:39:56.336 python3        1784369 nvme1n1 WS   1572560128 131072    3.628
05:39:56.336 python3        1784369 nvme1n1 WS   1572560384 131072    3.700
05:39:56.336 python3        1784366 nvme1n1 WS   51109632   131072    3.777
05:39:56.336 python3        1784366 nvme1n1 WS   51109888   131072    3.851
05:39:56.336 python3        1784366 nvme1n1 WS   51110144   131072    3.930
05:39:56.336 python3        1784369 nvme1n1 WS   1572560640 131072    3.997
05:39:56.336 python3        1784369 nvme1n1 WS   1572564992 131072    4.076
05:39:56.336 python3        1784369 nvme1n1 WS   1572565248 131072    4.155
05:39:56.337 python3        1784369 nvme1n1 WS   1572560896 131072    4.224
05:39:56.337 python3        1784369 nvme1n1 WS   1572561152 131072    4.299
05:39:56.337 python3        1784369 nvme1n1 WS   1572561408 131072    4.373
05:39:56.337 python3        1784369 nvme1n1 WS   1572561664 131072    4.448
05:39:56.337 python3        1784369 nvme1n1 WS   1572561920 131072    4.529
05:39:56.337 python3        1784367 nvme1n1 WS   51113984   131072    4.608
05:39:56.337 python3        1784369 nvme1n1 WS   1572562176 131072    4.700
05:39:56.337 python3        1784369 nvme1n1 WS   1572562432 131072    4.758
05:39:56.337 python3        1784367 nvme1n1 WS   51114240   131072    4.838
05:39:56.337 python3        1784367 nvme1n1 WS   51114496   131072    4.917
05:39:56.337 python3        1784367 nvme1n1 WS   51114752   131072    4.990
05:39:56.337 python3        1784367 nvme1n1 WS   51115008   131072    5.063
05:39:56.337 python3        1784367 nvme1n1 WS   51115264   131072    5.137
05:39:56.338 python3        1784367 nvme1n1 WS   51115520   131072    5.213
05:39:56.338 python3        1784367 nvme1n1 WS   1583067136 131072    5.307
05:39:56.338 python3        1784367 nvme1n1 WS   1583067392 131072    5.376
05:39:56.338 python3        1784367 nvme1n1 WS   1583067648 131072    5.451
05:39:56.338 python3        1784367 nvme1n1 WS   1583067904 131072    5.525
05:39:56.338 python3        1784367 nvme1n1 WS   1583068160 131072    5.602
05:39:56.338 python3        1784367 nvme1n1 WS   1583068416 131072    5.677
05:39:56.338 python3        1784367 nvme1n1 WS   1583068672 131072    5.749
05:39:56.338 python3        1784369 nvme1n1 WS   1572562688 131072    5.839
05:39:56.338 python3        1784369 nvme1n1 WS   1572562944 131072    5.914
05:39:56.338 python3        1784369 nvme1n1 WS   1572563200 131072    5.991
05:39:56.338 python3        1784369 nvme1n1 WS   1572563456 131072    6.060
05:39:56.338 python3        1784369 nvme1n1 WS   1572563712 131072    6.138
05:39:56.339 python3        1784369 nvme1n1 WS   1572563968 131072    6.214
05:39:56.339 python3        1784369 nvme1n1 WS   1572564224 131072    6.289
05:39:56.339 python3        1784368 nvme1n1 WS   1582915584 131072    6.432
05:39:56.339 python3        1784369 nvme1n1 WS   1572564480 131072    6.449
05:39:56.339 python3        1784369 nvme1n1 WS   1572564736 131072    6.514
05:39:56.339 python3        1784369 nvme1n1 WS   1572569088 131072    6.589
05:39:56.339 python3        1784369 nvme1n1 WS   1572569344 131072    6.672
05:39:56.339 python3        1784368 nvme1n1 WS   1582915840 131072    6.816
05:39:56.339 python3        1784368 nvme1n1 WS   1582916096 131072    6.882
05:39:56.339 python3        1784368 nvme1n1 WS   1582916352 131072    6.960
05:39:56.339 python3        1784368 nvme1n1 WS   1582916608 131072    7.038
05:39:56.339 python3        1784368 nvme1n1 WS   1582916864 131072    7.118
05:39:56.340 python3        1784368 nvme1n1 WS   1582917120 131072    7.194
05:39:56.340 python3        1784368 nvme1n1 WS   1582917376 131072    7.257
05:39:56.340 python3        1784368 nvme1n1 WS   1582917632 131072    7.334
05:39:56.340 python3        1784368 nvme1n1 WS   1582917888 131072    7.408
05:39:56.340 python3        1784368 nvme1n1 WS   1582918144 131072    7.481
05:39:56.340 python3        1784368 nvme1n1 WS   1582918400 131072    7.556
05:39:56.340 python3        1784367 nvme1n1 WS   51115776   131072    7.682
05:39:56.340 python3        1784367 nvme1n1 WS   51116032   131072    7.760
05:39:56.340 python3        1784367 nvme1n1 WS   51116288   131072    7.831
05:39:56.340 python3        1784367 nvme1n1 WS   51116544   131072    7.904
05:39:56.340 python3        1784367 nvme1n1 WS   51116800   131072    7.976
05:39:56.340 python3        1784367 nvme1n1 WS   51117056   131072    8.057
05:39:56.341 python3        1784367 nvme1n1 WS   51117312   131072    8.135
05:39:56.341 python3        1784367 nvme1n1 WS   51117568   131072    8.210
05:39:56.341 python3        1784367 nvme1n1 WS   1583095808 131072    8.325
05:39:56.341 python3        1784367 nvme1n1 WS   1583096064 131072    8.397
05:39:56.341 python3        1784367 nvme1n1 WS   1583096320 131072    8.473
05:39:56.341 python3        1784367 nvme1n1 WS   1583096576 131072    8.552
05:39:56.341 python3        1784367 nvme1n1 WS   1583096832 131072    8.633
05:39:56.341 python3        1784367 nvme1n1 WS   1583097088 131072    8.713
05:39:56.341 python3        1784367 nvme1n1 WS   1583097344 131072    8.791
05:39:56.341 python3        1784367 nvme1n1 WS   1583097600 131072    8.861
05:39:56.341 python3        1784367 nvme1n1 WS   1583097856 131072    8.937
05:39:56.341 python3        1784367 nvme1n1 WS   1583098112 131072    9.019
05:39:56.341 python3        1784367 nvme1n1 WS   1583068928 131072    9.133
05:39:56.342 python3        1784367 nvme1n1 WS   1583069184 131072    9.210
05:39:56.342 python3        1784367 nvme1n1 WS   1583069440 131072    9.282
05:39:56.342 python3        1784367 nvme1n1 WS   1583069696 131072    9.357
05:39:56.342 python3        1784367 nvme1n1 WS   1583069952 131072    9.432
05:39:56.342 python3        1784367 nvme1n1 WS   1583070208 131072    9.506
05:39:56.342 python3        1784367 nvme1n1 WS   1583070464 131072    9.581
05:39:56.342 python3        1784366 nvme1n1 WS   1582919680 131072    9.676
05:39:56.342 python3        1784366 nvme1n1 WS   1582919936 131072    9.753
05:39:56.342 python3        1784366 nvme1n1 WS   1582920192 131072    9.825
05:39:56.342 python3        1784366 nvme1n1 WS   1582920448 131072    9.902
05:39:56.342 python3        1784366 nvme1n1 WS   1583071232 131072   10.040
05:39:56.342 python3        1784366 nvme1n1 WS   1583071488 131072   10.065
05:39:56.343 python3        1784366 nvme1n1 WS   1583071744 131072   10.138
05:39:56.343 python3        1784366 nvme1n1 WS   1583099904 131072   10.274
05:39:56.343 python3        1784366 nvme1n1 WS   1583100160 131072   10.302
05:39:56.343 python3        1784366 nvme1n1 WS   1582920704 131072   10.376
05:39:56.343 python3        1784366 nvme1n1 WS   1582920960 131072   10.451
05:39:56.343 python3        1784366 nvme1n1 WS   1582921216 131072   10.527
05:39:56.343 python3        1784366 nvme1n1 WS   1582921472 131072   10.594
05:39:56.343 python3        1784366 nvme1n1 WS   1582921728 131072   10.673
05:39:56.343 python3        1784366 nvme1n1 WS   1582921984 131072   10.747
05:39:56.343 python3        1784366 nvme1n1 WS   1582922240 131072   10.827
05:39:56.343 python3        1784366 nvme1n1 WS   1582922496 69632    10.870
05:39:56.343 python3        1784366 nvme1n1 WS   1583100416 131072   10.982
05:39:56.343 python3        1784366 nvme1n1 WS   1583100672 131072   11.062
05:39:56.344 python3        1784366 nvme1n1 WS   1583100928 131072   11.141
05:39:56.344 python3        1784366 nvme1n1 WS   1583101184 131072   11.221
05:39:56.344 python3        1784366 nvme1n1 WS   1583101440 131072   11.300
05:39:56.344 python3        1784366 nvme1n1 WS   1583101696 131072   11.362
05:39:56.344 python3        1784366 nvme1n1 WS   1583101952 131072   11.436
05:39:56.344 python3        1784366 nvme1n1 WS   1583102208 131072   11.514
05:39:56.344 python3        1784366 nvme1n1 WS   1583102464 131072   11.592
05:39:56.344 python3        1784366 nvme1n1 WS   1583102720 131072   11.703
05:39:56.344 python3        1784366 nvme1n1 WS   1583102976 131072   11.781
05:39:56.344 python3        1784366 nvme1n1 WS   1583103232 131072   11.856
05:39:56.344 python3        1784368 nvme1n1 WS   1583075328 131072   11.989
05:39:56.344 python3        1784368 nvme1n1 WS   1583075584 131072   12.058
05:39:56.345 python3        1784368 nvme1n1 WS   1583075840 131072   12.138
05:39:56.345 python3        1784368 nvme1n1 WS   1583076096 131072   12.214
05:39:56.345 python3        1784368 nvme1n1 WS   1583076352 131072   12.293
05:39:56.345 python3        1784368 nvme1n1 WS   1583076608 131072   12.370
05:39:56.345 python3        1784368 nvme1n1 WS   1583076864 131072   12.447
05:39:56.345 python3        1784368 nvme1n1 WS   1583077120 131072   12.508
05:39:56.345 python3        1784368 nvme1n1 WS   1583077376 131072   12.586
05:39:56.345 python3        1784368 nvme1n1 WS   1583077632 131072   12.664
05:39:56.345 python3        1784368 nvme1n1 WS   1583077888 131072   12.746
05:39:56.345 python3        1784368 nvme1n1 WS   1583078144 131072   12.823
05:39:56.345 python3        1784367 nvme1n1 WS   1583098368 131072   13.005
05:39:56.345 python3        1784367 nvme1n1 WS   1583098624 69632    13.008
05:39:56.345 python3        1784366 nvme1n1 WS   1583072000 131072   13.074
05:39:56.346 python3        1784366 nvme1n1 WS   1583072256 131072   13.151
05:39:56.346 python3        1784366 nvme1n1 WS   1583072512 131072   13.226
05:39:56.346 python3        1784366 nvme1n1 WS   1583072768 131072   13.300
05:39:56.346 python3        1784366 nvme1n1 WS   1583073024 131072   13.362
05:39:56.346 python3        1784366 nvme1n1 WS   1583073280 131072   13.440
05:39:56.346 python3        1784366 nvme1n1 WS   1583073536 131072   13.520
05:39:56.346 python3        1784366 nvme1n1 WS   1583073792 131072   13.598
05:39:56.346 python3        1784366 nvme1n1 WS   1583074048 131072   13.675
05:39:56.346 python3        1784366 nvme1n1 WS   1583074304 131072   13.752
05:39:56.346 python3        1784366 nvme1n1 WS   1583074560 131072   13.829
05:39:56.346 python3        1784368 nvme1n1 WS   1582918656 131072   14.004
05:39:56.346 python3        1784368 nvme1n1 WS   1582918912 131072   14.034
05:39:56.347 python3        1784368 nvme1n1 WS   1582919168 131072   14.114
05:39:56.347 python3        1784368 nvme1n1 WS   1582919424 131072   14.181
05:39:56.347 python3        1784368 nvme1n1 WS   1583083520 131072   14.256
05:39:56.347 python3        1784368 nvme1n1 WS   1583083776 131072   14.336
05:39:56.347 python3        1784367 nvme1n1 WS   1583070720 131072   14.444
05:39:56.347 python3        1784367 nvme1n1 WS   1583070976 131072   14.492
05:39:56.347 python3        1784367 nvme1n1 WS   1583104000 131072   14.567
05:39:56.347 python3        1784367 nvme1n1 WS   1583104256 131072   14.642
05:39:56.347 python3        1784367 nvme1n1 WS   51117824   131072   14.798
05:39:56.347 python3        1784367 nvme1n1 WS   51118080   131072   14.826
05:39:56.347 python3        1784367 nvme1n1 WS   51118336   131072   14.907
05:39:56.347 python3        1784368 nvme1n1 WS   1583079424 131072   14.990
05:39:56.347 python3        1784368 nvme1n1 WS   1583079680 131072   15.059
05:39:56.348 python3        1784368 nvme1n1 WS   1583079936 131072   15.135
05:39:56.348 python3        1784368 nvme1n1 WS   1583080192 131072   15.212
05:39:56.348 python3        1784368 nvme1n1 WS   1583080448 131072   15.289
05:39:56.348 python3        1784368 nvme1n1 WS   1583080704 131072   15.369
05:39:56.348 python3        1784368 nvme1n1 WS   1583080960 131072   15.450
05:39:56.348 python3        1784368 nvme1n1 WS   1583081216 131072   15.530
05:39:56.348 python3        1784368 nvme1n1 WS   1583081472 131072   15.606
05:39:56.348 python3        1784366 nvme1n1 WS   1583074816 131072   15.683
05:39:56.348 python3        1784366 nvme1n1 WS   1583075072 131072   15.746
05:39:56.348 python3        1784366 nvme1n1 WS   1582923776 131072   15.822
05:39:56.348 python3        1784366 nvme1n1 WS   1582924032 131072   15.900
05:39:56.348 python3        1784366 nvme1n1 WS   1583103488 131072   16.009
05:39:56.349 python3        1784366 nvme1n1 WS   1583103744 131072   16.070
05:39:56.349 python3        1784366 nvme1n1 WS   1583108096 131072   16.147
05:39:56.349 python3        1784366 nvme1n1 WS   1583108352 131072   16.225
05:39:56.349 python3        1784368 nvme1n1 WS   1583078400 131072   16.371
05:39:56.349 python3        1784368 nvme1n1 WS   1583078656 131072   16.398
05:39:56.349 python3        1784368 nvme1n1 WS   1583078912 131072   16.474
05:39:56.349 python3        1784368 nvme1n1 WS   1583079168 131072   16.536
05:39:56.349 python3        1784368 nvme1n1 WS   1582927872 131072   16.645
05:39:56.349 python3        1784368 nvme1n1 WS   1582928128 131072   16.727
05:39:56.349 python3        1784368 nvme1n1 WS   1583081728 131072   16.828
05:39:56.349 python3        1784368 nvme1n1 WS   1583081984 131072   16.913
05:39:56.349 python3        1784368 nvme1n1 WS   1583082240 69632    16.953
05:39:56.350 python3        1784369 nvme1n1 WS   1572577280 131072   17.081
05:39:56.350 python3        1784369 nvme1n1 WS   1572577536 131072   17.097
05:39:56.350 python3        1784369 nvme1n1 WS   1572577792 131072   17.170
05:39:56.350 python3        1784369 nvme1n1 WS   1572578048 131072   17.249
05:39:56.350 python3        1784369 nvme1n1 WS   1572578304 131072   17.329
05:39:56.350 python3        1784369 nvme1n1 WS   1572578560 131072   17.410
05:39:56.350 python3        1784369 nvme1n1 WS   1572578816 131072   17.493
05:39:56.350 python3        1784369 nvme1n1 WS   1572579072 131072   17.554
05:39:56.350 python3        1784369 nvme1n1 WS   1572579328 131072   17.632
05:39:56.350 python3        1784369 nvme1n1 WS   1572579584 131072   17.709
05:39:56.350 python3        1784369 nvme1n1 WS   1572579840 131072   17.783
05:39:56.350 python3        1784369 nvme1n1 WS   1572580096 131072   17.868
05:39:56.350 python3        1784369 nvme1n1 WS   1572580352 131072   17.943
05:39:56.351 python3        1784369 nvme1n1 WS   1572580608 131072   18.019
05:39:56.351 python3        1784369 nvme1n1 WS   1572580864 131072   18.099
05:39:56.351 python3        1784369 nvme1n1 WS   1572573184 131072   18.273
05:39:56.351 python3        1784369 nvme1n1 WS   1572573440 131072   18.301
05:39:56.351 python3        1784369 nvme1n1 WS   1572573696 131072   18.376
05:39:56.351 python3        1784369 nvme1n1 WS   1572573952 131072   18.453
05:39:56.351 python3        1784369 nvme1n1 WS   1572574208 131072   18.528
05:39:56.351 python3        1784369 nvme1n1 WS   1572574464 131072   18.605
05:39:56.351 python3        1784369 nvme1n1 WS   1572574720 131072   18.681
05:39:56.351 python3        1784369 nvme1n1 WS   1572574976 131072   18.745
05:39:56.351 python3        1784369 nvme1n1 WS   1572575232 131072   18.822
05:39:56.351 python3        1784369 nvme1n1 WS   1572575488 131072   18.898
05:39:56.352 python3        1784367 nvme1n1 WS   1572581376 131072   19.024
05:39:56.352 python3        1784367 nvme1n1 WS   1572581632 131072   19.094
05:39:56.352 python3        1784367 nvme1n1 WS   1572581888 131072   19.169
05:39:56.352 python3        1784367 nvme1n1 WS   1572582144 131072   19.247
05:39:56.352 python3        1784367 nvme1n1 WS   1572582400 131072   19.326
05:39:56.352 python3        1784367 nvme1n1 WS   1572582656 131072   19.399
05:39:56.352 python3        1784367 nvme1n1 WS   1572582912 131072   19.476
05:39:56.352 python3        1784369 nvme1n1 WS   1572581120 131072   19.541
05:39:56.352 python3        1784369 nvme1n1 WS   1572585472 131072   19.617
05:39:56.352 python3        1784369 nvme1n1 WS   1572585728 131072   19.700
05:39:56.352 python3        1784369 nvme1n1 WS   1572575744 131072   19.788
05:39:56.352 python3        1784369 nvme1n1 WS   1572576000 69632    19.826
05:39:56.352 python3        1784367 nvme1n1 WS   1572583168 131072   19.902
05:39:56.353 python3        1784367 nvme1n1 WS   1572583424 131072   19.978
05:39:56.353 python3        1784367 nvme1n1 WS   1572583680 131072   20.055
05:39:56.353 python3        1784367 nvme1n1 WS   1572583936 131072   20.133
05:39:56.353 python3        1784367 nvme1n1 WS   1572584192 131072   20.212
05:39:56.353 python3        1784367 nvme1n1 WS   1572584448 131072   20.288
05:39:56.353 python3        1784367 nvme1n1 WS   1572584704 131072   20.366
05:39:56.353 python3        1784367 nvme1n1 WS   1572584960 131072   20.448
05:39:56.353 python3        1784367 nvme1n1 WS   1572585216 131072   20.514
05:39:56.353 python3        1784367 nvme1n1 WS   1572589568 131072   20.601
05:39:56.353 python3        1784367 nvme1n1 WS   1572589824 131072   20.678
05:39:56.631 python3        1784366 nvme1n1 WS   1572593664 131072    0.211
05:39:56.631 python3        1784366 nvme1n1 WS   1572593920 131072    0.267
05:39:56.631 python3        1784366 nvme1n1 WS   1572594176 131072    0.340
05:39:56.632 python3        1784366 nvme1n1 WS   1572594432 131072    0.418
05:39:56.632 python3        1784366 nvme1n1 WS   1572594688 131072    0.482
05:39:56.632 python3        1784366 nvme1n1 WS   1572594944 131072    0.567
05:39:56.632 python3        1784366 nvme1n1 WS   1572595200 131072    0.641
05:39:56.632 python3        1784366 nvme1n1 WS   1572595456 131072    0.713
05:39:56.632 python3        1784366 nvme1n1 WS   1572595712 131072    0.792
05:39:56.632 python3        1784366 nvme1n1 WS   1572595968 131072    0.873
05:39:56.632 python3        1784366 nvme1n1 WS   1572596224 131072    0.947
05:39:56.632 python3        1784366 nvme1n1 WS   1572596480 131072    1.027
05:39:56.632 python3        1784366 nvme1n1 WS   1572596736 131072    1.110
05:39:56.632 python3        1784366 nvme1n1 WS   1572596992 131072    1.189
05:39:56.632 python3        1784366 nvme1n1 WS   1572597248 81920     1.241
05:39:56.633 python3        1784368 nvme1n1 WS   1582931968 131072    1.299
05:39:56.633 python3        1784368 nvme1n1 WS   1582932224 131072    1.374
05:39:56.633 python3        1784368 nvme1n1 WS   1582932480 131072    1.455
05:39:56.633 python3        1784368 nvme1n1 WS   1582932736 131072    1.539
05:39:56.633 python3        1784368 nvme1n1 WS   1582932992 131072    1.620
05:39:56.633 python3        1784368 nvme1n1 WS   1582933248 131072    1.699
05:39:56.633 python3        1784368 nvme1n1 WS   1582933504 131072    1.780
05:39:56.633 python3        1784369 nvme1n1 WS   1582936064 131072    1.929
05:39:56.633 python3        1784369 nvme1n1 WS   1582936320 131072    1.957
05:39:56.633 python3        1784369 nvme1n1 WS   1582936576 131072    2.040
05:39:56.633 python3        1784369 nvme1n1 WS   1582936832 131072    2.118
05:39:56.633 python3        1784369 nvme1n1 WS   1582937088 131072    2.196
05:39:56.634 python3        1784369 nvme1n1 WS   1572597760 131072    2.286
05:39:56.634 python3        1784369 nvme1n1 WS   1572598016 131072    2.356
05:39:56.634 python3        1784369 nvme1n1 WS   1572598272 131072    2.430
05:39:56.634 python3        1784369 nvme1n1 WS   1572598528 131072    2.509
05:39:56.634 python3        1784369 nvme1n1 WS   1572598784 131072    2.574
05:39:56.634 python3        1784369 nvme1n1 WS   1572599040 131072    2.647
05:39:56.634 python3        1784369 nvme1n1 WS   1572599296 131072    2.721
05:39:56.634 python3        1784369 nvme1n1 WS   1572599552 131072    2.779
05:39:56.634 python3        1784369 nvme1n1 WS   1572599808 131072    2.854
05:39:56.634 python3        1784369 nvme1n1 WS   1572600064 131072    2.929
05:39:56.634 python3        1784369 nvme1n1 WS   1572600320 131072    3.004
05:39:56.634 python3        1784369 nvme1n1 WS   1582937344 131072    3.123
05:39:56.634 python3        1784369 nvme1n1 WS   1582937600 131072    3.191
05:39:56.635 python3        1784369 nvme1n1 WS   1582937856 131072    3.256
05:39:56.635 python3        1784369 nvme1n1 WS   1582938112 131072    3.335
05:39:56.635 python3        1784369 nvme1n1 WS   1582938368 131072    3.410
05:39:56.635 python3        1784369 nvme1n1 WS   1582938624 131072    3.487
05:39:56.635 python3        1784369 nvme1n1 WS   1582938880 131072    3.564
05:39:56.635 python3        1784367 nvme1n1 WS   1582940160 131072    3.679
05:39:56.635 python3        1784367 nvme1n1 WS   1582940416 131072    3.751
05:39:56.635 python3        1784367 nvme1n1 WS   1582940672 131072    3.825
05:39:56.635 python3        1784367 nvme1n1 WS   1582940928 131072    3.902
05:39:56.635 python3        1784367 nvme1n1 WS   1582941184 131072    3.975
05:39:56.635 python3        1784367 nvme1n1 WS   1582941440 131072    4.057
05:39:56.635 python3        1784367 nvme1n1 WS   1582941696 131072    4.132
05:39:56.635 python3        1784368 nvme1n1 WS   1582933760 131072    4.223
05:39:56.636 python3        1784368 nvme1n1 WS   1582934016 131072    4.304
05:39:56.636 python3        1784368 nvme1n1 WS   1582934272 131072    4.378
05:39:56.636 python3        1784368 nvme1n1 WS   1582934528 131072    4.455
05:39:56.636 python3        1784368 nvme1n1 WS   1582934784 131072    4.531
05:39:56.636 python3        1784368 nvme1n1 WS   1582935040 131072    4.610
05:39:56.636 python3        1784368 nvme1n1 WS   1582935296 131072    4.686
05:39:56.636 python3        1784368 nvme1n1 WS   1582935552 131072    4.768
05:39:56.636 python3        1784366 nvme1n1 WS   1591521280 131072    4.863
05:39:56.636 python3        1784366 nvme1n1 WS   1591521536 131072    4.932
05:39:56.636 python3        1784368 nvme1n1 WS   1582944256 131072    5.015
05:39:56.636 python3        1784368 nvme1n1 WS   1582944512 131072    5.088
05:39:56.636 python3        1784366 nvme1n1 WS   1591521792 131072    5.174
05:39:56.637 python3        1784366 nvme1n1 WS   1591522048 131072    5.246
05:39:56.637 python3        1784366 nvme1n1 WS   1591522304 131072    5.326
05:39:56.637 python3        1784366 nvme1n1 WS   1591522560 131072    5.403
05:39:56.637 python3        1784366 nvme1n1 WS   1591522816 131072    5.479
05:39:56.637 python3        1784366 nvme1n1 WS   1591523072 131072    5.526
05:39:56.637 python3        1784369 nvme1n1 WS   1582939136 131072    5.700
05:39:56.637 python3        1784369 nvme1n1 WS   1582939392 131072    5.727
05:39:56.637 python3        1784369 nvme1n1 WS   1582939648 81920     5.778
05:39:56.637 python3        1784369 nvme1n1 WS   1572600576 131072    5.859
05:39:56.637 python3        1784369 nvme1n1 WS   1572600832 131072    5.935
05:39:56.637 python3        1784369 nvme1n1 WS   1572601088 131072    6.015
05:39:56.637 python3        1784369 nvme1n1 WS   1572601344 131072    6.091
05:39:56.637 python3        1784369 nvme1n1 WS   1572601600 131072    6.154
05:39:56.638 python3        1784369 nvme1n1 WS   1572601856 131072    6.230
05:39:56.638 python3        1784369 nvme1n1 WS   1572602112 131072    6.308
05:39:56.638 python3        1784368 nvme1n1 WS   1582944768 131072    6.478
05:39:56.638 python3        1784368 nvme1n1 WS   1582945024 131072    6.499
05:39:56.638 python3        1784368 nvme1n1 WS   1582945280 131072    6.572
05:39:56.638 python3        1784368 nvme1n1 WS   1582945536 131072    6.651
05:39:56.638 python3        1784368 nvme1n1 WS   1582945792 131072    6.778
05:39:56.638 python3        1784368 nvme1n1 WS   1582946048 131072    6.892
05:39:56.638 python3        1784368 nvme1n1 WS   1582946304 131072    7.017
05:39:56.638 python3        1784368 nvme1n1 WS   1582946560 131072    7.144
05:39:56.639 python3        1784368 nvme1n1 WS   1582946816 131072    7.296
05:39:56.639 python3        1784368 nvme1n1 WS   1582947072 131072    7.435
05:39:56.639 python3        1784368 nvme1n1 WS   1582947328 131072    7.578
05:39:56.639 python3        1784368 nvme1n1 WS   1582947584 131072    7.720
05:39:56.639 python3        1784368 nvme1n1 WS   1582947840 81920     7.808
05:39:56.639 python3        1784367 nvme1n1 WS   1582941952 131072    7.997
05:39:56.639 python3        1784367 nvme1n1 WS   1582942208 131072    8.139
05:39:56.640 python3        1784367 nvme1n1 WS   1582942464 131072    8.281
05:39:56.640 python3        1784367 nvme1n1 WS   1582942720 131072    8.423
05:39:56.640 python3        1784367 nvme1n1 WS   1582942976 131072    8.566
05:39:56.640 python3        1784367 nvme1n1 WS   1582943232 131072    8.709
05:39:56.640 python3        1784367 nvme1n1 WS   1582943488 131072    8.852
05:39:56.640 python3        1784367 nvme1n1 WS   1582943744 131072    8.995
05:39:56.640 python3        1784367 nvme1n1 WS   1582944000 131072    9.121
05:39:56.641 python3        1784367 nvme1n1 WS   1583112192 131072    9.264
05:39:56.641 python3        1784367 nvme1n1 WS   1583112448 131072    9.409
05:39:56.641 python3        1784368 nvme1n1 WS   1582935808 131072    9.592
05:39:56.641 python3        1784368 nvme1n1 WS   1582948352 131072    9.738
05:39:56.641 python3        1784368 nvme1n1 WS   1582948608 131072    9.882
05:39:56.641 python3        1784366 nvme1n1 WS   1591523328 131072    9.990
05:39:56.641 python3        1784366 nvme1n1 WS   1591523584 131072   10.066
05:39:56.641 python3        1784366 nvme1n1 WS   1591523840 131072   10.149
05:39:56.642 python3        1784366 nvme1n1 WS   1591524096 131072   10.230
05:39:56.642 python3        1784366 nvme1n1 WS   1591524352 131072   10.308
05:39:56.642 python3        1784366 nvme1n1 WS   1591524608 131072   10.386
05:39:56.642 python3        1784366 nvme1n1 WS   1591524864 131072   10.464
05:39:56.642 python3        1784366 nvme1n1 WS   1591525120 131072   10.521
05:39:56.642 python3        1784366 nvme1n1 WS   1591656448 131072   10.597
05:39:56.642 python3        1784366 nvme1n1 WS   1591656704 131072   10.675
05:39:56.642 python3        1784367 nvme1n1 WS   1582952448 131072   10.806
05:39:56.642 python3        1784367 nvme1n1 WS   1582952704 131072   10.883
05:39:56.642 python3        1784367 nvme1n1 WS   1582952960 131072   10.973
05:39:56.642 python3        1784367 nvme1n1 WS   1582953216 131072   11.041
05:39:56.642 python3        1784367 nvme1n1 WS   1582953472 131072   11.121
05:39:56.643 python3        1784367 nvme1n1 WS   1582953728 131072   11.198
05:39:56.643 python3        1784367 nvme1n1 WS   1582953984 131072   11.275
05:39:56.643 python3        1784367 nvme1n1 WS   1582954240 131072   11.341
05:39:56.643 python3        1784367 nvme1n1 WS   1582954496 131072   11.416
05:39:56.643 python3        1784367 nvme1n1 WS   1582954752 131072   11.494
05:39:56.643 python3        1784367 nvme1n1 WS   1582955008 131072   11.574
05:39:56.643 python3        1784367 nvme1n1 WS   1582955264 131072   11.652
05:39:56.643 python3        1784367 nvme1n1 WS   1582955520 131072   11.729
05:39:56.643 python3        1784367 nvme1n1 WS   1582955776 131072   11.807
05:39:56.643 python3        1784367 nvme1n1 WS   1582956032 81920    11.856
05:39:56.881 nvme           1834992 Unknown N    -1         512       0.032
05:39:57.472 kworker        1788169 nvme1n1 W    1175080232 36864     0.090
05:39:57.884 nvme           1835012 Unknown N    -1         512       0.033
05:39:58.021 ib_log_        125941  nvme1n1 WS   1739631984 8192      0.053
05:39:58.021 ib_log_        125941  nvme1n1 WS   1739626752 4096      0.038
05:39:58.267 ib_pg_f        125941  nvme1n1 WS   1740075008 16384     0.064
05:39:58.268 ib_pg_f        125941  nvme1n1 WS   1757680800 16384     0.041
05:39:58.347 python3        1784369 nvme1n1 WS   1591660544 131072    0.176
05:39:58.347 python3        1784369 nvme1n1 WS   1591660800 131072    0.249
05:39:58.347 python3        1784369 nvme1n1 WS   1591661056 131072    0.332
05:39:58.347 python3        1784369 nvme1n1 WS   1591661312 131072    0.398
05:39:58.348 python3        1784369 nvme1n1 WS   1591661568 131072    0.536
05:39:58.348 python3        1784369 nvme1n1 WS   1591661824 131072    0.627
05:39:58.348 python3        1784369 nvme1n1 WS   1591662080 131072    0.652
05:39:58.348 python3        1784369 nvme1n1 WS   1591662336 131072    0.745
05:39:58.348 python3        1784369 nvme1n1 WS   1591662592 131072    0.772
05:39:58.348 python3        1784369 nvme1n1 WS   1591662848 131072    0.853
05:39:58.348 python3        1784369 nvme1n1 WS   1591663104 131072    0.933
05:39:58.348 python3        1784369 nvme1n1 WS   1591663360 131072    1.016
05:39:58.348 python3        1784369 nvme1n1 WS   1591663616 131072    1.099
05:39:58.348 python3        1784369 nvme1n1 WS   1591663872 131072    1.188
05:39:58.348 python3        1784369 nvme1n1 WS   1591664128 131072    1.261
05:39:58.348 python3        1784369 nvme1n1 WS   1591664384 131072    1.331
05:39:58.349 python3        1784369 nvme1n1 WS   1591664640 131072    1.407
05:39:58.349 python3        1784369 nvme1n1 WS   1591664896 131072    1.491
05:39:58.349 python3        1784368 nvme1n1 WS   1583116288 131072    1.548
05:39:58.349 python3        1784368 nvme1n1 WS   1583116544 131072    1.623
05:39:58.349 python3        1784368 nvme1n1 WS   1583116800 131072    1.705
05:39:58.349 python3        1784368 nvme1n1 WS   1583117056 131072    1.783
05:39:58.349 python3        1784368 nvme1n1 WS   1583117312 131072    1.863
05:39:58.349 python3        1784368 nvme1n1 WS   1583117568 131072    1.945
05:39:58.349 python3        1784368 nvme1n1 WS   1583117824 131072    2.024
05:39:58.349 python3        1784366 nvme1n1 WS   1583120384 131072    2.099
05:39:58.349 python3        1784366 nvme1n1 WS   1583120640 131072    2.170
05:39:58.349 python3        1784366 nvme1n1 WS   1583120896 131072    2.243
05:39:58.349 python3        1784366 nvme1n1 WS   1583121152 131072    2.317
05:39:58.350 python3        1784366 nvme1n1 WS   1583121408 131072    2.391
05:39:58.350 python3        1784366 nvme1n1 WS   1583121664 131072    2.466
05:39:58.350 python3        1784366 nvme1n1 WS   1583121920 131072    2.541
05:39:58.350 python3        1784368 nvme1n1 WS   1583118080 131072    2.637
05:39:58.350 python3        1784368 nvme1n1 WS   1583118336 131072    2.713
05:39:58.350 python3        1784368 nvme1n1 WS   1583118592 131072    2.788
05:39:58.350 python3        1784368 nvme1n1 WS   1583118848 131072    2.861
05:39:58.350 python3        1784368 nvme1n1 WS   1583119104 131072    2.940
05:39:58.350 python3        1784368 nvme1n1 WS   1583119360 131072    3.015
05:39:58.350 python3        1784368 nvme1n1 WS   1583119616 131072    3.091
05:39:58.350 python3        1784368 nvme1n1 WS   1583119872 131072    3.168
05:39:58.350 python3        1784368 nvme1n1 WS   1583120128 131072    3.218
05:39:58.351 python3        1784368 nvme1n1 WS   1583124480 131072    3.294
05:39:58.351 python3        1784368 nvme1n1 WS   1583124736 131072    3.373
05:39:58.351 python3        1784366 nvme1n1 WS   1583122176 131072    3.463
05:39:58.351 python3        1784366 nvme1n1 WS   1583122432 131072    3.539
05:39:58.351 python3        1784366 nvme1n1 WS   1583122688 131072    3.614
05:39:58.351 python3        1784366 nvme1n1 WS   1583122944 131072    3.686
05:39:58.351 python3        1784366 nvme1n1 WS   1583123200 131072    3.759
05:39:58.351 python3        1784366 nvme1n1 WS   1583123456 131072    3.835
05:39:58.351 python3        1784366 nvme1n1 WS   1583123712 131072    3.912
05:39:58.351 python3        1784366 nvme1n1 WS   1583123968 131072    3.982
05:39:58.351 python3        1784366 nvme1n1 WS   1583124224 131072    4.043
05:39:58.351 python3        1784366 nvme1n1 WS   1583128576 131072    4.107
05:39:58.351 python3        1784366 nvme1n1 WS   1583128832 131072    4.183
05:39:58.352 python3        1784367 nvme1n1 WS   1583132672 131072    4.204
05:39:58.352 python3        1784367 nvme1n1 WS   1583132928 131072    4.272
05:39:58.352 python3        1784367 nvme1n1 WS   1583133184 131072    4.344
05:39:58.352 python3        1784367 nvme1n1 WS   1583133440 131072    4.418
05:39:58.352 python3        1784367 nvme1n1 WS   1583133696 131072    4.492
05:39:58.352 python3        1784367 nvme1n1 WS   1583133952 131072    4.566
05:39:58.352 python3        1784367 nvme1n1 WS   1583134208 131072    4.642
05:39:58.352 python3        1784368 nvme1n1 WS   1583136768 131072    4.726
05:39:58.352 python3        1784368 nvme1n1 WS   1583137024 131072    4.795
05:39:58.352 python3        1784368 nvme1n1 WS   1583137280 131072    4.867
05:39:58.352 python3        1784368 nvme1n1 WS   1583137536 131072    4.943
05:39:58.352 python3        1784368 nvme1n1 WS   1583137792 131072    5.017
05:39:58.352 python3        1784368 nvme1n1 WS   1583138048 131072    5.091
05:39:58.353 python3        1784368 nvme1n1 WS   1583138304 131072    5.167
05:39:58.353 python3        1784368 nvme1n1 WS   1583138560 131072    5.226
05:39:58.353 python3        1784367 nvme1n1 WS   1583134464 131072    5.321
05:39:58.353 python3        1784367 nvme1n1 WS   1583134720 131072    5.396
05:39:58.353 python3        1784367 nvme1n1 WS   1583134976 131072    5.472
05:39:58.353 python3        1784367 nvme1n1 WS   1583135232 131072    5.548
05:39:58.353 python3        1784367 nvme1n1 WS   1583135488 131072    5.623
05:39:58.353 python3        1784367 nvme1n1 WS   1583135744 131072    5.697
05:39:58.353 python3        1784368 nvme1n1 WS   1583138816 131072    5.782
05:39:58.353 python3        1784368 nvme1n1 WS   1583139072 131072    5.856
05:39:58.353 python3        1784368 nvme1n1 WS   1583139328 131072    5.932
05:39:58.353 python3        1784368 nvme1n1 WS   1583139584 131072    6.006
05:39:58.353 python3        1784367 nvme1n1 WS   1583136000 131072    6.096
05:39:58.354 python3        1784367 nvme1n1 WS   1583136256 131072    6.176
05:39:58.354 python3        1784368 nvme1n1 WS   1583139840 131072    6.249
05:39:58.354 python3        1784368 nvme1n1 WS   1583140096 131072    6.324
05:39:58.354 python3        1784367 nvme1n1 WS   1582826496 131072    6.406
05:39:58.354 python3        1784367 nvme1n1 WS   1582826752 131072    6.474
05:39:58.354 python3        1784367 nvme1n1 WS   1582827008 131072    6.548
05:39:58.354 python3        1784367 nvme1n1 WS   1582827264 86016     6.596
05:39:58.354 python3        1784368 nvme1n1 WS   1583140352 131072    6.690
05:39:58.354 python3        1784367 nvme1n1 WS   1583140864 131072    6.794
05:39:58.354 python3        1784367 nvme1n1 WS   1583136512 131072    6.869
05:39:58.354 python3        1784367 nvme1n1 WS   1583141120 131072    6.947
05:39:58.354 python3        1784367 nvme1n1 WS   1583149056 131072    7.024
05:39:58.355 python3        1784369 nvme1n1 WS   1591668736 131072    7.172
05:39:58.355 python3        1784369 nvme1n1 WS   1591668992 131072    7.188
05:39:58.355 python3        1784369 nvme1n1 WS   1591669248 131072    7.257
05:39:58.355 python3        1784369 nvme1n1 WS   1591669504 131072    7.333
05:39:58.355 python3        1784369 nvme1n1 WS   1591669760 131072    7.410
05:39:58.355 python3        1784369 nvme1n1 WS   1591670016 131072    7.485
05:39:58.355 python3        1784369 nvme1n1 WS   1591670272 131072    7.562
05:39:58.355 python3        1784369 nvme1n1 WS   1591670528 131072    7.622
05:39:58.355 python3        1784369 nvme1n1 WS   1591670784 131072    7.699
05:39:58.355 python3        1784369 nvme1n1 WS   1591671040 131072    7.776
05:39:58.355 python3        1784369 nvme1n1 WS   1591671296 131072    7.854
05:39:58.355 python3        1784369 nvme1n1 WS   1591671552 131072    7.934
05:39:58.355 python3        1784369 nvme1n1 WS   1591671808 131072    8.010
05:39:58.356 python3        1784369 nvme1n1 WS   1582838784 131072    8.143
05:39:58.356 python3        1784369 nvme1n1 WS   1582839040 131072    8.212
05:39:58.356 python3        1784369 nvme1n1 WS   1582839296 131072    8.289
05:39:58.356 python3        1784369 nvme1n1 WS   1582839552 86016     8.338
05:39:58.356 python3        1784367 nvme1n1 WS   1583149312 131072    8.428
05:39:58.356 python3        1784367 nvme1n1 WS   1583141376 131072    8.508
05:39:58.356 python3        1784367 nvme1n1 WS   1583141632 131072    8.587
05:39:58.356 python3        1784367 nvme1n1 WS   1583141888 131072    8.659
05:39:58.356 python3        1784367 nvme1n1 WS   1583142144 131072    8.736
05:39:58.356 python3        1784367 nvme1n1 WS   1583142400 131072    8.811
05:39:58.356 python3        1784367 nvme1n1 WS   1583142656 131072    8.869
05:39:58.356 python3        1784367 nvme1n1 WS   1583142912 131072    8.944
05:39:58.356 python3        1784367 nvme1n1 WS   1583143168 131072    9.020
05:39:58.357 python3        1784367 nvme1n1 WS   1583143424 131072    9.097
05:39:58.357 python3        1784367 nvme1n1 WS   1583143680 131072    9.172
05:39:58.357 python3        1784369 nvme1n1 WS   1583144960 131072    9.383
05:39:58.357 python3        1784369 nvme1n1 WS   1583145216 131072    9.384
05:39:58.357 python3        1784369 nvme1n1 WS   1583145472 131072    9.451
05:39:58.357 python3        1784369 nvme1n1 WS   1583145728 131072    9.529
05:39:58.357 python3        1784369 nvme1n1 WS   1583145984 131072    9.605
05:39:58.357 python3        1784369 nvme1n1 WS   1583146240 131072    9.683
05:39:58.357 python3        1784369 nvme1n1 WS   1583146496 131072    9.761
05:39:58.357 python3        1784369 nvme1n1 WS   1583146752 131072    9.820
05:39:58.357 python3        1784369 nvme1n1 WS   1583147008 131072    9.895
05:39:58.357 python3        1784366 nvme1n1 WS   1583153152 131072   10.008
05:39:58.358 python3        1784366 nvme1n1 WS   1583153408 131072   10.078
05:39:58.358 python3        1784366 nvme1n1 WS   1583153664 131072   10.156
05:39:58.358 python3        1784366 nvme1n1 WS   1583153920 131072   10.234
05:39:58.358 python3        1784366 nvme1n1 WS   1583154176 131072   10.311
05:39:58.358 python3        1784366 nvme1n1 WS   1583154432 131072   10.388
05:39:58.358 python3        1784366 nvme1n1 WS   1583154688 131072   10.463
05:39:58.358 python3        1784368 nvme1n1 WS   1583157248 131072   10.606
05:39:58.358 python3        1784368 nvme1n1 WS   1583157504 131072   10.635
05:39:58.358 python3        1784368 nvme1n1 WS   1583157760 131072   10.710
05:39:58.358 python3        1784368 nvme1n1 WS   1583158016 131072   10.792
05:39:58.358 python3        1784368 nvme1n1 WS   1583158272 131072   10.869
05:39:58.358 python3        1784368 nvme1n1 WS   1583158528 131072   10.945
05:39:58.358 python3        1784368 nvme1n1 WS   1583158784 131072   11.021
05:39:58.359 python3        1784367 nvme1n1 WS   1583161344 131072   11.125
05:39:58.359 python3        1784367 nvme1n1 WS   1583161600 131072   11.203
05:39:58.359 python3        1784367 nvme1n1 WS   1583161856 131072   11.279
05:39:58.359 python3        1784367 nvme1n1 WS   1583162112 131072   11.353
05:39:58.359 python3        1784367 nvme1n1 WS   1583162368 131072   11.433
05:39:58.359 python3        1784367 nvme1n1 WS   1583162624 131072   11.513
05:39:58.359 python3        1784367 nvme1n1 WS   1583162880 131072   11.586
05:39:58.359 python3        1784368 nvme1n1 WS   1583140608 131072   11.720
05:39:58.359 python3        1784368 nvme1n1 WS   1583165440 131072   11.788
05:39:58.359 python3        1784368 nvme1n1 WS   1583165696 131072   11.864
05:39:58.359 python3        1784367 nvme1n1 WS   1583143936 131072   11.937
05:39:58.359 python3        1784367 nvme1n1 WS   1583144192 131072   12.009
05:39:58.360 python3        1784367 nvme1n1 WS   1583144448 131072   12.088
05:39:58.360 python3        1784367 nvme1n1 WS   1583144704 131072   12.150
05:39:58.360 python3        1784367 nvme1n1 WS   1583169536 131072   12.231
05:39:58.360 python3        1784367 nvme1n1 WS   1583169792 131072   12.315
05:39:58.360 python3        1784369 nvme1n1 WS   1583147264 131072   12.426
05:39:58.360 python3        1784369 nvme1n1 WS   1583147520 131072   12.500
05:39:58.360 python3        1784369 nvme1n1 WS   1583147776 131072   12.575
05:39:58.360 python3        1784369 nvme1n1 WS   1583148032 131072   12.652
05:39:58.360 python3        1784369 nvme1n1 WS   1583148288 131072   12.731
05:39:58.360 python3        1784369 nvme1n1 WS   1583148544 131072   12.808
05:39:58.360 python3        1784369 nvme1n1 WS   1583148800 131072   12.872
05:39:58.360 python3        1784369 nvme1n1 WS   1583173632 131072   12.951
05:39:58.361 python3        1784369 nvme1n1 WS   1583173888 131072   13.028
05:39:58.361 python3        1784369 nvme1n1 WS   1591672064 131072   13.195
05:39:58.361 python3        1784369 nvme1n1 WS   1591672320 131072   13.220
05:39:58.361 python3        1784369 nvme1n1 WS   1591672576 131072   13.285
05:39:58.361 python3        1784369 nvme1n1 WS   1591672832 131072   13.366
05:39:58.361 python3        1784369 nvme1n1 WS   1591673088 131072   13.442
05:39:58.361 python3        1784366 nvme1n1 WS   1583154944 131072   13.537
05:39:58.361 python3        1784366 nvme1n1 WS   1583155200 131072   13.616
05:39:58.361 python3        1784366 nvme1n1 WS   1583155456 131072   13.694
05:39:58.361 python3        1784366 nvme1n1 WS   1583155712 131072   13.770
05:39:58.361 python3        1784366 nvme1n1 WS   1583155968 131072   13.845
05:39:58.361 python3        1784366 nvme1n1 WS   1583156224 131072   13.923
05:39:58.362 python3        1784366 nvme1n1 WS   1583156480 131072   14.000
05:39:58.362 python3        1784366 nvme1n1 WS   1583156736 131072   14.085
05:39:58.362 python3        1784366 nvme1n1 WS   1583156992 131072   14.146
05:39:58.362 python3        1784366 nvme1n1 WS   1583177728 131072   14.222
05:39:58.362 python3        1784366 nvme1n1 WS   1583177984 131072   14.300
05:39:58.362 python3        1784368 nvme1n1 WS   1582851072 131072   14.474
05:39:58.362 python3        1784368 nvme1n1 WS   1582851328 131072   14.505
05:39:58.362 python3        1784368 nvme1n1 WS   1582851584 131072   14.583
05:39:58.362 python3        1784368 nvme1n1 WS   1582851840 86016    14.633
05:39:58.362 python3        1784368 nvme1n1 WS   1583159040 131072   14.774
05:39:58.362 python3        1784368 nvme1n1 WS   1583159296 131072   14.802
05:39:58.362 python3        1784368 nvme1n1 WS   1583159552 131072   14.880
05:39:58.362 python3        1784368 nvme1n1 WS   1583159808 131072   14.958
05:39:58.363 python3        1784368 nvme1n1 WS   1583160064 131072   15.037
05:39:58.363 python3        1784368 nvme1n1 WS   1583160320 131072   15.113
05:39:58.363 python3        1784368 nvme1n1 WS   1583160576 131072   15.189
05:39:58.363 python3        1784368 nvme1n1 WS   1583160832 131072   15.270
05:39:58.363 python3        1784368 nvme1n1 WS   1583161088 131072   15.336
05:39:58.363 python3        1784368 nvme1n1 WS   1583181824 131072   15.414
05:39:58.363 python3        1784368 nvme1n1 WS   1583182080 131072   15.495
05:39:58.363 python3        1784367 nvme1n1 WS   1583163136 131072   15.702
05:39:58.363 python3        1784367 nvme1n1 WS   1583163392 131072   15.711
05:39:58.363 python3        1784367 nvme1n1 WS   1583163648 131072   15.766
05:39:58.363 python3        1784367 nvme1n1 WS   1583163904 131072   15.839
05:39:58.363 python3        1784367 nvme1n1 WS   1583164160 131072   15.914
05:39:58.363 python3        1784367 nvme1n1 WS   1583164416 131072   15.988
05:39:58.364 python3        1784367 nvme1n1 WS   1583164672 131072   16.069
05:39:58.364 python3        1784367 nvme1n1 WS   1583164928 131072   16.146
05:39:58.364 python3        1784367 nvme1n1 WS   1583165184 131072   16.210
05:39:58.364 python3        1784367 nvme1n1 WS   1583185920 131072   16.289
05:39:58.364 python3        1784367 nvme1n1 WS   1583186176 131072   16.367
05:39:58.364 python3        1784366 nvme1n1 WS   1582855168 131072   16.449
05:39:58.364 python3        1784366 nvme1n1 WS   1582855424 131072   16.522
05:39:58.364 python3        1784366 nvme1n1 WS   1582855680 131072   16.611
05:39:58.364 python3        1784366 nvme1n1 WS   1582855936 86016    16.661
05:39:58.364 python3        1784366 nvme1n1 WS   1583349760 131072   16.735
05:39:58.364 python3        1784366 nvme1n1 WS   1583350016 131072   16.804
05:39:58.364 python3        1784366 nvme1n1 WS   1583350272 131072   16.881
05:39:58.365 python3        1784366 nvme1n1 WS   1583350528 131072   16.958
05:39:58.365 python3        1784366 nvme1n1 WS   1583350784 131072   17.037
05:39:58.365 python3        1784366 nvme1n1 WS   1583351040 131072   17.113
05:39:58.365 python3        1784366 nvme1n1 WS   1583351296 131072   17.194
05:39:58.365 python3        1784366 nvme1n1 WS   1583351552 131072   17.258
05:39:58.365 python3        1784366 nvme1n1 WS   1583351808 131072   17.334
05:39:58.365 python3        1784366 nvme1n1 WS   1583352064 131072   17.413
05:39:58.365 python3        1784366 nvme1n1 WS   1583352320 131072   17.494
05:39:58.365 python3        1784366 nvme1n1 WS   1583352576 131072   17.572
05:39:58.365 python3        1784366 nvme1n1 WS   1583352832 131072   17.651
05:39:58.365 python3        1784366 nvme1n1 WS   1583353088 131072   17.728
05:39:58.365 python3        1784366 nvme1n1 WS   1583353344 131072   17.805
05:39:58.366 python3        1784366 nvme1n1 WS   1583353600 131072   17.872
05:39:58.366 python3        1784366 nvme1n1 WS   1583353856 131072   17.953
05:39:58.366 python3        1784366 nvme1n1 WS   1583354112 131072   18.033
05:39:58.733 dockerd        1436    nvme1n1 WS   600104952  4096      0.058
05:39:58.733 jbd2/nv        752     nvme1n1 WSM  878514680  131072    0.147
05:39:58.733 jbd2/nv        752     nvme1n1 WSM  878514936  131072    0.191
05:39:58.733 jbd2/nv        752     nvme1n1 WSM  878515192  45056     0.201
05:39:58.733 jbd2/nv        752     nvme1n1 WSM  878515280  4096      0.028
05:39:58.733 dockerd        1436    nvme1n1 WS   461774848  4096      0.029
05:39:58.733 jbd2/nv        752     nvme1n1 WSM  878515288  49152     0.066
05:39:58.733 jbd2/nv        752     nvme1n1 WSM  878515384  4096      0.027
05:39:58.886 nvme           1835037 Unknown N    -1         512       0.034
05:39:59.021 ib_log_        125941  nvme1n1 WS   1739626752 4096      0.046
05:39:59.849 dockerd        1436    nvme1n1 WS   1177155080 4096      0.056
05:39:59.849 jbd2/nv        752     nvme1n1 WSM  878515392  69632     0.091
05:39:59.849 jbd2/nv        752     nvme1n1 WSM  878515528  4096      0.033
05:39:59.849 dockerd        1436    nvme1n1 WS   1177155088 4096      0.031
05:39:59.849 jbd2/nv        752     nvme1n1 WSM  878515536  49152     0.064
05:39:59.849 jbd2/nv        752     nvme1n1 WSM  878515632  4096      0.027
05:39:59.888 nvme           1835121 Unknown N    -1         512       0.027
05:40:00.891 nvme           1835126 Unknown N    -1         512       0.075
05:40:01.894 nvme           1835141 Unknown N    -1         512       0.087
05:40:02.593 kworker        1787159 nvme1n1 W    1177135016 126976    0.200
05:40:02.593 kworker        1787159 nvme1n1 W    1177135264 122880    0.258
05:40:02.593 kworker        1787159 nvme1n1 W    1177135504 126976    0.333
05:40:02.593 kworker        1787159 nvme1n1 W    1177135752 77824     0.381
05:40:02.593 kworker        1787159 nvme1n1 W    1579704832 131072    0.457
05:40:02.593 kworker        1787159 nvme1n1 W    1579705088 57344     0.499
05:40:02.593 kworker        1787159 nvme1n1 W    1177135904 32768     0.511
05:40:02.593 kworker        1787159 nvme1n1 W    1579712512 131072    0.588
05:40:02.593 kworker        1787159 nvme1n1 W    1579712768 86016     0.347
05:40:02.593 kworker        1787159 nvme1n1 W    844543232  73728     0.387
05:40:02.593 kworker        1787159 nvme1n1 W    1735446200 4096      0.216
05:40:02.593 kworker        1787159 nvme1n1 W    1177135968 36864     0.243
05:40:02.593 kworker        1787159 nvme1n1 W    1735434016 12288     0.248
05:40:02.593 kworker        1787159 nvme1n1 W    1177136040 8192      0.105
05:40:02.593 kworker        1787159 nvme1n1 W    722377960  118784    0.177
05:40:02.593 kworker        1787159 nvme1n1 W    1569192928 102400    0.239
05:40:02.594 kworker        1787159 nvme1n1 W    1569193128 102400    0.230
05:40:02.897 nvme           1835155 Unknown N    -1         512       0.129
05:40:02.959 python3        1784367 nvme1n1 WS   1591750656 131072    0.179
05:40:02.960 python3        1784367 nvme1n1 WS   1591750912 131072    0.243
05:40:02.960 python3        1784367 nvme1n1 WS   1591751168 131072    0.328
05:40:02.960 python3        1784367 nvme1n1 WS   1591751424 131072    0.416
05:40:02.960 python3        1784367 nvme1n1 WS   1591751680 131072    0.483
05:40:02.960 python3        1784367 nvme1n1 WS   1591751936 131072    0.563
05:40:02.960 python3        1784367 nvme1n1 WS   1591752192 131072    0.689
05:40:02.960 python3        1784367 nvme1n1 WS   1591752448 131072    0.717
05:40:02.960 python3        1784367 nvme1n1 WS   1591752704 131072    0.822
05:40:02.960 python3        1784367 nvme1n1 WS   1591752960 131072    0.873
05:40:02.960 python3        1784367 nvme1n1 WS   1591753216 131072    0.946
05:40:02.960 python3        1784367 nvme1n1 WS   1591753472 131072    1.026
05:40:02.960 python3        1784367 nvme1n1 WS   1591753728 131072    1.109
05:40:02.961 python3        1784367 nvme1n1 WS   1591753984 131072    1.193
05:40:02.961 python3        1784367 nvme1n1 WS   1591754240 131072    1.269
05:40:02.961 python3        1784367 nvme1n1 WS   1591754496 131072    1.339
05:40:02.961 python3        1784367 nvme1n1 WS   1591754752 131072    1.418
05:40:02.961 python3        1784367 nvme1n1 WS   1591755008 131072    1.501
05:40:02.961 python3        1784369 nvme1n1 WS   1583190016 131072    1.431
05:40:02.961 python3        1784369 nvme1n1 WS   1583190272 131072    1.502
05:40:02.961 python3        1784368 nvme1n1 WS   1583194112 131072    1.591
05:40:02.961 python3        1784368 nvme1n1 WS   1583194368 131072    1.670
05:40:02.961 python3        1784368 nvme1n1 WS   1583194624 131072    1.748
05:40:02.961 python3        1784368 nvme1n1 WS   1583194880 131072    1.828
05:40:02.961 python3        1784369 nvme1n1 WS   1583190528 131072    1.917
05:40:02.962 python3        1784369 nvme1n1 WS   1583190784 131072    1.996
05:40:02.962 python3        1784369 nvme1n1 WS   1583191040 131072    2.070
05:40:02.962 python3        1784368 nvme1n1 WS   1583198208 131072    2.156
05:40:02.962 python3        1784368 nvme1n1 WS   1583198464 131072    2.227
05:40:02.962 python3        1784368 nvme1n1 WS   1583198720 131072    2.302
05:40:02.962 python3        1784368 nvme1n1 WS   1583198976 131072    2.377
05:40:02.962 python3        1784368 nvme1n1 WS   1583199232 131072    2.451
05:40:02.962 python3        1784368 nvme1n1 WS   1583199488 131072    2.526
05:40:02.962 python3        1784369 nvme1n1 WS   1583191296 131072    2.617
05:40:02.962 python3        1784369 nvme1n1 WS   1583191552 131072    2.688
05:40:02.962 python3        1784368 nvme1n1 WS   1583195136 131072    2.770
05:40:02.962 python3        1784368 nvme1n1 WS   1583195392 131072    2.844
05:40:02.962 python3        1784368 nvme1n1 WS   1583195648 131072    2.919
05:40:02.963 python3        1784368 nvme1n1 WS   1583202304 131072    3.011
05:40:02.963 python3        1784368 nvme1n1 WS   1583202560 131072    3.079
05:40:02.963 python3        1784368 nvme1n1 WS   1583202816 131072    3.152
05:40:02.963 python3        1784368 nvme1n1 WS   1583203072 131072    3.227
05:40:02.963 python3        1784368 nvme1n1 WS   1583203328 131072    3.300
05:40:02.963 python3        1784368 nvme1n1 WS   1583203584 131072    3.375
05:40:02.963 python3        1784368 nvme1n1 WS   1583203840 131072    3.449
05:40:02.963 python3        1784368 nvme1n1 WS   1583204096 131072    3.508
05:40:02.963 python3        1784368 nvme1n1 WS   1583199744 131072    3.615
05:40:02.963 python3        1784368 nvme1n1 WS   1583200000 131072    3.677
05:40:02.963 python3        1784368 nvme1n1 WS   1583200256 131072    3.754
05:40:02.963 python3        1784368 nvme1n1 WS   1583200512 131072    3.828
05:40:02.963 python3        1784368 nvme1n1 WS   1583200768 131072    3.905
05:40:02.964 python3        1784368 nvme1n1 WS   1583201024 131072    3.980
05:40:02.964 python3        1784369 nvme1n1 WS   1583191808 131072    4.080
05:40:02.964 python3        1784369 nvme1n1 WS   1583192064 131072    4.152
05:40:02.964 python3        1784369 nvme1n1 WS   1583192320 131072    4.227
05:40:02.964 python3        1784369 nvme1n1 WS   1583192576 131072    4.303
05:40:02.964 python3        1784369 nvme1n1 WS   1583192832 131072    4.383
05:40:02.964 python3        1784369 nvme1n1 WS   1583193088 131072    4.453
05:40:02.964 python3        1784369 nvme1n1 WS   1583193344 131072    4.531
05:40:02.964 python3        1784369 nvme1n1 WS   1583193600 131072    4.609
05:40:02.964 python3        1784368 nvme1n1 WS   1583195904 131072    4.706
05:40:02.964 python3        1784368 nvme1n1 WS   1583196160 131072    4.780
05:40:02.964 python3        1784368 nvme1n1 WS   1583196416 131072    4.856
05:40:02.965 python3        1784368 nvme1n1 WS   1583196672 131072    4.937
05:40:02.965 python3        1784368 nvme1n1 WS   1583196928 131072    5.014
05:40:02.965 python3        1784368 nvme1n1 WS   1583197184 86016     5.062
05:40:02.965 python3        1784369 nvme1n1 WS   1583206400 131072    5.257
05:40:02.965 python3        1784369 nvme1n1 WS   1583206656 131072    5.260
05:40:02.965 python3        1784369 nvme1n1 WS   1583206912 131072    5.321
05:40:02.965 python3        1784369 nvme1n1 WS   1583207168 131072    5.379
05:40:02.965 python3        1784368 nvme1n1 WS   1583204352 131072    5.457
05:40:02.965 python3        1784368 nvme1n1 WS   1583204608 131072    5.531
05:40:02.965 python3        1784368 nvme1n1 WS   1583204864 131072    5.605
05:40:02.965 python3        1784368 nvme1n1 WS   1583205120 131072    5.684
05:40:02.965 python3        1784368 nvme1n1 WS   1583205376 131072    5.762
05:40:02.965 python3        1784368 nvme1n1 WS   1583205632 131072    5.842
05:40:02.966 python3        1784368 nvme1n1 WS   1583205888 131072    5.920
05:40:02.966 python3        1784368 nvme1n1 WS   1583206144 131072    5.986
05:40:02.966 python3        1784369 nvme1n1 WS   51122176   131072    6.099
05:40:02.966 python3        1784369 nvme1n1 WS   51122432   131072    6.170
05:40:02.966 python3        1784369 nvme1n1 WS   51122688   131072    6.246
05:40:02.966 python3        1784369 nvme1n1 WS   51122944   131072    6.325
05:40:02.966 python3        1784369 nvme1n1 WS   51123200   131072    6.404
05:40:02.966 python3        1784369 nvme1n1 WS   51123456   131072    6.479
05:40:02.966 python3        1784369 nvme1n1 WS   51123712   131072    6.553
05:40:02.966 python3        1784369 nvme1n1 WS   51123968   131072    6.621
05:40:02.966 python3        1784369 nvme1n1 WS   1583207424 131072    6.814
05:40:02.966 python3        1784369 nvme1n1 WS   1583207680 131072    6.844
05:40:02.967 python3        1784369 nvme1n1 WS   1583207936 131072    6.918
05:40:02.967 python3        1784369 nvme1n1 WS   1583208192 131072    6.977
05:40:02.967 python3        1784369 nvme1n1 WS   1583208448 131072    7.055
05:40:02.967 python3        1784369 nvme1n1 WS   1583208704 131072    7.133
05:40:02.967 python3        1784369 nvme1n1 WS   1583208960 131072    7.211
05:40:02.967 python3        1784368 nvme1n1 WS   1583201280 131072    7.324
05:40:02.967 python3        1784368 nvme1n1 WS   1583201536 131072    7.401
05:40:02.967 python3        1784368 nvme1n1 WS   1583201792 131072    7.477
05:40:02.967 python3        1784368 nvme1n1 WS   1583202048 131072    7.541
05:40:02.967 python3        1784368 nvme1n1 WS   1583214592 131072    7.621
05:40:02.967 python3        1784368 nvme1n1 WS   1583214848 131072    7.704
05:40:02.967 python3        1784369 nvme1n1 WS   1583193856 131072    7.799
05:40:02.967 python3        1784369 nvme1n1 WS   1583210496 131072    7.876
05:40:02.968 python3        1784369 nvme1n1 WS   1583210752 131072    7.956
05:40:02.968 python3        1784369 nvme1n1 WS   51124224   131072    8.025
05:40:02.968 python3        1784369 nvme1n1 WS   51124480   131072    8.102
05:40:02.968 python3        1784369 nvme1n1 WS   51124736   131072    8.177
05:40:02.968 python3        1784369 nvme1n1 WS   51124992   131072    8.257
05:40:02.968 python3        1784369 nvme1n1 WS   51125248   86016     8.310
05:40:02.968 python3        1784368 nvme1n1 WS   1583218688 131072    8.397
05:40:02.968 python3        1784368 nvme1n1 WS   1583218944 131072    8.475
05:40:02.968 python3        1784369 nvme1n1 WS   1583209216 131072    8.556
05:40:02.968 python3        1784369 nvme1n1 WS   1583209472 131072    8.634
05:40:02.968 python3        1784369 nvme1n1 WS   1583209728 131072    8.710
05:40:02.968 python3        1784369 nvme1n1 WS   1583209984 131072    8.788
05:40:02.969 python3        1784369 nvme1n1 WS   1583210240 131072    8.855
05:40:02.969 python3        1784369 nvme1n1 WS   1583222784 131072    8.936
05:40:02.969 python3        1784369 nvme1n1 WS   1583223040 131072    9.014
05:40:02.969 python3        1784366 nvme1n1 WS   51142656   131072    9.127
05:40:02.969 python3        1784366 nvme1n1 WS   51142912   131072    9.193
05:40:02.969 python3        1784366 nvme1n1 WS   51143168   131072    9.272
05:40:02.969 python3        1784366 nvme1n1 WS   51143424   131072    9.346
05:40:02.969 python3        1784366 nvme1n1 WS   51143680   131072    9.419
05:40:02.969 python3        1784366 nvme1n1 WS   51143936   131072    9.497
05:40:02.969 python3        1784366 nvme1n1 WS   1583357952 131072    9.654
05:40:02.969 python3        1784366 nvme1n1 WS   1583358208 131072    9.675
05:40:02.969 python3        1784366 nvme1n1 WS   1583358464 131072    9.736
05:40:02.969 python3        1784366 nvme1n1 WS   1583358720 131072    9.813
05:40:02.970 python3        1784366 nvme1n1 WS   1583358976 131072    9.891
05:40:02.970 python3        1784366 nvme1n1 WS   1583359232 131072    9.969
05:40:02.970 python3        1784366 nvme1n1 WS   51144192   131072   10.051
05:40:02.970 python3        1784366 nvme1n1 WS   51144448   131072   10.102
05:40:02.970 python3        1784366 nvme1n1 WS   51144704   131072   10.181
05:40:02.970 python3        1784366 nvme1n1 WS   51144960   131072   10.255
05:40:02.970 python3        1784366 nvme1n1 WS   51145216   131072   10.328
05:40:02.970 python3        1784366 nvme1n1 WS   51145472   131072   10.411
05:40:02.970 python3        1784366 nvme1n1 WS   51145728   131072   10.484
05:40:02.970 python3        1784366 nvme1n1 WS   51145984   131072   10.561
05:40:02.970 python3        1784366 nvme1n1 WS   51146240   131072   10.637
05:40:02.970 python3        1784366 nvme1n1 WS   1583359488 131072   10.764
05:40:02.971 python3        1784366 nvme1n1 WS   1583359744 131072   10.833
05:40:02.971 python3        1784366 nvme1n1 WS   1583360000 131072   10.909
05:40:02.971 python3        1784366 nvme1n1 WS   1583360256 131072   10.985
05:40:02.971 python3        1784366 nvme1n1 WS   1583360512 131072   11.061
05:40:02.971 python3        1784366 nvme1n1 WS   1583360768 131072   11.140
05:40:02.971 python3        1784366 nvme1n1 WS   1583361024 86016    11.189
05:40:02.971 python3        1784366 nvme1n1 WS   1572605952 131072   11.357
05:40:02.971 python3        1784366 nvme1n1 WS   1572606208 131072   11.391
05:40:02.971 python3        1784366 nvme1n1 WS   1572606464 131072   11.445
05:40:02.971 python3        1784366 nvme1n1 WS   1572606720 131072   11.518
05:40:02.971 python3        1784366 nvme1n1 WS   1572606976 131072   11.640
05:40:02.971 python3        1784366 nvme1n1 WS   1572607232 131072   11.703
05:40:02.971 python3        1784366 nvme1n1 WS   1572607488 131072   11.779
05:40:02.972 python3        1784366 nvme1n1 WS   1572607744 131072   11.842
05:40:02.972 python3        1784366 nvme1n1 WS   1572608000 131072   11.924
05:40:02.972 python3        1784366 nvme1n1 WS   1572608256 131072   12.000
05:40:02.972 python3        1784366 nvme1n1 WS   1572608512 131072   12.077
05:40:02.972 python3        1784366 nvme1n1 WS   1572608768 131072   12.157
05:40:02.972 python3        1784366 nvme1n1 WS   1572609024 131072   12.238
05:40:02.972 python3        1784366 nvme1n1 WS   1572609280 131072   12.316
05:40:02.972 python3        1784367 nvme1n1 WS   51191808   131072   12.437
05:40:02.972 python3        1784367 nvme1n1 WS   51192064   131072   12.507
05:40:02.972 python3        1784367 nvme1n1 WS   51192320   131072   12.589
05:40:02.972 python3        1784367 nvme1n1 WS   51192576   131072   12.663
05:40:02.972 python3        1784367 nvme1n1 WS   51192832   131072   12.742
05:40:02.973 python3        1784367 nvme1n1 WS   51193088   131072   12.819
05:40:02.973 python3        1784367 nvme1n1 WS   51193344   131072   12.897
05:40:02.973 python3        1784367 nvme1n1 WS   51193600   131072   12.960
05:40:02.973 python3        1784367 nvme1n1 WS   51193856   131072   13.042
05:40:02.973 python3        1784366 nvme1n1 WS   1572609536 131072   13.125
05:40:02.973 python3        1784366 nvme1n1 WS   1572609792 131072   13.195
05:40:02.973 python3        1784366 nvme1n1 WS   1572610048 131072   13.270
05:40:02.973 python3        1784366 nvme1n1 WS   1572610304 131072   13.352
05:40:02.973 python3        1784367 nvme1n1 WS   51194112   131072   13.446
05:40:02.973 python3        1784367 nvme1n1 WS   51194368   131072   13.526
05:40:02.973 python3        1784367 nvme1n1 WS   51194624   131072   13.602
05:40:02.973 python3        1784367 nvme1n1 WS   51194880   131072   13.679
05:40:02.973 python3        1784367 nvme1n1 WS   51195136   131072   13.754
05:40:02.974 python3        1784367 nvme1n1 WS   51195392   131072   13.832
05:40:02.974 python3        1784367 nvme1n1 WS   51195648   131072   13.894
05:40:02.974 python3        1784367 nvme1n1 WS   51130368   131072   13.973
05:40:02.974 python3        1784367 nvme1n1 WS   51130624   131072   14.059
05:40:02.974 python3        1784366 nvme1n1 WS   51146496   131072   14.158
05:40:02.974 python3        1784366 nvme1n1 WS   51126272   131072   14.226
05:40:02.974 python3        1784366 nvme1n1 WS   51126528   131072   14.302
05:40:02.974 python3        1784367 nvme1n1 WS   51134464   131072   14.287
05:40:02.974 python3        1784367 nvme1n1 WS   51134720   131072   14.355
05:40:02.974 python3        1784367 nvme1n1 WS   51134976   131072   14.430
05:40:02.974 python3        1784367 nvme1n1 WS   51135232   131072   14.506
05:40:02.974 python3        1784367 nvme1n1 WS   51135488   131072   14.582
05:40:02.975 python3        1784367 nvme1n1 WS   51135744   131072   14.660
05:40:02.975 python3        1784367 nvme1n1 WS   51136000   131072   14.737
05:40:02.975 python3        1784367 nvme1n1 WS   51136256   131072   14.802
05:40:02.975 python3        1784367 nvme1n1 WS   51136512   131072   14.880
05:40:02.975 python3        1784367 nvme1n1 WS   51136768   131072   14.965
05:40:02.975 python3        1784367 nvme1n1 WS   51137024   131072   15.034
05:40:02.975 python3        1784367 nvme1n1 WS   51137280   131072   15.116
05:40:02.975 python3        1784367 nvme1n1 WS   51137536   86016    15.163
05:40:03.899 nvme           1835170 Unknown N    -1         512       0.038
05:40:04.878 jbd2/nv        752     nvme1n1 WSM  878515640  131072    0.166
05:40:04.878 jbd2/nv        752     nvme1n1 WSM  878515896  86016     0.183
05:40:04.878 jbd2/nv        752     nvme1n1 WSM  878516064  4096      0.031
05:40:04.884 amoprof        1787544 nvme1n1 W    608491224  4096      0.038
