TIMESTAMP    COMM           PID     DISK    T    SECTOR     BYTES   LAT(ms)
06:53:42.120 nvme           1972384 Unknown N    -1         512       0.035
06:53:42.176 kworker        1790484 nvme1n1 W    1593835248 90112     0.124
06:53:42.330 python3        1784369 nvme1n1 WS   1606078464 131072    0.188
06:53:42.330 python3        1784369 nvme1n1 WS   1606078720 131072    0.268
06:53:42.330 python3        1784367 nvme1n1 WS   1606074368 131072    0.392
06:53:42.330 python3        1784369 nvme1n1 WS   1606078976 131072    0.463
06:53:42.330 python3        1784369 nvme1n1 WS   1606079232 131072    0.497
06:53:42.330 python3        1784369 nvme1n1 WS   1606079488 131072    0.584
06:53:42.330 python3        1784367 nvme1n1 WS   1606074624 131072    0.670
06:53:42.330 python3        1784367 nvme1n1 WS   1606074880 131072    0.749
06:53:42.330 python3        1784369 nvme1n1 WS   1606079744 131072    0.831
06:53:42.330 python3        1784369 nvme1n1 WS   1606080000 131072    0.906
06:53:42.330 python3        1784369 nvme1n1 WS   1606080256 131072    0.969
06:53:42.330 python3        1784369 nvme1n1 WS   1606080512 131072    1.057
06:53:42.331 python3        1784369 nvme1n1 WS   1606080768 131072    1.134
06:53:42.331 python3        1784369 nvme1n1 WS   1606081024 131072    1.224
06:53:42.331 python3        1784369 nvme1n1 WS   1606081280 131072    1.296
06:53:42.331 python3        1784369 nvme1n1 WS   1606081536 131072    1.375
06:53:42.331 python3        1784369 nvme1n1 WS   1606081792 131072    1.455
06:53:42.331 python3        1784367 nvme1n1 WS   1606075136 131072    1.584
06:53:42.331 python3        1784367 nvme1n1 WS   1606075392 131072    1.658
06:53:42.331 python3        1784367 nvme1n1 WS   1606075648 131072    1.739
06:53:42.331 python3        1784367 nvme1n1 WS   1606075904 131072    1.817
06:53:42.331 python3        1784366 nvme1n1 WS   1568362496 131072    1.906
06:53:42.331 python3        1784366 nvme1n1 WS   1568362752 131072    1.971
06:53:42.331 python3        1784366 nvme1n1 WS   1568363008 131072    2.048
06:53:42.332 python3        1784366 nvme1n1 WS   1568363264 131072    2.129
06:53:42.332 python3        1784366 nvme1n1 WS   1568363520 131072    2.207
06:53:42.332 python3        1784366 nvme1n1 WS   1568363776 131072    2.278
06:53:42.332 python3        1784366 nvme1n1 WS   1568364032 131072    2.352
06:53:42.332 python3        1784369 nvme1n1 WS   1606082048 131072    2.435
06:53:42.332 python3        1784369 nvme1n1 WS   1606082304 131072    2.496
06:53:42.332 python3        1784367 nvme1n1 WS   1606076160 131072    2.594
06:53:42.332 python3        1784367 nvme1n1 WS   1606076416 131072    2.663
06:53:42.332 python3        1784367 nvme1n1 WS   1606076672 131072    2.737
06:53:42.332 python3        1784367 nvme1n1 WS   1606076928 131072    2.811
06:53:42.332 python3        1784369 nvme1n1 WS   1606082560 131072    2.887
06:53:42.332 python3        1784369 nvme1n1 WS   1606082816 131072    2.960
06:53:42.332 python3        1784367 nvme1n1 WS   1606077184 131072    3.044
06:53:42.333 python3        1784367 nvme1n1 WS   1606077440 131072    3.114
06:53:42.333 python3        1784366 nvme1n1 WS   1568364288 131072    3.193
06:53:42.333 python3        1784366 nvme1n1 WS   1568364544 131072    3.266
06:53:42.333 python3        1784367 nvme1n1 WS   1606077696 131072    3.348
06:53:42.333 python3        1784367 nvme1n1 WS   1606077952 131072    3.422
06:53:42.333 python3        1784366 nvme1n1 WS   1568364800 131072    3.503
06:53:42.333 python3        1784366 nvme1n1 WS   1568365056 131072    3.576
06:53:42.333 python3        1784366 nvme1n1 WS   1568365312 131072    3.651
06:53:42.333 python3        1784366 nvme1n1 WS   1568365568 131072    3.728
06:53:42.333 python3        1784366 nvme1n1 WS   1568365824 131072    3.800
06:53:42.333 python3        1784366 nvme1n1 WS   1568366080 131072    3.882
06:53:42.333 python3        1784366 nvme1n1 WS   1568366336 131072    3.942
06:53:42.333 python3        1784366 nvme1n1 WS   1568366592 131072    4.019
06:53:42.334 python3        1784367 nvme1n1 WS   1606078208 131072    4.107
06:53:42.334 python3        1784367 nvme1n1 WS   1606086656 131072    4.178
06:53:42.334 python3        1784367 nvme1n1 WS   1606086912 131072    4.254
06:53:42.334 python3        1784366 nvme1n1 WS   1568366848 131072    4.330
06:53:42.334 python3        1784369 nvme1n1 WS   1568370688 131072    4.273
06:53:42.334 python3        1784369 nvme1n1 WS   1568370944 131072    4.341
06:53:42.334 python3        1784369 nvme1n1 WS   1568371200 131072    4.416
06:53:42.334 python3        1784369 nvme1n1 WS   1568371456 131072    4.492
06:53:42.334 python3        1784369 nvme1n1 WS   1568371712 131072    4.567
06:53:42.334 python3        1784368 nvme1n1 WS   1606090752 131072    4.745
06:53:42.334 python3        1784368 nvme1n1 WS   1606091008 131072    4.747
06:53:42.334 python3        1784368 nvme1n1 WS   1606091264 131072    4.808
06:53:42.335 python3        1784368 nvme1n1 WS   1606091520 131072    4.883
06:53:42.335 python3        1784368 nvme1n1 WS   1606091776 131072    4.957
06:53:42.335 python3        1784368 nvme1n1 WS   1606092032 131072    5.037
06:53:42.335 python3        1784368 nvme1n1 WS   1606092288 131072    5.116
06:53:42.335 python3        1784366 nvme1n1 WS   1606209536 131072    5.215
06:53:42.335 python3        1784366 nvme1n1 WS   1606209792 131072    5.286
06:53:42.335 python3        1784366 nvme1n1 WS   1606210048 131072    5.360
06:53:42.335 python3        1784366 nvme1n1 WS   1606210304 131072    5.436
06:53:42.335 python3        1784366 nvme1n1 WS   1606210560 131072    5.516
06:53:42.335 python3        1784366 nvme1n1 WS   1606210816 131072    5.599
06:53:42.335 python3        1784366 nvme1n1 WS   1606211072 131072    5.674
06:53:42.335 python3        1784367 nvme1n1 WS   1606094848 131072    5.779
06:53:42.335 python3        1784367 nvme1n1 WS   1606095104 131072    5.852
06:53:42.336 python3        1784367 nvme1n1 WS   1606095360 131072    5.931
06:53:42.336 python3        1784367 nvme1n1 WS   1606095616 131072    6.007
06:53:42.336 python3        1784367 nvme1n1 WS   1606095872 131072    6.084
06:53:42.336 python3        1784367 nvme1n1 WS   1606096128 131072    6.159
06:53:42.336 python3        1784367 nvme1n1 WS   1606096384 131072    6.237
06:53:42.336 python3        1784369 nvme1n1 WS   1568371968 131072    6.336
06:53:42.336 python3        1784369 nvme1n1 WS   1568372224 131072    6.411
06:53:42.336 python3        1784369 nvme1n1 WS   1568372480 131072    6.480
06:53:42.336 python3        1784369 nvme1n1 WS   1568372736 131072    6.559
06:53:42.336 python3        1784369 nvme1n1 WS   1568372992 131072    6.634
06:53:42.336 python3        1784369 nvme1n1 WS   1568373248 53248     6.666
06:53:42.337 python3        1784368 nvme1n1 WS   1606680576 131072    6.893
06:53:42.337 python3        1784368 nvme1n1 WS   1606680832 131072    6.893
06:53:42.337 python3        1784368 nvme1n1 WS   1606681088 131072    6.951
06:53:42.337 python3        1784368 nvme1n1 WS   1606681344 131072    7.027
06:53:42.337 python3        1784368 nvme1n1 WS   1606681600 131072    7.100
06:53:42.337 python3        1784368 nvme1n1 WS   1606681856 131072    7.177
06:53:42.337 python3        1784368 nvme1n1 WS   1606682112 131072    7.251
06:53:42.337 python3        1784367 nvme1n1 WS   1606098944 131072    7.392
06:53:42.337 python3        1784367 nvme1n1 WS   1606099200 131072    7.406
06:53:42.337 python3        1784367 nvme1n1 WS   1606099456 131072    7.481
06:53:42.337 python3        1784367 nvme1n1 WS   1606099712 131072    7.555
06:53:42.337 python3        1784367 nvme1n1 WS   1606099968 131072    7.631
06:53:42.337 python3        1784367 nvme1n1 WS   1606100224 131072    7.708
06:53:42.337 python3        1784367 nvme1n1 WS   1606100480 131072    7.783
06:53:42.338 python3        1784367 nvme1n1 WS   1606100736 131072    7.850
06:53:42.338 python3        1784367 nvme1n1 WS   1606100992 131072    7.930
06:53:42.338 python3        1784367 nvme1n1 WS   1606101248 131072    8.004
06:53:42.338 python3        1784367 nvme1n1 WS   1606101504 53248     8.034
06:53:42.338 python3        1784368 nvme1n1 WS   1606092544 131072    8.218
06:53:42.338 python3        1784368 nvme1n1 WS   1606092800 131072    8.245
06:53:42.338 python3        1784368 nvme1n1 WS   1606093056 131072    8.307
06:53:42.338 python3        1784368 nvme1n1 WS   1606093312 131072    8.385
06:53:42.338 python3        1784368 nvme1n1 WS   1606093568 131072    8.466
06:53:42.338 python3        1784368 nvme1n1 WS   1606093824 131072    8.543
06:53:42.338 python3        1784368 nvme1n1 WS   1606094080 131072    8.621
06:53:42.338 python3        1784368 nvme1n1 WS   1606094336 131072    8.703
06:53:42.338 python3        1784368 nvme1n1 WS   1606094592 131072    8.768
06:53:42.339 python3        1784368 nvme1n1 WS   1606107136 131072    8.846
06:53:42.339 python3        1784368 nvme1n1 WS   1606107392 131072    8.927
06:53:42.339 python3        1784367 nvme1n1 WS   1606096640 131072    9.101
06:53:42.339 python3        1784367 nvme1n1 WS   1606096896 131072    9.121
06:53:42.339 python3        1784367 nvme1n1 WS   1606097152 131072    9.196
06:53:42.339 python3        1784367 nvme1n1 WS   1606097408 131072    9.273
06:53:42.339 python3        1784367 nvme1n1 WS   1606097664 131072    9.354
06:53:42.339 python3        1784367 nvme1n1 WS   1606097920 131072    9.429
06:53:42.339 python3        1784367 nvme1n1 WS   1606098176 131072    9.504
06:53:42.339 python3        1784367 nvme1n1 WS   1606098432 131072    9.582
06:53:42.339 python3        1784367 nvme1n1 WS   1606098688 131072    9.644
06:53:42.339 python3        1784367 nvme1n1 WS   1606111232 131072    9.724
06:53:42.340 python3        1784367 nvme1n1 WS   1606111488 131072    9.797
06:53:42.340 python3        1784368 nvme1n1 WS   1606103040 131072    9.923
06:53:42.340 python3        1784368 nvme1n1 WS   1606103296 131072    9.995
06:53:42.340 python3        1784368 nvme1n1 WS   1606103552 131072   10.070
06:53:42.340 python3        1784368 nvme1n1 WS   1606103808 131072   10.149
06:53:42.340 python3        1784368 nvme1n1 WS   1606104064 131072   10.227
06:53:42.340 python3        1784368 nvme1n1 WS   1606104320 131072   10.303
06:53:42.340 python3        1784368 nvme1n1 WS   1606104576 131072   10.382
06:53:42.340 python3        1784368 nvme1n1 WS   1606104832 131072   10.449
06:53:42.340 python3        1784368 nvme1n1 WS   1606105088 131072   10.526
06:53:42.340 python3        1784368 nvme1n1 WS   1606105344 131072   10.601
06:53:42.340 python3        1784368 nvme1n1 WS   1606105600 53248    10.632
06:53:42.340 python3        1784366 nvme1n1 WS   1606211328 131072   10.747
06:53:42.341 python3        1784366 nvme1n1 WS   1606211584 131072   10.822
06:53:42.341 python3        1784366 nvme1n1 WS   1606211840 131072   10.904
06:53:42.341 python3        1784366 nvme1n1 WS   1606212096 131072   10.978
06:53:42.341 python3        1784366 nvme1n1 WS   1606212352 131072   11.053
06:53:42.341 python3        1784366 nvme1n1 WS   1606212608 131072   11.132
06:53:42.341 python3        1784366 nvme1n1 WS   1606212864 131072   11.209
06:53:42.341 python3        1784366 nvme1n1 WS   1606213120 131072   11.285
06:53:42.341 python3        1784366 nvme1n1 WS   1606213376 131072   11.351
06:53:42.341 python3        1784366 nvme1n1 WS   1606213632 131072   11.428
06:53:42.341 python3        1784366 nvme1n1 WS   1606213888 131072   11.504
06:53:42.341 python3        1784368 nvme1n1 WS   1606682368 131072   11.640
06:53:42.341 python3        1784368 nvme1n1 WS   1606682624 131072   11.717
06:53:42.341 python3        1784368 nvme1n1 WS   1606682880 131072   11.792
06:53:42.342 python3        1784368 nvme1n1 WS   1606683136 131072   11.866
06:53:42.342 python3        1784368 nvme1n1 WS   1606683392 131072   11.944
06:53:42.342 python3        1784368 nvme1n1 WS   1606683648 131072   12.025
06:53:42.342 python3        1784368 nvme1n1 WS   1606683904 131072   12.101
06:53:42.342 python3        1784368 nvme1n1 WS   1606684160 131072   12.178
06:53:42.342 python3        1784368 nvme1n1 WS   1606684416 131072   12.247
06:53:42.342 python3        1784368 nvme1n1 WS   1606684672 131072   12.321
06:53:42.342 python3        1784368 nvme1n1 WS   1606684928 131072   12.398
06:53:42.342 python3        1784369 nvme1n1 WS   1568374784 131072   12.439
06:53:42.342 python3        1784369 nvme1n1 WS   1568375040 131072   12.504
06:53:42.342 python3        1784369 nvme1n1 WS   1568375296 131072   12.582
06:53:42.342 python3        1784369 nvme1n1 WS   1568375552 131072   12.665
06:53:42.343 python3        1784369 nvme1n1 WS   1568375808 131072   12.740
06:53:42.343 python3        1784369 nvme1n1 WS   1568376064 131072   12.820
06:53:42.343 python3        1784369 nvme1n1 WS   1568376320 131072   12.896
06:53:42.343 python3        1784369 nvme1n1 WS   1568376576 131072   12.957
06:53:42.343 python3        1784369 nvme1n1 WS   1568376832 131072   13.032
06:53:42.343 python3        1784369 nvme1n1 WS   1568377088 131072   13.114
06:53:42.343 python3        1784369 nvme1n1 WS   1568377344 131072   13.194
06:53:42.343 python3        1784369 nvme1n1 WS   1568377600 131072   13.272
06:53:42.343 python3        1784369 nvme1n1 WS   1568377856 131072   13.352
06:53:42.343 python3        1784369 nvme1n1 WS   1568378112 131072   13.433
06:53:42.343 python3        1784369 nvme1n1 WS   1568378368 131072   13.509
06:53:42.343 python3        1784366 nvme1n1 WS   1568378880 131072   13.638
06:53:42.343 python3        1784366 nvme1n1 WS   1568379136 131072   13.710
06:53:42.344 python3        1784366 nvme1n1 WS   1568379392 131072   13.786
06:53:42.344 python3        1784366 nvme1n1 WS   1568379648 131072   13.863
06:53:42.344 python3        1784366 nvme1n1 WS   1568379904 131072   13.940
06:53:42.344 python3        1784366 nvme1n1 WS   1568380160 131072   14.021
06:53:42.344 python3        1784366 nvme1n1 WS   1568380416 131072   14.100
06:53:42.344 python3        1784366 nvme1n1 WS   1568380672 131072   14.169
06:53:42.344 python3        1784366 nvme1n1 WS   1568380928 131072   14.251
06:53:42.344 python3        1784366 nvme1n1 WS   1568381184 131072   14.330
06:53:42.344 python3        1784366 nvme1n1 WS   1568381440 53248    14.360
06:53:42.344 python3        1784369 nvme1n1 WS   1568378624 131072   14.416
06:53:42.344 python3        1784369 nvme1n1 WS   1568382976 131072   14.494
06:53:42.344 python3        1784369 nvme1n1 WS   1568383232 131072   14.576
06:53:42.688 kworker        1790484 nvme0n1 W    36980968   4096      0.456
06:53:43.123 nvme           1972456 Unknown N    -1         512       0.090
06:53:44.125 nvme           1972465 Unknown N    -1         512       0.080
06:53:44.224 kworker        1790484 nvme1n1 W    1719341048 4096      0.061
06:53:44.224 kworker        1790484 nvme1n1 W    1719353328 4096      0.066
06:53:45.127 nvme           1972469 Unknown N    -1         512       0.077
06:53:45.191 jbd2/nv        752     nvme1n1 WSM  877307816  131072    0.168
06:53:45.191 jbd2/nv        752     nvme1n1 WSM  877308072  131072    0.208
06:53:45.191 jbd2/nv        752     nvme1n1 WSM  877308328  28672     0.213
06:53:45.191 jbd2/nv        752     nvme1n1 WSM  877308384  4096      0.031
06:53:46.129 nvme           1972479 Unknown N    -1         512       0.085
06:53:46.273 kworker        1696237 nvme0n1 W    15716784   8192      1.085
06:53:46.979 jbd2/nv        391     nvme0n1 WSM  4251752    28672     1.177
06:53:46.979 jbd2/nv        391     nvme0n1 WSM  4251808    4096      0.829
06:53:47.132 nvme           1972483 Unknown N    -1         512       0.029
06:53:47.296 kworker        1817148 nvme1n1 W    70376576   8192      0.066
06:53:47.296 kworker        1696237 nvme1n1 WM   0          4096      0.101
06:53:47.296 kworker        1696237 nvme1n1 WM   32         4096      0.107
06:53:47.296 kworker        1696237 nvme1n1 WM   280        4096      0.108
06:53:47.296 kworker        1696237 nvme1n1 WM   296        4096      0.116
06:53:47.296 kworker        1696237 nvme1n1 WM   352        4096      0.116
06:53:47.296 kworker        1696237 nvme1n1 WM   440        4096      0.116
06:53:47.296 kworker        1696237 nvme1n1 WM   832        8192      0.117
06:53:47.296 kworker        1696237 nvme1n1 WM   62914664   4096      0.119
06:53:47.296 kworker        1696237 nvme1n1 WM   75497560   4096      0.124
06:53:47.296 kworker        1696237 nvme1n1 WM   461373728  4096      0.126
06:53:47.296 kworker        1696237 nvme1n1 WM   608174096  8192      0.125
06:53:47.296 kworker        1696237 nvme1n1 WM   608174416  4096      0.130
06:53:47.296 kworker        1696237 nvme1n1 WM   608174472  4096      0.131
06:53:47.296 kworker        1696237 nvme1n1 WM   728        28672     0.148
06:53:47.296 kworker        1696237 nvme1n1 WM   570425408  12288     0.152
06:53:47.296 kworker        1817148 nvme1n1 W    1534811352 8192      0.039
06:53:47.296 kworker        1696237 nvme1n1 WM   612368392  4096      0.066
06:53:47.296 kworker        1696237 nvme1n1 WM   612368512  4096      0.072
06:53:47.296 kworker        1696237 nvme1n1 WM   721420296  4096      0.070
06:53:47.296 kworker        1696237 nvme1n1 WM   730173944  4096      0.074
06:53:47.296 kworker        1696237 nvme1n1 WM   730174144  4096      0.075
06:53:47.296 kworker        1696237 nvme1n1 WM   843056208  4096      0.075
06:53:47.296 kworker        1696237 nvme1n1 WM   905969808  4096      0.078
06:53:47.296 kworker        1696237 nvme1n1 WM   905969920  4096      0.088
06:53:47.296 kworker        1696237 nvme1n1 WM   1485401008 4096      0.088
06:53:47.296 kworker        1696237 nvme1n1 WM   1518338104 4096      0.090
06:53:47.296 kworker        1696237 nvme1n1 WM   1519845296 4096      0.090
06:53:47.297 kworker        1696237 nvme1n1 WM   612370712  65536     0.136
06:53:47.297 kworker        1696237 nvme1n1 WM   612370848  81920     0.192
06:53:47.297 kworker        1696237 nvme1n1 WM   847250688  16384     0.200
06:53:47.297 kworker        1696237 nvme1n1 WM   905982024  24576     0.205
06:53:47.297 kworker        1817148 nvme1n1 W    612669296  12288     0.093
06:53:47.297 kworker        1696237 nvme1n1 WM   1530921000 4096      0.064
06:53:47.297 kworker        1696237 nvme1n1 WM   1556086848 4096      0.068
06:53:47.297 kworker        1696237 nvme1n1 WM   1560281120 4096      0.074
06:53:47.297 kworker        1696237 nvme1n1 WM   1560281168 4096      0.074
06:53:47.297 kworker        1696237 nvme1n1 WM   1564475504 4096      0.075
06:53:47.297 kworker        1696237 nvme1n1 WM   1568669712 4096      0.079
06:53:47.297 kworker        1696237 nvme1n1 WM   1589641336 4096      0.082
06:53:47.297 kworker        1696237 nvme1n1 WM   1606418440 4096      0.086
06:53:47.297 kworker        1696237 nvme1n1 WM   1728881776 4096      0.087
06:53:47.297 kworker        1696237 nvme1n1 WM   1732247648 4096      0.090
06:53:47.297 kworker        1696237 nvme1n1 WM   1602224232 12288     0.097
06:53:47.297 kworker        1696237 nvme1n1 WM   1619001448 12288     0.104
06:53:47.297 kworker        1696237 nvme1n1 WM   1735433528 4096      0.069
06:53:47.297 kworker        1696237 nvme1n1 WM   1735531008 4096      0.074
06:53:47.297 kworker        1696237 nvme1n1 WM   1735607408 4096      0.075
06:53:47.297 kworker        1696237 nvme1n1 WM   1735613792 8192      0.078
06:53:47.297 kworker        1696237 nvme1n1 WM   1735613832 8192      0.087
06:53:47.297 kworker        1696237 nvme1n1 WM   1735613856 8192      0.094
06:53:47.297 kworker        1696237 nvme1n1 WM   1753219136 4096      0.094
06:53:47.297 kworker        1696237 nvme1n1 WM   1756377568 8192      0.098
06:53:47.297 kworker        1696237 nvme1n1 WM   1756377616 4096      0.102
06:53:47.297 kworker        1696237 nvme1n1 WM   1756384208 4096      0.108
06:53:47.297 kworker        1696237 nvme1n1 WM   1756390080 4096      0.110
06:53:47.297 kworker        1696237 nvme1n1 WM   1756390392 4096      0.110
06:53:47.297 kworker        1696237 nvme1n1 WM   1756391376 4096      0.116
06:53:47.297 kworker        1696237 nvme1n1 WM   1756407792 4096      0.117
06:53:47.297 kworker        1696237 nvme1n1 WM   1735613904 20480     0.131
06:53:47.297 kworker        1817148 nvme1n1 W    612669320  81920     0.149
06:53:47.297 kworker        1696237 nvme1n1 WM   1756414224 4096      0.068
06:53:47.297 kworker        1696237 nvme1n1 WM   1756440504 8192      0.074
06:53:47.297 kworker        1696237 nvme1n1 WM   1756440864 4096      0.075
06:53:47.297 kworker        1696237 nvme1n1 WM   1756441440 4096      0.079
06:53:47.297 kworker        1696237 nvme1n1 WM   1756450800 4096      0.084
06:53:47.297 kworker        1696237 nvme1n1 WM   1756520952 4096      0.085
06:53:47.297 kworker        1696237 nvme1n1 WM   1756521400 8192      0.090
06:53:47.297 kworker        1696237 nvme1n1 WM   1756528312 4096      0.095
06:53:47.297 kworker        1696237 nvme1n1 WM   1756549584 4096      0.096
06:53:47.297 kworker        1696237 nvme1n1 WM   1756599944 4096      0.101
06:53:47.297 kworker        1696237 nvme1n1 WM   1756599960 4096      0.103
06:53:47.297 kworker        1696237 nvme1n1 WM   1756601504 4096      0.103
06:53:47.297 kworker        1696237 nvme1n1 WM   1756662032 4096      0.117
06:53:47.297 kworker        1696237 nvme1n1 WM   1756662720 8192      0.118
06:53:47.297 kworker        1817148 nvme1n1 W    612669480  126976    0.147
06:53:47.297 kworker        1696237 nvme1n1 WM   1756662752 8192      0.070
06:53:47.297 kworker        1696237 nvme1n1 WM   1756673400 4096      0.071
06:53:47.297 kworker        1696237 nvme1n1 WM   1756673768 4096      0.075
06:53:47.297 kworker        1696237 nvme1n1 WM   1756692432 4096      0.077
06:53:47.297 kworker        1696237 nvme1n1 WM   1756708840 4096      0.080
06:53:47.297 kworker        1696237 nvme1n1 WM   1756710616 4096      0.080
06:53:47.297 kworker        1696237 nvme1n1 WM   1756712944 4096      0.084
06:53:47.297 kworker        1696237 nvme1n1 WM   1756754872 4096      0.088
06:53:47.297 kworker        1696237 nvme1n1 WM   1756762616 4096      0.091
06:53:47.297 kworker        1696237 nvme1n1 WM   1756772336 4096      0.095
06:53:47.297 kworker        1696237 nvme1n1 WM   1756773984 4096      0.098
06:53:47.297 kworker        1696237 nvme1n1 WM   1756777320 4096      0.100
06:53:47.297 kworker        1696237 nvme1n1 WM   1756777336 4096      0.101
06:53:47.297 kworker        1696237 nvme1n1 WM   1756777368 4096      0.104
06:53:47.297 kworker        1817148 nvme1n1 W    612669728  53248     0.125
06:53:47.297 kworker        1696237 nvme1n1 WM   1756777464 4096      0.061
06:53:47.297 kworker        1696237 nvme1n1 WM   1756779512 4096      0.062
06:53:47.297 kworker        1696237 nvme1n1 WM   1756783040 4096      0.067
06:53:47.297 kworker        1696237 nvme1n1 WM   1756791776 4096      0.067
06:53:47.297 kworker        1696237 nvme1n1 WM   1756792784 4096      0.071
06:53:47.297 kworker        1696237 nvme1n1 WM   1756792824 4096      0.075
06:53:47.297 kworker        1696237 nvme1n1 WM   1756815288 4096      0.079
06:53:47.297 kworker        1696237 nvme1n1 WM   1756828088 4096      0.081
06:53:47.297 kworker        1696237 nvme1n1 WM   1756840392 4096      0.086
06:53:47.297 kworker        1696237 nvme1n1 WM   1756840416 4096      0.091
06:53:47.297 kworker        1696237 nvme1n1 WM   1756846456 4096      0.093
06:53:47.297 kworker        1696237 nvme1n1 WM   1756847232 4096      0.095
06:53:47.297 kworker        1696237 nvme1n1 WM   1756847296 4096      0.096
06:53:47.297 kworker        1817148 nvme1n1 W    1532482272 4096      0.040
06:53:47.297 kworker        1817148 nvme1n1 W    612669832  53248     0.086
06:53:47.297 kworker        1817148 nvme1n1 W    1520341880 131072    0.163
06:53:47.297 kworker        1817148 nvme1n1 W    1520342136 61440     0.182
06:53:47.297 kworker        1696237 nvme1n1 WM   1756847352 4096      0.187
06:53:47.297 kworker        1696237 nvme1n1 WM   1756847720 4096      0.192
06:53:47.297 kworker        1696237 nvme1n1 WM   1756848400 4096      0.194
06:53:47.297 kworker        1696237 nvme1n1 WM   1756848504 4096      0.196
06:53:47.297 kworker        1696237 nvme1n1 WM   1756848520 4096      0.203
06:53:47.297 kworker        1696237 nvme1n1 WM   1756864792 4096      0.204
06:53:47.297 kworker        1696237 nvme1n1 WM   1756864816 4096      0.204
06:53:47.297 kworker        1696237 nvme1n1 WM   1756864864 4096      0.206
06:53:47.297 kworker        1696237 nvme1n1 WM   1756864920 4096      0.209
06:53:47.297 kworker        1696237 nvme1n1 WM   1756866696 4096      0.210
06:53:47.298 kworker        1696237 nvme1n1 WM   1756866984 4096      0.041
06:53:47.298 kworker        1696237 nvme1n1 WM   1756868288 4096      0.042
06:53:47.298 kworker        1696237 nvme1n1 WM   1756868336 4096      0.047
06:53:47.298 kworker        1696237 nvme1n1 WM   1756872696 4096      0.049
06:53:47.298 kworker        1696237 nvme1n1 WM   1757413376 4096      0.052
06:53:47.298 kworker        1817148 nvme1n1 W    612669936  32768     0.067
06:53:47.298 kworker        1817148 nvme1n1 W    1755368880 131072    0.150
06:53:47.298 kworker        1817148 nvme1n1 W    1755369136 90112     0.205
06:53:47.298 kworker        1817148 nvme1n1 W    1561443240 77824     0.253
06:53:47.298 kworker        1817148 nvme1n1 W    612670000  45056     0.278
06:53:48.134 nvme           1972501 Unknown N    -1         512       0.033
06:53:49.136 nvme           1972513 Unknown N    -1         512       0.030
06:53:50.138 nvme           1972517 Unknown N    -1         512       0.029
06:53:51.141 nvme           1972530 Unknown N    -1         512       0.087
06:53:51.305 jbd2/nv        752     nvme1n1 WSM  877308392  102400    0.138
06:53:51.305 jbd2/nv        752     nvme1n1 WSM  877308592  4096      0.032
06:53:52.077 python3        1784368 nvme1n1 WS   1606115328 131072    0.219
06:53:52.077 python3        1784368 nvme1n1 WS   1606115584 131072    0.284
06:53:52.077 python3        1784367 nvme1n1 WS   1606119424 131072    0.379
06:53:52.078 python3        1784366 nvme1n1 WS   1568387072 131072    0.491
06:53:52.078 python3        1784368 nvme1n1 WS   1606115840 131072    0.530
06:53:52.078 python3        1784368 nvme1n1 WS   1606116096 131072    0.636
06:53:52.078 python3        1784368 nvme1n1 WS   1606116352 131072    0.698
06:53:52.078 python3        1784368 nvme1n1 WS   1606116608 131072    0.772
06:53:52.078 python3        1784368 nvme1n1 WS   1606116864 131072    0.856
06:53:52.078 python3        1784367 nvme1n1 WS   1606119680 131072    0.942
06:53:52.078 python3        1784367 nvme1n1 WS   1606119936 131072    1.021
06:53:52.078 python3        1784367 nvme1n1 WS   1606120192 131072    1.101
06:53:52.078 python3        1784367 nvme1n1 WS   1606120448 131072    1.181
06:53:52.078 python3        1784368 nvme1n1 WS   1568391168 131072    1.284
06:53:52.078 python3        1784368 nvme1n1 WS   1568391424 131072    1.356
06:53:52.079 python3        1784368 nvme1n1 WS   1568391680 131072    1.437
06:53:52.079 python3        1784368 nvme1n1 WS   1568391936 131072    1.515
06:53:52.079 python3        1784366 nvme1n1 WS   1568387328 131072    1.606
06:53:52.079 python3        1784366 nvme1n1 WS   1568387584 131072    1.682
06:53:52.079 python3        1784368 nvme1n1 WS   1568403456 4096      1.622
06:53:52.079 python3        1784367 nvme1n1 WS   1606120704 131072    1.765
06:53:52.079 python3        1784367 nvme1n1 WS   1606120960 131072    1.845
06:53:52.079 python3        1784367 nvme1n1 WS   1606121216 131072    1.912
06:53:52.079 python3        1784367 nvme1n1 WS   1606121472 131072    1.989
06:53:52.079 python3        1784367 nvme1n1 WS   1606121728 131072    2.072
06:53:52.079 python3        1784367 nvme1n1 WS   1606121984 131072    2.149
06:53:52.079 python3        1784367 nvme1n1 WS   1606122240 131072    2.224
06:53:52.079 python3        1784367 nvme1n1 WS   1606122496 131072    2.300
06:53:52.080 python3        1784367 nvme1n1 WS   1606122752 131072    2.376
06:53:52.080 python3        1784367 nvme1n1 WS   1606123008 131072    2.453
06:53:52.080 python3        1784367 nvme1n1 WS   1606123264 131072    2.514
06:53:52.080 python3        1784367 nvme1n1 WS   1606131712 131072    2.594
06:53:52.080 python3        1784367 nvme1n1 WS   1606131968 131072    2.670
06:53:52.080 python3        1784368 nvme1n1 WS   1568392192 131072    2.813
06:53:52.080 python3        1784368 nvme1n1 WS   1568392448 131072    2.888
06:53:52.080 python3        1784368 nvme1n1 WS   1568392704 131072    2.964
06:53:52.080 python3        1784368 nvme1n1 WS   1568392960 131072    3.023
06:53:52.080 python3        1784368 nvme1n1 WS   1568393216 131072    3.096
06:53:52.080 python3        1784368 nvme1n1 WS   1568393472 131072    3.174
06:53:52.080 python3        1784368 nvme1n1 WS   1568393728 131072    3.247
06:53:52.080 python3        1784368 nvme1n1 WS   1568393984 131072    3.325
06:53:52.081 python3        1784368 nvme1n1 WS   1568394240 131072    3.404
06:53:52.081 python3        1784368 nvme1n1 WS   1568394496 131072    3.482
06:53:52.081 python3        1784368 nvme1n1 WS   1568394752 131072    3.562
06:53:52.081 python3        1784368 nvme1n1 WS   1568395008 131072    3.630
06:53:52.081 python3        1784366 nvme1n1 WS   1568387840 131072    3.775
06:53:52.081 python3        1784366 nvme1n1 WS   1568388096 131072    3.846
06:53:52.081 python3        1784366 nvme1n1 WS   1568388352 131072    3.919
06:53:52.081 python3        1784366 nvme1n1 WS   1568388608 131072    3.993
06:53:52.081 python3        1784366 nvme1n1 WS   1568388864 131072    4.039
06:53:52.081 python3        1784366 nvme1n1 WS   1568389120 131072    4.114
06:53:52.081 python3        1784366 nvme1n1 WS   1568389376 131072    4.187
06:53:52.081 python3        1784366 nvme1n1 WS   1568389632 131072    4.264
06:53:52.082 python3        1784366 nvme1n1 WS   1568389888 131072    4.339
06:53:52.082 python3        1784366 nvme1n1 WS   1568390144 131072    4.412
06:53:52.082 python3        1784366 nvme1n1 WS   1568390400 131072    4.486
06:53:52.082 python3        1784366 nvme1n1 WS   1568390656 131072    4.565
06:53:52.082 python3        1784367 nvme1n1 WS   1606123520 131072    4.715
06:53:52.082 python3        1784367 nvme1n1 WS   1606123776 131072    4.788
06:53:52.082 python3        1784367 nvme1n1 WS   1606124032 131072    4.861
06:53:52.082 python3        1784367 nvme1n1 WS   1606124288 131072    4.940
06:53:52.082 python3        1784367 nvme1n1 WS   1606124544 131072    5.018
06:53:52.082 python3        1784367 nvme1n1 WS   1606124800 131072    5.092
06:53:52.082 python3        1784367 nvme1n1 WS   1606125056 131072    5.170
06:53:52.082 python3        1784367 nvme1n1 WS   1606125312 131072    5.232
06:53:52.082 python3        1784367 nvme1n1 WS   1606125568 131072    5.312
06:53:52.083 python3        1784367 nvme1n1 WS   1606125824 131072    5.387
06:53:52.083 python3        1784367 nvme1n1 WS   1606126080 131072    5.469
06:53:52.083 python3        1784367 nvme1n1 WS   1606126336 131072    5.551
06:53:52.083 python3        1784367 nvme1n1 WS   1606126592 131072    5.633
06:53:52.083 python3        1784367 nvme1n1 WS   1606126848 131072    5.710
06:53:52.083 python3        1784367 nvme1n1 WS   1606127104 131072    5.791
06:53:52.083 python3        1784367 nvme1n1 WS   1606127360 131072    5.865
06:53:52.083 python3        1784367 nvme1n1 WS   1606139904 4096      5.872
06:53:52.083 python3        1784368 nvme1n1 WS   1606117120 131072    6.015
06:53:52.083 python3        1784368 nvme1n1 WS   1606117376 131072    6.084
06:53:52.083 python3        1784368 nvme1n1 WS   1606117632 131072    6.162
06:53:52.083 python3        1784368 nvme1n1 WS   1606117888 131072    6.240
06:53:52.083 python3        1784368 nvme1n1 WS   1606118144 131072    6.318
06:53:52.084 python3        1784368 nvme1n1 WS   1606118400 131072    6.396
06:53:52.084 python3        1784368 nvme1n1 WS   1606118656 131072    6.476
06:53:52.084 python3        1784368 nvme1n1 WS   1606118912 131072    6.557
06:53:52.084 python3        1784368 nvme1n1 WS   1606119168 131072    6.622
06:53:52.084 python3        1784368 nvme1n1 WS   1606127616 131072    6.701
06:53:52.084 python3        1784368 nvme1n1 WS   1606127872 131072    6.776
06:53:52.084 python3        1784369 nvme1n1 WS   1606152192 4096      6.713
06:53:52.084 python3        1784369 nvme1n1 WS   1568395264 131072    6.924
06:53:52.084 python3        1784369 nvme1n1 WS   1568395520 131072    6.998
06:53:52.084 python3        1784369 nvme1n1 WS   1568395776 131072    7.076
06:53:52.084 python3        1784369 nvme1n1 WS   1568396032 131072    7.157
06:53:52.084 python3        1784369 nvme1n1 WS   1568396288 131072    7.236
06:53:52.084 python3        1784369 nvme1n1 WS   1568396544 131072    7.313
06:53:52.085 python3        1784369 nvme1n1 WS   1568396800 131072    7.390
06:53:52.085 python3        1784369 nvme1n1 WS   1568397056 131072    7.450
06:53:52.085 python3        1784369 nvme1n1 WS   1568397312 131072    7.524
06:53:52.085 python3        1784369 nvme1n1 WS   1568397568 131072    7.604
06:53:52.085 python3        1784369 nvme1n1 WS   1568397824 131072    7.680
06:53:52.085 python3        1784369 nvme1n1 WS   1568398080 131072    7.759
06:53:52.085 python3        1784369 nvme1n1 WS   1568398336 131072    7.839
06:53:52.085 python3        1784369 nvme1n1 WS   1568398592 131072    7.916
06:53:52.085 python3        1784369 nvme1n1 WS   1568398848 131072    7.995
06:53:52.085 python3        1784369 nvme1n1 WS   1568399360 131072    8.110
06:53:52.085 python3        1784369 nvme1n1 WS   1568399616 131072    8.185
06:53:52.085 python3        1784369 nvme1n1 WS   1568399872 131072    8.263
06:53:52.086 python3        1784369 nvme1n1 WS   1568400128 131072    8.340
06:53:52.086 python3        1784369 nvme1n1 WS   1568400384 131072    8.416
06:53:52.086 python3        1784369 nvme1n1 WS   1568400640 131072    8.494
06:53:52.086 python3        1784369 nvme1n1 WS   1568400896 131072    8.571
06:53:52.086 python3        1784369 nvme1n1 WS   1568401152 131072    8.638
06:53:52.086 python3        1784369 nvme1n1 WS   1568401408 131072    8.715
06:53:52.086 python3        1784369 nvme1n1 WS   1568401664 131072    8.796
06:53:52.086 python3        1784369 nvme1n1 WS   1568401920 131072    8.876
06:53:52.086 python3        1784369 nvme1n1 WS   1568402176 131072    8.952
06:53:52.086 python3        1784369 nvme1n1 WS   1568402432 131072    9.027
06:53:52.086 python3        1784369 nvme1n1 WS   1568402688 131072    9.107
06:53:52.086 python3        1784369 nvme1n1 WS   1568402944 131072    9.184
06:53:52.087 python3        1784369 nvme1n1 WS   1568403200 131072    9.256
06:53:52.087 python3        1784366 nvme1n1 WS   1606217728 4096      9.226
06:53:52.087 python3        1784366 nvme1n1 WS   1606135808 131072    9.373
06:53:52.087 python3        1784366 nvme1n1 WS   1606136064 131072    9.450
06:53:52.087 python3        1784366 nvme1n1 WS   1606136320 131072    9.530
06:53:52.087 python3        1784366 nvme1n1 WS   1606136576 131072    9.608
06:53:52.087 python3        1784366 nvme1n1 WS   1606136832 131072    9.690
06:53:52.087 python3        1784366 nvme1n1 WS   1606137088 131072    9.772
06:53:52.087 python3        1784366 nvme1n1 WS   1606137344 131072    9.850
06:53:52.087 python3        1784366 nvme1n1 WS   1606137600 131072    9.914
06:53:52.087 python3        1784366 nvme1n1 WS   1606137856 131072    9.992
06:53:52.087 python3        1784366 nvme1n1 WS   1606138112 131072   10.074
06:53:52.087 python3        1784366 nvme1n1 WS   1606138368 131072   10.152
06:53:52.087 python3        1784366 nvme1n1 WS   1606138624 131072   10.229
06:53:52.088 python3        1784366 nvme1n1 WS   1606138880 131072   10.308
06:53:52.088 python3        1784366 nvme1n1 WS   1568390912 131072   10.434
06:53:52.088 python3        1784366 nvme1n1 WS   1606144000 131072   10.515
06:53:52.088 python3        1784366 nvme1n1 WS   1606144256 131072   10.591
06:53:52.088 python3        1784369 nvme1n1 WS   1568399104 131072   10.670
06:53:52.088 python3        1784369 nvme1n1 WS   1606148096 131072   10.745
06:53:52.088 python3        1784369 nvme1n1 WS   1606148352 131072   10.825
06:53:52.088 python3        1784366 nvme1n1 WS   1606139136 131072   10.876
06:53:52.088 python3        1784366 nvme1n1 WS   1606139392 131072   10.951
06:53:52.088 python3        1784366 nvme1n1 WS   1606139648 131072   11.020
06:53:52.128 amoprof        1787544 nvme1n1 W    1632845616 4096      0.039
