TIMESTAMP    COMM           PID     DISK    T    SECTOR     BYTES   LAT(ms)
00:49:18.625 nvme           1491751 Unknown N    -1         512       0.035
00:49:19.627 nvme           1491816 Unknown N    -1         512       0.032
00:49:20.629 nvme           1491831 Unknown N    -1         512       0.030
00:49:20.800 kworker        1473701 nvme1n1 W    1625052256 4096      0.053
00:49:21.632 nvme           1491835 Unknown N    -1         512       0.028
00:49:21.713 jbd2/nv        752     nvme1n1 WSM  877520256  122880    0.146
00:49:21.713 jbd2/nv        752     nvme1n1 WSM  877520496  4096      0.033
00:49:22.337 kworker        1461926 nvme1n1 W    587577224  114688    0.185
00:49:22.337 kworker        1461926 nvme1n1 W    1667138048 131072    0.253
00:49:22.337 kworker        1461926 nvme1n1 W    1667138304 61440     0.290
00:49:22.337 kworker        1461926 nvme1n1 W    587577448  32768     0.310
00:49:22.337 kworker        1461926 nvme1n1 W    1667064824 131072    0.386
00:49:22.337 kworker        1461926 nvme1n1 W    1667065080 90112     0.441
00:49:22.337 kworker        1461926 nvme1n1 W    844700392  77824     0.486
00:49:22.337 kworker        1461926 nvme1n1 W    587577512  28672     0.504
00:49:22.634 nvme           1491839 Unknown N    -1         512       0.026
00:49:23.636 nvme           1491849 Unknown N    -1         512       0.028
00:49:24.638 nvme           1491863 Unknown N    -1         512       0.027
00:49:25.640 nvme           1491872 Unknown N    -1         512       0.029
00:49:26.642 nvme           1491882 Unknown N    -1         512       0.029
00:49:27.456 kworker        1461926 nvme1n1 W    587577568  4096      0.059
00:49:27.456 jbd2/nv        752     nvme1n1 WSM  877520504  61440     0.093
00:49:27.456 jbd2/nv        752     nvme1n1 WSM  877520624  4096      0.033
00:49:27.456 kworker        1461926 nvme1n1 W    587577576  12288     0.037
00:49:27.645 nvme           1491886 Unknown N    -1         512       0.023
00:49:28.632 amoprof        1271097 nvme1n1 W    587614704  4096      0.055
