TIMESTAMP    COMM           PID     DISK    T    SECTOR     BYTES   LAT(ms)
02:26:19.714 nvme           1624767 Unknown N    -1         512       0.035
02:26:20.716 nvme           1624822 Unknown N    -1         512       0.031
02:26:21.718 nvme           1624826 Unknown N    -1         512       0.032
02:26:22.720 nvme           1624830 Unknown N    -1         512       0.029
02:26:22.752 jbd2/nv        752     nvme1n1 WSM  877708184  110592    0.142
02:26:22.752 jbd2/nv        752     nvme1n1 WSM  877708400  4096      0.032
02:26:23.723 nvme           1624834 Unknown N    -1         512       0.079
02:26:23.776 kworker        1613847 nvme1n1 W    1639455344 8192      0.106
02:26:23.776 kworker        1613847 nvme1n1 W    1501028336 4096      0.111
02:26:23.776 kworker        1613847 nvme1n1 WM   0          4096      0.117
02:26:23.776 kworker        1613847 nvme1n1 WM   712        4096      0.118
02:26:23.776 kworker        1613847 nvme1n1 WM   736        4096      0.119
02:26:23.776 kworker        1613847 nvme1n1 WM   461373728  4096      0.119
02:26:23.776 kworker        1613847 nvme1n1 WM   591396872  4096      0.122
02:26:23.776 kworker        1613847 nvme1n1 WM   595591296  4096      0.122
02:26:23.776 kworker        1613847 nvme1n1 WM   595592264  4096      0.122
02:26:23.776 kworker        1613847 nvme1n1 WM   1484783664 4096      0.120
02:26:23.776 kworker        1613847 nvme1n1 WM   1497366536 4096      0.124
02:26:23.776 kworker        1613847 nvme1n1 WM   1497366592 4096      0.125
02:26:23.776 kworker        1613847 nvme1n1 WM   1497699048 4096      0.126
02:26:23.776 kworker        1613847 nvme1n1 W    595853312  45056     0.155
02:26:23.776 kworker        1613847 nvme1n1 WM   595592128  65536     0.191
02:26:23.777 kworker        1613847 nvme1n1 WM   595592288  69632     0.236
02:26:23.777 kworker        1613847 nvme1n1 WM   1497699080 4096      0.083
02:26:23.777 kworker        1613847 nvme1n1 WM   1497699096 4096      0.086
02:26:23.777 kworker        1613847 nvme1n1 WM   1497701856 4096      0.085
02:26:23.777 kworker        1613847 nvme1n1 WM   1497701888 4096      0.085
02:26:23.777 kworker        1613847 nvme1n1 WM   1530921080 4096      0.086
02:26:23.777 kworker        1613847 nvme1n1 WM   1756912112 4096      0.087
02:26:23.777 kworker        1613847 nvme1n1 WM   1757038552 4096      0.089
02:26:23.777 kworker        1613847 nvme1n1 WM   1497699120 24576     0.094
02:26:23.777 kworker        1613847 nvme1n1 W    595853400  53248     0.096
02:26:23.777 kworker        1613847 nvme1n1 W    1499652096 131072    0.179
02:26:23.777 kworker        1613847 nvme1n1 W    1499652352 61440     0.213
02:26:23.777 kworker        1613847 nvme1n1 W    595853504  32768     0.233
02:26:23.777 kworker        1613847 nvme1n1 W    1499523736 131072    0.313
02:26:23.777 kworker        1613847 nvme1n1 W    1499523992 90112     0.367
02:26:23.777 kworker        1613847 nvme1n1 W    1486416432 77824     0.414
02:26:23.777 kworker        1613847 nvme1n1 W    595853568  28672     0.433
02:26:24.725 nvme           1624838 Unknown N    -1         512       0.031
02:26:25.727 nvme           1624842 Unknown N    -1         512       0.029
02:26:26.730 nvme           1624847 Unknown N    -1         512       0.096
02:26:27.732 nvme           1624851 Unknown N    -1         512       0.029
02:26:28.002 jbd2/nv        752     nvme1n1 WSM  877708408  73728     0.117
02:26:28.002 jbd2/nv        752     nvme1n1 WSM  877708552  4096      0.034
02:26:28.734 nvme           1624855 Unknown N    -1         512       0.076
02:26:28.896 kworker        1613847 nvme1n1 W    591795728  16384     0.060
02:26:29.721 amoprof        1271097 nvme1n1 W    591836744  4096      0.052
