TIMESTAMP    COMM           PID     DISK    T    SECTOR     BYTES   LAT(ms)
03:58:30.224 nvme           1710774 Unknown N    -1         512       0.036
03:58:31.226 nvme           1710826 Unknown N    -1         512       0.045
03:58:31.228 jbd2/nv        752     nvme1n1 WSM  877877792  106496    0.138
03:58:31.228 jbd2/nv        752     nvme1n1 WSM  877878000  4096      0.029
03:58:32.229 nvme           1710827 Unknown N    -1         512       0.169
03:58:33.231 nvme           1710828 Unknown N    -1         512       0.073
03:58:33.376 kworker        1661618 nvme1n1 W    596064528  45056     0.087
03:58:34.233 nvme           1710829 Unknown N    -1         512       0.103
03:58:35.236 nvme           1710830 Unknown N    -1         512       0.026
03:58:36.238 nvme           1710831 Unknown N    -1         512       0.077
03:58:37.240 nvme           1710832 Unknown N    -1         512       0.027
03:58:37.468 jbd2/nv        752     nvme1n1 WSM  877878008  32768     0.079
03:58:37.468 jbd2/nv        752     nvme1n1 WSM  877878072  4096      0.033
03:58:38.242 nvme           1710833 Unknown N    -1         512       0.075
03:58:38.496 kworker        1703538 nvme1n1 W    596043472  53248     0.123
03:58:38.497 kworker        1703538 nvme1n1 W    1535073576 131072    0.196
03:58:38.497 kworker        1703538 nvme1n1 W    1535073832 61440     0.237
03:58:38.497 kworker        1703538 nvme1n1 W    596043576  32768     0.251
03:58:38.497 kworker        1703538 nvme1n1 W    1553736192 131072    0.335
03:58:38.497 kworker        1703538 nvme1n1 W    1553736448 90112     0.390
03:58:38.497 kworker        1703538 nvme1n1 W    1533261624 77824     0.442
03:58:38.497 kworker        1703538 nvme1n1 W    596043640  45056     0.464
03:58:39.245 nvme           1710834 Unknown N    -1         512       0.077
03:58:40.231 amoprof        1271097 nvme1n1 W    595950576  4096      0.053
