TIMESTAMP    COMM           PID     DISK    T    SECTOR     BYTES   LAT(ms)
13:27:02.818 nvme           2490367 Unknown N    -1         512       0.033
13:27:03.831 nvme           2490423 Unknown N    -1         512       0.031
13:27:04.843 nvme           2490428 Unknown N    -1         512       0.029
13:27:05.854 nvme           2490433 Unknown N    -1         512       0.032
13:27:05.889 kworker        2481907 nvme1n1 W    629706984  118784    0.186
13:27:05.889 kworker        2481907 nvme1n1 W    629707216  131072    0.252
13:27:05.889 kworker        2481907 nvme1n1 W    629707472  114688    0.320
13:27:05.889 kworker        2481907 nvme1n1 W    629707696  106496    0.385
13:27:05.889 kworker        2481907 nvme1n1 W    629707904  126976    0.462
13:27:05.889 kworker        2481907 nvme1n1 W    629708152  102400    0.520
13:27:05.889 kworker        2481907 nvme1n1 W    629708352  57344     0.554
13:27:05.889 kworker        2481907 nvme1n1 W    845803296  106496    0.621
13:27:05.889 kworker        2481907 nvme1n1 W    629708464  45056     0.290
13:27:05.889 kworker        2481907 nvme1n1 W    845879064  118784    0.340
13:27:05.889 kworker        2481907 nvme1n1 W    629708552  90112     0.394
13:27:05.889 kworker        2481907 nvme1n1 W    629708728  94208     0.210
13:27:05.889 kworker        2481907 nvme1n1 W    629708912  110592    0.276
13:27:05.889 kworker        2481907 nvme1n1 W    629709128  98304     0.333
13:27:05.889 kworker        2481907 nvme1n1 W    629709320  65536     0.372
13:27:06.871 nvme           2490438 Unknown N    -1         512       0.038
13:27:06.932 jbd2/nv        752     nvme1n1 WSM  878346048  126976    0.153
13:27:06.932 jbd2/nv        752     nvme1n1 WSM  878346296  4096      0.036
13:27:07.884 nvme           2490443 Unknown N    -1         512       0.033
13:27:08.896 nvme           2490448 Unknown N    -1         512       0.031
13:27:09.912 nvme           2490453 Unknown N    -1         512       0.036
13:27:10.924 jbd2/nv        391     nvme0n1 WSM  4249840    57344     1.529
13:27:10.925 jbd2/nv        391     nvme0n1 WSM  4249952    4096      0.957
13:27:10.925 nvme           2490458 Unknown N    -1         512       0.031
13:27:11.009 kworker        2481907 nvme1n1 W    1123243600 53248     0.130
13:27:11.009 kworker        2481907 nvme1n1 W    1565517000 131072    0.199
13:27:11.009 kworker        2481907 nvme1n1 W    1565517256 61440     0.236
13:27:11.009 kworker        2481907 nvme1n1 W    1123243704 32768     0.253
13:27:11.009 kworker        2481907 nvme1n1 W    1579689984 131072    0.331
13:27:11.009 kworker        2481907 nvme1n1 W    1579690240 90112     0.383
13:27:11.009 kworker        2481907 nvme1n1 W    629616112  77824     0.431
13:27:11.009 kworker        2481907 nvme1n1 W    1123243768 45056     0.456
13:27:11.522 kworker        2481907 nvme0n1 WM   6309888    4096      1.132
13:27:11.522 kworker        2481907 nvme0n1 WM   6310504    4096      1.141
13:27:11.522 kworker        2481907 nvme0n1 WM   6310376    4096      1.145
13:27:11.522 kworker        2481907 nvme0n1 WM   12330120   4096      1.144
13:27:11.522 kworker        2481907 nvme0n1 WM   10488672   4096      1.147
13:27:11.522 kworker        2481907 nvme0n1 WM   15197944   4096      1.149
13:27:11.522 kworker        2481907 nvme0n1 WM   35653672   4096      1.151
13:27:11.522 kworker        2481907 nvme0n1 WM   2099224    4096      1.183
13:27:11.522 kworker        2481907 nvme0n1 WM   9089776    4096      1.181
13:27:11.522 kworker        2481907 nvme0n1 WM   9093656    4096      1.183
13:27:11.522 kworker        2481907 nvme0n1 WM   35653696   4096      1.181
13:27:11.942 nvme           2490463 Unknown N    -1         512       0.037
13:27:12.034 kworker        2481899 nvme0n1 W    36982256   4096      1.082
13:27:12.822 jbd2/nv        752     nvme1n1 WSM  878346304  65536     0.109
13:27:12.822 jbd2/nv        752     nvme1n1 WSM  878346432  4096      0.033
13:27:12.860 amoprof        2486434 nvme1n1 W    629529136  4096      0.044
