TIMESTAMP    COMM           PID     DISK    T    SECTOR     BYTES   LAT(ms)
02:13:45.729 nvme           1610644 Unknown N    -1         512       0.090
02:13:46.016 kworker        1600330 nvme1n1 WM   776        8192      0.105
02:13:46.016 kworker        1600330 nvme1n1 WM   461373728  4096      0.115
02:13:46.016 kworker        1600330 nvme1n1 WM   591412696  8192      0.116
02:13:46.016 kworker        1600330 nvme1n1 WM   1485058520 4096      0.113
02:13:46.016 kworker        1600330 nvme1n1 WM   1493844928 4096      0.116
02:13:46.016 kworker        1600330 nvme1n1 WM   1497695992 4096      0.117
02:13:46.016 kworker        1600330 nvme1n1 WM   1623195704 4096      0.118
02:13:46.016 kworker        1600330 nvme1n1 WM   1635778672 4096      0.119
02:13:46.016 kworker        1600330 nvme1n1 WM   1756879584 4096      0.119
02:13:46.016 kworker        1600330 nvme1n1 WM   1756887776 4096      0.120
02:13:46.016 kworker        1600330 nvme1n1 WM   591412720  45056     0.149
02:13:46.016 kworker        1600330 nvme1n1 WM   591412840  36864     0.171
02:13:46.016 kworker        1600330 nvme1n1 WM   1497695920 24576     0.184
02:13:46.016 kworker        1600330 nvme1n1 W    591718840  40960     0.205
02:13:46.016 jbd2/nv        752     nvme1n1 WSM  877684888  4096      0.141
02:13:46.016 jbd2/nv        752     nvme1n1 WSM  877684632  131072    0.225
02:13:46.017 jbd2/nv        752     nvme1n1 WSM  877684896  4096      0.040
02:13:46.732 nvme           1610699 Unknown N    -1         512       0.030
02:13:47.734 nvme           1610709 Unknown N    -1         512       0.083
02:13:48.064 kworker        1600330 nvme1n1 W    1719353248 4096      0.054
02:13:48.737 nvme           1610713 Unknown N    -1         512       0.078
02:13:49.739 nvme           1610717 Unknown N    -1         512       0.075
02:13:50.741 nvme           1610727 Unknown N    -1         512       0.085
02:13:51.136 kworker        1600330 nvme1n1 W    591718920  12288     0.064
02:13:51.136 jbd2/nv        752     nvme1n1 WSM  877684904  24576     0.059
02:13:51.136 jbd2/nv        752     nvme1n1 WSM  877684952  4096      0.031
02:13:51.137 kworker        1600330 nvme1n1 W    1639455192 8192      0.070
02:13:51.137 kworker        1600330 nvme1n1 W    591718944  12288     0.082
02:13:51.137 kworker        1600330 nvme1n1 W    591718968  57344     0.113
02:13:51.137 kworker        1600330 nvme1n1 W    1499384752 131072    0.193
02:13:51.137 kworker        1600330 nvme1n1 W    1499385008 61440     0.230
02:13:51.137 kworker        1600330 nvme1n1 W    591719080  32768     0.249
02:13:51.137 kworker        1600330 nvme1n1 W    1499385128 131072    0.326
02:13:51.137 kworker        1600330 nvme1n1 W    1499385384 90112     0.378
02:13:51.137 kworker        1600330 nvme1n1 W    1486375872 77824     0.281
02:13:51.137 kworker        1600330 nvme1n1 W    591719144  45056     0.308
02:13:51.744 nvme           1610731 Unknown N    -1         512       0.031
02:13:52.747 nvme           1610741 Unknown N    -1         512       0.080
02:13:53.750 nvme           1610745 Unknown N    -1         512       0.091
02:13:54.752 nvme           1610749 Unknown N    -1         512       0.028
02:13:55.737 amoprof        1271097 nvme1n1 W    591819024  4096      0.056
