TIMESTAMP    COMM           PID     DISK    T    SECTOR     BYTES   LAT(ms)
13:37:25.758 nvme           2499779 Unknown N    -1         512       0.037
13:37:26.780 nvme           2499835 Unknown N    -1         512       0.030
13:37:27.793 nvme           2499840 Unknown N    -1         512       0.030
13:37:28.809 nvme           2499845 Unknown N    -1         512       0.031
13:37:28.853 jbd2/nv        752     nvme1n1 WSM  878394312  110592    0.143
13:37:28.854 jbd2/nv        752     nvme1n1 WSM  878394528  4096      0.038
13:37:29.505 kworker        2492039 nvme1n1 W    629590872  114688    0.191
13:37:29.505 kworker        2492039 nvme1n1 W    1580438016 131072    0.253
13:37:29.505 kworker        2492039 nvme1n1 W    1580438272 61440     0.288
13:37:29.505 kworker        2492039 nvme1n1 W    629591096  32768     0.305
13:37:29.505 kworker        2492039 nvme1n1 W    847545472  131072    0.385
13:37:29.505 kworker        2492039 nvme1n1 W    847545728  90112     0.443
13:37:29.505 kworker        2492039 nvme1n1 W    846986576  77824     0.486
13:37:29.505 kworker        2492039 nvme1n1 W    629591160  28672     0.503
13:37:29.827 nvme           2499850 Unknown N    -1         512       0.035
13:37:30.840 nvme           2499855 Unknown N    -1         512       0.035
13:37:31.851 nvme           2499860 Unknown N    -1         512       0.041
13:37:32.861 nvme           2499865 Unknown N    -1         512       0.028
13:37:33.877 nvme           2499870 Unknown N    -1         512       0.034
13:37:34.624 kworker        2492039 nvme1n1 W    629591216  16384     0.078
13:37:34.624 jbd2/nv        752     nvme1n1 WSM  878394536  65536     0.089
13:37:34.624 jbd2/nv        752     nvme1n1 WSM  878394664  4096      0.032
13:37:34.894 nvme           2499875 Unknown N    -1         512       0.035
13:37:35.789 amoprof        2492321 nvme1n1 W    629740696  4096      0.062
