TIMESTAMP    COMM           PID     DISK    T    SECTOR     BYTES   LAT(ms)
01:04:36.299 nvme           1513269 Unknown N    -1         512       0.041
01:04:37.302 nvme           1513330 Unknown N    -1         512       0.030
01:04:38.304 nvme           1513334 Unknown N    -1         512       0.031
01:04:38.816 jbd2/nv        752     nvme1n1 WSM  877551936  122880    0.161
01:04:38.816 kworker        1500724 nvme1n1 W    1532246672 8192      0.149
01:04:38.816 kworker        1500724 nvme1n1 W    1573898368 40960     0.162
01:04:38.816 jbd2/nv        752     nvme1n1 WSM  877552176  4096      0.031
01:04:39.306 nvme           1513348 Unknown N    -1         512       0.031
01:04:40.309 nvme           1513363 Unknown N    -1         512       0.080
01:04:40.436 jbd2/nv        391     nvme0n1 WSM  4302096    40960     1.156
01:04:40.437 jbd2/nv        391     nvme0n1 WSM  4302176    4096      0.775
01:04:41.150 pool-ud        1127    Unknown N    -1         4096      0.079
01:04:41.150 pool-ud        1127    Unknown N    -1         512       0.017
01:04:41.151 pool-ud        1127    Unknown N    -1         4096      0.111
01:04:41.151 pool-ud        1127    Unknown N    -1         512       0.013
01:04:41.311 nvme           1513368 Unknown N    -1         512       0.076
01:04:41.377 kworker        1500724 nvme0n1 W    37332552   4096      0.838
01:04:41.377 kworker        1491569 nvme0n1 WM   2099200    4096      0.986
01:04:41.377 kworker        1491569 nvme0n1 WM   2099224    4096      1.007
01:04:41.377 kworker        1491569 nvme0n1 WM   6310376    4096      1.009
01:04:41.377 kworker        1491569 nvme0n1 WM   6309888    4096      1.017
01:04:41.377 kworker        1491569 nvme0n1 WM   2103000    4096      1.022
01:04:41.377 kworker        1491569 nvme0n1 WM   6310504    4096      1.021
01:04:41.377 kworker        1491569 nvme0n1 WM   9089776    4096      1.023
01:04:41.378 kworker        1491569 nvme0n1 WM   35653696   4096      0.517
01:04:41.378 kworker        1491569 nvme0n1 WM   10488672   4096      0.840
01:04:41.378 kworker        1500724 nvme0n1 W    37217432   4096      0.851
01:04:41.378 kworker        1259302 nvme0n1 W    8134136    131072    2.056
01:04:41.379 kworker        1259302 nvme0n1 W    36029952   131072    1.354
01:04:41.379 kworker        1259302 nvme0n1 W    36167072   16384     0.725
01:04:41.379 kworker        1259302 nvme0n1 W    8135672    131072    1.636
01:04:41.379 kworker        1259302 nvme0n1 W    8143096    131072    1.870
01:04:41.379 kworker        1259302 nvme0n1 W    36167520   16384     1.097
01:04:41.380 kworker        1259302 nvme0n1 W    36167968   4096      1.030
01:04:41.380 kworker        1259302 nvme0n1 W    36166400   131072    1.794
01:04:41.380 kworker        1259302 nvme0n1 W    36168384   32768     1.153
01:04:41.380 kworker        1259302 nvme0n1 W    36023808   262144    2.792
01:04:41.380 kworker        1259302 nvme0n1 W    36177280   65536     1.218
01:04:41.380 kworker        1259302 nvme0n1 W    36174336   65536     1.343
01:04:41.380 kworker        1259302 nvme0n1 W    36315792   40960     1.041
01:04:41.380 kworker        1259302 nvme0n1 W    36322384   4096      0.603
01:04:41.381 kworker        1259302 nvme0n1 W    36323072   16384     0.653
01:04:41.381 kworker        1259302 nvme0n1 W    7337984    4096      0.739
01:04:41.381 kworker        1259302 nvme0n1 W    36316928   131072    1.846
01:04:41.381 kworker        1259302 nvme0n1 W    36324096   65536     1.458
01:04:41.382 kworker        1259302 nvme0n1 W    36321792   131072    2.038
01:04:42.313 nvme           1513373 Unknown N    -1         512       0.072
01:04:43.315 nvme           1513383 Unknown N    -1         512       0.029
01:04:43.424 kworker        1259302 nvme1n1 W    1719340952 4096      0.057
01:04:43.424 kworker        1259302 nvme1n1 W    1719353232 4096      0.062
01:04:43.936 kworker        1259302 nvme1n1 W    587778704  4096      0.051
01:04:43.936 jbd2/nv        752     nvme1n1 WSM  877552184  49152     0.087
01:04:43.936 jbd2/nv        752     nvme1n1 WSM  877552280  4096      0.029
01:04:43.937 kworker        1259302 nvme1n1 W    587778712  49152     0.100
01:04:43.937 kworker        1259302 nvme1n1 W    1176569560 131072    0.181
01:04:43.937 kworker        1259302 nvme1n1 W    1176569816 61440     0.217
01:04:43.937 kworker        1259302 nvme1n1 W    587778808  32768     0.239
01:04:43.937 kworker        1259302 nvme1n1 W    1176569936 131072    0.317
01:04:43.937 kworker        1259302 nvme1n1 W    1176570192 90112     0.371
01:04:43.937 kworker        1259302 nvme1n1 W    1667108616 77824     0.421
01:04:43.937 kworker        1259302 nvme1n1 W    587778872  45056     0.447
01:04:44.318 nvme           1513397 Unknown N    -1         512       0.085
01:04:45.320 nvme           1513406 Unknown N    -1         512       0.029
01:04:46.307 amoprof        1271097 nvme1n1 W    587796640  4096      0.059
