TIMESTAMP    COMM           PID     DISK    T    SECTOR     BYTES   LAT(ms)
05:25:55.584 python3        1784368 nvme1n1 WS   1639542784 131072    0.185
05:25:55.584 python3        1784368 nvme1n1 WS   1639543040 131072    0.243
05:25:55.584 python3        1784368 nvme1n1 WS   1639543296 131072    0.366
05:25:55.584 python3        1784368 nvme1n1 WS   1639543552 131072    0.419
05:25:55.585 python3        1784368 nvme1n1 WS   1639543808 131072    0.483
05:25:55.585 python3        1784368 nvme1n1 WS   1639544064 131072    0.567
05:25:55.585 python3        1784368 nvme1n1 WS   1639544320 131072    0.638
05:25:55.585 python3        1784368 nvme1n1 WS   1639544576 131072    0.741
05:25:55.585 python3        1784368 nvme1n1 WS   1639544832 131072    0.805
05:25:55.585 python3        1784368 nvme1n1 WS   1639545088 131072    0.862
05:25:55.585 python3        1784368 nvme1n1 WS   1639545344 131072    0.944
05:25:55.585 python3        1784368 nvme1n1 WS   1639545600 131072    1.031
05:25:55.585 python3        1784368 nvme1n1 WS   1639545856 131072    1.103
05:25:55.585 python3        1784368 nvme1n1 WS   1639546112 131072    1.183
05:25:55.585 python3        1784368 nvme1n1 WS   1639546368 131072    1.270
05:25:55.585 python3        1784368 nvme1n1 WS   1639546624 131072    1.340
05:25:55.586 python3        1784368 nvme1n1 WS   1639546880 131072    1.415
05:25:55.586 python3        1784368 nvme1n1 WS   1639547136 131072    1.496
05:25:55.586 python3        1784366 nvme1n1 WS   1639550976 131072    1.481
05:25:55.586 python3        1784366 nvme1n1 WS   1639551232 131072    1.553
05:25:55.586 python3        1784366 nvme1n1 WS   1639551488 131072    1.634
05:25:55.586 python3        1784366 nvme1n1 WS   1639551744 131072    1.713
05:25:55.586 python3        1784366 nvme1n1 WS   1639552000 131072    1.797
05:25:55.586 python3        1784366 nvme1n1 WS   1639552256 131072    1.875
05:25:55.586 python3        1784366 nvme1n1 WS   1639552512 131072    1.957
05:25:55.586 python3        1784366 nvme1n1 WS   1639552768 131072    2.020
05:25:55.586 python3        1784366 nvme1n1 WS   1639553024 131072    2.096
05:25:55.586 python3        1784366 nvme1n1 WS   1639553280 131072    2.169
05:25:55.587 python3        1784366 nvme1n1 WS   1639553536 131072    2.243
05:25:55.587 python3        1784366 nvme1n1 WS   1639553792 131072    2.321
05:25:55.587 python3        1784366 nvme1n1 WS   1639554048 131072    2.399
05:25:55.587 python3        1784366 nvme1n1 WS   1639554304 131072    2.471
05:25:55.587 python3        1784366 nvme1n1 WS   1639554560 131072    2.547
05:25:55.587 python3        1784369 nvme1n1 WS   1687425024 131072    2.633
05:25:55.587 python3        1784369 nvme1n1 WS   1687425280 131072    2.700
05:25:55.587 python3        1784369 nvme1n1 WS   1687425536 131072    2.774
05:25:55.587 python3        1784369 nvme1n1 WS   1687425792 131072    2.850
05:25:55.587 python3        1784369 nvme1n1 WS   1687426048 131072    2.924
05:25:55.587 python3        1784366 nvme1n1 WS   1639554816 131072    3.003
05:25:55.587 python3        1784366 nvme1n1 WS   1639559168 131072    3.084
05:25:55.587 python3        1784366 nvme1n1 WS   1639559424 131072    3.154
05:25:55.588 python3        1784369 nvme1n1 WS   1687426304 131072    3.235
05:25:55.588 python3        1784369 nvme1n1 WS   1687426560 131072    3.308
05:25:55.588 python3        1784369 nvme1n1 WS   1687426816 131072    3.366
05:25:55.588 python3        1784369 nvme1n1 WS   1687429120 131072    3.473
05:25:55.588 python3        1784369 nvme1n1 WS   1687429376 131072    3.540
05:25:55.588 python3        1784369 nvme1n1 WS   1687429632 131072    3.616
05:25:55.588 python3        1784369 nvme1n1 WS   1687429888 131072    3.692
05:25:55.588 python3        1784369 nvme1n1 WS   1687430144 131072    3.767
05:25:55.588 python3        1784369 nvme1n1 WS   1687430400 131072    3.841
05:25:55.588 python3        1784369 nvme1n1 WS   1687430656 131072    3.917
05:25:55.588 python3        1784368 nvme1n1 WS   1639555072 131072    3.999
05:25:55.588 python3        1784368 nvme1n1 WS   1639555328 131072    4.070
05:25:55.588 python3        1784369 nvme1n1 WS   1687427072 131072    4.145
05:25:55.589 python3        1784369 nvme1n1 WS   1687427328 131072    4.220
05:25:55.589 python3        1784369 nvme1n1 WS   1687427584 131072    4.296
05:25:55.589 python3        1784369 nvme1n1 WS   1687427840 131072    4.372
05:25:55.589 python3        1784369 nvme1n1 WS   1687428096 131072    4.449
05:25:55.589 python3        1784369 nvme1n1 WS   1687428352 131072    4.528
05:25:55.589 python3        1784369 nvme1n1 WS   1687428608 131072    4.608
05:25:55.589 python3        1784369 nvme1n1 WS   1687428864 131072    4.669
05:25:55.589 python3        1784369 nvme1n1 WS   1687461888 131072    4.745
05:25:55.589 python3        1784369 nvme1n1 WS   1687462144 131072    4.824
05:25:55.589 python3        1784368 nvme1n1 WS   1639555584 131072    4.939
05:25:55.589 python3        1784368 nvme1n1 WS   1639555840 131072    5.016
05:25:55.589 python3        1784368 nvme1n1 WS   1639556096 131072    5.091
05:25:55.589 python3        1784368 nvme1n1 WS   1639556352 131072    5.166
05:25:55.590 python3        1784368 nvme1n1 WS   1639556608 131072    5.243
05:25:55.590 python3        1784368 nvme1n1 WS   1639556864 131072    5.307
05:25:55.590 python3        1784368 nvme1n1 WS   1639557120 131072    5.383
05:25:55.590 python3        1784368 nvme1n1 WS   1639557376 131072    5.457
05:25:55.590 python3        1784368 nvme1n1 WS   1639557632 131072    5.533
05:25:55.590 python3        1784368 nvme1n1 WS   1639557888 131072    5.616
05:25:55.590 python3        1784368 nvme1n1 WS   1639558144 49152     5.644
05:25:55.590 python3        1784369 nvme1n1 WS   1687430912 131072    5.741
05:25:55.590 python3        1784369 nvme1n1 WS   1687431168 131072    5.816
05:25:55.590 python3        1784369 nvme1n1 WS   1687431424 131072    5.892
05:25:55.590 python3        1784369 nvme1n1 WS   1687431680 131072    5.968
05:25:55.590 python3        1784369 nvme1n1 WS   1687431936 131072    6.045
05:25:55.590 python3        1784369 nvme1n1 WS   1687432192 131072    6.122
05:25:55.591 python3        1784369 nvme1n1 WS   1687432448 131072    6.200
05:25:55.591 python3        1784369 nvme1n1 WS   1687432704 131072    6.277
05:25:55.591 python3        1784368 nvme1n1 WS   1687433216 131072    6.371
05:25:55.591 python3        1784368 nvme1n1 WS   1687433472 131072    6.443
05:25:55.591 python3        1784368 nvme1n1 WS   1687433728 131072    6.521
05:25:55.591 python3        1784368 nvme1n1 WS   1687433984 131072    6.605
05:25:55.591 python3        1784368 nvme1n1 WS   1687434240 131072    6.679
05:25:55.591 python3        1784368 nvme1n1 WS   1687434496 131072    6.794
05:25:55.591 python3        1784368 nvme1n1 WS   1687434752 131072    6.871
05:25:55.591 python3        1784368 nvme1n1 WS   1687435008 131072    6.932
05:25:55.591 python3        1784368 nvme1n1 WS   1687435264 131072    7.011
05:25:55.591 python3        1784368 nvme1n1 WS   1687435520 131072    7.090
05:25:55.592 python3        1784368 nvme1n1 WS   1687435776 131072    7.166
05:25:55.592 python3        1784368 nvme1n1 WS   1687436032 131072    7.244
05:25:55.592 python3        1784368 nvme1n1 WS   1687436288 131072    7.323
05:25:55.592 python3        1784368 nvme1n1 WS   1687436544 131072    7.400
05:25:55.592 python3        1784368 nvme1n1 WS   1687436800 131072    7.482
05:25:55.592 python3        1784368 nvme1n1 WS   1687437056 131072    7.547
05:25:55.592 python3        1784366 nvme1n1 WS   1639628800 131072    7.688
05:25:55.592 python3        1784366 nvme1n1 WS   1639629056 131072    7.758
05:25:55.592 python3        1784366 nvme1n1 WS   1639629312 131072    7.831
05:25:55.592 python3        1784366 nvme1n1 WS   1639629568 131072    7.910
05:25:55.592 python3        1784366 nvme1n1 WS   1639629824 131072    7.986
05:25:55.592 python3        1784366 nvme1n1 WS   1639630080 131072    8.069
05:25:55.593 python3        1784366 nvme1n1 WS   1639630336 131072    8.139
05:25:55.593 python3        1784369 nvme1n1 WS   1687432960 131072    8.294
05:25:55.593 python3        1784369 nvme1n1 WS   1687465984 131072    8.310
05:25:55.593 python3        1784369 nvme1n1 WS   1687466240 131072    8.389
05:25:55.593 python3        1784368 nvme1n1 WS   1687437312 131072    8.433
05:25:55.593 python3        1784368 nvme1n1 WS   1687437568 131072    8.512
05:25:55.593 python3        1784366 nvme1n1 WS   1639632896 131072    8.600
05:25:55.593 python3        1784366 nvme1n1 WS   1639633152 131072    8.668
05:25:55.593 python3        1784366 nvme1n1 WS   1639633408 131072    8.742
05:25:55.593 python3        1784366 nvme1n1 WS   1639633664 131072    8.827
05:25:55.593 python3        1784366 nvme1n1 WS   1639633920 131072    8.904
05:25:55.593 python3        1784366 nvme1n1 WS   1639634176 131072    8.986
05:25:55.593 python3        1784366 nvme1n1 WS   1639634432 131072    9.063
05:25:55.594 python3        1784366 nvme1n1 WS   1639634688 131072    9.131
05:25:55.594 python3        1784366 nvme1n1 WS   1639634944 131072    9.212
05:25:55.594 python3        1784366 nvme1n1 WS   1639635200 131072    9.288
05:25:55.594 python3        1784366 nvme1n1 WS   1639635456 131072    9.366
05:25:55.594 python3        1784366 nvme1n1 WS   1639635712 131072    9.448
05:25:55.594 python3        1784366 nvme1n1 WS   1639635968 49152     9.476
05:25:55.594 python3        1784367 nvme1n1 WS   1687617536 131072    9.670
05:25:55.594 python3        1784367 nvme1n1 WS   1687617792 131072    9.691
05:25:55.594 python3        1784367 nvme1n1 WS   1687618048 131072    9.747
05:25:55.594 python3        1784367 nvme1n1 WS   1687618304 131072    9.823
05:25:55.594 python3        1784367 nvme1n1 WS   1687618560 131072    9.900
05:25:55.594 python3        1784367 nvme1n1 WS   1687618816 131072    9.982
05:25:55.594 python3        1784367 nvme1n1 WS   1687619072 131072   10.061
05:25:55.595 python3        1784367 nvme1n1 WS   1687619328 131072   10.124
05:25:55.595 python3        1784367 nvme1n1 WS   1687619584 131072   10.201
05:25:55.595 python3        1784367 nvme1n1 WS   1687619840 131072   10.280
05:25:55.595 python3        1784367 nvme1n1 WS   1687620096 131072   10.356
05:25:55.595 python3        1784367 nvme1n1 WS   1687620352 131072   10.434
05:25:55.595 python3        1784367 nvme1n1 WS   1687620608 131072   10.512
05:25:55.595 python3        1784367 nvme1n1 WS   1687620864 131072   10.591
05:25:55.595 python3        1784367 nvme1n1 WS   1687621120 131072   10.670
05:25:55.595 python3        1784366 nvme1n1 WS   1639630592 131072   10.802
05:25:55.595 python3        1784366 nvme1n1 WS   1639630848 131072   10.892
05:25:55.595 python3        1784366 nvme1n1 WS   1639631104 131072   10.956
05:25:55.595 python3        1784366 nvme1n1 WS   1639631360 131072   11.032
05:25:55.596 python3        1784366 nvme1n1 WS   1639631616 131072   11.111
05:25:55.596 python3        1784366 nvme1n1 WS   1639631872 131072   11.186
05:25:55.596 python3        1784366 nvme1n1 WS   1639632128 131072   11.262
05:25:55.596 python3        1784366 nvme1n1 WS   1639632384 131072   11.339
05:25:55.596 python3        1784366 nvme1n1 WS   1639632640 131072   11.398
05:25:55.596 python3        1784366 nvme1n1 WS   1639673856 131072   11.475
05:25:55.596 python3        1784369 nvme1n1 WS   1639669760 131072   11.583
05:25:55.596 python3        1784369 nvme1n1 WS   1639670016 131072   11.680
05:25:55.596 python3        1784369 nvme1n1 WS   1639670272 131072   11.754
05:25:55.596 python3        1784369 nvme1n1 WS   1639670528 131072   11.832
05:25:55.596 python3        1784369 nvme1n1 WS   1639670784 131072   11.909
05:25:55.596 python3        1784369 nvme1n1 WS   1639671040 131072   11.988
05:25:55.597 python3        1784369 nvme1n1 WS   1639671296 131072   12.064
05:25:55.597 python3        1784367 nvme1n1 WS   1622671360 131072   12.173
05:25:55.597 python3        1784367 nvme1n1 WS   1622671616 131072   12.241
05:25:55.597 python3        1784367 nvme1n1 WS   1622671872 131072   12.319
05:25:55.597 python3        1784367 nvme1n1 WS   1622672128 131072   12.397
05:25:55.597 python3        1784367 nvme1n1 WS   1622672384 131072   12.476
05:25:55.597 python3        1784367 nvme1n1 WS   1622672640 131072   12.549
05:25:55.597 python3        1784367 nvme1n1 WS   1622672896 131072   12.625
05:25:55.597 python3        1784366 nvme1n1 WS   1639674112 131072   12.704
05:25:55.597 python3        1784369 nvme1n1 WS   1639671552 131072   12.784
05:25:55.597 python3        1784369 nvme1n1 WS   1639671808 131072   12.867
05:25:55.597 python3        1784369 nvme1n1 WS   1639672064 131072   12.945
05:25:55.598 python3        1784369 nvme1n1 WS   1639672320 131072   13.024
05:25:55.598 python3        1784369 nvme1n1 WS   1639672576 131072   13.104
05:25:55.598 python3        1784369 nvme1n1 WS   1639672832 49152    13.133
05:25:55.598 python3        1784367 nvme1n1 WS   1687621376 131072   13.226
05:25:55.598 python3        1784367 nvme1n1 WS   1687621632 131072   13.301
05:25:55.598 python3        1784367 nvme1n1 WS   1687621888 131072   13.382
05:25:55.598 python3        1784367 nvme1n1 WS   1687441408 131072   13.557
05:25:55.598 python3        1784367 nvme1n1 WS   1687441664 131072   13.559
05:25:55.598 python3        1784367 nvme1n1 WS   1687441920 131072   13.622
05:25:55.598 python3        1784367 nvme1n1 WS   1687442176 131072   13.698
05:25:55.598 python3        1784367 nvme1n1 WS   1687442432 131072   13.775
05:25:55.598 python3        1784367 nvme1n1 WS   1687442688 131072   13.857
05:25:55.598 python3        1784367 nvme1n1 WS   1687442944 131072   13.940
05:25:55.599 python3        1784367 nvme1n1 WS   1687443200 131072   14.009
05:25:55.599 python3        1784367 nvme1n1 WS   1687443456 131072   14.086
05:25:55.599 python3        1784367 nvme1n1 WS   1687443712 131072   14.166
05:25:55.599 python3        1784367 nvme1n1 WS   1687443968 131072   14.241
05:25:55.599 python3        1784367 nvme1n1 WS   1687444224 131072   14.323
05:25:55.599 python3        1784367 nvme1n1 WS   1687444480 49152    14.353
05:25:55.599 python3        1784367 nvme1n1 WS   1622673152 131072   14.427
05:25:55.599 python3        1784367 nvme1n1 WS   1622673408 131072   14.506
05:25:55.599 python3        1784367 nvme1n1 WS   1622673664 131072   14.581
05:25:55.599 python3        1784367 nvme1n1 WS   1622673920 131072   14.657
05:25:55.599 python3        1784367 nvme1n1 WS   1622674176 131072   14.733
05:25:55.599 python3        1784367 nvme1n1 WS   1622674432 131072   14.810
05:25:55.599 python3        1784367 nvme1n1 WS   1622674688 131072   14.883
05:25:55.600 python3        1784367 nvme1n1 WS   1622674944 131072   14.963
05:25:55.600 python3        1784367 nvme1n1 WS   1622675200 131072   15.020
05:25:55.600 python3        1784367 nvme1n1 WS   1622675456 131072   15.096
05:25:55.600 python3        1784367 nvme1n1 WS   1622675712 131072   15.177
05:25:55.801 nvme           1803074 Unknown N    -1         512       0.037
05:25:56.629 ib_log_        125941  nvme1n1 WS   1739630840 4096      0.054
05:25:56.804 nvme           1803129 Unknown N    -1         512       0.032
05:25:57.189 ib_pg_f        125941  nvme1n1 WS   1740075008 131072    0.181
05:25:57.189 ib_pg_f        125941  nvme1n1 WS   1740075264 131072    0.247
05:25:57.189 ib_pg_f        125941  nvme1n1 WS   1740075520 131072    0.322
05:25:57.189 ib_pg_f        125941  nvme1n1 WS   1740075776 131072    0.398
05:25:57.189 ib_pg_f        125941  nvme1n1 WS   1740076032 32768     0.418
05:25:57.189 ib_pg_f        125941  nvme1n1 WS   1756472992 16384     0.052
05:25:57.189 ib_pg_f        125941  nvme1n1 WS   1756417696 16384     0.059
05:25:57.189 ib_pg_f        125941  nvme1n1 WS   1756476704 16384     0.065
05:25:57.189 ib_pg_f        125941  nvme1n1 WS   1756417728 16384     0.078
05:25:57.189 ib_pg_f        125941  nvme1n1 WS   1756477472 16384     0.076
05:25:57.189 ib_pg_f        125941  nvme1n1 WS   1756417824 16384     0.081
05:25:57.189 ib_pg_f        125941  nvme1n1 WS   1756477248 16384     0.100
05:25:57.189 ib_pg_f        125941  nvme1n1 WS   1756417888 16384     0.110
05:25:57.189 ib_pg_f        125941  nvme1n1 WS   1756477376 16384     0.106
05:25:57.189 ib_pg_f        125941  nvme1n1 WS   1756417920 16384     0.119
05:25:57.190 ib_pg_f        125941  nvme1n1 WS   1756477408 16384     0.125
05:25:57.190 ib_pg_f        125941  nvme1n1 WS   1756417952 16384     0.121
05:25:57.190 ib_pg_f        125941  nvme1n1 WS   1756476736 16384     0.125
05:25:57.190 ib_pg_f        125941  nvme1n1 WS   1756417984 16384     0.120
05:25:57.190 ib_pg_f        125941  nvme1n1 WS   1756473280 16384     0.134
05:25:57.190 ib_pg_f        125941  nvme1n1 WS   1756418176 16384     0.127
05:25:57.190 ib_pg_f        125941  nvme1n1 WS   1756473312 16384     0.128
05:25:57.190 ib_pg_f        125941  nvme1n1 WS   1756418208 16384     0.137
05:25:57.190 ib_pg_f        125941  nvme1n1 WS   1532135072 16384     0.139
05:25:57.190 ib_pg_f        125941  nvme1n1 WS   32780064   16384     0.142
05:25:57.190 ib_pg_f        125941  nvme1n1 WS   1532135104 16384     0.143
05:25:57.190 ib_pg_f        125941  nvme1n1 WS   32780096   16384     0.146
05:25:57.190 ib_pg_f        125941  nvme1n1 WS   1532135168 16384     0.149
05:25:57.190 ib_pg_f        125941  nvme1n1 WS   32780160   16384     0.144
05:25:57.190 ib_pg_f        125941  nvme1n1 WS   1532136576 16384     0.145
05:25:57.190 ib_pg_f        125941  nvme1n1 WS   32780192   16384     0.142
05:25:57.190 ib_pg_f        125941  nvme1n1 WS   1532137600 16384     0.143
05:25:57.190 ib_pg_f        125941  nvme1n1 WS   32780224   16384     0.134
05:25:57.190 ib_pg_f        125941  nvme1n1 WS   1532135200 16384     0.137
05:25:57.190 ib_pg_f        125941  nvme1n1 WS   32780256   16384     0.139
05:25:57.190 ib_pg_f        125941  nvme1n1 WS   1532136640 16384     0.133
05:25:57.190 ib_pg_f        125941  nvme1n1 WS   32780288   16384     0.134
05:25:57.190 ib_pg_f        125941  nvme1n1 WS   1532135232 16384     0.131
05:25:57.190 ib_pg_f        125941  nvme1n1 WS   32780384   16384     0.134
05:25:57.720 ib_log_        125924  nvme1n1 WS   1738277928 4096      0.053
05:25:57.720 ib_log_        125924  nvme1n1 WS   1738277928 4096      0.034
05:25:57.721 ib_log_        125924  nvme1n1 WS   1738277928 4096      0.032
05:25:57.721 ib_log_        125924  nvme1n1 WS   1738277936 8192      0.031
05:25:57.721 jbd2/nv        752     nvme1n1 WSM  878244632  131072    0.149
05:25:57.721 jbd2/nv        752     nvme1n1 WSM  878244888  114688    0.187
05:25:57.721 jbd2/nv        752     nvme1n1 WSM  878245112  4096      0.027
05:25:57.722 connect        125924  nvme1n1 WS   313170336  4096      0.034
05:25:57.722 jbd2/nv        752     nvme1n1 WSM  878245120  8192      0.029
05:25:57.722 jbd2/nv        752     nvme1n1 WSM  878245136  4096      0.028
05:25:57.722 ib_log_        125924  nvme1n1 WS   1738277936 4096      0.038
05:25:57.722 ib_log_        125924  nvme1n1 WS   1738277936 4096      0.028
05:25:57.722 jbd2/nv        752     nvme1n1 WSM  878245144  40960     0.059
05:25:57.722 jbd2/nv        752     nvme1n1 WSM  878245224  4096      0.027
05:25:57.722 ib_log_        125924  nvme1n1 WS   1738277936 8192      0.031
05:25:57.722 ib_log_        125924  nvme1n1 WS   1738277944 4096      0.027
05:25:57.722 ib_log_        125924  nvme1n1 WS   1738277944 4096      0.028
05:25:57.806 nvme           1803143 Unknown N    -1         512       0.086
05:25:57.816 ib_log_        125924  nvme1n1 WS   1738277944 4096      0.044
05:25:57.817 ib_log_        125924  nvme1n1 WS   1738277944 4096      0.031
05:25:57.904 ib_log_        125941  nvme1n1 WS   1739626752 4096      0.038
05:25:57.926 ib_log_        125924  nvme1n1 WS   1738277944 4096      0.043
05:25:58.177 ib_pg_f        125924  nvme1n1 WS   1740054528 131072    0.173
05:25:58.177 ib_pg_f        125924  nvme1n1 WS   1740054784 131072    0.245
05:25:58.177 ib_pg_f        125924  nvme1n1 WS   1740055040 131072    0.323
05:25:58.178 ib_pg_f        125924  nvme1n1 WS   1740055296 131072    0.402
05:25:58.178 ib_pg_f        125924  nvme1n1 WS   1740055552 131072    0.478
05:25:58.178 ib_pg_f        125924  nvme1n1 WS   1740055808 131072    0.560
05:25:58.178 ib_pg_f        125924  nvme1n1 WS   1740056064 131072    0.639
05:25:58.178 ib_pg_f        125924  nvme1n1 WS   1740056320 114688    0.708
05:25:58.178 ib_pg_f        125924  nvme1n1 WS   1755102336 16384     0.049
05:25:58.178 ib_pg_f        125924  nvme1n1 WS   1757716032 16384     0.047
05:25:58.178 ib_pg_f        125924  nvme1n1 WS   1757716192 16384     0.050
05:25:58.178 ib_pg_f        125924  nvme1n1 WS   1740405984 16384     0.056
05:25:58.178 ib_pg_f        125924  nvme1n1 WS   1757760192 16384     0.058
05:25:58.178 ib_pg_f        125924  nvme1n1 WS   1740107296 16384     0.044
05:25:58.178 ib_pg_f        125924  nvme1n1 WS   1755206080 16384     0.046
05:25:58.178 ib_pg_f        125924  nvme1n1 WS   1757691744 16384     0.044
05:25:58.178 ib_pg_f        125924  nvme1n1 WS   1755215392 16384     0.052
05:25:58.178 ib_pg_f        125924  nvme1n1 WS   1755102368 16384     0.060
05:25:58.178 ib_pg_f        125924  nvme1n1 WS   813984     16384     0.041
05:25:58.178 ib_pg_f        125924  nvme1n1 WS   814016     16384     0.047
05:25:58.178 ib_pg_f        125924  nvme1n1 WS   814048     16384     0.045
05:25:58.178 ib_pg_f        125924  nvme1n1 WS   814080     16384     0.046
05:25:58.178 ib_pg_f        125924  nvme1n1 WS   1437024    16384     0.047
05:25:58.178 ib_pg_f        125924  nvme1n1 WS   1436000    16384     0.057
05:25:58.178 ib_pg_f        125924  nvme1n1 WS   1436160    16384     0.059
05:25:58.178 ib_pg_f        125924  nvme1n1 WS   1436768    16384     0.056
05:25:58.178 ib_pg_f        125924  nvme1n1 WS   1757690592 16384     0.051
05:25:58.178 ib_pg_f        125924  nvme1n1 WS   1757760512 16384     0.048
05:25:58.178 ib_pg_f        125924  nvme1n1 WS   1756547840 16384     0.048
05:25:58.178 ib_pg_f        125924  nvme1n1 WS   1520145408 16384     0.047
05:25:58.178 ib_pg_f        125924  nvme1n1 WS   1520145440 16384     0.048
05:25:58.178 ib_pg_f        125924  nvme1n1 WS   1436640    16384     0.051
05:25:58.178 ib_pg_f        125924  nvme1n1 WS   1520145216 16384     0.055
05:25:58.178 ib_pg_f        125924  nvme1n1 WS   1520144384 16384     0.041
05:25:58.178 ib_pg_f        125924  nvme1n1 WS   1520107936 16384     0.043
05:25:58.178 ib_pg_f        125924  nvme1n1 WS   1520145376 16384     0.049
05:25:58.178 ib_pg_f        125924  nvme1n1 WS   813696     16384     0.048
05:25:58.178 ib_pg_f        125924  nvme1n1 WS   813728     16384     0.051
05:25:58.178 ib_pg_f        125924  nvme1n1 WS   813760     16384     0.057
05:25:58.178 ib_pg_f        125924  nvme1n1 WS   813792     16384     0.058
05:25:58.178 ib_pg_f        125924  nvme1n1 WS   813824     16384     0.056
05:25:58.178 ib_pg_f        125924  nvme1n1 WS   813888     16384     0.064
05:25:58.178 ib_pg_f        125924  nvme1n1 WS   813920     16384     0.071
05:25:58.178 ib_pg_f        125924  nvme1n1 WS   813952     16384     0.072
05:25:58.178 ib_pg_f        125924  nvme1n1 WS   813152     16384     0.050
05:25:58.178 ib_pg_f        125924  nvme1n1 WS   813184     16384     0.064
05:25:58.179 ib_pg_f        125924  nvme1n1 WS   813216     16384     0.066
05:25:58.179 ib_pg_f        125924  nvme1n1 WS   1755215360 16384     0.073
05:25:58.179 ib_pg_f        125924  nvme1n1 WS   1740411200 16384     0.076
05:25:58.179 ib_pg_f        125924  nvme1n1 WS   1740107328 16384     0.056
05:25:58.179 ib_pg_f        125924  nvme1n1 WS   1755202016 16384     0.066
05:25:58.179 ib_pg_f        125924  nvme1n1 WS   1755215424 16384     0.070
05:25:58.179 ib_pg_f        125924  nvme1n1 WS   1740413408 16384     0.072
05:25:58.179 ib_pg_f        125924  nvme1n1 WS   1740107360 16384     0.073
05:25:58.179 ib_pg_f        125924  nvme1n1 WS   1755102528 16384     0.065
05:25:58.179 ib_pg_f        125924  nvme1n1 WS   1756836384 16384     0.075
05:25:58.179 ib_pg_f        125924  nvme1n1 WS   1757151392 16384     0.077
05:25:58.179 ib_pg_f        125924  nvme1n1 WS   37650336   16384     0.069
05:25:58.179 ib_pg_f        125924  nvme1n1 WS   1757759488 16384     0.074
05:25:58.179 ib_pg_f        125924  nvme1n1 WS   1757691392 16384     0.059
05:25:58.179 ib_pg_f        125924  nvme1n1 WS   1437184    16384     0.061
05:25:58.179 ib_pg_f        125924  nvme1n1 WS   1757681504 16384     0.079
05:25:58.179 ib_pg_f        125924  nvme1n1 WS   1756836768 16384     0.063
05:25:58.179 ib_pg_f        125924  nvme1n1 WS   1757759712 16384     0.062
05:25:58.179 ib_pg_f        125924  nvme1n1 WS   1437504    16384     0.072
05:25:58.179 ib_pg_f        125924  nvme1n1 WS   1757689856 16384     0.068
05:25:58.179 ib_pg_f        125924  nvme1n1 WS   1756547808 16384     0.068
05:25:58.179 ib_pg_f        125924  nvme1n1 WS   1757691296 16384     0.073
05:25:58.179 ib_pg_f        125924  nvme1n1 WS   818976     16384     0.058
05:25:58.179 ib_pg_f        125924  nvme1n1 WS   1437088    16384     0.060
05:25:58.179 ib_pg_f        125924  nvme1n1 WS   1757759680 16384     0.065
05:25:58.304 kworker        1787159 nvme1n1 WM   40         4096      0.131
05:25:58.304 kworker        1787159 nvme1n1 WM   280        4096      0.136
05:25:58.304 kworker        1787159 nvme1n1 WM   296        4096      0.136
05:25:58.304 kworker        1787159 nvme1n1 WM   440        4096      0.137
05:25:58.304 kworker        1787159 nvme1n1 WM   568        4096      0.142
05:25:58.304 kworker        1787159 nvme1n1 WM   776        8192      0.140
05:25:58.304 kworker        1787159 nvme1n1 WM   808        4096      0.145
05:25:58.304 kworker        1787159 nvme1n1 WM   71303296   4096      0.148
05:25:58.304 kworker        1787159 nvme1n1 WM   461373696  8192      0.150
05:25:58.304 kworker        1787159 nvme1n1 WM   461373736  4096      0.154
05:25:58.304 kworker        1787159 nvme1n1 WM   461373768  4096      0.160
05:25:58.304 kworker        1787159 nvme1n1 WM   461373800  4096      0.161
05:25:58.304 kworker        1787159 nvme1n1 WM   461373848  4096      0.163
05:25:58.304 kworker        1787159 nvme1n1 WM   461373888  4096      0.167
05:25:58.304 kworker        1787159 nvme1n1 WM   461374256  8192      0.169
05:25:58.304 kworker        1787159 nvme1n1 WM   570425376  4096      0.171
05:25:58.304 kworker        1787159 nvme1n1 WM   578814016  8192      0.176
05:25:58.304 kworker        1787159 nvme1n1 WM   591663296  4096      0.178
05:25:58.304 kworker        1787159 nvme1n1 WM   591671400  4096      0.183
05:25:58.304 kworker        1787159 nvme1n1 WM   591671720  4096      0.184
05:25:58.304 kworker        1787159 nvme1n1 WM   591671760  4096      0.184
05:25:58.304 kworker        1787159 nvme1n1 WM   591672272  4096      0.189
05:25:58.304 kworker        1787159 nvme1n1 WM   591672632  4096      0.190
05:25:58.304 kworker        1787159 nvme1n1 WM   591672784  4096      0.190
05:25:58.304 kworker        1787159 nvme1n1 WM   591673224  4096      0.196
05:25:58.304 kworker        1787159 nvme1n1 WM   591673928  4096      0.196
05:25:58.304 kworker        1787159 nvme1n1 WM   591674712  4096      0.197
05:25:58.304 kworker        1787159 nvme1n1 WM   591675088  4096      0.201
05:25:58.304 kworker        1787159 nvme1n1 WM   595591184  4096      0.201
05:25:58.304 kworker        1787159 nvme1n1 WM   720        24576     0.229
05:25:58.304 kworker        1787159 nvme1n1 WM   824        12288     0.235
05:25:58.304 kworker        1787159 nvme1n1 WM   71303440   12288     0.241
05:25:58.304 kworker        1787159 nvme1n1 WM   599785480  4096      0.094
05:25:58.304 kworker        1787159 nvme1n1 WM   603979784  4096      0.111
05:25:58.304 kworker        1787159 nvme1n1 WM   608174208  4096      0.112
05:25:58.304 kworker        1787159 nvme1n1 WM   608174336  4096      0.112
05:25:58.304 kworker        1787159 nvme1n1 WM   905969792  4096      0.111
05:25:58.305 kworker        1787159 nvme1n1 WM   905969920  4096      0.111
05:25:58.305 kworker        1787159 nvme1n1 WM   1174405200 4096      0.115
05:25:58.305 kworker        1787159 nvme1n1 WM   1493172240 4096      0.116
05:25:58.305 kworker        1787159 nvme1n1 WM   1493172272 4096      0.120
05:25:58.305 kworker        1787159 nvme1n1 WM   1493172480 4096      0.122
05:25:58.305 kworker        1787159 nvme1n1 WM   1493172504 4096      0.124
05:25:58.305 kworker        1787159 nvme1n1 WM   1497366536 4096      0.128
05:25:58.305 kworker        1787159 nvme1n1 WM   1501560864 4096      0.130
05:25:58.305 kworker        1787159 nvme1n1 WM   1510731488 4096      0.132
05:25:58.305 kworker        1787159 nvme1n1 WM   1518338096 4096      0.133
05:25:58.305 kworker        1787159 nvme1n1 WM   1524547568 4096      0.138
05:25:58.305 kworker        1787159 nvme1n1 WM   1530921000 4096      0.139
05:25:58.305 kworker        1787159 nvme1n1 WM   1551892488 4096      0.140
05:25:58.305 kworker        1787159 nvme1n1 WM   1572864128 4096      0.143
05:25:58.305 kworker        1787159 nvme1n1 WM   1572864280 4096      0.144
05:25:58.305 kworker        1787159 nvme1n1 WM   1589641264 4096      0.145
05:25:58.305 kworker        1787159 nvme1n1 WM   1619001448 8192      0.149
05:25:58.305 kworker        1787159 nvme1n1 WM   1635778672 4096      0.153
05:25:58.305 kworker        1787159 nvme1n1 WM   1707383280 4096      0.153
05:25:58.305 kworker        1787159 nvme1n1 WM   1707589104 4096      0.157
05:25:58.305 kworker        1787159 nvme1n1 WM   1715470440 4096      0.159
05:25:58.305 kworker        1787159 nvme1n1 WM   1719482088 4096      0.161
05:25:58.305 kworker        1787159 nvme1n1 WM   608175664  45056     0.237
05:25:58.305 kworker        1787159 nvme1n1 WM   608175760  16384     0.241
05:25:58.305 kworker        1787159 nvme1n1 WM   905970984  45056     0.245
05:25:58.305 kworker        1787159 nvme1n1 WM   1552177888 16384     0.246
05:25:58.305 kworker        1787159 nvme1n1 WM   1686110232 12288     0.250
05:25:58.305 kworker        1787159 nvme1n1 WM   1728053272 4096      0.186
05:25:58.305 kworker        1787159 nvme1n1 WM   1728877048 4096      0.189
05:25:58.305 kworker        1787159 nvme1n1 WM   1729941064 4096      0.194
05:25:58.305 kworker        1787159 nvme1n1 WM   1732247648 4096      0.196
05:25:58.305 kworker        1787159 nvme1n1 WM   1735413584 8192      0.198
05:25:58.305 kworker        1787159 nvme1n1 WM   1735418296 4096      0.204
05:25:58.305 kworker        1787159 nvme1n1 WM   1735423672 4096      0.205
05:25:58.305 kworker        1787159 nvme1n1 WM   1753219128 4096      0.205
05:25:58.305 kworker        1787159 nvme1n1 WM   1756377624 4096      0.211
05:25:58.305 kworker        1787159 nvme1n1 WM   1756377840 4096      0.212
05:25:58.305 kworker        1787159 nvme1n1 WM   1756390080 4096      0.213
05:25:58.305 kworker        1787159 nvme1n1 WM   1756390112 4096      0.216
05:25:58.305 kworker        1787159 nvme1n1 WM   1756407784 4096      0.224
05:25:58.305 kworker        1787159 nvme1n1 WM   1756414136 4096      0.139
05:25:58.305 kworker        1787159 nvme1n1 WM   1756414152 4096      0.144
05:25:58.305 kworker        1787159 nvme1n1 WM   1756414224 4096      0.145
05:25:58.305 kworker        1787159 nvme1n1 WM   1756415576 4096      0.145
05:25:58.305 kworker        1787159 nvme1n1 WM   1756428304 4096      0.150
05:25:58.305 kworker        1787159 nvme1n1 WM   1756439528 4096      0.152
05:25:58.305 kworker        1787159 nvme1n1 WM   1756439544 4096      0.154
05:25:58.305 kworker        1787159 nvme1n1 WM   1756440512 4096      0.160
05:25:58.305 kworker        1787159 nvme1n1 WM   1756440864 4096      0.161
05:25:58.305 kworker        1787159 nvme1n1 WM   1756440880 4096      0.163
05:25:58.305 kworker        1787159 nvme1n1 WM   1756441888 4096      0.165
05:25:58.305 kworker        1787159 nvme1n1 WM   1756450296 4096      0.166
05:25:58.305 kworker        1787159 nvme1n1 WM   1756450792 8192      0.171
05:25:58.305 kworker        1787159 nvme1n1 WM   1756492360 4096      0.172
05:25:58.305 kworker        1787159 nvme1n1 WM   1756492400 4096      0.175
05:25:58.305 kworker        1787159 nvme1n1 WM   1756492424 8192      0.179
05:25:58.305 kworker        1787159 nvme1n1 WM   1756492528 4096      0.183
05:25:58.305 kworker        1787159 nvme1n1 WM   1756521344 4096      0.187
05:25:58.305 kworker        1787159 nvme1n1 WM   1756521416 4096      0.188
05:25:58.305 kworker        1787159 nvme1n1 WM   1756525544 4096      0.156
05:25:58.305 kworker        1787159 nvme1n1 WM   1756528312 4096      0.168
05:25:58.305 kworker        1787159 nvme1n1 WM   1756528584 4096      0.169
05:25:58.305 kworker        1787159 nvme1n1 WM   1756549560 4096      0.103
05:25:58.305 kworker        1787159 nvme1n1 WM   1756549576 4096      0.103
05:25:58.305 kworker        1787159 nvme1n1 WM   1756551152 4096      0.103
05:25:58.305 kworker        1787159 nvme1n1 WM   1756599944 4096      0.150
05:25:58.305 kworker        1787159 nvme1n1 WM   1756600008 4096      0.151
05:25:58.305 kworker        1787159 nvme1n1 WM   1756600968 4096      0.151
05:25:58.305 kworker        1787159 nvme1n1 WM   1756601504 4096      0.152
05:25:58.305 kworker        1787159 nvme1n1 WM   1756662312 4096      0.152
05:25:58.305 kworker        1787159 nvme1n1 WM   1756662664 4096      0.153
05:25:58.305 kworker        1787159 nvme1n1 WM   1756662680 4096      0.154
05:25:58.305 kworker        1787159 nvme1n1 WM   1756662752 8192      0.154
05:25:58.305 kworker        1787159 nvme1n1 WM   1756670224 8192      0.155
05:25:58.305 kworker        1787159 nvme1n1 WM   1756680672 8192      0.155
05:25:58.305 kworker        1787159 nvme1n1 WM   1756680696 4096      0.160
05:25:58.305 kworker        1787159 nvme1n1 WM   1756692424 8192      0.160
05:25:58.305 kworker        1787159 nvme1n1 WM   1756710632 4096      0.161
05:25:58.305 kworker        1787159 nvme1n1 WM   1756712952 4096      0.162
05:25:58.305 kworker        1787159 nvme1n1 WM   1756758000 4096      0.163
05:25:58.305 kworker        1787159 nvme1n1 WM   1756766696 4096      0.193
05:25:58.305 kworker        1787159 nvme1n1 WM   1756768112 4096      0.194
05:25:58.305 kworker        1787159 nvme1n1 WM   1756772312 4096      0.195
05:25:58.305 kworker        1787159 nvme1n1 WM   1756772912 4096      0.196
05:25:58.305 kworker        1787159 nvme1n1 WM   1756772976 4096      0.196
05:25:58.305 kworker        1787159 nvme1n1 WM   1756773968 4096      0.197
05:25:58.305 kworker        1787159 nvme1n1 WM   1756776440 4096      0.198
05:25:58.305 kworker        1787159 nvme1n1 WM   1756776880 4096      0.198
05:25:58.305 kworker        1787159 nvme1n1 WM   1756777336 4096      0.199
05:25:58.305 kworker        1787159 nvme1n1 WM   1756777416 4096      0.199
05:25:58.305 kworker        1787159 nvme1n1 WM   1756686280 12288     0.206
05:25:58.305 kworker        1787159 nvme1n1 WM   1756777448 4096      0.174
05:25:58.305 kworker        1787159 nvme1n1 WM   1756778120 4096      0.175
05:25:58.305 kworker        1787159 nvme1n1 WM   1756778160 4096      0.175
05:25:58.305 kworker        1787159 nvme1n1 WM   1756779504 4096      0.176
05:25:58.305 kworker        1787159 nvme1n1 WM   1756780360 8192      0.176
05:25:58.305 kworker        1787159 nvme1n1 WM   1756780384 8192      0.177
05:25:58.305 kworker        1787159 nvme1n1 WM   1756780416 8192      0.183
05:25:58.305 kworker        1787159 nvme1n1 WM   1756780480 4096      0.185
05:25:58.305 kworker        1787159 nvme1n1 WM   1756780504 4096      0.185
05:25:58.305 kworker        1787159 nvme1n1 WM   1756792768 4096      0.186
05:25:58.305 kworker        1787159 nvme1n1 WM   1756792808 4096      0.186
05:25:58.305 kworker        1787159 nvme1n1 WM   1756807656 4096      0.203
05:25:58.305 kworker        1787159 nvme1n1 WM   1756807672 4096      0.204
05:25:58.305 kworker        1787159 nvme1n1 WM   1756811224 4096      0.206
05:25:58.305 kworker        1787159 nvme1n1 WM   1756815288 4096      0.206
05:25:58.305 kworker        1787159 nvme1n1 WM   1756815816 4096      0.207
05:25:58.305 kworker        1787159 nvme1n1 WM   1756824944 4096      0.207
05:25:58.305 kworker        1787159 nvme1n1 WM   1756825336 4096      0.208
05:25:58.305 kworker        1787159 nvme1n1 WM   1756827288 4096      0.208
05:25:58.305 kworker        1787159 nvme1n1 WM   1756827576 4096      0.211
05:25:58.305 kworker        1787159 nvme1n1 WM   1756828040 4096      0.213
05:25:58.305 kworker        1787159 nvme1n1 WM   1756828128 4096      0.215
05:25:58.305 kworker        1787159 nvme1n1 WM   1756828152 4096      0.219
05:25:58.305 kworker        1787159 nvme1n1 WM   1756831728 4096      0.221
05:25:58.305 kworker        1787159 nvme1n1 WM   1756832760 4096      0.223
05:25:58.305 kworker        1787159 nvme1n1 WM   1756833768 4096      0.223
05:25:58.305 kworker        1787159 nvme1n1 WM   1756840224 4096      0.224
05:25:58.305 kworker        1787159 nvme1n1 WM   1756840320 4096      0.228
05:25:58.305 kworker        1787159 nvme1n1 WM   1756840344 4096      0.229
05:25:58.305 kworker        1787159 nvme1n1 WM   1756840432 4096      0.229
05:25:58.305 kworker        1787159 nvme1n1 WM   1756843960 4096      0.230
05:25:58.305 kworker        1787159 nvme1n1 WM   1756846024 4096      0.230
05:25:58.305 kworker        1787159 nvme1n1 WM   1756846040 4096      0.175
05:25:58.305 kworker        1787159 nvme1n1 WM   1756846456 4096      0.176
05:25:58.305 kworker        1787159 nvme1n1 WM   1756847336 8192      0.181
05:25:58.305 kworker        1787159 nvme1n1 WM   1756848088 4096      0.182
05:25:58.305 kworker        1787159 nvme1n1 WM   1756848392 8192      0.188
05:25:58.305 kworker        1787159 nvme1n1 WM   1756848456 4096      0.189
05:25:58.305 kworker        1787159 nvme1n1 WM   1756848536 4096      0.168
05:25:58.305 kworker        1787159 nvme1n1 WM   1756852136 4096      0.170
05:25:58.305 kworker        1787159 nvme1n1 WM   1756864792 4096      0.173
05:25:58.305 kworker        1787159 nvme1n1 WM   1756864808 4096      0.179
05:25:58.305 kworker        1787159 nvme1n1 WM   1756864872 4096      0.180
05:25:58.305 kworker        1787159 nvme1n1 WM   1756864904 4096      0.180
05:25:58.305 kworker        1787159 nvme1n1 WM   1756866296 4096      0.186
05:25:58.305 kworker        1787159 nvme1n1 WM   1756866984 4096      0.187
05:25:58.305 kworker        1787159 nvme1n1 WM   1756867504 4096      0.187
05:25:58.305 kworker        1787159 nvme1n1 WM   1756868288 8192      0.192
05:25:58.305 kworker        1787159 nvme1n1 WM   1756868328 4096      0.193
05:25:58.305 kworker        1787159 nvme1n1 WM   1756879608 4096      0.197
05:25:58.305 kworker        1787159 nvme1n1 WM   1756887032 4096      0.199
05:25:58.305 kworker        1787159 nvme1n1 WM   1756887688 4096      0.202
05:25:58.305 kworker        1787159 nvme1n1 WM   1756887992 4096      0.207
05:25:58.305 kworker        1787159 nvme1n1 WM   1756909528 4096      0.208
05:25:58.305 kworker        1787159 nvme1n1 WM   1756950984 4096      0.209
05:25:58.305 kworker        1787159 nvme1n1 WM   1756847224 12288     0.248
05:25:58.305 kworker        1787159 nvme1n1 WM   1756847296 16384     0.258
05:25:58.305 kworker        1787159 nvme1n1 WM   1756872648 12288     0.235
05:25:58.808 nvme           1803158 Unknown N    -1         512       0.036
05:25:59.145 ib_log_        125924  nvme1n1 WS   1738277944 4096      0.054
05:25:59.145 ib_log_        125924  nvme1n1 WS   1738276864 4096      0.038
05:25:59.811 nvme           1803162 Unknown N    -1         512       0.076
05:26:00.177 ib_pg_f        125924  nvme1n1 WS   1740046336 16384     0.066
05:26:00.177 ib_pg_f        125924  nvme1n1 WS   1757760160 16384     0.043
05:26:00.353 kworker        1696237 nvme0n1 W    36484576   4096      0.496
05:26:00.813 nvme           1803170 Unknown N    -1         512       0.093
05:26:01.145 ib_log_        125924  nvme1n1 WS   1738276864 4096      0.049
05:26:01.816 nvme           1803180 Unknown N    -1         512       0.032
05:26:01.873 ib_log_        125924  nvme1n1 WS   1738277944 4096      0.051
05:26:01.874 ib_log_        125924  nvme1n1 WS   1738277952 8192      0.032
05:26:01.874 jbd2/nv        752     nvme1n1 WSM  878245232  77824     0.098
05:26:01.874 jbd2/nv        752     nvme1n1 WSM  878245384  4096      0.028
05:26:01.874 ib_log_        125924  nvme1n1 WS   1738277952 4096      0.033
05:26:01.874 connect        125924  nvme1n1 WS   313170336  8192      0.040
05:26:01.875 jbd2/nv        752     nvme1n1 WSM  878245392  57344     0.075
05:26:01.875 jbd2/nv        752     nvme1n1 WSM  878245504  4096      0.026
05:26:01.875 ib_log_        125924  nvme1n1 WS   1738277952 4096      0.029
05:26:01.876 ib_log_        125924  nvme1n1 WS   1738277952 8192      0.041
05:26:01.876 ib_log_        125924  nvme1n1 WS   1738277960 4096      0.029
05:26:01.876 jbd2/nv        752     nvme1n1 WSM  878245512  28672     0.055
05:26:01.876 jbd2/nv        752     nvme1n1 WSM  878245568  4096      0.028
05:26:01.877 connect        125924  nvme1n1 WS   1719074304 114688    0.129
05:26:01.877 jbd2/nv        752     nvme1n1 WSM  878245576  16384     0.038
05:26:01.877 jbd2/nv        752     nvme1n1 WSM  878245608  4096      0.028
05:26:01.877 connect        125924  nvme1n1 WS   1728885472 16384     0.043
05:26:01.877 jbd2/nv        752     nvme1n1 WSM  878245616  24576     0.044
05:26:01.877 jbd2/nv        752     nvme1n1 WSM  878245664  4096      0.028
05:26:01.877 ib_log_        125924  nvme1n1 WS   1738277960 4096      0.028
05:26:01.877 ib_log_        125924  nvme1n1 WS   1738277968 8192      0.030
05:26:01.877 jbd2/nv        752     nvme1n1 WSM  878245672  12288     0.040
05:26:01.877 jbd2/nv        752     nvme1n1 WSM  878245696  4096      0.026
05:26:01.878 ib_log_        125924  nvme1n1 WS   1738277968 4096      0.026
05:26:01.878 ib_log_        125924  nvme1n1 WS   1738277968 8192      0.031
05:26:01.879 ib_log_        125924  nvme1n1 WS   1738277976 12288     0.037
05:26:01.879 jbd2/nv        752     nvme1n1 WSM  878245704  12288     0.040
05:26:01.879 jbd2/nv        752     nvme1n1 WSM  878245728  4096      0.027
05:26:01.879 ib_log_        125924  nvme1n1 WS   1738277984 4096      0.032
05:26:01.879 connect        125924  nvme1n1 WS   313170344  4096      0.033
05:26:01.879 jbd2/nv        752     nvme1n1 WSM  878245736  8192      0.032
05:26:01.879 jbd2/nv        752     nvme1n1 WSM  878245752  4096      0.026
05:26:01.880 ib_log_        125924  nvme1n1 WS   1738277984 4096      0.027
05:26:01.881 ib_log_        125924  nvme1n1 WS   1738277984 8192      0.033
05:26:01.881 ib_log_        125924  nvme1n1 WS   1738277992 4096      0.028
05:26:01.881 ib_log_        125924  nvme1n1 WS   1738277992 4096      0.027
05:26:01.881 ib_log_        125924  nvme1n1 WS   1738278000 8192      0.031
05:26:01.881 connect        125924  nvme1n1 WS   313170344  4096      0.039
05:26:01.881 jbd2/nv        752     nvme1n1 WSM  878245760  12288     0.037
05:26:01.881 jbd2/nv        752     nvme1n1 WSM  878245784  4096      0.026
05:26:01.882 ib_log_        125924  nvme1n1 WS   1738278000 4096      0.029
05:26:01.889 kworker        1771936 nvme0n1 W    8128640    4096      0.643
05:26:01.889 kworker        1771936 nvme0n1 W    8128752    20480     0.652
05:26:01.889 kworker        1771936 nvme0n1 W    8128824    32768     0.688
05:26:01.889 kworker        1771936 nvme0n1 W    8128952    16384     0.825
05:26:01.889 kworker        1771936 nvme0n1 W    8129016    65536     0.837
05:26:01.890 kworker        1771936 nvme0n1 W    8129784    262144    1.745
05:26:01.890 kworker        1771936 nvme0n1 W    8129272    262144    1.914
05:26:01.890 kworker        1771936 nvme0n1 W    8130808    262144    1.561
05:26:01.890 kworker        1771936 nvme0n1 W    8131320    131072    1.603
05:26:01.891 kworker        1771936 nvme0n1 W    8131832    262144    2.099
05:26:01.891 kworker        1771936 nvme0n1 W    8130296    262144    3.207
05:26:01.892 kworker        1771936 nvme0n1 W    8132856    262144    2.888
05:26:01.893 kworker        1771936 nvme0n1 W    8133880    262144    2.634
05:26:01.893 kworker        1771936 nvme0n1 W    8134904    262144    2.737
05:26:01.893 kworker        1771936 nvme0n1 W    8132344    262144    4.381
05:26:01.894 kworker        1771936 nvme0n1 W    8135928    131072    2.559
05:26:01.894 kworker        1771936 nvme0n1 W    8133368    262144    4.164
05:26:01.894 kworker        1771936 nvme0n1 W    8134392    262144    3.919
05:26:01.895 kworker        1771936 nvme0n1 W    8136440    131072    1.876
05:26:01.895 kworker        1771936 nvme0n1 W    8135416    262144    3.557
05:26:01.895 kworker        1771936 nvme0n1 W    36016056   4096      0.699
05:26:01.895 kworker        1771936 nvme0n1 W    8143736    65536     0.704
05:26:01.895 kworker        1771936 nvme0n1 W    8137720    131072    2.388
05:26:01.895 kworker        1771936 nvme0n1 W    36017408   65536     0.724
05:26:01.895 kworker        1771936 nvme0n1 W    8138744    131072    2.116
05:26:01.896 kworker        1771936 nvme0n1 W    8142840    262144    2.474
05:26:01.896 kworker        1771936 nvme0n1 W    36023520   16384     0.894
05:26:01.896 kworker        1771936 nvme0n1 W    36017664   131072    1.274
05:26:01.896 kworker        1771936 nvme0n1 W    36025600   65536     0.995
05:26:01.896 kworker        1771936 nvme0n1 W    36027648   131072    1.131
05:26:01.896 kworker        1771936 nvme0n1 W    36028416   131072    1.038
05:26:01.897 kworker        1771936 nvme0n1 W    36162816   131072    0.931
05:26:01.897 kworker        1771936 nvme0n1 W    36163328   131072    1.004
05:26:01.897 kworker        1771936 nvme0n1 W    36164832   32768     0.989
05:26:01.897 kworker        1771936 nvme0n1 W    36029696   262144    1.777
05:26:01.897 kworker        1771936 nvme0n1 W    36165632   131072    1.246
05:26:01.898 kworker        1771936 nvme0n1 W    36166400   131072    1.427
05:26:01.898 kworker        1771936 nvme0n1 W    36167072   16384     0.757
05:26:01.898 kworker        1771936 nvme0n1 W    36167520   16384     0.758
05:26:01.898 kworker        1771936 nvme0n1 W    36167984   4096      0.700
05:26:01.898 kworker        1771936 nvme0n1 W    36168384   32768     0.700
05:26:01.898 kworker        1771936 nvme0n1 W    36169056   16384     0.599
05:26:01.898 kworker        1771936 nvme0n1 W    36164096   262144    2.372
05:26:01.898 kworker        1771936 nvme0n1 W    36169768   4096      0.669
05:26:01.898 kworker        1771936 nvme0n1 W    36169888   4096      0.744
05:26:01.898 kworker        1771936 nvme0n1 W    36169816   4096      0.752
05:26:01.899 kworker        1771936 nvme0n1 W    36170496   131072    1.286
05:26:01.900 kworker        1771936 nvme0n1 W    36174336   65536     1.326
05:26:01.900 kworker        1771936 nvme0n1 W    36172800   262144    2.322
05:26:01.900 kworker        1771936 nvme0n1 W    36169216   262144    2.554
05:26:01.900 kworker        1771936 nvme0n1 W    36173312   262144    1.939
05:26:01.900 kworker        1771936 nvme0n1 W    36177024   16384     1.960
05:26:01.901 kworker        1771936 nvme0n1 W    36177152   16384     1.083
05:26:01.901 kworker        1771936 nvme0n1 W    36175168   229376    2.449
05:26:01.901 kworker        1771936 nvme0n1 W    36308992   4096      0.801
05:26:01.901 kworker        1771936 nvme0n1 W    36177280   65536     1.208
05:26:01.901 kworker        1771936 nvme0n1 W    36309040   4096      1.001
05:26:01.901 kworker        1771936 nvme0n1 W    36309088   4096      1.019
05:26:01.901 kworker        1771936 nvme0n1 W    36309136   4096      0.589
05:26:01.901 kworker        1771936 nvme0n1 W    36309232   4096      0.490
05:26:01.901 kworker        1771936 nvme0n1 W    36309288   4096      0.490
05:26:01.901 kworker        1771936 nvme0n1 W    36309184   4096      0.654
05:26:01.902 kworker        1771936 nvme0n1 W    36176384   262144    3.146
05:26:01.902 kworker        1771936 nvme0n1 W    36309336   4096      0.373
05:26:01.902 kworker        1771936 nvme0n1 W    36309384   4096      0.463
05:26:01.902 kworker        1771936 nvme0n1 W    36310296   4096      0.495
05:26:01.902 kworker        1771936 nvme0n1 W    36310440   4096      0.517
05:26:01.902 kworker        1771936 nvme0n1 W    36310736   4096      0.473
05:26:01.902 kworker        1771936 nvme0n1 W    36310592   4096      0.480
05:26:01.902 kworker        1771936 nvme0n1 W    36177536   196608    2.196
05:26:01.902 kworker        1771936 nvme0n1 W    36311032   4096      0.526
05:26:01.902 kworker        1771936 nvme0n1 W    36310888   4096      0.581
05:26:01.903 kworker        1771936 nvme0n1 W    36315136   131072    1.252
05:26:01.903 kworker        1771936 nvme0n1 W    36317856   16384     1.193
05:26:01.903 kworker        1771936 nvme0n1 W    36318944   16384     1.036
05:26:01.904 kworker        1771936 nvme0n1 W    36309888   196608    2.218
05:26:01.904 kworker        1771936 nvme0n1 W    36317184   131072    1.809
05:26:01.904 kworker        1771936 nvme0n1 W    36320280   4096      0.900
05:26:01.904 kworker        1771936 nvme0n1 W    36320328   4096      0.921
05:26:01.904 kworker        1771936 nvme0n1 W    36313856   262144    2.302
05:26:01.904 kworker        1771936 nvme0n1 W    36320376   4096      0.818
05:26:01.904 kworker        1771936 nvme0n1 W    36320504   4096      0.818
05:26:01.905 kworker        1771936 nvme0n1 W    36320888   4096      0.657
05:26:01.905 kworker        1771936 nvme0n1 W    36320544   4096      0.844
05:26:01.905 kworker        1771936 nvme0n1 W    36320904   4096      0.729
05:26:01.905 kworker        1771936 nvme0n1 W    36320704   32768     0.905
05:26:01.905 kworker        1771936 nvme0n1 W    36320000   131072    1.899
05:26:01.905 kworker        1771936 nvme0n1 W    36319488   262144    2.787
05:26:01.906 kworker        1771936 nvme0n1 W    36321280   65536     1.333
05:26:01.906 kworker        1771936 nvme0n1 W    36322848   4096      0.918
05:26:01.906 kworker        1771936 nvme0n1 W    36322392   4096      0.933
05:26:01.906 kworker        1771936 nvme0n1 W    36323072   16384     1.041
05:26:01.906 kworker        1771936 nvme0n1 W    36325128   4096      0.937
05:26:01.907 kworker        1771936 nvme0n1 W    36325168   4096      0.702
05:26:01.907 kworker        1771936 nvme0n1 W    7337984    4096      0.773
05:26:01.907 kworker        1771936 nvme0n1 W    36325280   32768     0.955
05:26:01.908 kworker        1771936 nvme0n1 W    36321536   262144    3.070
05:26:01.908 kworker        1771936 nvme0n1 W    36324608   262144    2.991
05:26:01.921 ib_log_        125924  nvme1n1 WS   1738278000 4096      0.052
05:26:01.922 ib_log_        125924  nvme1n1 WS   1738278000 4096      0.040
05:26:02.030 ib_log_        125924  nvme1n1 WS   1738278000 4096      0.054
05:26:02.178 ib_pg_f        125924  nvme1n1 WS   1740054528 131072    0.164
05:26:02.178 ib_pg_f        125924  nvme1n1 WS   1740054784 131072    0.236
05:26:02.178 ib_pg_f        125924  nvme1n1 WS   1740055040 131072    0.310
05:26:02.178 ib_pg_f        125924  nvme1n1 WS   1740055296 131072    0.389
05:26:02.178 ib_pg_f        125924  nvme1n1 WS   1740055552 131072    0.466
05:26:02.178 ib_pg_f        125924  nvme1n1 WS   1740055808 131072    0.544
05:26:02.178 ib_pg_f        125924  nvme1n1 WS   1740056064 131072    0.622
05:26:02.178 ib_pg_f        125924  nvme1n1 WS   1740056320 65536     0.659
05:26:02.178 ib_pg_f        125924  nvme1n1 WS   1755102592 16384     0.048
05:26:02.178 ib_pg_f        125924  nvme1n1 WS   1757716032 16384     0.046
05:26:02.178 ib_pg_f        125924  nvme1n1 WS   1757716192 16384     0.052
05:26:02.178 ib_pg_f        125924  nvme1n1 WS   1740413632 16384     0.061
05:26:02.178 ib_pg_f        125924  nvme1n1 WS   1740406144 16384     0.075
05:26:02.178 ib_pg_f        125924  nvme1n1 WS   813152     16384     0.078
05:26:02.178 ib_pg_f        125924  nvme1n1 WS   813184     16384     0.064
05:26:02.178 ib_pg_f        125924  nvme1n1 WS   813216     16384     0.067
05:26:02.178 ib_pg_f        125924  nvme1n1 WS   1740107392 16384     0.070
05:26:02.178 ib_pg_f        125924  nvme1n1 WS   1740406208 16384     0.077
05:26:02.178 ib_pg_f        125924  nvme1n1 WS   1520107936 16384     0.070
05:26:02.178 ib_pg_f        125924  nvme1n1 WS   1520145376 16384     0.057
05:26:02.178 ib_pg_f        125924  nvme1n1 WS   813696     16384     0.048
05:26:02.178 ib_pg_f        125924  nvme1n1 WS   813728     16384     0.048
05:26:02.178 ib_pg_f        125924  nvme1n1 WS   813760     16384     0.051
05:26:02.178 ib_pg_f        125924  nvme1n1 WS   813792     16384     0.060
05:26:02.178 ib_pg_f        125924  nvme1n1 WS   813824     16384     0.057
05:26:02.178 ib_pg_f        125924  nvme1n1 WS   813888     16384     0.073
05:26:02.178 ib_pg_f        125924  nvme1n1 WS   813920     16384     0.061
05:26:02.178 ib_pg_f        125924  nvme1n1 WS   813952     16384     0.055
05:26:02.179 ib_pg_f        125924  nvme1n1 WS   1756547840 16384     0.059
05:26:02.179 ib_pg_f        125924  nvme1n1 WS   1520145408 16384     0.046
05:26:02.179 ib_pg_f        125924  nvme1n1 WS   1520145440 16384     0.057
05:26:02.179 ib_pg_f        125924  nvme1n1 WS   1436640    16384     0.048
05:26:02.179 ib_pg_f        125924  nvme1n1 WS   1520145216 16384     0.053
05:26:02.179 ib_pg_f        125924  nvme1n1 WS   1520144384 16384     0.067
05:26:02.179 ib_pg_f        125924  nvme1n1 WS   1436768    16384     0.067
05:26:02.179 ib_pg_f        125924  nvme1n1 WS   1757690592 16384     0.073
05:26:02.179 ib_pg_f        125924  nvme1n1 WS   1757760512 16384     0.061
05:26:02.179 ib_pg_f        125924  nvme1n1 WS   1437024    16384     0.056
05:26:02.179 ib_pg_f        125924  nvme1n1 WS   1436000    16384     0.062
05:26:02.179 ib_pg_f        125924  nvme1n1 WS   1436160    16384     0.057
05:26:02.179 ib_pg_f        125924  nvme1n1 WS   1757151456 16384     0.061
05:26:02.179 ib_pg_f        125924  nvme1n1 WS   1755102656 16384     0.052
05:26:02.179 ib_pg_f        125924  nvme1n1 WS   1740413568 16384     0.052
05:26:02.179 ib_pg_f        125924  nvme1n1 WS   1719074336 16384     0.046
05:26:02.179 ib_pg_f        125924  nvme1n1 WS   1728885472 16384     0.056
05:26:02.179 ib_pg_f        125924  nvme1n1 WS   1719074368 16384     0.058
05:26:02.179 ib_pg_f        125924  nvme1n1 WS   1719074400 16384     0.061
05:26:02.179 ib_pg_f        125924  nvme1n1 WS   1740406272 16384     0.068
05:26:02.179 ib_pg_f        125924  nvme1n1 WS   1719074432 16384     0.073
05:26:02.179 ib_pg_f        125924  nvme1n1 WS   1755102720 16384     0.080
05:26:02.179 ib_pg_f        125924  nvme1n1 WS   814048     16384     0.083
05:26:02.179 ib_pg_f        125924  nvme1n1 WS   814080     16384     0.046
05:26:02.179 ib_pg_f        125924  nvme1n1 WS   813984     16384     0.069
05:26:02.179 ib_pg_f        125924  nvme1n1 WS   814016     16384     0.059
05:26:02.179 ib_pg_f        125924  nvme1n1 WS   1740406336 16384     0.056
05:26:02.179 ib_pg_f        125924  nvme1n1 WS   1757760192 16384     0.060
05:26:02.179 ib_pg_f        125924  nvme1n1 WS   1757691744 16384     0.059
05:26:02.179 ib_pg_f        125924  nvme1n1 WS   1756547808 16384     0.058
05:26:02.179 ib_pg_f        125924  nvme1n1 WS   1757691296 16384     0.049
05:26:02.179 ib_pg_f        125924  nvme1n1 WS   1740107424 16384     0.063
05:26:02.179 ib_pg_f        125924  nvme1n1 WS   1740406368 16384     0.067
05:26:02.179 ib_pg_f        125924  nvme1n1 WS   1755205856 16384     0.066
05:26:02.179 ib_pg_f        125924  nvme1n1 WS   1755215616 16384     0.050
05:26:02.179 ib_pg_f        125924  nvme1n1 WS   1740406400 16384     0.064
05:26:02.179 ib_pg_f        125924  nvme1n1 WS   1740107520 16384     0.070
05:26:02.179 ib_pg_f        125924  nvme1n1 WS   1740406432 16384     0.068
05:26:02.179 ib_pg_f        125924  nvme1n1 WS   1756836384 16384     0.068
05:26:02.179 ib_pg_f        125924  nvme1n1 WS   1757151392 16384     0.069
05:26:02.348 python3        1784367 nvme1n1 WS   1639481344 131072    0.203
05:26:02.348 python3        1784367 nvme1n1 WS   1639481600 131072    0.252
05:26:02.348 python3        1784367 nvme1n1 WS   1639481856 131072    0.331
05:26:02.348 python3        1784367 nvme1n1 WS   1639482112 131072    0.398
05:26:02.348 python3        1784367 nvme1n1 WS   1639482368 131072    0.482
05:26:02.348 python3        1784367 nvme1n1 WS   1639482624 131072    0.556
05:26:02.348 python3        1784367 nvme1n1 WS   1639482880 131072    0.672
05:26:02.348 python3        1784367 nvme1n1 WS   1639483136 131072    0.690
05:26:02.348 python3        1784367 nvme1n1 WS   1639483392 131072    0.771
05:26:02.349 python3        1784367 nvme1n1 WS   1639483648 131072    0.846
05:26:02.349 python3        1784367 nvme1n1 WS   1639483904 131072    0.927
05:26:02.349 python3        1784367 nvme1n1 WS   1639484160 131072    1.008
05:26:02.349 python3        1784367 nvme1n1 WS   1639484416 131072    1.086
05:26:02.349 python3        1784366 nvme1n1 WS   1639485440 131072    1.175
05:26:02.349 python3        1784366 nvme1n1 WS   1639485696 131072    1.246
05:26:02.349 python3        1784366 nvme1n1 WS   1639485952 131072    1.317
05:26:02.349 python3        1784366 nvme1n1 WS   1639486208 131072    1.396
05:26:02.349 python3        1784366 nvme1n1 WS   1639486464 131072    1.475
05:26:02.349 python3        1784367 nvme1n1 WS   1639484672 131072    1.585
05:26:02.349 python3        1784367 nvme1n1 WS   1639484928 131072    1.660
05:26:02.350 python3        1784369 nvme1n1 WS   1639489536 131072    1.779
05:26:02.350 python3        1784366 nvme1n1 WS   1639486720 131072    1.806
05:26:02.350 python3        1784366 nvme1n1 WS   1639486976 131072    1.890
05:26:02.350 python3        1784366 nvme1n1 WS   1639487232 131072    1.955
05:26:02.350 python3        1784369 nvme1n1 WS   1639489792 131072    2.060
05:26:02.350 python3        1784369 nvme1n1 WS   1639490048 131072    2.140
05:26:02.350 python3        1784369 nvme1n1 WS   1639490304 131072    2.217
05:26:02.350 python3        1784369 nvme1n1 WS   1639490560 131072    2.292
05:26:02.350 python3        1784369 nvme1n1 WS   1639490816 131072    2.365
05:26:02.350 python3        1784369 nvme1n1 WS   1639491072 131072    2.440
05:26:02.350 python3        1784367 nvme1n1 WS   1639485184 131072    2.530
05:26:02.350 python3        1784367 nvme1n1 WS   1639710720 131072    2.602
05:26:02.350 python3        1784367 nvme1n1 WS   1639710976 131072    2.678
05:26:02.351 python3        1784369 nvme1n1 WS   19689472   131072    2.753
05:26:02.351 python3        1784366 nvme1n1 WS   1639493632 131072    2.828
05:26:02.351 python3        1784368 nvme1n1 WS   1639563264 131072    2.906
05:26:02.351 python3        1784368 nvme1n1 WS   1639563520 131072    2.973
05:26:02.351 python3        1784368 nvme1n1 WS   1639563776 131072    3.046
05:26:02.351 python3        1784368 nvme1n1 WS   1639564032 131072    3.123
05:26:02.351 python3        1784368 nvme1n1 WS   1639564288 131072    3.203
05:26:02.351 python3        1784368 nvme1n1 WS   1639564544 131072    3.276
05:26:02.351 python3        1784368 nvme1n1 WS   1639564800 131072    3.350
05:26:02.351 python3        1784369 nvme1n1 WS   19689728   131072    3.447
05:26:02.351 python3        1784366 nvme1n1 WS   1639493888 131072    3.528
05:26:02.351 python3        1784369 nvme1n1 WS   19689984   131072    3.604
05:26:02.351 python3        1784366 nvme1n1 WS   1639494144 131072    3.684
05:26:02.352 python3        1784369 nvme1n1 WS   19690240   131072    3.761
05:26:02.352 python3        1784366 nvme1n1 WS   1639494400 131072    3.847
05:26:02.352 python3        1784369 nvme1n1 WS   19690496   131072    3.925
05:26:02.352 python3        1784366 nvme1n1 WS   1639494656 131072    4.006
05:26:02.352 python3        1784369 nvme1n1 WS   19690752   131072    4.084
05:26:02.352 python3        1784366 nvme1n1 WS   1639494912 131072    4.165
05:26:02.352 python3        1784369 nvme1n1 WS   19691008   131072    4.238
05:26:02.352 python3        1784366 nvme1n1 WS   1639495168 131072    4.312
05:26:02.352 python3        1784366 nvme1n1 WS   1639487488 131072    4.417
05:26:02.352 python3        1784366 nvme1n1 WS   1639487744 131072    4.490
05:26:02.352 python3        1784366 nvme1n1 WS   1639488000 131072    4.567
05:26:02.352 python3        1784366 nvme1n1 WS   1639488256 131072    4.646
05:26:02.352 python3        1784366 nvme1n1 WS   1639488512 131072    4.722
05:26:02.353 python3        1784366 nvme1n1 WS   1639488768 131072    4.798
05:26:02.353 python3        1784366 nvme1n1 WS   1639489024 131072    4.875
05:26:02.353 python3        1784369 nvme1n1 WS   1639491328 131072    5.039
05:26:02.353 python3        1784369 nvme1n1 WS   1639491584 131072    5.055
05:26:02.353 python3        1784369 nvme1n1 WS   1639491840 131072    5.118
05:26:02.353 python3        1784369 nvme1n1 WS   1639492096 131072    5.197
05:26:02.353 python3        1784369 nvme1n1 WS   1639492352 131072    5.277
05:26:02.353 python3        1784369 nvme1n1 WS   1639492608 131072    5.359
05:26:02.353 python3        1784369 nvme1n1 WS   1639492864 131072    5.439
05:26:02.353 python3        1784368 nvme1n1 WS   1639567360 131072    5.573
05:26:02.353 python3        1784368 nvme1n1 WS   1639567616 131072    5.600
05:26:02.353 python3        1784369 nvme1n1 WS   1639493120 131072    5.671
05:26:02.354 python3        1784369 nvme1n1 WS   1639493376 131072    5.737
05:26:02.354 python3        1784369 nvme1n1 WS   1639575552 131072    5.814
05:26:02.354 python3        1784369 nvme1n1 WS   1639575808 131072    5.893
05:26:02.354 python3        1784368 nvme1n1 WS   1639567872 131072    5.992
05:26:02.354 python3        1784368 nvme1n1 WS   1639568128 131072    6.074
05:26:02.354 python3        1784368 nvme1n1 WS   1639568384 131072    6.152
05:26:02.354 python3        1784368 nvme1n1 WS   1639568640 131072    6.236
05:26:02.354 python3        1784368 nvme1n1 WS   1639568896 131072    6.305
05:26:02.354 python3        1784368 nvme1n1 WS   1639569152 131072    6.375
05:26:02.354 python3        1784368 nvme1n1 WS   1639569408 131072    6.452
05:26:02.354 python3        1784368 nvme1n1 WS   1639569664 131072    6.532
05:26:02.354 python3        1784368 nvme1n1 WS   1639569920 131072    6.610
05:26:02.354 python3        1784368 nvme1n1 WS   1639570176 106496    6.675
05:26:02.355 python3        1784366 nvme1n1 WS   1639489280 131072    6.855
05:26:02.355 python3        1784366 nvme1n1 WS   1639571456 131072    6.889
05:26:02.355 python3        1784366 nvme1n1 WS   1639571712 131072    6.950
05:26:02.355 python3        1784368 nvme1n1 WS   1639565056 131072    7.059
05:26:02.355 python3        1784368 nvme1n1 WS   1639565312 131072    7.128
05:26:02.355 python3        1784368 nvme1n1 WS   1639565568 131072    7.209
05:26:02.355 python3        1784368 nvme1n1 WS   1639565824 131072    7.285
05:26:02.355 python3        1784368 nvme1n1 WS   1639566080 131072    7.363
05:26:02.355 python3        1784368 nvme1n1 WS   1639566336 131072    7.436
05:26:02.355 python3        1784368 nvme1n1 WS   1639566592 131072    7.518
05:26:02.355 python3        1784368 nvme1n1 WS   1639566848 131072    7.595
05:26:02.355 python3        1784368 nvme1n1 WS   1639567104 131072    7.662
05:26:02.356 python3        1784368 nvme1n1 WS   1639616512 131072    7.739
05:26:02.356 python3        1784368 nvme1n1 WS   1639616768 131072    7.816
05:26:02.356 python3        1784369 nvme1n1 WS   19691264   131072    7.934
05:26:02.356 python3        1784366 nvme1n1 WS   1639495424 131072    8.014
05:26:02.356 python3        1784369 nvme1n1 WS   19691520   131072    8.090
05:26:02.356 python3        1784366 nvme1n1 WS   1639495680 131072    8.170
05:26:02.356 python3        1784369 nvme1n1 WS   19691776   131072    8.247
05:26:02.356 python3        1784366 nvme1n1 WS   1639495936 131072    8.325
05:26:02.356 python3        1784369 nvme1n1 WS   19692032   131072    8.407
05:26:02.356 python3        1784366 nvme1n1 WS   1639496192 131072    8.487
05:26:02.356 python3        1784369 nvme1n1 WS   19692288   106496    8.552
05:26:02.356 python3        1784366 nvme1n1 WS   1639496448 106496    8.621
05:26:02.357 python3        1784367 nvme1n1 WS   1639612416 131072    8.736
05:26:02.357 python3        1784367 nvme1n1 WS   1639612672 131072    8.762
05:26:02.357 python3        1784367 nvme1n1 WS   1639612928 131072    8.842
05:26:02.357 python3        1784367 nvme1n1 WS   1639613184 131072    8.920
05:26:02.357 python3        1784367 nvme1n1 WS   1639613440 131072    9.001
05:26:02.357 python3        1784367 nvme1n1 WS   1639613696 131072    9.083
05:26:02.357 python3        1784367 nvme1n1 WS   1639613952 131072    9.163
05:26:02.357 python3        1784367 nvme1n1 WS   1639614208 131072    9.232
05:26:02.357 python3        1784367 nvme1n1 WS   1639614464 131072    9.310
05:26:02.357 python3        1784367 nvme1n1 WS   1639614720 131072    9.387
05:26:02.357 python3        1784367 nvme1n1 WS   1639614976 131072    9.465
05:26:02.357 python3        1784367 nvme1n1 WS   1639615232 106496    9.526
05:26:02.818 nvme           1803195 Unknown N    -1         512       0.035
05:26:03.146 ib_log_        125924  nvme1n1 WS   1738278000 4096      0.055
05:26:03.146 ib_log_        125924  nvme1n1 WS   1738276864 4096      0.037
05:26:03.424 kworker        1771936 nvme1n1 W    1739547736 40960     0.090
05:26:03.424 kworker        1696237 nvme1n1 W    600110768  4096      0.082
05:26:03.424 kworker        1696237 nvme1n1 W    600309672  4096      0.087
05:26:03.424 kworker        1787159 nvme1n1 W    600296944  4096      0.062
05:26:03.424 kworker        1787159 nvme1n1 W    600157952  4096      0.067
05:26:03.424 kworker        1787159 nvme1n1 W    600157992  4096      0.066
05:26:03.424 kworker        1787159 nvme1n1 W    600158024  4096      0.072
05:26:03.424 kworker        1787159 nvme1n1 W    600205328  4096      0.073
05:26:03.424 kworker        1787159 nvme1n1 W    844179984  73728     0.117
05:26:03.424 kworker        1787159 nvme1n1 W    1734919752 61440     0.154
05:26:03.424 kworker        1787159 nvme1n1 W    1734926728 61440     0.189
05:26:03.820 nvme           1803210 Unknown N    -1         512       0.032
05:26:03.936 kworker        1787159 nvme1n1 W    596123624  12288     0.060
05:26:04.178 ib_pg_f        125924  nvme1n1 WS   1740046336 16384     0.065
05:26:04.178 ib_pg_f        125924  nvme1n1 WS   1757760160 16384     0.041
05:26:04.823 nvme           1803215 Unknown N    -1         512       0.035
05:26:05.091 python3        1784367 nvme1n1 WS   1639620608 131072    0.189
05:26:05.091 python3        1784367 nvme1n1 WS   1639620864 131072    0.285
05:26:05.091 python3        1784367 nvme1n1 WS   1639621120 131072    0.359
05:26:05.092 python3        1784367 nvme1n1 WS   1639621376 131072    0.425
05:26:05.092 python3        1784367 nvme1n1 WS   1639621632 131072    0.496
05:26:05.092 python3        1784367 nvme1n1 WS   1639621888 131072    0.605
05:26:05.092 python3        1784367 nvme1n1 WS   1639622144 131072    0.675
05:26:05.092 python3        1784367 nvme1n1 WS   1639622400 131072    0.712
05:26:05.092 python3        1784367 nvme1n1 WS   1639622656 131072    0.802
05:26:05.092 python3        1784367 nvme1n1 WS   1639622912 131072    0.876
05:26:05.092 python3        1784367 nvme1n1 WS   1639623168 131072    0.956
05:26:05.092 python3        1784367 nvme1n1 WS   1639623424 131072    1.035
05:26:05.092 python3        1784367 nvme1n1 WS   1639623680 131072    1.119
05:26:05.092 python3        1784367 nvme1n1 WS   1639623936 131072    1.198
05:26:05.092 python3        1784367 nvme1n1 WS   1639624192 131072    1.277
05:26:05.093 python3        1784367 nvme1n1 WS   1639624448 131072    1.350
05:26:05.093 python3        1784367 nvme1n1 WS   1639579648 131072    1.431
05:26:05.093 python3        1784367 nvme1n1 WS   1639579904 131072    1.516
05:26:05.093 python3        1784369 nvme1n1 WS   1639624704 131072    1.606
05:26:05.093 python3        1784369 nvme1n1 WS   1639624960 131072    1.682
05:26:05.093 python3        1784369 nvme1n1 WS   1639625216 131072    1.761
05:26:05.093 python3        1784369 nvme1n1 WS   1639625472 131072    1.844
05:26:05.093 python3        1784369 nvme1n1 WS   1639625728 131072    1.923
05:26:05.093 python3        1784369 nvme1n1 WS   1639625984 131072    2.007
05:26:05.093 python3        1784369 nvme1n1 WS   1639626240 131072    2.084
05:26:05.093 python3        1784369 nvme1n1 WS   1639626496 131072    2.141
05:26:05.093 python3        1784369 nvme1n1 WS   1639626752 131072    2.210
05:26:05.094 python3        1784369 nvme1n1 WS   1639627008 131072    2.285
05:26:05.094 python3        1784369 nvme1n1 WS   1639627264 131072    2.362
05:26:05.094 python3        1784369 nvme1n1 WS   1639627520 131072    2.438
05:26:05.094 python3        1784369 nvme1n1 WS   1639627776 131072    2.512
05:26:05.094 python3        1784369 nvme1n1 WS   1639628032 131072    2.589
05:26:05.094 python3        1784369 nvme1n1 WS   1639628288 131072    2.663
05:26:05.094 python3        1784369 nvme1n1 WS   1639628544 131072    2.725
05:26:05.094 python3        1784369 nvme1n1 WS   1639583744 131072    2.801
05:26:05.094 python3        1784369 nvme1n1 WS   1639584000 131072    2.876
05:26:05.094 python3        1784369 nvme1n1 WS   1639587840 131072    2.930
05:26:05.094 python3        1784369 nvme1n1 WS   1639588096 131072    3.000
05:26:05.094 python3        1784369 nvme1n1 WS   1639588352 131072    3.076
05:26:05.094 python3        1784369 nvme1n1 WS   1639588608 131072    3.150
05:26:05.095 python3        1784369 nvme1n1 WS   1639588864 131072    3.230
05:26:05.095 python3        1784369 nvme1n1 WS   1639589120 131072    3.304
05:26:05.095 python3        1784369 nvme1n1 WS   1639589376 131072    3.381
05:26:05.095 python3        1784367 nvme1n1 WS   1639591936 131072    3.464
05:26:05.095 python3        1784367 nvme1n1 WS   1639592192 131072    3.531
05:26:05.095 python3        1784367 nvme1n1 WS   1639592448 131072    3.611
05:26:05.095 python3        1784367 nvme1n1 WS   1639592704 131072    3.681
05:26:05.095 python3        1784367 nvme1n1 WS   1639592960 131072    3.759
05:26:05.095 python3        1784367 nvme1n1 WS   1639593216 131072    3.833
05:26:05.095 python3        1784367 nvme1n1 WS   1639593472 131072    3.907
05:26:05.095 python3        1784369 nvme1n1 WS   1639589632 131072    3.983
05:26:05.095 python3        1784369 nvme1n1 WS   1639589888 131072    4.061
05:26:05.095 python3        1784369 nvme1n1 WS   1639590144 131072    4.136
05:26:05.096 python3        1784369 nvme1n1 WS   1639590400 131072    4.218
05:26:05.096 python3        1784366 nvme1n1 WS   1639596032 131072    4.308
05:26:05.096 python3        1784369 nvme1n1 WS   1639590656 131072    4.375
05:26:05.096 python3        1784369 nvme1n1 WS   1639590912 131072    4.458
05:26:05.096 python3        1784369 nvme1n1 WS   1639591168 131072    4.537
05:26:05.096 python3        1784369 nvme1n1 WS   1639591424 131072    4.613
05:26:05.096 python3        1784369 nvme1n1 WS   1639591680 131072    4.679
05:26:05.096 python3        1784369 nvme1n1 WS   1639600128 131072    4.760
05:26:05.096 python3        1784369 nvme1n1 WS   1639600384 131072    4.835
05:26:05.096 python3        1784366 nvme1n1 WS   1639596288 131072    4.944
05:26:05.096 python3        1784366 nvme1n1 WS   1639596544 131072    5.022
05:26:05.096 python3        1784366 nvme1n1 WS   1639596800 131072    5.097
05:26:05.097 python3        1784366 nvme1n1 WS   1639597056 131072    5.173
05:26:05.097 python3        1784366 nvme1n1 WS   1639597312 131072    5.248
05:26:05.097 python3        1784366 nvme1n1 WS   1639597568 131072    5.325
05:26:05.097 python3        1784366 nvme1n1 WS   1639597824 131072    5.385
05:26:05.097 python3        1784366 nvme1n1 WS   1639598080 131072    5.462
05:26:05.097 python3        1784366 nvme1n1 WS   1639598336 131072    5.549
05:26:05.097 python3        1784366 nvme1n1 WS   1687445504 131072    5.668
05:26:05.097 python3        1784366 nvme1n1 WS   1687445760 131072    5.737
05:26:05.097 python3        1784366 nvme1n1 WS   1687446016 131072    5.816
05:26:05.097 python3        1784366 nvme1n1 WS   1687446272 131072    5.891
05:26:05.097 python3        1784366 nvme1n1 WS   1687446528 131072    5.964
05:26:05.097 python3        1784366 nvme1n1 WS   1687446784 131072    6.041
05:26:05.098 python3        1784366 nvme1n1 WS   1687447040 131072    6.118
05:26:05.098 python3        1784367 nvme1n1 WS   1639593728 131072    6.219
05:26:05.098 python3        1784367 nvme1n1 WS   1639593984 131072    6.293
05:26:05.098 python3        1784367 nvme1n1 WS   1639594240 131072    6.367
05:26:05.098 python3        1784367 nvme1n1 WS   1639594496 131072    6.443
05:26:05.098 python3        1784367 nvme1n1 WS   1639594752 131072    6.522
05:26:05.098 python3        1784367 nvme1n1 WS   1639595008 131072    6.597
05:26:05.098 python3        1784367 nvme1n1 WS   1639595264 131072    6.674
05:26:05.098 python3        1784367 nvme1n1 WS   1639595520 131072    6.751
05:26:05.098 python3        1784367 nvme1n1 WS   1639595776 131072    6.849
05:26:05.098 python3        1784366 nvme1n1 WS   1639598592 131072    6.927
05:26:05.098 python3        1784366 nvme1n1 WS   1639598848 131072    7.003
05:26:05.098 python3        1784366 nvme1n1 WS   1639599104 131072    7.078
05:26:05.099 python3        1784366 nvme1n1 WS   1639599360 131072    7.159
05:26:05.099 python3        1784366 nvme1n1 WS   1639599616 131072    7.235
05:26:05.099 python3        1784366 nvme1n1 WS   1639599872 131072    7.299
05:26:05.099 python3        1784366 nvme1n1 WS   1639608320 131072    7.380
05:26:05.099 python3        1784366 nvme1n1 WS   1639608576 131072    7.460
05:26:05.099 python3        1784367 nvme1n1 WS   1639604224 131072    7.571
05:26:05.099 python3        1784367 nvme1n1 WS   1639604480 131072    7.646
05:26:05.099 python3        1784366 nvme1n1 WS   1687160832 131072    7.724
05:26:05.099 python3        1784366 nvme1n1 WS   1687161088 131072    7.799
05:26:05.099 python3        1784366 nvme1n1 WS   1687161344 131072    7.873
05:26:05.099 python3        1784366 nvme1n1 WS   1687447296 131072    7.953
05:26:05.099 python3        1784366 nvme1n1 WS   1687161600 131072    8.033
05:26:05.100 python3        1784366 nvme1n1 WS   1687447552 131072    8.110
05:26:05.100 python3        1784366 nvme1n1 WS   1687161856 131072    8.189
05:26:05.100 python3        1784366 nvme1n1 WS   1687447808 131072    8.271
05:26:05.100 python3        1784366 nvme1n1 WS   1687162112 131072    8.351
05:26:05.100 python3        1784366 nvme1n1 WS   1687448064 131072    8.427
05:26:05.100 python3        1784366 nvme1n1 WS   1687162368 131072    8.506
05:26:05.100 python3        1784366 nvme1n1 WS   1687448320 131072    8.584
05:26:05.100 python3        1784366 nvme1n1 WS   1687162624 114688    8.653
05:26:05.100 python3        1784366 nvme1n1 WS   1687448576 131072    8.729
05:26:05.100 python3        1784366 nvme1n1 WS   1687448832 131072    8.806
05:26:05.100 python3        1784366 nvme1n1 WS   1687449088 131072    8.886
05:26:05.100 python3        1784366 nvme1n1 WS   1687449344 131072    8.950
05:26:05.100 python3        1784366 nvme1n1 WS   1687449600 131072    9.025
05:26:05.101 python3        1784366 nvme1n1 WS   1687449856 131072    9.102
05:26:05.101 python3        1784367 nvme1n1 WS   1663846400 131072    9.225
05:26:05.101 python3        1784367 nvme1n1 WS   1663846656 131072    9.245
05:26:05.101 python3        1784367 nvme1n1 WS   1663846912 131072    9.315
05:26:05.101 python3        1784367 nvme1n1 WS   1663847168 131072    9.388
05:26:05.101 python3        1784367 nvme1n1 WS   1663847424 131072    9.465
05:26:05.101 python3        1784367 nvme1n1 WS   1663847680 131072    9.540
05:26:05.101 python3        1784367 nvme1n1 WS   1663847936 131072    9.615
05:26:05.101 python3        1784367 nvme1n1 WS   1663848192 114688    9.685
05:26:05.101 python3        1784369 nvme1n1 WS   1622409216 131072    9.856
05:26:05.101 python3        1784369 nvme1n1 WS   1622409472 131072    9.882
05:26:05.101 python3        1784369 nvme1n1 WS   1622409728 131072    9.936
05:26:05.102 python3        1784369 nvme1n1 WS   1622409984 131072   10.013
05:26:05.102 python3        1784369 nvme1n1 WS   1622410240 131072   10.092
05:26:05.102 python3        1784369 nvme1n1 WS   1622410496 131072   10.168
05:26:05.102 python3        1784369 nvme1n1 WS   1622410752 131072   10.244
05:26:05.102 python3        1784369 nvme1n1 WS   1622411008 114688   10.309
05:26:05.102 python3        1784368 nvme1n1 WS   1639677952 131072   10.328
05:26:05.102 python3        1784368 nvme1n1 WS   1639678208 131072   10.402
05:26:05.102 python3        1784368 nvme1n1 WS   1639678464 131072   10.478
05:26:05.102 python3        1784368 nvme1n1 WS   1639678720 131072   10.552
05:26:05.102 python3        1784368 nvme1n1 WS   1639678976 131072   10.628
05:26:05.102 python3        1784368 nvme1n1 WS   1639679232 131072   10.706
05:26:05.102 python3        1784368 nvme1n1 WS   1639679488 131072   10.780
05:26:05.102 python3        1784368 nvme1n1 WS   1687470080 131072   10.871
05:26:05.103 python3        1784368 nvme1n1 WS   1687470336 131072   10.944
05:26:05.103 python3        1784368 nvme1n1 WS   1687470592 131072   11.021
05:26:05.103 python3        1784368 nvme1n1 WS   1687470848 131072   11.100
05:26:05.103 python3        1784368 nvme1n1 WS   1687471104 131072   11.177
05:26:05.103 python3        1784368 nvme1n1 WS   1687471360 131072   11.256
05:26:05.103 python3        1784368 nvme1n1 WS   1687471616 131072   11.332
05:26:05.103 python3        1784368 nvme1n1 WS   1622415360 131072   11.412
05:26:05.103 python3        1784368 nvme1n1 WS   1622415616 131072   11.484
05:26:05.103 python3        1784368 nvme1n1 WS   1622415872 131072   11.574
05:26:05.103 python3        1784368 nvme1n1 WS   1639679744 131072   11.657
05:26:05.103 python3        1784368 nvme1n1 WS   1639680000 131072   11.736
05:26:05.103 python3        1784368 nvme1n1 WS   1622416128 131072   11.812
05:26:05.104 python3        1784368 nvme1n1 WS   1622416384 131072   11.890
05:26:05.104 python3        1784368 nvme1n1 WS   1622416640 131072   11.966
05:26:05.104 python3        1784368 nvme1n1 WS   1622416896 131072   12.041
05:26:05.104 python3        1784368 nvme1n1 WS   1622417152 114688   12.109
05:26:05.104 python3        1784368 nvme1n1 WS   1639680256 131072   12.198
05:26:05.104 python3        1784368 nvme1n1 WS   1639680512 131072   12.279
05:26:05.104 python3        1784368 nvme1n1 WS   1639680768 131072   12.355
05:26:05.104 python3        1784368 nvme1n1 WS   1639681024 131072   12.432
05:26:05.104 python3        1784368 nvme1n1 WS   1687471872 131072   12.515
05:26:05.104 python3        1784368 nvme1n1 WS   1687472128 131072   12.593
05:26:05.104 python3        1784368 nvme1n1 WS   1639681280 131072   12.673
05:26:05.104 python3        1784368 nvme1n1 WS   1639681536 131072   12.751
05:26:05.105 python3        1784368 nvme1n1 WS   1639681792 131072   12.817
05:26:05.105 python3        1784368 nvme1n1 WS   1687472384 131072   12.914
05:26:05.105 python3        1784368 nvme1n1 WS   1687472640 131072   12.989
05:26:05.105 python3        1784368 nvme1n1 WS   1687472896 131072   13.070
05:26:05.105 python3        1784368 nvme1n1 WS   1687473152 131072   13.147
05:26:05.105 python3        1784368 nvme1n1 WS   1687473408 131072   13.228
05:26:05.105 python3        1784368 nvme1n1 WS   1687473664 131072   13.310
05:26:05.105 python3        1784368 nvme1n1 WS   1639682048 131072   13.390
05:26:05.105 python3        1784368 nvme1n1 WS   1639682304 131072   13.466
05:26:05.105 python3        1784368 nvme1n1 WS   1687473920 131072   13.547
05:26:05.105 python3        1784368 nvme1n1 WS   1687474176 131072   13.622
05:26:05.105 python3        1784368 nvme1n1 WS   1687474432 131072   13.699
05:26:05.146 ib_log_        125924  nvme1n1 WS   1738276864 4096      0.052
05:26:05.473 kworker        1696237 nvme0n1 W    37332888   12288     0.810
05:26:05.809 amoprof        1787544 nvme1n1 W    600214032  4096      0.055
