TIMESTAMP    COMM           PID     DISK    T    SECTOR     BYTES   LAT(ms)
04:22:36.027 nvme           1732913 Unknown N    -1         512       0.035
04:22:37.029 nvme           1732965 Unknown N    -1         512       0.095
04:22:38.032 nvme           1732966 Unknown N    -1         512       0.030
04:22:39.034 nvme           1732967 Unknown N    -1         512       0.074
04:22:40.036 nvme           1732968 Unknown N    -1         512       0.032
04:22:40.154 jbd2/nv        752     nvme1n1 WSM  877923552  94208     0.131
04:22:40.154 jbd2/nv        752     nvme1n1 WSM  877923736  4096      0.030
04:22:40.801 jbd2/nv        391     nvme0n1 WSM  4209360    40960     1.286
04:22:40.802 jbd2/nv        391     nvme0n1 WSM  4209440    4096      0.871
04:22:41.038 nvme           1732969 Unknown N    -1         512       0.031
04:22:41.313 kworker        1720485 nvme0n1 W    37218040   4096      0.894
04:22:41.313 kworker        1666595 nvme0n1 W    37332680   4096      0.947
04:22:41.313 kworker        1730282 nvme0n1 W    8135672    131072    1.437
04:22:41.314 kworker        1730282 nvme0n1 W    8143096    131072    1.560
04:22:41.314 kworker        1730282 nvme0n1 W    8131320    131072    1.962
04:22:41.314 kworker        1730282 nvme0n1 W    36029952   131072    1.924
04:22:41.314 kworker        1730282 nvme0n1 W    36167072   16384     1.033
04:22:41.314 kworker        1730282 nvme0n1 W    36167520   16384     1.150
04:22:41.314 kworker        1730282 nvme0n1 W    36166400   131072    2.088
04:22:41.315 kworker        1730282 nvme0n1 W    36167976   4096      0.975
04:22:41.315 kworker        1730282 nvme0n1 W    36023808   262144    2.733
04:22:41.315 kworker        1730282 nvme0n1 W    36168384   32768     1.093
04:22:41.315 kworker        1730282 nvme0n1 W    36315792   40960     1.074
04:22:41.315 kworker        1730282 nvme0n1 W    36177280   65536     1.261
04:22:41.315 kworker        1730282 nvme0n1 W    36174336   65536     1.332
04:22:41.315 kworker        1730282 nvme0n1 W    36322384   4096      0.584
04:22:41.316 kworker        1730282 nvme0n1 W    36323072   16384     0.955
04:22:41.316 kworker        1730282 nvme0n1 W    36321792   131072    1.656
04:22:41.316 kworker        1730282 nvme0n1 W    7337984    4096      0.597
04:22:41.316 kworker        1730282 nvme0n1 W    36317184   131072    1.977
04:22:41.317 kworker        1730282 nvme0n1 W    36324352   131072    1.949
04:22:42.040 nvme           1732970 Unknown N    -1         512       0.027
04:22:42.336 kworker        1720485 nvme1n1 W    1641455616 8192      0.099
04:22:42.337 kworker        1720485 nvme1n1 W    600122856  90112     0.145
04:22:42.337 kworker        1720485 nvme1n1 W    1561773408 131072    0.227
04:22:42.337 kworker        1720485 nvme1n1 W    1561773664 61440     0.266
04:22:42.337 kworker        1720485 nvme1n1 W    600123032  32768     0.284
04:22:42.337 kworker        1720485 nvme1n1 W    1561833984 131072    0.365
04:22:42.337 kworker        1720485 nvme1n1 W    1561834240 90112     0.416
04:22:42.337 kworker        1720485 nvme1n1 W    1534930368 77824     0.465
04:22:42.337 kworker        1720485 nvme1n1 W    600123096  45056     0.266
04:22:43.043 nvme           1732971 Unknown N    -1         512       0.071
04:22:43.360 kworker        1730282 nvme1n1 W    1719341008 4096      0.052
04:22:44.045 nvme           1732972 Unknown N    -1         512       0.077
04:22:45.047 nvme           1732973 Unknown N    -1         512       0.031
04:22:46.034 amoprof        1271097 nvme1n1 W    600123184  4096      0.054
