TIMESTAMP    COMM           PID     DISK    T    SECTOR     BYTES   LAT(ms)
02:13:20.583 nvme           1610134 Unknown N    -1         512       0.036
02:13:21.585 nvme           1610195 Unknown N    -1         512       0.080
02:13:22.588 nvme           1610199 Unknown N    -1         512       0.030
02:13:23.590 nvme           1610203 Unknown N    -1         512       0.030
02:13:23.669 jbd2/nv        752     nvme1n1 WSM  877684000  102400    0.136
02:13:23.669 jbd2/nv        752     nvme1n1 WSM  877684200  4096      0.029
02:13:24.592 nvme           1610213 Unknown N    -1         512       0.050
02:13:25.538 kworker        1513369 nvme1n1 W    591755000  102400    0.168
02:13:25.538 kworker        1513369 nvme1n1 W    1499444520 131072    0.238
02:13:25.538 kworker        1513369 nvme1n1 W    1499444776 61440     0.272
02:13:25.538 kworker        1513369 nvme1n1 W    591755200  32768     0.291
02:13:25.538 kworker        1513369 nvme1n1 W    1499383512 131072    0.370
02:13:25.538 kworker        1513369 nvme1n1 W    1499383768 90112     0.429
02:13:25.538 kworker        1513369 nvme1n1 W    1486432048 77824     0.477
02:13:25.538 kworker        1513369 nvme1n1 W    591755264  45056     0.503
02:13:25.594 nvme           1610217 Unknown N    -1         512       0.090
02:13:26.597 nvme           1610221 Unknown N    -1         512       0.074
02:13:27.599 nvme           1610231 Unknown N    -1         512       0.076
02:13:28.601 nvme           1610235 Unknown N    -1         512       0.076
02:13:29.604 nvme           1610242 Unknown N    -1         512       0.031
02:13:29.923 jbd2/nv        752     nvme1n1 WSM  877684208  61440     0.104
02:13:29.923 jbd2/nv        752     nvme1n1 WSM  877684328  4096      0.030
02:13:30.590 amoprof        1271097 nvme1n1 W    587787000  4096      0.053
