TIMESTAMP    COMM           PID     DISK    T    SECTOR     BYTES   LAT(ms)
02:07:15.884 nvme           1601135 Unknown N    -1         512       0.038
02:07:16.886 nvme           1601190 Unknown N    -1         512       0.031
02:07:16.888 jbd2/nv        752     nvme1n1 WSM  877672736  126976    0.151
02:07:16.888 jbd2/nv        752     nvme1n1 WSM  877672984  4096      0.029
02:07:16.896 kworker        1513369 nvme1n1 W    591745552  8192      0.039
02:07:17.889 nvme           1601194 Unknown N    -1         512       0.040
02:07:18.891 nvme           1601210 Unknown N    -1         512       0.032
02:07:19.893 nvme           1601218 Unknown N    -1         512       0.031
02:07:20.895 nvme           1601227 Unknown N    -1         512       0.030
02:07:21.897 nvme           1601237 Unknown N    -1         512       0.034
02:07:22.016 kworker        1513369 nvme1n1 W    591745568  4096      0.052
02:07:22.016 jbd2/nv        752     nvme1n1 WSM  877672992  24576     0.072
02:07:22.016 jbd2/nv        752     nvme1n1 WSM  877673040  4096      0.030
02:07:22.017 kworker        1513369 nvme1n1 WM   0          4096      0.084
02:07:22.017 kworker        1513369 nvme1n1 WM   728        4096      0.087
02:07:22.017 kworker        1513369 nvme1n1 WM   784        4096      0.089
02:07:22.017 kworker        1513369 nvme1n1 WM   461373728  4096      0.095
02:07:22.017 kworker        1513369 nvme1n1 WM   583015744  4096      0.096
02:07:22.017 kworker        1513369 nvme1n1 WM   587202576  4096      0.097
02:07:22.017 kworker        1513369 nvme1n1 WM   591397016  4096      0.098
02:07:22.017 kworker        1513369 nvme1n1 W    591745576  98304     0.172
02:07:22.017 kworker        1513369 nvme1n1 W    1499292968 131072    0.253
02:07:22.017 kworker        1513369 nvme1n1 W    1499293224 61440     0.291
02:07:22.017 kworker        1513369 nvme1n1 W    591745768  32768     0.311
02:07:22.017 kworker        1513369 nvme1n1 W    1499304824 131072    0.399
02:07:22.017 kworker        1513369 nvme1n1 W    1499305080 90112     0.452
02:07:22.017 kworker        1513369 nvme1n1 W    591790552  77824     0.499
02:07:22.017 kworker        1513369 nvme1n1 W    591745832  45056     0.526
02:07:22.017 kworker        1513369 nvme1n1 WM   591411360  36864     0.544
02:07:22.017 kworker        1513369 nvme1n1 WM   1484789216 4096      0.197
02:07:22.017 kworker        1513369 nvme1n1 WM   1485058520 4096      0.198
02:07:22.017 kworker        1513369 nvme1n1 WM   1497366536 4096      0.200
02:07:22.017 kworker        1513369 nvme1n1 WM   1497694776 4096      0.202
02:07:22.017 kworker        1513369 nvme1n1 WM   1497694848 4096      0.206
02:07:22.017 kworker        1513369 nvme1n1 WM   1522532456 4096      0.206
02:07:22.017 kworker        1513369 nvme1n1 WM   1635778672 4096      0.209
02:07:22.017 kworker        1513369 nvme1n1 WM   1756866944 4096      0.211
02:07:22.017 kworker        1513369 nvme1n1 WM   591411440  12288     0.224
02:07:22.017 kworker        1513369 nvme1n1 WM   591411520  57344     0.252
02:07:22.017 kworker        1513369 nvme1n1 WM   1497694864 36864     0.271
02:07:22.017 kworker        1513369 nvme1n1 WM   1756866960 4096      0.063
02:07:22.017 kworker        1513369 nvme1n1 WM   1756867016 4096      0.063
02:07:22.528 kworker        1513369 nvme1n1 W    1625053088 8192      0.053
02:07:22.900 nvme           1601241 Unknown N    -1         512       0.029
02:07:23.902 nvme           1601255 Unknown N    -1         512       0.028
02:07:24.904 nvme           1601270 Unknown N    -1         512       0.033
02:07:25.891 amoprof        1271097 nvme1n1 W    591880672  4096      0.056
