TIMESTAMP    COMM           PID     DISK    T    SECTOR     BYTES   LAT(ms)
01:17:35.652 nvme           1531461 Unknown N    -1         512       0.036
01:17:36.654 nvme           1531516 Unknown N    -1         512       0.103
01:17:36.852 chronyd        1220    nvme0n1 W    37220928   4096      0.555
01:17:37.657 nvme           1531526 Unknown N    -1         512       0.031
01:17:37.700 jbd2/nv        752     nvme1n1 WSM  877577672  126976    0.150
01:17:37.700 jbd2/nv        752     nvme1n1 WSM  877577920  4096      0.033
01:17:38.080 kworker        1513369 nvme1n1 W    1625052560 4096      0.052
01:17:38.659 nvme           1531530 Unknown N    -1         512       0.075
01:17:39.661 nvme           1531544 Unknown N    -1         512       0.077
01:17:40.663 nvme           1531559 Unknown N    -1         512       0.034
01:17:41.666 nvme           1531563 Unknown N    -1         512       0.085
01:17:42.177 kworker        1524530 nvme1n1 W    587802992  90112     0.159
01:17:42.177 kworker        1524530 nvme1n1 W    1486195712 131072    0.226
01:17:42.177 kworker        1524530 nvme1n1 W    1486195968 61440     0.261
01:17:42.177 kworker        1524530 nvme1n1 W    587803168  32768     0.281
01:17:42.177 kworker        1524530 nvme1n1 W    1486197248 131072    0.358
01:17:42.177 kworker        1524530 nvme1n1 W    1486197504 90112     0.413
01:17:42.177 kworker        1524530 nvme1n1 W    1176733400 77824     0.461
01:17:42.177 kworker        1524530 nvme1n1 W    587803232  45056     0.489
01:17:42.668 nvme           1531567 Unknown N    -1         512       0.030
01:17:42.688 kworker        1524530 nvme1n1 W    1719353232 4096      0.047
01:17:42.688 kworker        1524530 nvme1n1 W    1719340960 4096      0.051
01:17:43.671 nvme           1531577 Unknown N    -1         512       0.126
01:17:44.012 jbd2/nv        752     nvme1n1 WSM  877577928  61440     0.102
01:17:44.012 jbd2/nv        752     nvme1n1 WSM  877578048  4096      0.030
01:17:44.673 nvme           1531591 Unknown N    -1         512       0.034
01:17:45.659 amoprof        1271097 nvme1n1 W    1526147712 4096      0.055
