TIMESTAMP    COMM           PID     DISK    T    SECTOR     BYTES   LAT(ms)
04:44:48.738 nvme           1753325 Unknown N    -1         512       0.037
04:44:49.741 nvme           1753377 Unknown N    -1         512       0.074
04:44:50.743 nvme           1753378 Unknown N    -1         512       0.075
04:44:51.745 nvme           1753379 Unknown N    -1         512       0.031
04:44:52.748 nvme           1753380 Unknown N    -1         512       0.029
04:44:52.860 jbd2/nv        752     nvme1n1 WSM  877964368  94208     0.124
04:44:52.860 jbd2/nv        752     nvme1n1 WSM  877964552  4096      0.030
04:44:53.537 kworker        1736627 nvme1n1 W    600146992  86016     0.148
04:44:53.537 kworker        1736627 nvme1n1 W    1565372928 131072    0.218
04:44:53.537 kworker        1736627 nvme1n1 W    1565373184 61440     0.253
04:44:53.537 kworker        1736627 nvme1n1 W    600147160  32768     0.271
04:44:53.537 kworker        1736627 nvme1n1 W    1565295536 131072    0.352
04:44:53.537 kworker        1736627 nvme1n1 W    1565295792 90112     0.405
04:44:53.537 kworker        1736627 nvme1n1 W    600188488  77824     0.450
04:44:53.537 kworker        1736627 nvme1n1 W    600147224  40960     0.473
04:44:53.750 nvme           1753381 Unknown N    -1         512       0.073
04:44:54.752 nvme           1753382 Unknown N    -1         512       0.028
04:44:55.755 nvme           1753383 Unknown N    -1         512       0.029
04:44:56.757 nvme           1753384 Unknown N    -1         512       0.097
04:44:57.759 nvme           1753385 Unknown N    -1         512       0.032
04:44:58.656 kworker        1746851 nvme1n1 W    600153552  4096      0.054
04:44:58.656 jbd2/nv        752     nvme1n1 WSM  877964560  49152     0.086
04:44:58.656 jbd2/nv        752     nvme1n1 WSM  877964656  4096      0.032
04:44:58.745 amoprof        1271097 nvme1n1 W    600248752  4096      0.054
