TIMESTAMP    COMM           PID     DISK    T    SECTOR     BYTES   LAT(ms)
04:21:20.634 nvme           1731764 Unknown N    -1         512       0.035
04:21:21.637 nvme           1731816 Unknown N    -1         512       0.032
04:21:22.639 nvme           1731817 Unknown N    -1         512       0.039
04:21:23.641 nvme           1731818 Unknown N    -1         512       0.030
04:21:24.644 nvme           1731820 Unknown N    -1         512       0.029
04:21:24.760 jbd2/nv        752     nvme1n1 WSM  877921232  98304     0.132
04:21:24.760 jbd2/nv        752     nvme1n1 WSM  877921424  4096      0.031
04:21:25.537 kworker        1666595 nvme1n1 W    1639456752 8192      0.111
04:21:25.537 kworker        1666595 nvme1n1 W    596027784  102400    0.155
04:21:25.537 kworker        1666595 nvme1n1 W    1561728352 131072    0.235
04:21:25.537 kworker        1666595 nvme1n1 W    1561728608 61440     0.274
04:21:25.537 kworker        1666595 nvme1n1 W    596027984  32768     0.292
04:21:25.537 kworker        1666595 nvme1n1 W    1561736112 131072    0.371
04:21:25.537 kworker        1666595 nvme1n1 W    1561736368 90112     0.422
04:21:25.537 kworker        1666595 nvme1n1 W    1534929456 77824     0.469
04:21:25.537 kworker        1666595 nvme1n1 W    596028048  45056     0.277
04:21:25.646 nvme           1731821 Unknown N    -1         512       0.074
04:21:26.648 nvme           1731822 Unknown N    -1         512       0.027
04:21:27.072 kworker        1666595 nvme1n1 W    1625054528 8192      0.054
04:21:27.650 nvme           1731823 Unknown N    -1         512       0.072
04:21:28.653 nvme           1731824 Unknown N    -1         512       0.034
04:21:29.655 nvme           1731825 Unknown N    -1         512       0.027
04:21:30.636 jbd2/nv        752     nvme1n1 WSM  877921432  90112     0.129
04:21:30.636 jbd2/nv        752     nvme1n1 WSM  877921608  4096      0.031
04:21:30.642 amoprof        1271097 nvme1n1 W    600053032  4096      0.034
