TIMESTAMP    COMM           PID     DISK    T    SECTOR     BYTES   LAT(ms)
00:07:25.833 nvme           1431622 Unknown N    -1         512       0.041
00:07:26.311 python3        1046586 nvme1n1 WS   1525133312 131072    0.217
00:07:26.311 python3        1046586 nvme1n1 WS   1525133568 131072    0.264
00:07:26.311 python3        1046586 nvme1n1 WS   1525133824 131072    0.347
00:07:26.311 python3        1046586 nvme1n1 WS   1525134080 131072    0.436
00:07:26.311 python3        1046586 nvme1n1 WS   1525134336 131072    0.497
00:07:26.311 python3        1046586 nvme1n1 WS   1525134592 131072    0.571
00:07:26.311 python3        1046586 nvme1n1 WS   1525134848 131072    0.670
00:07:26.311 python3        1046587 nvme1n1 WS   1525137408 131072    0.738
00:07:26.311 python3        1046587 nvme1n1 WS   1525137664 131072    0.811
00:07:26.311 python3        1046587 nvme1n1 WS   1525137920 131072    0.887
00:07:26.312 python3        1046587 nvme1n1 WS   1525138176 131072    0.967
00:07:26.312 python3        1046587 nvme1n1 WS   1525138432 131072    1.043
00:07:26.312 python3        1046589 nvme1n1 WS   1525141504 131072    1.136
00:07:26.312 python3        1046589 nvme1n1 WS   1525141760 131072    1.218
00:07:26.312 python3        1046589 nvme1n1 WS   1525142016 131072    1.286
00:07:26.312 python3        1046589 nvme1n1 WS   1525142272 131072    1.366
00:07:26.312 python3        1046587 nvme1n1 WS   1525138688 131072    1.456
00:07:26.312 python3        1046587 nvme1n1 WS   1525138944 131072    1.531
00:07:26.312 python3        1046589 nvme1n1 WS   1525142528 131072    1.617
00:07:26.312 python3        1046589 nvme1n1 WS   1525142784 131072    1.694
00:07:26.312 python3        1046589 nvme1n1 WS   1525143040 131072    1.776
00:07:26.312 python3        1046586 nvme1n1 WS   1525135104 131072    1.867
00:07:26.313 python3        1046586 nvme1n1 WS   1525135360 131072    1.935
00:07:26.313 python3        1046586 nvme1n1 WS   1525135616 131072    2.013
00:07:26.313 python3        1046586 nvme1n1 WS   1525135872 131072    2.093
00:07:26.313 python3        1046586 nvme1n1 WS   1525136128 131072    2.174
00:07:26.313 python3        1046586 nvme1n1 WS   1525136384 131072    2.255
00:07:26.313 python3        1046586 nvme1n1 WS   1525136640 131072    2.330
00:07:26.313 python3        1046586 nvme1n1 WS   1525136896 131072    2.405
00:07:26.313 python3        1046587 nvme1n1 WS   1525145600 131072    2.492
00:07:26.313 python3        1046587 nvme1n1 WS   1525145856 131072    2.563
00:07:26.313 python3        1046587 nvme1n1 WS   1525146112 131072    2.636
00:07:26.313 python3        1046587 nvme1n1 WS   1525146368 131072    2.708
00:07:26.313 python3        1046589 nvme1n1 WS   1525143296 131072    2.781
00:07:26.313 python3        1046587 nvme1n1 WS   1525139200 131072    2.855
00:07:26.314 python3        1046587 nvme1n1 WS   1525146624 131072    2.931
00:07:26.314 python3        1046587 nvme1n1 WS   1525146880 131072    3.002
00:07:26.314 python3        1046587 nvme1n1 WS   1525139456 131072    3.082
00:07:26.314 python3        1046587 nvme1n1 WS   1525147136 131072    3.153
00:07:26.314 python3        1046587 nvme1n1 WS   1525139712 131072    3.229
00:07:26.314 python3        1046587 nvme1n1 WS   1525139968 131072    3.323
00:07:26.314 python3        1046587 nvme1n1 WS   1525140224 131072    3.373
00:07:26.314 python3        1046589 nvme1n1 WS   1525143552 131072    3.475
00:07:26.314 python3        1046589 nvme1n1 WS   1525143808 131072    3.548
00:07:26.314 python3        1046589 nvme1n1 WS   1525144064 131072    3.623
00:07:26.314 python3        1046589 nvme1n1 WS   1525144320 131072    3.697
00:07:26.314 python3        1046589 nvme1n1 WS   1525144576 131072    3.775
00:07:26.314 python3        1046589 nvme1n1 WS   1525144832 131072    3.848
00:07:26.315 python3        1046589 nvme1n1 WS   1525145088 131072    3.925
00:07:26.315 python3        1046586 nvme1n1 WS   1525137152 131072    4.022
00:07:26.315 python3        1046586 nvme1n1 WS   1525149696 131072    4.095
00:07:26.315 python3        1046586 nvme1n1 WS   1525149952 131072    4.171
00:07:26.315 python3        1046587 nvme1n1 WS   1525140480 131072    4.234
00:07:26.315 python3        1046587 nvme1n1 WS   1525140736 131072    4.307
00:07:26.315 python3        1046587 nvme1n1 WS   1525140992 131072    4.379
00:07:26.315 python3        1046589 nvme1n1 WS   1525145344 131072    4.441
00:07:26.315 python3        1046589 nvme1n1 WS   1525178368 131072    4.518
00:07:26.315 python3        1046589 nvme1n1 WS   1525178624 131072    4.594
00:07:26.315 python3        1046587 nvme1n1 WS   1525147392 131072    4.663
00:07:26.315 python3        1046587 nvme1n1 WS   1525147648 131072    4.734
00:07:26.316 python3        1046587 nvme1n1 WS   1525141248 131072    4.814
00:07:26.316 python3        1046587 nvme1n1 WS   1525182464 131072    4.887
00:07:26.316 python3        1046587 nvme1n1 WS   1525147904 131072    4.962
00:07:26.316 python3        1046587 nvme1n1 WS   1525182720 131072    5.036
00:07:26.316 python3        1046587 nvme1n1 WS   1525148160 131072    5.114
00:07:26.316 python3        1046587 nvme1n1 WS   1525148416 131072    5.186
00:07:26.316 python3        1046587 nvme1n1 WS   1525148672 131072    5.261
00:07:26.316 python3        1046588 nvme1n1 WS   72908800   131072    5.369
00:07:26.316 python3        1046588 nvme1n1 WS   72909056   131072    5.426
00:07:26.316 python3        1046588 nvme1n1 WS   72909312   131072    5.498
00:07:26.316 python3        1046588 nvme1n1 WS   72909568   131072    5.571
00:07:26.316 python3        1046587 nvme1n1 WS   1525148928 131072    5.643
00:07:26.316 python3        1046587 nvme1n1 WS   1525149184 131072    5.721
00:07:26.317 python3        1046587 nvme1n1 WS   1525149440 131072    5.774
00:07:26.317 python3        1046587 nvme1n1 WS   1525186560 131072    5.848
00:07:26.317 python3        1046587 nvme1n1 WS   1525186816 131072    5.921
00:07:26.317 python3        1046588 nvme1n1 WS   72909824   131072    6.045
00:07:26.317 python3        1046588 nvme1n1 WS   72910080   131072    6.103
00:07:26.317 python3        1046588 nvme1n1 WS   72910336   131072    6.180
00:07:26.317 python3        1046587 nvme1n1 WS   1177112576 131072    6.259
00:07:26.317 python3        1046587 nvme1n1 WS   1177112832 131072    6.327
00:07:26.317 python3        1046587 nvme1n1 WS   1177113088 131072    6.399
00:07:26.317 python3        1046587 nvme1n1 WS   1177113344 131072    6.471
00:07:26.317 python3        1046587 nvme1n1 WS   1177113600 131072    6.546
00:07:26.317 python3        1046587 nvme1n1 WS   1177113856 131072    6.620
00:07:26.317 python3        1046587 nvme1n1 WS   1177114112 131072    6.699
00:07:26.318 python3        1046587 nvme1n1 WS   1488351232 131072    6.774
00:07:26.318 python3        1046587 nvme1n1 WS   1488351488 131072    6.841
00:07:26.318 python3        1046588 nvme1n1 WS   72910592   131072    6.918
00:07:26.318 python3        1046588 nvme1n1 WS   72910848   131072    7.034
00:07:26.318 python3        1046588 nvme1n1 WS   72911104   131072    7.115
00:07:26.318 python3        1046588 nvme1n1 WS   72911360   131072    7.176
00:07:26.318 python3        1046587 nvme1n1 WS   1488351744 131072    7.260
00:07:26.318 python3        1046587 nvme1n1 WS   1488352000 131072    7.335
00:07:26.318 python3        1046587 nvme1n1 WS   1488352256 131072    7.407
00:07:26.318 python3        1046588 nvme1n1 WS   72911616   131072    7.485
00:07:26.318 python3        1046588 nvme1n1 WS   72911872   131072    7.555
00:07:26.318 python3        1046588 nvme1n1 WS   72912128   131072    7.627
00:07:26.319 python3        1046588 nvme1n1 WS   72912384   131072    7.701
00:07:26.319 python3        1046587 nvme1n1 WS   1488352512 131072    7.793
00:07:26.319 python3        1046587 nvme1n1 WS   1488352768 131072    7.869
00:07:26.319 python3        1046588 nvme1n1 WS   1177116672 131072    7.935
00:07:26.319 python3        1046588 nvme1n1 WS   1177116928 131072    8.008
00:07:26.319 python3        1046588 nvme1n1 WS   1177117184 131072    8.080
00:07:26.319 python3        1046588 nvme1n1 WS   1177120768 131072    8.229
00:07:26.319 python3        1046588 nvme1n1 WS   1177121024 131072    8.248
00:07:26.319 python3        1046588 nvme1n1 WS   1177121280 131072    8.320
00:07:26.319 python3        1046587 nvme1n1 WS   1177114368 131072    8.408
00:07:26.319 python3        1046587 nvme1n1 WS   1177114624 131072    8.485
00:07:26.319 python3        1046587 nvme1n1 WS   1177114880 131072    8.560
00:07:26.319 python3        1046587 nvme1n1 WS   1177115136 131072    8.635
00:07:26.320 python3        1046587 nvme1n1 WS   1177115392 131072    8.712
00:07:26.320 python3        1046587 nvme1n1 WS   1177115648 131072    8.781
00:07:26.320 python3        1046587 nvme1n1 WS   1177115904 131072    8.858
00:07:26.320 python3        1046587 nvme1n1 WS   1177116160 131072    8.933
00:07:26.320 python3        1046588 nvme1n1 WS   1177117440 131072    9.044
00:07:26.320 python3        1046588 nvme1n1 WS   1177117696 131072    9.128
00:07:26.320 python3        1046588 nvme1n1 WS   1177117952 131072    9.196
00:07:26.320 python3        1046588 nvme1n1 WS   1177118208 131072    9.272
00:07:26.320 python3        1046588 nvme1n1 WS   72912640   131072    9.361
00:07:26.320 python3        1046588 nvme1n1 WS   72912896   131072    9.431
00:07:26.320 python3        1046588 nvme1n1 WS   72913152   131072    9.508
00:07:26.320 python3        1046588 nvme1n1 WS   1177121536 131072    9.596
00:07:26.321 python3        1046588 nvme1n1 WS   1177121792 131072    9.668
00:07:26.321 python3        1046588 nvme1n1 WS   1177122048 131072    9.742
00:07:26.321 python3        1046588 nvme1n1 WS   1177122304 131072    9.823
00:07:26.321 python3        1046587 nvme1n1 WS   1488353024 131072    9.902
00:07:26.321 python3        1046587 nvme1n1 WS   1488353280 131072    9.979
00:07:26.321 python3        1046587 nvme1n1 WS   1488353536 131072   10.054
00:07:26.321 python3        1046587 nvme1n1 WS   1488353792 131072   10.130
00:07:26.321 python3        1046587 nvme1n1 WS   1488354048 131072   10.202
00:07:26.321 python3        1046587 nvme1n1 WS   1488354304 131072   10.280
00:07:26.321 python3        1046587 nvme1n1 WS   1488354560 131072   10.353
00:07:26.321 python3        1046587 nvme1n1 WS   1488354816 131072   10.429
00:07:26.321 python3        1046589 nvme1n1 WS   1488416768 131072   10.520
00:07:26.321 python3        1046589 nvme1n1 WS   1488417024 131072   10.591
00:07:26.322 python3        1046589 nvme1n1 WS   1488417280 131072   10.664
00:07:26.322 python3        1046589 nvme1n1 WS   1488417536 131072   10.733
00:07:26.322 python3        1046589 nvme1n1 WS   1488417792 131072   10.803
00:07:26.322 python3        1046589 nvme1n1 WS   1488418048 131072   10.874
00:07:26.322 python3        1046589 nvme1n1 WS   1488418304 131072   10.951
00:07:26.322 python3        1046588 nvme1n1 WS   1177118464 131072   11.041
00:07:26.322 python3        1046588 nvme1n1 WS   1177118720 131072   11.120
00:07:26.322 python3        1046588 nvme1n1 WS   1177118976 131072   11.193
00:07:26.322 python3        1046588 nvme1n1 WS   1177119232 131072   11.268
00:07:26.322 python3        1046588 nvme1n1 WS   1177119488 131072   11.341
00:07:26.322 python3        1046588 nvme1n1 WS   1177119744 131072   11.417
00:07:26.322 python3        1046588 nvme1n1 WS   1177120000 131072   11.491
00:07:26.322 python3        1046588 nvme1n1 WS   1177120256 131072   11.568
00:07:26.323 python3        1046588 nvme1n1 WS   1177122560 131072   11.724
00:07:26.323 python3        1046588 nvme1n1 WS   1177122816 131072   11.758
00:07:26.323 python3        1046588 nvme1n1 WS   1177123072 131072   11.857
00:07:26.323 python3        1046588 nvme1n1 WS   1177123328 131072   11.928
00:07:26.323 python3        1046588 nvme1n1 WS   1177123584 131072   12.007
00:07:26.323 python3        1046588 nvme1n1 WS   1177123840 131072   12.081
00:07:26.323 python3        1046588 nvme1n1 WS   1177124096 131072   12.160
00:07:26.323 python3        1046588 nvme1n1 WS   1177124352 131072   12.237
00:07:26.323 python3        1046587 nvme1n1 WS   1488355072 131072   12.339
00:07:26.323 python3        1046587 nvme1n1 WS   1488355328 131072   12.416
00:07:26.323 python3        1046587 nvme1n1 WS   1488355584 131072   12.492
00:07:26.323 python3        1046587 nvme1n1 WS   1177116416 131072   12.584
00:07:26.324 python3        1046587 nvme1n1 WS   1177190400 131072   12.656
00:07:26.324 python3        1046587 nvme1n1 WS   1177190656 131072   12.730
00:07:26.324 python3        1046586 nvme1n1 WS   72916992   131072   12.785
00:07:26.324 python3        1046586 nvme1n1 WS   72917248   131072   12.858
00:07:26.324 python3        1046588 nvme1n1 WS   1177120512 131072   12.939
00:07:26.324 python3        1046588 nvme1n1 WS   1177194496 131072   13.024
00:07:26.324 python3        1046588 nvme1n1 WS   1177194752 131072   13.095
00:07:26.324 python3        1046588 nvme1n1 WS   1177124608 131072   13.179
00:07:26.324 python3        1046588 nvme1n1 WS   1177288704 131072   13.255
00:07:26.324 python3        1046588 nvme1n1 WS   1177288960 131072   13.335
00:07:26.324 python3        1046586 nvme1n1 WS   72917504   131072   13.418
00:07:26.324 python3        1046586 nvme1n1 WS   72917760   131072   13.492
00:07:26.325 python3        1046586 nvme1n1 WS   72918016   131072   13.569
00:07:26.325 python3        1046586 nvme1n1 WS   72918272   131072   13.647
00:07:26.325 python3        1046586 nvme1n1 WS   1488359424 131072   13.739
00:07:26.325 python3        1046586 nvme1n1 WS   1488359680 131072   13.788
00:07:26.325 python3        1046586 nvme1n1 WS   1488359936 131072   13.865
00:07:26.325 python3        1046586 nvme1n1 WS   1488360192 131072   13.940
00:07:26.325 python3        1046586 nvme1n1 WS   1488360448 131072   14.012
00:07:26.325 python3        1046586 nvme1n1 WS   1488360704 131072   14.089
00:07:26.325 python3        1046586 nvme1n1 WS   1488360960 131072   14.162
00:07:26.325 python3        1046586 nvme1n1 WS   72918528   131072   14.265
00:07:26.325 python3        1046586 nvme1n1 WS   72918784   131072   14.301
00:07:26.325 python3        1046586 nvme1n1 WS   72919040   131072   14.378
00:07:26.325 python3        1046586 nvme1n1 WS   72919296   131072   14.454
00:07:26.326 python3        1046586 nvme1n1 WS   72919552   131072   14.533
00:07:26.326 python3        1046586 nvme1n1 WS   72919808   131072   14.608
00:07:26.326 python3        1046586 nvme1n1 WS   72920064   131072   14.681
00:07:26.326 python3        1046589 nvme1n1 WS   1488418560 131072   14.825
00:07:26.326 python3        1046589 nvme1n1 WS   1488418816 131072   14.890
00:07:26.326 python3        1046589 nvme1n1 WS   1488419072 131072   14.962
00:07:26.326 python3        1046589 nvme1n1 WS   1488419328 131072   15.038
00:07:26.326 python3        1046589 nvme1n1 WS   1488419584 131072   15.116
00:07:26.326 python3        1046589 nvme1n1 WS   1488419840 131072   15.193
00:07:26.326 python3        1046589 nvme1n1 WS   1488420096 131072   15.267
00:07:26.326 python3        1046589 nvme1n1 WS   1488420352 131072   15.340
00:07:26.326 python3        1046588 nvme1n1 WS   321032192  131072   15.465
00:07:26.327 python3        1046588 nvme1n1 WS   321032448  131072   15.534
00:07:26.327 python3        1046588 nvme1n1 WS   321032704  131072   15.605
00:07:26.327 python3        1046588 nvme1n1 WS   321032960  131072   15.680
00:07:26.327 python3        1046588 nvme1n1 WS   321033216  131072   15.755
00:07:26.327 python3        1046588 nvme1n1 WS   321033472  131072   15.827
00:07:26.327 python3        1046588 nvme1n1 WS   321033728  131072   15.903
00:07:26.327 python3        1046586 nvme1n1 WS   72921088   131072   15.963
00:07:26.327 python3        1046586 nvme1n1 WS   72921344   131072   16.029
00:07:26.327 python3        1046586 nvme1n1 WS   72921600   131072   16.104
00:07:26.327 python3        1046586 nvme1n1 WS   72921856   131072   16.177
00:07:26.327 python3        1046586 nvme1n1 WS   72922112   131072   16.253
00:07:26.327 python3        1046586 nvme1n1 WS   72922368   131072   16.323
00:07:26.327 python3        1046586 nvme1n1 WS   72922624   131072   16.400
00:07:26.328 python3        1046586 nvme1n1 WS   72920320   131072   16.517
00:07:26.328 python3        1046586 nvme1n1 WS   72920576   131072   16.591
00:07:26.328 python3        1046586 nvme1n1 WS   72920832   131072   16.680
00:07:26.328 python3        1046586 nvme1n1 WS   72925184   131072   16.755
00:07:26.328 python3        1046586 nvme1n1 WS   72925440   131072   16.832
00:07:26.328 python3        1046589 nvme1n1 WS   1488420608 131072   16.939
00:07:26.328 python3        1046589 nvme1n1 WS   1488363520 131072   17.012
00:07:26.328 python3        1046589 nvme1n1 WS   1488363776 131072   17.085
00:07:26.328 python3        1046586 nvme1n1 WS   1488361216 131072   17.180
00:07:26.328 python3        1046586 nvme1n1 WS   1488361472 131072   17.243
00:07:26.328 python3        1046586 nvme1n1 WS   1488361728 131072   17.317
00:07:26.328 python3        1046586 nvme1n1 WS   1488361984 131072   17.391
00:07:26.329 python3        1046586 nvme1n1 WS   1488362240 131072   17.465
00:07:26.329 python3        1046586 nvme1n1 WS   1488362496 131072   17.538
00:07:26.329 python3        1046586 nvme1n1 WS   1488362752 131072   17.612
00:07:26.329 python3        1046586 nvme1n1 WS   1488363008 131072   17.685
00:07:26.329 python3        1046588 nvme1n1 WS   321033984  131072   17.801
00:07:26.329 python3        1046588 nvme1n1 WS   321034240  131072   17.871
00:07:26.329 python3        1046588 nvme1n1 WS   321034496  131072   17.944
00:07:26.329 python3        1046588 nvme1n1 WS   321034752  131072   18.018
00:07:26.329 python3        1046588 nvme1n1 WS   321035008  131072   18.093
00:07:26.329 python3        1046588 nvme1n1 WS   321035264  131072   18.167
00:07:26.329 python3        1046588 nvme1n1 WS   321035520  131072   18.242
00:07:26.329 python3        1046588 nvme1n1 WS   321035776  131072   18.316
00:07:26.330 python3        1046589 nvme1n1 WS   1488367616 131072   18.441
00:07:26.330 python3        1046589 nvme1n1 WS   1488367872 131072   18.469
00:07:26.330 python3        1046589 nvme1n1 WS   1488368128 131072   18.543
00:07:26.330 python3        1046589 nvme1n1 WS   1488368384 131072   18.620
00:07:26.330 python3        1046589 nvme1n1 WS   1488368640 131072   18.695
00:07:26.330 python3        1046589 nvme1n1 WS   1488368896 131072   18.770
00:07:26.330 python3        1046589 nvme1n1 WS   1488369152 131072   18.846
00:07:26.330 python3        1046589 nvme1n1 WS   1488369408 131072   18.888
00:07:26.330 python3        1046589 nvme1n1 WS   1488369664 131072   18.963
00:07:26.330 python3        1046589 nvme1n1 WS   1488369920 131072   19.040
00:07:26.330 python3        1046586 nvme1n1 WS   1488363264 131072   19.178
00:07:26.330 python3        1046586 nvme1n1 WS   1488371712 131072   19.246
00:07:26.330 python3        1046586 nvme1n1 WS   1488371968 131072   19.324
00:07:26.331 python3        1046586 nvme1n1 WS   72922880   131072   19.407
00:07:26.331 python3        1046586 nvme1n1 WS   72923136   131072   19.483
00:07:26.331 python3        1046586 nvme1n1 WS   72923392   131072   19.553
00:07:26.331 python3        1046586 nvme1n1 WS   72923648   131072   19.628
00:07:26.331 python3        1046586 nvme1n1 WS   72923904   131072   19.702
00:07:26.331 python3        1046586 nvme1n1 WS   72924160   131072   19.773
00:07:26.331 python3        1046586 nvme1n1 WS   72924416   131072   19.850
00:07:26.331 python3        1046586 nvme1n1 WS   72924672   131072   19.925
00:07:26.331 python3        1046588 nvme1n1 WS   321036032  131072   20.055
00:07:26.331 python3        1046588 nvme1n1 WS   321036288  131072   20.122
00:07:26.331 python3        1046588 nvme1n1 WS   321036544  131072   20.203
00:07:26.331 python3        1046589 nvme1n1 WS   72929280   131072   20.249
00:07:26.332 python3        1046589 nvme1n1 WS   72929536   131072   20.317
00:07:26.332 python3        1046589 nvme1n1 WS   72929792   131072   20.395
00:07:26.332 python3        1046589 nvme1n1 WS   72930048   131072   20.469
00:07:26.332 python3        1046589 nvme1n1 WS   72930304   131072   20.545
00:07:26.332 python3        1046589 nvme1n1 WS   72930560   131072   20.621
00:07:26.332 python3        1046589 nvme1n1 WS   72930816   131072   20.700
00:07:26.332 python3        1046589 nvme1n1 WS   72931072   131072   20.738
00:07:26.332 python3        1046589 nvme1n1 WS   72931328   131072   20.808
00:07:26.332 python3        1046589 nvme1n1 WS   72931584   131072   20.881
00:07:26.332 python3        1046589 nvme1n1 WS   72931840   131072   20.957
00:07:26.332 python3        1046589 nvme1n1 WS   72932096   131072   21.037
00:07:26.332 python3        1046589 nvme1n1 WS   1488370176 131072   21.198
00:07:26.332 python3        1046589 nvme1n1 WS   1488370432 131072   21.277
00:07:26.333 python3        1046589 nvme1n1 WS   1488370688 131072   21.356
00:07:26.333 python3        1046589 nvme1n1 WS   1488370944 131072   21.433
00:07:26.333 python3        1046586 nvme1n1 WS   72924928   131072   21.523
00:07:26.333 python3        1046586 nvme1n1 WS   72933376   131072   21.595
00:07:26.333 python3        1046586 nvme1n1 WS   72933632   131072   21.673
00:07:26.333 python3        1046589 nvme1n1 WS   72932352   131072   21.709
00:07:26.333 python3        1046589 nvme1n1 WS   72932608   131072   21.780
00:07:26.333 python3        1046589 nvme1n1 WS   72932864   131072   21.862
00:07:26.333 python3        1046589 nvme1n1 WS   72933120   131072   21.918
00:07:26.333 python3        1046589 nvme1n1 WS   72937472   131072   21.995
00:07:26.333 python3        1046589 nvme1n1 WS   72937728   131072   22.073
00:07:26.333 python3        1046589 nvme1n1 WS   1488371200 131072   22.262
00:07:26.334 python3        1046589 nvme1n1 WS   1488371456 131072   22.321
00:07:26.334 python3        1046589 nvme1n1 WS   1488375808 131072   22.397
00:07:26.334 python3        1046589 nvme1n1 WS   1488376064 131072   22.474
00:07:26.334 python3        1046586 nvme1n1 WS   72941568   131072   17.829
00:07:26.334 python3        1046586 nvme1n1 WS   72941824   131072   17.855
00:07:26.334 python3        1046586 nvme1n1 WS   72942080   131072   17.930
00:07:26.334 python3        1046586 nvme1n1 WS   72942336   131072   18.011
00:07:26.334 python3        1046586 nvme1n1 WS   72942592   131072   18.089
00:07:26.334 python3        1046586 nvme1n1 WS   72942848   131072   18.164
00:07:26.334 python3        1046586 nvme1n1 WS   72943104   131072   18.245
00:07:26.334 python3        1046586 nvme1n1 WS   72943360   131072   18.312
00:07:26.334 python3        1046586 nvme1n1 WS   72943616   131072   18.389
00:07:26.335 python3        1046586 nvme1n1 WS   72943872   110592   18.452
00:07:26.335 python3        1046589 nvme1n1 WS   72945664   131072   18.540
00:07:26.335 python3        1046589 nvme1n1 WS   72945920   131072   18.609
00:07:26.335 python3        1046589 nvme1n1 WS   72946176   131072   18.682
00:07:26.335 python3        1046589 nvme1n1 WS   72946432   131072   18.762
00:07:26.335 python3        1046589 nvme1n1 WS   72946688   131072   18.841
00:07:26.335 python3        1046589 nvme1n1 WS   72946944   131072   18.916
00:07:26.335 python3        1046589 nvme1n1 WS   72947200   131072   18.991
00:07:26.335 python3        1046589 nvme1n1 WS   72947456   131072   19.055
00:07:26.335 python3        1046589 nvme1n1 WS   72947712   131072   19.131
00:07:26.335 python3        1046589 nvme1n1 WS   72947968   110592   19.211
00:07:26.335 python3        1046587 nvme1n1 WS   72949760   131072   18.541
00:07:26.335 python3        1046587 nvme1n1 WS   72950016   131072   18.616
00:07:26.336 python3        1046587 nvme1n1 WS   72950272   131072   18.689
00:07:26.336 python3        1046587 nvme1n1 WS   72950528   131072   18.768
00:07:26.336 python3        1046587 nvme1n1 WS   72950784   131072   18.847
00:07:26.336 python3        1046587 nvme1n1 WS   72951040   131072   18.923
00:07:26.336 python3        1046587 nvme1n1 WS   72951296   131072   18.999
00:07:26.336 python3        1046587 nvme1n1 WS   72951552   131072   19.067
00:07:26.336 python3        1046587 nvme1n1 WS   72951808   131072   19.147
00:07:26.336 python3        1046587 nvme1n1 WS   72952064   110592   19.214
00:07:26.336 python3        1046588 nvme1n1 WS   72953856   131072   14.752
00:07:26.336 python3        1046588 nvme1n1 WS   72954112   131072   14.821
00:07:26.336 python3        1046588 nvme1n1 WS   72954368   131072   14.896
00:07:26.336 python3        1046588 nvme1n1 WS   72954624   131072   14.972
00:07:26.336 python3        1046588 nvme1n1 WS   72954880   131072   15.051
00:07:26.337 python3        1046588 nvme1n1 WS   72955136   131072   15.127
00:07:26.337 python3        1046588 nvme1n1 WS   72955392   131072   15.202
00:07:26.337 python3        1046588 nvme1n1 WS   72955648   131072   15.271
00:07:26.337 python3        1046588 nvme1n1 WS   72955904   131072   15.355
00:07:26.337 python3        1046588 nvme1n1 WS   72956160   110592   15.418
00:07:26.836 nvme           1431678 Unknown N    -1         512       0.033
00:07:27.838 nvme           1431682 Unknown N    -1         512       0.086
00:07:27.871 jbd2/nv        752     nvme1n1 WSM  877359752  131072    0.163
00:07:27.871 jbd2/nv        752     nvme1n1 WSM  877360008  131072    0.198
00:07:27.871 jbd2/nv        752     nvme1n1 WSM  877360264  45056     0.208
00:07:27.871 jbd2/nv        752     nvme1n1 WSM  877360352  4096      0.030
00:07:28.416 kworker        1404641 nvme1n1 W    1755183432 4096      0.061
00:07:28.416 kworker        1404641 nvme1n1 W    1755232096 12288     0.063
00:07:28.841 nvme           1431702 Unknown N    -1         512       0.039
00:07:29.843 nvme           1431711 Unknown N    -1         512       0.075
00:07:30.845 nvme           1431715 Unknown N    -1         512       0.075
00:07:31.848 nvme           1431726 Unknown N    -1         512       0.034
00:07:32.850 nvme           1431730 Unknown N    -1         512       0.076
00:07:33.025 kworker        1404641 nvme0n1 W    37332512   4096      0.610
00:07:33.026 kworker        1272320 nvme0n1 W    6507008    262144    2.100
00:07:33.027 kworker        1272320 nvme0n1 W    6507520    262144    2.296
00:07:33.027 kworker        1272320 nvme0n1 W    6508032    262144    2.723
00:07:33.027 kworker        1272320 nvme0n1 W    6506496    262144    2.800
00:07:33.027 kworker        1272320 nvme0n1 W    6508544    262144    3.069
00:07:33.027 kworker        1272320 nvme0n1 W    6509056    217088    3.158
00:07:33.028 kworker        1272320 nvme0n1 W    6510504    28672     1.296
00:07:33.028 kworker        1272320 nvme0n1 W    6509480    262144    3.919
00:07:33.029 kworker        1272320 nvme0n1 W    6509992    262144    2.987
00:07:33.536 jbd2/nv        752     nvme1n1 WSM  877360360  28672     0.080
00:07:33.536 jbd2/nv        752     nvme1n1 WSM  877360416  4096      0.036
00:07:33.536 kworker        1272320 nvme1n1 W    587571696  131072    0.151
00:07:33.537 kworker        1272320 nvme1n1 W    587571952  98304     0.146
00:07:33.537 kworker        1272320 nvme1n1 W    723494912  122880    0.218
00:07:33.537 kworker        1272320 nvme1n1 W    723495152  131072    0.302
00:07:33.537 kworker        1272320 nvme1n1 W    723495408  12288     0.307
00:07:33.537 kworker        1272320 nvme1n1 W    723495432  131072    0.388
00:07:33.537 kworker        1272320 nvme1n1 W    723495688  12288     0.395
00:07:33.537 kworker        1272320 nvme1n1 W    723495712  122880    0.477
00:07:33.537 kworker        1272320 nvme1n1 W    587572144  53248     0.502
00:07:33.537 kworker        1272320 nvme1n1 W    724840960  131072    0.371
00:07:33.537 kworker        1272320 nvme1n1 W    724841216  61440     0.389
00:07:33.537 kworker        1272320 nvme1n1 W    587572248  32768     0.271
00:07:33.537 kworker        1272320 nvme1n1 W    724849152  131072    0.355
00:07:33.537 kworker        1272320 nvme1n1 W    724849408  90112     0.333
00:07:33.537 kworker        1272320 nvme1n1 W    723386728  77824     0.379
00:07:33.537 kworker        1272320 nvme1n1 W    587572312  45056     0.265
00:07:33.537 kworker        1272320 nvme1n1 W    723484088  102400    0.329
00:07:33.852 nvme           1431744 Unknown N    -1         512       0.033
00:07:34.855 nvme           1431762 Unknown N    -1         512       0.079
00:07:35.072 kworker        1272320 nvme1n1 W    1625050568 16384     0.068
00:07:35.841 amoprof        1271097 nvme1n1 W    584214656  4096      0.053
