TIMESTAMP    COMM           PID     DISK    T    SECTOR     BYTES   LAT(ms)
01:20:44.033 jbd2/nv        752     nvme1n1 WSM  877583704  94208     0.136
01:20:44.033 jbd2/nv        752     nvme1n1 WSM  877583888  4096      0.029
01:20:44.200 nvme           1535860 Unknown N    -1         512       0.035
01:20:45.203 nvme           1535920 Unknown N    -1         512       0.026
01:20:46.205 nvme           1535929 Unknown N    -1         512       0.034
01:20:46.496 kworker        1259302 nvme1n1 W    1625052592 4096      0.050
01:20:46.496 kworker        1473701 nvme1n1 WM   0          4096      0.090
01:20:46.496 kworker        1473701 nvme1n1 WM   280        4096      0.094
01:20:46.496 kworker        1473701 nvme1n1 WM   568        4096      0.094
01:20:46.496 kworker        1473701 nvme1n1 WM   712        8192      0.101
01:20:46.496 kworker        1473701 nvme1n1 WM   736        4096      0.104
01:20:46.496 kworker        1473701 nvme1n1 WM   752        4096      0.104
01:20:46.496 kworker        1473701 nvme1n1 WM   776        8192      0.108
01:20:46.496 kworker        1473701 nvme1n1 WM   461373728  4096      0.110
01:20:46.496 kworker        1473701 nvme1n1 WM   583008288  4096      0.111
01:20:46.496 kworker        1473701 nvme1n1 WM   587202576  4096      0.115
01:20:46.496 kworker        1473701 nvme1n1 WM   591396872  4096      0.118
01:20:46.496 kworker        1473701 nvme1n1 WM   591401816  4096      0.116
01:20:46.496 kworker        1473701 nvme1n1 WM   1174405184 4096      0.120
01:20:46.496 kworker        1473701 nvme1n1 WM   1484783656 4096      0.120
01:20:46.496 kworker        1473701 nvme1n1 WM   1485058520 4096      0.121
01:20:46.496 kworker        1473701 nvme1n1 WM   591401560  131072    0.215
01:20:46.496 kworker        1473701 nvme1n1 WM   1493844928 4096      0.056
01:20:46.496 kworker        1473701 nvme1n1 WM   1497366536 4096      0.063
01:20:46.496 kworker        1473701 nvme1n1 WM   1497685504 8192      0.065
01:20:46.496 kworker        1473701 nvme1n1 WM   1530921000 4096      0.066
01:20:46.496 kworker        1473701 nvme1n1 WM   1530921080 4096      0.070
01:20:46.496 kworker        1473701 nvme1n1 WM   1572864024 4096      0.071
01:20:46.496 kworker        1473701 nvme1n1 WM   1623195704 4096      0.077
01:20:46.496 kworker        1473701 nvme1n1 WM   1635778672 4096      0.077
01:20:46.496 kworker        1473701 nvme1n1 WM   1497685528 16384     0.089
01:20:46.496 kworker        1473701 nvme1n1 WM   1497685576 12288     0.095
01:20:46.496 kworker        1473701 nvme1n1 WM   1756866944 12288     0.100
01:20:46.496 kworker        1473701 nvme1n1 W    591667752  8192      0.032
01:20:47.208 nvme           1535933 Unknown N    -1         512       0.027
01:20:48.210 nvme           1535937 Unknown N    -1         512       0.030
01:20:49.212 nvme           1535956 Unknown N    -1         512       0.028
01:20:49.368 jbd2/nv        752     nvme1n1 WSM  877583896  57344     0.102
01:20:49.368 jbd2/nv        752     nvme1n1 WSM  877584008  4096      0.030
01:20:50.214 nvme           1535965 Unknown N    -1         512       0.028
01:20:51.216 nvme           1535968 Unknown N    -1         512       0.025
01:20:51.617 kworker        1259302 nvme1n1 W    591663856  110592    0.181
01:20:51.617 kworker        1259302 nvme1n1 W    1486186456 131072    0.251
01:20:51.617 kworker        1259302 nvme1n1 W    1486186712 61440     0.289
01:20:51.617 kworker        1259302 nvme1n1 W    591664072  32768     0.307
01:20:51.617 kworker        1259302 nvme1n1 W    1486186832 131072    0.388
01:20:51.617 kworker        1259302 nvme1n1 W    1486187088 90112     0.441
01:20:51.617 kworker        1259302 nvme1n1 W    1176686392 77824     0.488
01:20:51.617 kworker        1259302 nvme1n1 W    591664136  45056     0.521
01:20:52.219 nvme           1535978 Unknown N    -1         512       0.030
01:20:53.221 nvme           1535982 Unknown N    -1         512       0.030
01:20:54.208 amoprof        1271097 nvme1n1 W    587684920  4096      0.057
