TIMESTAMP    COMM           PID     DISK    T    SECTOR     BYTES   LAT(ms)
06:46:11.616 kworker        1817148 nvme1n1 W    721766240  90112     0.132
06:46:11.616 kworker        1958706 nvme1n1 WM   32         8192      0.121
06:46:11.616 kworker        1958706 nvme1n1 WM   152        4096      0.124
06:46:11.616 kworker        1958706 nvme1n1 WM   280        4096      0.124
06:46:11.616 kworker        1958706 nvme1n1 WM   440        4096      0.126
06:46:11.616 kworker        1958706 nvme1n1 WM   568        4096      0.133
06:46:11.616 kworker        1958706 nvme1n1 WM   728        8192      0.135
06:46:11.616 kworker        1958706 nvme1n1 WM   792        4096      0.135
06:46:11.616 kworker        1958706 nvme1n1 WM   808        4096      0.135
06:46:11.616 kworker        1958706 nvme1n1 WM   840        4096      0.135
06:46:11.616 kworker        1958706 nvme1n1 WM   62914624   8192      0.137
06:46:11.616 kworker        1958706 nvme1n1 WM   67108944   4096      0.147
06:46:11.616 kworker        1958706 nvme1n1 WM   67108960   4096      0.150
06:46:11.616 kworker        1958706 nvme1n1 WM   67108984   4096      0.152
06:46:11.616 kworker        1958706 nvme1n1 WM   75497528   4096      0.157
06:46:11.616 kworker        1958706 nvme1n1 WM   310378552  4096      0.158
06:46:11.616 kworker        1958706 nvme1n1 WM   314572880  4096      0.159
06:46:11.616 kworker        1958706 nvme1n1 WM   461373736  4096      0.164
06:46:11.616 kworker        1958706 nvme1n1 WM   461373792  8192      0.165
06:46:11.616 kworker        1958706 nvme1n1 WM   461373816  4096      0.170
06:46:11.616 kworker        1958706 nvme1n1 WM   461373888  4096      0.174
06:46:11.616 kworker        1958706 nvme1n1 WM   570425360  8192      0.176
06:46:11.616 kworker        1958706 nvme1n1 WM   591663848  4096      0.179
06:46:11.616 kworker        1958706 nvme1n1 WM   730173944  4096      0.175
06:46:11.616 kworker        1958706 nvme1n1 WM   730174144  4096      0.181
06:46:11.616 kworker        1958706 nvme1n1 WM   905969672  4096      0.182
06:46:11.616 kworker        1958706 nvme1n1 WM   905969808  4096      0.184
06:46:11.616 kworker        1958706 nvme1n1 WM   905969920  4096      0.186
06:46:11.616 kworker        1958706 nvme1n1 WM   752        16384     0.209
06:46:11.616 kworker        1958706 nvme1n1 WM   612369128  65536     0.235
06:46:11.616 kworker        1958706 nvme1n1 WM   612369264  40960     0.257
06:46:11.617 kworker        1958706 nvme1n1 WM   1174405136 4096      0.087
06:46:11.617 kworker        1958706 nvme1n1 WM   1174405224 4096      0.098
06:46:11.617 kworker        1958706 nvme1n1 WM   1485401008 4096      0.099
06:46:11.617 kworker        1958706 nvme1n1 WM   1485846592 4096      0.099
06:46:11.617 kworker        1958706 nvme1n1 WM   1510731488 4096      0.100
06:46:11.617 kworker        1958706 nvme1n1 WM   1518338104 4096      0.100
06:46:11.617 kworker        1958706 nvme1n1 WM   1530921072 4096      0.110
06:46:11.617 kworker        1958706 nvme1n1 WM   1560281168 4096      0.115
06:46:11.617 kworker        1958706 nvme1n1 WM   1577058392 4096      0.119
06:46:11.617 kworker        1958706 nvme1n1 WM   1593835608 4096      0.121
06:46:11.617 kworker        1958706 nvme1n1 WM   1619001456 4096      0.123
06:46:11.617 kworker        1958706 nvme1n1 WM   1648361488 4096      0.123
06:46:11.617 kworker        1958706 nvme1n1 WM   1660944480 4096      0.129
06:46:11.617 kworker        1958706 nvme1n1 WM   1681915992 4096      0.129
06:46:11.617 kworker        1958706 nvme1n1 WM   1735433528 4096      0.130
06:46:11.617 kworker        1958706 nvme1n1 WM   1735592320 8192      0.135
06:46:11.617 kworker        1958706 nvme1n1 WM   1735592400 4096      0.135
06:46:11.617 kworker        1958706 nvme1n1 WM   1735592424 8192      0.139
06:46:11.617 kworker        1958706 nvme1n1 WM   1735593096 4096      0.143
06:46:11.617 kworker        1958706 nvme1n1 WM   1736441944 4096      0.150
06:46:11.617 kworker        1958706 nvme1n1 WM   1736717304 4096      0.151
06:46:11.617 kworker        1958706 nvme1n1 WM   1740636272 4096      0.155
06:46:11.617 kworker        1958706 nvme1n1 WM   1753219192 4096      0.157
06:46:11.617 kworker        1958706 nvme1n1 WM   1756377824 4096      0.157
06:46:11.617 kworker        1958706 nvme1n1 WM   1756389896 4096      0.161
06:46:11.617 kworker        1958706 nvme1n1 WM   1756390112 4096      0.163
06:46:11.617 kworker        1958706 nvme1n1 WM   1756414192 4096      0.164
06:46:11.617 kworker        1958706 nvme1n1 WM   1756414208 4096      0.166
06:46:11.617 kworker        1958706 nvme1n1 WM   905981248  24576     0.190
06:46:11.617 kworker        1958706 nvme1n1 WM   1598029872 12288     0.195
06:46:11.617 kworker        1958706 nvme1n1 WM   1735592344 12288     0.199
06:46:11.617 kworker        1958706 nvme1n1 WM   1756414904 4096      0.087
06:46:11.617 kworker        1958706 nvme1n1 WM   1756415536 4096      0.088
06:46:11.617 kworker        1958706 nvme1n1 WM   1756415728 4096      0.093
06:46:11.617 kworker        1958706 nvme1n1 WM   1756489664 4096      0.094
06:46:11.617 kworker        1958706 nvme1n1 WM   1756492424 4096      0.098
06:46:11.617 kworker        1958706 nvme1n1 WM   1756521416 4096      0.099
06:46:11.617 kworker        1958706 nvme1n1 WM   1756528584 4096      0.103
06:46:11.617 kworker        1958706 nvme1n1 WM   1756551160 4096      0.103
06:46:11.617 kworker        1958706 nvme1n1 WM   1756599952 4096      0.115
06:46:11.617 kworker        1958706 nvme1n1 WM   1756600976 4096      0.121
06:46:11.617 kworker        1958706 nvme1n1 WM   1756601008 8192      0.122
06:46:11.617 kworker        1958706 nvme1n1 WM   1756601032 4096      0.126
06:46:11.617 kworker        1958706 nvme1n1 WM   1756662760 8192      0.131
06:46:11.617 kworker        1958706 nvme1n1 WM   1756670232 4096      0.132
06:46:11.617 kworker        1958706 nvme1n1 WM   1756670576 4096      0.136
06:46:11.617 kworker        1958706 nvme1n1 WM   1756673768 4096      0.140
06:46:11.617 kworker        1958706 nvme1n1 WM   1756680688 4096      0.146
06:46:11.617 kworker        1958706 nvme1n1 WM   1756682176 4096      0.146
06:46:11.617 kworker        1958706 nvme1n1 WM   1756686272 4096      0.147
06:46:11.617 kworker        1958706 nvme1n1 WM   1756686288 4096      0.154
06:46:11.617 kworker        1958706 nvme1n1 WM   1756708840 4096      0.154
06:46:11.617 kworker        1958706 nvme1n1 WM   1756757952 4096      0.155
06:46:11.617 kworker        1958706 nvme1n1 WM   1756762616 4096      0.160
06:46:11.617 kworker        1958706 nvme1n1 WM   1756772280 4096      0.161
06:46:11.617 kworker        1958706 nvme1n1 WM   1756772296 4096      0.161
06:46:11.617 kworker        1958706 nvme1n1 WM   1756773960 4096      0.165
06:46:11.617 kworker        1958706 nvme1n1 WM   1756776880 4096      0.167
06:46:11.617 kworker        1958706 nvme1n1 WM   1756777336 4096      0.169
06:46:11.617 kworker        1958706 nvme1n1 WM   1756777368 4096      0.183
06:46:11.617 kworker        1958706 nvme1n1 WM   1756777432 4096      0.184
06:46:11.617 kworker        1958706 nvme1n1 WM   1756772312 12288     0.186
06:46:11.617 kworker        1958706 nvme1n1 WM   1756777448 4096      0.082
06:46:11.617 kworker        1958706 nvme1n1 WM   1756777464 4096      0.088
06:46:11.617 kworker        1958706 nvme1n1 WM   1756780432 4096      0.090
06:46:11.617 kworker        1958706 nvme1n1 WM   1756780488 4096      0.094
06:46:11.617 kworker        1958706 nvme1n1 WM   1756783056 4096      0.095
06:46:11.617 kworker        1958706 nvme1n1 WM   1756807672 4096      0.095
06:46:11.617 kworker        1958706 nvme1n1 WM   1756811224 4096      0.107
06:46:11.617 kworker        1958706 nvme1n1 WM   1756827288 8192      0.115
06:46:11.617 kworker        1958706 nvme1n1 WM   1756827616 4096      0.116
06:46:11.617 kworker        1958706 nvme1n1 WM   1756828040 4096      0.120
06:46:11.617 kworker        1958706 nvme1n1 WM   1756833768 4096      0.120
06:46:11.617 kworker        1958706 nvme1n1 WM   1756840224 8192      0.124
06:46:11.617 kworker        1958706 nvme1n1 WM   1756843952 4096      0.128
06:46:11.617 kworker        1958706 nvme1n1 WM   1756846040 4096      0.132
06:46:11.617 kworker        1958706 nvme1n1 WM   1756847232 4096      0.134
06:46:11.617 kworker        1958706 nvme1n1 WM   1756847296 4096      0.137
06:46:11.617 kworker        1958706 nvme1n1 WM   1756847312 4096      0.142
06:46:11.617 kworker        1958706 nvme1n1 WM   1756847344 4096      0.143
06:46:11.617 kworker        1958706 nvme1n1 WM   1756848392 4096      0.143
06:46:11.617 kworker        1958706 nvme1n1 WM   1756848408 4096      0.149
06:46:11.617 kworker        1958706 nvme1n1 WM   1756848496 4096      0.150
06:46:11.617 kworker        1958706 nvme1n1 WM   1756848520 4096      0.150
06:46:11.617 kworker        1958706 nvme1n1 WM   1756848608 4096      0.154
06:46:11.617 kworker        1958706 nvme1n1 WM   1756864816 4096      0.155
06:46:11.617 kworker        1958706 nvme1n1 WM   1756864904 4096      0.159
06:46:11.617 kworker        1958706 nvme1n1 WM   1756866688 4096      0.159
06:46:11.617 kworker        1958706 nvme1n1 WM   1756872680 8192      0.165
06:46:11.617 kworker        1958706 nvme1n1 WM   1756885472 4096      0.166
06:46:11.617 kworker        1958706 nvme1n1 WM   1756888560 4096      0.170
06:46:11.617 kworker        1958706 nvme1n1 WM   1756911960 4096      0.170
06:46:11.648 ib_pg_f        125932  nvme1n1 WS   1756891136 16384     0.052
06:46:11.648 ib_pg_f        125932  nvme1n1 WS   1755217480 16384     0.040
06:46:11.758 nvme           1961521 Unknown N    -1         512       0.037
06:46:12.511 ib_log_        125932  nvme1n1 WS   1756076288 4096      0.059
06:46:12.585 python3        1784368 nvme1n1 WS   1600225280 131072    0.204
06:46:12.585 python3        1784368 nvme1n1 WS   1600225536 131072    0.269
06:46:12.585 python3        1784368 nvme1n1 WS   1600225792 131072    0.386
06:46:12.585 python3        1784368 nvme1n1 WS   1600229376 131072    0.450
06:46:12.585 python3        1784366 nvme1n1 WS   65204224   131072    0.548
06:46:12.585 python3        1784368 nvme1n1 WS   1600229632 131072    0.598
06:46:12.585 python3        1784366 nvme1n1 WS   65204480   131072    0.671
06:46:12.586 python3        1784368 nvme1n1 WS   1600229888 131072    0.746
06:46:12.586 python3        1784366 nvme1n1 WS   65204736   131072    0.836
06:46:12.586 python3        1784368 nvme1n1 WS   1600230144 131072    0.919
06:46:12.586 python3        1784366 nvme1n1 WS   65204992   131072    0.991
06:46:12.586 python3        1784368 nvme1n1 WS   1600226048 131072    1.085
06:46:12.586 python3        1784368 nvme1n1 WS   1600226304 131072    1.168
06:46:12.586 python3        1784368 nvme1n1 WS   1600226560 131072    1.248
06:46:12.586 python3        1784368 nvme1n1 WS   1600226816 131072    1.326
06:46:12.586 python3        1784368 nvme1n1 WS   1600230400 131072    1.408
06:46:12.586 python3        1784366 nvme1n1 WS   65205248   131072    1.489
06:46:12.586 python3        1784368 nvme1n1 WS   1600230656 131072    1.573
06:46:12.586 python3        1784366 nvme1n1 WS   65205504   131072    1.659
06:46:12.587 python3        1784368 nvme1n1 WS   1600230912 131072    1.738
06:46:12.587 python3        1784366 nvme1n1 WS   65205760   131072    1.824
06:46:12.587 python3        1784366 nvme1n1 WS   65206016   131072    1.860
06:46:12.587 python3        1784368 nvme1n1 WS   1600231168 131072    1.941
06:46:12.587 python3        1784366 nvme1n1 WS   65206272   131072    2.023
06:46:12.587 python3        1784368 nvme1n1 WS   1600231424 131072    2.105
06:46:12.587 python3        1784366 nvme1n1 WS   65206528   131072    2.179
06:46:12.587 python3        1784368 nvme1n1 WS   1600231680 131072    2.259
06:46:12.587 python3        1784366 nvme1n1 WS   65206784   131072    2.331
06:46:12.587 python3        1784368 nvme1n1 WS   1600231936 131072    2.423
06:46:12.587 python3        1784368 nvme1n1 WS   1600227072 131072    2.536
06:46:12.587 python3        1784368 nvme1n1 WS   1600227328 131072    2.611
06:46:12.588 python3        1784368 nvme1n1 WS   1600227584 131072    2.685
06:46:12.588 python3        1784368 nvme1n1 WS   1600227840 131072    2.761
06:46:12.588 python3        1784368 nvme1n1 WS   1600228096 131072    2.836
06:46:12.588 python3        1784368 nvme1n1 WS   1600228352 131072    2.911
06:46:12.588 python3        1784368 nvme1n1 WS   1600228608 131072    2.968
06:46:12.588 python3        1784368 nvme1n1 WS   1600228864 131072    3.042
06:46:12.588 python3        1784366 nvme1n1 WS   1600233472 131072    3.127
06:46:12.588 python3        1784366 nvme1n1 WS   1600233728 131072    3.193
06:46:12.588 python3        1784366 nvme1n1 WS   1600233984 131072    3.268
06:46:12.588 python3        1784366 nvme1n1 WS   1600234240 131072    3.341
06:46:12.588 python3        1784366 nvme1n1 WS   1600234496 131072    3.414
06:46:12.588 python3        1784366 nvme1n1 WS   1600234752 131072    3.491
06:46:12.588 python3        1784366 nvme1n1 WS   1600235008 131072    3.567
06:46:12.589 python3        1784366 nvme1n1 WS   65207040   131072    3.650
06:46:12.589 python3        1784368 nvme1n1 WS   1600232192 131072    3.731
06:46:12.589 python3        1784366 nvme1n1 WS   65207296   131072    3.806
06:46:12.589 python3        1784368 nvme1n1 WS   1600232448 131072    3.885
06:46:12.589 python3        1784366 nvme1n1 WS   65207552   131072    3.966
06:46:12.589 python3        1784368 nvme1n1 WS   1600232704 131072    4.049
06:46:12.589 python3        1784366 nvme1n1 WS   65207808   131072    4.127
06:46:12.589 python3        1784368 nvme1n1 WS   1600232960 131072    4.207
06:46:12.589 python3        1784368 nvme1n1 WS   1600229120 131072    4.348
06:46:12.589 python3        1784368 nvme1n1 WS   1600241664 131072    4.375
06:46:12.589 python3        1784368 nvme1n1 WS   1600241920 131072    4.452
06:46:12.589 python3        1784369 nvme1n1 WS   1600237568 131072    4.542
06:46:12.590 python3        1784369 nvme1n1 WS   1600237824 131072    4.606
06:46:12.590 python3        1784369 nvme1n1 WS   1600238080 131072    4.680
06:46:12.590 python3        1784369 nvme1n1 WS   1600238336 131072    4.756
06:46:12.590 python3        1784369 nvme1n1 WS   1600238592 131072    4.832
06:46:12.590 python3        1784369 nvme1n1 WS   1600238848 131072    4.910
06:46:12.590 python3        1784369 nvme1n1 WS   1600239104 131072    4.987
06:46:12.590 python3        1784366 nvme1n1 WS   1600235264 131072    5.073
06:46:12.590 python3        1784366 nvme1n1 WS   1600235520 131072    5.147
06:46:12.590 python3        1784366 nvme1n1 WS   1600235776 131072    5.222
06:46:12.590 python3        1784366 nvme1n1 WS   1600236032 131072    5.300
06:46:12.590 python3        1784369 nvme1n1 WS   1600245760 131072    5.392
06:46:12.590 python3        1784369 nvme1n1 WS   1600246016 131072    5.468
06:46:12.590 python3        1784369 nvme1n1 WS   1600246272 131072    5.542
06:46:12.591 python3        1784366 nvme1n1 WS   65208064   131072    5.621
06:46:12.591 python3        1784368 nvme1n1 WS   1600233216 131072    5.699
06:46:12.591 python3        1784366 nvme1n1 WS   1600236288 131072    5.777
06:46:12.591 python3        1784369 nvme1n1 WS   1600246528 131072    5.845
06:46:12.591 python3        1784366 nvme1n1 WS   1600236544 131072    5.920
06:46:12.591 python3        1784369 nvme1n1 WS   1600246784 131072    5.997
06:46:12.591 python3        1784366 nvme1n1 WS   65208320   131072    6.074
06:46:12.591 python3        1784366 nvme1n1 WS   65208576   131072    6.153
06:46:12.591 python3        1784368 nvme1n1 WS   1600249856 131072    6.232
06:46:12.591 python3        1784366 nvme1n1 WS   1600236800 131072    6.312
06:46:12.591 python3        1784366 nvme1n1 WS   1600237056 131072    6.389
06:46:12.591 python3        1784369 nvme1n1 WS   1600247040 131072    6.471
06:46:12.592 python3        1784369 nvme1n1 WS   1600247296 131072    6.546
06:46:12.592 python3        1784368 nvme1n1 WS   1600250112 131072    6.624
06:46:12.592 python3        1784366 nvme1n1 WS   1600237312 131072    6.691
06:46:12.592 python3        1784366 nvme1n1 WS   1600253952 131072    6.770
06:46:12.592 python3        1784366 nvme1n1 WS   1600254208 131072    6.849
06:46:12.592 python3        1784369 nvme1n1 WS   1600247552 131072    6.967
06:46:12.592 python3        1784369 nvme1n1 WS   1600247808 131072    7.042
06:46:12.592 python3        1784369 nvme1n1 WS   1600248064 131072    7.121
06:46:12.592 python3        1784369 nvme1n1 WS   1600248320 131072    7.198
06:46:12.592 python3        1784369 nvme1n1 WS   1600248576 131072    7.281
06:46:12.592 python3        1784369 nvme1n1 WS   1600239360 131072    7.375
06:46:12.592 python3        1784369 nvme1n1 WS   1600239616 131072    7.444
06:46:12.593 python3        1784369 nvme1n1 WS   1600239872 131072    7.518
06:46:12.593 python3        1784369 nvme1n1 WS   1600240128 131072    7.596
06:46:12.593 python3        1784369 nvme1n1 WS   1600240384 131072    7.671
06:46:12.593 python3        1784369 nvme1n1 WS   1600240640 131072    7.751
06:46:12.593 python3        1784369 nvme1n1 WS   1600240896 131072    7.829
06:46:12.593 python3        1784369 nvme1n1 WS   1600248832 131072    7.921
06:46:12.593 python3        1784369 nvme1n1 WS   1600249088 131072    8.001
06:46:12.593 python3        1784369 nvme1n1 WS   1600249344 131072    8.079
06:46:12.593 python3        1784369 nvme1n1 WS   1600241152 131072    8.152
06:46:12.593 python3        1784369 nvme1n1 WS   1600249600 131072    8.224
06:46:12.593 python3        1784369 nvme1n1 WS   1600258048 131072    8.306
06:46:12.593 python3        1784369 nvme1n1 WS   1600258304 131072    8.384
06:46:12.594 python3        1784368 nvme1n1 WS   312489984  131072    8.554
06:46:12.594 python3        1784368 nvme1n1 WS   312490240  131072    8.554
06:46:12.594 python3        1784368 nvme1n1 WS   312490496  131072    8.606
06:46:12.594 python3        1784368 nvme1n1 WS   312490752  131072    8.682
06:46:12.594 python3        1784368 nvme1n1 WS   312491008  102400    8.745
06:46:12.594 python3        1784369 nvme1n1 WS   1600241408 131072    8.837
06:46:12.594 python3        1784369 nvme1n1 WS   1600262144 131072    8.907
06:46:12.594 python3        1784369 nvme1n1 WS   1600262400 131072    8.986
06:46:12.594 python3        1784366 nvme1n1 WS   1599879168 131072    9.027
06:46:12.594 python3        1784366 nvme1n1 WS   1599879424 131072    9.093
06:46:12.594 python3        1784366 nvme1n1 WS   1599879680 131072    9.170
06:46:12.594 python3        1784366 nvme1n1 WS   1599879936 131072    9.246
06:46:12.594 python3        1784366 nvme1n1 WS   1599880192 102400    9.309
06:46:12.595 python3        1784369 nvme1n1 WS   1599883264 131072    9.426
06:46:12.595 python3        1784369 nvme1n1 WS   1599883520 131072    9.451
06:46:12.595 python3        1784369 nvme1n1 WS   1599883776 131072    9.527
06:46:12.595 python3        1784369 nvme1n1 WS   1599884032 131072    9.604
06:46:12.595 python3        1784369 nvme1n1 WS   1599884288 102400    9.664
06:46:12.595 python3        1784367 nvme1n1 WS   1600266240 131072    9.801
06:46:12.595 python3        1784367 nvme1n1 WS   1600266496 131072    9.802
06:46:12.595 python3        1784367 nvme1n1 WS   1600266752 131072    9.854
06:46:12.595 python3        1784367 nvme1n1 WS   1600267008 131072    9.928
06:46:12.595 python3        1784367 nvme1n1 WS   1600267264 131072   10.005
06:46:12.595 python3        1784367 nvme1n1 WS   1600267520 131072   10.086
06:46:12.595 python3        1784367 nvme1n1 WS   1600267776 131072   10.169
06:46:12.595 python3        1784367 nvme1n1 WS   65212416   131072   10.262
06:46:12.596 python3        1784367 nvme1n1 WS   65212672   131072   10.333
06:46:12.596 python3        1784367 nvme1n1 WS   65212928   131072   10.410
06:46:12.596 python3        1784367 nvme1n1 WS   65213184   131072   10.486
06:46:12.596 python3        1784367 nvme1n1 WS   65213440   131072   10.564
06:46:12.596 python3        1784367 nvme1n1 WS   65213696   131072   10.640
06:46:12.596 python3        1784367 nvme1n1 WS   1599891456 131072   10.726
06:46:12.596 python3        1784367 nvme1n1 WS   1599891712 131072   10.797
06:46:12.596 python3        1784367 nvme1n1 WS   65213952   131072   10.880
06:46:12.596 python3        1784367 nvme1n1 WS   65214208   131072   10.936
06:46:12.596 python3        1784367 nvme1n1 WS   65214464   131072   11.011
06:46:12.596 python3        1784367 nvme1n1 WS   65214720   131072   11.092
06:46:12.596 python3        1784367 nvme1n1 WS   65214976   131072   11.170
06:46:12.596 python3        1784367 nvme1n1 WS   65215232   131072   11.253
06:46:12.597 python3        1784367 nvme1n1 WS   65215488   131072   11.323
06:46:12.597 python3        1784367 nvme1n1 WS   65215744   131072   11.402
06:46:12.597 python3        1784367 nvme1n1 WS   65216000   131072   11.484
06:46:12.597 python3        1784367 nvme1n1 WS   65216256   131072   11.549
06:46:12.597 python3        1784367 nvme1n1 WS   1599891968 131072   11.691
06:46:12.597 python3        1784367 nvme1n1 WS   1599892224 131072   11.767
06:46:12.597 python3        1784367 nvme1n1 WS   1599892480 102400   11.830
06:46:12.597 python3        1784367 nvme1n1 WS   1600268032 131072   12.024
06:46:12.597 python3        1784367 nvme1n1 WS   1600268288 131072   12.034
06:46:12.597 python3        1784367 nvme1n1 WS   1600268544 131072   12.055
06:46:12.597 python3        1784367 nvme1n1 WS   1600268800 131072   12.129
06:46:12.597 python3        1784367 nvme1n1 WS   1600269056 131072   12.208
06:46:12.598 python3        1784367 nvme1n1 WS   1600269312 131072   12.287
06:46:12.598 python3        1784367 nvme1n1 WS   1600269568 131072   12.366
06:46:12.598 python3        1784367 nvme1n1 WS   1600269824 131072   12.445
06:46:12.598 python3        1784367 nvme1n1 WS   1600270080 131072   12.510
06:46:12.598 python3        1784367 nvme1n1 WS   1600270336 131072   12.589
06:46:12.598 python3        1784367 nvme1n1 WS   1600270592 131072   12.669
06:46:12.598 python3        1784367 nvme1n1 WS   65216512   131072   12.757
06:46:12.598 python3        1784367 nvme1n1 WS   65216768   131072   12.837
06:46:12.761 nvme           1961580 Unknown N    -1         512       0.152
06:46:13.203 ib_log_        125932  nvme1n1 WS   1756078952 4096      0.054
06:46:13.203 ib_log_        125932  nvme1n1 WS   1756078952 4096      0.029
06:46:13.203 connect        125932  nvme1n1 WS   844577872  4096      0.039
06:46:13.203 jbd2/nv        752     nvme1n1 WSM  877247288  131072    0.151
06:46:13.203 jbd2/nv        752     nvme1n1 WSM  877247544  131072    0.201
06:46:13.203 jbd2/nv        752     nvme1n1 WSM  877247800  32768     0.205
06:46:13.203 jbd2/nv        752     nvme1n1 WSM  877247864  4096      0.029
06:46:13.204 ib_log_        125932  nvme1n1 WS   1756078952 4096      0.029
06:46:13.205 ib_log_        125932  nvme1n1 WS   1756078952 4096      0.029
06:46:13.205 ib_log_        125932  nvme1n1 WS   1756078960 8192      0.029
06:46:13.205 jbd2/nv        752     nvme1n1 WSM  877247872  8192      0.032
06:46:13.205 jbd2/nv        752     nvme1n1 WSM  877247888  4096      0.026
06:46:13.205 jbd2/nv        752     nvme1n1 WSM  877247896  20480     0.044
06:46:13.205 jbd2/nv        752     nvme1n1 WSM  877247936  4096      0.029
06:46:13.205 connect        125932  nvme1n1 WS   1739387168 114688    0.126
06:46:13.205 jbd2/nv        752     nvme1n1 WSM  877247944  16384     0.042
06:46:13.205 jbd2/nv        752     nvme1n1 WSM  877247976  4096      0.028
06:46:13.205 connect        125932  nvme1n1 WS   1744456864 16384     0.041
06:46:13.205 jbd2/nv        752     nvme1n1 WSM  877247984  20480     0.044
06:46:13.205 jbd2/nv        752     nvme1n1 WSM  877248024  4096      0.031
06:46:13.206 ib_log_        125932  nvme1n1 WS   1756078968 4096      0.027
06:46:13.206 ib_log_        125932  nvme1n1 WS   1756078968 4096      0.028
06:46:13.206 ib_log_        125932  nvme1n1 WS   1756078968 4096      0.028
06:46:13.206 ib_log_        125932  nvme1n1 WS   1756078976 8192      0.030
06:46:13.206 jbd2/nv        752     nvme1n1 WSM  877248032  8192      0.031
06:46:13.206 jbd2/nv        752     nvme1n1 WSM  877248048  4096      0.027
06:46:13.206 ib_log_        125932  nvme1n1 WS   1756078976 4096      0.029
06:46:13.207 ib_log_        125932  nvme1n1 WS   1756078976 8192      0.036
06:46:13.207 ib_log_        125932  nvme1n1 WS   1756078992 8192      0.033
06:46:13.207 jbd2/nv        752     nvme1n1 WSM  877248056  8192      0.030
06:46:13.208 jbd2/nv        752     nvme1n1 WSM  877248072  4096      0.028
06:46:13.208 ib_log_        125932  nvme1n1 WS   1756078992 4096      0.027
06:46:13.208 connect        125932  nvme1n1 WS   844577872  4096      0.038
06:46:13.208 jbd2/nv        752     nvme1n1 WSM  877248080  12288     0.036
06:46:13.208 jbd2/nv        752     nvme1n1 WSM  877248104  4096      0.028
06:46:13.208 ib_log_        125932  nvme1n1 WS   1756078992 4096      0.028
06:46:13.209 ib_log_        125932  nvme1n1 WS   1756078992 8192      0.030
06:46:13.209 ib_log_        125932  nvme1n1 WS   1756079008 8192      0.030
06:46:13.209 jbd2/nv        752     nvme1n1 WSM  877248112  12288     0.037
06:46:13.209 jbd2/nv        752     nvme1n1 WSM  877248136  4096      0.028
06:46:13.209 ib_log_        125932  nvme1n1 WS   1756079008 8192      0.030
06:46:13.209 connect        125932  nvme1n1 WS   844577872  8192      0.036
06:46:13.209 jbd2/nv        752     nvme1n1 WSM  877248144  24576     0.047
06:46:13.209 jbd2/nv        752     nvme1n1 WSM  877248192  4096      0.028
06:46:13.210 ib_log_        125932  nvme1n1 WS   1756079016 4096      0.029
06:46:13.245 ib_log_        125932  nvme1n1 WS   1756079016 4096      0.034
06:46:13.246 ib_log_        125932  nvme1n1 WS   1756079016 4096      0.027
06:46:13.355 ib_log_        125932  nvme1n1 WS   1756079016 4096      0.041
06:46:13.649 ib_pg_f        125932  nvme1n1 WS   1756905472 131072    0.180
06:46:13.649 ib_pg_f        125932  nvme1n1 WS   1756905728 131072    0.243
06:46:13.649 ib_pg_f        125932  nvme1n1 WS   1756905984 131072    0.318
06:46:13.649 ib_pg_f        125932  nvme1n1 WS   1756906240 131072    0.395
06:46:13.649 ib_pg_f        125932  nvme1n1 WS   1756906496 131072    0.471
06:46:13.649 ib_pg_f        125932  nvme1n1 WS   1756906752 131072    0.549
06:46:13.649 ib_pg_f        125932  nvme1n1 WS   1756907008 131072    0.625
06:46:13.649 ib_pg_f        125932  nvme1n1 WS   1756907264 65536     0.666
06:46:13.649 ib_pg_f        125932  nvme1n1 WS   1755261568 16384     0.048
06:46:13.649 ib_pg_f        125932  nvme1n1 WS   1757691136 16384     0.055
06:46:13.650 ib_pg_f        125932  nvme1n1 WS   1757759648 16384     0.056
06:46:13.650 ib_pg_f        125932  nvme1n1 WS   1755247104 16384     0.056
06:46:13.650 ib_pg_f        125932  nvme1n1 WS   1755175584 16384     0.061
06:46:13.650 ib_pg_f        125932  nvme1n1 WS   1439840    16384     0.074
06:46:13.650 ib_pg_f        125932  nvme1n1 WS   1439872    16384     0.074
06:46:13.650 ib_pg_f        125932  nvme1n1 WS   1439904    16384     0.075
06:46:13.650 ib_pg_f        125932  nvme1n1 WS   1755106432 16384     0.080
06:46:13.650 ib_pg_f        125932  nvme1n1 WS   1755175616 16384     0.089
06:46:13.650 ib_pg_f        125932  nvme1n1 WS   1740169632 16384     0.087
06:46:13.650 ib_pg_f        125932  nvme1n1 WS   1740172256 16384     0.085
06:46:13.650 ib_pg_f        125932  nvme1n1 WS   1440384    16384     0.072
06:46:13.650 ib_pg_f        125932  nvme1n1 WS   1440416    16384     0.071
06:46:13.650 ib_pg_f        125932  nvme1n1 WS   1440448    16384     0.073
06:46:13.650 ib_pg_f        125932  nvme1n1 WS   1440480    16384     0.074
06:46:13.650 ib_pg_f        125932  nvme1n1 WS   1440512    16384     0.077
06:46:13.650 ib_pg_f        125932  nvme1n1 WS   1440576    16384     0.076
06:46:13.650 ib_pg_f        125932  nvme1n1 WS   1440608    16384     0.079
06:46:13.650 ib_pg_f        125932  nvme1n1 WS   1440640    16384     0.082
06:46:13.650 ib_pg_f        125932  nvme1n1 WS   1498170112 16384     0.082
06:46:13.650 ib_pg_f        125932  nvme1n1 WS   1740172288 16384     0.084
06:46:13.650 ib_pg_f        125932  nvme1n1 WS   1740172320 16384     0.088
06:46:13.650 ib_pg_f        125932  nvme1n1 WS   13302752   16384     0.087
06:46:13.650 ib_pg_f        125932  nvme1n1 WS   1740172096 16384     0.090
06:46:13.650 ib_pg_f        125932  nvme1n1 WS   1740171264 16384     0.092
06:46:13.650 ib_pg_f        125932  nvme1n1 WS   13302880   16384     0.095
06:46:13.650 ib_pg_f        125932  nvme1n1 WS   1757758240 16384     0.088
06:46:13.650 ib_pg_f        125932  nvme1n1 WS   1757758368 16384     0.091
06:46:13.650 ib_pg_f        125932  nvme1n1 WS   13303136   16384     0.089
06:46:13.650 ib_pg_f        125932  nvme1n1 WS   13302112   16384     0.091
06:46:13.650 ib_pg_f        125932  nvme1n1 WS   13302272   16384     0.093
06:46:13.650 ib_pg_f        125932  nvme1n1 WS   1740058848 16384     0.094
06:46:13.650 ib_pg_f        125932  nvme1n1 WS   1755261600 16384     0.097
06:46:13.650 ib_pg_f        125932  nvme1n1 WS   1755247072 16384     0.098
06:46:13.650 ib_pg_f        125932  nvme1n1 WS   1739387200 16384     0.054
06:46:13.650 ib_pg_f        125932  nvme1n1 WS   1744456864 16384     0.070
06:46:13.650 ib_pg_f        125932  nvme1n1 WS   1739387232 16384     0.072
06:46:13.650 ib_pg_f        125932  nvme1n1 WS   1739387264 16384     0.076
06:46:13.650 ib_pg_f        125932  nvme1n1 WS   1755175648 16384     0.086
06:46:13.650 ib_pg_f        125932  nvme1n1 WS   1739387296 16384     0.085
06:46:13.650 ib_pg_f        125932  nvme1n1 WS   1755261632 16384     0.085
06:46:13.650 ib_pg_f        125932  nvme1n1 WS   1440736    16384     0.081
06:46:13.650 ib_pg_f        125932  nvme1n1 WS   1440768    16384     0.087
06:46:13.650 ib_pg_f        125932  nvme1n1 WS   1440672    16384     0.083
06:46:13.650 ib_pg_f        125932  nvme1n1 WS   1440704    16384     0.086
06:46:13.650 ib_pg_f        125932  nvme1n1 WS   1755175680 16384     0.086
06:46:13.650 ib_pg_f        125932  nvme1n1 WS   1755217512 16384     0.063
06:46:13.650 ib_pg_f        125932  nvme1n1 WS   1757716416 16384     0.062
06:46:13.650 ib_pg_f        125932  nvme1n1 WS   1498170080 16384     0.060
06:46:13.650 ib_pg_f        125932  nvme1n1 WS   1757690048 16384     0.072
06:46:13.650 ib_pg_f        125932  nvme1n1 WS   1755106464 16384     0.076
06:46:13.650 ib_pg_f        125932  nvme1n1 WS   1755175712 16384     0.081
06:46:13.650 ib_pg_f        125932  nvme1n1 WS   1756432960 16384     0.083
06:46:13.650 ib_pg_f        125932  nvme1n1 WS   1755180288 16384     0.088
06:46:13.650 ib_pg_f        125932  nvme1n1 WS   1755248736 16384     0.082
06:46:13.650 ib_pg_f        125932  nvme1n1 WS   1755106560 16384     0.086
06:46:13.650 ib_pg_f        125932  nvme1n1 WS   1755175744 16384     0.089
06:46:13.650 ib_pg_f        125932  nvme1n1 WS   1740147232 16384     0.091
06:46:13.650 ib_pg_f        125932  nvme1n1 WS   1740058784 16384     0.096
06:46:13.763 nvme           1961595 Unknown N    -1         512       0.076
06:46:13.899 python3        1784368 nvme1n1 WS   65220608   131072    0.176
06:46:13.900 python3        1784368 nvme1n1 WS   65220864   131072    0.293
06:46:13.900 python3        1784368 nvme1n1 WS   65221120   131072    0.359
06:46:13.900 python3        1784368 nvme1n1 WS   65221376   131072    0.395
06:46:13.900 python3        1784368 nvme1n1 WS   65221632   131072    0.505
06:46:13.900 python3        1784368 nvme1n1 WS   65221888   131072    0.583
06:46:13.900 python3        1784368 nvme1n1 WS   65222144   131072    0.644
06:46:13.900 python3        1784368 nvme1n1 WS   65222400   131072    0.692
06:46:13.900 python3        1784368 nvme1n1 WS   65222656   131072    0.775
06:46:13.900 python3        1784368 nvme1n1 WS   65222912   131072    0.853
06:46:13.900 python3        1784368 nvme1n1 WS   65223168   16384     0.860
06:46:13.900 python3        1784366 nvme1n1 WS   317227008  131072    0.954
06:46:13.900 python3        1784366 nvme1n1 WS   317227264  131072    1.024
06:46:13.900 python3        1784366 nvme1n1 WS   317227520  131072    1.105
06:46:13.901 python3        1784366 nvme1n1 WS   317227776  131072    1.186
06:46:13.901 python3        1784366 nvme1n1 WS   317228032  131072    1.267
06:46:13.901 python3        1784366 nvme1n1 WS   317228288  131072    1.346
06:46:13.901 python3        1784366 nvme1n1 WS   317228544  131072    1.428
06:46:13.901 python3        1784366 nvme1n1 WS   317228800  131072    1.501
06:46:13.901 python3        1784366 nvme1n1 WS   317229056  131072    1.581
06:46:13.901 python3        1784366 nvme1n1 WS   317229312  131072    1.662
06:46:13.901 python3        1784366 nvme1n1 WS   317229568  16384     1.671
06:46:13.901 python3        1784369 nvme1n1 WS   1600274432 131072    1.739
06:46:13.901 python3        1784369 nvme1n1 WS   1600274688 131072    1.814
06:46:13.901 python3        1784369 nvme1n1 WS   1600274944 131072    1.893
06:46:13.901 python3        1784369 nvme1n1 WS   1600275200 131072    1.973
06:46:13.901 python3        1784369 nvme1n1 WS   1600275456 131072    2.049
06:46:13.902 python3        1784369 nvme1n1 WS   1600275712 131072    2.122
06:46:13.902 python3        1784369 nvme1n1 WS   1600275968 131072    2.197
06:46:13.902 python3        1784368 nvme1n1 WS   1600282624 131072    2.250
06:46:13.902 python3        1784368 nvme1n1 WS   1600282880 131072    2.317
06:46:13.902 python3        1784368 nvme1n1 WS   1600283136 131072    2.391
06:46:13.902 python3        1784369 nvme1n1 WS   1600276224 131072    2.481
06:46:13.902 python3        1784369 nvme1n1 WS   1600276480 131072    2.551
06:46:13.902 python3        1784367 nvme1n1 WS   1600278528 131072    2.639
06:46:13.902 python3        1784367 nvme1n1 WS   1178071040 131072    2.707
06:46:13.902 python3        1784367 nvme1n1 WS   1600278784 131072    2.794
06:46:13.902 python3        1784367 nvme1n1 WS   1178071296 131072    2.866
06:46:13.902 python3        1784367 nvme1n1 WS   1600279040 131072    2.946
06:46:13.902 python3        1784367 nvme1n1 WS   1178071552 131072    3.023
06:46:13.903 python3        1784367 nvme1n1 WS   1600279296 131072    3.101
06:46:13.903 python3        1784368 nvme1n1 WS   1600283392 131072    3.188
06:46:13.903 python3        1784368 nvme1n1 WS   1600283648 131072    3.262
06:46:13.903 python3        1784368 nvme1n1 WS   1600283904 131072    3.342
06:46:13.903 python3        1784368 nvme1n1 WS   1600284160 131072    3.419
06:46:13.903 python3        1784369 nvme1n1 WS   1600276736 131072    3.523
06:46:13.903 python3        1784369 nvme1n1 WS   1600276992 131072    3.580
06:46:13.903 python3        1784369 nvme1n1 WS   1600277248 131072    3.656
06:46:13.903 python3        1784367 nvme1n1 WS   1178071808 131072    3.731
06:46:13.903 python3        1784367 nvme1n1 WS   1600279552 131072    3.811
06:46:13.903 python3        1784367 nvme1n1 WS   1178072064 131072    3.889
06:46:13.903 python3        1784367 nvme1n1 WS   1178072320 131072    3.964
06:46:13.904 python3        1784367 nvme1n1 WS   1178072576 131072    4.038
06:46:13.904 python3        1784367 nvme1n1 WS   1600279808 131072    4.126
06:46:13.904 python3        1784367 nvme1n1 WS   1600280064 131072    4.191
06:46:13.904 python3        1784367 nvme1n1 WS   1600280320 131072    4.259
06:46:13.904 python3        1784367 nvme1n1 WS   1600280576 131072    4.339
06:46:13.904 python3        1784367 nvme1n1 WS   1600280832 131072    4.416
06:46:13.904 python3        1784367 nvme1n1 WS   1178072832 131072    4.496
06:46:13.904 python3        1784369 nvme1n1 WS   1600277504 131072    4.621
06:46:13.904 python3        1784369 nvme1n1 WS   1600277760 131072    4.694
06:46:13.904 python3        1784369 nvme1n1 WS   1600278016 131072    4.770
06:46:13.904 python3        1784366 nvme1n1 WS   1600286720 131072    4.845
06:46:13.904 python3        1784366 nvme1n1 WS   1600286976 131072    4.921
06:46:13.904 python3        1784366 nvme1n1 WS   1600287232 131072    4.998
06:46:13.905 python3        1784366 nvme1n1 WS   1600287488 131072    5.077
06:46:13.905 python3        1784366 nvme1n1 WS   1600287744 131072    5.154
06:46:13.905 python3        1784369 nvme1n1 WS   1600278272 131072    5.233
06:46:13.905 python3        1784366 nvme1n1 WS   1600288000 131072    5.314
06:46:13.905 python3        1784369 nvme1n1 WS   1600290816 131072    5.392
06:46:13.905 python3        1784369 nvme1n1 WS   1600291072 131072    5.471
06:46:13.905 python3        1784366 nvme1n1 WS   1600288256 131072    5.552
06:46:13.905 python3        1784368 nvme1n1 WS   1600284416 131072    5.713
06:46:13.905 python3        1784368 nvme1n1 WS   1600284672 131072    5.739
06:46:13.905 python3        1784368 nvme1n1 WS   1600284928 131072    5.799
06:46:13.905 python3        1784368 nvme1n1 WS   1600285184 131072    5.877
06:46:13.905 python3        1784368 nvme1n1 WS   1600285440 131072    5.957
06:46:13.906 python3        1784368 nvme1n1 WS   1600285696 131072    6.037
06:46:13.906 python3        1784368 nvme1n1 WS   1600285952 131072    6.113
06:46:13.906 python3        1784368 nvme1n1 WS   1600286208 131072    6.191
06:46:13.906 python3        1784369 nvme1n1 WS   65224704   131072    6.350
06:46:13.906 python3        1784369 nvme1n1 WS   65224960   131072    6.362
06:46:13.906 python3        1784367 nvme1n1 WS   1600281088 16384     6.403
06:46:13.906 python3        1784367 nvme1n1 WS   1178073088 131072    6.431
06:46:13.906 python3        1784367 nvme1n1 WS   1178073344 131072    6.513
06:46:13.906 python3        1784367 nvme1n1 WS   1178073600 131072    6.595
06:46:13.906 python3        1784367 nvme1n1 WS   1178073856 131072    6.669
06:46:13.906 python3        1784367 nvme1n1 WS   1178074112 131072    6.764
06:46:13.906 python3        1784367 nvme1n1 WS   1178074368 131072    6.842
06:46:13.906 python3        1784367 nvme1n1 WS   1178074624 131072    6.919
06:46:13.907 python3        1784367 nvme1n1 WS   1178074880 131072    6.986
06:46:13.907 python3        1784367 nvme1n1 WS   1178075136 131072    7.066
06:46:13.907 python3        1784367 nvme1n1 WS   1178075392 131072    7.145
06:46:13.907 python3        1784369 nvme1n1 WS   65225216   131072    7.267
06:46:13.907 python3        1784369 nvme1n1 WS   65225472   131072    7.346
06:46:13.907 python3        1784369 nvme1n1 WS   65225728   131072    7.427
06:46:13.907 python3        1784369 nvme1n1 WS   65225984   131072    7.504
06:46:13.907 python3        1784369 nvme1n1 WS   65226240   131072    7.587
06:46:13.907 python3        1784369 nvme1n1 WS   65226496   131072    7.658
06:46:13.907 python3        1784369 nvme1n1 WS   65226752   131072    7.734
06:46:13.907 python3        1784369 nvme1n1 WS   65227008   131072    7.818
06:46:13.907 python3        1784369 nvme1n1 WS   65227264   16384     7.826
06:46:13.907 python3        1784368 nvme1n1 WS   1600286464 131072    7.930
06:46:13.908 python3        1784368 nvme1n1 WS   1600294912 131072    8.008
06:46:13.908 python3        1784368 nvme1n1 WS   1600295168 131072    8.090
06:46:13.908 python3        1784366 nvme1n1 WS   1600288512 131072    8.164
06:46:13.908 python3        1784366 nvme1n1 WS   1600288768 131072    8.240
06:46:13.908 python3        1784366 nvme1n1 WS   1600289024 131072    8.319
06:46:13.908 python3        1784366 nvme1n1 WS   1600289280 131072    8.399
06:46:13.908 python3        1784366 nvme1n1 WS   1600289536 131072    8.479
06:46:13.908 python3        1784366 nvme1n1 WS   1600289792 131072    8.555
06:46:13.908 python3        1784366 nvme1n1 WS   1600290048 131072    8.631
06:46:13.908 python3        1784366 nvme1n1 WS   1600290304 131072    8.711
06:46:13.908 python3        1784366 nvme1n1 WS   1600290560 131072    8.776
06:46:13.908 python3        1784366 nvme1n1 WS   1600299008 131072    8.851
06:46:13.909 python3        1784366 nvme1n1 WS   1600299264 131072    8.937
06:46:14.177 kworker        1958706 nvme0n1 W    37877200   8192      0.998
06:46:14.512 ib_log_        125932  nvme1n1 WS   1756079016 4096      0.062
06:46:14.512 ib_log_        125932  nvme1n1 WS   1756076288 4096      0.038
06:46:14.765 nvme           1961610 Unknown N    -1         512       0.089
06:46:14.788 python3        1784368 nvme1n1 WS   1600303104 131072    0.223
06:46:14.788 python3        1784368 nvme1n1 WS   1600303360 131072    0.276
06:46:14.788 python3        1784368 nvme1n1 WS   1600303616 131072    0.328
06:46:14.789 python3        1784368 nvme1n1 WS   1600303872 131072    0.431
06:46:14.789 python3        1784368 nvme1n1 WS   1600304128 131072    0.478
06:46:14.789 python3        1784368 nvme1n1 WS   1600304384 131072    0.566
06:46:14.789 python3        1784368 nvme1n1 WS   1600304640 131072    0.653
06:46:14.789 python3        1784366 nvme1n1 WS   1600307200 131072    0.736
06:46:14.789 python3        1784366 nvme1n1 WS   1600307456 131072    0.814
06:46:14.789 python3        1784366 nvme1n1 WS   1600307712 131072    0.891
06:46:14.789 python3        1784366 nvme1n1 WS   1600307968 131072    0.970
06:46:14.789 python3        1784366 nvme1n1 WS   1600308224 131072    1.052
06:46:14.789 python3        1784366 nvme1n1 WS   1600308480 131072    1.141
06:46:14.789 python3        1784366 nvme1n1 WS   1600308736 131072    1.214
06:46:14.789 python3        1784368 nvme1n1 WS   1600304896 131072    1.290
06:46:14.790 python3        1784368 nvme1n1 WS   1600305152 131072    1.373
06:46:14.790 python3        1784368 nvme1n1 WS   1600311296 131072    1.462
06:46:14.790 python3        1784368 nvme1n1 WS   1600311552 131072    1.537
06:46:14.790 python3        1784368 nvme1n1 WS   1600311808 131072    1.619
06:46:14.790 python3        1784368 nvme1n1 WS   1600312064 131072    1.702
06:46:14.790 python3        1784368 nvme1n1 WS   1600305408 131072    1.792
06:46:14.790 python3        1784368 nvme1n1 WS   1600305664 131072    1.870
06:46:14.790 python3        1784368 nvme1n1 WS   1600305920 131072    1.950
06:46:14.790 python3        1784366 nvme1n1 WS   1600308992 131072    2.035
06:46:14.790 python3        1784366 nvme1n1 WS   1600309248 131072    2.110
06:46:14.790 python3        1784366 nvme1n1 WS   1600309504 131072    2.188
06:46:14.790 python3        1784366 nvme1n1 WS   1600309760 131072    2.259
06:46:14.791 python3        1784366 nvme1n1 WS   1600310016 131072    2.336
06:46:14.791 python3        1784366 nvme1n1 WS   1600310272 131072    2.410
06:46:14.791 python3        1784366 nvme1n1 WS   1600310528 131072    2.485
06:46:14.791 python3        1784366 nvme1n1 WS   1600310784 131072    2.560
06:46:14.791 python3        1784368 nvme1n1 WS   1600312320 131072    2.661
06:46:14.791 python3        1784368 nvme1n1 WS   1600312576 131072    2.735
06:46:14.791 python3        1784368 nvme1n1 WS   1600312832 131072    2.809
06:46:14.791 python3        1784368 nvme1n1 WS   1600306176 131072    2.891
06:46:14.791 python3        1784368 nvme1n1 WS   1600306432 131072    2.965
06:46:14.791 python3        1784368 nvme1n1 WS   1600306688 131072    3.039
06:46:14.791 python3        1784368 nvme1n1 WS   65228800   131072    3.116
06:46:14.791 python3        1784368 nvme1n1 WS   65229056   131072    3.177
06:46:14.791 python3        1784368 nvme1n1 WS   65229312   131072    3.250
06:46:14.792 python3        1784368 nvme1n1 WS   65229568   131072    3.326
06:46:14.792 python3        1784368 nvme1n1 WS   65229824   131072    3.400
06:46:14.792 python3        1784368 nvme1n1 WS   65230080   131072    3.473
06:46:14.792 python3        1784368 nvme1n1 WS   65230336   131072    3.548
06:46:14.792 python3        1784368 nvme1n1 WS   1600306944 131072    3.651
06:46:14.792 python3        1784368 nvme1n1 WS   1600319488 131072    3.727
06:46:14.792 python3        1784368 nvme1n1 WS   1600319744 131072    3.802
06:46:14.792 python3        1784368 nvme1n1 WS   1600313088 131072    3.881
06:46:14.792 python3        1784368 nvme1n1 WS   1600313344 131072    3.956
06:46:14.792 python3        1784368 nvme1n1 WS   1600313600 131072    4.029
06:46:14.792 python3        1784368 nvme1n1 WS   1600313856 131072    4.106
06:46:14.792 python3        1784368 nvme1n1 WS   1600314112 131072    4.183
06:46:14.792 python3        1784368 nvme1n1 WS   1600314368 131072    4.259
06:46:14.793 python3        1784368 nvme1n1 WS   1600314624 131072    4.337
06:46:14.793 python3        1784368 nvme1n1 WS   1600314880 131072    4.415
06:46:14.793 python3        1784366 nvme1n1 WS   1600315392 131072    4.563
06:46:14.793 python3        1784366 nvme1n1 WS   1600315648 131072    4.583
06:46:14.793 python3        1784366 nvme1n1 WS   1600315904 131072    4.659
06:46:14.793 python3        1784366 nvme1n1 WS   1600316160 131072    4.738
06:46:14.793 python3        1784366 nvme1n1 WS   1600316416 131072    4.812
06:46:14.793 python3        1784366 nvme1n1 WS   1600316672 131072    4.889
06:46:14.793 python3        1784366 nvme1n1 WS   1600316928 131072    4.965
06:46:14.793 python3        1784366 nvme1n1 WS   1600311040 131072    5.112
06:46:14.793 python3        1784366 nvme1n1 WS   1600323584 131072    5.143
06:46:14.793 python3        1784366 nvme1n1 WS   1600323840 131072    5.222
06:46:14.794 python3        1784368 nvme1n1 WS   65230592   131072    5.300
06:46:14.794 python3        1784368 nvme1n1 WS   65230848   57344     5.328
06:46:14.794 python3        1784366 nvme1n1 WS   1600317184 131072    5.405
06:46:14.794 python3        1784366 nvme1n1 WS   1600317440 57344     5.437
06:46:14.794 python3        1784368 nvme1n1 WS   1600315136 131072    5.629
06:46:14.794 python3        1784368 nvme1n1 WS   1600331776 131072    5.649
06:46:14.794 python3        1784368 nvme1n1 WS   1600332032 131072    5.671
06:46:14.794 python3        1784367 nvme1n1 WS   1600327680 131072    5.794
06:46:14.794 python3        1784367 nvme1n1 WS   1600327936 131072    5.820
06:46:14.794 python3        1784367 nvme1n1 WS   1600328192 131072    5.893
06:46:14.794 python3        1784367 nvme1n1 WS   1600328448 131072    5.967
06:46:14.794 python3        1784367 nvme1n1 WS   1600328704 131072    6.043
06:46:14.795 python3        1784367 nvme1n1 WS   65232896   131072    6.224
06:46:14.795 python3        1784367 nvme1n1 WS   65233152   131072    6.243
06:46:14.795 python3        1784367 nvme1n1 WS   65233408   131072    6.297
06:46:14.795 python3        1784367 nvme1n1 WS   65233664   131072    6.372
06:46:14.795 python3        1784367 nvme1n1 WS   65233920   131072    6.449
06:46:14.795 python3        1784367 nvme1n1 WS   65234176   131072    6.523
06:46:14.795 python3        1784367 nvme1n1 WS   65234432   131072    6.600
06:46:14.795 python3        1784369 nvme1n1 WS   1600548864 131072    6.701
06:46:14.795 python3        1784369 nvme1n1 WS   1600549120 131072    6.767
06:46:14.795 python3        1784369 nvme1n1 WS   1600549376 131072    6.878
06:46:14.795 python3        1784369 nvme1n1 WS   1600549632 131072    6.954
06:46:14.795 python3        1784369 nvme1n1 WS   1600335872 131072    7.047
06:46:14.795 python3        1784369 nvme1n1 WS   1600336128 131072    7.122
06:46:14.795 python3        1784369 nvme1n1 WS   1600336384 131072    7.199
06:46:14.796 python3        1784369 nvme1n1 WS   1600336640 131072    7.278
06:46:14.796 python3        1784369 nvme1n1 WS   1600336896 131072    7.355
06:46:14.796 python3        1784369 nvme1n1 WS   1600549888 131072    7.434
06:46:14.796 python3        1784369 nvme1n1 WS   1600550144 131072    7.510
06:46:14.796 python3        1784369 nvme1n1 WS   1600550400 131072    7.587
06:46:14.796 python3        1784369 nvme1n1 WS   1600550656 131072    7.664
06:46:14.796 python3        1784369 nvme1n1 WS   1600550912 57344     7.695
06:46:14.796 python3        1784369 nvme1n1 WS   1600337152 131072    7.789
06:46:14.796 python3        1784369 nvme1n1 WS   1600337408 131072    7.863
06:46:14.796 python3        1784369 nvme1n1 WS   1600337664 131072    7.925
06:46:14.796 python3        1784369 nvme1n1 WS   1600337920 131072    8.002
06:46:14.796 python3        1784369 nvme1n1 WS   1600338176 131072    8.079
06:46:14.796 python3        1784369 nvme1n1 WS   1600338432 131072    8.158
06:46:14.797 python3        1784369 nvme1n1 WS   1600338688 131072    8.234
06:46:14.797 python3        1784369 nvme1n1 WS   1600338944 131072    8.311
06:46:14.797 python3        1784369 nvme1n1 WS   1600339200 131072    8.391
06:46:14.797 python3        1784369 nvme1n1 WS   1600339456 131072    8.470
06:46:14.797 python3        1784367 nvme1n1 WS   65234688   131072    8.642
06:46:14.797 python3        1784367 nvme1n1 WS   65234944   57344     8.666
06:46:14.797 python3        1784367 nvme1n1 WS   1600328960 131072    8.766
06:46:14.797 python3        1784367 nvme1n1 WS   1600329216 131072    8.780
06:46:14.797 python3        1784367 nvme1n1 WS   1600329472 131072    8.838
06:46:14.797 python3        1784367 nvme1n1 WS   1600329728 131072    8.917
06:46:14.797 python3        1784367 nvme1n1 WS   1600329984 131072    8.993
06:46:14.797 python3        1784367 nvme1n1 WS   1600330240 131072    9.068
06:46:14.797 python3        1784367 nvme1n1 WS   1600330496 131072    9.143
06:46:14.798 python3        1784367 nvme1n1 WS   1600330752 131072    9.221
06:46:14.798 python3        1784367 nvme1n1 WS   1600331008 131072    9.297
06:46:14.798 python3        1784366 nvme1n1 WS   1600536576 131072    9.478
06:46:14.798 python3        1784369 nvme1n1 WS   1600339968 131072    9.507
06:46:14.798 python3        1784366 nvme1n1 WS   1600536832 131072    9.583
06:46:14.798 python3        1784369 nvme1n1 WS   1600340224 131072    9.665
06:46:14.798 python3        1784366 nvme1n1 WS   1600537088 131072    9.739
06:46:14.798 python3        1784369 nvme1n1 WS   1600340480 131072    9.818
06:46:14.798 python3        1784366 nvme1n1 WS   1600537344 131072    9.897
06:46:14.798 python3        1784369 nvme1n1 WS   1600340736 131072    9.972
06:46:14.798 python3        1784366 nvme1n1 WS   1600537600 131072   10.051
06:46:14.798 python3        1784369 nvme1n1 WS   1600340992 131072   10.133
06:46:14.799 python3        1784366 nvme1n1 WS   1600537856 131072   10.210
06:46:14.799 python3        1784369 nvme1n1 WS   1600341248 131072   10.292
06:46:14.799 python3        1784366 nvme1n1 WS   1600538112 131072   10.370
06:46:14.799 python3        1784369 nvme1n1 WS   1600341504 131072   10.449
06:46:14.799 python3        1784367 nvme1n1 WS   1600331264 131072   10.553
06:46:14.799 python3        1784367 nvme1n1 WS   1600331520 131072   10.563
06:46:14.799 python3        1784367 nvme1n1 WS   1600352256 131072   10.638
06:46:14.799 python3        1784367 nvme1n1 WS   1600352512 131072   10.712
06:46:14.799 python3        1784369 nvme1n1 WS   1600339712 131072   10.818
06:46:14.799 python3        1784369 nvme1n1 WS   1600344064 131072   10.905
06:46:14.799 python3        1784369 nvme1n1 WS   1600344320 131072   10.975
06:46:14.799 python3        1784366 nvme1n1 WS   1600538368 131072   11.061
06:46:14.799 python3        1784369 nvme1n1 WS   1600341760 131072   11.140
06:46:14.800 python3        1784366 nvme1n1 WS   1600538624 131072   11.215
06:46:14.800 python3        1784369 nvme1n1 WS   1600342016 131072   11.293
06:46:14.800 python3        1784369 nvme1n1 WS   1600342272 131072   11.370
06:46:14.800 python3        1784366 nvme1n1 WS   1600538880 131072   11.455
06:46:14.800 python3        1784369 nvme1n1 WS   1600342528 131072   11.529
06:46:14.800 python3        1784366 nvme1n1 WS   1600539136 131072   11.606
06:46:14.800 python3        1784369 nvme1n1 WS   1600342784 131072   11.699
06:46:14.800 python3        1784366 nvme1n1 WS   1600539392 131072   11.778
06:46:14.800 python3        1784369 nvme1n1 WS   1600343040 131072   11.858
06:46:14.800 python3        1784366 nvme1n1 WS   1600539648 131072   11.937
06:46:14.800 python3        1784369 nvme1n1 WS   1600343296 131072   12.017
06:46:14.800 python3        1784366 nvme1n1 WS   1600539904 131072   12.095
06:46:14.801 python3        1784369 nvme1n1 WS   1600343552 131072   12.171
06:46:14.801 python3        1784366 nvme1n1 WS   1600540160 131072   12.253
06:46:14.801 python3        1784367 nvme1n1 WS   1600348160 131072   12.332
06:46:14.801 python3        1784367 nvme1n1 WS   1600348416 131072   12.405
06:46:14.801 python3        1784367 nvme1n1 WS   1600348672 131072   12.484
06:46:14.801 python3        1784367 nvme1n1 WS   1600348928 131072   12.571
06:46:14.801 python3        1784367 nvme1n1 WS   1600349184 131072   12.647
06:46:14.801 python3        1784367 nvme1n1 WS   1600349440 131072   12.727
06:46:14.801 python3        1784367 nvme1n1 WS   1600349696 131072   12.803
06:46:14.801 python3        1784366 nvme1n1 WS   1600540416 131072   12.889
06:46:14.801 python3        1784366 nvme1n1 WS   1600540672 131072   12.963
06:46:14.801 python3        1784369 nvme1n1 WS   1600343808 131072   13.044
06:46:14.802 python3        1784366 nvme1n1 WS   1600540928 131072   13.123
06:46:14.802 python3        1784369 nvme1n1 WS   1600356352 131072   13.204
06:46:14.802 python3        1784369 nvme1n1 WS   1600356608 131072   13.285
06:46:14.802 python3        1784367 nvme1n1 WS   1600349952 131072   13.354
06:46:14.802 python3        1784367 nvme1n1 WS   1600350208 131072   13.431
06:46:14.802 python3        1784367 nvme1n1 WS   1600350464 131072   13.511
06:46:14.802 python3        1784367 nvme1n1 WS   1600350720 131072   13.591
06:46:14.802 python3        1784367 nvme1n1 WS   1600350976 131072   13.666
06:46:14.802 python3        1784367 nvme1n1 WS   1600351232 131072   13.746
06:46:14.802 python3        1784367 nvme1n1 WS   1600351488 131072   13.827
06:46:14.802 python3        1784367 nvme1n1 WS   1600351744 131072   13.909
06:46:14.802 python3        1784367 nvme1n1 WS   1600352000 131072   13.973
06:46:14.803 python3        1784367 nvme1n1 WS   1600360448 131072   14.051
06:46:14.803 python3        1784367 nvme1n1 WS   1600360704 131072   14.128
06:46:15.133 ib_log_        125941  nvme1n1 WS   1755989560 4096      0.059
06:46:15.134 ib_log_        125941  nvme1n1 WS   1755989560 4096      0.031
06:46:15.134 ib_log_        125941  nvme1n1 WS   1755989560 4096      0.029
06:46:15.134 ib_log_        125941  nvme1n1 WS   1755989568 8192      0.032
06:46:15.135 jbd2/nv        752     nvme1n1 WSM  877248200  131072    0.151
06:46:15.135 jbd2/nv        752     nvme1n1 WSM  877248456  61440     0.160
06:46:15.135 jbd2/nv        752     nvme1n1 WSM  877248576  4096      0.029
06:46:15.135 connect        125941  nvme1n1 WS   1757353464 4096      0.034
06:46:15.135 jbd2/nv        752     nvme1n1 WSM  877248584  8192      0.031
06:46:15.135 jbd2/nv        752     nvme1n1 WSM  877248600  4096      0.028
06:46:15.135 ib_log_        125941  nvme1n1 WS   1755989576 4096      0.033
06:46:15.135 ib_log_        125941  nvme1n1 WS   1755989576 4096      0.029
06:46:15.136 jbd2/nv        752     nvme1n1 WSM  877248608  40960     0.060
06:46:15.136 jbd2/nv        752     nvme1n1 WSM  877248688  4096      0.028
06:46:15.136 ib_log_        125941  nvme1n1 WS   1755989576 4096      0.029
06:46:15.136 ib_log_        125941  nvme1n1 WS   1755989576 4096      0.028
06:46:15.136 ib_log_        125941  nvme1n1 WS   1755989576 4096      0.029
06:46:15.167 ib_log_        125941  nvme1n1 WS   1755989576 4096      0.036
06:46:15.168 ib_log_        125941  nvme1n1 WS   1755989576 4096      0.030
06:46:15.168 ib_log_        125941  nvme1n1 WS   1755989584 8192      0.032
06:46:15.168 jbd2/nv        752     nvme1n1 WSM  877248696  53248     0.073
06:46:15.168 jbd2/nv        752     nvme1n1 WSM  877248800  4096      0.028
06:46:15.276 ib_log_        125941  nvme1n1 WS   1755989584 4096      0.040
06:46:15.624 ib_pg_f        125941  nvme1n1 WS   1740075008 131072    0.180
06:46:15.625 ib_pg_f        125941  nvme1n1 WS   1740075264 131072    0.248
06:46:15.625 ib_pg_f        125941  nvme1n1 WS   1740075520 131072    0.325
06:46:15.625 ib_pg_f        125941  nvme1n1 WS   1740075776 131072    0.399
06:46:15.625 ib_pg_f        125941  nvme1n1 WS   1740076032 131072    0.477
06:46:15.625 ib_pg_f        125941  nvme1n1 WS   1740076288 131072    0.557
06:46:15.625 ib_pg_f        125941  nvme1n1 WS   1740076544 131072    0.637
06:46:15.625 ib_pg_f        125941  nvme1n1 WS   1740076800 114688    0.705
06:46:15.625 ib_pg_f        125941  nvme1n1 WS   311473536  16384     0.053
06:46:15.625 ib_pg_f        125941  nvme1n1 WS   1757681152 16384     0.052
06:46:15.625 ib_pg_f        125941  nvme1n1 WS   1757681344 16384     0.055
06:46:15.625 ib_pg_f        125941  nvme1n1 WS   1756477408 16384     0.061
06:46:15.625 ib_pg_f        125941  nvme1n1 WS   1757680832 16384     0.064
06:46:15.625 ib_pg_f        125941  nvme1n1 WS   1756417952 16384     0.066
06:46:15.625 ib_pg_f        125941  nvme1n1 WS   1532136576 16384     0.057
06:46:15.625 ib_pg_f        125941  nvme1n1 WS   1757680992 16384     0.057
06:46:15.625 ib_pg_f        125941  nvme1n1 WS   32780192   16384     0.060
06:46:15.625 ib_pg_f        125941  nvme1n1 WS   1532135168 16384     0.065
06:46:15.625 ib_pg_f        125941  nvme1n1 WS   1556374432 16384     0.045
06:46:15.625 ib_pg_f        125941  nvme1n1 WS   1556374464 16384     0.048
06:46:15.625 ib_pg_f        125941  nvme1n1 WS   1556374496 16384     0.053
06:46:15.625 ib_pg_f        125941  nvme1n1 WS   1556374528 16384     0.056
06:46:15.625 ib_pg_f        125941  nvme1n1 WS   1560814944 16384     0.060
06:46:15.625 ib_pg_f        125941  nvme1n1 WS   1560813920 16384     0.070
06:46:15.625 ib_pg_f        125941  nvme1n1 WS   1560814080 16384     0.075
06:46:15.625 ib_pg_f        125941  nvme1n1 WS   1560814688 16384     0.075
06:46:15.625 ib_pg_f        125941  nvme1n1 WS   1757758624 16384     0.079
06:46:15.625 ib_pg_f        125941  nvme1n1 WS   1757758720 16384     0.079
06:46:15.625 ib_pg_f        125941  nvme1n1 WS   1561262848 16384     0.077
06:46:15.625 ib_pg_f        125941  nvme1n1 WS   1755751424 16384     0.082
06:46:15.625 ib_pg_f        125941  nvme1n1 WS   1755751456 16384     0.084
06:46:15.625 ib_pg_f        125941  nvme1n1 WS   1560814560 16384     0.085
06:46:15.625 ib_pg_f        125941  nvme1n1 WS   1755751232 16384     0.084
06:46:15.625 ib_pg_f        125941  nvme1n1 WS   1755750400 16384     0.086
06:46:15.625 ib_pg_f        125941  nvme1n1 WS   1755748768 16384     0.091
06:46:15.625 ib_pg_f        125941  nvme1n1 WS   1755751392 16384     0.085
06:46:15.625 ib_pg_f        125941  nvme1n1 WS   1556374144 16384     0.081
06:46:15.625 ib_pg_f        125941  nvme1n1 WS   1556374176 16384     0.081
06:46:15.625 ib_pg_f        125941  nvme1n1 WS   1556374208 16384     0.077
06:46:15.626 ib_pg_f        125941  nvme1n1 WS   1556374240 16384     0.077
06:46:15.626 ib_pg_f        125941  nvme1n1 WS   1556374272 16384     0.080
06:46:15.626 ib_pg_f        125941  nvme1n1 WS   1556374336 16384     0.071
06:46:15.626 ib_pg_f        125941  nvme1n1 WS   1556374368 16384     0.074
06:46:15.626 ib_pg_f        125941  nvme1n1 WS   1556374400 16384     0.069
06:46:15.626 ib_pg_f        125941  nvme1n1 WS   1556373600 16384     0.070
06:46:15.626 ib_pg_f        125941  nvme1n1 WS   1556373632 16384     0.058
06:46:15.626 ib_pg_f        125941  nvme1n1 WS   1556373664 16384     0.068
06:46:15.626 ib_pg_f        125941  nvme1n1 WS   32780160   16384     0.077
06:46:15.626 ib_pg_f        125941  nvme1n1 WS   1756476736 16384     0.078
06:46:15.626 ib_pg_f        125941  nvme1n1 WS   1756417984 16384     0.078
06:46:15.626 ib_pg_f        125941  nvme1n1 WS   1532137600 16384     0.083
06:46:15.626 ib_pg_f        125941  nvme1n1 WS   32780224   16384     0.087
06:46:15.626 ib_pg_f        125941  nvme1n1 WS   1756476768 16384     0.081
06:46:15.626 ib_pg_f        125941  nvme1n1 WS   1756418016 16384     0.086
06:46:15.626 ib_pg_f        125941  nvme1n1 WS   311473664  16384     0.091
06:46:15.626 ib_pg_f        125941  nvme1n1 WS   1740286496 16384     0.086
06:46:15.626 ib_pg_f        125941  nvme1n1 WS   1737035936 16384     0.084
06:46:15.626 ib_pg_f        125941  nvme1n1 WS   1755707296 16384     0.082
06:46:15.626 ib_pg_f        125941  nvme1n1 WS   1757761312 16384     0.072
06:46:15.626 ib_pg_f        125941  nvme1n1 WS   1757714912 16384     0.070
06:46:15.626 ib_pg_f        125941  nvme1n1 WS   1740286880 16384     0.063
06:46:15.626 ib_pg_f        125941  nvme1n1 WS   1757761408 16384     0.064
06:46:15.626 ib_pg_f        125941  nvme1n1 WS   1560815104 16384     0.058
06:46:15.626 ib_pg_f        125941  nvme1n1 WS   1757758208 16384     0.060
06:46:15.626 ib_pg_f        125941  nvme1n1 WS   1561262816 16384     0.056
06:46:15.626 ib_pg_f        125941  nvme1n1 WS   1757760960 16384     0.065
06:46:15.626 ib_pg_f        125941  nvme1n1 WS   1560815424 16384     0.063
06:46:15.626 ib_pg_f        125941  nvme1n1 WS   1757758272 16384     0.055
06:46:15.626 ib_pg_f        125941  nvme1n1 WS   1556383520 16384     0.059
06:46:15.626 ib_pg_f        125941  nvme1n1 WS   1560815008 16384     0.057
06:46:15.626 ib_pg_f        125941  nvme1n1 WS   1757761344 16384     0.063
06:46:15.649 ib_pg_f        125932  nvme1n1 WS   1756891136 16384     0.068
06:46:15.649 ib_pg_f        125932  nvme1n1 WS   1755217480 16384     0.041
06:46:15.768 nvme           1961614 Unknown N    -1         512       0.033
06:46:16.512 ib_log_        125932  nvme1n1 WS   1756076288 4096      0.052
06:46:16.531 ib_log_        125941  nvme1n1 WS   1755989584 4096      0.040
06:46:16.531 ib_log_        125941  nvme1n1 WS   1755987968 4096      0.034
06:46:16.737 kworker        1696237 nvme1n1 W    70376480   8192      0.120
06:46:16.737 kworker        1696237 nvme1n1 W    608873280  131072    0.201
06:46:16.737 kworker        1696237 nvme1n1 W    608873536  126976    0.278
06:46:16.737 kworker        1696237 nvme1n1 W    608873784  90112     0.340
06:46:16.737 kworker        1696237 nvme1n1 W    1580093416 131072    0.407
06:46:16.737 kworker        1696237 nvme1n1 W    1580093672 61440     0.447
06:46:16.737 kworker        1696237 nvme1n1 W    608873960  32768     0.467
06:46:16.737 kworker        1696237 nvme1n1 W    1520292272 131072    0.543
06:46:16.737 kworker        1696237 nvme1n1 W    1520292528 90112     0.597
06:46:16.737 kworker        1696237 nvme1n1 W    1684923968 77824     0.643
06:46:16.737 kworker        1696237 nvme1n1 W    608874024  45056     0.668
06:46:16.770 nvme           1961622 Unknown N    -1         512       0.083
06:46:17.249 kworker        1696237 nvme0n1 WM   2099208    4096      0.927
06:46:17.249 kworker        1696237 nvme0n1 WM   6021248    4096      0.932
06:46:17.249 kworker        1696237 nvme0n1 WM   2143752    4096      0.936
06:46:17.249 kworker        1696237 nvme0n1 WM   10487864   4096      0.937
06:46:17.249 kworker        1696237 nvme0n1 WM   2102280    4096      0.942
06:46:17.249 kworker        1696237 nvme0n1 WM   2103040    4096      0.943
06:46:17.249 kworker        1696237 nvme0n1 WM   2101384    4096      0.980
06:46:17.521 ib_log_        125934  nvme1n1 WS   21246168   4096      0.057
06:46:17.521 ib_log_        125934  nvme1n1 WS   21246168   4096      0.033
06:46:17.522 ib_log_        125934  nvme1n1 WS   21246168   4096      0.031
06:46:17.522 ib_log_        125934  nvme1n1 WS   21246176   8192      0.032
06:46:17.522 jbd2/nv        752     nvme1n1 WSM  877248808  118784    0.133
06:46:17.522 jbd2/nv        752     nvme1n1 WSM  877249040  4096      0.028
06:46:17.523 connect        125934  nvme1n1 WS   1741350568 4096      0.036
06:46:17.523 jbd2/nv        752     nvme1n1 WSM  877249048  8192      0.031
06:46:17.523 jbd2/nv        752     nvme1n1 WSM  877249064  4096      0.027
06:46:17.523 ib_log_        125934  nvme1n1 WS   21246176   8192      0.032
06:46:17.523 ib_log_        125934  nvme1n1 WS   21246184   4096      0.028
06:46:17.523 jbd2/nv        752     nvme1n1 WSM  877249072  36864     0.057
06:46:17.523 jbd2/nv        752     nvme1n1 WSM  877249144  4096      0.031
06:46:17.523 ib_log_        125934  nvme1n1 WS   21246184   4096      0.028
06:46:17.523 ib_log_        125934  nvme1n1 WS   21246184   4096      0.028
06:46:17.523 ib_log_        125934  nvme1n1 WS   21246184   4096      0.044
06:46:17.561 ib_log_        125934  nvme1n1 WS   21246184   4096      0.043
06:46:17.562 ib_log_        125934  nvme1n1 WS   21246184   4096      0.029
06:46:17.624 ib_pg_f        125941  nvme1n1 WS   1740107776 16384     0.049
06:46:17.624 ib_pg_f        125941  nvme1n1 WS   1757680800 16384     0.041
06:46:17.670 ib_log_        125934  nvme1n1 WS   21246184   4096      0.043
06:46:17.670 ib_pg_f        125934  nvme1n1 WS   1737209856 131072    0.158
06:46:17.670 ib_pg_f        125934  nvme1n1 WS   1737210112 131072    0.230
06:46:17.670 ib_pg_f        125934  nvme1n1 WS   1737210368 131072    0.305
06:46:17.670 ib_pg_f        125934  nvme1n1 WS   1737210624 131072    0.380
06:46:17.670 ib_pg_f        125934  nvme1n1 WS   1737210880 131072    0.457
06:46:17.670 ib_pg_f        125934  nvme1n1 WS   1737211136 131072    0.533
06:46:17.671 ib_pg_f        125934  nvme1n1 WS   1737211392 131072    0.609
06:46:17.671 ib_pg_f        125934  nvme1n1 WS   1737211648 114688    0.674
06:46:17.671 ib_pg_f        125934  nvme1n1 WS   1756444384 16384     0.044
06:46:17.671 ib_pg_f        125934  nvme1n1 WS   1757812384 16384     0.048
06:46:17.671 ib_pg_f        125934  nvme1n1 WS   1757680896 16384     0.056
06:46:17.671 ib_pg_f        125934  nvme1n1 WS   1730408544 16384     0.054
06:46:17.671 ib_pg_f        125934  nvme1n1 WS   1757759936 16384     0.055
06:46:17.671 ib_pg_f        125934  nvme1n1 WS   1556367584 16384     0.055
06:46:17.671 ib_pg_f        125934  nvme1n1 WS   1756483296 16384     0.055
06:46:17.671 ib_pg_f        125934  nvme1n1 WS   1757760384 16384     0.048
06:46:17.671 ib_pg_f        125934  nvme1n1 WS   1756426464 16384     0.055
06:46:17.671 ib_pg_f        125934  nvme1n1 WS   1756483264 16384     0.064
06:46:17.671 ib_pg_f        125934  nvme1n1 WS   1850272    16384     0.066
06:46:17.671 ib_pg_f        125934  nvme1n1 WS   1850304    16384     0.058
06:46:17.671 ib_pg_f        125934  nvme1n1 WS   1850336    16384     0.055
06:46:17.671 ib_pg_f        125934  nvme1n1 WS   1850368    16384     0.052
06:46:17.671 ib_pg_f        125934  nvme1n1 WS   1498164576 16384     0.047
06:46:17.671 ib_pg_f        125934  nvme1n1 WS   1498163552 16384     0.051
06:46:17.671 ib_pg_f        125934  nvme1n1 WS   1498163712 16384     0.057
06:46:17.671 ib_pg_f        125934  nvme1n1 WS   1498164320 16384     0.057
06:46:17.671 ib_pg_f        125934  nvme1n1 WS   1756907936 16384     0.058
06:46:17.671 ib_pg_f        125934  nvme1n1 WS   1756912128 16384     0.053
06:46:17.671 ib_pg_f        125934  nvme1n1 WS   1560554240 16384     0.053
06:46:17.671 ib_pg_f        125934  nvme1n1 WS   1520151552 16384     0.044
06:46:17.671 ib_pg_f        125934  nvme1n1 WS   1520151584 16384     0.045
06:46:17.671 ib_pg_f        125934  nvme1n1 WS   1520150528 16384     0.044
06:46:17.671 ib_pg_f        125934  nvme1n1 WS   1520151360 16384     0.045
06:46:17.671 ib_pg_f        125934  nvme1n1 WS   1498164192 16384     0.047
06:46:17.671 ib_pg_f        125934  nvme1n1 WS   1520140704 16384     0.054
06:46:17.671 ib_pg_f        125934  nvme1n1 WS   1520151520 16384     0.052
06:46:17.671 ib_pg_f        125934  nvme1n1 WS   1849984    16384     0.058
06:46:17.671 ib_pg_f        125934  nvme1n1 WS   1850016    16384     0.059
06:46:17.671 ib_pg_f        125934  nvme1n1 WS   1850048    16384     0.065
06:46:17.671 ib_pg_f        125934  nvme1n1 WS   1850080    16384     0.073
06:46:17.671 ib_pg_f        125934  nvme1n1 WS   1850112    16384     0.063
06:46:17.671 ib_pg_f        125934  nvme1n1 WS   1850176    16384     0.065
06:46:17.671 ib_pg_f        125934  nvme1n1 WS   1850208    16384     0.059
06:46:17.671 ib_pg_f        125934  nvme1n1 WS   1850240    16384     0.062
06:46:17.671 ib_pg_f        125934  nvme1n1 WS   1849440    16384     0.061
06:46:17.671 ib_pg_f        125934  nvme1n1 WS   1849472    16384     0.059
06:46:17.671 ib_pg_f        125934  nvme1n1 WS   1849504    16384     0.063
06:46:17.671 ib_pg_f        125934  nvme1n1 WS   1756426432 16384     0.056
06:46:17.671 ib_pg_f        125934  nvme1n1 WS   1730409664 16384     0.060
06:46:17.671 ib_pg_f        125934  nvme1n1 WS   1556367616 16384     0.058
06:46:17.671 ib_pg_f        125934  nvme1n1 WS   1756483488 16384     0.065
06:46:17.671 ib_pg_f        125934  nvme1n1 WS   1756426496 16384     0.072
06:46:17.671 ib_pg_f        125934  nvme1n1 WS   1730410464 16384     0.080
06:46:17.671 ib_pg_f        125934  nvme1n1 WS   1556367648 16384     0.093
06:46:17.671 ib_pg_f        125934  nvme1n1 WS   1756444480 16384     0.083
06:46:17.671 ib_pg_f        125934  nvme1n1 WS   1730452000 16384     0.058
06:46:17.671 ib_pg_f        125934  nvme1n1 WS   1756903584 16384     0.069
06:46:17.671 ib_pg_f        125934  nvme1n1 WS   1498164736 16384     0.067
06:46:17.671 ib_pg_f        125934  nvme1n1 WS   1756913056 16384     0.043
06:46:17.671 ib_pg_f        125934  nvme1n1 WS   1757808288 16384     0.050
06:46:17.671 ib_pg_f        125934  nvme1n1 WS   1498165056 16384     0.046
06:46:17.671 ib_pg_f        125934  nvme1n1 WS   1756907520 16384     0.047
06:46:17.671 ib_pg_f        125934  nvme1n1 WS   1520031648 16384     0.044
06:46:17.671 ib_pg_f        125934  nvme1n1 WS   27213280   16384     0.045
06:46:17.671 ib_pg_f        125934  nvme1n1 WS   2371360    16384     0.047
06:46:17.671 ib_pg_f        125934  nvme1n1 WS   1498164640 16384     0.050
06:46:17.671 ib_pg_f        125934  nvme1n1 WS   27213472   16384     0.061
06:46:17.671 ib_pg_f        125934  nvme1n1 WS   1730452384 16384     0.047
06:46:17.672 ib_pg_f        125934  nvme1n1 WS   27213792   16384     0.053
06:46:17.672 ib_pg_f        125934  nvme1n1 WS   1560554208 16384     0.056
06:46:17.672 ib_pg_f        125934  nvme1n1 WS   671424     16384     0.057
06:46:17.773 nvme           1961633 Unknown N    -1         512       0.076
06:46:18.504 ib_log_        125934  nvme1n1 WS   21246184   4096      0.055
06:46:18.504 ib_log_        125934  nvme1n1 WS   21246192   8192      0.035
06:46:18.504 jbd2/nv        752     nvme1n1 WSM  877249152  73728     0.095
06:46:18.504 jbd2/nv        752     nvme1n1 WSM  877249296  4096      0.028
06:46:18.504 ib_log_        125934  nvme1n1 WS   21242704   4096      0.034
06:46:18.532 ib_log_        125941  nvme1n1 WS   1755987968 4096      0.034
06:46:18.775 nvme           1961647 Unknown N    -1         512       0.033
06:46:19.670 ib_pg_f        125934  nvme1n1 WS   1737244672 16384     0.070
06:46:19.670 ib_pg_f        125934  nvme1n1 WS   1757759904 16384     0.042
06:46:19.778 nvme           1961656 Unknown N    -1         512       0.089
06:46:20.355 ib_log_        125924  nvme1n1 WS   1738281288 4096      0.052
06:46:20.355 ib_log_        125924  nvme1n1 WS   1738281288 4096      0.032
06:46:20.356 ib_log_        125924  nvme1n1 WS   1738281288 4096      0.029
06:46:20.356 ib_log_        125924  nvme1n1 WS   1738281296 8192      0.031
06:46:20.356 jbd2/nv        752     nvme1n1 WSM  877249304  28672     0.058
06:46:20.356 jbd2/nv        752     nvme1n1 WSM  877249360  4096      0.027
06:46:20.356 connect        125924  nvme1n1 WS   313170592  4096      0.037
06:46:20.356 jbd2/nv        752     nvme1n1 WSM  877249368  8192      0.031
06:46:20.356 jbd2/nv        752     nvme1n1 WSM  877249384  4096      0.029
06:46:20.356 ib_log_        125924  nvme1n1 WS   1738281304 4096      0.026
06:46:20.356 ib_log_        125924  nvme1n1 WS   1738281304 4096      0.027
06:46:20.356 jbd2/nv        752     nvme1n1 WSM  877249392  40960     0.061
06:46:20.356 jbd2/nv        752     nvme1n1 WSM  877249472  4096      0.027
06:46:20.356 ib_log_        125924  nvme1n1 WS   1738281304 4096      0.026
06:46:20.357 ib_log_        125924  nvme1n1 WS   1738281304 4096      0.037
06:46:20.357 ib_log_        125924  nvme1n1 WS   1738281304 4096      0.026
06:46:20.376 ib_log_        125924  nvme1n1 WS   1738281304 4096      0.038
06:46:20.377 ib_log_        125924  nvme1n1 WS   1738281304 12288     0.039
06:46:20.377 jbd2/nv        752     nvme1n1 WSM  877249480  53248     0.073
06:46:20.377 jbd2/nv        752     nvme1n1 WSM  877249584  4096      0.027
06:46:20.485 ib_log_        125924  nvme1n1 WS   1738281312 4096      0.037
06:46:20.505 ib_log_        125934  nvme1n1 WS   21242704   4096      0.033
06:46:20.629 ib_pg_f        125924  nvme1n1 WS   1740054528 131072    0.173
06:46:20.629 ib_pg_f        125924  nvme1n1 WS   1740054784 131072    0.241
06:46:20.630 ib_pg_f        125924  nvme1n1 WS   1740055040 131072    0.316
06:46:20.630 ib_pg_f        125924  nvme1n1 WS   1740055296 131072    0.394
06:46:20.630 ib_pg_f        125924  nvme1n1 WS   1740055552 131072    0.472
06:46:20.630 ib_pg_f        125924  nvme1n1 WS   1740055808 131072    0.549
06:46:20.630 ib_pg_f        125924  nvme1n1 WS   1740056064 131072    0.625
06:46:20.630 ib_pg_f        125924  nvme1n1 WS   1740056320 114688    0.695
06:46:20.630 ib_pg_f        125924  nvme1n1 WS   1740407264 16384     0.042
06:46:20.630 ib_pg_f        125924  nvme1n1 WS   1757716032 16384     0.042
06:46:20.630 ib_pg_f        125924  nvme1n1 WS   1757716192 16384     0.047
06:46:20.630 ib_pg_f        125924  nvme1n1 WS   1755202400 16384     0.043
06:46:20.630 ib_pg_f        125924  nvme1n1 WS   1757760192 16384     0.052
06:46:20.630 ib_pg_f        125924  nvme1n1 WS   1755159072 16384     0.056
06:46:20.630 ib_pg_f        125924  nvme1n1 WS   1740414816 16384     0.062
06:46:20.630 ib_pg_f        125924  nvme1n1 WS   1757691744 16384     0.070
06:46:20.630 ib_pg_f        125924  nvme1n1 WS   1740077632 16384     0.077
06:46:20.630 ib_pg_f        125924  nvme1n1 WS   1740414272 16384     0.077
06:46:20.630 ib_pg_f        125924  nvme1n1 WS   813984     16384     0.072
06:46:20.630 ib_pg_f        125924  nvme1n1 WS   814016     16384     0.069
06:46:20.630 ib_pg_f        125924  nvme1n1 WS   814048     16384     0.063
06:46:20.630 ib_pg_f        125924  nvme1n1 WS   814080     16384     0.057
06:46:20.630 ib_pg_f        125924  nvme1n1 WS   1437024    16384     0.049
06:46:20.630 ib_pg_f        125924  nvme1n1 WS   1436000    16384     0.048
06:46:20.630 ib_pg_f        125924  nvme1n1 WS   1436160    16384     0.052
06:46:20.630 ib_pg_f        125924  nvme1n1 WS   1436768    16384     0.049
06:46:20.630 ib_pg_f        125924  nvme1n1 WS   1757690592 16384     0.046
06:46:20.630 ib_pg_f        125924  nvme1n1 WS   1757760512 16384     0.045
06:46:20.630 ib_pg_f        125924  nvme1n1 WS   1756547840 16384     0.047
06:46:20.630 ib_pg_f        125924  nvme1n1 WS   1520145408 16384     0.047
06:46:20.630 ib_pg_f        125924  nvme1n1 WS   1520145440 16384     0.052
06:46:20.630 ib_pg_f        125924  nvme1n1 WS   1436640    16384     0.058
06:46:20.630 ib_pg_f        125924  nvme1n1 WS   1520145216 16384     0.060
06:46:20.630 ib_pg_f        125924  nvme1n1 WS   1520144384 16384     0.064
06:46:20.630 ib_pg_f        125924  nvme1n1 WS   1520107936 16384     0.068
06:46:20.630 ib_pg_f        125924  nvme1n1 WS   1520145376 16384     0.061
06:46:20.630 ib_pg_f        125924  nvme1n1 WS   813696     16384     0.064
06:46:20.630 ib_pg_f        125924  nvme1n1 WS   813728     16384     0.063
06:46:20.630 ib_pg_f        125924  nvme1n1 WS   813760     16384     0.069
06:46:20.630 ib_pg_f        125924  nvme1n1 WS   813792     16384     0.072
06:46:20.630 ib_pg_f        125924  nvme1n1 WS   813824     16384     0.071
06:46:20.630 ib_pg_f        125924  nvme1n1 WS   813888     16384     0.072
06:46:20.630 ib_pg_f        125924  nvme1n1 WS   813920     16384     0.066
06:46:20.630 ib_pg_f        125924  nvme1n1 WS   813952     16384     0.072
06:46:20.630 ib_pg_f        125924  nvme1n1 WS   813152     16384     0.079
06:46:20.630 ib_pg_f        125924  nvme1n1 WS   813184     16384     0.080
06:46:20.631 ib_pg_f        125924  nvme1n1 WS   813216     16384     0.081
06:46:20.631 ib_pg_f        125924  nvme1n1 WS   1740077600 16384     0.083
06:46:20.631 ib_pg_f        125924  nvme1n1 WS   1755207168 16384     0.087
06:46:20.631 ib_pg_f        125924  nvme1n1 WS   1755159104 16384     0.087
06:46:20.631 ib_pg_f        125924  nvme1n1 WS   1740414304 16384     0.084
06:46:20.631 ib_pg_f        125924  nvme1n1 WS   1740077664 16384     0.086
06:46:20.631 ib_pg_f        125924  nvme1n1 WS   1755205984 16384     0.082
06:46:20.631 ib_pg_f        125924  nvme1n1 WS   1755159136 16384     0.087
06:46:20.631 ib_pg_f        125924  nvme1n1 WS   1740407328 16384     0.092
06:46:20.631 ib_pg_f        125924  nvme1n1 WS   1756836384 16384     0.089
06:46:20.631 ib_pg_f        125924  nvme1n1 WS   1757151392 16384     0.082
06:46:20.631 ib_pg_f        125924  nvme1n1 WS   37650336   16384     0.070
06:46:20.631 ib_pg_f        125924  nvme1n1 WS   1757759488 16384     0.069
06:46:20.631 ib_pg_f        125924  nvme1n1 WS   1757691392 16384     0.074
06:46:20.631 ib_pg_f        125924  nvme1n1 WS   1437184    16384     0.068
06:46:20.631 ib_pg_f        125924  nvme1n1 WS   1757681504 16384     0.067
06:46:20.631 ib_pg_f        125924  nvme1n1 WS   1756836768 16384     0.056
06:46:20.631 ib_pg_f        125924  nvme1n1 WS   1757759712 16384     0.064
06:46:20.631 ib_pg_f        125924  nvme1n1 WS   1437504    16384     0.066
06:46:20.631 ib_pg_f        125924  nvme1n1 WS   1757689856 16384     0.064
06:46:20.631 ib_pg_f        125924  nvme1n1 WS   1756547808 16384     0.058
06:46:20.631 ib_pg_f        125924  nvme1n1 WS   1757691296 16384     0.056
06:46:20.631 ib_pg_f        125924  nvme1n1 WS   818976     16384     0.060
06:46:20.631 ib_pg_f        125924  nvme1n1 WS   1437088    16384     0.059
06:46:20.631 ib_pg_f        125924  nvme1n1 WS   1757759680 16384     0.066
06:46:20.673 ib_log_        125924  nvme1n1 WS   1738281312 4096      0.047
06:46:20.673 ib_log_        125924  nvme1n1 WS   1738276864 4096      0.039
06:46:20.780 nvme           1961669 Unknown N    -1         512       0.032
06:46:21.765 amoprof        1787544 nvme1n1 W    608803208  4096      0.064
