TIMESTAMP    COMM           PID     DISK    T    SECTOR     BYTES   LAT(ms)
10:10:23.664 jbd2/nv        752     nvme1n1 WSM  877012648  110592    0.152
10:10:23.664 jbd2/nv        752     nvme1n1 WSM  877012864  4096      0.034
10:10:24.195 nvme           2281054 Unknown N    -1         512       0.033
10:10:25.198 nvme           2281114 Unknown N    -1         512       0.074
10:10:26.201 nvme           2281118 Unknown N    -1         512       0.075
10:10:27.204 nvme           2281123 Unknown N    -1         512       0.147
10:10:28.207 nvme           2281137 Unknown N    -1         512       0.072
10:10:29.209 nvme           2281146 Unknown N    -1         512       0.078
10:10:29.920 jbd2/nv        752     nvme1n1 WSM  877012872  45056     0.104
10:10:29.920 jbd2/nv        752     nvme1n1 WSM  877012960  4096      0.031
10:10:30.212 nvme           2281150 Unknown N    -1         512       0.082
10:10:31.215 nvme           2281154 Unknown N    -1         512       0.088
10:10:31.456 kworker        2275107 nvme1n1 WM   0          4096      0.126
10:10:31.456 kworker        2275107 nvme1n1 WM   304        4096      0.143
10:10:31.456 kworker        2275107 nvme1n1 WM   352        4096      0.145
10:10:31.456 kworker        2275107 nvme1n1 WM   408        4096      0.146
10:10:31.456 kworker        2275107 nvme1n1 WM   568        4096      0.147
10:10:31.456 kworker        2275107 nvme1n1 WM   600        8192      0.147
10:10:31.456 kworker        2275107 nvme1n1 WM   624        4096      0.150
10:10:31.456 kworker        2275107 nvme1n1 WM   640        8192      0.154
10:10:31.456 kworker        2275107 nvme1n1 WM   776        4096      0.170
10:10:31.456 kworker        2275107 nvme1n1 WM   461373728  4096      0.173
10:10:31.456 kworker        2275107 nvme1n1 WM   616573368  4096      0.177
10:10:31.456 kworker        2275107 nvme1n1 WM   616573448  4096      0.180
10:10:31.456 kworker        2275107 nvme1n1 WM   620757128  4096      0.183
10:10:31.456 kworker        2211508 nvme1n1 W    84221832   12288     0.059
10:10:31.457 kworker        2275107 nvme1n1 WM   721420336  4096      0.098
10:10:31.457 kworker        2275107 nvme1n1 WM   847249424  4096      0.123
10:10:31.457 kworker        2275107 nvme1n1 WM   1174405240 4096      0.124
10:10:31.457 kworker        2275107 nvme1n1 WM   1249902624 4096      0.126
10:10:31.457 kworker        2275107 nvme1n1 WM   1270874232 4096      0.135
10:10:31.457 kworker        2275107 nvme1n1 WM   1274936728 4096      0.136
10:10:31.457 kworker        2275107 nvme1n1 WM   1274936824 4096      0.138
10:10:31.457 kworker        2275107 nvme1n1 WM   1274936856 4096      0.139
10:10:31.457 kworker        2275107 nvme1n1 WM   1274936872 4096      0.140
10:10:31.457 kworker        2275107 nvme1n1 WM   1274936888 4096      0.141
10:10:31.457 kworker        2275107 nvme1n1 WM   1274936984 4096      0.144
10:10:31.457 kworker        2275107 nvme1n1 WM   1274937000 4096      0.151
10:10:31.457 kworker        2275107 nvme1n1 WM   1274937016 8192      0.154
10:10:31.457 kworker        2275107 nvme1n1 WM   1274937096 4096      0.157
10:10:31.457 kworker        2275107 nvme1n1 WM   620764048  57344     0.191
10:10:31.457 kworker        2275107 nvme1n1 WM   620764168  77824     0.222
10:10:31.457 kworker        2275107 nvme1n1 WM   1274937192 4096      0.064
10:10:31.457 kworker        2275107 nvme1n1 WM   1304428592 4096      0.065
10:10:31.457 kworker        2275107 nvme1n1 WM   1337983072 8192      0.070
10:10:31.457 kworker        2275107 nvme1n1 WM   1342177312 4096      0.071
10:10:31.457 kworker        2275107 nvme1n1 WM   1342177376 4096      0.075
10:10:31.457 kworker        2275107 nvme1n1 WM   1342177392 4096      0.076
10:10:31.457 kworker        2275107 nvme1n1 WM   1532037512 4096      0.081
10:10:31.457 kworker        2275107 nvme1n1 WM   1532109344 4096      0.081
10:10:31.457 kworker        2275107 nvme1n1 WM   1537531016 4096      0.085
10:10:31.457 kworker        2275107 nvme1n1 WM   1614807136 4096      0.087
10:10:31.457 kworker        2275107 nvme1n1 WM   1734946208 4096      0.106
10:10:31.457 kworker        2211508 nvme1n1 W    84221856   49152     0.080
10:10:31.457 kworker        2211508 nvme1n1 W    621043712  131072    0.160
10:10:31.457 kworker        2211508 nvme1n1 W    621043968  40960     0.185
10:10:32.217 nvme           2281159 Unknown N    -1         512       0.078
10:10:33.219 nvme           2281173 Unknown N    -1         512       0.035
10:10:34.209 amoprof        2179165 nvme1n1 W    84285096   20480     0.079
