TIMESTAMP    COMM           PID     DISK    T    SECTOR     BYTES   LAT(ms)
06:09:56.293 python3        1784369 nvme1n1 WS   57253888   131072    0.218
06:09:56.293 python3        1784367 nvme1n1 WS   1651183616 131072    0.324
06:09:56.293 python3        1784368 nvme1n1 WS   1651245056 131072    0.386
06:09:56.293 python3        1784369 nvme1n1 WS   57254144   131072    0.512
06:09:56.294 python3        1784369 nvme1n1 WS   57254400   131072    0.602
06:09:56.294 python3        1784369 nvme1n1 WS   57254656   131072    0.599
06:09:56.294 python3        1784369 nvme1n1 WS   57254912   131072    0.710
06:09:56.294 python3        1784369 nvme1n1 WS   57255168   131072    0.770
06:09:56.294 python3        1784367 nvme1n1 WS   1651183872 131072    0.865
06:09:56.294 python3        1784367 nvme1n1 WS   1651184128 131072    0.931
06:09:56.294 python3        1784367 nvme1n1 WS   1651184384 131072    1.013
06:09:56.294 python3        1784367 nvme1n1 WS   1651184640 131072    1.103
06:09:56.294 python3        1784367 nvme1n1 WS   1651184896 131072    1.167
06:09:56.294 python3        1784368 nvme1n1 WS   1651245312 131072    1.270
06:09:56.294 python3        1784368 nvme1n1 WS   1651245568 131072    1.345
06:09:56.294 python3        1784368 nvme1n1 WS   1651245824 131072    1.424
06:09:56.294 python3        1784368 nvme1n1 WS   1651246080 131072    1.506
06:09:56.295 python3        1784367 nvme1n1 WS   1651185152 131072    1.588
06:09:56.295 python3        1784367 nvme1n1 WS   1651185408 131072    1.634
06:09:56.295 python3        1784367 nvme1n1 WS   1651185664 131072    1.716
06:09:56.295 python3        1784367 nvme1n1 WS   1651185920 131072    1.795
06:09:56.295 python3        1784367 nvme1n1 WS   1651186176 131072    1.875
06:09:56.295 python3        1784367 nvme1n1 WS   1651186432 131072    1.956
06:09:56.295 python3        1784367 nvme1n1 WS   1651186688 131072    2.037
06:09:56.295 python3        1784367 nvme1n1 WS   1651186944 131072    2.118
06:09:56.295 python3        1784367 nvme1n1 WS   1651187200 131072    2.198
06:09:56.295 python3        1784367 nvme1n1 WS   1651187456 131072    2.262
06:09:56.295 python3        1784367 nvme1n1 WS   1651191808 131072    2.334
06:09:56.295 python3        1784367 nvme1n1 WS   1651192064 131072    2.414
06:09:56.296 python3        1784368 nvme1n1 WS   1651246336 131072    2.569
06:09:56.296 python3        1784368 nvme1n1 WS   1651246592 131072    2.636
06:09:56.296 python3        1784368 nvme1n1 WS   1651246848 131072    2.670
06:09:56.296 python3        1784368 nvme1n1 WS   1651247104 131072    2.748
06:09:56.296 python3        1784368 nvme1n1 WS   1651247360 131072    2.821
06:09:56.296 python3        1784368 nvme1n1 WS   1651247616 131072    2.896
06:09:56.296 python3        1784368 nvme1n1 WS   1651247872 131072    2.973
06:09:56.296 python3        1784368 nvme1n1 WS   1651248128 131072    3.049
06:09:56.296 python3        1784368 nvme1n1 WS   1651248384 131072    3.121
06:09:56.296 python3        1784368 nvme1n1 WS   1651248640 131072    3.196
06:09:56.296 python3        1784369 nvme1n1 WS   57255424   131072    3.348
06:09:56.296 python3        1784369 nvme1n1 WS   57255680   131072    3.393
06:09:56.296 python3        1784369 nvme1n1 WS   57255936   131072    3.468
06:09:56.297 python3        1784369 nvme1n1 WS   57256192   131072    3.545
06:09:56.297 python3        1784369 nvme1n1 WS   57256448   131072    3.616
06:09:56.297 python3        1784369 nvme1n1 WS   57256704   131072    3.690
06:09:56.297 python3        1784369 nvme1n1 WS   57256960   131072    3.764
06:09:56.297 python3        1784369 nvme1n1 WS   57257216   131072    3.844
06:09:56.297 python3        1784369 nvme1n1 WS   57257472   131072    3.916
06:09:56.297 python3        1784369 nvme1n1 WS   57257728   131072    3.979
06:09:56.297 python3        1784369 nvme1n1 WS   57257984   131072    4.055
06:09:56.297 python3        1784369 nvme1n1 WS   57258240   131072    4.135
06:09:56.297 python3        1784366 nvme1n1 WS   1651187712 131072    4.282
06:09:56.297 python3        1784366 nvme1n1 WS   1651187968 131072    4.291
06:09:56.297 python3        1784366 nvme1n1 WS   1651188224 131072    4.370
06:09:56.297 python3        1784366 nvme1n1 WS   1651188480 131072    4.432
06:09:56.298 python3        1784366 nvme1n1 WS   1651188736 131072    4.509
06:09:56.298 python3        1784366 nvme1n1 WS   1651188992 131072    4.583
06:09:56.298 python3        1784366 nvme1n1 WS   1651189248 131072    4.661
06:09:56.298 python3        1784366 nvme1n1 WS   1651189504 131072    4.720
06:09:56.298 python3        1784366 nvme1n1 WS   1651189760 131072    4.795
06:09:56.298 python3        1784366 nvme1n1 WS   1651190016 131072    4.869
06:09:56.298 python3        1784366 nvme1n1 WS   1651190272 131072    4.944
06:09:56.298 python3        1784366 nvme1n1 WS   1651190528 131072    5.021
06:09:56.298 python3        1784366 nvme1n1 WS   1651190784 131072    5.096
06:09:56.298 python3        1784366 nvme1n1 WS   1651191040 131072    5.171
06:09:56.298 python3        1784366 nvme1n1 WS   1651191296 131072    5.246
06:09:56.298 python3        1784368 nvme1n1 WS   1651248896 131072    5.362
06:09:56.298 python3        1784368 nvme1n1 WS   1651249152 131072    5.431
06:09:56.299 python3        1784368 nvme1n1 WS   1651249408 131072    5.508
06:09:56.299 python3        1784366 nvme1n1 WS   1651191552 131072    5.548
06:09:56.299 python3        1784366 nvme1n1 WS   1651212288 131072    5.626
06:09:56.299 python3        1784366 nvme1n1 WS   1651212544 131072    5.701
06:09:56.299 python3        1784366 nvme1n1 WS   1587699712 131072    5.633
06:09:56.299 python3        1784366 nvme1n1 WS   1587699968 131072    5.696
06:09:56.299 python3        1784366 nvme1n1 WS   1587700224 131072    5.770
06:09:56.299 python3        1784366 nvme1n1 WS   1587700480 131072    5.848
06:09:56.299 python3        1784366 nvme1n1 WS   1587700736 131072    5.925
06:09:56.299 python3        1784366 nvme1n1 WS   1587700992 131072    6.000
06:09:56.299 python3        1784366 nvme1n1 WS   1587701248 131072    6.076
06:09:56.299 python3        1784366 nvme1n1 WS   1587701504 131072    6.141
06:09:56.299 python3        1784366 nvme1n1 WS   1587701760 131072    6.219
06:09:56.300 python3        1784366 nvme1n1 WS   1587702016 131072    6.293
06:09:56.300 python3        1784366 nvme1n1 WS   1587702272 131072    6.368
06:09:56.300 python3        1784366 nvme1n1 WS   1587702528 131072    6.445
06:09:56.300 python3        1784366 nvme1n1 WS   1587702784 131072    6.524
06:09:56.300 python3        1784366 nvme1n1 WS   1587703040 131072    6.602
06:09:56.300 python3        1784366 nvme1n1 WS   1587703296 131072    6.683
06:09:56.300 python3        1784369 nvme1n1 WS   1587703808 131072    6.834
06:09:56.300 python3        1784369 nvme1n1 WS   1587704064 131072    6.907
06:09:56.300 python3        1784369 nvme1n1 WS   1587704320 131072    6.983
06:09:56.300 python3        1784369 nvme1n1 WS   1587704576 131072    7.058
06:09:56.300 python3        1784369 nvme1n1 WS   1587704832 131072    7.136
06:09:56.300 python3        1784369 nvme1n1 WS   1587705088 131072    7.224
06:09:56.301 python3        1784369 nvme1n1 WS   1587705344 131072    7.290
06:09:56.301 python3        1784366 nvme1n1 WS   846295040  131072    7.431
06:09:56.301 python3        1784366 nvme1n1 WS   846295296  131072    7.457
06:09:56.301 python3        1784366 nvme1n1 WS   846295552  131072    7.532
06:09:56.301 python3        1784366 nvme1n1 WS   846295808  131072    7.610
06:09:56.301 python3        1784366 nvme1n1 WS   846296064  131072    7.685
06:09:56.301 python3        1784366 nvme1n1 WS   846296320  131072    7.759
06:09:56.301 python3        1784366 nvme1n1 WS   846296576  131072    7.835
06:09:56.301 python3        1784367 nvme1n1 WS   1587707904 131072    7.938
06:09:56.301 python3        1784367 nvme1n1 WS   1587708160 131072    8.006
06:09:56.301 python3        1784367 nvme1n1 WS   1587708416 131072    8.084
06:09:56.301 python3        1784367 nvme1n1 WS   1587708672 131072    8.159
06:09:56.302 python3        1784367 nvme1n1 WS   1587708928 131072    8.236
06:09:56.302 python3        1784367 nvme1n1 WS   1587709184 131072    8.315
06:09:56.302 python3        1784367 nvme1n1 WS   1587709440 131072    8.391
06:09:56.302 python3        1784367 nvme1n1 WS   1587709696 131072    8.451
06:09:56.302 python3        1784367 nvme1n1 WS   1587709952 131072    8.529
06:09:56.302 python3        1784367 nvme1n1 WS   1587710208 131072    8.604
06:09:56.302 python3        1784367 nvme1n1 WS   1587710464 131072    8.685
06:09:56.302 python3        1784367 nvme1n1 WS   1587710720 131072    8.762
06:09:56.302 python3        1784367 nvme1n1 WS   1587710976 131072    8.837
06:09:56.302 python3        1784367 nvme1n1 WS   1587711232 131072    8.912
06:09:56.302 python3        1784367 nvme1n1 WS   1587711488 131072    8.988
06:09:56.302 python3        1784369 nvme1n1 WS   57262080   131072    9.104
06:09:56.302 python3        1784369 nvme1n1 WS   57262336   131072    9.173
06:09:56.303 python3        1784369 nvme1n1 WS   57262592   131072    9.252
06:09:56.303 python3        1784369 nvme1n1 WS   57262848   131072    9.327
06:09:56.303 python3        1784369 nvme1n1 WS   57263104   131072    9.402
06:09:56.303 python3        1784369 nvme1n1 WS   57263360   131072    9.482
06:09:56.303 python3        1784369 nvme1n1 WS   57263616   131072    9.557
06:09:56.303 python3        1784369 nvme1n1 WS   1587705600 131072    9.665
06:09:56.303 python3        1784369 nvme1n1 WS   1587705856 131072    9.729
06:09:56.303 python3        1784369 nvme1n1 WS   1587706112 131072    9.820
06:09:56.303 python3        1784369 nvme1n1 WS   1587706368 131072    9.882
06:09:56.303 python3        1784369 nvme1n1 WS   1587706624 131072    9.961
06:09:56.303 python3        1784369 nvme1n1 WS   1587706880 131072   10.034
06:09:56.303 python3        1784369 nvme1n1 WS   1587707136 131072   10.111
06:09:56.304 python3        1784369 nvme1n1 WS   1587707392 131072   10.191
06:09:56.304 python3        1784369 nvme1n1 WS   1587707648 131072   10.258
06:09:56.304 python3        1784366 nvme1n1 WS   1587703552 131072   10.357
06:09:56.304 python3        1784366 nvme1n1 WS   1587712000 131072   10.434
06:09:56.304 python3        1784366 nvme1n1 WS   1587712256 131072   10.510
06:09:56.304 python3        1784366 nvme1n1 WS   846296832  131072   10.589
06:09:56.304 python3        1784366 nvme1n1 WS   846297088  131072   10.664
06:09:56.304 python3        1784366 nvme1n1 WS   846297344  131072   10.738
06:09:56.304 python3        1784366 nvme1n1 WS   846297600  131072   10.818
06:09:56.304 python3        1784366 nvme1n1 WS   846297856  131072   10.894
06:09:56.304 python3        1784366 nvme1n1 WS   846298112  131072   10.968
06:09:56.304 python3        1784366 nvme1n1 WS   846298368  131072   11.043
06:09:56.304 python3        1784366 nvme1n1 WS   846298624  131072   11.127
06:09:56.305 python3        1784366 nvme1n1 WS   846298880  131072   11.183
06:09:56.305 python3        1784366 nvme1n1 WS   846200832  131072   11.264
06:09:56.305 python3        1784366 nvme1n1 WS   846201088  131072   11.339
06:09:56.305 python3        1784369 nvme1n1 WS   1587716096 131072   11.444
06:09:56.305 python3        1784369 nvme1n1 WS   1587716352 131072   11.518
06:09:56.305 python3        1784369 nvme1n1 WS   57263872   131072   11.595
06:09:56.305 python3        1784369 nvme1n1 WS   57264128   131072   11.704
06:09:56.305 python3        1784369 nvme1n1 WS   57264384   131072   11.781
06:09:56.305 python3        1784369 nvme1n1 WS   57264640   131072   11.857
06:09:56.305 python3        1784369 nvme1n1 WS   57264896   131072   11.941
06:09:56.305 python3        1784369 nvme1n1 WS   57265152   131072   12.016
06:09:56.305 python3        1784369 nvme1n1 WS   57265408   131072   12.095
06:09:56.306 python3        1784369 nvme1n1 WS   57265664   131072   12.176
06:09:56.306 python3        1784369 nvme1n1 WS   57265920   131072   12.243
06:09:56.306 python3        1784369 nvme1n1 WS   846209024  131072   12.319
06:09:56.306 python3        1784369 nvme1n1 WS   846209280  131072   12.403
06:09:56.306 python3        1784367 nvme1n1 WS   1587711744 131072   12.514
06:09:56.306 python3        1784367 nvme1n1 WS   1587720192 131072   12.587
06:09:56.306 python3        1784367 nvme1n1 WS   1587720448 131072   12.662
06:09:56.306 python3        1784368 nvme1n1 WS   57266176   131072   12.787
06:09:56.306 python3        1784368 nvme1n1 WS   57266432   131072   12.805
06:09:56.306 python3        1784368 nvme1n1 WS   57266688   131072   12.861
06:09:56.306 python3        1784368 nvme1n1 WS   57266944   131072   12.943
06:09:56.306 python3        1784368 nvme1n1 WS   57267200   131072   13.018
06:09:56.306 python3        1784368 nvme1n1 WS   57267456   131072   13.097
06:09:56.307 python3        1784368 nvme1n1 WS   57267712   131072   13.173
06:09:56.307 python3        1784368 nvme1n1 WS   57267968   131072   13.235
06:09:56.307 python3        1784368 nvme1n1 WS   57268224   131072   13.314
06:09:56.307 python3        1784368 nvme1n1 WS   57268480   131072   13.388
06:09:56.307 python3        1784368 nvme1n1 WS   57268736   131072   13.463
06:09:56.307 python3        1784368 nvme1n1 WS   57268992   131072   13.542
06:09:56.307 python3        1784368 nvme1n1 WS   57269248   131072   13.614
06:09:56.307 python3        1784368 nvme1n1 WS   57269504   131072   13.692
06:09:56.307 python3        1784368 nvme1n1 WS   846204928  131072   13.864
06:09:56.307 python3        1784368 nvme1n1 WS   846205184  131072   13.890
06:09:56.307 python3        1784368 nvme1n1 WS   846205440  131072   13.973
06:09:56.307 python3        1784368 nvme1n1 WS   846205696  131072   14.049
06:09:56.308 python3        1784368 nvme1n1 WS   846205952  131072   14.126
06:09:56.308 python3        1784368 nvme1n1 WS   846206208  131072   14.200
06:09:56.308 python3        1784368 nvme1n1 WS   846206464  131072   14.277
06:09:56.308 python3        1784368 nvme1n1 WS   846206720  131072   14.345
06:09:56.308 python3        1784368 nvme1n1 WS   846206976  131072   14.425
06:09:56.308 python3        1784368 nvme1n1 WS   846207232  131072   14.500
06:09:56.308 python3        1784368 nvme1n1 WS   846207488  131072   14.579
06:09:56.308 python3        1784368 nvme1n1 WS   846207744  32768    14.598
06:09:56.308 python3        1784366 nvme1n1 WS   1651216384 131072   14.712
06:09:56.308 python3        1784366 nvme1n1 WS   1651216640 131072   14.785
06:09:56.308 python3        1784366 nvme1n1 WS   1651216896 131072   14.860
06:09:56.308 python3        1784366 nvme1n1 WS   1651217152 131072   14.937
06:09:56.308 python3        1784366 nvme1n1 WS   1651217408 131072   15.016
06:09:56.308 python3        1784366 nvme1n1 WS   1651217664 131072   15.101
06:09:56.309 python3        1784366 nvme1n1 WS   1651217920 131072   15.169
06:09:56.309 python3        1784366 nvme1n1 WS   1651218176 131072   15.237
06:09:56.309 python3        1784366 nvme1n1 WS   1651218432 131072   15.316
06:09:56.309 python3        1784366 nvme1n1 WS   1651218688 131072   15.395
06:09:56.309 python3        1784366 nvme1n1 WS   1651218944 131072   15.475
06:09:56.309 python3        1784366 nvme1n1 WS   1651219200 32768    15.495
06:09:56.309 python3        1784368 nvme1n1 WS   57269760   131072   15.566
06:09:56.309 python3        1784368 nvme1n1 WS   57270016   131072   15.633
06:09:56.309 python3        1784368 nvme1n1 WS   57270272   131072   15.712
06:09:56.309 python3        1784368 nvme1n1 WS   57270528   131072   15.786
06:09:56.309 python3        1784369 nvme1n1 WS   1651220480 131072   15.949
06:09:56.309 python3        1784369 nvme1n1 WS   1651220736 131072   15.967
06:09:56.309 python3        1784369 nvme1n1 WS   1651220992 131072   16.026
06:09:56.310 python3        1784369 nvme1n1 WS   1651221248 131072   16.101
06:09:56.310 python3        1784369 nvme1n1 WS   1651221504 131072   16.176
06:09:56.310 python3        1784369 nvme1n1 WS   1651221760 131072   16.254
06:09:56.310 python3        1784369 nvme1n1 WS   1651222016 131072   16.331
06:09:56.310 python3        1784369 nvme1n1 WS   1651222272 131072   16.426
06:09:56.310 python3        1784369 nvme1n1 WS   1651222528 131072   16.505
06:09:56.310 python3        1784369 nvme1n1 WS   1651222784 131072   16.581
06:09:56.310 python3        1784369 nvme1n1 WS   1651223040 131072   16.660
06:09:56.310 python3        1784369 nvme1n1 WS   1651223296 32768    16.678
06:09:56.310 python3        1784367 nvme1n1 WS   846217216  131072   16.729
06:09:56.310 python3        1784367 nvme1n1 WS   846217472  131072   16.808
06:09:56.310 python3        1784367 nvme1n1 WS   846217728  131072   16.880
06:09:56.310 python3        1784367 nvme1n1 WS   846217984  131072   16.958
06:09:56.311 python3        1784367 nvme1n1 WS   1651224576 131072   17.156
06:09:56.311 python3        1784367 nvme1n1 WS   1651224832 131072   17.186
06:09:56.311 python3        1784367 nvme1n1 WS   1651225088 131072   17.257
06:09:56.311 python3        1784367 nvme1n1 WS   1651225344 131072   17.336
06:09:56.311 python3        1784367 nvme1n1 WS   1651225600 131072   17.413
06:09:56.311 python3        1784367 nvme1n1 WS   1651225856 131072   17.493
06:09:56.311 python3        1784367 nvme1n1 WS   1651226112 131072   17.568
06:09:56.311 python3        1784367 nvme1n1 WS   1651226368 131072   17.629
06:09:56.311 python3        1784367 nvme1n1 WS   1651226624 131072   17.710
06:09:56.311 python3        1784367 nvme1n1 WS   1651226880 131072   17.788
06:09:56.311 python3        1784367 nvme1n1 WS   1651227136 131072   17.872
06:09:56.311 python3        1784367 nvme1n1 WS   1651227392 131072   17.946
06:09:56.312 python3        1784367 nvme1n1 WS   1651227648 131072   18.029
06:09:56.312 python3        1784367 nvme1n1 WS   1651227904 131072   18.103
06:09:56.312 python3        1784367 nvme1n1 WS   1651228160 131072   18.184
06:09:56.312 python3        1784367 nvme1n1 WS   1651228416 131072   18.252
06:09:56.312 python3        1784368 nvme1n1 WS   846213120  131072   18.361
06:09:56.312 python3        1784368 nvme1n1 WS   846213376  131072   18.436
06:09:56.312 python3        1784368 nvme1n1 WS   846213632  131072   18.514
06:09:56.312 python3        1784368 nvme1n1 WS   846213888  131072   18.596
06:09:56.312 python3        1784368 nvme1n1 WS   846214144  131072   18.672
06:09:56.312 python3        1784368 nvme1n1 WS   846214400  131072   18.753
06:09:56.312 python3        1784368 nvme1n1 WS   846214656  131072   18.833
06:09:56.312 python3        1784367 nvme1n1 WS   846218240  131072   18.906
06:09:56.313 python3        1784367 nvme1n1 WS   846218496  131072   18.982
06:09:56.313 python3        1784367 nvme1n1 WS   846218752  131072   19.064
06:09:56.313 python3        1784367 nvme1n1 WS   846219008  131072   19.136
06:09:56.313 python3        1784367 nvme1n1 WS   846219264  131072   19.212
06:09:56.313 python3        1784367 nvme1n1 WS   846219520  131072   19.294
06:09:56.313 python3        1784367 nvme1n1 WS   846219776  131072   19.372
06:09:56.313 python3        1784367 nvme1n1 WS   846220032  32768    19.391
06:09:56.313 python3        1784367 nvme1n1 WS   1651228672 131072   19.585
06:09:56.313 python3        1784367 nvme1n1 WS   1651228928 131072   19.588
06:09:56.313 python3        1784368 nvme1n1 WS   846214912  131072   19.647
06:09:56.313 python3        1784368 nvme1n1 WS   846215168  131072   19.724
06:09:56.313 python3        1784368 nvme1n1 WS   846215424  131072   19.797
06:09:56.313 python3        1784368 nvme1n1 WS   846215680  131072   19.880
06:09:56.314 python3        1784368 nvme1n1 WS   846215936  131072   19.963
06:09:56.314 python3        1784368 nvme1n1 WS   846216192  131072   20.042
06:09:56.314 python3        1784368 nvme1n1 WS   846216448  131072   20.123
06:09:56.314 python3        1784368 nvme1n1 WS   846216704  131072   20.199
06:09:56.314 python3        1784368 nvme1n1 WS   846216960  131072   20.263
06:09:56.314 python3        1784368 nvme1n1 WS   846221312  131072   20.346
06:09:56.314 python3        1784368 nvme1n1 WS   846221568  131072   20.423
06:09:56.391 nvme           1898437 Unknown N    -1         512       0.052
06:09:57.394 nvme           1898493 Unknown N    -1         512       0.034
06:09:58.132 dockerd        1436    nvme1n1 WS   608559784  4096      0.061
06:09:58.132 jbd2/nv        752     nvme1n1 WSM  876900632  131072    0.148
06:09:58.132 jbd2/nv        752     nvme1n1 WSM  876900888  86016     0.171
06:09:58.132 jbd2/nv        752     nvme1n1 WSM  876901056  4096      0.029
06:09:58.132 dockerd        1436    nvme1n1 WS   1177028408 4096      0.033
06:09:58.132 jbd2/nv        752     nvme1n1 WSM  876901064  53248     0.068
06:09:58.132 jbd2/nv        752     nvme1n1 WSM  876901168  4096      0.027
06:09:58.396 nvme           1898554 Unknown N    -1         512       0.028
06:09:59.179 ib_log_        125949  nvme1n1 WS   1757427576 4096      0.056
06:09:59.239 ib_log_        125949  nvme1n1 WS   1757427576 4096      0.047
06:09:59.398 nvme           1898569 Unknown N    -1         512       0.085
06:09:59.445 ib_pg_f        125949  nvme1n1 WS   1755252736 114688    0.131
06:09:59.445 ib_pg_f        125949  nvme1n1 WS   1757788640 16384     0.051
06:09:59.445 ib_pg_f        125949  nvme1n1 WS   1756551168 16384     0.051
06:09:59.445 ib_pg_f        125949  nvme1n1 WS   1757786944 16384     0.059
06:09:59.445 ib_pg_f        125949  nvme1n1 WS   1756553024 16384     0.067
06:09:59.445 ib_pg_f        125949  nvme1n1 WS   1755217736 16384     0.064
06:09:59.445 ib_pg_f        125949  nvme1n1 WS   1757027808 16384     0.068
06:09:59.445 ib_pg_f        125949  nvme1n1 WS   1734883488 16384     0.054
06:09:59.713 kworker        1790484 nvme0n1 W    7337984    4096      0.840
06:09:59.713 kworker        1790484 nvme0n1 W    8128520    4096      0.889
06:09:59.713 kworker        1790484 nvme0n1 W    8128560    4096      0.891
06:09:59.713 kworker        1790484 nvme0n1 W    8128584    8192      0.951
06:09:59.713 kworker        1790484 nvme0n1 W    36228480   65536     1.270
06:09:59.714 kworker        1790484 nvme0n1 W    36227456   65536     1.466
06:09:59.714 kworker        1790484 nvme0n1 W    8128760    16384     0.645
06:09:59.714 kworker        1790484 nvme0n1 W    8128728    4096      0.654
06:09:59.714 kworker        1790484 nvme0n1 W    8128656    8192      0.840
06:09:59.714 kworker        1790484 nvme0n1 W    8128824    49152     0.766
06:09:59.715 kworker        1790484 nvme0n1 W    36228864   262144    3.008
06:09:59.715 kworker        1790484 nvme0n1 W    36229888   262144    3.066
06:09:59.716 kworker        1790484 nvme0n1 W    8129976    262144    2.405
06:09:59.716 kworker        1790484 nvme0n1 W    8130488    262144    2.392
06:09:59.716 kworker        1790484 nvme0n1 W    8129464    262144    2.472
06:09:59.716 kworker        1790484 nvme0n1 W    8128952    262144    2.873
06:09:59.717 kworker        1790484 nvme0n1 W    8131512    262144    2.392
06:09:59.717 kworker        1790484 nvme0n1 W    8131000    262144    2.598
06:09:59.718 kworker        1790484 nvme0n1 W    8132024    262144    3.020
06:09:59.718 kworker        1790484 nvme0n1 W    8132536    262144    3.023
06:09:59.719 kworker        1790484 nvme0n1 W    8133560    262144    2.457
06:09:59.719 kworker        1790484 nvme0n1 W    8134072    262144    2.604
06:09:59.719 kworker        1790484 nvme0n1 W    8133048    262144    2.975
06:09:59.719 kworker        1790484 nvme0n1 W    8134584    262144    2.658
06:09:59.719 kworker        1790484 nvme0n1 W    8136120    32768     1.013
06:09:59.720 kworker        1790484 nvme0n1 W    8142296    16384     0.581
06:09:59.720 kworker        1790484 nvme0n1 W    8135096    262144    2.899
06:09:59.720 kworker        1790484 nvme0n1 W    8135608    262144    3.201
06:09:59.720 kworker        1790484 nvme0n1 W    8142424    16384     1.273
06:09:59.721 kworker        1790484 nvme0n1 W    8143408    4096      0.841
06:09:59.721 kworker        1790484 nvme0n1 W    8140536    131072    2.223
06:09:59.721 kworker        1790484 nvme0n1 W    8136440    262144    2.995
06:09:59.722 kworker        1790484 nvme0n1 W    36015232   65536     1.311
06:09:59.722 kworker        1790484 nvme0n1 W    36018400   16384     1.152
06:09:59.722 kworker        1790484 nvme0n1 W    8142840    262144    2.886
06:09:59.722 kworker        1790484 nvme0n1 W    8144376    131072    2.396
06:09:59.723 kworker        1790484 nvme0n1 W    36016640   131072    2.285
06:09:59.723 kworker        1790484 nvme0n1 W    36020736   131072    1.597
06:09:59.723 kworker        1790484 nvme0n1 W    36014720   262144    2.940
06:09:59.723 kworker        1790484 nvme0n1 W    36021248   131072    1.763
06:09:59.723 kworker        1790484 nvme0n1 W    36025600   65536     1.268
06:09:59.724 kworker        1790484 nvme0n1 W    36022272   131072    1.850
06:09:59.724 kworker        1790484 nvme0n1 W    36023808   131072    1.821
06:09:59.724 kworker        1790484 nvme0n1 W    36024320   131072    2.098
06:09:59.725 kworker        1790484 nvme0n1 W    36161856   16384     0.941
06:09:59.725 kworker        1790484 nvme0n1 W    36029952   131072    1.451
06:09:59.725 kworker        1790484 nvme0n1 W    36025856   131072    1.845
06:09:59.725 kworker        1790484 nvme0n1 W    36162816   131072    1.619
06:09:59.726 kworker        1790484 nvme0n1 W    36164704   4096      0.767
06:09:59.726 kworker        1790484 nvme0n1 W    36026624   262144    2.877
06:09:59.726 kworker        1790484 nvme0n1 W    36028160   262144    3.025
06:09:59.726 kworker        1790484 nvme0n1 W    36164832   16384     1.334
06:09:59.726 kworker        1790484 nvme0n1 W    36163328   131072    1.648
06:09:59.726 kworker        1790484 nvme0n1 W    36162176   196608    2.741
06:09:59.727 kworker        1790484 nvme0n1 W    36166656   131072    1.466
06:09:59.727 kworker        1790484 nvme0n1 W    36168008   4096      0.964
06:09:59.727 kworker        1790484 nvme0n1 W    36168456   4096      0.972
06:09:59.728 kworker        1790484 nvme0n1 W    36169768   4096      0.450
06:09:59.728 kworker        1790484 nvme0n1 W    36167104   32768     1.526
06:09:59.728 kworker        1790484 nvme0n1 W    36167552   65536     1.649
06:09:59.728 kworker        1790484 nvme0n1 W    36164096   262144    3.368
06:09:59.728 kworker        1790484 nvme0n1 W    36165632   262144    2.540
06:09:59.728 kworker        1790484 nvme0n1 W    36169824   4096      1.168
06:09:59.729 kworker        1790484 nvme0n1 W    36170024   4096      1.064
06:09:59.729 kworker        1790484 nvme0n1 W    36169888   4096      1.128
06:09:59.730 kworker        1790484 nvme0n1 W    36169216   262144    3.392
06:09:59.730 kworker        1790484 nvme0n1 W    36174464   65536     1.079
06:09:59.730 kworker        1790484 nvme0n1 W    36170496   131072    2.213
06:09:59.731 kworker        1790484 nvme0n1 W    36172288   262144    2.533
06:09:59.731 kworker        1790484 nvme0n1 W    36171008   262144    2.856
06:09:59.731 kworker        1790484 nvme0n1 W    36172800   262144    2.593
06:09:59.731 kworker        1790484 nvme0n1 W    36177024   16384     0.846
06:09:59.731 kworker        1790484 nvme0n1 W    36173312   262144    2.553
06:09:59.732 kworker        1790484 nvme0n1 W    36177280   65536     0.971
06:09:59.732 kworker        1790484 nvme0n1 W    36177152   16384     1.096
06:09:59.732 kworker        1790484 nvme0n1 W    36308992   4096      0.587
06:09:59.732 kworker        1790484 nvme0n1 W    36309040   4096      0.958
06:09:59.732 kworker        1790484 nvme0n1 W    36175872   131072    2.444
06:09:59.733 kworker        1790484 nvme0n1 W    36175168   229376    3.155
06:09:59.733 kworker        1790484 nvme0n1 W    36309136   4096      1.163
06:09:59.733 kworker        1790484 nvme0n1 W    36309192   4096      1.165
06:09:59.733 kworker        1790484 nvme0n1 W    36309088   4096      1.227
06:09:59.733 kworker        1790484 nvme0n1 W    36176384   262144    3.284
06:09:59.734 kworker        1790484 nvme0n1 W    36309288   4096      1.165
06:09:59.734 kworker        1790484 nvme0n1 W    36309240   4096      1.168
06:09:59.734 kworker        1790484 nvme0n1 W    36177536   196608    2.771
06:09:59.734 kworker        1790484 nvme0n1 W    36309384   4096      1.084
06:09:59.734 kworker        1790484 nvme0n1 W    36309336   4096      1.088
06:09:59.734 kworker        1790484 nvme0n1 W    36310448   4096      1.045
06:09:59.735 kworker        1790484 nvme0n1 W    36310304   4096      1.108
06:09:59.735 kworker        1790484 nvme0n1 W    36310600   4096      1.111
06:09:59.735 kworker        1790484 nvme0n1 W    36310896   4096      0.469
06:09:59.735 kworker        1790484 nvme0n1 W    36310744   4096      1.160
06:09:59.735 kworker        1790484 nvme0n1 W    36311040   4096      0.961
06:09:59.735 kworker        1790484 nvme0n1 W    36311424   16384     1.085
06:09:59.736 kworker        1790484 nvme0n1 W    36311552   65536     1.463
06:09:59.736 kworker        1790484 nvme0n1 W    36313600   131072    1.277
06:09:59.736 kworker        1790484 nvme0n1 W    36309824   229376    3.009
06:09:59.737 kworker        1790484 nvme0n1 W    36313088   131072    1.847
06:09:59.737 kworker        1790484 nvme0n1 W    36315680   4096      0.653
06:09:59.737 kworker        1790484 nvme0n1 W    36315136   131072    1.658
06:09:59.737 kworker        1790484 nvme0n1 W    36314112   131072    1.791
06:09:59.737 kworker        1790484 nvme0n1 W    36317728   16384     0.788
06:09:59.737 kworker        1790484 nvme0n1 W    36312576   262144    2.889
06:09:59.738 kworker        1790484 nvme0n1 W    36316032   65536     1.523
06:09:59.738 kworker        1790484 nvme0n1 W    36317824   32768     0.978
06:09:59.738 kworker        1790484 nvme0n1 W    36316416   131072    1.893
06:09:59.738 kworker        1790484 nvme0n1 W    36318024   4096      1.041
06:09:59.739 kworker        1790484 nvme0n1 W    36318056   8192      1.043
06:09:59.739 kworker        1790484 nvme0n1 W    36318336   16384     1.164
06:09:59.739 kworker        1790484 nvme0n1 W    36320280   4096      0.664
06:09:59.739 kworker        1790484 nvme0n1 W    36317184   131072    2.168
06:09:59.739 kworker        1790484 nvme0n1 W    36318976   65536     1.524
06:09:59.739 kworker        1790484 nvme0n1 W    36320328   4096      1.214
06:09:59.739 kworker        1790484 nvme0n1 W    36320384   4096      0.658
06:09:59.740 kworker        1790484 nvme0n1 W    36320544   4096      1.031
06:09:59.740 kworker        1790484 nvme0n1 W    36320704   32768     1.278
06:09:59.740 kworker        1790484 nvme0n1 W    36320888   4096      0.915
06:09:59.740 kworker        1790484 nvme0n1 W    36320000   131072    2.226
06:09:59.740 kworker        1790484 nvme0n1 W    36320904   4096      1.041
06:09:59.741 kworker        1790484 nvme0n1 W    36320960   16384     1.140
06:09:59.741 kworker        1790484 nvme0n1 W    36322408   4096      0.540
06:09:59.741 kworker        1790484 nvme0n1 W    36319488   262144    3.019
06:09:59.741 kworker        1790484 nvme0n1 W    36322848   4096      0.662
06:09:59.741 kworker        1790484 nvme0n1 W    36322984   4096      1.036
06:09:59.741 kworker        1790484 nvme0n1 W    36323072   16384     1.158
06:09:59.742 kworker        1790484 nvme0n1 W    36323872   16384     1.193
06:09:59.742 kworker        1790484 nvme0n1 W    36321792   131072    2.157
06:09:59.742 kworker        1790484 nvme0n1 W    36324864   131072    1.295
06:09:59.742 kworker        1790484 nvme0n1 W    36321280   262144    3.128
06:09:59.743 kworker        1790484 nvme0n1 W    36323968   131072    1.985
06:09:59.744 kworker        1790484 nvme0n1 W    36324352   262144    2.785
06:10:00.218 ib_log_        125949  nvme1n1 WS   1757422584 4096      0.053
06:10:00.401 nvme           1898573 Unknown N    -1         512       0.075
06:10:00.698 dockerd        1436    nvme1n1 WS   1177028416 4096      0.052
06:10:00.698 jbd2/nv        752     nvme1n1 WSM  876901176  69632     0.091
06:10:00.698 jbd2/nv        752     nvme1n1 WSM  876901312  4096      0.029
06:10:00.698 dockerd        1436    nvme1n1 WS   1177028424 4096      0.031
06:10:00.698 jbd2/nv        752     nvme1n1 WSM  876901320  49152     0.066
06:10:00.698 jbd2/nv        752     nvme1n1 WSM  876901416  4096      0.026
06:10:00.745 contain        1195    nvme1n1 WS   1730873928 4096      0.049
06:10:00.745 contain        1195    nvme1n1 WS   1730873960 4096      0.060
06:10:00.745 contain        1195    nvme1n1 WS   1730874008 4096      0.060
06:10:00.745 contain        1195    nvme1n1 WS   1730874248 4096      0.066
06:10:00.745 contain        1195    nvme1n1 WS   1429528    4096      0.028
06:10:00.757 dockerd        1436    nvme1n1 WS   830734360  4096      0.044
06:10:00.757 dockerd        1436    nvme1n1 WS   1757812096 12288     0.049
06:10:00.757 dockerd        1436    nvme1n1 WS   1323312    4096      0.031
06:10:00.771 dockerd        1436    nvme1n1 WS   1323320    4096      0.046
06:10:00.771 dockerd        1436    nvme1n1 WS   1757812080 8192      0.051
06:10:00.771 dockerd        1436    nvme1n1 WS   1757812120 4096      0.052
06:10:00.771 dockerd        1436    nvme1n1 WS   1323304    4096      0.027
06:10:00.772 dockerd        1436    nvme1n1 W    1177028432 4096      0.028
06:10:00.772 dockerd        1436    nvme1n1 WS   1757812072 4096      0.032
06:10:00.772 dockerd        1436    nvme1n1 WS   1757812096 12288     0.039
06:10:00.772 dockerd        1436    nvme1n1 WS   1323312    4096      0.026
06:10:00.799 dockerd        1436    nvme1n1 WS   1323320    4096      0.048
06:10:00.799 dockerd        1436    nvme1n1 WS   1757812080 8192      0.053
06:10:00.799 dockerd        1436    nvme1n1 WS   1757812120 4096      0.054
06:10:00.799 dockerd        1436    nvme1n1 WS   1323304    4096      0.027
06:10:00.799 dockerd        1436    nvme1n1 WS   830734360  4096      0.034
06:10:00.799 dockerd        1436    nvme1n1 WS   1757812096 12288     0.041
06:10:00.800 dockerd        1436    nvme1n1 WS   1323312    4096      0.027
06:10:00.803 kworker        1790484 nvme1n1 W    608731760  4096      0.042
06:10:00.803 kworker        1790484 nvme1n1 W    1586225728 8192      0.048
06:10:00.803 kworker        1696237 nvme1n1 W    1642273584 20480     0.056
06:10:00.804 kworker        1879956 nvme1n1 W    461779264  4096      0.145
06:10:00.804 kworker        1879956 nvme1n1 W    461779280  4096      0.152
06:10:00.804 kworker        1879956 nvme1n1 W    461779296  4096      0.153
06:10:00.804 kworker        1879956 nvme1n1 W    1719293872 4096      0.157
06:10:00.804 kworker        1879956 nvme1n1 W    844599400  4096      0.159
06:10:00.804 kworker        1879956 nvme1n1 W    608612336  8192      0.146
06:10:00.804 kworker        1879956 nvme1n1 W    846225440  8192      0.148
06:10:00.804 kworker        1879956 nvme1n1 W    570982376  69632     0.204
06:10:00.804 kworker        1879956 nvme1n1 W    1735075728 57344     0.234
06:10:00.804 kworker        1879956 nvme1n1 W    1735118736 57344     0.270
06:10:00.804 kworker        1879956 nvme1n1 W    608611280  131072    0.352
06:10:00.804 kworker        1879956 nvme1n1 W    608611536  122880    0.456
06:10:00.804 kworker        1879956 nvme1n1 W    608611776  126976    0.532
06:10:00.804 kworker        1879956 nvme1n1 W    608612024  131072    0.611
06:10:00.804 kworker        1879956 nvme1n1 W    608612280  28672     0.627
06:10:00.804 kworker        1879956 nvme1n1 W    846225408  16384     0.638
06:10:00.804 kworker        1879956 nvme1n1 W    1663869360 131072    0.717
06:10:00.804 kworker        1879956 nvme1n1 W    1663869616 61440     0.753
06:10:00.804 kworker        1879956 nvme1n1 W    846225456  32768     0.770
06:10:00.804 kworker        1879956 nvme1n1 W    1734148608 131072    0.848
06:10:00.804 kworker        1879956 nvme1n1 W    1734148864 90112     0.902
06:10:00.804 kworker        1879956 nvme1n1 W    608634416  77824     0.949
06:10:00.804 kworker        1879956 nvme1n1 W    846225520  131072    1.026
06:10:00.805 jbd2/nv        752     nvme1n1 WSM  876901424  131072    1.006
06:10:00.805 jbd2/nv        752     nvme1n1 WSM  876901680  49152     1.019
06:10:00.805 dockerd        1436    nvme1n1 WM   32         8192      1.006
06:10:00.805 dockerd        1436    nvme1n1 WM   288        4096      1.012
06:10:00.805 dockerd        1436    nvme1n1 WM   440        4096      1.019
06:10:00.805 dockerd        1436    nvme1n1 WM   712        4096      1.020
06:10:00.805 dockerd        1436    nvme1n1 WM   792        4096      1.020
06:10:00.805 dockerd        1436    nvme1n1 WM   67108944   8192      1.019
06:10:00.805 dockerd        1436    nvme1n1 WM   71303248   4096      1.020
06:10:00.805 dockerd        1436    nvme1n1 WM   71303296   4096      1.024
06:10:00.805 dockerd        1436    nvme1n1 WM   461373704  4096      1.024
06:10:00.805 dockerd        1436    nvme1n1 WM   461373776  4096      1.024
06:10:00.805 dockerd        1436    nvme1n1 WM   461373800  4096      1.030
06:10:00.805 dockerd        1436    nvme1n1 WM   461373816  4096      1.031
06:10:00.805 dockerd        1436    nvme1n1 WM   591396872  4096      1.032
06:10:00.805 dockerd        1436    nvme1n1 WM   591669240  4096      1.037
06:10:00.805 dockerd        1436    nvme1n1 WM   54526024   12288     1.045
06:10:00.805 dockerd        1436    nvme1n1 WM   71303440   12288     1.050
06:10:00.805 dockerd        1436    nvme1n1 WM   591674712  4096      1.048
06:10:00.805 dockerd        1436    nvme1n1 WM   591675088  4096      1.053
06:10:00.805 dockerd        1436    nvme1n1 WM   591677032  4096      1.054
06:10:00.805 dockerd        1436    nvme1n1 WM   591677200  4096      1.058
06:10:00.805 dockerd        1436    nvme1n1 WM   591677360  4096      1.060
06:10:00.805 dockerd        1436    nvme1n1 WM   608174224  4096      1.065
06:10:00.805 dockerd        1436    nvme1n1 WM   608174336  4096      1.067
06:10:00.805 dockerd        1436    nvme1n1 WM   608174416  4096      1.068
06:10:00.805 dockerd        1436    nvme1n1 WM   843055136  4096      1.072
06:10:00.805 dockerd        1436    nvme1n1 WM   844181440  8192      1.073
06:10:00.805 dockerd        1436    nvme1n1 WM   844181464  4096      1.080
06:10:00.805 dockerd        1436    nvme1n1 WM   844215920  4096      1.081
06:10:00.805 dockerd        1436    nvme1n1 WM   844216224  4096      1.081
06:10:00.805 dockerd        1436    nvme1n1 WM   905969800  4096      1.081
06:10:00.805 dockerd        1436    nvme1n1 WM   905969920  4096      1.087
06:10:00.805 dockerd        1436    nvme1n1 WM   1484783664 4096      1.002
06:10:00.805 dockerd        1436    nvme1n1 WM   1519845296 4096      1.004
06:10:00.805 dockerd        1436    nvme1n1 WM   1564475424 4096      1.009
06:10:00.805 dockerd        1436    nvme1n1 WM   1577058392 4096      1.009
06:10:00.805 dockerd        1436    nvme1n1 WM   1585446976 4096      1.010
06:10:00.805 dockerd        1436    nvme1n1 WM   1589641264 4096      1.012
06:10:00.805 dockerd        1436    nvme1n1 WM   1635436504 4096      1.016
06:10:00.805 dockerd        1436    nvme1n1 WM   1644167248 4096      1.016
06:10:00.805 dockerd        1436    nvme1n1 WM   1660944480 4096      1.018
06:10:00.805 dockerd        1436    nvme1n1 WM   1707589104 4096      1.022
06:10:00.805 dockerd        1436    nvme1n1 WM   1735433528 4096      1.023
06:10:00.805 dockerd        1436    nvme1n1 WM   1756377576 4096      1.025
06:10:00.805 dockerd        1436    nvme1n1 WM   1756377824 4096      1.028
06:10:00.805 dockerd        1436    nvme1n1 WM   1756377856 4096      1.032
06:10:00.805 dockerd        1436    nvme1n1 WM   608185072  12288     1.134
06:10:00.805 dockerd        1436    nvme1n1 WM   1756391216 4096      1.040
06:10:00.805 dockerd        1436    nvme1n1 WM   1756391376 4096      1.044
06:10:00.805 dockerd        1436    nvme1n1 WM   1756414144 4096      1.045
06:10:00.805 dockerd        1436    nvme1n1 WM   1756414160 4096      1.058
06:10:00.805 dockerd        1436    nvme1n1 WM   1756415536 4096      1.064
06:10:00.805 dockerd        1436    nvme1n1 WM   1756439528 4096      1.065
06:10:00.805 dockerd        1436    nvme1n1 WM   1756440520 4096      1.065
06:10:00.805 dockerd        1436    nvme1n1 WM   1756440856 8192      1.071
06:10:00.805 dockerd        1436    nvme1n1 WM   1756440888 4096      1.072
06:10:00.805 dockerd        1436    nvme1n1 WM   1756489680 4096      1.077
06:10:00.805 dockerd        1436    nvme1n1 WM   1756492352 4096      1.078
06:10:00.805 dockerd        1436    nvme1n1 WM   1756492424 4096      1.082
06:10:00.805 dockerd        1436    nvme1n1 WM   1756521408 4096      1.084
06:10:00.805 dockerd        1436    nvme1n1 WM   1756527544 4096      1.088
06:10:00.805 dockerd        1436    nvme1n1 WM   1756528584 4096      1.090
06:10:00.805 dockerd        1436    nvme1n1 WM   1756549592 4096      1.091
06:10:00.805 dockerd        1436    nvme1n1 WM   1756599952 4096      1.042
06:10:00.805 dockerd        1436    nvme1n1 WM   1756600208 4096      1.047
06:10:00.805 dockerd        1436    nvme1n1 WM   1756601016 4096      1.048
06:10:00.805 dockerd        1436    nvme1n1 WM   1756601360 4096      1.050
06:10:00.805 dockerd        1436    nvme1n1 WM   1756601464 4096      1.053
06:10:00.805 dockerd        1436    nvme1n1 WM   1756662672 4096      1.054
06:10:00.805 dockerd        1436    nvme1n1 WM   1756682184 4096      1.054
06:10:00.805 dockerd        1436    nvme1n1 WM   1756682200 4096      1.059
06:10:00.805 dockerd        1436    nvme1n1 WM   1756754888 4096      1.060
06:10:00.805 dockerd        1436    nvme1n1 WM   1756755544 4096      1.060
06:10:00.805 dockerd        1436    nvme1n1 WM   1756757992 4096      1.064
06:10:00.805 dockerd        1436    nvme1n1 WM   1756762616 4096      1.066
06:10:00.805 dockerd        1436    nvme1n1 WM   1756772328 4096      1.069
06:10:00.805 dockerd        1436    nvme1n1 WM   1756772344 4096      1.071
06:10:00.805 dockerd        1436    nvme1n1 WM   1756777440 8192      1.073
06:10:00.805 dockerd        1436    nvme1n1 WM   1756778096 4096      1.078
06:10:00.805 dockerd        1436    nvme1n1 WM   1756780392 4096      1.080
06:10:00.805 dockerd        1436    nvme1n1 WM   1756783040 4096      1.083
06:10:00.805 dockerd        1436    nvme1n1 WM   905977600  20480     1.168
06:10:00.805 dockerd        1436    nvme1n1 WM   1648361536 16384     1.174
06:10:00.805 jbd2/nv        752     nvme1n1 WSM  876901776  4096      0.272
06:10:00.805 dockerd        1436    nvme1n1 WM   1756791792 4096      0.086
06:10:00.805 dockerd        1436    nvme1n1 WM   1756792560 4096      0.093
06:10:00.805 dockerd        1436    nvme1n1 WM   1756792776 4096      0.094
06:10:00.805 dockerd        1436    nvme1n1 WM   1756807648 4096      0.095
06:10:00.805 dockerd        1436    nvme1n1 WM   1756819448 4096      0.108
06:10:00.805 dockerd        1436    nvme1n1 WM   1756827360 4096      0.114
06:10:00.805 dockerd        1436    nvme1n1 WM   1756827616 4096      0.116
06:10:00.805 dockerd        1436    nvme1n1 WM   1756828040 4096      0.116
06:10:00.805 dockerd        1436    nvme1n1 WM   1756828064 4096      0.119
06:10:00.805 dockerd        1436    nvme1n1 WM   1756831736 4096      0.125
06:10:00.805 dockerd        1436    nvme1n1 WM   1756840400 4096      0.126
06:10:00.805 dockerd        1436    nvme1n1 WM   1756843896 4096      0.126
06:10:00.805 dockerd        1436    nvme1n1 WM   1756843936 4096      0.127
06:10:00.805 dockerd        1436    nvme1n1 WM   1756846032 4096      0.133
06:10:00.805 dockerd        1436    nvme1n1 WM   1756847224 8192      0.133
06:10:00.805 dockerd        1436    nvme1n1 WM   1756847352 4096      0.139
06:10:00.805 dockerd        1436    nvme1n1 WM   1756848472 4096      0.140
06:10:00.805 dockerd        1436    nvme1n1 WM   1756848552 4096      0.140
06:10:00.805 dockerd        1436    nvme1n1 WM   1756864792 4096      0.147
06:10:00.805 dockerd        1436    nvme1n1 WM   1756864864 4096      0.148
06:10:00.805 dockerd        1436    nvme1n1 WM   1756864968 4096      0.148
06:10:00.805 dockerd        1436    nvme1n1 WM   1756866928 4096      0.154
06:10:00.805 dockerd        1436    nvme1n1 WM   1756866976 4096      0.155
06:10:00.805 dockerd        1436    nvme1n1 WM   1756867056 4096      0.155
06:10:00.805 dockerd        1436    nvme1n1 WM   1756868304 4096      0.156
06:10:00.805 dockerd        1436    nvme1n1 WM   1756872680 8192      0.160
06:10:00.805 dockerd        1436    nvme1n1 WM   1756879472 4096      0.166
06:10:00.805 dockerd        1436    nvme1n1 WM   1756885464 4096      0.167
06:10:00.805 dockerd        1436    nvme1n1 WM   1756887688 4096      0.167
06:10:00.805 dockerd        1436    nvme1n1 WM   1757028296 4096      0.172
06:10:00.805 kworker        1879956 nvme1n1 WS   846225664  4096      0.147
06:10:00.805 kworker        1879956 nvme1n1 WS   846225776  4096      0.151
06:10:00.805 jbd2/nv        752     nvme1n1 WSM  876901784  40960     0.060
06:10:00.805 jbd2/nv        752     nvme1n1 WSM  876901864  4096      0.026
06:10:00.805 dockerd        1436    nvme1n1 WSM  0          4096      0.088
06:10:00.805 dockerd        1436    nvme1n1 WSM  224        4096      0.094
06:10:00.805 dockerd        1436    nvme1n1 WSM  280        4096      0.096
06:10:00.805 dockerd        1436    nvme1n1 WSM  296        4096      0.099
06:10:00.805 dockerd        1436    nvme1n1 WSM  408        4096      0.100
06:10:00.805 dockerd        1436    nvme1n1 WSM  568        4096      0.100
06:10:00.805 dockerd        1436    nvme1n1 WSM  752        8192      0.114
06:10:00.805 dockerd        1436    nvme1n1 WSM  784        4096      0.122
06:10:00.805 dockerd        1436    nvme1n1 WSM  800        4096      0.124
06:10:00.805 dockerd        1436    nvme1n1 WSM  832        4096      0.124
06:10:00.805 dockerd        1436    nvme1n1 WSM  461373568  4096      0.129
06:10:00.805 dockerd        1436    nvme1n1 WSM  461373696  4096      0.131
06:10:00.805 dockerd        1436    nvme1n1 WSM  570425360  4096      0.131
06:10:00.805 dockerd        1436    nvme1n1 WSM  591663448  4096      0.135
06:10:00.805 dockerd        1436    nvme1n1 WSM  608174088  8192      0.137
06:10:00.805 dockerd        1436    nvme1n1 WSM  843055200  4096      0.139
06:10:00.805 dockerd        1436    nvme1n1 WSM  1174405200 4096      0.144
06:10:00.805 dockerd        1436    nvme1n1 WSM  1484789216 4096      0.145
06:10:00.805 dockerd        1436    nvme1n1 WSM  1485401008 4096      0.146
06:10:00.805 dockerd        1436    nvme1n1 WSM  1493172480 4096      0.152
06:10:00.806 dockerd        1436    nvme1n1 WSM  1493172504 4096      0.153
06:10:00.806 dockerd        1436    nvme1n1 WSM  1572864128 4096      0.153
06:10:00.806 dockerd        1436    nvme1n1 WSM  1572864280 4096      0.159
06:10:00.806 dockerd        1436    nvme1n1 WSM  1585446928 4096      0.160
06:10:00.806 dockerd        1436    nvme1n1 WSM  1631584368 4096      0.160
06:10:00.806 dockerd        1436    nvme1n1 WSM  1639972928 4096      0.164
06:10:00.806 dockerd        1436    nvme1n1 WSM  1660944472 4096      0.166
06:10:00.806 dockerd        1436    nvme1n1 WSM  1707383280 4096      0.169
06:10:00.806 dockerd        1436    nvme1n1 WSM  1732247608 4096      0.171
06:10:00.806 dockerd        1436    nvme1n1 WSM  1732247632 4096      0.173
06:10:00.806 dockerd        1436    nvme1n1 WSM  461374248  12288     0.185
06:10:00.806 dockerd        1436    nvme1n1 WSM  608185016  24576     0.198
06:10:00.806 dockerd        1436    nvme1n1 WS   608559792  4096      0.034
06:10:00.807 jbd2/nv        752     nvme1n1 WSM  876901872  61440     0.076
06:10:00.807 jbd2/nv        752     nvme1n1 WSM  876901992  4096      0.028
06:10:00.807 dockerd        1436    nvme1n1 WS   608559800  4096      0.030
06:10:00.807 jbd2/nv        752     nvme1n1 WSM  876902000  49152     0.065
06:10:00.807 jbd2/nv        752     nvme1n1 WSM  876902096  4096      0.026
06:10:00.807 dockerd        1436    nvme1n1 WS   608559808  4096      0.031
06:10:00.807 jbd2/nv        752     nvme1n1 WSM  876902104  49152     0.068
06:10:00.807 jbd2/nv        752     nvme1n1 WSM  876902200  4096      0.026
06:10:00.808 dockerd        1436    nvme1n1 WS   608559816  4096      0.028
06:10:00.808 jbd2/nv        752     nvme1n1 WSM  876902208  36864     0.056
06:10:00.808 jbd2/nv        752     nvme1n1 WSM  876902280  4096      0.029
06:10:00.808 contain        1195    nvme1n1 WS   1730874056 4096      0.043
06:10:00.808 contain        1195    nvme1n1 WS   1730874240 4096      0.052
06:10:00.808 contain        1195    nvme1n1 WS   1730874080 12288     0.060
06:10:00.808 contain        1195    nvme1n1 WS   1429520    4096      0.029
06:10:00.813 contain        1195    nvme1n1 WS   1730873888 4096      0.050
06:10:00.813 contain        1195    nvme1n1 WS   1730873960 4096      0.060
06:10:00.813 contain        1195    nvme1n1 WS   1730874008 4096      0.065
06:10:00.813 contain        1195    nvme1n1 WS   1730874048 4096      0.066
06:10:00.813 contain        1195    nvme1n1 WS   1730874248 8192      0.066
06:10:00.813 contain        1195    nvme1n1 WS   1429528    4096      0.028
06:10:00.814 contain        1195    nvme1n1 WS   1725789792 4096      0.046
06:10:00.814 contain        1195    nvme1n1 WS   1725789848 4096      0.054
06:10:00.814 contain        1195    nvme1n1 WS   1725789872 4096      0.059
06:10:00.814 contain        1195    nvme1n1 WS   1725789944 4096      0.060
06:10:00.814 contain        1195    nvme1n1 WS   1725789960 12288     0.060
06:10:00.814 contain        1195    nvme1n1 WS   1707371880 4096      0.026
06:10:00.814 contain        1195    nvme1n1 WS   1725789816 4096      0.049
06:10:00.814 contain        1195    nvme1n1 WS   1725789864 4096      0.053
06:10:00.814 contain        1195    nvme1n1 WS   1725789888 4096      0.058
06:10:00.814 contain        1195    nvme1n1 WS   1725789928 8192      0.059
06:10:00.814 contain        1195    nvme1n1 WS   1725789952 4096      0.061
06:10:00.814 contain        1195    nvme1n1 WS   1725789984 4096      0.064
06:10:00.814 contain        1195    nvme1n1 WS   1707371888 4096      0.028
06:10:00.814 contain        1195    nvme1n1 WS   1725789792 4096      0.032
06:10:00.814 contain        1195    nvme1n1 WS   1707371880 4096      0.026
06:10:01.403 nvme           1898625 Unknown N    -1         512       0.079
06:10:02.405 nvme           1898635 Unknown N    -1         512       0.031
06:10:03.408 nvme           1898652 Unknown N    -1         512       0.030
06:10:04.410 nvme           1898667 Unknown N    -1         512       0.086
06:10:05.412 nvme           1898671 Unknown N    -1         512       0.031
06:10:05.588 contain        1195    nvme1n1 WS   1551466504 4096      0.069
06:10:05.588 contain        1195    nvme1n1 WS   1730874088 8192      0.078
06:10:05.588 contain        1195    nvme1n1 WS   1730874168 8192      0.083
06:10:05.588 contain        1195    nvme1n1 WS   1429520    4096      0.028
06:10:05.589 contain        1195    nvme1n1 WS   1730874048 8192      0.051
06:10:05.589 contain        1195    nvme1n1 WS   1730874080 4096      0.058
06:10:05.589 contain        1195    nvme1n1 WS   1730874184 4096      0.059
06:10:05.589 contain        1195    nvme1n1 WS   1730874240 4096      0.060
06:10:05.589 contain        1195    nvme1n1 WS   1429528    4096      0.026
06:10:05.589 contain        1195    nvme1n1 WS   1725789848 4096      0.052
06:10:05.589 contain        1195    nvme1n1 WS   1725789912 4096      0.058
06:10:05.589 contain        1195    nvme1n1 WS   1725789944 4096      0.059
06:10:05.589 contain        1195    nvme1n1 WS   1725789960 16384     0.062
06:10:05.589 contain        1195    nvme1n1 WS   1707371888 4096      0.028
06:10:05.589 contain        1195    nvme1n1 WS   1730873960 4096      0.047
06:10:05.589 contain        1195    nvme1n1 WS   1730874008 4096      0.051
06:10:05.589 contain        1195    nvme1n1 WS   1730874096 4096      0.056
06:10:05.589 contain        1195    nvme1n1 WS   1730874168 8192      0.056
06:10:05.589 contain        1195    nvme1n1 WS   1730874248 36864     0.076
06:10:05.589 contain        1195    nvme1n1 WS   1429520    4096      0.028
06:10:05.591 kworker        1790484 nvme1n1 W    1642273616 4096      0.037
06:10:05.591 kworker        1696237 nvme1n1 W    846225776  4096      0.067
06:10:05.591 kworker        1696237 nvme1n1 W    846225720  4096      0.077
06:10:05.591 kworker        1696237 nvme1n1 W    608533176  8192      0.086
06:10:05.591 kworker        1696237 nvme1n1 W    846225760  4096      0.089
06:10:05.591 kworker        1696237 nvme1n1 W    608533192  8192      0.091
06:10:05.591 kworker        1696237 nvme1n1 W    1719293872 4096      0.091
06:10:05.591 kworker        1696237 nvme1n1 W    1735454552 8192      0.093
06:10:05.591 kworker        1696237 nvme1n1 W    608533152  12288     0.101
06:10:05.591 kworker        1696237 nvme1n1 W    1757085080 53248     0.081
06:10:05.591 dockerd        1436    nvme1n1 WM   461373704  4096      0.042
06:10:05.591 dockerd        1436    nvme1n1 WM   1707589104 4096      0.044
06:10:05.591 jbd2/nv        752     nvme1n1 WSM  876902288  131072    0.147
06:10:05.591 jbd2/nv        752     nvme1n1 WSM  876902544  69632     0.165
06:10:05.591 jbd2/nv        752     nvme1n1 WSM  876902680  4096      0.035
06:10:05.591 jbd2/nv        752     nvme1n1 WSM  876902688  16384     0.046
06:10:05.591 jbd2/nv        752     nvme1n1 WSM  876902720  4096      0.029
06:10:05.591 dockerd        1436    nvme1n1 WSM  0          4096      0.086
06:10:05.591 dockerd        1436    nvme1n1 WSM  40         4096      0.087
06:10:05.591 dockerd        1436    nvme1n1 WSM  152        4096      0.088
06:10:05.591 dockerd        1436    nvme1n1 WSM  224        4096      0.093
06:10:05.591 dockerd        1436    nvme1n1 WSM  288        8192      0.094
06:10:05.591 dockerd        1436    nvme1n1 WSM  568        4096      0.097
06:10:05.591 dockerd        1436    nvme1n1 WSM  760        4096      0.102
06:10:05.591 dockerd        1436    nvme1n1 WSM  832        8192      0.103
06:10:05.591 dockerd        1436    nvme1n1 WSM  71303296   4096      0.106
06:10:05.591 dockerd        1436    nvme1n1 WSM  310378504  4096      0.109
06:10:05.591 dockerd        1436    nvme1n1 WSM  461373568  4096      0.120
06:10:05.591 dockerd        1436    nvme1n1 WSM  461373696  4096      0.121
06:10:05.591 dockerd        1436    nvme1n1 WSM  591396872  4096      0.120
06:10:05.591 dockerd        1436    nvme1n1 WSM  591668648  4096      0.120
06:10:05.591 dockerd        1436    nvme1n1 WSM  71303424   20480     0.129
06:10:05.591 dockerd        1436    nvme1n1 WSM  461374248  12288     0.136
06:10:05.592 dockerd        1436    nvme1n1 WSM  591677512  4096      0.072
06:10:05.592 dockerd        1436    nvme1n1 WSM  591679528  4096      0.073
06:10:05.592 dockerd        1436    nvme1n1 WSM  591679544  4096      0.078
06:10:05.592 dockerd        1436    nvme1n1 WSM  591682728  4096      0.080
06:10:05.592 dockerd        1436    nvme1n1 WSM  591683048  4096      0.081
06:10:05.592 dockerd        1436    nvme1n1 WSM  591683688  4096      0.083
06:10:05.592 dockerd        1436    nvme1n1 WSM  591684024  4096      0.087
06:10:05.592 dockerd        1436    nvme1n1 WSM  608174088  8192      0.094
06:10:05.592 dockerd        1436    nvme1n1 WSM  608174416  4096      0.095
06:10:05.592 dockerd        1436    nvme1n1 WSM  608174504  4096      0.099
06:10:05.592 dockerd        1436    nvme1n1 WSM  608185064  4096      0.110
06:10:05.592 dockerd        1436    nvme1n1 WSM  730174144  4096      0.111
06:10:05.592 dockerd        1436    nvme1n1 WSM  730192312  4096      0.112
06:10:05.592 dockerd        1436    nvme1n1 WSM  1174405200 4096      0.113
06:10:05.592 dockerd        1436    nvme1n1 WSM  1484789216 4096      0.114
06:10:05.592 dockerd        1436    nvme1n1 WSM  1493172480 8192      0.117
06:10:05.592 dockerd        1436    nvme1n1 WSM  1585446928 4096      0.044
06:10:05.592 dockerd        1436    nvme1n1 WSM  1705582584 4096      0.050
06:10:05.592 dockerd        1436    nvme1n1 WSM  1705656312 4096      0.052
06:10:05.592 dockerd        1436    nvme1n1 WSM  1732247648 4096      0.055
06:10:05.592 dockerd        1436    nvme1n1 WSM  1753219184 4096      0.055
06:10:05.592 contain        1195    nvme1n1 WS   1725789792 4096      0.059
06:10:05.592 contain        1195    nvme1n1 WS   1725789816 4096      0.068
06:10:05.592 contain        1195    nvme1n1 WS   1725789864 4096      0.070
06:10:05.592 contain        1195    nvme1n1 WS   1725789888 4096      0.072
06:10:05.592 contain        1195    nvme1n1 WS   1725789928 8192      0.078
06:10:05.592 contain        1195    nvme1n1 WS   1725789952 4096      0.081
06:10:05.592 contain        1195    nvme1n1 WS   1707371880 4096      0.028
06:10:05.593 contain        1195    nvme1n1 WS   1551466504 4096      0.063
06:10:05.593 contain        1195    nvme1n1 WS   1551466752 4096      0.066
06:10:05.593 contain        1195    nvme1n1 WS   1730873888 4096      0.075
06:10:05.593 contain        1195    nvme1n1 WS   1730873904 4096      0.079
06:10:05.593 contain        1195    nvme1n1 WS   1730873936 4096      0.081
06:10:05.593 contain        1195    nvme1n1 WS   1730874016 4096      0.086
06:10:05.593 contain        1195    nvme1n1 WS   1730874048 8192      0.094
06:10:05.593 contain        1195    nvme1n1 WS   1730874080 8192      0.097
06:10:05.593 contain        1195    nvme1n1 WS   1730874184 4096      0.098
06:10:05.593 contain        1195    nvme1n1 WS   1730874240 4096      0.100
06:10:05.593 contain        1195    nvme1n1 WS   1730874320 8192      0.105
06:10:05.593 contain        1195    nvme1n1 WS   1429528    4096      0.030
06:10:05.593 contain        1195    nvme1n1 WS   1730873960 4096      0.048
06:10:05.593 contain        1195    nvme1n1 WS   1730874008 4096      0.054
06:10:05.593 contain        1195    nvme1n1 WS   1730874096 4096      0.055
06:10:05.593 contain        1195    nvme1n1 WS   1730874168 8192      0.058
06:10:05.593 contain        1195    nvme1n1 WS   1429520    4096      0.027
06:10:05.593 contain        1195    nvme1n1 WS   1725789848 4096      0.044
06:10:05.593 contain        1195    nvme1n1 WS   1725789912 4096      0.048
06:10:05.593 contain        1195    nvme1n1 WS   1725789944 4096      0.051
06:10:05.593 contain        1195    nvme1n1 WS   1725789960 16384     0.053
06:10:05.593 contain        1195    nvme1n1 WS   1707371888 4096      0.027
06:10:05.594 contain        1195    nvme1n1 WS   1730874016 4096      0.037
06:10:05.594 contain        1195    nvme1n1 WS   1730874048 4096      0.039
06:10:05.594 contain        1195    nvme1n1 WS   1730874240 36864     0.057
06:10:05.594 contain        1195    nvme1n1 WS   1429528    4096      0.028
06:10:05.595 kworker        1790484 nvme1n1 W    608533168  4096      0.058
06:10:05.595 kworker        1790484 nvme1n1 W    1586225744 8192      0.065
06:10:05.595 kworker        1790484 nvme1n1 W    608533184  4096      0.072
06:10:05.595 kworker        1790484 nvme1n1 W    1586225760 8192      0.075
06:10:05.595 kworker        1790484 nvme1n1 W    608533200  4096      0.075
06:10:05.595 kworker        1790484 nvme1n1 W    1586225776 8192      0.077
06:10:05.595 jbd2/nv        752     nvme1n1 WSM  876902728  131072    0.137
06:10:05.595 jbd2/nv        752     nvme1n1 WSM  876902984  4096      0.027
06:10:05.595 jbd2/nv        752     nvme1n1 WSM  876902992  8192      0.029
06:10:05.595 jbd2/nv        752     nvme1n1 WSM  876903008  4096      0.029
06:10:05.596 dockerd        1436    nvme1n1 WSM  0          4096      0.095
06:10:05.596 dockerd        1436    nvme1n1 WSM  40         4096      0.107
06:10:05.596 dockerd        1436    nvme1n1 WSM  152        4096      0.108
06:10:05.596 dockerd        1436    nvme1n1 WSM  224        4096      0.112
06:10:05.596 dockerd        1436    nvme1n1 WSM  288        4096      0.125
06:10:05.596 dockerd        1436    nvme1n1 WSM  760        4096      0.126
06:10:05.596 dockerd        1436    nvme1n1 WSM  71303296   4096      0.131
06:10:05.596 dockerd        1436    nvme1n1 WSM  71303424   8192      0.132
06:10:05.596 dockerd        1436    nvme1n1 WSM  71303448   8192      0.133
06:10:05.596 dockerd        1436    nvme1n1 WSM  310378504  4096      0.135
06:10:05.596 dockerd        1436    nvme1n1 WSM  310802416  4096      0.140
06:10:05.596 dockerd        1436    nvme1n1 WSM  310872760  4096      0.142
06:10:05.596 dockerd        1436    nvme1n1 WSM  310881784  4096      0.142
06:10:05.596 dockerd        1436    nvme1n1 WSM  461373568  4096      0.143
06:10:05.596 dockerd        1436    nvme1n1 WSM  461373696  8192      0.147
06:10:05.596 dockerd        1436    nvme1n1 WSM  461374248  4096      0.150
06:10:05.596 dockerd        1436    nvme1n1 WSM  591396872  4096      0.065
06:10:05.596 dockerd        1436    nvme1n1 WSM  591663448  4096      0.077
06:10:05.596 dockerd        1436    nvme1n1 WSM  591667432  4096      0.080
06:10:05.596 dockerd        1436    nvme1n1 WSM  591667744  4096      0.089
06:10:05.596 dockerd        1436    nvme1n1 WSM  591669072  4096      0.090
06:10:05.596 dockerd        1436    nvme1n1 WSM  608185064  4096      0.092
06:10:05.596 dockerd        1436    nvme1n1 WSM  1493172480 8192      0.093
06:10:05.596 dockerd        1436    nvme1n1 WSM  1585446928 4096      0.094
06:10:05.596 dockerd        1436    nvme1n1 WSM  1705582584 4096      0.095
06:10:05.596 dockerd        1436    nvme1n1 WSM  1705656312 4096      0.096
06:10:05.596 dockerd        1436    nvme1n1 WSM  1707589104 4096      0.096
06:10:05.597 dockerd        1436    nvme1n1 WS   608731800  4096      0.037
06:10:05.597 jbd2/nv        752     nvme1n1 WSM  876903016  61440     0.079
06:10:05.597 jbd2/nv        752     nvme1n1 WSM  876903136  4096      0.029
06:10:05.597 dockerd        1436    nvme1n1 WS   608731808  4096      0.035
06:10:05.597 jbd2/nv        752     nvme1n1 WSM  876903144  24576     0.045
06:10:05.597 jbd2/nv        752     nvme1n1 WSM  876903192  4096      0.029
06:10:05.602 dockerd        1436    nvme1n1 WS   608546400  4096      0.047
06:10:05.602 jbd2/nv        752     nvme1n1 WSM  876903200  90112     0.105
06:10:05.602 jbd2/nv        752     nvme1n1 WSM  876903376  4096      0.027
06:10:05.602 dockerd        1436    nvme1n1 WS   1518910992 4096      0.043
06:10:05.602 dockerd        1436    nvme1n1 WS   1757812080 8192      0.050
06:10:05.602 dockerd        1436    nvme1n1 WS   1757812120 4096      0.054
06:10:05.602 dockerd        1436    nvme1n1 WS   1323304    4096      0.027
06:10:05.603 contain        1195    nvme1n1 WS   1730873904 4096      0.048
06:10:05.603 contain        1195    nvme1n1 WS   1730873960 4096      0.056
06:10:05.603 contain        1195    nvme1n1 WS   1730874008 4096      0.060
06:10:05.603 contain        1195    nvme1n1 WS   1730874056 4096      0.061
06:10:05.603 contain        1195    nvme1n1 WS   1730874080 8192      0.061
06:10:05.603 contain        1195    nvme1n1 WS   1429520    4096      0.027
06:10:05.604 contain        1195    nvme1n1 WS   1730874096 4096      0.048
06:10:05.604 contain        1195    nvme1n1 WS   1730874168 12288     0.058
06:10:05.604 contain        1195    nvme1n1 WS   1730874272 20480     0.062
06:10:05.604 contain        1195    nvme1n1 WS   1429528    4096      0.027
06:10:05.604 contain        1195    nvme1n1 WS   1730873928 4096      0.046
06:10:05.604 contain        1195    nvme1n1 WS   1730874056 4096      0.054
06:10:05.604 contain        1195    nvme1n1 WS   1730874080 8192      0.058
06:10:05.604 contain        1195    nvme1n1 WS   1730874312 4096      0.059
06:10:05.604 contain        1195    nvme1n1 WS   1429520    4096      0.026
06:10:05.610 contain        1195    nvme1n1 WS   1429528    4096      0.042
06:10:05.687 dockerd        1436    nvme1n1 W    846225784  4096      0.055
06:10:05.693 dockerd        1436    nvme1n1 WS   1539981584 4096      0.060
06:10:05.693 dockerd        1436    nvme1n1 WS   1757812096 12288     0.065
06:10:05.693 dockerd        1436    nvme1n1 WS   1323312    4096      0.028
06:10:05.693 dockerd        1436    nvme1n1 WS   1323320    4096      0.040
06:10:05.693 dockerd        1436    nvme1n1 WS   1757812080 8192      0.048
06:10:05.693 dockerd        1436    nvme1n1 WS   1757812120 4096      0.050
06:10:05.693 dockerd        1436    nvme1n1 WS   1323304    4096      0.027
06:10:05.694 dockerd        1436    nvme1n1 W    1565770136 4096      0.040
06:10:05.694 dockerd        1436    nvme1n1 WS   1565770144 4096      0.029
06:10:05.695 jbd2/nv        752     nvme1n1 WSM  876903384  102400    0.116
06:10:05.695 jbd2/nv        752     nvme1n1 WSM  876903584  4096      0.028
06:10:05.695 dockerd        1436    nvme1n1 WS   1528463896 4096      0.041
06:10:05.695 dockerd        1436    nvme1n1 WS   1757812096 12288     0.061
06:10:05.695 dockerd        1436    nvme1n1 WS   1323312    4096      0.029
06:10:05.709 dockerd        1436    nvme1n1 WS   1518910992 4096      0.056
06:10:05.709 dockerd        1436    nvme1n1 WS   1757812080 8192      0.061
06:10:05.709 dockerd        1436    nvme1n1 WS   1757812120 4096      0.063
06:10:05.709 dockerd        1436    nvme1n1 WS   1323304    4096      0.044
06:10:05.709 dockerd        1436    nvme1n1 WS   1539981584 4096      0.033
06:10:05.709 dockerd        1436    nvme1n1 WS   1757812096 12288     0.039
06:10:05.709 dockerd        1436    nvme1n1 WS   1323312    4096      0.027
06:10:05.709 dockerd        1436    nvme1n1 WS   1565770152 4096      0.030
06:10:05.710 jbd2/nv        752     nvme1n1 WSM  876903592  57344     0.074
06:10:05.710 jbd2/nv        752     nvme1n1 WSM  876903704  4096      0.028
06:10:05.718 dockerd        1436    nvme1n1 WS   846225792  4096      0.049
06:10:05.718 jbd2/nv        752     nvme1n1 WSM  876903712  53248     0.077
06:10:05.718 jbd2/nv        752     nvme1n1 WSM  876903816  4096      0.033
06:10:05.718 dockerd        1436    nvme1n1 WS   846225800  4096      0.035
06:10:05.718 jbd2/nv        752     nvme1n1 WSM  876903824  49152     0.069
06:10:05.718 jbd2/nv        752     nvme1n1 WSM  876903920  4096      0.033
06:10:06.398 amoprof        1787544 nvme1n1 W    721731376  4096      0.058
