TIMESTAMP    COMM           PID     DISK    T    SECTOR     BYTES   LAT(ms)
06:50:34.565 ib_log_        125941  nvme1n1 WS   1755989864 4096      0.055
06:50:34.565 ib_log_        125941  nvme1n1 WS   1755987968 4096      0.038
06:50:34.572 nvme           1967861 Unknown N    -1         512       0.036
06:50:34.652 ib_pg_f        125941  nvme1n1 WS   1740075008 16384     0.056
06:50:34.652 ib_pg_f        125941  nvme1n1 WS   1757680800 16384     0.041
06:50:35.565 ib_log_        125941  nvme1n1 WS   1755987968 4096      0.059
06:50:35.575 nvme           1967923 Unknown N    -1         512       0.027
06:50:36.578 nvme           1967929 Unknown N    -1         512       0.032
06:50:36.610 jbd2/nv        752     nvme1n1 WSM  877286000  131072    0.163
06:50:36.610 jbd2/nv        752     nvme1n1 WSM  877286256  118784    0.195
06:50:36.610 jbd2/nv        752     nvme1n1 WSM  877286488  4096      0.029
06:50:37.428 python3        1784366 nvme1n1 WS   66076672   131072    0.193
06:50:37.428 python3        1784366 nvme1n1 WS   66076928   131072    0.251
06:50:37.428 python3        1784366 nvme1n1 WS   66077184   131072    0.329
06:50:37.428 python3        1784366 nvme1n1 WS   66077440   131072    0.409
06:50:37.428 python3        1784366 nvme1n1 WS   66077696   131072    0.488
06:50:37.429 python3        1784366 nvme1n1 WS   66077952   131072    0.549
06:50:37.429 python3        1784366 nvme1n1 WS   66078208   131072    0.628
06:50:37.429 python3        1784369 nvme1n1 WS   1604468736 131072    0.696
06:50:37.429 python3        1784369 nvme1n1 WS   1604468992 131072    0.771
06:50:37.429 python3        1784369 nvme1n1 WS   1604469248 131072    0.850
06:50:37.429 python3        1784369 nvme1n1 WS   1604469504 131072    0.933
06:50:37.429 python3        1784369 nvme1n1 WS   1604469760 131072    1.016
06:50:37.429 python3        1784369 nvme1n1 WS   1604470016 131072    1.094
06:50:37.429 python3        1784369 nvme1n1 WS   1604470272 131072    1.169
06:50:37.429 python3        1784366 nvme1n1 WS   66078464   131072    1.258
06:50:37.429 python3        1784366 nvme1n1 WS   66078720   131072    1.336
06:50:37.429 python3        1784366 nvme1n1 WS   317837312  131072    1.421
06:50:37.430 python3        1784366 nvme1n1 WS   317837568  131072    1.493
06:50:37.430 python3        1784366 nvme1n1 WS   317837824  131072    1.573
06:50:37.430 python3        1784366 nvme1n1 WS   317838080  131072    1.653
06:50:37.430 python3        1784366 nvme1n1 WS   317838336  131072    1.732
06:50:37.430 python3        1784366 nvme1n1 WS   66078976   131072    1.831
06:50:37.430 python3        1784366 nvme1n1 WS   66079232   131072    1.909
06:50:37.430 python3        1784366 nvme1n1 WS   66079488   131072    1.987
06:50:37.430 python3        1784369 nvme1n1 WS   1604470528 131072    2.065
06:50:37.430 python3        1784366 nvme1n1 WS   317838592  131072    2.150
06:50:37.430 python3        1784366 nvme1n1 WS   317838848  131072    2.225
06:50:37.430 python3        1784366 nvme1n1 WS   66079744   131072    2.314
06:50:37.430 python3        1784366 nvme1n1 WS   66080000   131072    2.380
06:50:37.431 python3        1784366 nvme1n1 WS   66080256   131072    2.454
06:50:37.431 python3        1784369 nvme1n1 WS   1604470784 131072    2.538
06:50:37.431 python3        1784369 nvme1n1 WS   1604471040 131072    2.612
06:50:37.431 python3        1784369 nvme1n1 WS   1604471296 131072    2.687
06:50:37.431 python3        1784369 nvme1n1 WS   1604471552 131072    2.762
06:50:37.431 python3        1784369 nvme1n1 WS   1604471808 131072    2.836
06:50:37.431 python3        1784369 nvme1n1 WS   1604472064 131072    2.914
06:50:37.431 python3        1784369 nvme1n1 WS   1604472320 131072    2.988
06:50:37.431 python3        1784369 nvme1n1 WS   1604472576 131072    3.046
06:50:37.431 python3        1784366 nvme1n1 WS   317839104  131072    3.143
06:50:37.431 python3        1784366 nvme1n1 WS   317839360  131072    3.218
06:50:37.431 python3        1784366 nvme1n1 WS   317839616  131072    3.291
06:50:37.431 python3        1784366 nvme1n1 WS   317839872  131072    3.367
06:50:37.432 python3        1784366 nvme1n1 WS   317840128  131072    3.442
06:50:37.432 python3        1784366 nvme1n1 WS   317840384  131072    3.516
06:50:37.432 python3        1784366 nvme1n1 WS   317840640  131072    3.591
06:50:37.432 python3        1784366 nvme1n1 WS   66080512   131072    3.674
06:50:37.432 python3        1784366 nvme1n1 WS   66080768   131072    3.745
06:50:37.432 python3        1784367 nvme1n1 WS   1499811840 131072    3.829
06:50:37.432 python3        1784369 nvme1n1 WS   1604476928 131072    3.897
06:50:37.432 python3        1784369 nvme1n1 WS   1604477184 131072    3.974
06:50:37.432 python3        1784367 nvme1n1 WS   1499812096 131072    4.053
06:50:37.432 python3        1784367 nvme1n1 WS   1499812352 131072    4.126
06:50:37.432 python3        1784367 nvme1n1 WS   1499812608 131072    4.202
06:50:37.432 python3        1784367 nvme1n1 WS   1499812864 131072    4.281
06:50:37.432 python3        1784367 nvme1n1 WS   1499813120 131072    4.360
06:50:37.433 python3        1784367 nvme1n1 WS   1499813376 131072    4.438
06:50:37.433 python3        1784366 nvme1n1 WS   317840896  131072    4.529
06:50:37.433 python3        1784366 nvme1n1 WS   317841152  131072    4.598
06:50:37.433 python3        1784366 nvme1n1 WS   317841408  131072    4.678
06:50:37.433 python3        1784366 nvme1n1 WS   317841664  131072    4.757
06:50:37.433 python3        1784366 nvme1n1 WS   66081024   131072    4.859
06:50:37.433 python3        1784369 nvme1n1 WS   1604472832 131072    4.988
06:50:37.433 python3        1784369 nvme1n1 WS   1604473088 131072    5.004
06:50:37.433 python3        1784369 nvme1n1 WS   1604473344 131072    5.082
06:50:37.433 python3        1784369 nvme1n1 WS   1604473600 131072    5.157
06:50:37.433 python3        1784369 nvme1n1 WS   1604473856 131072    5.236
06:50:37.433 python3        1784369 nvme1n1 WS   1604474112 131072    5.313
06:50:37.434 python3        1784369 nvme1n1 WS   1604474368 131072    5.389
06:50:37.434 python3        1784369 nvme1n1 WS   1604474624 131072    5.454
06:50:37.434 python3        1784367 nvme1n1 WS   1499813632 131072    5.667
06:50:37.434 python3        1784367 nvme1n1 WS   1499813888 131072    5.689
06:50:37.434 python3        1784367 nvme1n1 WS   1499814144 131072    5.703
06:50:37.434 python3        1784367 nvme1n1 WS   1499814400 131072    5.780
06:50:37.434 python3        1784367 nvme1n1 WS   1499814656 131072    5.861
06:50:37.434 python3        1784367 nvme1n1 WS   1499814912 131072    5.937
06:50:37.434 python3        1784367 nvme1n1 WS   1499815168 131072    6.021
06:50:37.434 python3        1784369 nvme1n1 WS   1486301184 131072    6.103
06:50:37.434 python3        1784369 nvme1n1 WS   1486301440 131072    6.172
06:50:37.434 python3        1784369 nvme1n1 WS   1604474880 131072    6.249
06:50:37.434 python3        1784369 nvme1n1 WS   1604475136 131072    6.327
06:50:37.435 python3        1784369 nvme1n1 WS   1604475392 131072    6.402
06:50:37.435 python3        1784369 nvme1n1 WS   1604475648 131072    6.481
06:50:37.435 python3        1784369 nvme1n1 WS   1604475904 131072    6.559
06:50:37.435 python3        1784369 nvme1n1 WS   1604476160 131072    6.637
06:50:37.435 python3        1784369 nvme1n1 WS   1604476416 131072    6.716
06:50:37.435 python3        1784369 nvme1n1 WS   1486301696 131072    6.811
06:50:37.435 python3        1784369 nvme1n1 WS   1486301952 131072    6.889
06:50:37.435 python3        1784369 nvme1n1 WS   1486302208 131072    6.967
06:50:37.435 python3        1784369 nvme1n1 WS   1486302464 131072    7.081
06:50:37.435 python3        1784369 nvme1n1 WS   1486302720 131072    7.153
06:50:37.435 python3        1784369 nvme1n1 WS   1486302976 40960     7.179
06:50:37.435 python3        1784367 nvme1n1 WS   1499815424 131072    7.273
06:50:37.436 python3        1784367 nvme1n1 WS   1499815680 131072    7.341
06:50:37.436 python3        1784367 nvme1n1 WS   1499815936 131072    7.419
06:50:37.436 python3        1784367 nvme1n1 WS   1499816192 131072    7.500
06:50:37.436 python3        1784368 nvme1n1 WS   317845504  131072    7.591
06:50:37.436 python3        1784368 nvme1n1 WS   317845760  131072    7.661
06:50:37.436 python3        1784368 nvme1n1 WS   1604481024 131072    7.749
06:50:37.436 python3        1784368 nvme1n1 WS   317846016  131072    7.820
06:50:37.436 python3        1784368 nvme1n1 WS   317846272  131072    7.899
06:50:37.436 python3        1784368 nvme1n1 WS   317846528  131072    7.974
06:50:37.436 python3        1784368 nvme1n1 WS   317846784  131072    8.051
06:50:37.436 python3        1784368 nvme1n1 WS   317847040  131072    8.127
06:50:37.436 python3        1784368 nvme1n1 WS   317847296  131072    8.188
06:50:37.436 python3        1784368 nvme1n1 WS   317847552  131072    8.257
06:50:37.437 python3        1784368 nvme1n1 WS   317847808  131072    8.334
06:50:37.437 python3        1784368 nvme1n1 WS   317848064  131072    8.411
06:50:37.437 python3        1784368 nvme1n1 WS   317848320  131072    8.487
06:50:37.437 python3        1784368 nvme1n1 WS   317848576  131072    8.563
06:50:37.437 python3        1784368 nvme1n1 WS   1604481280 131072    8.693
06:50:37.437 python3        1784368 nvme1n1 WS   1604481536 131072    8.768
06:50:37.437 python3        1784368 nvme1n1 WS   1604481792 131072    8.844
06:50:37.437 python3        1784368 nvme1n1 WS   1604482048 131072    8.921
06:50:37.437 python3        1784368 nvme1n1 WS   1604482304 131072    8.997
06:50:37.437 python3        1784368 nvme1n1 WS   1604482560 131072    9.072
06:50:37.437 python3        1784368 nvme1n1 WS   1604482816 131072    9.136
06:50:37.437 python3        1784368 nvme1n1 WS   1604483072 131072    9.210
06:50:37.438 python3        1784368 nvme1n1 WS   1604483328 131072    9.287
06:50:37.438 python3        1784368 nvme1n1 WS   1604483584 131072    9.365
06:50:37.438 python3        1784368 nvme1n1 WS   1604483840 131072    9.445
06:50:37.438 python3        1784368 nvme1n1 WS   1604484096 131072    9.523
06:50:37.438 python3        1784368 nvme1n1 WS   1604484352 131072    9.601
06:50:37.438 python3        1784368 nvme1n1 WS   1604484608 131072    9.676
06:50:37.438 python3        1784369 nvme1n1 WS   1604476672 131072    9.802
06:50:37.438 python3        1784369 nvme1n1 WS   1604485120 131072    9.879
06:50:37.438 python3        1784369 nvme1n1 WS   1604485376 131072    9.954
06:50:37.438 python3        1784368 nvme1n1 WS   71157760   131072   10.057
06:50:37.438 python3        1784368 nvme1n1 WS   71158016   131072   10.123
06:50:37.438 python3        1784368 nvme1n1 WS   71158272   131072   10.201
06:50:37.438 python3        1784368 nvme1n1 WS   71158528   131072   10.277
06:50:37.439 python3        1784368 nvme1n1 WS   71158784   131072   10.353
06:50:37.439 python3        1784368 nvme1n1 WS   71159040   131072   10.427
06:50:37.439 python3        1784368 nvme1n1 WS   71159296   131072   10.504
06:50:37.439 python3        1784368 nvme1n1 WS   71159552   40960    10.527
06:50:37.439 python3        1784367 nvme1n1 WS   317849600  131072   10.663
06:50:37.439 python3        1784367 nvme1n1 WS   317849856  131072   10.684
06:50:37.439 python3        1784367 nvme1n1 WS   317850112  131072   10.760
06:50:37.439 python3        1784367 nvme1n1 WS   317850368  131072   10.839
06:50:37.439 python3        1784367 nvme1n1 WS   317850624  131072   10.915
06:50:37.439 python3        1784367 nvme1n1 WS   317850880  131072   10.990
06:50:37.439 python3        1784368 nvme1n1 WS   317848832  131072   11.073
06:50:37.439 python3        1784368 nvme1n1 WS   317849088  131072   11.146
06:50:37.439 python3        1784368 nvme1n1 WS   317849344  131072   11.208
06:50:37.440 python3        1784368 nvme1n1 WS   317853696  131072   11.285
06:50:37.440 python3        1784368 nvme1n1 WS   317853952  131072   11.361
06:50:37.440 python3        1784367 nvme1n1 WS   317851136  131072   11.465
06:50:37.440 python3        1784367 nvme1n1 WS   317851392  131072   11.526
06:50:37.440 python3        1784367 nvme1n1 WS   317851648  131072   11.601
06:50:37.440 python3        1784367 nvme1n1 WS   317851904  131072   11.680
06:50:37.440 python3        1784367 nvme1n1 WS   317852160  131072   11.758
06:50:37.440 python3        1784367 nvme1n1 WS   317852416  131072   11.854
06:50:37.440 python3        1784367 nvme1n1 WS   317852672  131072   11.932
06:50:37.440 python3        1784367 nvme1n1 WS   317852928  131072   12.011
06:50:37.440 python3        1784367 nvme1n1 WS   317853184  131072   12.090
06:50:37.440 python3        1784367 nvme1n1 WS   317853440  131072   12.154
06:50:37.441 python3        1784367 nvme1n1 WS   317857792  131072   12.233
06:50:37.441 python3        1784367 nvme1n1 WS   317858048  131072   12.313
06:50:37.441 python3        1784366 nvme1n1 WS   1559214080 131072   12.514
06:50:37.441 python3        1784366 nvme1n1 WS   1559214336 131072   12.523
06:50:37.441 python3        1784366 nvme1n1 WS   1559214592 131072   12.591
06:50:37.441 python3        1784366 nvme1n1 WS   1559214848 131072   12.671
06:50:37.441 python3        1784366 nvme1n1 WS   1559215104 131072   12.748
06:50:37.441 python3        1784366 nvme1n1 WS   1559215360 131072   12.822
06:50:37.441 python3        1784366 nvme1n1 WS   1559215616 131072   12.902
06:50:37.441 python3        1784366 nvme1n1 WS   1559215872 40960    12.925
06:50:37.441 python3        1784368 nvme1n1 WS   1604484864 131072   13.071
06:50:37.441 python3        1784368 nvme1n1 WS   1604489216 131072   13.101
06:50:37.441 python3        1784368 nvme1n1 WS   1604489472 131072   13.180
06:50:37.442 python3        1784367 nvme1n1 WS   1755537408 131072   13.197
06:50:37.442 python3        1784367 nvme1n1 WS   1755537664 131072   13.219
06:50:37.442 python3        1784367 nvme1n1 WS   1755537920 131072   13.295
06:50:37.442 python3        1784367 nvme1n1 WS   1755538176 131072   13.373
06:50:37.442 python3        1784367 nvme1n1 WS   1755538432 131072   13.453
06:50:37.442 python3        1784367 nvme1n1 WS   1755538688 131072   13.532
06:50:37.442 python3        1784367 nvme1n1 WS   1755538944 131072   13.613
06:50:37.442 python3        1784367 nvme1n1 WS   1755539200 40960    13.636
06:50:37.580 nvme           1967934 Unknown N    -1         512       0.035
06:50:37.857 kworker        1817148 nvme1n1 W    70376536   8192      0.095
06:50:37.857 kworker        1817148 nvme1n1 W    1593834176 131072    0.188
06:50:37.857 kworker        1817148 nvme1n1 W    1593834432 126976    0.260
06:50:37.857 kworker        1817148 nvme1n1 W    1593834680 126976    0.339
06:50:37.857 kworker        1817148 nvme1n1 W    1593834928 98304     0.397
06:50:38.583 nvme           1967953 Unknown N    -1         512       0.039
06:50:39.585 nvme           1967961 Unknown N    -1         512       0.032
06:50:40.588 nvme           1967965 Unknown N    -1         512       0.033
06:50:40.716 python3        1784366 nvme1n1 WS   78245888   131072    0.216
06:50:40.716 python3        1784366 nvme1n1 WS   78246144   131072    0.255
06:50:40.716 python3        1784366 nvme1n1 WS   78246400   131072    0.327
06:50:40.716 python3        1784366 nvme1n1 WS   78246656   131072    0.427
06:50:40.716 python3        1784366 nvme1n1 WS   78246912   131072    0.501
06:50:40.716 python3        1784366 nvme1n1 WS   78247168   131072    0.594
06:50:40.716 python3        1784366 nvme1n1 WS   78247424   131072    0.664
06:50:40.716 python3        1784367 nvme1n1 WS   66084864   131072    0.733
06:50:40.716 python3        1784367 nvme1n1 WS   66085120   131072    0.808
06:50:40.716 python3        1784367 nvme1n1 WS   66085376   131072    0.888
06:50:40.716 python3        1784367 nvme1n1 WS   66085632   131072    0.970
06:50:40.717 python3        1784367 nvme1n1 WS   66085888   131072    1.060
06:50:40.717 python3        1784367 nvme1n1 WS   66086144   131072    1.130
06:50:40.717 python3        1784367 nvme1n1 WS   66086400   131072    1.210
06:50:40.717 python3        1784366 nvme1n1 WS   78247680   131072    1.289
06:50:40.717 python3        1784366 nvme1n1 WS   78247936   131072    1.370
06:50:40.717 python3        1784366 nvme1n1 WS   78248192   131072    1.450
06:50:40.717 python3        1784366 nvme1n1 WS   78248448   131072    1.533
06:50:40.717 python3        1784366 nvme1n1 WS   78248704   131072    1.613
06:50:40.717 python3        1784366 nvme1n1 WS   78248960   131072    1.699
06:50:40.717 python3        1784366 nvme1n1 WS   78249216   131072    1.774
06:50:40.717 python3        1784366 nvme1n1 WS   78249472   131072    1.854
06:50:40.717 python3        1784367 nvme1n1 WS   66086656   131072    1.943
06:50:40.717 python3        1784367 nvme1n1 WS   66086912   131072    2.022
06:50:40.718 python3        1784367 nvme1n1 WS   66087168   131072    2.101
06:50:40.718 python3        1784367 nvme1n1 WS   66087424   131072    2.178
06:50:40.718 python3        1784367 nvme1n1 WS   66087680   131072    2.255
06:50:40.718 python3        1784367 nvme1n1 WS   66087936   131072    2.331
06:50:40.718 python3        1784368 nvme1n1 WS   1177899008 131072    2.433
06:50:40.718 python3        1784368 nvme1n1 WS   1177899264 131072    2.493
06:50:40.718 python3        1784368 nvme1n1 WS   1177899520 131072    2.568
06:50:40.718 python3        1784367 nvme1n1 WS   66088192   131072    2.642
06:50:40.718 python3        1784367 nvme1n1 WS   66088448   131072    2.719
06:50:40.718 python3        1784367 nvme1n1 WS   66088704   131072    2.785
06:50:40.718 python3        1784367 nvme1n1 WS   66088960   131072    2.861
06:50:40.718 python3        1784367 nvme1n1 WS   66089216   131072    2.938
06:50:40.719 python3        1784368 nvme1n1 WS   1177899776 131072    3.046
06:50:40.719 python3        1784368 nvme1n1 WS   1177900032 131072    3.120
06:50:40.719 python3        1784368 nvme1n1 WS   1177900288 131072    3.195
06:50:40.719 python3        1784368 nvme1n1 WS   1177900544 131072    3.271
06:50:40.719 python3        1784366 nvme1n1 WS   78249728   131072    3.362
06:50:40.719 python3        1784366 nvme1n1 WS   78254080   131072    3.437
06:50:40.719 python3        1784366 nvme1n1 WS   78254336   131072    3.517
06:50:40.719 python3        1784368 nvme1n1 WS   1177903104 131072    3.605
06:50:40.719 python3        1784368 nvme1n1 WS   1177903360 131072    3.675
06:50:40.719 python3        1784368 nvme1n1 WS   1177903616 131072    3.754
06:50:40.719 python3        1784368 nvme1n1 WS   1177903872 131072    3.834
06:50:40.719 python3        1784368 nvme1n1 WS   1177904128 131072    3.914
06:50:40.720 python3        1784368 nvme1n1 WS   1177904384 131072    3.992
06:50:40.720 python3        1784368 nvme1n1 WS   1177904640 131072    4.072
06:50:40.720 python3        1784369 nvme1n1 WS   78249984   131072    4.160
06:50:40.720 python3        1784369 nvme1n1 WS   78250240   131072    4.228
06:50:40.720 python3        1784369 nvme1n1 WS   78250496   131072    4.305
06:50:40.720 python3        1784369 nvme1n1 WS   78250752   131072    4.381
06:50:40.720 python3        1784369 nvme1n1 WS   78251008   131072    4.459
06:50:40.720 python3        1784369 nvme1n1 WS   78251264   131072    4.537
06:50:40.720 python3        1784369 nvme1n1 WS   78251520   131072    4.616
06:50:40.720 python3        1784369 nvme1n1 WS   78251776   131072    4.673
06:50:40.720 python3        1784369 nvme1n1 WS   78252032   131072    4.748
06:50:40.720 python3        1784369 nvme1n1 WS   78252288   131072    4.825
06:50:40.720 python3        1784369 nvme1n1 WS   78252544   131072    4.903
06:50:40.721 python3        1784368 nvme1n1 WS   1177904896 131072    5.024
06:50:40.721 python3        1784368 nvme1n1 WS   1177905152 131072    5.099
06:50:40.721 python3        1784368 nvme1n1 WS   1177905408 131072    5.179
06:50:40.721 python3        1784368 nvme1n1 WS   1177905664 126976    5.254
06:50:40.721 python3        1784369 nvme1n1 WS   1604493312 131072    5.445
06:50:40.721 python3        1784369 nvme1n1 WS   1604493568 131072    5.447
06:50:40.721 python3        1784369 nvme1n1 WS   1604493824 131072    5.492
06:50:40.721 python3        1784369 nvme1n1 WS   1604494080 131072    5.566
06:50:40.721 python3        1784369 nvme1n1 WS   1604494336 131072    5.644
06:50:40.721 python3        1784369 nvme1n1 WS   1604494592 131072    5.718
06:50:40.721 python3        1784369 nvme1n1 WS   1604494848 131072    5.795
06:50:40.721 python3        1784369 nvme1n1 WS   1604495104 131072    5.867
06:50:40.721 python3        1784369 nvme1n1 WS   1604495360 131072    5.942
06:50:40.722 python3        1784369 nvme1n1 WS   1604495616 131072    6.018
06:50:40.722 python3        1784369 nvme1n1 WS   1604495872 126976    6.096
06:50:40.722 python3        1784368 nvme1n1 WS   1177900800 131072    6.220
06:50:40.722 python3        1784368 nvme1n1 WS   1177901056 131072    6.286
06:50:40.722 python3        1784368 nvme1n1 WS   1177901312 131072    6.362
06:50:40.722 python3        1784368 nvme1n1 WS   1177901568 131072    6.440
06:50:40.722 python3        1784368 nvme1n1 WS   1177901824 131072    6.514
06:50:40.722 python3        1784368 nvme1n1 WS   1177902080 131072    6.591
06:50:40.722 python3        1784368 nvme1n1 WS   1177902336 131072    6.668
06:50:40.722 python3        1784368 nvme1n1 WS   1177902592 131072    6.741
06:50:40.722 python3        1784369 nvme1n1 WS   78252800   131072    6.807
06:50:40.722 python3        1784369 nvme1n1 WS   78253056   131072    6.882
06:50:40.723 python3        1784369 nvme1n1 WS   78253312   131072    6.976
06:50:40.723 python3        1784369 nvme1n1 WS   78253568   131072    7.052
06:50:40.723 python3        1784369 nvme1n1 WS   78253824   131072    7.113
06:50:40.723 python3        1784369 nvme1n1 WS   78262272   131072    7.193
06:50:40.723 python3        1784369 nvme1n1 WS   78262528   131072    7.273
06:50:40.723 python3        1784366 nvme1n1 WS   78258176   131072    7.386
06:50:40.723 python3        1784366 nvme1n1 WS   78258432   131072    7.455
06:50:40.723 python3        1784366 nvme1n1 WS   78258688   131072    7.533
06:50:40.723 python3        1784366 nvme1n1 WS   78258944   131072    7.609
06:50:40.723 python3        1784366 nvme1n1 WS   78259200   131072    7.688
06:50:40.723 python3        1784366 nvme1n1 WS   78259456   131072    7.768
06:50:40.723 python3        1784366 nvme1n1 WS   78259712   131072    7.846
06:50:40.724 python3        1784366 nvme1n1 WS   78259968   131072    7.916
06:50:40.724 python3        1784366 nvme1n1 WS   78260224   131072    7.993
06:50:40.724 python3        1784366 nvme1n1 WS   78260480   131072    8.070
06:50:40.724 python3        1784366 nvme1n1 WS   78260736   126976    8.150
06:50:40.724 python3        1784368 nvme1n1 WS   1177902848 131072    8.265
06:50:40.724 python3        1784368 nvme1n1 WS   1177907200 131072    8.336
06:50:40.724 python3        1784368 nvme1n1 WS   1177907456 131072    8.410
06:50:40.724 python3        1784367 nvme1n1 WS   1604497408 131072    8.472
06:50:40.724 python3        1784367 nvme1n1 WS   1604497664 131072    8.539
06:50:40.724 python3        1784367 nvme1n1 WS   1604497920 131072    8.617
06:50:40.724 python3        1784367 nvme1n1 WS   1604498176 131072    8.692
06:50:40.724 python3        1784367 nvme1n1 WS   1604498432 131072    8.767
06:50:40.724 python3        1784367 nvme1n1 WS   1604498688 131072    8.846
06:50:40.725 python3        1784367 nvme1n1 WS   1604498944 131072    8.921
06:50:40.725 python3        1784367 nvme1n1 WS   1604499200 131072    8.983
06:50:40.725 python3        1784367 nvme1n1 WS   1604499456 131072    9.059
06:50:40.725 python3        1784367 nvme1n1 WS   1604499712 131072    9.135
06:50:40.725 python3        1784367 nvme1n1 WS   1604499968 126976    9.215
06:50:40.953 ib_log_        125941  nvme1n1 WS   1755989864 4096      0.063
06:50:40.953 ib_log_        125941  nvme1n1 WS   1755989872 8192      0.035
06:50:40.954 jbd2/nv        752     nvme1n1 WSM  877286496  131072    0.147
06:50:40.954 jbd2/nv        752     nvme1n1 WSM  877286752  110592    0.175
06:50:40.954 jbd2/nv        752     nvme1n1 WSM  877286968  4096      0.028
06:50:41.062 ib_log_        125941  nvme1n1 WS   1755989872 4096      0.051
06:50:41.441 kworker        1696237 nvme0n1 WM   2099224    4096      0.526
06:50:41.441 kworker        1696237 nvme0n1 WM   6310504    4096      0.542
06:50:41.441 kworker        1696237 nvme0n1 WM   9089776    4096      0.545
06:50:41.441 kworker        1696237 nvme0n1 WM   6310376    4096      0.549
06:50:41.441 kworker        1696237 nvme0n1 WM   10488672   4096      0.568
06:50:41.441 kworker        1696237 nvme0n1 WM   35653696   4096      0.570
06:50:41.441 kworker        1817148 nvme0n1 W    36980960   4096      0.966
06:50:41.590 nvme           1967975 Unknown N    -1         512       0.037
06:50:41.653 ib_pg_f        125941  nvme1n1 WS   1740107776 81920     0.113
06:50:41.653 ib_pg_f        125941  nvme1n1 WS   1756478016 16384     0.051
06:50:41.653 ib_pg_f        125941  nvme1n1 WS   1757680832 16384     0.051
06:50:41.653 ib_pg_f        125941  nvme1n1 WS   1757680992 16384     0.048
06:50:41.653 ib_pg_f        125941  nvme1n1 WS   1756419168 16384     0.054
06:50:41.653 ib_pg_f        125941  nvme1n1 WS   1737035936 16384     0.055
06:50:42.074 python3        1784367 nvme1n1 WS   1604501504 131072    0.212
06:50:42.075 python3        1784369 nvme1n1 WS   1604509696 131072    0.324
06:50:42.075 python3        1784367 nvme1n1 WS   1604501760 131072    0.406
06:50:42.075 python3        1784367 nvme1n1 WS   1604502016 131072    0.499
06:50:42.075 python3        1784367 nvme1n1 WS   1604502272 131072    0.518
06:50:42.075 python3        1784367 nvme1n1 WS   1604502528 131072    0.584
06:50:42.075 python3        1784367 nvme1n1 WS   1604502784 131072    0.673
06:50:42.075 python3        1784369 nvme1n1 WS   1604509952 131072    0.755
06:50:42.075 python3        1784369 nvme1n1 WS   1604510208 131072    0.853
06:50:42.075 python3        1784369 nvme1n1 WS   1604510464 131072    0.914
06:50:42.075 python3        1784369 nvme1n1 WS   1604510720 131072    1.001
06:50:42.075 python3        1784366 nvme1n1 WS   1604505600 131072    1.088
06:50:42.075 python3        1784366 nvme1n1 WS   1604505856 131072    1.164
06:50:42.075 python3        1784366 nvme1n1 WS   1604506112 131072    1.243
06:50:42.076 python3        1784369 nvme1n1 WS   1604510976 131072    1.326
06:50:42.076 python3        1784369 nvme1n1 WS   1604511232 131072    1.405
06:50:42.076 python3        1784369 nvme1n1 WS   1604511488 131072    1.469
06:50:42.076 python3        1784369 nvme1n1 WS   1604511744 131072    1.550
06:50:42.076 python3        1784369 nvme1n1 WS   1604512000 131072    1.629
06:50:42.076 python3        1784369 nvme1n1 WS   1604512256 131072    1.710
06:50:42.076 python3        1784369 nvme1n1 WS   1604512512 131072    1.790
06:50:42.076 python3        1784369 nvme1n1 WS   1604512768 131072    1.870
06:50:42.076 python3        1784369 nvme1n1 WS   1604513024 131072    1.950
06:50:42.076 python3        1784369 nvme1n1 WS   1604513280 131072    2.033
06:50:42.076 python3        1784369 nvme1n1 WS   1604513536 131072    2.105
06:50:42.076 python3        1784369 nvme1n1 WS   1604513792 131072    2.190
06:50:42.077 python3        1784369 nvme1n1 WS   1604514048 131072    2.257
06:50:42.077 python3        1784367 nvme1n1 WS   1604503040 131072    2.394
06:50:42.077 python3        1784367 nvme1n1 WS   1604503296 131072    2.451
06:50:42.077 python3        1784367 nvme1n1 WS   1604503552 131072    2.524
06:50:42.077 python3        1784367 nvme1n1 WS   1604503808 131072    2.604
06:50:42.077 python3        1784367 nvme1n1 WS   1604504064 131072    2.675
06:50:42.077 python3        1784367 nvme1n1 WS   1604504320 131072    2.750
06:50:42.077 python3        1784367 nvme1n1 WS   1604504576 131072    2.827
06:50:42.077 python3        1784367 nvme1n1 WS   1604504832 131072    2.903
06:50:42.077 python3        1784367 nvme1n1 WS   1604505088 131072    2.977
06:50:42.077 python3        1784367 nvme1n1 WS   1604505344 131072    3.034
06:50:42.077 python3        1784367 nvme1n1 WS   1604587520 131072    3.109
06:50:42.077 python3        1784367 nvme1n1 WS   1604587776 131072    3.185
06:50:42.078 python3        1784366 nvme1n1 WS   1604506368 131072    3.327
06:50:42.078 python3        1784366 nvme1n1 WS   1604506624 131072    3.399
06:50:42.078 python3        1784366 nvme1n1 WS   1604506880 131072    3.475
06:50:42.078 python3        1784366 nvme1n1 WS   1604507136 131072    3.549
06:50:42.078 python3        1784366 nvme1n1 WS   1604507392 131072    3.611
06:50:42.078 python3        1784366 nvme1n1 WS   1604507648 131072    3.685
06:50:42.078 python3        1784366 nvme1n1 WS   1604507904 131072    3.761
06:50:42.078 python3        1784366 nvme1n1 WS   1604508160 131072    3.839
06:50:42.078 python3        1784366 nvme1n1 WS   1604508416 131072    3.912
06:50:42.078 python3        1784366 nvme1n1 WS   1604508672 131072    3.986
06:50:42.078 python3        1784366 nvme1n1 WS   1604508928 131072    4.059
06:50:42.078 python3        1784366 nvme1n1 WS   1604509184 131072    4.136
06:50:42.079 python3        1784366 nvme1n1 WS   1604509440 131072    4.199
06:50:42.079 python3        1784366 nvme1n1 WS   1604517888 131072    4.277
06:50:42.079 python3        1784366 nvme1n1 WS   1604518144 131072    4.351
06:50:42.079 python3        1784367 nvme1n1 WS   1604526080 131072    4.434
06:50:42.079 python3        1784368 nvme1n1 WS   1604521984 131072    4.459
06:50:42.079 python3        1784368 nvme1n1 WS   1604522240 131072    4.512
06:50:42.079 python3        1784367 nvme1n1 WS   1604526336 131072    4.592
06:50:42.079 python3        1784368 nvme1n1 WS   1604522496 131072    4.668
06:50:42.079 python3        1784367 nvme1n1 WS   1604526592 131072    4.749
06:50:42.079 python3        1784368 nvme1n1 WS   1604522752 131072    4.825
06:50:42.079 python3        1784367 nvme1n1 WS   1604526848 131072    4.903
06:50:42.079 python3        1784368 nvme1n1 WS   1604523008 131072    4.980
06:50:42.079 python3        1784367 nvme1n1 WS   1604527104 131072    5.059
06:50:42.080 python3        1784368 nvme1n1 WS   1604523264 131072    5.134
06:50:42.080 python3        1784367 nvme1n1 WS   1604527360 131072    5.213
06:50:42.080 python3        1784368 nvme1n1 WS   1604523520 131072    5.290
06:50:42.080 python3        1784367 nvme1n1 WS   1604527616 131072    5.370
06:50:42.080 python3        1784368 nvme1n1 WS   1604523776 131072    5.422
06:50:42.080 python3        1784367 nvme1n1 WS   1604527872 131072    5.503
06:50:42.080 python3        1784369 nvme1n1 WS   1604530176 131072    5.583
06:50:42.080 python3        1784368 nvme1n1 WS   1604524032 131072    5.654
06:50:42.080 python3        1784367 nvme1n1 WS   1604528128 131072    5.733
06:50:42.080 python3        1784369 nvme1n1 WS   1604530432 131072    5.812
06:50:42.080 python3        1784369 nvme1n1 WS   1604530688 131072    5.887
06:50:42.080 python3        1784368 nvme1n1 WS   1604524288 131072    5.979
06:50:42.081 python3        1784367 nvme1n1 WS   1604528384 131072    6.046
06:50:42.081 python3        1784369 nvme1n1 WS   1604534272 131072    6.132
06:50:42.081 python3        1784368 nvme1n1 WS   1604524544 131072    6.203
06:50:42.081 python3        1784367 nvme1n1 WS   1604528640 131072    6.280
06:50:42.081 python3        1784368 nvme1n1 WS   1604524800 131072    6.359
06:50:42.081 python3        1784367 nvme1n1 WS   1604528896 131072    6.437
06:50:42.081 python3        1784369 nvme1n1 WS   1604530944 131072    6.519
06:50:42.081 python3        1784369 nvme1n1 WS   1604531200 131072    6.596
06:50:42.081 python3        1784369 nvme1n1 WS   1604531456 131072    6.676
06:50:42.081 python3        1784369 nvme1n1 WS   1604534528 131072    6.762
06:50:42.081 python3        1784369 nvme1n1 WS   1604534784 131072    6.837
06:50:42.081 python3        1784369 nvme1n1 WS   1604535040 131072    6.946
06:50:42.082 python3        1784369 nvme1n1 WS   1604531712 131072    7.026
06:50:42.082 python3        1784369 nvme1n1 WS   1604531968 131072    7.095
06:50:42.082 python3        1784369 nvme1n1 WS   1604532224 131072    7.171
06:50:42.082 python3        1784369 nvme1n1 WS   1604532480 110592    7.236
06:50:42.082 python3        1784368 nvme1n1 WS   1604525056 131072    7.330
06:50:42.082 python3        1784367 nvme1n1 WS   1604529152 131072    7.409
06:50:42.082 python3        1784368 nvme1n1 WS   1604525312 131072    7.487
06:50:42.082 python3        1784367 nvme1n1 WS   1604529408 131072    7.567
06:50:42.082 python3        1784368 nvme1n1 WS   1604525568 131072    7.643
06:50:42.082 python3        1784367 nvme1n1 WS   1604529664 131072    7.719
06:50:42.082 python3        1784367 nvme1n1 WS   1604529920 131072    7.774
06:50:42.082 python3        1784368 nvme1n1 WS   1604525824 131072    7.853
06:50:42.082 python3        1784367 nvme1n1 WS   1604673536 131072    7.929
06:50:42.083 python3        1784368 nvme1n1 WS   1604849664 131072    8.012
06:50:42.083 python3        1784367 nvme1n1 WS   1604673792 131072    8.088
06:50:42.083 python3        1784368 nvme1n1 WS   1604849920 131072    8.172
06:50:42.083 python3        1784369 nvme1n1 WS   1604535296 131072    8.292
06:50:42.083 python3        1784369 nvme1n1 WS   1604535552 131072    8.372
06:50:42.083 python3        1784369 nvme1n1 WS   1604535808 131072    8.448
06:50:42.083 python3        1784369 nvme1n1 WS   1604536064 131072    8.508
06:50:42.083 python3        1784369 nvme1n1 WS   1604536320 131072    8.585
06:50:42.083 python3        1784369 nvme1n1 WS   1604536576 131072    8.661
06:50:42.083 python3        1784369 nvme1n1 WS   1604536832 131072    8.741
06:50:42.083 python3        1784369 nvme1n1 WS   1604537088 131072    8.818
06:50:42.083 python3        1784369 nvme1n1 WS   1604537344 131072    8.897
06:50:42.083 python3        1784369 nvme1n1 WS   1604537600 131072    8.978
06:50:42.084 python3        1784369 nvme1n1 WS   1604537856 131072    9.055
06:50:42.084 python3        1784369 nvme1n1 WS   1604538112 131072    9.117
06:50:42.084 python3        1784369 nvme1n1 WS   1604550656 131072    9.195
06:50:42.084 python3        1784368 nvme1n1 WS   1604538368 131072    9.341
06:50:42.084 python3        1784368 nvme1n1 WS   1604538624 131072    9.408
06:50:42.084 python3        1784368 nvme1n1 WS   1604538880 131072    9.483
06:50:42.084 python3        1784368 nvme1n1 WS   1604539136 131072    9.557
06:50:42.084 python3        1784368 nvme1n1 WS   1604539392 131072    9.631
06:50:42.084 python3        1784368 nvme1n1 WS   1604539648 131072    9.709
06:50:42.084 python3        1784368 nvme1n1 WS   1604539904 131072    9.783
06:50:42.084 python3        1784368 nvme1n1 WS   1604540160 131072    9.839
06:50:42.084 python3        1784366 nvme1n1 WS   1604542464 131072    9.938
06:50:42.085 python3        1784366 nvme1n1 WS   1604542720 131072   10.005
06:50:42.085 python3        1784366 nvme1n1 WS   1604542976 131072   10.083
06:50:42.085 python3        1784366 nvme1n1 WS   1604543232 131072   10.161
06:50:42.085 python3        1784366 nvme1n1 WS   1604543488 131072   10.235
06:50:42.085 python3        1784366 nvme1n1 WS   1604543744 131072   10.313
06:50:42.085 python3        1784367 nvme1n1 WS   78266368   131072   10.400
06:50:42.085 python3        1784367 nvme1n1 WS   78266624   131072   10.469
06:50:42.085 python3        1784368 nvme1n1 WS   1604540416 131072   10.553
06:50:42.085 python3        1784368 nvme1n1 WS   1604540672 131072   10.625
06:50:42.085 python3        1784368 nvme1n1 WS   1604540928 131072   10.704
06:50:42.085 python3        1784368 nvme1n1 WS   1604541184 131072   10.778
06:50:42.085 python3        1784368 nvme1n1 WS   1604541440 131072   10.852
06:50:42.085 python3        1784368 nvme1n1 WS   1604541696 131072   10.930
06:50:42.086 python3        1784368 nvme1n1 WS   1604541952 131072   11.007
06:50:42.086 python3        1784368 nvme1n1 WS   1604542208 131072   11.057
06:50:42.086 python3        1784368 nvme1n1 WS   1604554752 131072   11.137
06:50:42.086 python3        1784368 nvme1n1 WS   1604555008 131072   11.216
06:50:42.086 python3        1784369 nvme1n1 WS   1604550912 131072   11.352
06:50:42.086 python3        1784367 nvme1n1 WS   78266880   131072   11.434
06:50:42.086 python3        1784367 nvme1n1 WS   78267136   131072   11.513
06:50:42.086 python3        1784367 nvme1n1 WS   78267392   131072   11.590
06:50:42.086 python3        1784367 nvme1n1 WS   78267648   131072   11.666
06:50:42.086 python3        1784367 nvme1n1 WS   78267904   131072   11.740
06:50:42.086 python3        1784367 nvme1n1 WS   78268160   131072   11.832
06:50:42.086 python3        1784367 nvme1n1 WS   78268416   131072   11.912
06:50:42.087 python3        1784367 nvme1n1 WS   78268672   110592   11.979
06:50:42.087 python3        1784366 nvme1n1 WS   1604544000 131072   12.171
06:50:42.087 python3        1784366 nvme1n1 WS   1604544256 131072   12.172
06:50:42.087 python3        1784366 nvme1n1 WS   1604544512 131072   12.226
06:50:42.087 python3        1784366 nvme1n1 WS   1604544768 131072   12.302
06:50:42.087 python3        1784366 nvme1n1 WS   1604545024 131072   12.380
06:50:42.087 python3        1784366 nvme1n1 WS   1604545280 131072   12.459
06:50:42.087 python3        1784366 nvme1n1 WS   1604545536 131072   12.539
06:50:42.087 python3        1784366 nvme1n1 WS   1604545792 131072   12.615
06:50:42.087 python3        1784366 nvme1n1 WS   1604546048 131072   12.696
06:50:42.087 python3        1784366 nvme1n1 WS   1604546304 131072   12.763
06:50:42.087 python3        1784366 nvme1n1 WS   1604558848 131072   12.845
06:50:42.088 python3        1784366 nvme1n1 WS   1604559104 131072   12.927
06:50:42.088 python3        1784368 nvme1n1 WS   1604546560 131072   13.070
06:50:42.088 python3        1784368 nvme1n1 WS   1604546816 131072   13.138
06:50:42.088 python3        1784368 nvme1n1 WS   1604547072 131072   13.220
06:50:42.088 python3        1784368 nvme1n1 WS   1604547328 131072   13.298
06:50:42.088 python3        1784368 nvme1n1 WS   1604547584 131072   13.379
06:50:42.088 python3        1784368 nvme1n1 WS   1604547840 131072   13.460
06:50:42.088 python3        1784368 nvme1n1 WS   1604548096 131072   13.541
06:50:42.088 python3        1784368 nvme1n1 WS   1604548352 131072   13.610
06:50:42.088 python3        1784368 nvme1n1 WS   1604548608 131072   13.692
06:50:42.088 python3        1784368 nvme1n1 WS   1604548864 110592   13.757
06:50:42.088 python3        1784366 nvme1n1 WS   1604562944 131072   13.786
06:50:42.089 python3        1784366 nvme1n1 WS   1604563200 131072   13.854
06:50:42.089 python3        1784366 nvme1n1 WS   1604563456 131072   13.931
06:50:42.089 python3        1784366 nvme1n1 WS   1604563712 131072   14.004
06:50:42.089 python3        1784366 nvme1n1 WS   1604563968 131072   14.078
06:50:42.089 python3        1784366 nvme1n1 WS   1604564224 131072   14.155
06:50:42.089 python3        1784366 nvme1n1 WS   1604564480 131072   14.235
06:50:42.089 python3        1784366 nvme1n1 WS   1604564736 131072   14.305
06:50:42.089 python3        1784366 nvme1n1 WS   1604564992 131072   14.381
06:50:42.089 python3        1784366 nvme1n1 WS   1604565248 110592   14.447
06:50:42.566 ib_log_        125941  nvme1n1 WS   1755987968 4096      0.055
06:50:42.593 nvme           1967980 Unknown N    -1         512       0.031
06:50:42.976 kworker        1817148 nvme1n1 W    1563142664 28672     0.080
06:50:42.976 kworker        1696237 nvme1n1 W    1649106048 53248     0.108
06:50:42.976 kworker        1696237 nvme1n1 W    1520359368 131072    0.191
06:50:42.977 kworker        1696237 nvme1n1 W    1520359624 61440     0.221
06:50:42.977 kworker        1696237 nvme1n1 W    1649106152 32768     0.248
06:50:42.977 kworker        1696237 nvme1n1 W    1520359744 131072    0.323
06:50:42.977 kworker        1696237 nvme1n1 W    1520360000 90112     0.378
06:50:42.977 kworker        1696237 nvme1n1 W    1685007920 77824     0.426
06:50:42.977 kworker        1696237 nvme1n1 W    1649106216 45056     0.452
06:50:43.595 nvme           1968000 Unknown N    -1         512       0.037
06:50:43.957 ib_log_        125949  nvme1n1 WS   1756070016 4096      0.060
06:50:43.957 connect        125949  nvme1n1 WS   1735313808 4096      0.041
06:50:43.957 jbd2/nv        752     nvme1n1 WSM  877286976  131072    0.148
06:50:43.957 jbd2/nv        752     nvme1n1 WSM  877287232  49152     0.153
06:50:43.957 jbd2/nv        752     nvme1n1 WSM  877287328  4096      0.030
06:50:43.957 ib_log_        125949  nvme1n1 WS   1756070016 4096      0.030
06:50:43.957 ib_log_        125949  nvme1n1 WS   1756070016 4096      0.031
06:50:44.000 kworker        1817148 nvme1n1 W    1719353320 8192      0.049
06:50:44.029 ib_log_        125949  nvme1n1 WS   1756070016 4096      0.050
06:50:44.030 ib_log_        125949  nvme1n1 WS   1756070016 4096      0.033
06:50:44.088 ib_log_        125949  nvme1n1 WS   1756070016 4096      0.048
06:50:44.088 ib_log_        125949  nvme1n1 WS   1756070016 4096      0.030
06:50:44.088 connect        125949  nvme1n1 WS   1735313808 4096      0.037
06:50:44.089 jbd2/nv        752     nvme1n1 WSM  877287336  81920     0.100
06:50:44.089 jbd2/nv        752     nvme1n1 WSM  877287496  4096      0.031
06:50:44.089 ib_log_        125949  nvme1n1 WS   1756070016 4096      0.027
06:50:44.090 ib_log_        125949  nvme1n1 WS   1756070016 8192      0.034
06:50:44.090 ib_log_        125949  nvme1n1 WS   1756070032 8192      0.031
06:50:44.090 jbd2/nv        752     nvme1n1 WSM  877287504  8192      0.031
06:50:44.090 jbd2/nv        752     nvme1n1 WSM  877287520  4096      0.028
06:50:44.090 jbd2/nv        752     nvme1n1 WSM  877287528  20480     0.043
06:50:44.090 jbd2/nv        752     nvme1n1 WSM  877287568  4096      0.031
06:50:44.090 connect        125949  nvme1n1 WS   1739387168 114688    0.129
06:50:44.090 jbd2/nv        752     nvme1n1 WSM  877287576  16384     0.040
06:50:44.090 jbd2/nv        752     nvme1n1 WSM  877287608  4096      0.027
06:50:44.090 connect        125949  nvme1n1 WS   1744457056 16384     0.041
06:50:44.090 jbd2/nv        752     nvme1n1 WSM  877287616  20480     0.041
06:50:44.090 jbd2/nv        752     nvme1n1 WSM  877287656  4096      0.027
06:50:44.091 ib_log_        125949  nvme1n1 WS   1756070032 4096      0.028
06:50:44.091 ib_log_        125949  nvme1n1 WS   1756070032 8192      0.033
06:50:44.091 ib_log_        125949  nvme1n1 WS   1756070040 4096      0.030
06:50:44.092 ib_log_        125949  nvme1n1 WS   1756070040 4096      0.029
06:50:44.092 ib_log_        125949  nvme1n1 WS   1756070048 8192      0.031
06:50:44.092 jbd2/nv        752     nvme1n1 WSM  877287664  8192      0.033
06:50:44.092 jbd2/nv        752     nvme1n1 WSM  877287680  4096      0.028
06:50:44.092 connect        125949  nvme1n1 WS   1735313808 4096      0.031
06:50:44.092 jbd2/nv        752     nvme1n1 WSM  877287688  8192      0.032
06:50:44.092 jbd2/nv        752     nvme1n1 WSM  877287704  4096      0.027
06:50:44.092 ib_log_        125949  nvme1n1 WS   1756070056 4096      0.028
06:50:44.093 ib_log_        125949  nvme1n1 WS   1756070056 4096      0.032
06:50:44.093 ib_log_        125949  nvme1n1 WS   1756070064 8192      0.030
06:50:44.093 jbd2/nv        752     nvme1n1 WSM  877287712  8192      0.033
06:50:44.093 jbd2/nv        752     nvme1n1 WSM  877287728  4096      0.026
06:50:44.093 ib_log_        125949  nvme1n1 WS   1756070064 4096      0.027
06:50:44.093 connect        125949  nvme1n1 WS   1735313808 8192      0.036
06:50:44.093 jbd2/nv        752     nvme1n1 WSM  877287736  20480     0.043
06:50:44.093 jbd2/nv        752     nvme1n1 WSM  877287776  4096      0.028
06:50:44.094 ib_log_        125949  nvme1n1 WS   1756070064 4096      0.031
06:50:44.129 ib_log_        125949  nvme1n1 WS   1756070064 4096      0.055
06:50:44.130 ib_log_        125949  nvme1n1 WS   1756070064 4096      0.035
06:50:44.239 ib_log_        125949  nvme1n1 WS   1756070064 4096      0.059
06:50:44.581 amoprof        1787544 nvme1n1 W    1593835120 4096      0.055
