TIMESTAMP    COMM           PID     DISK    T    SECTOR     BYTES   LAT(ms)
08:10:50.649 nvme           344380  Unknown N    -1         512       0.027
08:10:51.651 nvme           344495  Unknown N    -1         512       0.114
08:10:52.653 nvme           344511  Unknown N    -1         512       0.074
08:10:52.704 kworker        339174  nvme1n1 WM   224        4096      0.100
08:10:52.704 kworker        339174  nvme1n1 WM   408        4096      0.107
08:10:52.704 kworker        339174  nvme1n1 WM   440        4096      0.107
08:10:52.704 kworker        339174  nvme1n1 WM   728        8192      0.115
08:10:52.704 kworker        339174  nvme1n1 WM   752        4096      0.115
08:10:52.704 kworker        339174  nvme1n1 WM   824        4096      0.115
08:10:52.704 kworker        339174  nvme1n1 WM   461373568  4096      0.115
08:10:52.704 kworker        339174  nvme1n1 WM   461373696  8192      0.116
08:10:52.704 kworker        339174  nvme1n1 WM   461374248  4096      0.122
08:10:52.704 kworker        339174  nvme1n1 WM   557842720  4096      0.123
08:10:52.704 kworker        339174  nvme1n1 WM   843055128  4096      0.129
08:10:52.704 kworker        339174  nvme1n1 WM   905969792  4096      0.130
08:10:52.704 kworker        339174  nvme1n1 WM   905969920  4096      0.132
08:10:52.704 kworker        339174  nvme1n1 WM   905970184  8192      0.136
08:10:52.704 kworker        339174  nvme1n1 WM   1484789216 4096      0.137
08:10:52.704 kworker        339174  nvme1n1 WM   1493172480 4096      0.141
08:10:52.704 kworker        339174  nvme1n1 WM   1493172504 4096      0.075
08:10:52.704 kworker        339174  nvme1n1 WM   1514143768 4096      0.076
08:10:52.704 kworker        339174  nvme1n1 WM   1530921112 4096      0.082
08:10:52.704 kworker        339174  nvme1n1 WM   1530935856 4096      0.083
08:10:52.704 kworker        339174  nvme1n1 WM   1552177456 4096      0.083
08:10:52.704 kworker        339174  nvme1n1 WM   1552178152 8192      0.087
08:10:52.704 kworker        339174  nvme1n1 WM   1552180440 4096      0.093
08:10:52.704 kworker        339174  nvme1n1 WM   1560546160 4096      0.098
08:10:52.704 kworker        339174  nvme1n1 WM   1560549064 4096      0.102
08:10:52.704 kworker        339174  nvme1n1 WM   1560583640 4096      0.103
08:10:52.704 kworker        339174  nvme1n1 WM   1560583696 8192      0.109
08:10:52.704 kworker        339174  nvme1n1 WM   1560661976 4096      0.110
08:10:52.704 kworker        339174  nvme1n1 WM   1560743856 4096      0.110
08:10:52.704 kworker        339174  nvme1n1 WM   1560764408 4096      0.115
08:10:52.704 kworker        339174  nvme1n1 WM   1560835824 4096      0.117
08:10:52.704 kworker        339174  nvme1n1 WM   1561060184 8192      0.119
08:10:52.704 kworker        339174  nvme1n1 WM   1568669824 4096      0.070
08:10:52.705 kworker        339174  nvme1n1 WM   1568673472 8192      0.075
08:10:52.705 kworker        339174  nvme1n1 WM   1707383280 4096      0.080
08:10:52.705 kworker        339174  nvme1n1 WM   1707589104 4096      0.082
08:10:52.705 kworker        339174  nvme1n1 WM   1715470456 4096      0.087
08:10:52.705 kworker        339174  nvme1n1 WM   1719470864 8192      0.087
08:10:52.705 kworker        339174  nvme1n1 WM   1719470928 4096      0.094
08:10:52.705 kworker        339174  nvme1n1 WM   1719471216 4096      0.095
08:10:52.705 kworker        339174  nvme1n1 WM   1719471312 4096      0.095
08:10:52.705 kworker        339174  nvme1n1 WM   1728053336 4096      0.100
08:10:52.705 kworker        339174  nvme1n1 WM   1736441872 4096      0.100
08:10:52.705 kworker        339174  nvme1n1 WM   1737037968 8192      0.106
08:10:52.705 kworker        339174  nvme1n1 WM   1737039352 4096      0.107
08:10:53.656 nvme           344515  Unknown N    -1         512       0.033
08:10:53.728 jbd2/nv        752     nvme1n1 WSM  877302536  118784    0.139
08:10:53.728 jbd2/nv        752     nvme1n1 WSM  877302768  4096      0.030
08:10:54.658 nvme           344519  Unknown N    -1         512       0.075
08:10:55.544 jbd2/nv        391     nvme0n1 WSM  4263272    94208     1.097
08:10:55.544 jbd2/nv        391     nvme0n1 WSM  4263456    4096      0.501
08:10:55.660 nvme           344534  Unknown N    -1         512       0.029
08:10:56.662 nvme           344548  Unknown N    -1         512       0.035
08:10:57.665 nvme           344564  Unknown N    -1         512       0.106
08:10:58.667 nvme           344571  Unknown N    -1         512       0.078
08:10:59.669 nvme           344581  Unknown N    -1         512       0.076
08:10:59.873 jbd2/nv        752     nvme1n1 WSM  877302776  81920     0.125
08:10:59.873 jbd2/nv        752     nvme1n1 WSM  877302936  4096      0.031
08:11:00.671 nvme           344587  Unknown N    -1         512       0.031
08:11:01.673 nvme           344601  Unknown N    -1         512       0.077
08:11:02.433 kworker        339174  nvme0n1 W    32513984   12288     0.804
08:11:02.676 nvme           344617  Unknown N    -1         512       0.028
08:11:03.678 nvme           344621  Unknown N    -1         512       0.028
08:11:04.680 nvme           344636  Unknown N    -1         512       0.029
08:11:05.660 jbd2/nv        752     nvme1n1 WSM  877302944  86016     0.126
08:11:05.660 jbd2/nv        752     nvme1n1 WSM  877303112  4096      0.032
08:11:05.682 nvme           344640  Unknown N    -1         512       0.076
08:11:06.684 nvme           344660  Unknown N    -1         512       0.032
08:11:06.984 dockerd        1436    nvme1n1 WS   1755655824 4096      0.043
08:11:06.984 jbd2/nv        752     nvme1n1 WSM  877303120  36864     0.066
08:11:06.984 jbd2/nv        752     nvme1n1 WSM  877303192  4096      0.030
08:11:06.984 dockerd        1436    nvme1n1 WS   1755655832 4096      0.030
08:11:06.984 jbd2/nv        752     nvme1n1 WSM  877303200  40960     0.061
08:11:06.984 jbd2/nv        752     nvme1n1 WSM  877303280  4096      0.027
08:11:07.687 nvme           344718  Unknown N    -1         512       0.074
08:11:08.064 kworker        329458  nvme1n1 W    1737095888 4096      0.045
08:11:08.064 kworker        329458  nvme1n1 W    1485490048 4096      0.051
08:11:08.064 kworker        294506  nvme1n1 W    1174914032 4096      0.058
08:11:08.064 kworker        294506  nvme1n1 W    1729863664 4096      0.063
08:11:08.064 kworker        294506  nvme1n1 W    1548680840 8192      0.068
08:11:08.064 kworker        294506  nvme1n1 W    1174914048 4096      0.071
08:11:08.064 kworker        294506  nvme1n1 W    1548680784 16384     0.082
08:11:08.064 kworker        294506  nvme1n1 W    1548680816 12288     0.081
08:11:08.064 kworker        294506  nvme1n1 W    1755655776 4096      0.055
08:11:08.576 kworker        329458  nvme1n1 W    1524891592 20480     0.054
08:11:08.576 kworker        294506  nvme1n1 W    1744453464 16384     0.125
08:11:08.576 kworker        294506  nvme1n1 W    1744037376 131072    0.201
08:11:08.576 kworker        294506  nvme1n1 W    1744037632 131072    0.284
08:11:08.577 kworker        294506  nvme1n1 W    1744037888 131072    0.371
08:11:08.577 kworker        294506  nvme1n1 W    1744038144 131072    0.455
08:11:08.577 kworker        294506  nvme1n1 W    1744038400 131072    0.534
08:11:08.577 kworker        294506  nvme1n1 W    1744038656 131072    0.613
08:11:08.577 kworker        294506  nvme1n1 W    1744038912 131072    0.697
08:11:08.577 kworker        294506  nvme1n1 W    1744039168 131072    0.780
08:11:08.577 kworker        294506  nvme1n1 W    1744039424 131072    0.861
08:11:08.577 kworker        294506  nvme1n1 W    1744039680 131072    0.939
08:11:08.577 kworker        294506  nvme1n1 W    1744039936 131072    1.019
08:11:08.577 kworker        294506  nvme1n1 W    1744040192 131072    1.103
08:11:08.577 kworker        294506  nvme1n1 W    1744040448 131072    1.186
08:11:08.577 kworker        294506  nvme1n1 W    1744040704 131072    1.266
08:11:08.578 kworker        294506  nvme1n1 W    1744040960 131072    1.064
08:11:08.578 kworker        294506  nvme1n1 W    1744041216 131072    1.144
08:11:08.578 kworker        294506  nvme1n1 W    1744041472 131072    1.224
08:11:08.578 kworker        294506  nvme1n1 W    1744041728 131072    1.197
08:11:08.578 kworker        294506  nvme1n1 W    1743843840 131072    1.267
08:11:08.578 kworker        294506  nvme1n1 W    1743844096 131072    1.059
08:11:08.578 kworker        294506  nvme1n1 W    1743844352 131072    1.136
08:11:08.578 kworker        294506  nvme1n1 W    1743844608 131072    1.218
08:11:08.578 kworker        294506  nvme1n1 W    1743844864 131072    1.299
08:11:08.578 kworker        294506  nvme1n1 W    1743845120 131072    1.056
08:11:08.578 kworker        294506  nvme1n1 W    1743845376 131072    1.136
08:11:08.578 kworker        294506  nvme1n1 W    1743845632 131072    1.219
08:11:08.578 kworker        294506  nvme1n1 W    1743845888 131072    1.290
08:11:08.579 kworker        294506  nvme1n1 W    1743846144 131072    1.051
08:11:08.579 kworker        294506  nvme1n1 W    1743846400 131072    1.138
08:11:08.579 kworker        294506  nvme1n1 W    1743846656 131072    1.219
08:11:08.579 kworker        294506  nvme1n1 W    1743846912 131072    1.290
08:11:08.579 kworker        294506  nvme1n1 W    1743847168 131072    1.055
08:11:08.579 kworker        294506  nvme1n1 W    1743847424 131072    1.137
08:11:08.579 kworker        294506  nvme1n1 W    1743847680 131072    1.218
08:11:08.579 kworker        294506  nvme1n1 W    1743847936 131072    1.293
08:11:08.579 kworker        294506  nvme1n1 W    1743848192 131072    0.959
08:11:08.579 kworker        294506  nvme1n1 W    1743848448 131072    1.049
08:11:08.579 kworker        294506  nvme1n1 W    1743848704 131072    1.122
08:11:08.579 kworker        294506  nvme1n1 W    1743848960 131072    1.202
08:11:08.580 kworker        294506  nvme1n1 W    1743849216 131072    1.274
08:11:08.580 kworker        294506  nvme1n1 W    1743849472 131072    1.057
08:11:08.580 kworker        294506  nvme1n1 W    1743849728 131072    1.136
08:11:08.580 kworker        294506  nvme1n1 W    1743849984 131072    1.216
08:11:08.580 kworker        294506  nvme1n1 W    1743850240 131072    1.287
08:11:08.580 kworker        294506  nvme1n1 W    1743850496 131072    1.054
08:11:08.580 kworker        294506  nvme1n1 W    1743850752 131072    1.137
08:11:08.580 kworker        294506  nvme1n1 W    1743851008 131072    1.217
08:11:08.580 kworker        294506  nvme1n1 W    1743851264 131072    1.296
08:11:08.580 kworker        294506  nvme1n1 W    1743851520 131072    1.057
08:11:08.580 kworker        294506  nvme1n1 W    1743851776 131072    1.137
08:11:08.580 kworker        294506  nvme1n1 W    1743852032 131072    1.219
08:11:08.581 kworker        294506  nvme1n1 W    1743852288 131072    1.295
08:11:08.581 kworker        294506  nvme1n1 W    1743852544 131072    1.056
08:11:08.581 kworker        294506  nvme1n1 W    1743852800 131072    1.046
08:11:08.581 kworker        294506  nvme1n1 W    1743853056 131072    1.125
08:11:08.581 kworker        294506  nvme1n1 W    1743853312 131072    1.202
08:11:08.581 kworker        294506  nvme1n1 W    1743853568 131072    1.278
08:11:08.581 kworker        294506  nvme1n1 W    1743853824 131072    1.056
08:11:08.581 kworker        294506  nvme1n1 W    1743854080 131072    1.134
08:11:08.581 kworker        294506  nvme1n1 W    1743854336 131072    1.212
08:11:08.581 kworker        294506  nvme1n1 W    1743854592 131072    1.286
08:11:08.581 kworker        294506  nvme1n1 W    1743854848 131072    1.049
08:11:08.581 kworker        294506  nvme1n1 W    1743855104 131072    1.128
08:11:08.582 kworker        294506  nvme1n1 W    1743855360 131072    1.210
08:11:08.582 kworker        294506  nvme1n1 W    1743855616 131072    1.289
08:11:08.582 kworker        294506  nvme1n1 W    1743855872 131072    1.053
08:11:08.582 kworker        294506  nvme1n1 W    1743856128 131072    1.135
08:11:08.582 kworker        294506  nvme1n1 W    1743856384 131072    1.213
08:11:08.582 kworker        294506  nvme1n1 W    1743856640 131072    1.294
08:11:08.582 kworker        294506  nvme1n1 W    1743856896 131072    1.055
08:11:08.582 kworker        294506  nvme1n1 W    1743857152 131072    1.140
08:11:08.582 kworker        294506  nvme1n1 W    1743857408 131072    1.172
08:11:08.582 kworker        294506  nvme1n1 W    1730782208 131072    1.246
08:11:08.582 kworker        294506  nvme1n1 W    1730782464 131072    1.055
08:11:08.582 kworker        294506  nvme1n1 W    1730782720 131072    1.135
08:11:08.582 kworker        294506  nvme1n1 W    1730782976 86016     1.148
08:11:08.583 kworker        294506  nvme1n1 W    1531089784 131072    1.229
08:11:08.583 kworker        294506  nvme1n1 W    1531090040 131072    1.025
08:11:08.583 kworker        294506  nvme1n1 W    1531090296 131072    1.107
08:11:08.583 kworker        294506  nvme1n1 W    1531090552 86016     1.062
08:11:08.583 kworker        294506  nvme1n1 W    1743857664 131072    1.140
08:11:08.583 kworker        294506  nvme1n1 W    1743857920 131072    1.221
08:11:08.583 kworker        294506  nvme1n1 W    1743858176 131072    0.997
08:11:08.583 kworker        294506  nvme1n1 W    1743858432 131072    1.079
08:11:08.583 kworker        294506  nvme1n1 W    1743858688 131072    1.155
08:11:08.583 kworker        294506  nvme1n1 W    1743858944 131072    1.234
08:11:08.583 kworker        294506  nvme1n1 W    1743859200 131072    1.012
08:11:08.583 kworker        294506  nvme1n1 W    1743859456 131072    1.077
08:11:08.583 kworker        294506  nvme1n1 W    1743859712 131072    1.159
08:11:08.584 kworker        294506  nvme1n1 W    1743859968 131072    1.234
08:11:08.584 kworker        294506  nvme1n1 W    1743860224 131072    1.022
08:11:08.584 kworker        294506  nvme1n1 W    1743860480 131072    1.104
08:11:08.584 kworker        294506  nvme1n1 W    1743860736 131072    1.184
08:11:08.584 kworker        294506  nvme1n1 W    1743860992 131072    1.259
08:11:08.584 kworker        294506  nvme1n1 W    1743861248 131072    1.053
08:11:08.584 kworker        294506  nvme1n1 W    1743861504 131072    1.138
08:11:08.584 kworker        294506  nvme1n1 W    1743861760 131072    1.216
08:11:08.584 kworker        294506  nvme1n1 W    1743862016 131072    1.200
08:11:08.584 kworker        294506  nvme1n1 W    1743862272 131072    1.276
08:11:08.584 kworker        294506  nvme1n1 W    1743862528 131072    1.046
08:11:08.584 kworker        294506  nvme1n1 W    1743862784 131072    1.128
08:11:08.585 kworker        294506  nvme1n1 W    1743863040 131072    1.206
08:11:08.585 kworker        294506  nvme1n1 W    1743863296 131072    1.281
08:11:08.585 kworker        294506  nvme1n1 W    1743863552 131072    1.057
08:11:08.585 kworker        294506  nvme1n1 W    1743863808 131072    1.140
08:11:08.585 kworker        294506  nvme1n1 W    1743864064 131072    1.221
08:11:08.585 kworker        294506  nvme1n1 W    1743864320 131072    1.295
08:11:08.585 kworker        294506  nvme1n1 W    1743864576 131072    1.075
08:11:08.585 kworker        294506  nvme1n1 W    1743864832 131072    1.156
08:11:08.585 kworker        294506  nvme1n1 W    1743865088 131072    1.227
08:11:08.585 kworker        294506  nvme1n1 W    1743865344 131072    1.307
08:11:08.585 kworker        294506  nvme1n1 W    1743865600 131072    1.386
08:11:08.585 kworker        294506  nvme1n1 W    1743865856 131072    1.463
08:11:08.586 kworker        294506  nvme1n1 W    1743866112 131072    1.542
08:11:08.586 kworker        294506  nvme1n1 W    1743866368 131072    1.622
08:11:08.586 kworker        294506  nvme1n1 W    1743866624 131072    1.617
08:11:08.586 kworker        294506  nvme1n1 W    1743866880 131072    1.696
08:11:08.586 kworker        294506  nvme1n1 W    1743867136 131072    1.778
08:11:08.586 kworker        294506  nvme1n1 W    1743867392 131072    1.862
08:11:08.586 kworker        294506  nvme1n1 W    1743867648 131072    1.940
08:11:08.586 kworker        294506  nvme1n1 W    1743867904 131072    2.011
08:11:08.586 kworker        294506  nvme1n1 W    1743868160 131072    2.095
08:11:08.586 kworker        294506  nvme1n1 W    1743868416 131072    2.174
08:11:08.586 kworker        294506  nvme1n1 W    1743868672 131072    2.253
08:11:08.586 kworker        294506  nvme1n1 W    1743868928 131072    2.331
08:11:08.587 kworker        294506  nvme1n1 W    1743869184 131072    2.411
08:11:08.587 kworker        294506  nvme1n1 W    1743869440 131072    2.480
08:11:08.587 kworker        294506  nvme1n1 W    1743869696 131072    1.958
08:11:08.587 kworker        294506  nvme1n1 W    1743869952 131072    2.031
08:11:08.587 kworker        294506  nvme1n1 W    1743870208 131072    2.115
08:11:08.587 kworker        294506  nvme1n1 W    1743870464 131072    2.194
08:11:08.587 kworker        294506  nvme1n1 W    1743870720 131072    2.278
08:11:08.587 kworker        294506  nvme1n1 W    1743870976 131072    2.358
08:11:08.587 kworker        294506  nvme1n1 W    1743871232 131072    2.352
08:11:08.587 kworker        294506  nvme1n1 W    1743871488 131072    2.434
08:11:08.587 kworker        294506  nvme1n1 W    1743871744 131072    2.510
08:11:08.587 kworker        294506  nvme1n1 W    1743872000 131072    1.951
08:11:08.587 kworker        294506  nvme1n1 W    1743872256 131072    2.032
08:11:08.588 kworker        294506  nvme1n1 W    1743872512 131072    2.110
08:11:08.588 kworker        294506  nvme1n1 W    1743872768 131072    2.187
08:11:08.588 kworker        294506  nvme1n1 W    1743873024 131072    2.266
08:11:08.588 kworker        294506  nvme1n1 W    1743873280 131072    2.348
08:11:08.588 kworker        294506  nvme1n1 W    1743873536 131072    2.426
08:11:08.588 kworker        294506  nvme1n1 W    1743873792 131072    2.499
08:11:08.588 kworker        294506  nvme1n1 W    1743874048 131072    1.945
08:11:08.588 kworker        294506  nvme1n1 W    1743874304 131072    2.028
08:11:08.588 kworker        294506  nvme1n1 W    1743874560 131072    2.108
08:11:08.588 kworker        294506  nvme1n1 W    1743874816 131072    2.186
08:11:08.588 kworker        294506  nvme1n1 W    1743875072 131072    2.267
08:11:08.588 kworker        294506  nvme1n1 W    1743875328 131072    2.349
08:11:08.589 kworker        294506  nvme1n1 W    1743875584 131072    2.431
08:11:08.589 kworker        294506  nvme1n1 W    1743875840 131072    2.475
08:11:08.589 kworker        294506  nvme1n1 W    1531090720 131072    1.954
08:11:08.589 kworker        294506  nvme1n1 W    1531090976 131072    2.032
08:11:08.589 kworker        294506  nvme1n1 W    1531091232 131072    2.112
08:11:08.589 kworker        294506  nvme1n1 W    1531091488 86016     2.134
08:11:08.589 kworker        294506  nvme1n1 W    1531091656 131072    2.214
08:11:08.589 kworker        294506  nvme1n1 W    1531091912 131072    2.292
08:11:08.589 kworker        294506  nvme1n1 W    1531092168 131072    2.374
08:11:08.589 kworker        294506  nvme1n1 W    1531092424 86016     2.430
08:11:08.689 nvme           344722  Unknown N    -1         512       0.026
08:11:09.691 nvme           344732  Unknown N    -1         512       0.027
08:11:10.657 amoprof        330498  nvme1n1 W    1730569376 4096      0.071
08:11:10.693 nvme           344738  Unknown N    -1         512       0.076
08:11:11.695 nvme           344758  Unknown N    -1         512       0.085
08:11:12.672 jbd2/nv        752     nvme1n1 WSM  877303288  131072    0.155
08:11:12.672 jbd2/nv        752     nvme1n1 WSM  877303544  4096      0.031
08:11:12.673 kworker        294506  nvme0n1 W    12506712   4096      0.701
08:11:12.697 nvme           344770  Unknown N    -1         512       0.024
08:11:13.184 kworker        329458  nvme1n1 W    1524891632 4096      0.064
08:11:13.184 kworker        329458  nvme1n1 W    1551234312 4096      0.069
08:11:13.184 kworker        329458  nvme1n1 W    1755133920 4096      0.067
08:11:13.184 kworker        329458  nvme1n1 W    1755058096 4096      0.068
08:11:13.184 kworker        329458  nvme1n1 W    1755133664 131072    0.159
08:11:13.699 nvme           344775  Unknown N    -1         512       0.032
08:11:14.209 kworker        329458  nvme0n1 W    14950976   8192      0.840
08:11:14.701 nvme           344785  Unknown N    -1         512       0.079
08:11:15.703 nvme           344789  Unknown N    -1         512       0.040
08:11:15.746 kworker        294506  nvme0n1 W    8132600    131072    1.600
08:11:15.746 kworker        294506  nvme0n1 W    8135672    131072    1.613
08:11:15.746 kworker        294506  nvme0n1 W    8143096    131072    1.769
08:11:15.746 kworker        294506  nvme0n1 W    8139256    131072    1.876
08:11:15.746 kworker        294506  nvme0n1 W    8144120    131072    1.940
08:11:15.746 kworker        294506  nvme0n1 W    8140792    131072    2.039
08:11:15.746 kworker        294506  nvme0n1 W    8141304    262144    2.400
08:11:15.747 kworker        294506  nvme0n1 W    7337984    4096      0.803
08:11:15.747 kworker        294506  nvme0n1 W    36014128   4096      0.991
08:11:15.747 kworker        294506  nvme0n1 W    8140024    262144    2.801
08:11:16.705 nvme           344809  Unknown N    -1         512       0.074
08:11:16.992 dockerd        1436    nvme1n1 WS   1737095896 4096      0.053
08:11:16.992 jbd2/nv        752     nvme1n1 WSM  877303552  69632     0.093
08:11:16.992 jbd2/nv        752     nvme1n1 WSM  877303688  4096      0.029
08:11:16.992 dockerd        1436    nvme1n1 WS   1737095904 4096      0.030
08:11:16.992 jbd2/nv        752     nvme1n1 WSM  877303696  40960     0.060
08:11:16.992 jbd2/nv        752     nvme1n1 WSM  877303776  4096      0.028
08:11:17.020 contain        1195    nvme1n1 WS   1551466728 4096      0.052
08:11:17.020 contain        1195    nvme1n1 WS   1725799912 4096      0.060
08:11:17.020 contain        1195    nvme1n1 WS   1730873248 4096      0.060
08:11:17.020 contain        1195    nvme1n1 WS   1730873808 4096      0.065
08:11:17.020 contain        1195    nvme1n1 WS   1429528    4096      0.027
08:11:17.027 dockerd        1436    nvme1n1 WS   1323328    4096      0.059
08:11:17.027 dockerd        1436    nvme1n1 WS   1757812064 8192      0.068
08:11:17.027 dockerd        1436    nvme1n1 WS   1757812088 4096      0.069
08:11:17.027 dockerd        1436    nvme1n1 WS   1323304    4096      0.030
08:11:17.051 dockerd        1436    nvme1n1 WS   830734360  4096      0.057
08:11:17.051 dockerd        1436    nvme1n1 WS   1518910992 4096      0.062
08:11:17.051 dockerd        1436    nvme1n1 WS   1757812080 4096      0.063
08:11:17.051 dockerd        1436    nvme1n1 WS   1757812096 4096      0.064
08:11:17.052 dockerd        1436    nvme1n1 WS   1323312    4096      0.027
08:11:17.052 dockerd        1436    nvme1n1 W    1551235040 4096      0.030
08:11:17.052 dockerd        1436    nvme1n1 WS   1528463928 4096      0.038
08:11:17.052 dockerd        1436    nvme1n1 WS   1757812064 8192      0.047
08:11:17.052 dockerd        1436    nvme1n1 WS   1757812088 4096      0.049
08:11:17.052 dockerd        1436    nvme1n1 WS   1323304    4096      0.026
08:11:17.083 dockerd        1436    nvme1n1 WS   830734360  4096      0.047
08:11:17.083 dockerd        1436    nvme1n1 WS   1518910992 4096      0.053
08:11:17.083 dockerd        1436    nvme1n1 WS   1757812080 4096      0.058
08:11:17.083 dockerd        1436    nvme1n1 WS   1757812096 4096      0.059
08:11:17.083 dockerd        1436    nvme1n1 WS   1323312    4096      0.029
08:11:17.083 dockerd        1436    nvme1n1 WS   1323328    4096      0.038
08:11:17.083 dockerd        1436    nvme1n1 WS   1757812064 8192      0.043
08:11:17.083 dockerd        1436    nvme1n1 WS   1757812088 4096      0.048
08:11:17.083 dockerd        1436    nvme1n1 WS   1323304    4096      0.027
08:11:17.084 kworker        329458  nvme1n1 W    1737039752 4096      0.053
08:11:17.084 kworker        329458  nvme1n1 W    1548637408 4096      0.046
08:11:17.084 kworker        329458  nvme1n1 W    1553590408 4096      0.050
08:11:17.084 kworker        294506  nvme1n1 W    1743876096 131072    0.161
08:11:17.084 kworker        294506  nvme1n1 W    1743876352 131072    0.236
08:11:17.084 kworker        294506  nvme1n1 W    1743876608 131072    0.317
08:11:17.084 kworker        294506  nvme1n1 W    1743876864 131072    0.392
08:11:17.085 kworker        294506  nvme1n1 W    1743877120 131072    0.472
08:11:17.085 kworker        294506  nvme1n1 W    1743877376 131072    0.552
08:11:17.085 kworker        294506  nvme1n1 W    1743877632 131072    0.629
08:11:17.085 kworker        339174  nvme1n1 W    1174921288 126976    0.656
08:11:17.085 kworker        294506  nvme1n1 W    1743877888 131072    0.565
08:11:17.085 kworker        339174  nvme1n1 W    1174921536 86016     0.519
08:11:17.085 kworker        294506  nvme1n1 W    1743878144 131072    0.538
08:11:17.085 kworker        339174  nvme1n1 W    1707360016 81920     0.576
08:11:17.085 kworker        294506  nvme1n1 W    1743878400 131072    0.506
08:11:17.085 kworker        339174  nvme1n1 W    1174921704 122880    0.475
08:11:17.085 kworker        294506  nvme1n1 W    1743878656 131072    0.493
08:11:17.085 kworker        339174  nvme1n1 W    1174921944 16384     0.461
08:11:17.085 kworker        294506  nvme1n1 W    1743878912 131072    0.451
08:11:17.085 kworker        339174  nvme1n1 W    1707360880 81920     0.489
08:11:17.085 kworker        294506  nvme1n1 W    1743879168 131072    0.457
08:11:17.086 kworker        339174  nvme1n1 W    1174921976 126976    0.446
08:11:17.086 kworker        294506  nvme1n1 W    1743879424 131072    0.463
08:11:17.086 kworker        339174  nvme1n1 W    1174922224 12288     0.463
08:11:17.086 kworker        339174  nvme1n1 W    1755655776 4096      0.392
08:11:17.086 kworker        294506  nvme1n1 W    1743879680 131072    0.459
08:11:17.086 kworker        294506  nvme1n1 W    1743879936 131072    0.411
08:11:17.086 kworker        294506  nvme1n1 W    1743880192 131072    0.484
08:11:17.086 kworker        294506  nvme1n1 W    1743880448 131072    0.359
08:11:17.086 kworker        294506  nvme1n1 W    1506195656 131072    0.432
08:11:17.086 kworker        294506  nvme1n1 W    1506195912 131072    0.485
08:11:17.086 kworker        294506  nvme1n1 W    1506196168 131072    0.561
08:11:17.086 kworker        294506  nvme1n1 W    1506196424 131072    0.562
08:11:17.086 kworker        294506  nvme1n1 W    1506196680 131072    0.637
08:11:17.086 kworker        294506  nvme1n1 W    1506196936 131072    0.564
08:11:17.087 kworker        294506  nvme1n1 W    1506197192 131072    0.642
08:11:17.087 kworker        294506  nvme1n1 W    1506197448 131072    0.564
08:11:17.087 kworker        294506  nvme1n1 W    1506197704 20480     0.480
08:11:17.087 kworker        294506  nvme1n1 W    1743880704 131072    0.559
08:11:17.087 kworker        294506  nvme1n1 W    1743880960 131072    0.496
08:11:17.087 kworker        294506  nvme1n1 W    1743881216 131072    0.572
08:11:17.087 kworker        294506  nvme1n1 W    1743881472 131072    0.492
08:11:17.087 kworker        294506  nvme1n1 W    1743881728 131072    0.569
08:11:17.087 kworker        294506  nvme1n1 W    1743881984 131072    0.488
08:11:17.087 kworker        294506  nvme1n1 W    1743882240 131072    0.569
08:11:17.087 kworker        294506  nvme1n1 W    1743882496 131072    0.559
08:11:17.087 kworker        294506  nvme1n1 W    1743882752 131072    0.641
08:11:17.087 kworker        294506  nvme1n1 W    1743883008 131072    0.568
08:11:17.088 kworker        294506  nvme1n1 W    1743883264 131072    0.642
08:11:17.088 kworker        294506  nvme1n1 W    1743883520 131072    0.569
08:11:17.088 kworker        294506  nvme1n1 W    1743883776 131072    0.651
08:11:17.088 kworker        294506  nvme1n1 W    1743884032 131072    0.570
08:11:17.088 kworker        294506  nvme1n1 W    1743884288 131072    0.635
08:11:17.088 kworker        294506  nvme1n1 W    1743884544 131072    0.565
08:11:17.088 kworker        294506  nvme1n1 W    1743884800 131072    0.640
08:11:17.088 kworker        294506  nvme1n1 W    1743885056 131072    0.478
08:11:17.088 kworker        294506  nvme1n1 W    1743885312 131072    0.560
08:11:17.088 kworker        294506  nvme1n1 W    1743885568 131072    0.633
08:11:17.088 kworker        294506  nvme1n1 W    1743885824 131072    0.558
08:11:17.088 kworker        294506  nvme1n1 W    1743886080 131072    0.630
08:11:17.089 kworker        294506  nvme1n1 W    1743886336 131072    0.563
08:11:17.089 kworker        294506  nvme1n1 W    1743886592 131072    0.633
08:11:17.089 kworker        294506  nvme1n1 W    1743886848 131072    0.559
08:11:17.089 kworker        294506  nvme1n1 W    1743887104 131072    0.635
08:11:17.089 kworker        294506  nvme1n1 W    1743887360 131072    0.561
08:11:17.089 kworker        294506  nvme1n1 W    1743887616 131072    0.636
08:11:17.089 kworker        294506  nvme1n1 W    1743887872 131072    0.565
08:11:17.089 kworker        294506  nvme1n1 W    1743888128 131072    0.641
08:11:17.089 kworker        294506  nvme1n1 W    1743888384 131072    0.564
08:11:17.089 kworker        294506  nvme1n1 W    1743888640 131072    0.639
08:11:17.089 kworker        294506  nvme1n1 W    1743888896 131072    0.563
08:11:17.089 kworker        294506  nvme1n1 W    1743889152 131072    0.639
08:11:17.090 kworker        294506  nvme1n1 W    1743889408 131072    0.561
08:11:17.090 kworker        294506  nvme1n1 W    1743889664 131072    0.561
08:11:17.090 kworker        294506  nvme1n1 W    1524872704 131072    0.564
08:11:17.090 kworker        294506  nvme1n1 W    1524872960 131072    0.639
08:11:17.090 kworker        294506  nvme1n1 W    1524873216 131072    0.563
08:11:17.090 kworker        294506  nvme1n1 W    1524873472 131072    0.642
08:11:17.090 kworker        294506  nvme1n1 W    1524873728 131072    0.568
08:11:17.090 kworker        294506  nvme1n1 W    1524873984 131072    0.646
08:11:17.090 kworker        294506  nvme1n1 W    1524874240 131072    0.565
08:11:17.090 kworker        294506  nvme1n1 W    1524874496 131072    0.646
08:11:17.090 kworker        294506  nvme1n1 W    1524874752 20480     0.397
08:11:17.090 kworker        294506  nvme1n1 W    1498939392 131072    0.482
08:11:17.090 kworker        294506  nvme1n1 W    1498939648 131072    0.560
08:11:17.091 kworker        294506  nvme1n1 W    1498939904 131072    0.496
08:11:17.091 kworker        294506  nvme1n1 W    1498940160 131072    0.569
08:11:17.091 kworker        294506  nvme1n1 W    1498940416 131072    0.504
08:11:17.091 kworker        294506  nvme1n1 W    1498940672 131072    0.579
08:11:17.091 kworker        294506  nvme1n1 W    1498940928 131072    0.569
08:11:17.091 kworker        294506  nvme1n1 W    1498941184 131072    0.645
08:11:17.091 kworker        294506  nvme1n1 W    1498941440 131072    0.571
08:11:17.091 kworker        294506  nvme1n1 W    1498941696 131072    0.646
08:11:17.091 kworker        294506  nvme1n1 W    1498941952 131072    0.567
08:11:17.091 kworker        294506  nvme1n1 W    1498942208 131072    0.645
08:11:17.091 kworker        294506  nvme1n1 W    1498942464 131072    0.563
08:11:17.091 kworker        294506  nvme1n1 W    1498942720 131072    0.638
08:11:17.091 kworker        294506  nvme1n1 W    1498942976 131072    0.562
08:11:17.092 kworker        294506  nvme1n1 W    1498943232 131072    0.638
08:11:17.092 kworker        294506  nvme1n1 W    1498943488 131072    0.557
08:11:17.092 kworker        294506  nvme1n1 W    1498943744 131072    0.547
08:11:17.092 kworker        294506  nvme1n1 W    1498944000 131072    0.622
08:11:17.092 kworker        294506  nvme1n1 W    1498944256 131072    0.557
08:11:17.092 kworker        294506  nvme1n1 W    1498944512 131072    0.634
08:11:17.092 kworker        294506  nvme1n1 W    1498944768 131072    0.565
08:11:17.092 kworker        294506  nvme1n1 W    1498945024 131072    0.639
08:11:17.092 kworker        294506  nvme1n1 W    1498945280 131072    0.566
08:11:17.092 kworker        294506  nvme1n1 W    1498945536 131072    0.639
08:11:17.092 kworker        294506  nvme1n1 W    1498945792 131072    0.565
08:11:17.092 kworker        294506  nvme1n1 W    1498946048 131072    0.658
08:11:17.093 kworker        294506  nvme1n1 W    1498946304 131072    0.568
08:11:17.093 kworker        294506  nvme1n1 W    1498946560 131072    0.645
08:11:17.093 kworker        294506  nvme1n1 W    1498946816 131072    0.564
08:11:17.093 kworker        294506  nvme1n1 W    1498947072 131072    0.645
08:11:17.093 kworker        294506  nvme1n1 W    1498947328 131072    0.569
08:11:17.093 kworker        294506  nvme1n1 W    1498947584 131072    0.648
08:11:17.093 kworker        294506  nvme1n1 W    1498947840 131072    0.550
08:11:17.093 kworker        294506  nvme1n1 W    1498948096 131072    0.629
08:11:17.093 kworker        294506  nvme1n1 W    1498948352 131072    0.484
08:11:17.093 kworker        294506  nvme1n1 W    1498951256 131072    0.561
08:11:17.093 kworker        294506  nvme1n1 W    1498951512 131072    0.633
08:11:17.093 kworker        294506  nvme1n1 W    1498951768 131072    0.560
08:11:17.094 kworker        294506  nvme1n1 W    1498952024 131072    0.634
08:11:17.094 kworker        294506  nvme1n1 W    1498952280 131072    0.563
08:11:17.094 kworker        294506  nvme1n1 W    1498952536 131072    0.636
08:11:17.094 kworker        294506  nvme1n1 W    1498952792 131072    0.559
08:11:17.094 kworker        294506  nvme1n1 W    1498953048 131072    0.632
08:11:17.094 kworker        294506  nvme1n1 W    1498953304 131072    0.564
08:11:17.094 kworker        294506  nvme1n1 W    1498953560 131072    0.634
08:11:17.094 kworker        294506  nvme1n1 W    1498953816 131072    0.565
08:11:17.094 kworker        294506  nvme1n1 W    1498954072 131072    0.640
08:11:17.094 kworker        294506  nvme1n1 W    1498954328 131072    0.559
08:11:17.094 kworker        294506  nvme1n1 W    1498954584 131072    0.637
08:11:17.094 kworker        294506  nvme1n1 W    1498954840 131072    0.561
08:11:17.094 kworker        294506  nvme1n1 W    1498955096 131072    0.636
08:11:17.095 kworker        294506  nvme1n1 W    1498955352 131072    0.564
08:11:17.095 kworker        294506  nvme1n1 W    1498955608 131072    0.558
08:11:17.095 kworker        294506  nvme1n1 W    1498955864 131072    0.634
08:11:17.095 kworker        294506  nvme1n1 W    1498956120 131072    0.569
08:11:17.095 kworker        294506  nvme1n1 W    1498956376 131072    0.649
08:11:17.095 kworker        294506  nvme1n1 W    1498956632 131072    0.569
08:11:17.095 kworker        294506  nvme1n1 W    1498956888 131072    0.645
08:11:17.095 kworker        294506  nvme1n1 W    1498957144 131072    0.570
08:11:17.095 kworker        294506  nvme1n1 W    1498957400 131072    0.646
08:11:17.095 kworker        294506  nvme1n1 W    1498957656 131072    0.569
08:11:17.095 kworker        294506  nvme1n1 W    1498957912 131072    0.641
08:11:17.095 kworker        294506  nvme1n1 W    1498958168 131072    0.565
08:11:17.096 kworker        294506  nvme1n1 W    1498958424 131072    0.640
08:11:17.096 kworker        294506  nvme1n1 W    1498958680 131072    0.565
08:11:17.096 kworker        294506  nvme1n1 W    1498958936 131072    0.642
08:11:17.096 kworker        294506  nvme1n1 W    1498959192 131072    0.564
08:11:17.096 kworker        294506  nvme1n1 W    1498959448 131072    0.643
08:11:17.096 kworker        294506  nvme1n1 W    1498959704 131072    0.573
08:11:17.096 kworker        294506  nvme1n1 W    1498959960 131072    0.643
08:11:17.096 kworker        294506  nvme1n1 W    1498960216 131072    0.520
08:11:17.096 kworker        294506  nvme1n1 W    1524725024 131072    0.595
08:11:17.096 kworker        294506  nvme1n1 W    1524725280 131072    0.565
08:11:17.096 kworker        294506  nvme1n1 W    1524725536 131072    0.639
08:11:17.096 kworker        294506  nvme1n1 W    1524725792 131072    0.571
08:11:17.097 kworker        294506  nvme1n1 W    1524726048 131072    0.645
08:11:17.097 kworker        294506  nvme1n1 W    1524726304 131072    0.635
08:11:17.097 kworker        294506  nvme1n1 W    1524726560 131072    0.715
08:11:17.097 kworker        294506  nvme1n1 W    1524726816 131072    0.794
08:11:17.097 kworker        294506  nvme1n1 W    1524727072 20480     0.748
08:11:17.097 kworker        294506  nvme1n1 W    1524797320 131072    0.827
08:11:17.097 kworker        294506  nvme1n1 W    1524797576 131072    0.917
08:11:17.097 kworker        294506  nvme1n1 W    1524797832 131072    0.991
08:11:17.097 kworker        294506  nvme1n1 W    1524798088 131072    1.072
08:11:17.097 kworker        294506  nvme1n1 W    1524798344 131072    1.149
08:11:17.097 kworker        294506  nvme1n1 W    1524798600 131072    0.991
08:11:17.097 kworker        294506  nvme1n1 W    1524798856 131072    1.071
08:11:17.097 kworker        294506  nvme1n1 W    1524799112 131072    1.151
08:11:17.097 kworker        294506  nvme1n1 W    1524799368 20480     1.072
08:11:17.098 kworker        294506  nvme1n1 W    1498960472 131072    1.154
08:11:17.098 kworker        294506  nvme1n1 W    1498960728 131072    0.920
08:11:17.098 kworker        294506  nvme1n1 W    1498960984 131072    1.002
08:11:17.098 kworker        294506  nvme1n1 W    1498961240 131072    1.082
08:11:17.098 kworker        294506  nvme1n1 W    1498961496 131072    1.159
08:11:17.098 kworker        294506  nvme1n1 W    1498961752 131072    0.983
08:11:17.098 kworker        294506  nvme1n1 W    1498962008 131072    1.059
08:11:17.098 kworker        294506  nvme1n1 W    1498962264 131072    1.140
08:11:17.098 kworker        294506  nvme1n1 W    1498962520 131072    1.215
08:11:17.098 kworker        294506  nvme1n1 W    1498962776 131072    0.988
08:11:17.098 kworker        294506  nvme1n1 W    1498963032 131072    1.068
08:11:17.098 kworker        294506  nvme1n1 W    1498963288 131072    1.149
08:11:17.099 kworker        294506  nvme1n1 W    1498963544 131072    1.224
08:11:17.099 kworker        294506  nvme1n1 W    1498963800 131072    1.055
08:11:17.099 kworker        294506  nvme1n1 W    1498964056 131072    1.136
08:11:17.099 kworker        294506  nvme1n1 W    1498964312 131072    1.215
08:11:17.099 kworker        294506  nvme1n1 W    1498964568 131072    1.296
08:11:17.099 kworker        294506  nvme1n1 W    1498964824 131072    0.950
08:11:17.099 kworker        294506  nvme1n1 W    1498965080 131072    1.029
08:11:17.099 kworker        294506  nvme1n1 W    1498965336 131072    1.109
08:11:17.099 kworker        294506  nvme1n1 W    1498965592 131072    1.186
08:11:17.099 kworker        294506  nvme1n1 W    1498965848 131072    1.266
08:11:17.099 kworker        294506  nvme1n1 W    1498966104 131072    1.055
08:11:17.099 kworker        294506  nvme1n1 W    1498966360 131072    1.134
08:11:17.099 kworker        294506  nvme1n1 W    1498966616 131072    1.213
08:11:17.100 kworker        294506  nvme1n1 W    1498966872 131072    1.289
08:11:17.100 kworker        294506  nvme1n1 W    1498967128 131072    1.055
08:11:17.100 kworker        294506  nvme1n1 W    1498967384 131072    1.138
08:11:17.100 kworker        294506  nvme1n1 W    1498967640 131072    1.215
08:11:17.100 kworker        294506  nvme1n1 W    1498967896 131072    1.291
08:11:17.100 kworker        294506  nvme1n1 W    1498968152 131072    1.049
08:11:17.100 kworker        294506  nvme1n1 W    1498968408 131072    1.132
08:11:17.100 kworker        294506  nvme1n1 W    1498968664 131072    1.211
08:11:17.100 kworker        294506  nvme1n1 W    1498968920 131072    1.290
08:11:17.100 kworker        294506  nvme1n1 W    1498969176 131072    1.050
08:11:17.100 kworker        294506  nvme1n1 W    1498969432 131072    1.041
08:11:17.100 kworker        294506  nvme1n1 W    1498969688 131072    1.121
08:11:17.101 kworker        294506  nvme1n1 W    1498969944 131072    1.198
08:11:17.101 kworker        294506  nvme1n1 W    1498970200 131072    1.277
08:11:17.101 kworker        294506  nvme1n1 W    1498970456 131072    1.055
08:11:17.101 kworker        294506  nvme1n1 W    1498970712 131072    1.135
08:11:17.101 kworker        294506  nvme1n1 W    1498970968 131072    1.212
08:11:17.101 kworker        294506  nvme1n1 W    1498971224 131072    1.291
08:11:17.101 kworker        294506  nvme1n1 W    1498971480 131072    1.050
08:11:17.101 kworker        294506  nvme1n1 W    1498971736 131072    1.130
08:11:17.101 kworker        294506  nvme1n1 W    1498971992 131072    1.210
08:11:17.101 kworker        294506  nvme1n1 W    1498972248 131072    1.280
08:11:17.101 kworker        294506  nvme1n1 W    1498972504 131072    1.045
08:11:17.101 kworker        294506  nvme1n1 W    1498972760 131072    1.125
08:11:17.102 kworker        294506  nvme1n1 W    1498973016 131072    1.205
08:11:17.102 kworker        294506  nvme1n1 W    1498973272 131072    1.280
08:11:17.102 kworker        294506  nvme1n1 W    1498973528 131072    1.048
08:11:17.102 kworker        294506  nvme1n1 W    1498973784 131072    1.129
08:11:17.102 kworker        294506  nvme1n1 W    1498974040 131072    1.120
08:11:17.102 kworker        294506  nvme1n1 W    1498974296 131072    1.200
08:11:17.102 kworker        294506  nvme1n1 W    1498974552 131072    1.274
08:11:17.102 kworker        294506  nvme1n1 W    1498974808 131072    1.056
08:11:17.102 kworker        294506  nvme1n1 W    1498975064 131072    1.137
08:11:17.102 kworker        294506  nvme1n1 W    1498975320 131072    1.218
08:11:17.102 kworker        294506  nvme1n1 W    1498975576 131072    1.289
08:11:17.102 kworker        294506  nvme1n1 W    1498975832 131072    1.059
08:11:17.103 kworker        294506  nvme1n1 W    1498976088 131072    1.140
08:11:17.103 kworker        294506  nvme1n1 W    1498976344 131072    1.220
08:11:17.103 kworker        294506  nvme1n1 W    1498976600 131072    1.295
08:11:17.103 kworker        294506  nvme1n1 W    1498976856 131072    1.057
08:11:17.103 kworker        294506  nvme1n1 W    1498977112 131072    1.136
08:11:17.103 kworker        294506  nvme1n1 W    1498977368 131072    1.218
08:11:17.103 kworker        294506  nvme1n1 W    1498977624 131072    1.293
08:11:17.103 kworker        294506  nvme1n1 W    1498977880 131072    1.054
08:11:17.103 kworker        294506  nvme1n1 W    1498978136 131072    1.134
08:11:17.103 kworker        294506  nvme1n1 W    1498978392 131072    1.220
08:11:17.103 kworker        294506  nvme1n1 W    1498978648 131072    1.209
08:11:17.103 kworker        294506  nvme1n1 W    1498978904 131072    1.282
08:11:17.103 kworker        294506  nvme1n1 W    1498979160 131072    1.055
08:11:17.104 kworker        294506  nvme1n1 W    1498979416 131072    1.137
08:11:17.104 kworker        294506  nvme1n1 W    1498979672 131072    1.214
08:11:17.104 kworker        294506  nvme1n1 W    1498979928 131072    1.289
08:11:17.104 kworker        294506  nvme1n1 W    1498980184 131072    1.055
08:11:17.104 kworker        294506  nvme1n1 W    1498980440 131072    1.134
08:11:17.104 kworker        294506  nvme1n1 W    1498980696 131072    1.222
08:11:17.104 kworker        294506  nvme1n1 W    1498980952 131072    1.297
08:11:17.104 kworker        294506  nvme1n1 W    1498981208 131072    1.059
08:11:17.104 kworker        294506  nvme1n1 W    1498981464 131072    1.138
08:11:17.104 kworker        294506  nvme1n1 W    1498981720 131072    1.217
08:11:17.104 kworker        294506  nvme1n1 W    1498981976 131072    1.296
08:11:17.104 kworker        294506  nvme1n1 W    1498982232 131072    1.049
08:11:17.105 kworker        294506  nvme1n1 W    1498982488 131072    1.130
08:11:17.105 kworker        294506  nvme1n1 W    1498982744 131072    1.214
08:11:17.105 kworker        294506  nvme1n1 W    1498983000 131072    1.294
08:11:17.105 kworker        294506  nvme1n1 W    1498983256 131072    0.970
08:11:17.105 kworker        294506  nvme1n1 W    1498983512 131072    1.051
08:11:17.105 kworker        294506  nvme1n1 W    1498983768 131072    1.145
08:11:17.105 kworker        294506  nvme1n1 W    1498984024 131072    1.208
08:11:17.105 kworker        294506  nvme1n1 W    1498984280 131072    1.287
08:11:17.105 kworker        294506  nvme1n1 W    1498984536 131072    1.065
08:11:17.105 kworker        294506  nvme1n1 W    1498984792 131072    1.135
08:11:17.105 kworker        294506  nvme1n1 W    1498985048 131072    1.215
08:11:17.105 kworker        294506  nvme1n1 W    1498985304 131072    1.295
08:11:17.106 kworker        294506  nvme1n1 W    1498985560 131072    1.063
08:11:17.106 kworker        294506  nvme1n1 W    1498985816 131072    1.141
08:11:17.106 kworker        294506  nvme1n1 W    1498986072 131072    1.220
08:11:17.106 kworker        294506  nvme1n1 W    1498986328 131072    1.298
08:11:17.106 kworker        294506  nvme1n1 W    1498986584 131072    1.055
08:11:17.106 kworker        294506  nvme1n1 W    1498986840 131072    1.134
08:11:17.106 kworker        294506  nvme1n1 W    1498987096 131072    1.216
08:11:17.106 kworker        294506  nvme1n1 W    1498987352 131072    1.292
08:11:17.106 kworker        294506  nvme1n1 W    1498987608 131072    1.062
08:11:17.106 kworker        294506  nvme1n1 W    1498987864 131072    1.080
08:11:17.106 kworker        294506  nvme1n1 W    1702984184 131072    1.164
08:11:17.106 kworker        294506  nvme1n1 W    1702984440 131072    1.244
08:11:17.107 kworker        294506  nvme1n1 W    1702984696 131072    1.062
08:11:17.107 kworker        294506  nvme1n1 W    1702984952 131072    1.144
08:11:17.107 kworker        294506  nvme1n1 W    1702985208 131072    1.225
08:11:17.107 kworker        294506  nvme1n1 W    1702985464 131072    1.293
08:11:17.107 kworker        294506  nvme1n1 W    1702985720 131072    1.065
08:11:17.107 kworker        294506  nvme1n1 W    1702985976 131072    1.147
08:11:17.107 kworker        294506  nvme1n1 W    1702986232 131072    1.223
08:11:17.107 kworker        294506  nvme1n1 W    1702986488 131072    1.297
08:11:17.107 kworker        294506  nvme1n1 W    1702986744 16384     0.926
08:11:17.107 kworker        294506  nvme1n1 W    1702986776 131072    1.006
08:11:17.107 kworker        294506  nvme1n1 W    1702987032 131072    1.088
08:11:17.107 kworker        294506  nvme1n1 W    1702987288 131072    1.170
08:11:17.107 kworker        294506  nvme1n1 W    1702987544 131072    0.978
08:11:17.108 kworker        294506  nvme1n1 W    1702987800 131072    1.059
08:11:17.108 kworker        294506  nvme1n1 W    1702988056 131072    1.138
08:11:17.108 kworker        294506  nvme1n1 W    1702988312 131072    1.214
08:11:17.108 kworker        294506  nvme1n1 W    1702988568 131072    0.981
08:11:17.108 kworker        294506  nvme1n1 W    1702988824 131072    1.061
08:11:17.108 kworker        294506  nvme1n1 W    1702989080 131072    1.144
08:11:17.108 kworker        294506  nvme1n1 W    1702989336 16384     1.062
08:11:17.108 kworker        294506  nvme1n1 W    1498988120 131072    1.141
08:11:17.108 kworker        294506  nvme1n1 W    1498988376 131072    0.982
08:11:17.108 kworker        294506  nvme1n1 W    1498988632 131072    1.063
08:11:17.108 kworker        294506  nvme1n1 W    1498988888 131072    1.142
08:11:17.108 kworker        294506  nvme1n1 W    1498989144 131072    1.220
08:11:17.108 kworker        294506  nvme1n1 W    1498989400 131072    0.986
08:11:17.108 kworker        294506  nvme1n1 W    1498989656 131072    1.067
08:11:17.109 kworker        294506  nvme1n1 W    1498989912 131072    1.147
08:11:17.109 kworker        294506  nvme1n1 W    1498990168 131072    1.226
08:11:17.109 kworker        294506  nvme1n1 W    1498990424 131072    0.986
08:11:17.109 kworker        294506  nvme1n1 W    1498990680 131072    1.066
08:11:17.109 kworker        294506  nvme1n1 W    1498990936 131072    1.149
08:11:17.109 kworker        294506  nvme1n1 W    1498991192 131072    1.224
08:11:17.109 kworker        294506  nvme1n1 W    1498991448 131072    1.053
08:11:17.109 kworker        294506  nvme1n1 W    1498991704 131072    1.130
08:11:17.109 kworker        294506  nvme1n1 W    1498991960 131072    1.213
08:11:17.109 kworker        294506  nvme1n1 W    1498992216 131072    1.287
08:11:17.109 kworker        294506  nvme1n1 W    1498992472 131072    0.959
08:11:17.109 kworker        294506  nvme1n1 W    1498992728 131072    1.042
08:11:17.110 kworker        294506  nvme1n1 W    1498992984 131072    1.121
08:11:17.110 kworker        294506  nvme1n1 W    1498993240 131072    1.201
08:11:17.110 kworker        294506  nvme1n1 W    1498993496 131072    1.279
08:11:17.110 kworker        294506  nvme1n1 W    1498993752 131072    1.049
08:11:17.110 kworker        294506  nvme1n1 W    1498994008 131072    1.130
08:11:17.110 kworker        294506  nvme1n1 W    1498994264 131072    1.209
08:11:17.110 kworker        294506  nvme1n1 W    1498994520 131072    1.291
08:11:17.110 kworker        294506  nvme1n1 W    1498994776 131072    1.052
08:11:17.110 kworker        294506  nvme1n1 W    1498995032 131072    1.132
08:11:17.110 kworker        294506  nvme1n1 W    1498995288 131072    1.214
08:11:17.110 kworker        294506  nvme1n1 W    1498995544 131072    1.291
08:11:17.110 kworker        294506  nvme1n1 W    1498995800 131072    1.059
08:11:17.111 kworker        294506  nvme1n1 W    1498996056 131072    1.139
08:11:17.111 kworker        294506  nvme1n1 W    1498996312 131072    1.220
08:11:17.111 kworker        294506  nvme1n1 W    1498996568 131072    1.298
08:11:17.111 kworker        294506  nvme1n1 W    1498996824 131072    1.059
08:11:17.111 kworker        294506  nvme1n1 W    1498997080 131072    1.052
08:11:17.111 kworker        294506  nvme1n1 W    1498997336 131072    1.130
08:11:17.111 kworker        294506  nvme1n1 W    1498997592 131072    1.207
08:11:17.111 kworker        294506  nvme1n1 W    1498997848 131072    1.285
08:11:17.111 kworker        294506  nvme1n1 W    1498998104 131072    1.062
08:11:17.111 kworker        294506  nvme1n1 W    1498998360 131072    1.141
08:11:17.111 kworker        294506  nvme1n1 W    1498998616 131072    1.221
08:11:17.111 kworker        294506  nvme1n1 W    1498998872 131072    1.298
08:11:17.112 kworker        294506  nvme1n1 W    1498999128 131072    1.062
08:11:17.112 kworker        294506  nvme1n1 W    1498999384 131072    1.143
08:11:17.112 kworker        294506  nvme1n1 W    1498999640 131072    1.219
08:11:17.112 kworker        294506  nvme1n1 W    1498999896 131072    1.298
08:11:17.112 kworker        294506  nvme1n1 W    1499000152 131072    1.061
08:11:17.112 kworker        294506  nvme1n1 W    1499000408 131072    1.139
08:11:17.112 kworker        294506  nvme1n1 W    1499000664 131072    1.220
08:11:17.112 kworker        294506  nvme1n1 W    1499000920 131072    1.290
08:11:17.112 kworker        294506  nvme1n1 W    1499001176 131072    1.064
08:11:17.112 kworker        294506  nvme1n1 W    1499001432 131072    1.140
08:11:17.112 kworker        294506  nvme1n1 W    1499001688 131072    1.165
08:11:17.112 kworker        294506  nvme1n1 W    1702989368 131072    1.236
08:11:17.113 kworker        294506  nvme1n1 W    1702989624 131072    1.065
08:11:17.113 kworker        294506  nvme1n1 W    1702989880 131072    1.135
08:11:17.113 kworker        294506  nvme1n1 W    1702990136 131072    1.211
08:11:17.113 kworker        294506  nvme1n1 W    1702990392 131072    1.286
08:11:17.113 kworker        294506  nvme1n1 W    1702990648 131072    1.056
08:11:17.113 kworker        294506  nvme1n1 W    1702990904 131072    1.136
08:11:17.113 kworker        294506  nvme1n1 W    1702991160 131072    1.216
08:11:17.113 kworker        294506  nvme1n1 W    1702991416 131072    1.287
08:11:17.113 kworker        294506  nvme1n1 W    1702991672 131072    1.054
08:11:17.113 kworker        294506  nvme1n1 W    1702991928 16384     0.999
08:11:17.113 kworker        294506  nvme1n1 W    1702991960 131072    1.080
08:11:17.113 kworker        294506  nvme1n1 W    1702992216 131072    1.164
08:11:17.113 kworker        294506  nvme1n1 W    1702992472 131072    0.986
08:11:17.113 kworker        294506  nvme1n1 W    1702992728 131072    1.067
08:11:17.114 kworker        294506  nvme1n1 W    1702992984 131072    1.148
08:11:17.114 kworker        294506  nvme1n1 W    1702993240 131072    1.226
08:11:17.114 kworker        294506  nvme1n1 W    1702993496 131072    0.993
08:11:17.114 kworker        294506  nvme1n1 W    1702993752 131072    1.072
08:11:17.114 kworker        294506  nvme1n1 W    1702994008 131072    1.150
08:11:17.114 kworker        294506  nvme1n1 W    1702994264 131072    1.223
08:11:17.114 kworker        294506  nvme1n1 W    1702994520 16384     0.813
08:11:17.114 kworker        294506  nvme1n1 W    1499070464 131072    0.891
08:11:17.114 kworker        294506  nvme1n1 W    1499070720 131072    0.974
08:11:17.114 kworker        294506  nvme1n1 W    1499070976 131072    1.053
08:11:17.114 kworker        294506  nvme1n1 W    1499071232 131072    1.132
08:11:17.114 kworker        294506  nvme1n1 W    1499071488 131072    1.210
08:11:17.114 kworker        294506  nvme1n1 W    1499071744 131072    0.973
08:11:17.115 kworker        294506  nvme1n1 W    1499072000 131072    1.053
08:11:17.115 kworker        294506  nvme1n1 W    1499072256 131072    1.134
08:11:17.115 kworker        294506  nvme1n1 W    1499072512 131072    1.214
08:11:17.115 kworker        294506  nvme1n1 W    1499072768 131072    0.972
08:11:17.115 kworker        294506  nvme1n1 W    1499073024 131072    1.052
08:11:17.115 kworker        294506  nvme1n1 W    1499073280 131072    1.133
08:11:17.115 kworker        294506  nvme1n1 W    1499073536 131072    1.209
08:11:17.115 kworker        294506  nvme1n1 W    1499073792 131072    1.047
08:11:17.115 kworker        294506  nvme1n1 W    1499074048 131072    1.131
08:11:17.115 kworker        294506  nvme1n1 W    1499074304 131072    1.213
08:11:17.115 kworker        294506  nvme1n1 W    1499074560 131072    1.287
08:11:17.115 kworker        294506  nvme1n1 W    1499074816 131072    0.969
08:11:17.116 kworker        294506  nvme1n1 W    1499075072 131072    1.052
08:11:17.116 kworker        294506  nvme1n1 W    1499075328 131072    1.131
08:11:17.116 kworker        294506  nvme1n1 W    1499075584 131072    1.208
08:11:17.116 kworker        294506  nvme1n1 W    1499075840 131072    1.285
08:11:17.116 kworker        294506  nvme1n1 W    1499076096 131072    1.051
08:11:17.116 kworker        294506  nvme1n1 W    1499076352 131072    1.131
08:11:17.116 kworker        294506  nvme1n1 W    1499076608 131072    1.212
08:11:17.116 kworker        294506  nvme1n1 W    1499076864 131072    1.294
08:11:17.116 kworker        294506  nvme1n1 W    1499077120 131072    1.059
08:11:17.116 kworker        294506  nvme1n1 W    1499077376 131072    1.139
08:11:17.116 kworker        294506  nvme1n1 W    1499077632 131072    1.217
08:11:17.116 kworker        294506  nvme1n1 W    1499077888 131072    1.293
08:11:17.117 kworker        294506  nvme1n1 W    1499078144 131072    1.054
08:11:17.117 kworker        294506  nvme1n1 W    1499078400 131072    1.134
08:11:17.117 kworker        294506  nvme1n1 W    1499078656 131072    1.212
08:11:17.117 kworker        294506  nvme1n1 W    1499078912 131072    1.291
08:11:17.117 kworker        294506  nvme1n1 W    1499079168 131072    1.055
08:11:17.117 kworker        294506  nvme1n1 W    1499079424 131072    1.063
08:11:17.117 kworker        294506  nvme1n1 W    1736192512 131072    1.140
08:11:17.117 kworker        294506  nvme1n1 W    1736192768 131072    1.220
08:11:17.117 kworker        294506  nvme1n1 W    1736193024 131072    1.298
08:11:17.117 kworker        294506  nvme1n1 W    1736193280 131072    1.048
08:11:17.117 kworker        294506  nvme1n1 W    1736193536 131072    1.129
08:11:17.117 kworker        294506  nvme1n1 W    1736193792 131072    1.210
08:11:17.117 kworker        294506  nvme1n1 W    1736194048 131072    1.280
08:11:17.118 kworker        294506  nvme1n1 W    1736194304 131072    1.052
08:11:17.118 kworker        294506  nvme1n1 W    1736194560 131072    1.131
08:11:17.118 kworker        294506  nvme1n1 W    1736194816 131072    1.212
08:11:17.118 kworker        294506  nvme1n1 W    1736195072 131072    1.287
08:11:17.118 kworker        294506  nvme1n1 W    1736195328 131072    1.055
08:11:17.118 kworker        294506  nvme1n1 W    1736195584 131072    1.139
08:11:17.118 kworker        294506  nvme1n1 W    1736195840 28672     1.059
08:11:17.118 kworker        294506  nvme1n1 W    1499079680 131072    1.137
08:11:17.118 kworker        294506  nvme1n1 W    1499079936 131072    1.215
08:11:17.118 kworker        294506  nvme1n1 W    1499080192 131072    0.994
08:11:17.118 kworker        294506  nvme1n1 W    1499080448 131072    1.076
08:11:17.118 kworker        294506  nvme1n1 W    1499080704 131072    1.157
08:11:17.118 kworker        294506  nvme1n1 W    1499080960 131072    1.230
08:11:17.119 kworker        294506  nvme1n1 W    1499081216 131072    0.997
08:11:17.119 kworker        294506  nvme1n1 W    1499081472 131072    1.080
08:11:17.119 kworker        294506  nvme1n1 W    1499081728 131072    1.167
08:11:17.119 kworker        294506  nvme1n1 W    1499081984 131072    1.242
08:11:17.119 kworker        294506  nvme1n1 W    1499082240 131072    1.002
08:11:17.119 kworker        294506  nvme1n1 W    1499082496 131072    1.083
08:11:17.119 kworker        294506  nvme1n1 W    1499082752 131072    1.164
08:11:17.119 kworker        294506  nvme1n1 W    1499083008 131072    1.240
08:11:17.119 kworker        294506  nvme1n1 W    1499083264 131072    1.068
08:11:17.119 kworker        294506  nvme1n1 W    1499083520 131072    1.148
08:11:17.119 kworker        294506  nvme1n1 W    1499083776 131072    1.228
08:11:17.119 kworker        294506  nvme1n1 W    1499084032 131072    1.225
08:11:17.120 kworker        294506  nvme1n1 W    1499084288 131072    1.299
08:11:17.120 kworker        294506  nvme1n1 W    1499084544 131072    1.062
08:11:17.120 kworker        294506  nvme1n1 W    1499084800 131072    1.144
08:11:17.120 kworker        294506  nvme1n1 W    1499085056 131072    1.222
08:11:17.120 kworker        294506  nvme1n1 W    1499085312 131072    1.296
08:11:17.120 kworker        294506  nvme1n1 W    1499085568 131072    1.054
08:11:17.120 kworker        294506  nvme1n1 W    1499085824 131072    1.136
08:11:17.120 kworker        294506  nvme1n1 W    1499086080 131072    1.216
08:11:17.120 kworker        294506  nvme1n1 W    1499086336 131072    1.294
08:11:17.120 kworker        294506  nvme1n1 W    1499086592 131072    1.054
08:11:17.120 kworker        294506  nvme1n1 W    1499086848 131072    1.129
08:11:17.120 kworker        294506  nvme1n1 W    1499087104 131072    1.208
08:11:17.121 kworker        294506  nvme1n1 W    1499087360 131072    1.286
08:11:17.121 kworker        294506  nvme1n1 W    1499087616 131072    1.058
08:11:17.121 kworker        294506  nvme1n1 W    1499087872 131072    1.137
08:11:17.121 kworker        294506  nvme1n1 W    1499088128 131072    1.216
08:11:17.121 kworker        294506  nvme1n1 W    1499088384 131072    1.296
08:11:17.121 kworker        294506  nvme1n1 W    1499088640 131072    0.957
08:11:17.121 kworker        294506  nvme1n1 W    1499088896 131072    1.038
08:11:17.121 kworker        294506  nvme1n1 W    1499089152 131072    1.120
08:11:17.121 kworker        294506  nvme1n1 W    1499089408 131072    1.202
08:11:17.121 kworker        294506  nvme1n1 W    1499089664 131072    1.281
08:11:17.121 kworker        294506  nvme1n1 W    1499089920 131072    1.063
08:11:17.121 kworker        294506  nvme1n1 W    1499090176 131072    1.144
08:11:17.122 kworker        294506  nvme1n1 W    1499090432 131072    1.225
08:11:17.122 kworker        294506  nvme1n1 W    1499090688 131072    1.307
08:11:17.122 kworker        294506  nvme1n1 W    1499090944 131072    1.068
08:11:17.122 kworker        294506  nvme1n1 W    1499091200 131072    1.148
08:11:17.122 kworker        294506  nvme1n1 W    1499091456 131072    1.226
08:11:17.122 kworker        294506  nvme1n1 W    1499091712 131072    1.300
08:11:17.122 kworker        294506  nvme1n1 W    1499091968 131072    1.058
08:11:17.122 kworker        294506  nvme1n1 W    1499092224 131072    1.139
08:11:17.122 kworker        294506  nvme1n1 W    1499092480 131072    1.215
08:11:17.122 kworker        294506  nvme1n1 W    1499092736 131072    1.289
08:11:17.122 kworker        294506  nvme1n1 W    1499092992 131072    1.058
08:11:17.122 kworker        294506  nvme1n1 W    1499093248 131072    1.071
08:11:17.123 kworker        294506  nvme1n1 W    1739286296 131072    1.152
08:11:17.123 kworker        294506  nvme1n1 W    1739286552 131072    1.224
08:11:17.123 kworker        294506  nvme1n1 W    1739286808 131072    1.055
08:11:17.123 kworker        294506  nvme1n1 W    1739287064 131072    1.137
08:11:17.123 kworker        294506  nvme1n1 W    1739287320 131072    1.214
08:11:17.123 kworker        294506  nvme1n1 W    1739287576 131072    1.285
08:11:17.123 kworker        294506  nvme1n1 W    1739287832 131072    1.056
08:11:17.123 kworker        294506  nvme1n1 W    1739288088 131072    1.138
08:11:17.123 kworker        294506  nvme1n1 W    1739288344 131072    1.220
08:11:17.123 kworker        294506  nvme1n1 W    1739288600 131072    1.287
08:11:17.123 kworker        294506  nvme1n1 W    1739288856 131072    1.060
08:11:17.123 kworker        294506  nvme1n1 W    1739289112 131072    1.140
08:11:17.123 kworker        294506  nvme1n1 W    1739289368 131072    1.217
08:11:17.124 kworker        294506  nvme1n1 W    1739289624 28672     1.138
08:11:17.124 kworker        294506  nvme1n1 W    1499093504 131072    1.217
08:11:17.124 kworker        294506  nvme1n1 W    1499093760 131072    0.982
08:11:17.124 kworker        294506  nvme1n1 W    1499094016 131072    1.060
08:11:17.124 kworker        294506  nvme1n1 W    1499094272 131072    1.139
08:11:17.124 kworker        294506  nvme1n1 W    1499094528 131072    1.211
08:11:17.124 kworker        294506  nvme1n1 W    1499094784 131072    0.990
08:11:17.124 kworker        294506  nvme1n1 W    1499095040 131072    1.125
08:11:17.124 kworker        294506  nvme1n1 W    1499095296 131072    1.255
08:11:17.124 kworker        294506  nvme1n1 W    1499095552 131072    1.376
08:11:17.125 kworker        294506  nvme1n1 W    1499095808 131072    1.190
08:11:17.125 kworker        294506  nvme1n1 W    1499096064 131072    1.327
08:11:17.125 kworker        294506  nvme1n1 W    1499096320 131072    1.453
08:11:17.125 kworker        294506  nvme1n1 W    1499096576 131072    1.542
08:11:17.125 kworker        294506  nvme1n1 W    1499096832 131072    1.372
08:11:17.125 kworker        294506  nvme1n1 W    1499097088 131072    1.452
08:11:17.125 kworker        294506  nvme1n1 W    1499097344 131072    1.540
08:11:17.125 kworker        294506  nvme1n1 W    1499097600 131072    1.615
08:11:17.125 kworker        294506  nvme1n1 W    1499097856 131072    1.342
08:11:17.125 kworker        294506  nvme1n1 W    1739289680 131072    1.476
08:11:17.126 kworker        294506  nvme1n1 W    1739289936 131072    1.610
08:11:17.126 kworker        294506  nvme1n1 W    1739290192 131072    1.740
08:11:17.126 kworker        294506  nvme1n1 W    1739290448 131072    1.864
08:11:17.126 kworker        294506  nvme1n1 W    1739290704 131072    1.466
08:11:17.126 kworker        294506  nvme1n1 W    1739290960 131072    1.562
08:11:17.126 kworker        294506  nvme1n1 W    1739291216 131072    1.637
08:11:17.126 kworker        294506  nvme1n1 W    1739291472 131072    1.714
08:11:17.126 kworker        294506  nvme1n1 W    1739291728 131072    1.369
08:11:17.126 kworker        294506  nvme1n1 W    1739291984 131072    1.449
08:11:17.126 kworker        294506  nvme1n1 W    1739292240 131072    1.530
08:11:17.127 kworker        294506  nvme1n1 W    1739292496 131072    1.610
08:11:17.127 kworker        294506  nvme1n1 W    1739292752 131072    1.321
08:11:17.127 kworker        294506  nvme1n1 W    1739293008 28672     1.254
08:11:17.127 kworker        294506  nvme1n1 W    1499098112 131072    1.336
08:11:17.127 kworker        294506  nvme1n1 W    1499098368 131072    1.418
08:11:17.127 kworker        294506  nvme1n1 W    1499098624 131072    1.050
08:11:17.127 kworker        294506  nvme1n1 W    1499098880 131072    1.129
08:11:17.127 kworker        294506  nvme1n1 W    1499099136 131072    1.210
08:11:17.127 kworker        294506  nvme1n1 W    1499099392 131072    1.288
08:11:17.127 kworker        294506  nvme1n1 W    1499099648 131072    1.002
08:11:17.127 kworker        294506  nvme1n1 W    1499099904 131072    1.090
08:11:17.127 kworker        294506  nvme1n1 W    1499100160 131072    1.157
08:11:17.128 kworker        294506  nvme1n1 W    1499100416 131072    1.240
08:11:17.128 kworker        294506  nvme1n1 W    1499100672 131072    1.001
08:11:17.128 kworker        294506  nvme1n1 W    1499100928 131072    1.081
08:11:17.128 kworker        294506  nvme1n1 W    1499101184 131072    1.159
08:11:17.128 kworker        294506  nvme1n1 W    1499101440 131072    1.237
08:11:17.128 kworker        294506  nvme1n1 W    1499101696 131072    1.059
08:11:17.128 kworker        294506  nvme1n1 W    1499101952 131072    1.139
08:11:17.128 kworker        294506  nvme1n1 W    1499102208 131072    1.223
08:11:17.128 kworker        294506  nvme1n1 W    1499102464 131072    1.238
08:11:17.128 kworker        294506  nvme1n1 W    1739354624 131072    1.067
08:11:17.128 kworker        294506  nvme1n1 W    1739354880 131072    1.148
08:11:17.128 kworker        294506  nvme1n1 W    1739355136 131072    1.230
08:11:17.128 kworker        294506  nvme1n1 W    1739355392 131072    1.308
08:11:17.129 kworker        294506  nvme1n1 W    1739355648 131072    1.065
08:11:17.129 kworker        294506  nvme1n1 W    1739355904 131072    1.147
08:11:17.129 kworker        294506  nvme1n1 W    1739356160 131072    1.227
08:11:17.129 kworker        294506  nvme1n1 W    1739356416 131072    1.304
08:11:17.129 kworker        294506  nvme1n1 W    1739356672 131072    1.066
08:11:17.129 kworker        294506  nvme1n1 W    1739356928 131072    1.147
08:11:17.129 kworker        294506  nvme1n1 W    1739357184 131072    1.229
08:11:17.129 kworker        294506  nvme1n1 W    1739357440 131072    1.303
08:11:17.129 kworker        294506  nvme1n1 W    1739357696 131072    1.062
08:11:17.129 kworker        294506  nvme1n1 W    1739357952 28672     0.987
08:11:17.129 kworker        294506  nvme1n1 W    1499102720 131072    1.062
08:11:17.129 kworker        294506  nvme1n1 W    1499102976 131072    1.144
08:11:17.129 kworker        294506  nvme1n1 W    1499103232 131072    1.224
08:11:17.130 kworker        294506  nvme1n1 W    1499103488 131072    0.997
08:11:17.130 kworker        294506  nvme1n1 W    1499103744 131072    1.081
08:11:17.130 kworker        294506  nvme1n1 W    1499104000 131072    1.162
08:11:17.130 kworker        294506  nvme1n1 W    1499104256 131072    1.247
08:11:17.130 kworker        294506  nvme1n1 W    1499104512 131072    1.007
08:11:17.130 kworker        294506  nvme1n1 W    1499104768 131072    1.083
08:11:17.130 kworker        294506  nvme1n1 W    1499105024 131072    1.161
08:11:17.130 kworker        294506  nvme1n1 W    1499105280 131072    1.240
08:11:17.130 kworker        294506  nvme1n1 W    1499105536 131072    0.994
08:11:17.130 kworker        294506  nvme1n1 W    1499105792 131072    1.069
08:11:17.130 kworker        294506  nvme1n1 W    1499106048 131072    1.147
08:11:17.130 kworker        294506  nvme1n1 W    1499106304 131072    1.226
08:11:17.131 kworker        294506  nvme1n1 W    1499106560 131072    1.050
08:11:17.131 kworker        294506  nvme1n1 W    1499106816 131072    1.130
08:11:17.131 kworker        294506  nvme1n1 W    1744453488 4096      1.127
08:11:17.131 kworker        294506  nvme1n1 W    1499107072 131072    1.205
08:11:17.131 dockerd        1436    nvme1n1 WM   272        4096      1.037
08:11:17.131 dockerd        1436    nvme1n1 WM   440        4096      1.041
08:11:17.131 dockerd        1436    nvme1n1 WM   712        4096      1.042
08:11:17.131 dockerd        1436    nvme1n1 WM   461373728  4096      1.042
08:11:17.131 dockerd        1436    nvme1n1 WM   557842560  4096      1.050
08:11:17.131 dockerd        1436    nvme1n1 WM   557842688  4096      1.056
08:11:17.131 dockerd        1436    nvme1n1 WM   557842720  4096      1.057
08:11:17.131 dockerd        1436    nvme1n1 WM   557843368  4096      1.057
08:11:17.131 dockerd        1436    nvme1n1 WM   836230192  4096      1.057
08:11:17.131 dockerd        1436    nvme1n1 WM   905969792  4096      1.062
08:11:17.131 dockerd        1436    nvme1n1 WM   905969920  4096      1.064
08:11:17.131 dockerd        1436    nvme1n1 WM   1484783632 4096      1.065
08:11:17.131 dockerd        1436    nvme1n1 WM   1484789216 4096      1.067
08:11:17.131 dockerd        1436    nvme1n1 WM   1530920960 4096      1.068
08:11:17.131 dockerd        1436    nvme1n1 WM   1547698200 4096      1.068
08:11:17.131 dockerd        1436    nvme1n1 WM   1552177952 4096      1.070
08:11:17.131 dockerd        1436    nvme1n1 WM   557843424  12288     1.077
08:11:17.131 jbd2/nv        752     nvme1n1 WSM  877303784  131072    1.104
08:11:17.131 jbd2/nv        752     nvme1n1 WSM  877304040  57344     1.119
08:11:17.131 dockerd        1436    nvme1n1 WM   1552178144 4096      0.097
08:11:17.131 dockerd        1436    nvme1n1 WM   1552178168 4096      0.098
08:11:17.131 dockerd        1436    nvme1n1 WM   1552178432 4096      0.099
08:11:17.131 dockerd        1436    nvme1n1 WM   1552179752 4096      0.099
08:11:17.131 dockerd        1436    nvme1n1 WM   1552180448 8192      0.104
08:11:17.131 dockerd        1436    nvme1n1 WM   1552180672 8192      0.105
08:11:17.131 dockerd        1436    nvme1n1 WM   1560546160 4096      0.122
08:11:17.131 dockerd        1436    nvme1n1 WM   1560549064 4096      0.123
08:11:17.131 dockerd        1436    nvme1n1 WM   1560583640 4096      0.123
08:11:17.131 dockerd        1436    nvme1n1 WM   1560583672 4096      0.124
08:11:17.131 dockerd        1436    nvme1n1 WM   1560583688 4096      0.128
08:11:17.131 dockerd        1436    nvme1n1 WM   1560583704 4096      0.129
08:11:17.131 dockerd        1436    nvme1n1 WM   1560661976 4096      0.143
08:11:17.131 dockerd        1436    nvme1n1 WM   1560764408 4096      0.143
08:11:17.131 dockerd        1436    nvme1n1 WM   1560835824 4096      0.144
08:11:17.131 dockerd        1436    nvme1n1 WM   1568673472 8192      0.144
08:11:17.131 dockerd        1436    nvme1n1 WM   1728053272 4096      0.151
08:11:17.131 dockerd        1436    nvme1n1 WM   1737037968 8192      0.151
08:11:17.131 dockerd        1436    nvme1n1 WM   1737039352 4096      0.152
08:11:17.131 dockerd        1436    nvme1n1 WM   1740636272 4096      0.156
08:11:17.131 dockerd        1436    nvme1n1 WM   1753219128 4096      0.157
08:11:17.131 dockerd        1436    nvme1n1 WM   1753219192 4096      0.158
08:11:17.131 dockerd        1436    nvme1n1 WM   1728053320 12288     0.166
08:11:17.131 jbd2/nv        752     nvme1n1 WSM  877304152  4096      0.098
08:11:17.131 kworker        329458  nvme1n1 WS   1174922176 4096      0.143
08:11:17.131 kworker        329458  nvme1n1 WS   1174922240 4096      0.085
08:11:17.131 kworker        329458  nvme1n1 WS   1174922216 4096      0.085
08:11:17.131 kworker        329458  nvme1n1 WS   1553590416 40960     0.105
08:11:17.131 kworker        329458  nvme1n1 WS   1553590496 40960     0.129
08:11:17.131 kworker        329458  nvme1n1 WS   1553590576 32768     0.150
08:11:17.131 jbd2/nv        752     nvme1n1 WSM  877304160  20480     0.043
08:11:17.131 jbd2/nv        752     nvme1n1 WSM  877304200  4096      0.026
08:11:17.131 dockerd        1436    nvme1n1 WSM  0          4096      0.087
08:11:17.131 dockerd        1436    nvme1n1 WSM  224        4096      0.093
08:11:17.131 dockerd        1436    nvme1n1 WSM  568        4096      0.100
08:11:17.131 dockerd        1436    nvme1n1 WSM  816        4096      0.101
08:11:17.131 dockerd        1436    nvme1n1 WSM  832        8192      0.107
08:11:17.131 dockerd        1436    nvme1n1 WSM  461373568  4096      0.108
08:11:17.131 dockerd        1436    nvme1n1 WSM  461373696  4096      0.114
08:11:17.131 dockerd        1436    nvme1n1 WSM  461374248  4096      0.114
08:11:17.131 dockerd        1436    nvme1n1 WSM  1174405128 4096      0.116
08:11:17.131 dockerd        1436    nvme1n1 WSM  1493172480 4096      0.120
08:11:17.131 dockerd        1436    nvme1n1 WSM  1493172504 4096      0.123
08:11:17.131 dockerd        1436    nvme1n1 WSM  1497366576 4096      0.128
08:11:17.131 dockerd        1436    nvme1n1 WSM  1505755144 4096      0.133
08:11:17.131 dockerd        1436    nvme1n1 WSM  1522532416 4096      0.134
08:11:17.131 dockerd        1436    nvme1n1 WSM  1530921112 4096      0.138
08:11:17.131 dockerd        1436    nvme1n1 WSM  1530935856 4096      0.142
08:11:17.131 dockerd        1436    nvme1n1 WSM  1547698280 4096      0.146
08:11:17.131 dockerd        1436    nvme1n1 WSM  1551892488 4096      0.150
08:11:17.131 dockerd        1436    nvme1n1 WSM  1551892528 4096      0.156
08:11:17.131 dockerd        1436    nvme1n1 WSM  1552177456 4096      0.156
08:11:17.132 dockerd        1436    nvme1n1 WSM  1702887424 4096      0.166
08:11:17.132 dockerd        1436    nvme1n1 WSM  1707081736 4096      0.177
08:11:17.132 dockerd        1436    nvme1n1 WSM  1707383280 4096      0.178
08:11:17.132 dockerd        1436    nvme1n1 WSM  1732247672 4096      0.178
08:11:17.132 dockerd        1436    nvme1n1 WSM  1736441872 4096      0.183
08:11:17.132 dockerd        1436    nvme1n1 WSM  1736441936 8192      0.188
08:11:17.132 dockerd        1436    nvme1n1 WSM  1740636256 4096      0.192
08:11:17.132 dockerd        1436    nvme1n1 WSM  1753219144 4096      0.197
08:11:17.132 dockerd        1436    nvme1n1 WSM  720        16384     0.227
08:11:17.132 dockerd        1436    nvme1n1 WSM  557843376  24576     0.250
08:11:17.132 dockerd        1436    nvme1n1 WSM  905970184  16384     0.266
08:11:17.132 dockerd        1436    nvme1n1 WS   1731148808 4096      0.035
08:11:17.133 jbd2/nv        752     nvme1n1 WSM  877304208  57344     0.072
08:11:17.133 jbd2/nv        752     nvme1n1 WSM  877304320  4096      0.028
08:11:17.133 dockerd        1436    nvme1n1 WS   1731148816 4096      0.029
08:11:17.133 jbd2/nv        752     nvme1n1 WSM  877304328  36864     0.055
08:11:17.133 jbd2/nv        752     nvme1n1 WSM  877304400  4096      0.028
08:11:17.133 dockerd        1436    nvme1n1 WS   1731148824 4096      0.029
08:11:17.133 jbd2/nv        752     nvme1n1 WSM  877304408  40960     0.064
08:11:17.133 jbd2/nv        752     nvme1n1 WSM  877304488  4096      0.027
08:11:17.133 dockerd        1436    nvme1n1 WS   1731148832 4096      0.029
08:11:17.134 jbd2/nv        752     nvme1n1 WSM  877304496  32768     0.054
08:11:17.134 jbd2/nv        752     nvme1n1 WSM  877304560  4096      0.028
08:11:17.134 contain        1195    nvme1n1 WS   1730873528 4096      0.050
08:11:17.134 contain        1195    nvme1n1 WS   1730873720 8192      0.057
08:11:17.134 contain        1195    nvme1n1 WS   1730873760 4096      0.058
08:11:17.134 contain        1195    nvme1n1 WS   1730873776 4096      0.063
08:11:17.134 contain        1195    nvme1n1 WS   1429520    4096      0.027
08:11:17.140 contain        1195    nvme1n1 WS   1725799912 4096      0.046
08:11:17.140 contain        1195    nvme1n1 WS   1730873248 4096      0.055
08:11:17.140 contain        1195    nvme1n1 WS   1730873536 4096      0.060
08:11:17.140 contain        1195    nvme1n1 WS   1730873808 8192      0.061
08:11:17.140 contain        1195    nvme1n1 WS   1730873856 4096      0.062
08:11:17.140 contain        1195    nvme1n1 WS   1429528    4096      0.026
08:11:17.140 contain        1195    nvme1n1 WS   311201752  4096      0.049
08:11:17.140 contain        1195    nvme1n1 WS   1725789864 4096      0.056
08:11:17.140 contain        1195    nvme1n1 WS   1725789904 4096      0.057
08:11:17.140 contain        1195    nvme1n1 WS   1725789960 4096      0.061
08:11:17.140 contain        1195    nvme1n1 WS   1725789976 12288     0.061
08:11:17.141 contain        1195    nvme1n1 WS   1707371880 4096      0.026
08:11:17.141 contain        1195    nvme1n1 WS   1725789896 4096      0.042
08:11:17.141 contain        1195    nvme1n1 WS   1725789968 4096      0.041
08:11:17.141 contain        1195    nvme1n1 WS   1725790000 4096      0.044
08:11:17.141 contain        1195    nvme1n1 WS   1725789920 16384     0.054
08:11:17.141 contain        1195    nvme1n1 WS   1707371888 4096      0.028
08:11:17.141 contain        1195    nvme1n1 WS   311201752  4096      0.032
08:11:17.141 contain        1195    nvme1n1 WS   1707371880 4096      0.026
08:11:17.708 nvme           344862  Unknown N    -1         512       0.032
08:11:17.836 contain        1195    nvme1n1 WS   1730873728 4096      0.068
08:11:17.836 contain        1195    nvme1n1 WS   1730873760 4096      0.075
08:11:17.836 contain        1195    nvme1n1 WS   1730873776 4096      0.076
08:11:17.836 contain        1195    nvme1n1 WS   1730873824 8192      0.076
08:11:17.836 contain        1195    nvme1n1 WS   1429520    4096      0.029
08:11:17.836 contain        1195    nvme1n1 WS   1730873320 4096      0.045
08:11:17.836 contain        1195    nvme1n1 WS   1730873720 4096      0.051
08:11:17.836 contain        1195    nvme1n1 WS   1730873808 8192      0.052
08:11:17.836 contain        1195    nvme1n1 WS   1730873840 4096      0.056
08:11:17.836 contain        1195    nvme1n1 WS   1429528    4096      0.027
08:11:17.837 contain        1195    nvme1n1 WS   1725789864 4096      0.045
08:11:17.837 contain        1195    nvme1n1 WS   1725789912 4096      0.049
08:11:17.837 contain        1195    nvme1n1 WS   1725789960 4096      0.050
08:11:17.837 contain        1195    nvme1n1 WS   1725789976 16384     0.054
08:11:17.837 contain        1195    nvme1n1 WS   1707371888 4096      0.029
08:11:17.837 contain        1195    nvme1n1 WS   1730873248 4096      0.042
08:11:17.837 contain        1195    nvme1n1 WS   1730873536 4096      0.047
08:11:17.837 contain        1195    nvme1n1 WS   1730873776 4096      0.051
08:11:17.837 contain        1195    nvme1n1 WS   1730873824 8192      0.052
08:11:17.837 contain        1195    nvme1n1 WS   1730873848 36864     0.070
08:11:17.837 contain        1195    nvme1n1 WS   1429520    4096      0.026
08:11:17.838 kworker        329458  nvme1n1 W    1553590488 4096      0.061
08:11:17.838 kworker        329458  nvme1n1 W    1553590632 4096      0.064
08:11:17.838 kworker        329458  nvme1n1 W    1553590568 4096      0.064
08:11:17.838 kworker        329458  nvme1n1 W    1485490080 8192      0.078
08:11:17.838 kworker        329458  nvme1n1 W    1755655776 4096      0.081
08:11:17.838 kworker        329458  nvme1n1 W    1729863672 4096      0.085
08:11:17.838 kworker        329458  nvme1n1 W    1740382184 4096      0.085
08:11:17.838 kworker        329458  nvme1n1 W    1757812224 12288     0.093
08:11:17.838 kworker        329458  nvme1n1 W    1485490056 12288     0.093
08:11:17.838 dockerd        1436    nvme1n1 WM   461373704  4096      0.056
08:11:17.838 dockerd        1436    nvme1n1 WM   1707589104 4096      0.059
08:11:17.838 dockerd        1436    nvme1n1 WM   1736441872 4096      0.059
08:11:17.839 jbd2/nv        752     nvme1n1 WSM  877304568  131072    0.141
08:11:17.839 jbd2/nv        752     nvme1n1 WSM  877304824  57344     0.149
08:11:17.839 kworker        294506  nvme1n1 WS   1757812240 4096      0.033
08:11:17.839 jbd2/nv        752     nvme1n1 WSM  877304936  4096      0.031
08:11:17.839 jbd2/nv        752     nvme1n1 WSM  877304944  16384     0.040
08:11:17.839 jbd2/nv        752     nvme1n1 WSM  877304976  4096      0.027
08:11:17.839 dockerd        1436    nvme1n1 WSM  0          4096      0.104
08:11:17.839 dockerd        1436    nvme1n1 WSM  224        4096      0.105
08:11:17.839 dockerd        1436    nvme1n1 WSM  408        4096      0.110
08:11:17.839 dockerd        1436    nvme1n1 WSM  712        4096      0.111
08:11:17.839 dockerd        1436    nvme1n1 WSM  728        4096      0.111
08:11:17.839 dockerd        1436    nvme1n1 WSM  744        8192      0.116
08:11:17.839 dockerd        1436    nvme1n1 WSM  461373568  4096      0.116
08:11:17.839 dockerd        1436    nvme1n1 WSM  461373696  4096      0.129
08:11:17.839 dockerd        1436    nvme1n1 WSM  461374248  4096      0.130
08:11:17.839 dockerd        1436    nvme1n1 WSM  557842720  4096      0.134
08:11:17.839 dockerd        1436    nvme1n1 WSM  557842768  4096      0.137
08:11:17.839 dockerd        1436    nvme1n1 WSM  557843408  4096      0.139
08:11:17.839 dockerd        1436    nvme1n1 WSM  843055128  4096      0.143
08:11:17.839 dockerd        1436    nvme1n1 WSM  1484783632 4096      0.145
08:11:17.839 dockerd        1436    nvme1n1 WSM  1493172480 8192      0.149
08:11:17.839 dockerd        1436    nvme1n1 WSM  1522532416 4096      0.150
08:11:17.839 dockerd        1436    nvme1n1 WSM  1547698280 4096      0.150
08:11:17.839 dockerd        1436    nvme1n1 WSM  1551892488 4096      0.156
08:11:17.839 dockerd        1436    nvme1n1 WSM  1551892528 4096      0.156
08:11:17.839 dockerd        1436    nvme1n1 WSM  1552175528 4096      0.160
08:11:17.839 dockerd        1436    nvme1n1 WSM  1568669824 4096      0.164
08:11:17.839 dockerd        1436    nvme1n1 WSM  1705582584 4096      0.165
08:11:17.839 dockerd        1436    nvme1n1 WSM  1705656312 4096      0.165
08:11:17.839 dockerd        1436    nvme1n1 WSM  1711276104 4096      0.169
08:11:17.839 dockerd        1436    nvme1n1 WSM  1715470456 4096      0.171
08:11:17.839 dockerd        1436    nvme1n1 WSM  1719470936 4096      0.172
08:11:17.839 dockerd        1436    nvme1n1 WSM  1719470992 8192      0.174
08:11:17.839 dockerd        1436    nvme1n1 WSM  1719471072 8192      0.178
08:11:17.839 dockerd        1436    nvme1n1 WSM  1719471152 8192      0.182
08:11:17.839 dockerd        1436    nvme1n1 WSM  824        12288     0.203
08:11:17.839 dockerd        1436    nvme1n1 WSM  1568673464 12288     0.200
08:11:17.839 dockerd        1436    nvme1n1 WSM  1719471760 4096      0.038
08:11:17.839 dockerd        1436    nvme1n1 WSM  1728053336 4096      0.041
08:11:17.839 dockerd        1436    nvme1n1 WSM  1736441976 4096      0.045
08:11:17.839 dockerd        1436    nvme1n1 WSM  1757413384 4096      0.046
08:11:17.840 contain        1195    nvme1n1 WS   311201752  4096      0.048
08:11:17.840 contain        1195    nvme1n1 WS   1725789896 4096      0.056
08:11:17.840 contain        1195    nvme1n1 WS   1725789968 4096      0.056
08:11:17.840 contain        1195    nvme1n1 WS   1725789920 16384     0.064
08:11:17.840 contain        1195    nvme1n1 WS   1707371880 4096      0.027
08:11:17.840 contain        1195    nvme1n1 WS   1551466752 4096      0.060
08:11:17.840 contain        1195    nvme1n1 WS   1730873280 4096      0.064
08:11:17.840 contain        1195    nvme1n1 WS   1730873320 4096      0.074
08:11:17.840 contain        1195    nvme1n1 WS   1730873640 4096      0.077
08:11:17.840 contain        1195    nvme1n1 WS   1730873688 4096      0.079
08:11:17.840 contain        1195    nvme1n1 WS   1730873720 8192      0.085
08:11:17.840 contain        1195    nvme1n1 WS   1730873760 8192      0.094
08:11:17.840 contain        1195    nvme1n1 WS   1730873808 8192      0.096
08:11:17.840 contain        1195    nvme1n1 WS   1730873840 4096      0.098
08:11:17.840 contain        1195    nvme1n1 WS   1730873920 8192      0.103
08:11:17.840 contain        1195    nvme1n1 WS   1429528    4096      0.029
08:11:17.840 contain        1195    nvme1n1 WS   1730873248 4096      0.048
08:11:17.840 contain        1195    nvme1n1 WS   1730873536 4096      0.054
08:11:17.840 contain        1195    nvme1n1 WS   1730873776 4096      0.056
08:11:17.840 contain        1195    nvme1n1 WS   1730873824 8192      0.056
08:11:17.841 contain        1195    nvme1n1 WS   1429520    4096      0.027
08:11:17.841 contain        1195    nvme1n1 WS   1725789864 4096      0.045
08:11:17.841 contain        1195    nvme1n1 WS   1725789912 4096      0.051
08:11:17.841 contain        1195    nvme1n1 WS   1725789960 4096      0.053
08:11:17.841 contain        1195    nvme1n1 WS   1725789976 16384     0.060
08:11:17.841 contain        1195    nvme1n1 WS   1707371888 4096      0.029
08:11:17.841 contain        1195    nvme1n1 WS   1730873720 8192      0.036
08:11:17.841 contain        1195    nvme1n1 WS   1730873840 36864     0.057
08:11:17.841 contain        1195    nvme1n1 WS   1429528    4096      0.027
08:11:17.842 kworker        294506  nvme1n1 W    1757812240 8192      0.034
08:11:17.842 jbd2/nv        752     nvme1n1 WSM  877304984  126976    0.137
08:11:17.842 jbd2/nv        752     nvme1n1 WSM  877305232  4096      0.029
08:11:17.842 jbd2/nv        752     nvme1n1 WSM  877305240  8192      0.031
08:11:17.842 jbd2/nv        752     nvme1n1 WSM  877305256  4096      0.028
08:11:17.842 dockerd        1436    nvme1n1 WSM  0          4096      0.092
08:11:17.842 dockerd        1436    nvme1n1 WSM  224        4096      0.099
08:11:17.842 dockerd        1436    nvme1n1 WSM  744        8192      0.104
08:11:17.842 dockerd        1436    nvme1n1 WSM  824        4096      0.106
08:11:17.842 dockerd        1436    nvme1n1 WSM  840        4096      0.107
08:11:17.842 dockerd        1436    nvme1n1 WSM  461373568  4096      0.107
08:11:17.842 dockerd        1436    nvme1n1 WSM  461373696  8192      0.108
08:11:17.842 dockerd        1436    nvme1n1 WSM  461374248  4096      0.110
08:11:17.842 dockerd        1436    nvme1n1 WSM  557843408  4096      0.114
08:11:17.842 dockerd        1436    nvme1n1 WSM  1493172480 8192      0.120
08:11:17.842 dockerd        1436    nvme1n1 WSM  1551892488 4096      0.121
08:11:17.843 dockerd        1436    nvme1n1 WSM  1552177456 4096      0.125
08:11:17.843 dockerd        1436    nvme1n1 WSM  1568669824 4096      0.125
08:11:17.843 dockerd        1436    nvme1n1 WSM  1568673464 8192      0.132
08:11:17.843 dockerd        1436    nvme1n1 WSM  1705582584 4096      0.133
08:11:17.843 dockerd        1436    nvme1n1 WSM  1705656312 4096      0.140
08:11:17.843 dockerd        1436    nvme1n1 WSM  1707589104 4096      0.142
08:11:17.843 dockerd        1436    nvme1n1 WSM  1711276104 4096      0.144
08:11:17.843 dockerd        1436    nvme1n1 WSM  1713823856 8192      0.148
08:11:17.843 dockerd        1436    nvme1n1 WSM  1715470456 4096      0.149
08:11:17.843 dockerd        1436    nvme1n1 WSM  1719470928 4096      0.152
08:11:17.843 dockerd        1436    nvme1n1 WSM  1757413384 4096      0.152
08:11:17.843 dockerd        1436    nvme1n1 WSM  1713823904 12288     0.158
08:11:17.843 dockerd        1436    nvme1n1 WS   1551235048 4096      0.035
08:11:17.843 jbd2/nv        752     nvme1n1 WSM  877305264  53248     0.068
08:11:17.843 jbd2/nv        752     nvme1n1 WSM  877305368  4096      0.028
08:11:17.843 dockerd        1436    nvme1n1 WS   1551235056 4096      0.030
08:11:17.843 jbd2/nv        752     nvme1n1 WSM  877305376  20480     0.044
08:11:17.843 jbd2/nv        752     nvme1n1 WSM  877305416  4096      0.032
08:11:17.847 dockerd        1436    nvme1n1 WS   1520154984 4096      0.033
08:11:17.848 jbd2/nv        752     nvme1n1 WSM  877305424  90112     0.104
08:11:17.848 jbd2/nv        752     nvme1n1 WSM  877305600  4096      0.029
08:11:17.848 dockerd        1436    nvme1n1 WS   1531537488 4096      0.041
08:11:17.848 dockerd        1436    nvme1n1 WS   1518910992 4096      0.047
08:11:17.848 dockerd        1436    nvme1n1 WS   1757812080 4096      0.051
08:11:17.848 dockerd        1436    nvme1n1 WS   1757812096 4096      0.052
08:11:17.848 dockerd        1436    nvme1n1 WS   1323312    4096      0.027
08:11:17.849 contain        1195    nvme1n1 WS   1730873248 4096      0.045
08:11:17.849 contain        1195    nvme1n1 WS   1730873536 4096      0.051
08:11:17.849 contain        1195    nvme1n1 WS   1730873640 4096      0.053
08:11:17.849 contain        1195    nvme1n1 WS   1730873760 12288     0.061
08:11:17.849 contain        1195    nvme1n1 WS   1429520    4096      0.028
08:11:17.850 contain        1195    nvme1n1 WS   1730873808 16384     0.053
08:11:17.850 contain        1195    nvme1n1 WS   1730873872 20480     0.067
08:11:17.850 contain        1195    nvme1n1 WS   1429528    4096      0.027
08:11:17.850 contain        1195    nvme1n1 WS   1551466728 4096      0.041
08:11:17.850 contain        1195    nvme1n1 WS   1730873912 4096      0.045
08:11:17.850 contain        1195    nvme1n1 WS   1730873760 12288     0.054
08:11:17.850 contain        1195    nvme1n1 WS   1429520    4096      0.027
08:11:17.883 contain        1195    nvme1n1 WS   1429528    4096      0.049
08:11:17.927 dockerd        1436    nvme1n1 W    844081376  4096      0.049
08:11:17.932 dockerd        1436    nvme1n1 WS   1323328    4096      0.046
08:11:17.932 dockerd        1436    nvme1n1 WS   1757812064 8192      0.051
08:11:17.932 dockerd        1436    nvme1n1 WS   1757812088 4096      0.056
08:11:17.932 dockerd        1436    nvme1n1 WS   1323304    4096      0.026
08:11:17.932 dockerd        1436    nvme1n1 WS   1539981584 4096      0.041
08:11:17.932 dockerd        1436    nvme1n1 WS   1518910992 4096      0.046
08:11:17.932 dockerd        1436    nvme1n1 WS   1757812080 4096      0.051
08:11:17.932 dockerd        1436    nvme1n1 WS   1757812096 4096      0.052
08:11:17.932 dockerd        1436    nvme1n1 WS   1323312    4096      0.029
08:11:17.934 dockerd        1436    nvme1n1 W    1551235064 4096      0.036
08:11:17.934 dockerd        1436    nvme1n1 WS   1551235072 4096      0.028
08:11:17.934 jbd2/nv        752     nvme1n1 WSM  877305608  81920     0.101
08:11:17.934 jbd2/nv        752     nvme1n1 WSM  877305768  4096      0.028
08:11:17.934 dockerd        1436    nvme1n1 WS   1757812088 4096      0.033
08:11:17.934 dockerd        1436    nvme1n1 WS   1757812056 12288     0.042
08:11:17.934 dockerd        1436    nvme1n1 WS   1323304    4096      0.027
08:11:17.941 dockerd        1436    nvme1n1 WS   1531537488 4096      0.053
08:11:17.941 dockerd        1436    nvme1n1 WS   1518910992 4096      0.064
08:11:17.941 dockerd        1436    nvme1n1 WS   1757812080 4096      0.066
08:11:17.941 dockerd        1436    nvme1n1 WS   1757812096 4096      0.067
08:11:17.941 dockerd        1436    nvme1n1 WS   1323312    4096      0.027
08:11:17.941 dockerd        1436    nvme1n1 WS   1323328    4096      0.043
08:11:17.941 dockerd        1436    nvme1n1 WS   1757812064 8192      0.050
08:11:17.941 dockerd        1436    nvme1n1 WS   1757812088 4096      0.051
08:11:17.941 dockerd        1436    nvme1n1 WS   1757812104 4096      0.056
08:11:17.941 dockerd        1436    nvme1n1 WS   1323304    4096      0.029
08:11:17.942 dockerd        1436    nvme1n1 WS   1551235080 4096      0.031
08:11:17.942 jbd2/nv        752     nvme1n1 WSM  877305776  49152     0.072
08:11:17.942 jbd2/nv        752     nvme1n1 WSM  877305872  4096      0.027
08:11:17.950 dockerd        1436    nvme1n1 WS   1730850976 4096      0.044
08:11:17.950 jbd2/nv        752     nvme1n1 WSM  877305880  40960     0.068
08:11:17.950 jbd2/nv        752     nvme1n1 WSM  877305960  4096      0.027
08:11:17.950 dockerd        1436    nvme1n1 WS   1730850984 4096      0.030
08:11:17.950 jbd2/nv        752     nvme1n1 WSM  877305968  40960     0.059
08:11:17.950 jbd2/nv        752     nvme1n1 WSM  877306048  4096      0.028
08:11:18.710 nvme           345077  Unknown N    -1         512       0.078
08:11:18.817 kworker        339174  nvme0n1 W    32597280   4096      0.910
08:11:19.712 nvme           345081  Unknown N    -1         512       0.029
08:11:20.653 amoprof        330498  nvme1n1 W    1493922776 4096      0.055
