TIMESTAMP    COMM           PID     DISK    T    SECTOR     BYTES   LAT(ms)
03:37:58.658 nvme           1691935 Unknown N    -1         512       0.033
03:37:58.944 kworker        1672356 nvme1n1 W    1625054064 8192      0.058
03:37:59.661 nvme           1691987 Unknown N    -1         512       0.027
03:38:00.663 nvme           1691988 Unknown N    -1         512       0.026
03:38:01.666 nvme           1691989 Unknown N    -1         512       0.025
03:38:02.668 nvme           1691990 Unknown N    -1         512       0.027
03:38:02.786 jbd2/nv        752     nvme1n1 WSM  877840464  98304     0.132
03:38:02.786 jbd2/nv        752     nvme1n1 WSM  877840656  4096      0.031
03:38:03.670 nvme           1691991 Unknown N    -1         512       0.028
03:38:04.577 kworker        1661618 nvme1n1 W    1639456224 8192      0.101
03:38:04.577 kworker        1661618 nvme1n1 W    591841984  94208     0.147
03:38:04.577 kworker        1661618 nvme1n1 W    1534910976 131072    0.226
03:38:04.577 kworker        1661618 nvme1n1 W    1534911232 61440     0.267
03:38:04.577 kworker        1661618 nvme1n1 W    591842168  32768     0.283
03:38:04.577 kworker        1661618 nvme1n1 W    1534866352 131072    0.363
03:38:04.577 kworker        1661618 nvme1n1 W    1534866608 90112     0.415
03:38:04.577 kworker        1661618 nvme1n1 W    1526118656 77824     0.460
03:38:04.577 kworker        1661618 nvme1n1 W    591842232  45056     0.244
03:38:04.672 nvme           1691992 Unknown N    -1         512       0.023
03:38:05.675 nvme           1691993 Unknown N    -1         512       0.025
03:38:06.678 nvme           1691994 Unknown N    -1         512       0.024
03:38:07.680 nvme           1691995 Unknown N    -1         512       0.027
03:38:08.665 amoprof        1271097 nvme1n1 W    595876928  4096      0.056
