TIMESTAMP    COMM           PID     DISK    T    SECTOR     BYTES   LAT(ms)
01:03:20.878 nvme           1511514 Unknown N    -1         512       0.087
01:03:21.880 nvme           1511575 Unknown N    -1         512       0.035
01:03:21.882 jbd2/nv        752     nvme1n1 WSM  877549464  131072    0.164
01:03:21.882 jbd2/nv        752     nvme1n1 WSM  877549720  12288     0.168
01:03:21.882 jbd2/nv        752     nvme1n1 WSM  877549744  4096      0.030
01:03:22.882 nvme           1511579 Unknown N    -1         512       0.077
01:03:23.885 nvme           1511593 Unknown N    -1         512       0.092
01:03:24.887 nvme           1511608 Unknown N    -1         512       0.090
01:03:25.889 nvme           1511612 Unknown N    -1         512       0.076
01:03:26.891 nvme           1511616 Unknown N    -1         512       0.037
01:03:27.137 kworker        1500724 nvme1n1 W    1532246656 8192      0.099
01:03:27.138 kworker        1500724 nvme1n1 W    587542104  102400    0.152
01:03:27.138 kworker        1500724 nvme1n1 W    1176554792 131072    0.235
01:03:27.138 kworker        1500724 nvme1n1 W    1176555048 61440     0.271
01:03:27.138 kworker        1500724 nvme1n1 W    587542304  32768     0.290
01:03:27.138 kworker        1500724 nvme1n1 W    1176683008 131072    0.369
01:03:27.138 kworker        1500724 nvme1n1 W    1176683264 90112     0.425
01:03:27.138 kworker        1500724 nvme1n1 W    1667034928 77824     0.471
01:03:27.138 kworker        1500724 nvme1n1 W    587542368  45056     0.276
01:03:27.894 nvme           1511626 Unknown N    -1         512       0.079
01:03:28.129 jbd2/nv        752     nvme1n1 WSM  877549752  77824     0.113
01:03:28.129 jbd2/nv        752     nvme1n1 WSM  877549904  4096      0.031
01:03:28.896 nvme           1511640 Unknown N    -1         512       0.033
01:03:29.696 kworker        1500724 nvme1n1 W    1625052408 4096      0.056
01:03:29.898 nvme           1511649 Unknown N    -1         512       0.091
01:03:30.885 amoprof        1271097 nvme1n1 W    587530168  4096      0.056
