TIMESTAMP    COMM           PID     DISK    T    SECTOR     BYTES   LAT(ms)
02:27:35.114 nvme           1626146 Unknown N    -1         512       0.036
02:27:35.968 jbd2/nv        752     nvme1n1 WSM  877710592  8192      0.061
02:27:35.968 jbd2/nv        752     nvme1n1 WSM  877710336  131072    0.155
02:27:35.968 jbd2/nv        752     nvme1n1 WSM  877710608  4096      0.030
02:27:36.116 nvme           1626201 Unknown N    -1         512       0.031
02:27:37.118 nvme           1626205 Unknown N    -1         512       0.027
02:27:38.120 nvme           1626209 Unknown N    -1         512       0.030
02:27:39.123 nvme           1626213 Unknown N    -1         512       0.027
02:27:40.125 nvme           1626217 Unknown N    -1         512       0.027
02:27:40.556 jbd2/nv        391     nvme0n1 WSM  4318824    16384     0.462
02:27:40.556 jbd2/nv        391     nvme0n1 WSM  4318856    4096      0.344
02:27:40.576 kworker        1620255 nvme1n1 WM   0          4096      0.120
02:27:40.576 kworker        1620255 nvme1n1 WM   40         4096      0.122
02:27:40.576 kworker        1620255 nvme1n1 WM   288        4096      0.122
02:27:40.576 kworker        1620255 nvme1n1 WM   712        8192      0.123
02:27:40.576 kworker        1620255 nvme1n1 WM   776        8192      0.124
02:27:40.576 kworker        1620255 nvme1n1 WM   71303176   4096      0.132
02:27:40.576 kworker        1620255 nvme1n1 WM   461373728  4096      0.134
02:27:40.576 kworker        1620255 nvme1n1 WM   583015744  4096      0.135
02:27:40.576 kworker        1620255 nvme1n1 WM   587202576  4096      0.137
02:27:40.576 kworker        1620255 nvme1n1 WM   591396872  4096      0.139
02:27:40.576 kworker        1620255 nvme1n1 WM   595591176  4096      0.140
02:27:40.576 kworker        1620255 nvme1n1 WM   595591296  4096      0.144
02:27:40.576 kworker        1620255 nvme1n1 WM   1484783664 4096      0.139
02:27:40.576 kworker        1620255 nvme1n1 WM   1485058520 4096      0.140
02:27:40.576 kworker        1620255 nvme1n1 WM   595592392  131072    0.214
02:27:40.576 kworker        1620255 nvme1n1 WM   595592648  20480     0.236
02:27:40.576 kworker        1620255 nvme1n1 WM   1493844928 4096      0.075
02:27:40.576 kworker        1620255 nvme1n1 WM   1497366536 4096      0.081
02:27:40.576 kworker        1620255 nvme1n1 WM   1497366592 4096      0.083
02:27:40.576 kworker        1620255 nvme1n1 WM   1497701944 8192      0.087
02:27:40.576 kworker        1620255 nvme1n1 WM   1497701968 4096      0.090
02:27:40.576 kworker        1620255 nvme1n1 WM   1623195704 4096      0.088
02:27:40.576 kworker        1620255 nvme1n1 WM   1635778672 4096      0.096
02:27:40.576 kworker        1620255 nvme1n1 WM   1756866960 4096      0.098
02:27:40.576 kworker        1620255 nvme1n1 WM   1756879584 4096      0.099
02:27:40.576 kworker        1620255 nvme1n1 WM   1757038552 4096      0.100
02:27:40.576 kworker        1620255 nvme1n1 WM   1497702000 12288     0.111
02:27:40.576 kworker        1620255 nvme1n1 WM   1497713344 20480     0.120
02:27:40.577 kworker        1620255 nvme1n1 W    1639455360 8192      0.070
02:27:40.577 kworker        1620255 nvme1n1 W    591740288  106496    0.138
02:27:40.577 kworker        1620255 nvme1n1 W    1499677992 131072    0.222
02:27:40.577 kworker        1620255 nvme1n1 W    1499678248 61440     0.264
02:27:40.577 kworker        1620255 nvme1n1 W    591740496  32768     0.278
02:27:40.577 kworker        1620255 nvme1n1 W    1499530968 131072    0.358
02:27:40.577 kworker        1620255 nvme1n1 W    1499531224 90112     0.411
02:27:40.577 kworker        1620255 nvme1n1 W    1486417344 77824     0.457
02:27:40.577 kworker        1620255 nvme1n1 W    591740560  45056     0.275
02:27:41.089 kworker        1620255 nvme0n1 W    37332608   4096      0.600
02:27:41.089 kworker        1620720 nvme0n1 W    8143096    131072    1.066
02:27:41.089 kworker        1620720 nvme0n1 W    8134648    131072    1.184
02:27:41.090 kworker        1620720 nvme0n1 W    36023808   262144    1.745
02:27:41.090 kworker        1620720 nvme0n1 W    8135672    131072    1.782
02:27:41.090 kworker        1620720 nvme0n1 W    36029952   131072    1.786
02:27:41.090 kworker        1620720 nvme0n1 W    36167072   16384     1.781
02:27:41.090 kworker        1620720 nvme0n1 W    36166400   131072    1.961
02:27:41.090 kworker        1620720 nvme0n1 W    36167976   4096      0.886
02:27:41.090 kworker        1620720 nvme0n1 W    36167520   16384     0.890
02:27:41.090 kworker        1620720 nvme0n1 W    36168384   32768     0.508
02:27:41.091 kworker        1620720 nvme0n1 W    36174336   65536     0.736
02:27:41.091 kworker        1620720 nvme0n1 W    36172288   131072    0.745
02:27:41.091 kworker        1620720 nvme0n1 W    36177280   65536     0.755
02:27:41.091 kworker        1620720 nvme0n1 W    36315792   40960     0.785
02:27:41.091 kworker        1620720 nvme0n1 W    36316928   131072    0.858
02:27:41.091 kworker        1620720 nvme0n1 W    36322384   4096      0.850
02:27:41.091 kworker        1620720 nvme0n1 W    36321792   131072    0.989
02:27:41.091 kworker        1620720 nvme0n1 W    7337984    4096      0.463
02:27:41.091 kworker        1620720 nvme0n1 W    36323072   16384     0.468
02:27:41.091 kworker        1620720 nvme0n1 W    36324224   65536     0.528
02:27:41.127 nvme           1626221 Unknown N    -1         512       0.025
02:27:41.325 jbd2/nv        752     nvme1n1 WSM  877710616  77824     0.113
02:27:41.325 jbd2/nv        752     nvme1n1 WSM  877710768  4096      0.032
02:27:42.129 nvme           1626225 Unknown N    -1         512       0.028
02:27:43.131 nvme           1626229 Unknown N    -1         512       0.030
02:27:43.648 kworker        1613847 nvme1n1 W    1719340976 4096      0.056
02:27:44.133 nvme           1626233 Unknown N    -1         512       0.030
02:27:45.121 amoprof        1271097 nvme1n1 W    591917832  4096      0.055
