TIMESTAMP    COMM           PID     DISK    T    SECTOR     BYTES   LAT(ms)
01:36:27.733 nvme           1557941 Unknown N    -1         512       0.035
01:36:28.576 jbd2/nv        752     nvme1n1 WSM  877614640  4096      0.061
01:36:28.576 jbd2/nv        752     nvme1n1 WSM  877614384  131072    0.153
01:36:28.576 jbd2/nv        752     nvme1n1 WSM  877614648  4096      0.029
01:36:28.735 nvme           1558002 Unknown N    -1         512       0.071
01:36:29.737 nvme           1558016 Unknown N    -1         512       0.075
01:36:30.112 kworker        1473701 nvme1n1 W    1625052760 8192      0.055
01:36:30.739 nvme           1558025 Unknown N    -1         512       0.073
01:36:31.741 nvme           1558035 Unknown N    -1         512       0.081
01:36:32.744 nvme           1558039 Unknown N    -1         512       0.029
01:36:33.697 kworker        1473701 nvme1n1 W    591697384  94208     0.161
01:36:33.697 kworker        1473701 nvme1n1 W    1486390192 131072    0.229
01:36:33.697 kworker        1473701 nvme1n1 W    1486390448 61440     0.265
01:36:33.697 kworker        1473701 nvme1n1 W    591697568  32768     0.286
01:36:33.697 kworker        1473701 nvme1n1 W    1486390568 131072    0.364
01:36:33.697 kworker        1473701 nvme1n1 W    1486390824 90112     0.418
01:36:33.697 kworker        1473701 nvme1n1 W    1486179760 77824     0.465
01:36:33.697 kworker        1473701 nvme1n1 W    591697632  45056     0.491
01:36:33.746 nvme           1558043 Unknown N    -1         512       0.071
01:36:33.942 jbd2/nv        752     nvme1n1 WSM  877614656  69632     0.109
01:36:33.942 jbd2/nv        752     nvme1n1 WSM  877614792  4096      0.036
01:36:34.748 nvme           1558064 Unknown N    -1         512       0.031
01:36:35.750 nvme           1558074 Unknown N    -1         512       0.093
01:36:36.752 nvme           1558081 Unknown N    -1         512       0.033
01:36:37.740 amoprof        1271097 nvme1n1 W    591693736  4096      0.057
