TIMESTAMP    COMM           PID     DISK    T    SECTOR     BYTES   LAT(ms)
02:30:56.343 nvme           1629886 Unknown N    -1         512       0.084
02:30:56.672 kworker        1613847 nvme1n1 W    1625053344 8192      0.058
02:30:57.345 nvme           1629941 Unknown N    -1         512       0.029
02:30:57.347 jbd2/nv        752     nvme1n1 WSM  877716424  114688    0.139
02:30:57.347 jbd2/nv        752     nvme1n1 WSM  877716648  4096      0.029
02:30:58.347 nvme           1629945 Unknown N    -1         512       0.034
02:30:59.350 nvme           1629949 Unknown N    -1         512       0.101
02:31:00.257 kworker        1620255 nvme1n1 W    591804064  90112     0.166
02:31:00.257 kworker        1620255 nvme1n1 W    1499712624 131072    0.236
02:31:00.257 kworker        1620255 nvme1n1 W    1499712880 61440     0.272
02:31:00.257 kworker        1620255 nvme1n1 W    591804240  32768     0.292
02:31:00.257 kworker        1620255 nvme1n1 W    1499713000 131072    0.375
02:31:00.257 kworker        1620255 nvme1n1 W    1499713256 90112     0.426
02:31:00.257 kworker        1620255 nvme1n1 W    1486501840 77824     0.474
02:31:00.257 kworker        1620255 nvme1n1 W    591804304  28672     0.491
02:31:00.352 nvme           1629953 Unknown N    -1         512       0.025
02:31:01.354 nvme           1629957 Unknown N    -1         512       0.073
02:31:01.793 kworker        1620255 nvme0n1 W    37154624   8192      0.537
02:31:02.356 nvme           1629961 Unknown N    -1         512       0.026
02:31:03.358 nvme           1629965 Unknown N    -1         512       0.094
02:31:03.599 jbd2/nv        752     nvme1n1 WSM  877716656  49152     0.092
02:31:03.599 jbd2/nv        752     nvme1n1 WSM  877716752  4096      0.031
02:31:04.361 nvme           1629969 Unknown N    -1         512       0.076
02:31:05.363 nvme           1629973 Unknown N    -1         512       0.088
02:31:05.376 kworker        1613847 nvme1n1 W    591881824  16384     0.060
02:31:06.350 amoprof        1271097 nvme1n1 W    587796240  4096      0.052
