TIMESTAMP    COMM           PID     DISK    T    SECTOR     BYTES   LAT(ms)
04:54:39.496 nvme           1762375 Unknown N    -1         512       0.036
04:54:40.499 nvme           1762427 Unknown N    -1         512       0.078
04:54:40.500 jbd2/nv        752     nvme1n1 WSM  877981776  106496    0.137
04:54:40.500 jbd2/nv        752     nvme1n1 WSM  877981984  4096      0.040
04:54:41.151 pool-ud        1127    Unknown N    -1         4096      0.104
04:54:41.151 pool-ud        1127    Unknown N    -1         512       0.015
04:54:41.151 pool-ud        1127    Unknown N    -1         4096      0.036
04:54:41.151 pool-ud        1127    Unknown N    -1         512       0.016
04:54:41.313 kworker        1720485 nvme0n1 W    37332696   4096      0.793
04:54:41.313 kworker        1736627 nvme0n1 W    37218144   4096      0.892
04:54:41.314 kworker        1696237 nvme0n1 W    8143096    131072    1.461
04:54:41.314 kworker        1696237 nvme0n1 W    8135672    131072    1.593
04:54:41.314 kworker        1696237 nvme0n1 W    36026880   131072    1.639
04:54:41.314 kworker        1696237 nvme0n1 W    8134904    131072    1.860
04:54:41.314 kworker        1696237 nvme0n1 W    36167072   16384     1.027
04:54:41.314 kworker        1696237 nvme0n1 W    36029952   131072    2.046
04:54:41.314 kworker        1696237 nvme0n1 W    36167976   4096      0.603
04:54:41.315 kworker        1696237 nvme0n1 W    36167520   16384     0.853
04:54:41.315 kworker        1696237 nvme0n1 W    36166400   131072    2.032
04:54:41.315 kworker        1696237 nvme0n1 W    36168384   32768     1.040
04:54:41.315 kworker        1696237 nvme0n1 W    36023808   262144    3.070
04:54:41.315 kworker        1696237 nvme0n1 W    36315792   40960     0.972
04:54:41.315 kworker        1696237 nvme0n1 W    36174336   65536     1.284
04:54:41.315 kworker        1696237 nvme0n1 W    36177280   65536     1.151
04:54:41.316 kworker        1696237 nvme0n1 W    36322384   4096      0.529
04:54:41.316 kworker        1696237 nvme0n1 W    36323072   16384     0.953
04:54:41.316 kworker        1696237 nvme0n1 W    7337984    4096      0.850
04:54:41.316 kworker        1696237 nvme0n1 W    36321792   131072    1.597
04:54:41.316 kworker        1696237 nvme0n1 W    36317184   131072    1.793
04:54:41.317 kworker        1696237 nvme0n1 W    36324352   131072    1.907
04:54:41.502 nvme           1762429 Unknown N    -1         512       0.071
04:54:42.336 kworker        1736627 nvme1n1 W    1641456008 8192      0.064
04:54:42.336 kworker        1736627 nvme1n1 W    600120264  28672     0.079
04:54:42.336 kworker        1736627 nvme1n1 W    600120320  12288     0.082
04:54:42.504 nvme           1762430 Unknown N    -1         512       0.030
04:54:43.506 nvme           1762431 Unknown N    -1         512       0.075
04:54:43.872 kworker        1696237 nvme1n1 W    1719353296 4096      0.058
04:54:43.872 kworker        1696237 nvme1n1 W    1719341016 4096      0.065
04:54:44.385 kworker        1696237 nvme0n1 WM   2099200    4096      0.580
04:54:44.385 kworker        1696237 nvme0n1 WM   2103000    4096      1.026
04:54:44.385 kworker        1696237 nvme0n1 WM   10488672   4096      1.029
04:54:44.385 kworker        1696237 nvme0n1 WM   6309888    4096      1.034
04:54:44.385 kworker        1696237 nvme0n1 WM   6310376    4096      1.037
04:54:44.509 nvme           1762432 Unknown N    -1         512       0.074
04:54:44.897 jbd2/nv        391     nvme0n1 WSM  4214368    20480     1.207
04:54:44.898 jbd2/nv        391     nvme0n1 WSM  4214408    4096      1.012
04:54:45.511 nvme           1762446 Unknown N    -1         512       0.079
04:54:45.546 fwupd          1762440 Unknown N    -1         4096      0.050
04:54:45.556 fwupd          1762440 nvme0n1 RA   2048       4096      0.640
04:54:45.557 fwupd          1762440 nvme0n1 RA   2080       4096      0.568
04:54:45.557 fwupd          1762440 nvme0n1 RA   2112       4096      0.563
04:54:45.558 fwupd          1762440 nvme0n1 RA   2176       4096      0.540
04:54:45.558 fwupd          1762440 nvme0n1 RA   2304       4096      0.536
04:54:45.559 fwupd          1762440 nvme0n1 RA   2560       4096      0.560
04:54:45.559 fwupd          1762440 nvme0n1 RA   3072       4096      0.533
04:54:45.560 fwupd          1762440 nvme0n1 RA   4096       4096      0.504
04:54:45.560 fwupd          1762440 nvme0n1 RA   6144       4096      0.570
04:54:45.561 fwupd          1762440 nvme0n1 RA   10112      4096      0.545
04:54:45.562 fwupd          1762440 nvme0n1 RA   10224      4096      0.553
04:54:45.562 fwupd          1762440 nvme0n1 RA   2056       4096      0.562
04:54:45.563 fwupd          1762440 nvme0n1 RA   10232      4096      0.546
04:54:45.563 fwupd          1762440 nvme0n1 RA   9976       4096      0.519
04:54:45.564 fwupd          1762440 nvme0n1 RA   2072       4096      0.551
04:54:45.564 fwupd          1762440 nvme0n1 RA   2104       4096      0.549
04:54:45.565 fwupd          1762440 nvme0n1 RA   2168       4096      0.549
04:54:45.566 fwupd          1762440 nvme0n1 RA   2064       4096      0.557
04:54:45.576 fwupd          1762440 Unknown N    -1         4096      0.031
04:54:45.578 (udev-w        1762448 nvme0n1 RA   2048       4096      0.690
04:54:45.579 (udev-w        1762448 nvme0n1 RA   2080       4096      0.599
04:54:45.579 (udev-w        1762448 nvme0n1 RA   2112       4096      0.534
04:54:45.580 (udev-w        1762448 nvme0n1 RA   2176       4096      0.536
04:54:45.580 (udev-w        1762448 nvme0n1 RA   2304       4096      0.530
04:54:45.581 (udev-w        1762448 nvme0n1 RA   2560       4096      0.520
04:54:45.581 udisksd        1127    Unknown N    -1         4096      0.036
04:54:45.581 (udev-w        1762448 nvme0n1 RA   3072       4096      0.534
04:54:45.581 udisksd        1127    Unknown N    -1         4096      0.074
04:54:45.582 (udev-w        1762448 nvme0n1 RA   4096       4096      0.555
04:54:45.582 (udev-w        1762448 nvme0n1 RA   6144       4096      0.535
04:54:45.583 (udev-w        1762448 nvme0n1 RA   10112      4096      0.543
04:54:45.584 (udev-w        1762448 nvme0n1 RA   10224      4096      0.563
04:54:45.584 (udev-w        1762448 nvme0n1 RA   2056       4096      0.556
04:54:45.585 (udev-w        1762448 nvme0n1 RA   10232      4096      0.585
04:54:45.585 (udev-w        1762448 nvme0n1 RA   9976       4096      0.524
04:54:45.586 (udev-w        1762448 nvme0n1 RA   2072       4096      0.582
04:54:45.586 (udev-w        1762448 nvme0n1 RA   2104       4096      0.520
04:54:45.587 (udev-w        1762448 nvme0n1 RA   2168       4096      0.549
04:54:45.588 (udev-w        1762448 nvme0n1 RA   2064       4096      0.549
04:54:45.590 probe-b        1762454 nvme0n1 RA   2048       4096      0.582
04:54:45.591 probe-b        1762454 nvme0n1 RA   2080       4096      0.601
04:54:45.591 probe-b        1762454 nvme0n1 RA   2112       4096      0.571
04:54:45.592 probe-b        1762454 nvme0n1 RA   2176       4096      0.559
04:54:45.593 probe-b        1762454 nvme0n1 RA   2304       4096      0.594
04:54:45.593 probe-b        1762454 nvme0n1 RA   2560       4096      0.577
04:54:45.594 probe-b        1762454 nvme0n1 RA   3072       4096      0.560
04:54:45.594 probe-b        1762454 nvme0n1 RA   4096       4096      0.541
04:54:45.595 probe-b        1762454 nvme0n1 RA   6144       4096      0.541
04:54:45.595 probe-b        1762454 nvme0n1 RA   10112      4096      0.590
04:54:45.596 probe-b        1762454 nvme0n1 RA   10224      4096      0.529
04:54:45.596 probe-b        1762454 nvme0n1 RA   2056       4096      0.534
04:54:45.597 probe-b        1762454 nvme0n1 RA   10232      4096      0.580
04:54:45.598 probe-b        1762454 nvme0n1 RA   9976       4096      0.535
04:54:45.598 probe-b        1762454 nvme0n1 RA   2072       4096      0.542
04:54:45.599 probe-b        1762454 nvme0n1 RA   2104       4096      0.588
04:54:45.599 probe-b        1762454 nvme0n1 RA   2168       4096      0.536
04:54:45.600 probe-b        1762454 nvme0n1 RA   2064       4096      0.537
04:54:46.513 nvme           1762457 Unknown N    -1         512       0.074
04:54:46.808 jbd2/nv        752     nvme1n1 WSM  877981992  49152     0.091
04:54:46.808 jbd2/nv        752     nvme1n1 WSM  877982088  4096      0.030
04:54:47.457 kworker        1696237 nvme1n1 W    600110184  53248     0.132
04:54:47.457 kworker        1696237 nvme1n1 W    1565431944 131072    0.205
04:54:47.457 kworker        1696237 nvme1n1 W    1565432200 61440     0.242
04:54:47.457 kworker        1696237 nvme1n1 W    600110288  32768     0.263
04:54:47.457 kworker        1696237 nvme1n1 W    1565432320 131072    0.340
04:54:47.457 kworker        1696237 nvme1n1 W    1565432576 90112     0.392
04:54:47.457 kworker        1696237 nvme1n1 W    1561704152 77824     0.437
04:54:47.457 kworker        1696237 nvme1n1 W    600110352  45056     0.462
04:54:47.516 nvme           1762458 Unknown N    -1         512       0.031
04:54:48.518 nvme           1762459 Unknown N    -1         512       0.072
04:54:49.504 amoprof        1271097 nvme1n1 W    600286144  4096      0.053
