TIMESTAMP    COMM           PID     DISK    T    SECTOR     BYTES   LAT(ms)
03:50:07.558 nvme           1703093 Unknown N    -1         512       0.035
03:50:08.561 nvme           1703146 Unknown N    -1         512       0.075
03:50:09.563 nvme           1703147 Unknown N    -1         512       0.031
03:50:10.566 nvme           1703148 Unknown N    -1         512       0.111
03:50:10.592 jbd2/nv        752     nvme1n1 WSM  877862536  106496    0.136
03:50:10.592 jbd2/nv        752     nvme1n1 WSM  877862744  4096      0.028
03:50:10.847 jbd2/nv        391     nvme0n1 WSM  4201352    28672     0.924
03:50:10.848 jbd2/nv        391     nvme0n1 WSM  4201408    4096      0.900
03:50:11.568 nvme           1703149 Unknown N    -1         512       0.030
03:50:11.617 kworker        1661618 nvme1n1 W    595991240  94208     0.157
03:50:11.617 kworker        1661618 nvme1n1 W    1534978560 131072    0.227
03:50:11.617 kworker        1661618 nvme1n1 W    1534978816 61440     0.262
03:50:11.617 kworker        1661618 nvme1n1 W    595991424  32768     0.283
03:50:11.617 kworker        1661618 nvme1n1 W    1534978936 131072    0.361
03:50:11.617 kworker        1661618 nvme1n1 W    1534979192 90112     0.411
03:50:11.617 kworker        1661618 nvme1n1 W    1533054776 77824     0.457
03:50:11.617 kworker        1661618 nvme1n1 W    595991488  28672     0.476
03:50:12.570 nvme           1703150 Unknown N    -1         512       0.100
03:50:13.573 nvme           1703153 Unknown N    -1         512       0.073
03:50:14.177 kworker        1672356 nvme0n1 W    37876040   8192      1.041
03:50:14.575 nvme           1703154 Unknown N    -1         512       0.094
03:50:15.577 nvme           1703155 Unknown N    -1         512       0.073
03:50:15.840 jbd2/nv        752     nvme1n1 WSM  877862752  53248     0.097
03:50:15.840 jbd2/nv        752     nvme1n1 WSM  877862856  4096      0.032
03:50:16.579 nvme           1703156 Unknown N    -1         512       0.031
03:50:16.736 kworker        1696237 nvme1n1 W    600056640  16384     0.058
03:50:17.566 amoprof        1271097 nvme1n1 W    596019136  4096      0.054
