TIMESTAMP    COMM           PID     DISK    T    SECTOR     BYTES   LAT(ms)
08:25:24.418 nvme           2142764 Unknown N    -1         512       0.034
08:25:25.421 nvme           2142822 Unknown N    -1         512       0.029
08:25:26.423 nvme           2142823 Unknown N    -1         512       0.031
08:25:27.426 nvme           2142830 Unknown N    -1         512       0.027
08:25:28.224 kworker        1696237 nvme1n1 W    616858632  122880    0.157
08:25:28.428 nvme           2142832 Unknown N    -1         512       0.030
08:25:28.538 jbd2/nv        752     nvme1n1 WSM  878250464  122880    0.145
08:25:28.538 jbd2/nv        752     nvme1n1 WSM  878250704  4096      0.029
08:25:29.431 nvme           2142833 Unknown N    -1         512       0.032
08:25:30.433 nvme           2142840 Unknown N    -1         512       0.028
08:25:31.436 nvme           2142841 Unknown N    -1         512       0.029
08:25:32.438 nvme           2142842 Unknown N    -1         512       0.030
08:25:32.833 kworker        2111994 nvme0n1 W    15716864   4096      0.962
08:25:32.833 kworker        2111994 nvme0n1 W    38458632   8192      0.968
08:25:32.834 kworker        1696237 nvme0n1 W    7337984    4096      0.861
08:25:32.834 kworker        1696237 nvme0n1 W    8128856    16384     1.043
08:25:32.834 kworker        1696237 nvme0n1 W    36236928   65536     1.482
08:25:32.835 kworker        1696237 nvme0n1 W    8130040    131072    1.599
08:25:32.835 kworker        1696237 nvme0n1 W    8131576    131072    1.660
08:25:32.835 kworker        1696237 nvme0n1 W    8132856    131072    1.668
08:25:32.835 kworker        1696237 nvme0n1 W    8129272    131072    1.850
08:25:32.836 kworker        1696237 nvme0n1 W    8136696    131072    1.879
08:25:32.836 kworker        1696237 nvme0n1 W    8135672    131072    2.007
08:25:32.836 kworker        1696237 nvme0n1 W    36029440   131072    1.261
08:25:32.837 kworker        1696237 nvme0n1 W    36022272   131072    1.756
08:25:32.837 kworker        1696237 nvme0n1 W    36026368   131072    1.757
08:25:32.837 kworker        1696237 nvme0n1 W    36166656   131072    1.816
08:25:32.837 kworker        1696237 nvme0n1 W    36167184   4096      0.820
08:25:32.837 kworker        1696237 nvme0n1 W    36167552   65536     1.504
08:25:32.838 kworker        1696237 nvme0n1 W    36025856   262144    2.944
08:25:32.838 kworker        1696237 nvme0n1 W    36168520   4096      0.838
08:25:32.838 kworker        1696237 nvme0n1 W    36168072   4096      1.037
08:25:32.838 kworker        1696237 nvme0n1 W    36177152   16384     1.023
08:25:32.838 kworker        1696237 nvme0n1 W    36174464   65536     1.150
08:25:32.838 kworker        1696237 nvme0n1 W    36322440   4096      0.662
08:25:32.839 kworker        1696237 nvme0n1 W    36323136   16384     1.035
08:25:32.839 kworker        1696237 nvme0n1 W    36315136   131072    2.105
08:25:32.839 kworker        1696237 nvme0n1 W    36236800   16384     0.736
08:25:32.839 kworker        1696237 nvme0n1 W    36321792   131072    2.204
08:25:32.839 kworker        1696237 nvme0n1 W    36236896   16384     0.800
08:25:32.839 kworker        1696237 nvme0n1 W    36323968   65536     1.471
08:25:32.840 kworker        1696237 nvme0n1 W    36231424   131072    1.902
08:25:32.840 kworker        1696237 nvme0n1 W    36232960   131072    2.088
08:25:33.345 kworker        1696237 nvme1n1 W    616858872  53248     0.137
08:25:33.345 kworker        1696237 nvme1n1 W    1580420584 131072    0.205
08:25:33.345 kworker        1696237 nvme1n1 W    1580420840 61440     0.240
08:25:33.345 kworker        1696237 nvme1n1 W    616858976  32768     0.261
08:25:33.345 kworker        1696237 nvme1n1 W    1591258600 131072    0.337
08:25:33.345 kworker        1696237 nvme1n1 W    1591258856 90112     0.389
08:25:33.345 kworker        1696237 nvme1n1 W    1731518248 77824     0.436
08:25:33.345 kworker        1696237 nvme1n1 W    616859040  110592    0.503
08:25:33.441 nvme           2142850 Unknown N    -1         512       0.041
08:25:34.426 amoprof        1975872 nvme1n1 W    616853784  4096      0.059
