TIMESTAMP    COMM           PID     DISK    T    SECTOR     BYTES   LAT(ms)
04:08:21.201 nvme           1719852 Unknown N    -1         512       0.093
04:08:21.664 kworker        1718369 nvme1n1 W    1625054392 4096      0.060
04:08:22.204 nvme           1719904 Unknown N    -1         512       0.030
04:08:23.206 nvme           1719905 Unknown N    -1         512       0.073
04:08:24.209 nvme           1719906 Unknown N    -1         512       0.072
04:08:24.288 jbd2/nv        752     nvme1n1 WSM  877896568  102400    0.137
04:08:24.288 jbd2/nv        752     nvme1n1 WSM  877896768  4096      0.032
04:08:25.211 nvme           1719907 Unknown N    -1         512       0.077
04:08:26.213 nvme           1719908 Unknown N    -1         512       0.030
04:08:27.215 nvme           1719909 Unknown N    -1         512       0.029
04:08:27.298 kworker        1696237 nvme1n1 W    591757304  4096      0.084
04:08:27.298 kworker        1696237 nvme1n1 W    600109056  8192      0.090
04:08:27.298 kworker        1696237 nvme1n1 W    596004624  102400    0.153
04:08:27.298 kworker        1696237 nvme1n1 W    1553922864 131072    0.234
04:08:27.298 kworker        1696237 nvme1n1 W    1553923120 61440     0.269
04:08:27.298 kworker        1696237 nvme1n1 W    596004824  20480     0.295
04:08:27.298 kworker        1696237 nvme1n1 W    1553923240 131072    0.365
04:08:27.298 kworker        1696237 nvme1n1 W    1553923496 90112     0.426
04:08:27.298 kworker        1696237 nvme1n1 WM   0          4096      0.178
04:08:27.298 kworker        1696237 nvme1n1 WM   784        4096      0.182
04:08:27.298 kworker        1696237 nvme1n1 WM   461373728  4096      0.186
04:08:27.298 kworker        1696237 nvme1n1 WM   583015744  4096      0.189
04:08:27.298 kworker        1696237 nvme1n1 WM   599785608  4096      0.192
04:08:27.298 kworker        1696237 nvme1n1 WM   599790416  8192      0.195
04:08:27.298 kworker        1696237 nvme1n1 WM   1485058520 4096      0.195
04:08:27.298 kworker        1696237 nvme1n1 WM   1530920992 4096      0.196
04:08:27.298 kworker        1696237 nvme1n1 W    1534975648 77824     0.249
04:08:27.298 kworker        1696237 nvme1n1 W    600109072  45056     0.276
04:08:27.298 kworker        1696237 nvme1n1 WM   599790328  36864     0.298
04:08:27.298 kworker        1696237 nvme1n1 WM   599790488  57344     0.337
04:08:27.298 kworker        1696237 nvme1n1 WM   1532035944 4096      0.120
04:08:27.298 kworker        1696237 nvme1n1 WM   1532036024 4096      0.121
04:08:27.298 kworker        1696237 nvme1n1 WM   1532036040 4096      0.126
04:08:27.298 kworker        1696237 nvme1n1 WM   1635778672 4096      0.127
04:08:27.298 kworker        1696237 nvme1n1 WM   1756866952 4096      0.127
04:08:27.298 kworker        1696237 nvme1n1 WM   1756912096 4096      0.130
04:08:27.298 kworker        1696237 nvme1n1 WM   1756912120 4096      0.130
04:08:27.298 kworker        1696237 nvme1n1 WM   1532032928 16384     0.138
04:08:27.298 kworker        1696237 nvme1n1 WM   1532033888 16384     0.145
04:08:28.218 nvme           1719910 Unknown N    -1         512       0.076
04:08:29.220 nvme           1719911 Unknown N    -1         512       0.029
04:08:30.222 nvme           1719912 Unknown N    -1         512       0.078
04:08:30.522 jbd2/nv        752     nvme1n1 WSM  877896776  69632     0.112
04:08:30.522 jbd2/nv        752     nvme1n1 WSM  877896912  4096      0.030
04:08:31.209 amoprof        1271097 nvme1n1 W    596023472  4096      0.053
