TIMESTAMP    COMM           PID     DISK    T    SECTOR     BYTES   LAT(ms)
02:14:23.262 jbd2/nv        752     nvme1n1 WSM  877685880  94208     0.141
02:14:23.263 jbd2/nv        752     nvme1n1 WSM  877686064  4096      0.030
02:14:23.425 nvme           1611410 Unknown N    -1         512       0.049
02:14:24.427 nvme           1611468 Unknown N    -1         512       0.114
02:14:25.429 nvme           1611475 Unknown N    -1         512       0.074
02:14:26.431 nvme           1611479 Unknown N    -1         512       0.029
02:14:26.976 kworker        1609045 nvme1n1 W    1639455200 8192      0.069
02:14:26.976 kworker        1609045 nvme1n1 W    591865552  45056     0.084
02:14:27.434 nvme           1611489 Unknown N    -1         512       0.035
02:14:28.436 nvme           1611493 Unknown N    -1         512       0.030
02:14:28.589 jbd2/nv        752     nvme1n1 WSM  877686072  81920     0.120
02:14:28.589 jbd2/nv        752     nvme1n1 WSM  877686232  4096      0.030
02:14:29.438 nvme           1611497 Unknown N    -1         512       0.093
02:14:30.440 nvme           1611507 Unknown N    -1         512       0.033
02:14:31.442 nvme           1611511 Unknown N    -1         512       0.093
02:14:31.883 jbd2/nv        391     nvme0n1 WSM  4316464    49152     0.595
02:14:31.883 jbd2/nv        391     nvme0n1 WSM  4316560    4096      0.354
02:14:32.096 kworker        1609045 nvme1n1 W    591678624  53248     0.130
02:14:32.097 kworker        1609045 nvme1n1 W    1499318352 131072    0.202
02:14:32.097 kworker        1609045 nvme1n1 W    1499318608 61440     0.236
02:14:32.097 kworker        1609045 nvme1n1 W    591678728  32768     0.255
02:14:32.097 kworker        1609045 nvme1n1 W    1499318728 131072    0.340
02:14:32.097 kworker        1609045 nvme1n1 W    1499318984 90112     0.395
02:14:32.097 kworker        1609045 nvme1n1 W    1486458016 77824     0.442
02:14:32.097 kworker        1609045 nvme1n1 W    591678792  45056     0.468
02:14:32.445 nvme           1611515 Unknown N    -1         512       0.077
02:14:33.432 amoprof        1271097 nvme1n1 W    591746968  4096      0.060
