TIMESTAMP    COMM           PID     DISK    T    SECTOR     BYTES   LAT(ms)
05:00:06.274 nvme           1767386 Unknown N    -1         512       0.040
05:00:07.277 nvme           1767438 Unknown N    -1         512       0.041
05:00:08.279 nvme           1767439 Unknown N    -1         512       0.034
05:00:09.282 nvme           1767440 Unknown N    -1         512       0.029
05:00:10.017 kworker        1720485 nvme1n1 W    600195952  102400    0.176
05:00:10.017 kworker        1720485 nvme1n1 W    1565493272 131072    0.244
05:00:10.017 kworker        1720485 nvme1n1 W    1565493528 61440     0.280
05:00:10.017 kworker        1720485 nvme1n1 W    600196152  32768     0.299
05:00:10.017 kworker        1720485 nvme1n1 W    1570020448 131072    0.377
05:00:10.017 kworker        1720485 nvme1n1 W    1570020704 90112     0.434
05:00:10.017 kworker        1720485 nvme1n1 W    1561807256 77824     0.481
05:00:10.017 kworker        1720485 nvme1n1 W    600196216  28672     0.497
05:00:10.284 nvme           1767441 Unknown N    -1         512       0.031
05:00:10.450 jbd2/nv        752     nvme1n1 WSM  877991816  126976    0.159
05:00:10.450 jbd2/nv        752     nvme1n1 WSM  877992064  4096      0.031
05:00:11.286 nvme           1767442 Unknown N    -1         512       0.030
05:00:11.553 kworker        1720485 nvme0n1 WM   2099224    4096      0.702
05:00:11.553 kworker        1720485 nvme0n1 WM   9089776    4096      0.895
05:00:11.553 kworker        1720485 nvme0n1 WM   35653696   4096      0.898
05:00:12.288 nvme           1767443 Unknown N    -1         512       0.029
05:00:13.088 kworker        1696237 nvme1n1 W    1625054944 8192      0.059
05:00:13.290 nvme           1767446 Unknown N    -1         512       0.030
05:00:14.113 kworker        1696237 nvme0n1 W    37876456   4096      0.942
05:00:14.293 nvme           1767447 Unknown N    -1         512       0.025
05:00:14.626 jbd2/nv        391     nvme0n1 WSM  4215168    73728     1.515
05:00:14.626 jbd2/nv        391     nvme0n1 WSM  4215312    4096      0.726
05:00:15.136 kworker        1696237 nvme1n1 W    600196272  16384     0.062
05:00:15.295 nvme           1767448 Unknown N    -1         512       0.026
05:00:16.282 amoprof        1271097 nvme1n1 W    600094760  4096      0.055
