TIMESTAMP    COMM           PID     DISK    T    SECTOR     BYTES   LAT(ms)
13:47:57.988 nvme           2508030 Unknown N    -1         512       0.034
13:47:59.007 nvme           2508083 Unknown N    -1         512       0.033
13:48:00.017 nvme           2508085 Unknown N    -1         512       0.032
13:48:00.801 jbd2/nv        752     nvme1n1 WSM  878448952  131072    0.174
13:48:00.801 jbd2/nv        752     nvme1n1 WSM  878449208  12288     0.189
13:48:00.802 jbd2/nv        752     nvme1n1 WSM  878449232  4096      0.033
13:48:01.032 nvme           2508087 Unknown N    -1         512       0.033
13:48:01.312 kworker        2500480 nvme1n1 W    629835448  131072    0.165
13:48:01.313 kworker        2500480 nvme1n1 W    629835704  28672     0.109
13:48:01.313 kworker        2500480 nvme1n1 W    629860056  131072    0.183
13:48:01.313 kworker        2500480 nvme1n1 W    629860312  20480     0.196
13:48:01.313 kworker        2500480 nvme1n1 W    1026543112 131072    0.270
13:48:01.313 kworker        2500480 nvme1n1 W    1026543368 126976    0.341
13:48:01.313 kworker        2500480 nvme1n1 W    797384704  131072    0.417
13:48:01.313 kworker        2500480 nvme1n1 W    797384960  126976    0.496
13:48:01.313 kworker        2500480 nvme1n1 W    797385208  90112     0.547
13:48:01.314 kworker        2500480 nvme1n1 W    797385384  122880    0.173
13:48:01.314 kworker        2500480 nvme1n1 W    797385624  131072    0.250
13:48:02.048 nvme           2508089 Unknown N    -1         512       0.038
13:48:03.066 nvme           2508091 Unknown N    -1         512       0.036
13:48:03.361 kworker        2500480 nvme1n1 W    1130046312 12288     0.069
13:48:04.083 nvme           2508093 Unknown N    -1         512       0.035
13:48:05.100 nvme           2508095 Unknown N    -1         512       0.036
13:48:06.118 nvme           2508097 Unknown N    -1         512       0.029
13:48:06.355 jbd2/nv        752     nvme1n1 WSM  878449240  65536     0.109
13:48:06.355 jbd2/nv        752     nvme1n1 WSM  878449368  4096      0.032
13:48:06.433 kworker        2500438 nvme1n1 W    797385880  53248     0.114
13:48:06.433 kworker        2500438 nvme1n1 W    629901672  131072    0.186
13:48:06.433 kworker        2500438 nvme1n1 W    629901928  61440     0.223
13:48:06.433 kworker        2500438 nvme1n1 W    797385984  32768     0.245
13:48:06.433 kworker        2500438 nvme1n1 W    847677904  131072    0.331
13:48:06.433 kworker        2500438 nvme1n1 W    847678160  90112     0.377
13:48:06.433 kworker        2500438 nvme1n1 W    629870336  77824     0.423
13:48:06.433 kworker        2500438 nvme1n1 W    797386048  45056     0.449
13:48:06.433 kworker        2500438 nvme1n1 W    629802656  131072    0.316
13:48:06.433 kworker        2500438 nvme1n1 W    629802912  24576     0.252
13:48:06.433 kworker        2500438 nvme1n1 W    1506199296 131072    0.327
13:48:06.433 kworker        2500438 nvme1n1 W    1520113664 131072    0.410
13:48:07.135 nvme           2508099 Unknown N    -1         512       0.033
