TIMESTAMP    COMM           PID     DISK    T    SECTOR     BYTES   LAT(ms)
06:10:33.893 nvme           1899971 Unknown N    -1         512       0.034
06:10:34.263 ib_log_        125932  nvme1n1 WS   1756076288 4096      0.053
06:10:34.895 nvme           1900032 Unknown N    -1         512       0.056
06:10:35.898 nvme           1900036 Unknown N    -1         512       0.086
06:10:36.900 nvme           1900041 Unknown N    -1         512       0.034
06:10:37.902 nvme           1900061 Unknown N    -1         512       0.031
06:10:38.005 jbd2/nv        752     nvme1n1 WSM  876909584  131072    0.165
06:10:38.005 jbd2/nv        752     nvme1n1 WSM  876909840  53248     0.170
06:10:38.005 jbd2/nv        752     nvme1n1 WSM  876909944  4096      0.029
06:10:38.904 nvme           1900070 Unknown N    -1         512       0.032
06:10:39.906 nvme           1900074 Unknown N    -1         512       0.033
06:10:40.909 nvme           1900084 Unknown N    -1         512       0.057
06:10:41.185 kworker        1817148 nvme0n1 W    36980864   4096      0.714
06:10:41.697 kworker        1817148 nvme0n1 W    32598520   4096      1.094
06:10:41.911 nvme           1900089 Unknown N    -1         512       0.032
06:10:41.958 python3        1784366 nvme1n1 WS   1651331072 131072    0.170
06:10:41.959 python3        1784366 nvme1n1 WS   1651331328 131072    0.287
06:10:41.959 python3        1784366 nvme1n1 WS   1651331584 131072    0.333
06:10:41.959 python3        1784366 nvme1n1 WS   1651331840 131072    0.393
06:10:41.959 python3        1784366 nvme1n1 WS   1651332096 131072    0.523
06:10:41.959 python3        1784366 nvme1n1 WS   1651332352 131072    0.553
06:10:41.959 python3        1784366 nvme1n1 WS   1651332608 131072    0.636
06:10:41.959 python3        1784366 nvme1n1 WS   1651332864 131072    0.698
06:10:41.959 python3        1784366 nvme1n1 WS   1651333120 131072    0.781
06:10:41.959 python3        1784366 nvme1n1 WS   1651333376 131072    0.850
06:10:41.959 python3        1784366 nvme1n1 WS   1651333632 131072    0.940
06:10:41.959 python3        1784366 nvme1n1 WS   1651333888 131072    1.012
06:10:41.959 python3        1784366 nvme1n1 WS   1651334144 131072    1.099
06:10:41.959 python3        1784366 nvme1n1 WS   1651334400 131072    1.176
06:10:41.959 python3        1784366 nvme1n1 WS   1651334656 131072    1.257
06:10:41.960 python3        1784366 nvme1n1 WS   1651334912 131072    1.324
06:10:41.960 python3        1784366 nvme1n1 WS   1651339264 131072    1.410
06:10:41.960 python3        1784366 nvme1n1 WS   1651339520 131072    1.484
06:10:41.960 python3        1784369 nvme1n1 WS   1651335168 131072    1.558
06:10:41.960 python3        1784369 nvme1n1 WS   1651335424 131072    1.631
06:10:41.960 python3        1784369 nvme1n1 WS   1651335680 131072    1.708
06:10:41.960 python3        1784369 nvme1n1 WS   1651335936 131072    1.788
06:10:41.960 python3        1784369 nvme1n1 WS   1651336192 131072    1.871
06:10:41.960 python3        1784369 nvme1n1 WS   1651336448 131072    1.951
06:10:41.960 python3        1784369 nvme1n1 WS   1651336704 131072    2.028
06:10:41.960 python3        1784369 nvme1n1 WS   1651336960 131072    2.090
06:10:41.960 python3        1784369 nvme1n1 WS   1651337216 131072    2.167
06:10:41.961 python3        1784369 nvme1n1 WS   1651337472 131072    2.241
06:10:41.961 python3        1784369 nvme1n1 WS   1651337728 131072    2.320
06:10:41.961 python3        1784369 nvme1n1 WS   1651337984 131072    2.394
06:10:41.961 python3        1784369 nvme1n1 WS   1651338240 131072    2.468
06:10:41.961 python3        1784369 nvme1n1 WS   1651338496 131072    2.547
06:10:41.961 python3        1784369 nvme1n1 WS   1651343360 131072    2.633
06:10:41.961 python3        1784369 nvme1n1 WS   1651338752 131072    2.697
06:10:41.961 python3        1784369 nvme1n1 WS   1651343616 131072    2.773
06:10:41.961 python3        1784369 nvme1n1 WS   1651343872 131072    2.849
06:10:41.961 python3        1784369 nvme1n1 WS   1651344128 131072    2.924
06:10:41.961 python3        1784369 nvme1n1 WS   1651344384 131072    2.996
06:10:41.961 python3        1784369 nvme1n1 WS   1651344640 131072    3.074
06:10:41.961 python3        1784369 nvme1n1 WS   1651344896 131072    3.146
06:10:41.962 python3        1784369 nvme1n1 WS   1651339008 131072    3.222
06:10:41.962 python3        1784369 nvme1n1 WS   1651351552 131072    3.299
06:10:41.962 python3        1784369 nvme1n1 WS   1651351808 131072    3.376
06:10:41.962 python3        1784369 nvme1n1 WS   1651345152 131072    3.436
06:10:41.962 python3        1784369 nvme1n1 WS   1651345408 131072    3.511
06:10:41.962 python3        1784369 nvme1n1 WS   1651345664 131072    3.587
06:10:41.962 python3        1784369 nvme1n1 WS   1651345920 131072    3.663
06:10:41.962 python3        1784369 nvme1n1 WS   1651346176 131072    3.738
06:10:41.962 python3        1784369 nvme1n1 WS   1651346432 131072    3.825
06:10:41.962 python3        1784369 nvme1n1 WS   1651346688 131072    3.889
06:10:41.962 python3        1784369 nvme1n1 WS   1651346944 131072    3.963
06:10:41.962 python3        1784369 nvme1n1 WS   1651347456 131072    4.076
06:10:41.963 python3        1784369 nvme1n1 WS   1651347712 131072    4.133
06:10:41.963 python3        1784369 nvme1n1 WS   1651347968 131072    4.206
06:10:41.963 python3        1784369 nvme1n1 WS   1651348224 131072    4.281
06:10:41.963 python3        1784369 nvme1n1 WS   1651348480 131072    4.355
06:10:41.963 python3        1784369 nvme1n1 WS   1651348736 131072    4.428
06:10:41.963 python3        1784369 nvme1n1 WS   1651348992 131072    4.499
06:10:41.963 python3        1784368 nvme1n1 WS   846688256  131072    4.601
06:10:41.963 python3        1784368 nvme1n1 WS   846688512  131072    4.667
06:10:41.963 python3        1784368 nvme1n1 WS   846688768  131072    4.741
06:10:41.963 python3        1784368 nvme1n1 WS   846689024  131072    4.813
06:10:41.963 python3        1784368 nvme1n1 WS   846689280  131072    4.892
06:10:41.963 python3        1784368 nvme1n1 WS   846689536  131072    4.964
06:10:41.963 python3        1784368 nvme1n1 WS   846689792  131072    5.042
06:10:41.964 python3        1784369 nvme1n1 WS   1651347200 131072    5.110
06:10:41.964 python3        1784369 nvme1n1 WS   1651355648 131072    5.188
06:10:41.964 python3        1784369 nvme1n1 WS   1651355904 131072    5.265
06:10:41.964 python3        1784368 nvme1n1 WS   846690048  131072    5.332
06:10:41.964 python3        1784368 nvme1n1 WS   846690304  131072    5.406
06:10:41.964 python3        1784368 nvme1n1 WS   846690560  131072    5.481
06:10:41.964 python3        1784368 nvme1n1 WS   846690816  131072    5.556
06:10:41.964 python3        1784368 nvme1n1 WS   846691072  131072    5.627
06:10:41.964 python3        1784368 nvme1n1 WS   846691328  131072    5.701
06:10:41.964 python3        1784368 nvme1n1 WS   846691584  131072    5.758
06:10:41.964 python3        1784368 nvme1n1 WS   846691840  131072    5.833
06:10:41.964 python3        1784369 nvme1n1 WS   1651349248 131072    5.954
06:10:41.964 python3        1784369 nvme1n1 WS   1651349504 131072    6.026
06:10:41.965 python3        1784369 nvme1n1 WS   1651349760 131072    6.111
06:10:41.965 python3        1784369 nvme1n1 WS   1651350016 131072    6.174
06:10:41.965 python3        1784369 nvme1n1 WS   1651350272 131072    6.226
06:10:41.965 python3        1784369 nvme1n1 WS   1651350528 131072    6.300
06:10:41.965 python3        1784369 nvme1n1 WS   1651350784 131072    6.374
06:10:41.965 python3        1784369 nvme1n1 WS   1651351040 131072    6.446
06:10:41.965 python3        1784369 nvme1n1 WS   1651351296 131072    6.494
06:10:41.965 python3        1784369 nvme1n1 WS   1651359744 131072    6.580
06:10:41.965 python3        1784369 nvme1n1 WS   1651360000 131072    6.643
06:10:41.965 python3        1784368 nvme1n1 WS   846692096  131072    6.785
06:10:41.965 python3        1784368 nvme1n1 WS   846692352  131072    6.858
06:10:41.965 python3        1784368 nvme1n1 WS   846692608  131072    6.932
06:10:41.966 python3        1784368 nvme1n1 WS   1651363840 131072    7.020
06:10:41.966 python3        1784368 nvme1n1 WS   1651364096 131072    7.044
06:10:41.966 python3        1784368 nvme1n1 WS   1651364352 131072    7.114
06:10:41.966 python3        1784368 nvme1n1 WS   1651364608 131072    7.187
06:10:41.966 python3        1784368 nvme1n1 WS   1651364864 131072    7.260
06:10:41.966 python3        1784368 nvme1n1 WS   1651365120 131072    7.334
06:10:41.966 python3        1784368 nvme1n1 WS   1651365376 131072    7.412
06:10:41.966 python3        1784368 nvme1n1 WS   1651365632 131072    7.469
06:10:41.966 python3        1784368 nvme1n1 WS   1651365888 131072    7.543
06:10:41.966 python3        1784368 nvme1n1 WS   1651366144 131072    7.620
06:10:41.966 python3        1784366 nvme1n1 WS   1651367936 131072    7.727
06:10:41.966 python3        1784366 nvme1n1 WS   1651368192 131072    7.794
06:10:41.966 python3        1784366 nvme1n1 WS   1651368448 131072    7.871
06:10:41.967 python3        1784366 nvme1n1 WS   1651368704 131072    7.945
06:10:41.967 python3        1784366 nvme1n1 WS   1651368960 131072    8.020
06:10:41.967 python3        1784366 nvme1n1 WS   1651369216 131072    8.095
06:10:41.967 python3        1784366 nvme1n1 WS   1651369472 131072    8.167
06:10:41.967 python3        1784367 nvme1n1 WS   1651372032 131072    8.310
06:10:41.967 python3        1784367 nvme1n1 WS   1651372288 131072    8.337
06:10:41.967 python3        1784367 nvme1n1 WS   1651372544 131072    8.411
06:10:41.967 python3        1784367 nvme1n1 WS   1651372800 131072    8.484
06:10:41.967 python3        1784367 nvme1n1 WS   1651373056 131072    8.565
06:10:41.967 python3        1784367 nvme1n1 WS   1651507200 131072    8.659
06:10:41.967 python3        1784367 nvme1n1 WS   1651507456 131072    8.733
06:10:41.967 python3        1784367 nvme1n1 WS   1651507712 131072    8.808
06:10:41.967 python3        1784367 nvme1n1 WS   1651507968 131072    8.883
06:10:41.968 python3        1784367 nvme1n1 WS   1651508224 131072    8.959
06:10:41.968 python3        1784367 nvme1n1 WS   1651373312 131072    9.039
06:10:41.968 python3        1784367 nvme1n1 WS   1651373568 131072    9.119
06:10:41.968 python3        1784367 nvme1n1 WS   1651373824 131072    9.182
06:10:41.968 python3        1784367 nvme1n1 WS   1651374080 131072    9.255
06:10:41.968 python3        1784367 nvme1n1 WS   1651374336 131072    9.334
06:10:41.968 python3        1784367 nvme1n1 WS   1651374592 131072    9.407
06:10:41.968 python3        1784367 nvme1n1 WS   1651374848 131072    9.484
06:10:41.968 python3        1784367 nvme1n1 WS   1651375104 131072    9.560
06:10:41.968 python3        1784367 nvme1n1 WS   1651375360 131072    9.638
06:10:41.968 python3        1784367 nvme1n1 WS   1651375616 131072    9.716
06:10:41.969 python3        1784368 nvme1n1 WS   1651366400 131072    9.940
06:10:41.969 python3        1784368 nvme1n1 WS   1651366656 131072    9.952
06:10:41.969 python3        1784368 nvme1n1 WS   1651366912 131072    9.993
06:10:41.969 python3        1784368 nvme1n1 WS   1651367168 131072   10.070
06:10:41.969 python3        1784368 nvme1n1 WS   1651367424 131072   10.149
06:10:41.969 python3        1784368 nvme1n1 WS   1651367680 131072   10.208
06:10:41.969 python3        1784368 nvme1n1 WS   1651376128 131072   10.284
06:10:41.969 python3        1784368 nvme1n1 WS   1651376384 131072   10.361
06:10:41.969 python3        1784367 nvme1n1 WS   1651508480 131072   10.485
06:10:41.969 python3        1784367 nvme1n1 WS   1651508736 131072   10.560
06:10:41.969 python3        1784367 nvme1n1 WS   1651508992 131072   10.623
06:10:41.969 python3        1784367 nvme1n1 WS   1651509248 131072   10.701
06:10:41.969 python3        1784367 nvme1n1 WS   1651509504 131072   10.778
06:10:41.969 python3        1784367 nvme1n1 WS   1651509760 131072   10.855
06:10:41.970 python3        1784367 nvme1n1 WS   1651510016 131072   10.932
06:10:41.970 python3        1784367 nvme1n1 WS   1651510272 131072   11.012
06:10:41.970 python3        1784367 nvme1n1 WS   1651510528 131072   11.088
06:10:41.970 python3        1784367 nvme1n1 WS   1651510784 131072   11.165
06:10:41.970 python3        1784366 nvme1n1 WS   57352192   131072   11.344
06:10:41.970 python3        1784366 nvme1n1 WS   57352448   131072   11.368
06:10:41.970 python3        1784366 nvme1n1 WS   57352704   131072   11.425
06:10:41.970 python3        1784366 nvme1n1 WS   57352960   131072   11.497
06:10:41.970 python3        1784366 nvme1n1 WS   57353216   131072   11.608
06:10:41.970 python3        1784366 nvme1n1 WS   57353472   131072   11.688
06:10:41.970 python3        1784366 nvme1n1 WS   57353728   131072   11.764
06:10:41.970 python3        1784366 nvme1n1 WS   57353984   131072   11.825
06:10:41.971 python3        1784366 nvme1n1 WS   1651369728 131072   11.995
06:10:41.971 python3        1784366 nvme1n1 WS   1651369984 131072   12.026
06:10:41.971 python3        1784366 nvme1n1 WS   1651370240 131072   12.104
06:10:41.971 python3        1784366 nvme1n1 WS   1651370496 131072   12.177
06:10:41.971 python3        1784366 nvme1n1 WS   1651370752 131072   12.255
06:10:41.971 python3        1784366 nvme1n1 WS   1651371008 131072   12.329
06:10:41.971 python3        1784366 nvme1n1 WS   1651371264 131072   12.407
06:10:41.971 python3        1784366 nvme1n1 WS   1651371520 131072   12.484
06:10:41.971 python3        1784366 nvme1n1 WS   1651371776 131072   12.549
06:10:41.971 python3        1784366 nvme1n1 WS   1651380224 131072   12.629
06:10:41.971 python3        1784367 nvme1n1 WS   57356288   131072   12.729
06:10:41.971 python3        1784367 nvme1n1 WS   57356544   131072   12.805
06:10:41.972 python3        1784367 nvme1n1 WS   57356800   131072   12.879
06:10:41.972 python3        1784367 nvme1n1 WS   57357056   131072   12.960
06:10:41.972 python3        1784367 nvme1n1 WS   57357312   131072   13.040
06:10:41.972 python3        1784367 nvme1n1 WS   57357568   131072   13.116
06:10:41.972 python3        1784366 nvme1n1 WS   57354240   131072   13.199
06:10:41.972 python3        1784366 nvme1n1 WS   57354496   131072   13.277
06:10:41.972 python3        1784366 nvme1n1 WS   57354752   131072   13.351
06:10:41.972 python3        1784366 nvme1n1 WS   57355008   131072   13.427
06:10:41.972 python3        1784366 nvme1n1 WS   57355264   131072   13.504
06:10:41.972 python3        1784366 nvme1n1 WS   57355520   131072   13.578
06:10:41.972 python3        1784366 nvme1n1 WS   57355776   131072   13.656
06:10:41.972 python3        1784366 nvme1n1 WS   57356032   131072   13.720
06:10:41.972 python3        1784366 nvme1n1 WS   57360384   131072   13.805
06:10:41.973 python3        1784366 nvme1n1 WS   57360640   131072   13.874
06:10:41.973 python3        1784367 nvme1n1 WS   57357824   131072   14.082
06:10:41.973 python3        1784366 nvme1n1 WS   1651380480 131072   14.125
06:10:41.973 python3        1784367 nvme1n1 WS   57358080   131072   14.136
06:10:41.973 python3        1784367 nvme1n1 WS   57358336   131072   14.212
06:10:41.973 python3        1784367 nvme1n1 WS   57358592   131072   14.291
06:10:41.973 python3        1784367 nvme1n1 WS   57358848   131072   14.370
06:10:41.973 python3        1784367 nvme1n1 WS   57359104   131072   14.447
06:10:41.973 python3        1784367 nvme1n1 WS   57359360   131072   14.523
06:10:41.973 python3        1784367 nvme1n1 WS   57359616   131072   14.598
06:10:41.973 python3        1784367 nvme1n1 WS   57359872   131072   14.677
06:10:41.973 python3        1784367 nvme1n1 WS   57360128   131072   14.742
06:10:41.974 python3        1784367 nvme1n1 WS   57364480   131072   14.824
06:10:41.974 python3        1784367 nvme1n1 WS   57364736   131072   14.896
06:10:41.974 python3        1784367 nvme1n1 WS   1651511040 131072   15.036
06:10:41.974 python3        1784367 nvme1n1 WS   1651511296 131072   15.109
06:10:41.974 python3        1784367 nvme1n1 WS   1651511552 131072   15.187
06:10:41.974 python3        1784367 nvme1n1 WS   1651375872 131072   15.348
06:10:41.974 python3        1784367 nvme1n1 WS   1651384320 131072   15.369
06:10:41.974 python3        1784367 nvme1n1 WS   1651384576 131072   15.414
06:10:41.974 python3        1784367 nvme1n1 WS   1651388416 131072   15.482
06:10:41.974 python3        1784367 nvme1n1 WS   1651388672 131072   15.519
06:10:41.974 python3        1784367 nvme1n1 WS   1651388928 131072   15.583
06:10:41.974 python3        1784367 nvme1n1 WS   1651389184 131072   15.658
06:10:41.974 python3        1784367 nvme1n1 WS   1651389440 131072   15.737
06:10:41.975 python3        1784367 nvme1n1 WS   1651389696 131072   15.820
06:10:41.975 python3        1784367 nvme1n1 WS   1651389952 131072   15.905
06:10:41.975 python3        1784368 nvme1n1 WS   846696448  131072   15.975
06:10:41.975 python3        1784368 nvme1n1 WS   846696704  131072   16.043
06:10:41.975 python3        1784368 nvme1n1 WS   846696960  131072   16.117
06:10:41.975 python3        1784368 nvme1n1 WS   846697216  131072   16.194
06:10:41.975 python3        1784368 nvme1n1 WS   846697472  131072   16.269
06:10:41.975 python3        1784368 nvme1n1 WS   846697728  131072   16.347
06:10:41.975 python3        1784368 nvme1n1 WS   1651392512 131072   16.473
06:10:41.975 python3        1784368 nvme1n1 WS   1651392768 131072   16.542
06:10:41.975 python3        1784367 nvme1n1 WS   1651390208 131072   16.617
06:10:41.975 python3        1784367 nvme1n1 WS   1651390464 131072   16.695
06:10:41.976 python3        1784367 nvme1n1 WS   1651390720 131072   16.771
06:10:41.976 python3        1784367 nvme1n1 WS   1651390976 131072   16.849
06:10:41.976 python3        1784367 nvme1n1 WS   1651391232 131072   16.930
06:10:41.976 python3        1784367 nvme1n1 WS   1651391488 131072   17.005
06:10:41.976 python3        1784367 nvme1n1 WS   1651391744 131072   17.082
06:10:41.976 python3        1784367 nvme1n1 WS   1651392000 131072   17.161
06:10:41.976 python3        1784367 nvme1n1 WS   1651392256 131072   17.225
06:10:41.976 python3        1784367 nvme1n1 WS   1651400704 131072   17.300
06:10:41.976 python3        1784367 nvme1n1 WS   1651400960 131072   17.379
06:10:41.976 python3        1784368 nvme1n1 WS   846697984  131072   17.504
06:10:41.976 python3        1784368 nvme1n1 WS   846698240  131072   17.564
06:10:41.976 python3        1784368 nvme1n1 WS   846698496  131072   17.640
06:10:41.977 python3        1784368 nvme1n1 WS   846698752  131072   17.727
06:10:41.977 python3        1784368 nvme1n1 WS   846699008  131072   17.791
06:10:41.977 python3        1784368 nvme1n1 WS   846699264  131072   17.867
06:10:41.977 python3        1784368 nvme1n1 WS   846699520  131072   17.944
06:10:41.977 python3        1784368 nvme1n1 WS   846699776  131072   18.018
06:10:41.977 python3        1784368 nvme1n1 WS   846700032  131072   18.093
06:10:41.977 python3        1784368 nvme1n1 WS   846700288  131072   18.161
06:10:41.977 python3        1784368 nvme1n1 WS   846700544  131072   18.240
06:10:41.977 python3        1784368 nvme1n1 WS   846700800  131072   18.317
06:10:41.977 python3        1784368 nvme1n1 WS   1651393024 131072   18.459
06:10:41.977 python3        1784368 nvme1n1 WS   1651393280 131072   18.531
06:10:41.977 python3        1784368 nvme1n1 WS   1651393536 131072   18.604
06:10:41.977 python3        1784368 nvme1n1 WS   1651393792 131072   18.679
06:10:41.978 python3        1784368 nvme1n1 WS   1651394048 131072   18.753
06:10:41.978 python3        1784368 nvme1n1 WS   1651394304 131072   18.806
06:10:41.978 python3        1784368 nvme1n1 WS   1651394560 131072   18.885
06:10:41.978 python3        1784368 nvme1n1 WS   1651394816 131072   18.958
06:10:41.978 python3        1784368 nvme1n1 WS   1651395072 131072   19.031
06:10:41.978 python3        1784368 nvme1n1 WS   1651395328 131072   19.107
06:10:41.978 python3        1784368 nvme1n1 WS   1651395584 131072   19.186
06:10:41.978 python3        1784366 nvme1n1 WS   1651396608 131072   19.362
06:10:41.978 python3        1784366 nvme1n1 WS   1651396864 131072   19.373
06:10:41.978 python3        1784366 nvme1n1 WS   1651397120 131072   19.449
06:10:41.978 python3        1784366 nvme1n1 WS   1651397376 131072   19.528
06:10:41.978 python3        1784366 nvme1n1 WS   1651397632 131072   19.603
06:10:41.978 python3        1784366 nvme1n1 WS   1651397888 131072   19.679
06:10:41.979 python3        1784366 nvme1n1 WS   1651398144 131072   19.755
06:10:41.979 python3        1784368 nvme1n1 WS   1651395840 131072   19.828
06:10:41.979 python3        1784368 nvme1n1 WS   1651396096 131072   19.898
06:10:41.979 python3        1784368 nvme1n1 WS   1651396352 131072   19.958
06:10:41.979 python3        1784368 nvme1n1 WS   1651404800 131072   20.025
06:10:41.979 python3        1784368 nvme1n1 WS   1651405056 131072   20.103
06:10:41.979 python3        1784366 nvme1n1 WS   1651398400 131072   20.215
06:10:41.979 python3        1784366 nvme1n1 WS   1651398656 131072   20.295
06:10:41.979 python3        1784366 nvme1n1 WS   1651398912 131072   20.369
06:10:41.979 python3        1784366 nvme1n1 WS   1651399168 131072   20.449
06:10:41.979 python3        1784366 nvme1n1 WS   1651399424 131072   20.526
06:10:41.979 python3        1784366 nvme1n1 WS   1651399680 131072   20.606
06:10:41.980 python3        1784366 nvme1n1 WS   1651399936 131072   20.686
06:10:41.980 python3        1784366 nvme1n1 WS   1651400192 131072   20.767
06:10:41.980 python3        1784366 nvme1n1 WS   1651400448 131072   20.830
06:10:41.980 python3        1784366 nvme1n1 WS   1651408896 131072   20.908
06:10:41.980 python3        1784366 nvme1n1 WS   1651409152 131072   20.984
06:10:41.980 python3        1784369 nvme1n1 WS   1651412992 131072   21.016
06:10:41.980 python3        1784369 nvme1n1 WS   1651413248 131072   21.085
06:10:41.980 python3        1784369 nvme1n1 WS   1651413504 131072   21.162
06:10:41.980 python3        1784369 nvme1n1 WS   1651413760 131072   21.276
06:10:41.980 python3        1784369 nvme1n1 WS   1651414016 131072   21.354
06:10:41.980 python3        1784369 nvme1n1 WS   1651414272 131072   21.431
06:10:41.980 python3        1784369 nvme1n1 WS   1651414528 131072   21.507
06:10:41.981 python3        1784369 nvme1n1 WS   1651414784 131072   21.551
06:10:41.981 python3        1784369 nvme1n1 WS   1651415040 131072   21.630
06:10:41.981 python3        1784369 nvme1n1 WS   1651415296 131072   21.704
06:10:41.981 python3        1784369 nvme1n1 WS   1651415552 131072   21.780
06:10:41.981 python3        1784369 nvme1n1 WS   1651415808 131072   21.855
06:10:41.981 python3        1784366 nvme1n1 WS   1651421184 131072   20.799
06:10:41.981 python3        1784366 nvme1n1 WS   1651421440 131072   20.825
06:10:41.981 python3        1784366 nvme1n1 WS   1651421696 131072   20.900
06:10:41.981 python3        1784366 nvme1n1 WS   1651421952 131072   20.980
06:10:41.981 python3        1784369 nvme1n1 WS   1651416064 131072   22.262
06:10:41.981 python3        1784369 nvme1n1 WS   1651416320 131072   22.338
06:10:41.981 python3        1784369 nvme1n1 WS   1651416576 131072   22.417
06:10:41.982 python3        1784369 nvme1n1 WS   1651416832 131072   22.482
06:10:41.982 python3        1784369 nvme1n1 WS   1651417088 131072   22.559
06:10:41.982 python3        1784369 nvme1n1 WS   1651417344 131072   22.639
06:10:41.982 python3        1784366 nvme1n1 WS   1651422208 131072   21.541
06:10:41.982 python3        1784366 nvme1n1 WS   1651422464 131072   21.621
06:10:41.982 python3        1784366 nvme1n1 WS   1651422720 131072   21.699
06:10:41.982 python3        1784366 nvme1n1 WS   1651422976 131072   21.759
06:10:41.982 python3        1784366 nvme1n1 WS   1651423232 131072   21.836
06:10:41.982 python3        1784366 nvme1n1 WS   1651423488 131072   21.911
06:10:41.982 python3        1784366 nvme1n1 WS   1651423744 131072   21.987
06:10:41.982 python3        1784366 nvme1n1 WS   1651424000 131072   22.070
06:10:41.982 python3        1784366 nvme1n1 WS   1651424256 131072   22.173
06:10:41.983 python3        1784366 nvme1n1 WS   1651424512 131072   22.301
06:10:41.983 python3        1784366 nvme1n1 WS   1651424768 131072   22.430
06:10:41.983 python3        1784366 nvme1n1 WS   1651425024 131072   22.547
06:10:41.983 python3        1784366 nvme1n1 WS   1651425280 131072   22.677
06:10:41.983 python3        1784366 nvme1n1 WS   1651425536 131072   22.807
06:10:41.983 python3        1784369 nvme1n1 WS   846704640  131072   20.563
06:10:41.983 python3        1784369 nvme1n1 WS   846704896  131072   20.635
06:10:41.983 python3        1784369 nvme1n1 WS   846705152  131072   20.716
06:10:41.983 python3        1784369 nvme1n1 WS   846705408  131072   20.791
06:10:41.983 python3        1784369 nvme1n1 WS   846705664  131072   20.870
06:10:41.984 python3        1784369 nvme1n1 WS   846705920  131072   20.954
06:10:41.984 python3        1784369 nvme1n1 WS   846706176  131072   21.036
06:10:41.984 python3        1784369 nvme1n1 WS   846706432  131072   21.099
06:10:41.984 python3        1784369 nvme1n1 WS   846706688  131072   21.179
06:10:41.984 python3        1784369 nvme1n1 WS   846706944  131072   21.264
06:10:41.984 python3        1784369 nvme1n1 WS   846707200  131072   21.344
06:10:41.984 python3        1784369 nvme1n1 WS   846707456  131072   21.424
06:10:41.984 python3        1784369 nvme1n1 WS   846707712  131072   21.500
06:10:41.984 python3        1784369 nvme1n1 WS   846707968  131072   21.580
06:10:41.984 python3        1784369 nvme1n1 WS   846708224  131072   21.655
06:10:41.984 python3        1784369 nvme1n1 WS   846708480  131072   21.721
06:10:41.984 python3        1784369 nvme1n1 WS   846708736  131072   21.804
06:10:41.985 python3        1784369 nvme1n1 WS   846708992  131072   21.879
06:10:41.985 python3        1784369 nvme1n1 WS   1664329728 131072   19.677
06:10:41.985 python3        1784369 nvme1n1 WS   1664329984 131072   19.695
06:10:41.985 python3        1784369 nvme1n1 WS   1664330240 131072   19.764
06:10:41.985 python3        1784369 nvme1n1 WS   1664331520 4096     19.753
06:10:41.985 python3        1784369 nvme1n1 WS   1664330496 131072   19.842
06:10:41.985 python3        1784369 nvme1n1 WS   1664330752 131072   19.923
06:10:41.985 python3        1784369 nvme1n1 WS   1664331008 131072   19.996
06:10:41.985 python3        1784369 nvme1n1 WS   1664331264 131072   20.071
06:10:41.985 python3        1784368 nvme1n1 WS   1651429376 131072   18.809
06:10:41.985 python3        1784368 nvme1n1 WS   1651429632 131072   18.886
06:10:41.985 python3        1784368 nvme1n1 WS   1651429888 131072   18.954
06:10:41.986 python3        1784368 nvme1n1 WS   1651430144 131072   19.102
06:10:41.986 python3        1784368 nvme1n1 WS   1651430400 131072   19.182
06:10:41.986 python3        1784368 nvme1n1 WS   1651430656 131072   19.289
06:10:41.986 python3        1784368 nvme1n1 WS   1651430912 131072   19.369
06:10:41.986 python3        1784368 nvme1n1 WS   1651431168 131072   19.430
06:10:41.986 python3        1784368 nvme1n1 WS   1651431424 131072   19.506
06:10:41.986 python3        1784368 nvme1n1 WS   1651431680 131072   19.600
06:10:41.986 python3        1784368 nvme1n1 WS   1651431936 131072   19.671
06:10:41.986 python3        1784368 nvme1n1 WS   1651432192 131072   19.750
06:10:41.986 python3        1784368 nvme1n1 WS   1651432448 131072   19.830
06:10:41.986 python3        1784368 nvme1n1 WS   1651432704 131072   19.909
06:10:41.986 python3        1784368 nvme1n1 WS   1651432960 131072   19.989
06:10:41.987 python3        1784368 nvme1n1 WS   1651433216 131072   20.058
06:10:41.987 python3        1784368 nvme1n1 WS   1651433472 131072   20.137
06:10:41.987 python3        1784368 nvme1n1 WS   1651433728 131072   20.217
06:10:41.987 python3        1784368 nvme1n1 WS   1664333824 131072   17.091
06:10:41.987 python3        1784368 nvme1n1 WS   1664334080 131072   17.151
06:10:41.987 python3        1784368 nvme1n1 WS   1664334336 131072   17.226
06:10:41.987 python3        1784368 nvme1n1 WS   1664335616 4096     17.214
06:10:41.987 python3        1784368 nvme1n1 WS   1664334592 131072   17.305
06:10:41.987 python3        1784368 nvme1n1 WS   1664334848 131072   17.380
06:10:41.987 python3        1784368 nvme1n1 WS   1664335104 131072   17.459
06:10:41.987 python3        1784368 nvme1n1 WS   1664335360 131072   17.535
06:10:41.987 python3        1784366 nvme1n1 WS   1591433216 131072   13.884
06:10:41.987 python3        1784366 nvme1n1 WS   1591433472 131072   13.945
06:10:41.987 python3        1784366 nvme1n1 WS   1591433728 131072   14.025
06:10:41.987 python3        1784366 nvme1n1 WS   1591435008 4096     14.014
06:10:41.988 python3        1784366 nvme1n1 WS   1591433984 131072   14.103
06:10:41.988 python3        1784366 nvme1n1 WS   1591434240 131072   14.186
06:10:41.988 python3        1784366 nvme1n1 WS   1591434496 131072   14.269
06:10:41.988 python3        1784366 nvme1n1 WS   1591434752 131072   14.344
06:10:41.988 python3        1784367 nvme1n1 WS   57368576   131072   13.431
06:10:41.988 python3        1784367 nvme1n1 WS   57368832   131072   13.503
06:10:41.988 python3        1784367 nvme1n1 WS   57369088   131072   13.580
06:10:41.988 python3        1784367 nvme1n1 WS   57369344   131072   13.660
06:10:41.988 python3        1784367 nvme1n1 WS   57369600   131072   13.738
06:10:41.988 python3        1784367 nvme1n1 WS   57369856   131072   13.810
06:10:41.988 python3        1784367 nvme1n1 WS   57370112   131072   13.887
06:10:41.988 python3        1784367 nvme1n1 WS   57370368   131072   13.944
06:10:41.989 python3        1784367 nvme1n1 WS   57370624   131072   14.021
06:10:41.989 python3        1784367 nvme1n1 WS   57370880   131072   14.095
06:10:41.989 python3        1784367 nvme1n1 WS   57371136   131072   14.172
06:10:41.989 python3        1784367 nvme1n1 WS   57371392   131072   14.247
06:10:41.989 python3        1784367 nvme1n1 WS   57371648   131072   14.321
06:10:41.989 python3        1784367 nvme1n1 WS   57371904   131072   14.398
06:10:41.989 python3        1784367 nvme1n1 WS   57372160   131072   14.474
06:10:41.989 python3        1784367 nvme1n1 WS   57372416   131072   14.531
06:10:41.989 python3        1784367 nvme1n1 WS   57372672   131072   14.606
06:10:41.989 python3        1784367 nvme1n1 WS   57372928   131072   14.682
06:10:41.989 python3        1784367 nvme1n1 WS   70428672   131072   14.308
06:10:41.989 python3        1784367 nvme1n1 WS   70428928   131072   14.379
06:10:41.990 python3        1784367 nvme1n1 WS   70429184   131072   14.456
06:10:41.990 python3        1784367 nvme1n1 WS   70429440   131072   14.539
06:10:41.990 python3        1784367 nvme1n1 WS   70430464   4096     14.528
06:10:41.990 python3        1784367 nvme1n1 WS   70429696   131072   14.620
06:10:41.990 python3        1784367 nvme1n1 WS   70429952   131072   14.698
06:10:41.990 python3        1784367 nvme1n1 WS   70430208   131072   14.772
06:10:42.914 nvme           1900109 Unknown N    -1         512       0.082
06:10:43.026 ib_log_        125924  nvme1n1 WS   1738279920 4096      0.049
06:10:43.027 ib_log_        125924  nvme1n1 WS   1738279920 4096      0.029
06:10:43.027 ib_log_        125924  nvme1n1 WS   1738279920 8192      0.033
06:10:43.027 ib_log_        125924  nvme1n1 WS   1738279936 8192      0.031
06:10:43.028 jbd2/nv        752     nvme1n1 WSM  876909952  131072    0.150
06:10:43.028 jbd2/nv        752     nvme1n1 WSM  876910208  73728     0.165
06:10:43.028 jbd2/nv        752     nvme1n1 WSM  876910352  4096      0.028
06:10:43.028 connect        125924  nvme1n1 WS   313170496  4096      0.032
06:10:43.028 jbd2/nv        752     nvme1n1 WSM  876910360  8192      0.041
06:10:43.028 jbd2/nv        752     nvme1n1 WSM  876910376  4096      0.027
06:10:43.028 ib_log_        125924  nvme1n1 WS   1738279936 4096      0.027
06:10:43.028 ib_log_        125924  nvme1n1 WS   1738279936 4096      0.027
06:10:43.028 jbd2/nv        752     nvme1n1 WSM  876910384  45056     0.066
06:10:43.028 jbd2/nv        752     nvme1n1 WSM  876910472  4096      0.027
06:10:43.029 ib_log_        125924  nvme1n1 WS   1738279936 4096      0.034
06:10:43.029 ib_log_        125924  nvme1n1 WS   1738279936 4096      0.028
06:10:43.029 ib_log_        125924  nvme1n1 WS   1738279936 4096      0.028
06:10:43.105 ib_log_        125924  nvme1n1 WS   1738279936 4096      0.033
06:10:43.106 ib_log_        125924  nvme1n1 WS   1738279936 8192      0.033
06:10:43.214 ib_log_        125924  nvme1n1 WS   1738279944 4096      0.033
06:10:43.232 kworker        1790484 nvme1n1 W    608570216  4096      0.040
06:10:43.232 kworker        1817148 nvme1n1 W    608740720  4096      0.052
06:10:43.232 kworker        1817148 nvme1n1 W    1719293880 4096      0.056
06:10:43.232 kworker        1817148 nvme1n1 W    846225808  57344     0.126
06:10:43.232 kworker        1817148 nvme1n1 W    846225920  98304     0.144
06:10:43.232 kworker        1879956 nvme1n1 WM   32         8192      0.114
06:10:43.232 kworker        1879956 nvme1n1 WM   152        4096      0.117
06:10:43.232 kworker        1879956 nvme1n1 WM   296        4096      0.121
06:10:43.232 kworker        1879956 nvme1n1 WM   440        4096      0.123
06:10:43.232 kworker        1879956 nvme1n1 WM   568        4096      0.128
06:10:43.232 kworker        1879956 nvme1n1 WM   712        4096      0.132
06:10:43.232 kworker        1879956 nvme1n1 WM   752        8192      0.137
06:10:43.232 kworker        1879956 nvme1n1 WM   54526032   4096      0.137
06:10:43.232 kworker        1879956 nvme1n1 WM   67108944   4096      0.141
06:10:43.232 kworker        1879956 nvme1n1 WM   67108960   4096      0.143
06:10:43.232 kworker        1879956 nvme1n1 WM   71303296   4096      0.147
06:10:43.232 kworker        1879956 nvme1n1 WM   71303440   8192      0.150
06:10:43.232 kworker        1879956 nvme1n1 WM   310378544  4096      0.156
06:10:43.232 kworker        1879956 nvme1n1 WM   310872760  4096      0.157
06:10:43.232 kworker        1879956 nvme1n1 WM   461373448  4096      0.159
06:10:43.232 kworker        1879956 nvme1n1 WM   461373696  8192      0.164
06:10:43.232 kworker        1879956 nvme1n1 WM   461373744  4096      0.164
06:10:43.232 kworker        1879956 nvme1n1 WM   461373768  8192      0.170
06:10:43.232 kworker        1879956 nvme1n1 WM   461373808  4096      0.171
06:10:43.232 kworker        1879956 nvme1n1 WM   461373848  4096      0.175
06:10:43.232 kworker        1879956 nvme1n1 WM   461373888  4096      0.176
06:10:43.232 kworker        1879956 nvme1n1 WM   461374256  8192      0.181
06:10:43.232 kworker        1879956 nvme1n1 WM   570692480  4096      0.183
06:10:43.232 kworker        1879956 nvme1n1 WM   591663008  4096      0.189
06:10:43.232 kworker        1879956 nvme1n1 WM   591667272  4096      0.190
06:10:43.232 kworker        1879956 nvme1n1 WM   591669240  4096      0.191
06:10:43.232 kworker        1879956 nvme1n1 WM   591669392  4096      0.197
06:10:43.232 kworker        1879956 nvme1n1 WM   591670072  4096      0.198
06:10:43.232 kworker        1879956 nvme1n1 WM   591671264  4096      0.198
06:10:43.232 kworker        1879956 nvme1n1 WM   591672264  8192      0.202
06:10:43.232 kworker        1879956 nvme1n1 WM   591672784  4096      0.203
06:10:43.232 kworker        1879956 nvme1n1 WM   784        20480     0.228
06:10:43.232 kworker        1790484 nvme1n1 W    608570224  4096      0.032
06:10:43.232 kworker        1879956 nvme1n1 WM   591673928  4096      0.093
06:10:43.232 kworker        1879956 nvme1n1 WM   591677360  4096      0.098
06:10:43.232 kworker        1879956 nvme1n1 WM   599785488  4096      0.099
06:10:43.232 kworker        1879956 nvme1n1 WM   608174096  4096      0.105
06:10:43.232 kworker        1879956 nvme1n1 WM   608174224  4096      0.106
06:10:43.232 kworker        1879956 nvme1n1 WM   608174336  4096      0.107
06:10:43.233 kworker        1879956 nvme1n1 WM   843055136  8192      0.129
06:10:43.233 kworker        1879956 nvme1n1 WM   843055208  4096      0.132
06:10:43.233 kworker        1879956 nvme1n1 WM   844216232  8192      0.133
06:10:43.233 kworker        1879956 nvme1n1 WM   905969800  4096      0.134
06:10:43.233 kworker        1879956 nvme1n1 WM   905969920  4096      0.140
06:10:43.233 kworker        1879956 nvme1n1 WM   1174405136 4096      0.139
06:10:43.233 kworker        1879956 nvme1n1 WM   1484783632 4096      0.140
06:10:43.233 kworker        1879956 nvme1n1 WM   1484783672 4096      0.142
06:10:43.233 kworker        1879956 nvme1n1 WM   1484789216 4096      0.142
06:10:43.233 kworker        1879956 nvme1n1 WM   1493172480 4096      0.146
06:10:43.233 kworker        1879956 nvme1n1 WM   1493172504 4096      0.147
06:10:43.233 kworker        1879956 nvme1n1 WM   1519290072 4096      0.150
06:10:43.233 kworker        1879956 nvme1n1 WM   1572864128 4096      0.153
06:10:43.233 kworker        1879956 nvme1n1 WM   1572864280 4096      0.154
06:10:43.233 kworker        1879956 nvme1n1 WM   1581252664 4096      0.155
06:10:43.233 kworker        1879956 nvme1n1 WM   1585446976 8192      0.160
06:10:43.233 kworker        1879956 nvme1n1 WM   1589641264 4096      0.161
06:10:43.233 kworker        1879956 nvme1n1 WM   1589641328 4096      0.162
06:10:43.233 kworker        1879956 nvme1n1 WM   1631584368 4096      0.165
06:10:43.233 kworker        1879956 nvme1n1 WM   1635449304 4096      0.169
06:10:43.233 kworker        1879956 nvme1n1 WM   1681915992 4096      0.168
06:10:43.233 kworker        1879956 nvme1n1 WM   608185112  61440     0.231
06:10:43.233 kworker        1879956 nvme1n1 WM   844186064  24576     0.240
06:10:43.233 kworker        1879956 nvme1n1 WM   905977640  36864     0.255
06:10:43.233 kworker        1879956 nvme1n1 WM   1648361544 16384     0.260
06:10:43.233 kworker        1879956 nvme1n1 WM   1660944472 12288     0.268
06:10:43.233 kworker        1879956 nvme1n1 WM   1702887504 4096      0.201
06:10:43.233 kworker        1879956 nvme1n1 WM   1707383280 4096      0.205
06:10:43.233 kworker        1879956 nvme1n1 WM   1707589104 4096      0.207
06:10:43.233 kworker        1879956 nvme1n1 WM   1719481664 4096      0.210
06:10:43.233 kworker        1879956 nvme1n1 WM   1735442080 4096      0.221
06:10:43.233 kworker        1879956 nvme1n1 WM   1735448440 4096      0.225
06:10:43.233 kworker        1879956 nvme1n1 WM   1756389872 4096      0.231
06:10:43.233 kworker        1879956 nvme1n1 WM   1756389904 4096      0.233
06:10:43.233 kworker        1879956 nvme1n1 WM   1756414144 8192      0.224
06:10:43.233 kworker        1879956 nvme1n1 WM   1756414912 4096      0.227
06:10:43.233 kworker        1879956 nvme1n1 WM   1756415592 4096      0.223
06:10:43.233 kworker        1879956 nvme1n1 WM   1756415728 4096      0.223
06:10:43.233 kworker        1879956 nvme1n1 WM   1756428304 4096      0.225
06:10:43.233 kworker        1879956 nvme1n1 WM   1756439512 4096      0.230
06:10:43.233 kworker        1879956 nvme1n1 WM   1756440328 4096      0.230
06:10:43.233 kworker        1879956 nvme1n1 WM   1756440520 4096      0.232
06:10:43.233 kworker        1879956 nvme1n1 WM   1756489664 4096      0.236
06:10:43.233 kworker        1879956 nvme1n1 WM   1756492368 4096      0.237
06:10:43.233 kworker        1879956 nvme1n1 WM   1756492408 4096      0.238
06:10:43.233 kworker        1879956 nvme1n1 WM   1756492512 4096      0.239
06:10:43.233 kworker        1879956 nvme1n1 WM   1756492528 4096      0.243
06:10:43.233 kworker        1879956 nvme1n1 WM   1756528240 4096      0.243
06:10:43.233 kworker        1879956 nvme1n1 WM   1756528360 4096      0.244
06:10:43.233 kworker        1879956 nvme1n1 WM   1756551160 4096      0.180
06:10:43.233 kworker        1879956 nvme1n1 WM   1756598896 4096      0.181
06:10:43.233 kworker        1879956 nvme1n1 WM   1756601008 4096      0.181
06:10:43.233 kworker        1879956 nvme1n1 WM   1756670224 4096      0.185
06:10:43.233 kworker        1879956 nvme1n1 WM   1756670512 4096      0.185
06:10:43.233 kworker        1879956 nvme1n1 WM   1756414944 12288     0.276
06:10:43.233 kworker        1879956 nvme1n1 WM   1756670968 4096      0.088
06:10:43.233 kworker        1879956 nvme1n1 WM   1756671472 4096      0.093
06:10:43.233 kworker        1879956 nvme1n1 WM   1756680696 4096      0.094
06:10:43.233 kworker        1879956 nvme1n1 WM   1756686272 4096      0.098
06:10:43.233 kworker        1879956 nvme1n1 WM   1756692424 8192      0.102
06:10:43.233 kworker        1879956 nvme1n1 WM   1756708840 4096      0.103
06:10:43.233 kworker        1879956 nvme1n1 WM   1756709864 4096      0.107
06:10:43.233 kworker        1879956 nvme1n1 WM   1756754864 8192      0.111
06:10:43.233 kworker        1879956 nvme1n1 WM   1756757944 4096      0.129
06:10:43.233 kworker        1879956 nvme1n1 WM   1756757992 8192      0.171
06:10:43.233 kworker        1879956 nvme1n1 WM   1756772336 4096      0.172
06:10:43.233 kworker        1879956 nvme1n1 WM   1756772976 4096      0.173
06:10:43.233 kworker        1879956 nvme1n1 WM   1756777336 4096      0.173
06:10:43.233 kworker        1879956 nvme1n1 WM   1756777440 8192      0.174
06:10:43.233 kworker        1879956 nvme1n1 WM   1756777464 4096      0.175
06:10:43.233 kworker        1879956 nvme1n1 WM   1756778144 4096      0.175
06:10:43.233 kworker        1879956 nvme1n1 WM   1756778456 4096      0.176
06:10:43.233 kworker        1879956 nvme1n1 WM   1756779512 4096      0.177
06:10:43.233 kworker        1879956 nvme1n1 WM   1756780368 4096      0.177
06:10:43.233 kworker        1879956 nvme1n1 WM   1756780384 4096      0.178
06:10:43.233 kworker        1879956 nvme1n1 WM   1756780424 8192      0.178
06:10:43.233 kworker        1879956 nvme1n1 WM   1756780512 8192      0.178
06:10:43.233 kworker        1879956 nvme1n1 WM   1756783048 4096      0.194
06:10:43.233 kworker        1879956 nvme1n1 WM   1756792560 8192      0.195
06:10:43.233 kworker        1879956 nvme1n1 WM   1756792784 4096      0.197
06:10:43.233 kworker        1879956 nvme1n1 WM   1756792824 4096      0.197
06:10:43.233 kworker        1879956 nvme1n1 WM   1756807648 4096      0.198
06:10:43.233 kworker        1879956 nvme1n1 WM   1756807664 4096      0.198
06:10:43.233 kworker        1879956 nvme1n1 WM   1756825336 4096      0.199
06:10:43.233 kworker        1879956 nvme1n1 WM   1756827264 4096      0.199
06:10:43.233 kworker        1879956 nvme1n1 WM   1756827360 4096      0.200
06:10:43.233 kworker        1879956 nvme1n1 WM   1756780480 12288     0.209
06:10:43.233 kworker        1879956 nvme1n1 WM   1756827592 4096      0.149
06:10:43.233 kworker        1879956 nvme1n1 WM   1756828048 4096      0.149
06:10:43.233 kworker        1879956 nvme1n1 WM   1756828088 4096      0.150
06:10:43.233 kworker        1879956 nvme1n1 WM   1756828152 4096      0.152
06:10:43.233 kworker        1879956 nvme1n1 WM   1756832760 4096      0.161
06:10:43.233 kworker        1879956 nvme1n1 WM   1756840224 4096      0.165
06:10:43.233 kworker        1879956 nvme1n1 WM   1756840392 4096      0.171
06:10:43.233 kworker        1879956 nvme1n1 WM   1756843928 4096      0.171
06:10:43.233 kworker        1879956 nvme1n1 WM   1756843952 4096      0.172
06:10:43.233 kworker        1879956 nvme1n1 WM   1756847720 4096      0.177
06:10:43.233 kworker        1879956 nvme1n1 WM   1756848408 4096      0.177
06:10:43.233 kworker        1879956 nvme1n1 WM   1756848456 4096      0.178
06:10:43.233 kworker        1879956 nvme1n1 WM   1756848472 4096      0.183
06:10:43.233 kworker        1879956 nvme1n1 WM   1756852120 4096      0.184
06:10:43.233 kworker        1879956 nvme1n1 WM   1756852144 8192      0.184
06:10:43.233 kworker        1879956 nvme1n1 WM   1756864792 4096      0.188
06:10:43.233 kworker        1879956 nvme1n1 WM   1756864896 4096      0.189
06:10:43.233 kworker        1879956 nvme1n1 WM   1756864960 8192      0.192
06:10:43.233 kworker        1879956 nvme1n1 WM   1756866928 4096      0.196
06:10:43.233 kworker        1879956 nvme1n1 WM   1756867056 4096      0.200
06:10:43.233 kworker        1879956 nvme1n1 WM   1756867504 4096      0.202
06:10:43.233 kworker        1879956 nvme1n1 WM   1756868288 4096      0.204
06:10:43.233 kworker        1879956 nvme1n1 WM   1756868312 4096      0.209
06:10:43.233 kworker        1879956 nvme1n1 WM   1756868344 4096      0.209
06:10:43.233 kworker        1879956 nvme1n1 WM   1756872696 4096      0.210
06:10:43.233 kworker        1879956 nvme1n1 WM   1756879464 4096      0.183
06:10:43.233 kworker        1879956 nvme1n1 WM   1756879864 4096      0.184
06:10:43.233 kworker        1879956 nvme1n1 WM   1756840424 12288     0.231
06:10:43.233 kworker        1879956 nvme1n1 WM   1756846008 12288     0.236
06:10:43.233 kworker        1879956 nvme1n1 WM   1756886992 4096      0.035
06:10:43.233 kworker        1879956 nvme1n1 WM   1756887032 4096      0.036
06:10:43.233 kworker        1879956 nvme1n1 WM   1757028296 4096      0.040
06:10:43.429 ib_pg_f        125924  nvme1n1 WS   1740054528 131072    0.167
06:10:43.429 ib_pg_f        125924  nvme1n1 WS   1740054784 131072    0.233
06:10:43.429 ib_pg_f        125924  nvme1n1 WS   1740055040 131072    0.312
06:10:43.429 ib_pg_f        125924  nvme1n1 WS   1740055296 131072    0.387
06:10:43.429 ib_pg_f        125924  nvme1n1 WS   1740055552 131072    0.464
06:10:43.429 ib_pg_f        125924  nvme1n1 WS   1740055808 131072    0.539
06:10:43.429 ib_pg_f        125924  nvme1n1 WS   1740056064 131072    0.616
06:10:43.429 ib_pg_f        125924  nvme1n1 WS   1740056320 131072    0.698
06:10:43.429 ib_pg_f        125924  nvme1n1 WS   1740056576 16384     0.709
06:10:43.429 ib_pg_f        125924  nvme1n1 WS   1740405888 16384     0.043
06:10:43.429 ib_pg_f        125924  nvme1n1 WS   1757716032 16384     0.048
06:10:43.429 ib_pg_f        125924  nvme1n1 WS   1757716192 16384     0.056
06:10:43.430 ib_pg_f        125924  nvme1n1 WS   1755203136 16384     0.067
06:10:43.430 ib_pg_f        125924  nvme1n1 WS   1755158528 16384     0.072
06:10:43.430 ib_pg_f        125924  nvme1n1 WS   1755201664 16384     0.081
06:10:43.430 ib_pg_f        125924  nvme1n1 WS   1755215360 16384     0.083
06:10:43.430 ib_pg_f        125924  nvme1n1 WS   1757760192 16384     0.084
06:10:43.430 ib_pg_f        125924  nvme1n1 WS   1740405984 16384     0.098
06:10:43.430 ib_pg_f        125924  nvme1n1 WS   1757691744 16384     0.086
06:10:43.430 ib_pg_f        125924  nvme1n1 WS   1740107296 16384     0.087
06:10:43.430 ib_pg_f        125924  nvme1n1 WS   1740405920 16384     0.099
06:10:43.430 ib_pg_f        125924  nvme1n1 WS   813984     16384     0.093
06:10:43.430 ib_pg_f        125924  nvme1n1 WS   814016     16384     0.096
06:10:43.430 ib_pg_f        125924  nvme1n1 WS   814048     16384     0.096
06:10:43.430 ib_pg_f        125924  nvme1n1 WS   814080     16384     0.094
06:10:43.430 ib_pg_f        125924  nvme1n1 WS   1437024    16384     0.085
06:10:43.430 ib_pg_f        125924  nvme1n1 WS   1436000    16384     0.089
06:10:43.430 ib_pg_f        125924  nvme1n1 WS   1436160    16384     0.090
06:10:43.430 ib_pg_f        125924  nvme1n1 WS   1436768    16384     0.092
06:10:43.430 ib_pg_f        125924  nvme1n1 WS   1757690592 16384     0.093
06:10:43.430 ib_pg_f        125924  nvme1n1 WS   1757760512 16384     0.095
06:10:43.430 ib_pg_f        125924  nvme1n1 WS   1756547840 16384     0.089
06:10:43.430 ib_pg_f        125924  nvme1n1 WS   1520145408 16384     0.092
06:10:43.430 ib_pg_f        125924  nvme1n1 WS   1520145440 16384     0.092
06:10:43.430 ib_pg_f        125924  nvme1n1 WS   1436640    16384     0.094
06:10:43.430 ib_pg_f        125924  nvme1n1 WS   1520145216 16384     0.101
06:10:43.430 ib_pg_f        125924  nvme1n1 WS   1520144384 16384     0.094
06:10:43.430 ib_pg_f        125924  nvme1n1 WS   1520107936 16384     0.092
06:10:43.430 ib_pg_f        125924  nvme1n1 WS   1520145376 16384     0.093
06:10:43.430 ib_pg_f        125924  nvme1n1 WS   813696     16384     0.091
06:10:43.430 ib_pg_f        125924  nvme1n1 WS   813728     16384     0.093
06:10:43.430 ib_pg_f        125924  nvme1n1 WS   813760     16384     0.094
06:10:43.430 ib_pg_f        125924  nvme1n1 WS   813792     16384     0.097
06:10:43.430 ib_pg_f        125924  nvme1n1 WS   813824     16384     0.098
06:10:43.430 ib_pg_f        125924  nvme1n1 WS   813888     16384     0.102
06:10:43.430 ib_pg_f        125924  nvme1n1 WS   813920     16384     0.107
06:10:43.430 ib_pg_f        125924  nvme1n1 WS   813952     16384     0.099
06:10:43.430 ib_pg_f        125924  nvme1n1 WS   813152     16384     0.101
06:10:43.430 ib_pg_f        125924  nvme1n1 WS   813184     16384     0.099
06:10:43.430 ib_pg_f        125924  nvme1n1 WS   813216     16384     0.108
06:10:43.430 ib_pg_f        125924  nvme1n1 WS   1740107264 16384     0.111
06:10:43.430 ib_pg_f        125924  nvme1n1 WS   1755206080 16384     0.119
06:10:43.430 ib_pg_f        125924  nvme1n1 WS   1755215392 16384     0.127
06:10:43.430 ib_pg_f        125924  nvme1n1 WS   1740411200 16384     0.121
06:10:43.430 ib_pg_f        125924  nvme1n1 WS   1740107328 16384     0.119
06:10:43.430 ib_pg_f        125924  nvme1n1 WS   1755202016 16384     0.120
06:10:43.430 ib_pg_f        125924  nvme1n1 WS   1755215424 16384     0.128
06:10:43.430 ib_pg_f        125924  nvme1n1 WS   1740406080 16384     0.127
06:10:43.430 ib_pg_f        125924  nvme1n1 WS   1756836384 16384     0.125
06:10:43.430 ib_pg_f        125924  nvme1n1 WS   1757151392 16384     0.125
06:10:43.430 ib_pg_f        125924  nvme1n1 WS   1437184    16384     0.126
06:10:43.430 ib_pg_f        125924  nvme1n1 WS   1757681504 16384     0.129
06:10:43.430 ib_pg_f        125924  nvme1n1 WS   1757691392 16384     0.135
06:10:43.430 ib_pg_f        125924  nvme1n1 WS   1437504    16384     0.134
06:10:43.430 ib_pg_f        125924  nvme1n1 WS   1757689856 16384     0.138
06:10:43.430 ib_pg_f        125924  nvme1n1 WS   37650336   16384     0.117
06:10:43.430 ib_pg_f        125924  nvme1n1 WS   1757759488 16384     0.118
06:10:43.430 ib_pg_f        125924  nvme1n1 WS   1756836768 16384     0.109
06:10:43.430 ib_pg_f        125924  nvme1n1 WS   1757759712 16384     0.113
06:10:43.430 ib_pg_f        125924  nvme1n1 WS   1756547808 16384     0.115
06:10:43.430 ib_pg_f        125924  nvme1n1 WS   1757691296 16384     0.117
06:10:43.430 ib_pg_f        125924  nvme1n1 WS   818976     16384     0.115
06:10:43.430 ib_pg_f        125924  nvme1n1 WS   1437088    16384     0.112
06:10:43.430 ib_pg_f        125924  nvme1n1 WS   1757759680 16384     0.114
06:10:43.434 ib_log_        125924  nvme1n1 WS   1738279944 4096      0.035
06:10:43.435 ib_log_        125924  nvme1n1 WS   1738276864 4096      0.032
06:10:43.744 kworker        1879956 nvme1n1 W    1642273624 32768     0.075
06:10:43.900 amoprof        1787544 nvme1n1 W    608592704  4096      0.052
