TIMESTAMP    COMM           PID     DISK    T    SECTOR     BYTES   LAT(ms)
03:16:48.703 nvme           1672491 Unknown N    -1         512       0.035
03:16:49.696 jbd2/nv        752     nvme1n1 WSM  877801872  122880    0.161
03:16:49.696 jbd2/nv        752     nvme1n1 WSM  877802112  4096      0.030
03:16:49.705 nvme           1672543 Unknown N    -1         512       0.103
03:16:50.708 nvme           1672544 Unknown N    -1         512       0.028
03:16:51.710 nvme           1672545 Unknown N    -1         512       0.074
03:16:52.712 nvme           1672546 Unknown N    -1         512       0.028
03:16:53.715 nvme           1672547 Unknown N    -1         512       0.028
03:16:54.717 nvme           1672548 Unknown N    -1         512       0.073
03:16:54.816 kworker        1666595 nvme1n1 W    595901592  4096      0.054
03:16:54.816 jbd2/nv        752     nvme1n1 WSM  877802120  20480     0.063
03:16:54.816 jbd2/nv        752     nvme1n1 WSM  877802160  4096      0.031
03:16:54.817 kworker        1666595 nvme1n1 W    595901600  98304     0.142
03:16:54.817 kworker        1666595 nvme1n1 W    596080848  131072    0.218
03:16:54.817 kworker        1666595 nvme1n1 W    596081104  61440     0.255
03:16:54.817 kworker        1666595 nvme1n1 W    595901792  32768     0.275
03:16:54.817 kworker        1666595 nvme1n1 W    596081224  131072    0.352
03:16:54.817 kworker        1666595 nvme1n1 W    596081480  90112     0.406
03:16:54.817 kworker        1666595 nvme1n1 W    1526013656 77824     0.456
03:16:54.817 kworker        1666595 nvme1n1 W    595901856  45056     0.483
03:16:55.719 nvme           1672549 Unknown N    -1         512       0.076
03:16:56.722 nvme           1672550 Unknown N    -1         512       0.082
03:16:57.724 nvme           1672551 Unknown N    -1         512       0.030
03:16:58.710 amoprof        1271097 nvme1n1 W    591801960  4096      0.055
