TIMESTAMP    COMM           PID     DISK    T    SECTOR     BYTES   LAT(ms)
07:47:54.557 nvme           2090162 Unknown N    -1         512       0.033
07:47:55.559 nvme           2090217 Unknown N    -1         512       0.029
07:47:56.562 nvme           2090222 Unknown N    -1         512       0.078
07:47:57.564 nvme           2090233 Unknown N    -1         512       0.030
07:47:58.496 jbd2/nv        752     nvme1n1 WSM  878075464  118784    0.153
07:47:58.496 jbd2/nv        752     nvme1n1 WSM  878075696  4096      0.031
07:47:58.567 nvme           2090247 Unknown N    -1         512       0.071
07:47:59.569 nvme           2090256 Unknown N    -1         512       0.031
07:48:00.545 kworker        2025577 nvme1n1 W    612752952  118784    0.189
07:48:00.545 kworker        2025577 nvme1n1 W    612753184  114688    0.247
07:48:00.545 kworker        2025577 nvme1n1 W    1614409728 32768     0.265
07:48:00.545 kworker        2025577 nvme1n1 W    1561748832 131072    0.340
07:48:00.545 kworker        2025577 nvme1n1 W    1561749088 61440     0.378
07:48:00.545 kworker        2025577 nvme1n1 W    1614409792 32768     0.397
07:48:00.545 kworker        2025577 nvme1n1 W    1561788416 131072    0.476
07:48:00.545 kworker        2025577 nvme1n1 W    1561788672 90112     0.530
07:48:00.545 kworker        2025577 nvme1n1 W    722160784  77824     0.235
07:48:00.545 kworker        2025577 nvme1n1 W    1614409856 45056     0.261
07:48:00.545 kworker        2025577 nvme1n1 W    722160936  73728     0.306
07:48:00.553 ib_log_        125924  nvme1n1 WS   1756742512 4096      0.039
07:48:00.572 nvme           2090266 Unknown N    -1         512       0.025
07:48:00.646 ib_log_        125924  nvme1n1 WS   1756742512 4096      0.045
07:48:00.988 ib_pg_f        125924  nvme1n1 WS   1740046336 81920     0.113
07:48:00.988 ib_pg_f        125924  nvme1n1 WS   1740412736 16384     0.040
07:48:00.988 ib_pg_f        125924  nvme1n1 WS   1757760192 16384     0.040
07:48:00.988 ib_pg_f        125924  nvme1n1 WS   1757691744 16384     0.045
07:48:00.988 ib_pg_f        125924  nvme1n1 WS   1740402784 16384     0.040
07:48:00.988 ib_pg_f        125924  nvme1n1 WS   1757151392 16384     0.044
07:48:01.097 ib_log_        125924  nvme1n1 WS   1756741632 4096      0.044
07:48:01.574 nvme           2090270 Unknown N    -1         512       0.081
07:48:01.706 ib_log_        125949  nvme1n1 WS   1756071536 4096      0.056
07:48:01.706 ib_log_        125949  nvme1n1 WS   1756071536 4096      0.031
07:48:01.707 ib_log_        125949  nvme1n1 WS   1756071536 8192      0.034
07:48:01.707 connect        125949  nvme1n1 WS   1735313928 4096      0.035
07:48:01.707 jbd2/nv        752     nvme1n1 WSM  878075704  94208     0.105
07:48:01.707 jbd2/nv        752     nvme1n1 WSM  878075888  4096      0.027
07:48:01.707 ib_log_        125949  nvme1n1 WS   1756071544 4096      0.027
07:48:01.707 ib_log_        125949  nvme1n1 WS   1756071544 4096      0.028
07:48:01.708 jbd2/nv        752     nvme1n1 WSM  878075896  40960     0.062
07:48:01.708 jbd2/nv        752     nvme1n1 WSM  878075976  4096      0.028
07:48:01.708 ib_log_        125949  nvme1n1 WS   1756071544 4096      0.029
07:48:01.708 ib_log_        125949  nvme1n1 WS   1756071552 8192      0.030
07:48:01.708 jbd2/nv        752     nvme1n1 WSM  878075984  8192      0.035
07:48:01.708 jbd2/nv        752     nvme1n1 WSM  878076000  4096      0.026
07:48:01.708 ib_log_        125949  nvme1n1 WS   1756071552 4096      0.026
07:48:01.708 ib_log_        125949  nvme1n1 WS   1756071552 4096      0.026
07:48:01.747 ib_log_        125949  nvme1n1 WS   1756071552 4096      0.031
07:48:01.748 ib_log_        125949  nvme1n1 WS   1756071552 4096      0.028
07:48:01.857 ib_log_        125949  nvme1n1 WS   1756071552 4096      0.042
07:48:02.001 ib_pg_f        125949  nvme1n1 WS   1755252736 131072    0.174
07:48:02.001 ib_pg_f        125949  nvme1n1 WS   1755252992 131072    0.243
07:48:02.001 ib_pg_f        125949  nvme1n1 WS   1755253248 131072    0.320
07:48:02.001 ib_pg_f        125949  nvme1n1 WS   1755253504 131072    0.395
07:48:02.001 ib_pg_f        125949  nvme1n1 WS   1755253760 131072    0.471
07:48:02.001 ib_pg_f        125949  nvme1n1 WS   1755254016 131072    0.546
07:48:02.001 ib_pg_f        125949  nvme1n1 WS   1755254272 131072    0.622
07:48:02.002 ib_pg_f        125949  nvme1n1 WS   1755254528 114688    0.692
07:48:02.002 ib_pg_f        125949  nvme1n1 WS   1756556800 16384     0.047
07:48:02.002 ib_pg_f        125949  nvme1n1 WS   1756912896 16384     0.051
07:48:02.002 ib_pg_f        125949  nvme1n1 WS   1756912928 16384     0.053
07:48:02.002 ib_pg_f        125949  nvme1n1 WS   1731137952 16384     0.059
07:48:02.002 ib_pg_f        125949  nvme1n1 WS   1755217736 16384     0.063
07:48:02.002 ib_pg_f        125949  nvme1n1 WS   1756561344 16384     0.066
07:48:02.002 ib_pg_f        125949  nvme1n1 WS   1757788480 16384     0.055
07:48:02.002 ib_pg_f        125949  nvme1n1 WS   1757027808 16384     0.061
07:48:02.002 ib_pg_f        125949  nvme1n1 WS   1756553184 16384     0.063
07:48:02.002 ib_pg_f        125949  nvme1n1 WS   1757787424 16384     0.069
07:48:02.002 ib_pg_f        125949  nvme1n1 WS   1553552288 16384     0.057
07:48:02.002 ib_pg_f        125949  nvme1n1 WS   1553552320 16384     0.052
07:48:02.002 ib_pg_f        125949  nvme1n1 WS   1553552352 16384     0.048
07:48:02.002 ib_pg_f        125949  nvme1n1 WS   1553552384 16384     0.044
07:48:02.002 ib_pg_f        125949  nvme1n1 WS   1553692000 16384     0.051
07:48:02.002 ib_pg_f        125949  nvme1n1 WS   1553690976 16384     0.053
07:48:02.002 ib_pg_f        125949  nvme1n1 WS   1553691136 16384     0.058
07:48:02.002 ib_pg_f        125949  nvme1n1 WS   1553691744 16384     0.050
07:48:02.002 ib_pg_f        125949  nvme1n1 WS   1524265440 16384     0.056
07:48:02.002 ib_pg_f        125949  nvme1n1 WS   1527903872 16384     0.061
07:48:02.002 ib_pg_f        125949  nvme1n1 WS   1553701632 16384     0.065
07:48:02.002 ib_pg_f        125949  nvme1n1 WS   1755745280 16384     0.057
07:48:02.002 ib_pg_f        125949  nvme1n1 WS   1755745312 16384     0.068
07:48:02.002 ib_pg_f        125949  nvme1n1 WS   1755744256 16384     0.065
07:48:02.002 ib_pg_f        125949  nvme1n1 WS   1755745088 16384     0.068
07:48:02.002 ib_pg_f        125949  nvme1n1 WS   1553691616 16384     0.063
07:48:02.002 ib_pg_f        125949  nvme1n1 WS   1755742624 16384     0.064
07:48:02.002 ib_pg_f        125949  nvme1n1 WS   1755745248 16384     0.063
07:48:02.002 ib_pg_f        125949  nvme1n1 WS   1553552000 16384     0.065
07:48:02.002 ib_pg_f        125949  nvme1n1 WS   1553552032 16384     0.058
07:48:02.002 ib_pg_f        125949  nvme1n1 WS   1553552064 16384     0.058
07:48:02.002 ib_pg_f        125949  nvme1n1 WS   1553552096 16384     0.062
07:48:02.002 ib_pg_f        125949  nvme1n1 WS   1553552128 16384     0.046
07:48:02.002 ib_pg_f        125949  nvme1n1 WS   1553552192 16384     0.044
07:48:02.002 ib_pg_f        125949  nvme1n1 WS   1553552224 16384     0.043
07:48:02.002 ib_pg_f        125949  nvme1n1 WS   1553552256 16384     0.050
07:48:02.002 ib_pg_f        125949  nvme1n1 WS   1553551456 16384     0.057
07:48:02.002 ib_pg_f        125949  nvme1n1 WS   1553551488 16384     0.063
07:48:02.002 ib_pg_f        125949  nvme1n1 WS   1553551520 16384     0.067
07:48:02.002 ib_pg_f        125949  nvme1n1 WS   1756553152 16384     0.066
07:48:02.002 ib_pg_f        125949  nvme1n1 WS   1731136768 16384     0.067
07:48:02.002 ib_pg_f        125949  nvme1n1 WS   1756561376 16384     0.074
07:48:02.002 ib_pg_f        125949  nvme1n1 WS   1757788832 16384     0.077
07:48:02.002 ib_pg_f        125949  nvme1n1 WS   1756553216 16384     0.079
07:48:02.002 ib_pg_f        125949  nvme1n1 WS   1731135360 16384     0.081
07:48:02.002 ib_pg_f        125949  nvme1n1 WS   1756545024 16384     0.080
07:48:02.002 ib_pg_f        125949  nvme1n1 WS   1756556896 16384     0.084
07:48:02.002 ib_pg_f        125949  nvme1n1 WS   1740155424 16384     0.079
07:48:02.002 ib_pg_f        125949  nvme1n1 WS   1734883488 16384     0.074
07:48:02.002 ib_pg_f        125949  nvme1n1 WS   1755703200 16384     0.067
07:48:02.002 ib_pg_f        125949  nvme1n1 WS   1757759136 16384     0.060
07:48:02.002 ib_pg_f        125949  nvme1n1 WS   1757027776 16384     0.062
07:48:02.002 ib_pg_f        125949  nvme1n1 WS   1553692160 16384     0.063
07:48:02.002 ib_pg_f        125949  nvme1n1 WS   1523850848 16384     0.061
07:48:02.002 ib_pg_f        125949  nvme1n1 WS   1553557280 16384     0.071
07:48:02.002 ib_pg_f        125949  nvme1n1 WS   1553692064 16384     0.058
07:48:02.002 ib_pg_f        125949  nvme1n1 WS   1757759200 16384     0.058
07:48:02.002 ib_pg_f        125949  nvme1n1 WS   1553692480 16384     0.060
07:48:02.002 ib_pg_f        125949  nvme1n1 WS   1524038528 16384     0.068
07:48:02.002 ib_pg_f        125949  nvme1n1 WS   1740155808 16384     0.065
07:48:02.002 ib_pg_f        125949  nvme1n1 WS   1757759264 16384     0.066
07:48:02.002 ib_pg_f        125949  nvme1n1 WS   1553701600 16384     0.060
07:48:02.002 ib_pg_f        125949  nvme1n1 WS   1756912352 16384     0.060
07:48:02.577 nvme           2090281 Unknown N    -1         512       0.032
07:48:02.915 ib_log_        125949  nvme1n1 WS   1756071552 4096      0.055
07:48:02.915 ib_log_        125949  nvme1n1 WS   1756069888 4096      0.038
07:48:03.579 nvme           2090295 Unknown N    -1         512       0.095
07:48:04.001 ib_pg_f        125949  nvme1n1 WS   1756372992 16384     0.066
07:48:04.001 ib_pg_f        125949  nvme1n1 WS   1755217704 16384     0.042
07:48:04.564 amoprof        1975872 nvme1n1 W    612917224  4096      0.054
