TIMESTAMP    COMM           PID     DISK    T    SECTOR     BYTES   LAT(ms)
11:43:30.096 jbd2/nv        752     nvme1n1 WSM  877423784  131072    0.173
11:43:30.096 jbd2/nv        752     nvme1n1 WSM  877424040  131072    0.197
11:43:30.097 jbd2/nv        752     nvme1n1 WSM  877424296  131072    0.246
11:43:30.097 jbd2/nv        752     nvme1n1 WSM  877424552  131072    0.280
11:43:30.097 jbd2/nv        752     nvme1n1 WSM  877424808  131072    0.328
11:43:30.097 jbd2/nv        752     nvme1n1 WSM  877425064  131072    0.377
11:43:30.097 jbd2/nv        752     nvme1n1 WSM  877425320  131072    0.420
11:43:30.097 jbd2/nv        752     nvme1n1 WSM  877425576  131072    0.402
11:43:30.097 jbd2/nv        752     nvme1n1 WSM  877425832  126976    0.359
11:43:30.097 jbd2/nv        752     nvme1n1 WSM  877426080  4096      0.030
11:43:30.265 nvme           2373221 Unknown N    -1         512       0.039
11:43:30.720 kworker        2354282 nvme1n1 W    723437792  131072    0.168
11:43:30.720 kworker        2354282 nvme1n1 W    723437784  4096      0.161
11:43:30.720 kworker        2354282 nvme1n1 W    723438048  12288     0.167
11:43:31.267 nvme           2373276 Unknown N    -1         512       0.038
11:43:32.270 nvme           2373280 Unknown N    -1         512       0.030
11:43:33.272 nvme           2373300 Unknown N    -1         512       0.029
11:43:34.275 nvme           2373309 Unknown N    -1         512       0.031
11:43:35.215 jbd2/nv        752     nvme1n1 WSM  877426088  69632     0.112
11:43:35.215 jbd2/nv        752     nvme1n1 WSM  877426224  4096      0.031
11:43:35.277 nvme           2373313 Unknown N    -1         512       0.027
11:43:35.840 kworker        2366594 nvme1n1 W    625293704  131072    0.156
11:43:35.841 kworker        2366594 nvme1n1 W    723028984  4096      0.067
11:43:35.841 kworker        2366594 nvme1n1 W    625293960  86016     0.138
11:43:35.841 kworker        2366594 nvme1n1 W    722499376  90112     0.193
11:43:35.841 kworker        2366594 nvme1n1 W    723438072  131072    0.273
11:43:35.841 kworker        2366594 nvme1n1 W    723438328  12288     0.279
11:43:35.841 kworker        2366594 nvme1n1 W    723028728  131072    0.354
11:43:35.841 kworker        2366594 nvme1n1 W    722588616  77824     0.398
11:43:35.841 kworker        2366594 nvme1n1 W    625294128  118784    0.468
11:43:35.841 kworker        2366594 nvme1n1 W    625295312  8192      0.058
11:43:35.841 kworker        2366594 nvme1n1 W    625294360  110592    0.152
11:43:35.841 kworker        2366594 nvme1n1 W    625294576  131072    0.234
11:43:35.841 kworker        2366594 nvme1n1 W    625294832  110592    0.298
11:43:35.841 kworker        2366594 nvme1n1 W    625295048  110592    0.362
11:43:35.841 kworker        2366594 nvme1n1 W    722588768  110592    0.428
11:43:35.841 kworker        2366594 nvme1n1 W    625295264  24576     0.444
11:43:35.842 kworker        2366594 nvme1n1 W    722588984  86016     0.494
11:43:35.842 kworker        2366594 nvme1n1 W    1485592064 131072    0.412
11:43:35.842 kworker        2366594 nvme1n1 W    625295328  12288     0.389
11:43:35.842 kworker        2366594 nvme1n1 W    625328736  8192      0.056
11:43:35.842 kworker        2366594 nvme1n1 W    625328128  126976    0.162
11:43:35.842 kworker        2366594 nvme1n1 W    625328376  131072    0.240
11:43:35.842 kworker        2366594 nvme1n1 W    625328632  53248     0.272
11:43:35.842 kworker        2366594 nvme1n1 W    722073528  69632     0.315
11:43:35.842 kworker        2366594 nvme1n1 W    722589152  110592    0.384
11:43:35.842 kworker        2366594 nvme1n1 W    625295352  4096      0.037
11:43:35.842 kworker        2366594 nvme1n1 W    625328752  94208     0.115
11:43:35.842 kworker        2366594 nvme1n1 W    625328936  45056     0.139
11:43:35.842 kworker        2366594 nvme1n1 W    625329024  49152     0.089
11:43:35.842 kworker        2366594 nvme1n1 W    1526008600 131072    0.174
11:43:35.843 kworker        2366594 nvme1n1 W    1526008856 61440     0.209
11:43:35.843 kworker        2366594 nvme1n1 W    625329120  32768     0.229
11:43:35.843 kworker        2366594 nvme1n1 W    723877888  131072    0.311
11:43:35.843 kworker        2366594 nvme1n1 W    723878144  90112     0.368
11:43:35.843 kworker        2366594 nvme1n1 W    722589368  77824     0.416
11:43:35.843 kworker        2366594 nvme1n1 W    625329184  45056     0.442
11:43:36.279 nvme           2373323 Unknown N    -1         512       0.042
11:43:37.282 nvme           2373327 Unknown N    -1         512       0.032
11:43:38.284 nvme           2373341 Unknown N    -1         512       0.030
11:43:39.287 nvme           2373353 Unknown N    -1         512       0.033
11:43:40.273 amoprof        2366968 nvme1n1 W    625245288  4096      0.060
