TIMESTAMP    COMM           PID     DISK    T    SECTOR     BYTES   LAT(ms)
03:06:58.101 nvme           1663469 Unknown N    -1         512       0.112
03:06:59.103 nvme           1663521 Unknown N    -1         512       0.048
03:07:00.106 nvme           1663522 Unknown N    -1         512       0.082
03:07:00.896 kworker        1638303 nvme1n1 W    591891712  4096      0.045
03:07:00.896 jbd2/nv        752     nvme1n1 WSM  877784288  110592    0.129
03:07:00.896 jbd2/nv        752     nvme1n1 WSM  877784504  4096      0.029
03:07:00.896 kworker        1638303 nvme1n1 W    591891720  36864     0.059
03:07:01.108 nvme           1663523 Unknown N    -1         512       0.030
03:07:02.110 nvme           1663524 Unknown N    -1         512       0.073
03:07:03.113 nvme           1663525 Unknown N    -1         512       0.075
03:07:04.115 nvme           1663526 Unknown N    -1         512       0.086
03:07:04.992 kworker        1653881 nvme1n1 W    1625053728 8192      0.059
03:07:05.117 nvme           1663527 Unknown N    -1         512       0.113
03:07:06.016 jbd2/nv        752     nvme1n1 WSM  877784512  53248     0.095
03:07:06.016 jbd2/nv        752     nvme1n1 WSM  877784616  4096      0.030
03:07:06.016 kworker        1638303 nvme1n1 W    595875056  53248     0.105
03:07:06.017 kworker        1638303 nvme1n1 W    595964712  131072    0.180
03:07:06.017 kworker        1638303 nvme1n1 W    595964968  61440     0.218
03:07:06.017 kworker        1638303 nvme1n1 W    595875160  32768     0.239
03:07:06.017 kworker        1638303 nvme1n1 W    595965088  131072    0.315
03:07:06.017 kworker        1638303 nvme1n1 W    595965344  90112     0.370
03:07:06.017 kworker        1638303 nvme1n1 W    1499467408 77824     0.416
03:07:06.017 kworker        1638303 nvme1n1 W    595875224  45056     0.441
03:07:06.120 nvme           1663528 Unknown N    -1         512       0.032
03:07:07.122 nvme           1663529 Unknown N    -1         512       0.087
03:07:08.108 amoprof        1271097 nvme1n1 W    595915896  4096      0.056
