TIMESTAMP    COMM           PID     DISK    T    SECTOR     BYTES   LAT(ms)
03:34:12.393 nvme           1688478 Unknown N    -1         512       0.083
03:34:13.356 jbd2/nv        752     nvme1n1 WSM  877833296  118784    0.157
03:34:13.356 jbd2/nv        752     nvme1n1 WSM  877833528  4096      0.031
03:34:13.395 nvme           1688530 Unknown N    -1         512       0.028
03:34:14.176 kworker        1679646 nvme1n1 W    591826624  8192      0.052
03:34:14.177 kworker        1661618 nvme0n1 W    37875952   4096      0.984
03:34:14.398 nvme           1688531 Unknown N    -1         512       0.029
03:34:15.400 nvme           1688532 Unknown N    -1         512       0.027
03:34:16.402 nvme           1688533 Unknown N    -1         512       0.027
03:34:17.405 nvme           1688534 Unknown N    -1         512       0.030
03:34:18.407 nvme           1688535 Unknown N    -1         512       0.028
03:34:18.599 jbd2/nv        752     nvme1n1 WSM  877833536  24576     0.071
03:34:18.599 jbd2/nv        752     nvme1n1 WSM  877833584  4096      0.029
03:34:19.296 kworker        1679646 nvme1n1 W    1625054024 8192      0.053
03:34:19.296 kworker        1661618 nvme1n1 W    1639456176 8192      0.080
03:34:19.297 kworker        1661618 nvme1n1 W    595880664  98304     0.138
03:34:19.297 kworker        1661618 nvme1n1 W    1533228760 131072    0.223
03:34:19.297 kworker        1661618 nvme1n1 W    1533229016 61440     0.256
03:34:19.297 kworker        1661618 nvme1n1 W    595880856  32768     0.275
03:34:19.297 kworker        1661618 nvme1n1 W    1533229136 131072    0.355
03:34:19.297 kworker        1661618 nvme1n1 W    1533229392 90112     0.411
03:34:19.297 kworker        1661618 nvme1n1 W    1526103544 77824     0.457
03:34:19.297 kworker        1661618 nvme1n1 W    595880920  45056     0.289
03:34:19.409 nvme           1688536 Unknown N    -1         512       0.026
03:34:20.411 nvme           1688537 Unknown N    -1         512       0.027
03:34:21.414 nvme           1688538 Unknown N    -1         512       0.029
03:34:22.400 amoprof        1271097 nvme1n1 W    595933624  4096      0.057
