TIMESTAMP    COMM           PID     DISK    T    SECTOR     BYTES   LAT(ms)
13:38:03.469 nvme           2500374 Unknown N    -1         512       0.034
13:38:04.480 nvme           2500493 Unknown N    -1         512       0.030
13:38:05.489 nvme           2500546 Unknown N    -1         512       0.031
13:38:06.499 nvme           2500551 Unknown N    -1         512       0.035
13:38:06.547 jbd2/nv        752     nvme1n1 WSM  878395704  114688    0.145
13:38:06.547 jbd2/nv        752     nvme1n1 WSM  878395928  4096      0.030
13:38:07.393 kworker        2500470 nvme0n1 W    7337992    4096      1.223
13:38:07.393 kworker        2500470 nvme0n1 W    8144896    4096      1.237
13:38:07.393 kworker        2500470 nvme0n1 W    8144968    4096      1.241
13:38:07.394 kworker        2500470 nvme0n1 W    8144984    4096      1.243
13:38:07.394 kworker        2500470 nvme0n1 W    8145080    4096      1.243
13:38:07.394 kworker        2500470 nvme0n1 W    8145040    4096      1.247
13:38:07.394 kworker        2500470 nvme0n1 W    39179520   131072    1.339
13:38:07.394 kworker        2500470 nvme0n1 W    39179008   262144    1.934
13:38:07.394 kworker        2500470 nvme0n1 W    8145096    4096      0.700
13:38:07.394 kworker        2500470 nvme0n1 W    8145136    16384     0.809
13:38:07.395 kworker        2500470 nvme0n1 W    8145200    81920     0.956
13:38:07.395 kworker        2500470 nvme0n1 W    8145392    262144    1.442
13:38:07.395 kworker        2500470 nvme0n1 W    8146416    262144    1.753
13:38:07.396 kworker        2500470 nvme0n1 W    8147440    262144    1.424
13:38:07.396 kworker        2500470 nvme0n1 W    8145904    262144    2.383
13:38:07.396 kworker        2500470 nvme0n1 W    8148464    262144    1.745
13:38:07.397 kworker        2500470 nvme0n1 W    8146928    262144    2.935
13:38:07.398 kworker        2500470 nvme0n1 W    8147952    262144    3.177
13:38:07.398 kworker        2500470 nvme0n1 W    8149488    262144    2.221
13:38:07.398 kworker        2500470 nvme0n1 W    8150512    262144    1.865
13:38:07.398 kworker        2500470 nvme0n1 W    8148976    262144    3.758
13:38:07.399 kworker        2500470 nvme0n1 W    8151536    262144    2.346
13:38:07.399 kworker        2500470 nvme0n1 W    8150000    262144    4.082
13:38:07.400 kworker        2500470 nvme0n1 W    8151024    262144    4.020
13:38:07.401 kworker        2500470 nvme0n1 W    8152816    131072    2.951
13:38:07.401 kworker        2500470 nvme0n1 W    8154864    131072    2.965
13:38:07.401 kworker        2500470 nvme0n1 W    8155376    131072    3.000
13:38:07.402 kworker        2500470 nvme0n1 W    8154352    262144    3.889
13:38:07.402 kworker        2500470 nvme0n1 W    8152048    262144    5.495
13:38:07.403 kworker        2500470 nvme0n1 W    8156912    16384     3.089
13:38:07.403 kworker        2500470 nvme0n1 W    8157712    4096      1.997
13:38:07.403 kworker        2500470 nvme0n1 W    8157072    16384     3.115
13:38:07.403 kworker        2500470 nvme0n1 W    8159080    4096      1.228
13:38:07.403 kworker        2500470 nvme0n1 W    8160696    4096      0.785
13:38:07.403 kworker        2500470 nvme0n1 W    8159472    131072    0.931
13:38:07.403 kworker        2500470 nvme0n1 W    8157168    65536     2.531
13:38:07.403 kworker        2500470 nvme0n1 W    8158192    65536     1.777
13:38:07.404 kworker        2500470 nvme0n1 W    39161128   4096      0.970
13:38:07.404 kworker        2500470 nvme0n1 W    8160752    131072    1.001
13:38:07.404 kworker        2500470 nvme0n1 W    39160320   262144    1.528
13:38:07.404 kworker        2500470 nvme0n1 W    39161424   4096      1.077
13:38:07.404 kworker        2500470 nvme0n1 W    39161272   4096      1.113
13:38:07.404 kworker        2500470 nvme0n1 W    39161568   4096      0.940
13:38:07.404 kworker        2500470 nvme0n1 W    39161720   4096      0.948
13:38:07.405 kworker        2500470 nvme0n1 W    39160832   131072    1.884
13:38:07.405 kworker        2500470 nvme0n1 W    39162016   4096      0.969
13:38:07.405 kworker        2500470 nvme0n1 W    39161864   4096    