TIMESTAMP    COMM           PID     DISK    T    SECTOR     BYTES   LAT(ms)
03:57:39.990 nvme           1710005 Unknown N    -1         512       0.081
03:57:40.993 nvme           1710057 Unknown N    -1         512       0.086
03:57:41.153 kworker        1666595 nvme0n1 W    37217936   4096      0.763
03:57:41.153 kworker        1661618 nvme0n1 WM   2103000    4096      0.817
03:57:41.153 kworker        1661618 nvme0n1 WM   6310376    4096      0.820
03:57:41.153 kworker        1661618 nvme0n1 WM   6310504    4096      0.822
03:57:41.153 kworker        1661618 nvme0n1 WM   10498832   4096      0.823
03:57:41.153 kworker        1696237 nvme0n1 W    37332664   4096      0.880
03:57:41.254 jbd2/nv        391     nvme0n1 WSM  4202488    16384     1.047
03:57:41.255 jbd2/nv        391     nvme0n1 WSM  4202520    4096      0.873
03:57:41.995 nvme           1710058 Unknown N    -1         512       0.103
03:57:42.688 jbd2/nv        752     nvme1n1 WSM  877876384  110592    0.146
03:57:42.688 jbd2/nv        752     nvme1n1 WSM  877876600  4096      0.030
03:57:42.997 nvme           1710059 Unknown N    -1         512       0.025
03:57:43.200 kworker        1703538 nvme1n1 W    1719341000 4096      0.053
03:57:43.200 kworker        1703538 nvme1n1 W    1719353280 4096      0.060
03:57:44.000 nvme           1710060 Unknown N    -1         512       0.031
03:57:45.002 nvme           1710061 Unknown N    -1         512       0.075
03:57:46.004 nvme           1710062 Unknown N    -1         512       0.030
03:57:47.007 nvme           1710063 Unknown N    -1         512       0.076
03:57:47.297 kworker        1703538 nvme1n1 W    591842664  90112     0.165
03:57:47.297 kworker        1703538 nvme1n1 W    1535052288 131072    0.236
03:57:47.297 kworker        1703538 nvme1n1 W    1535052544 61440     0.272
03:57:47.297 kworker        1703538 nvme1n1 W    591842840  32768     0.292
03:57:47.297 kworker        1703538 nvme1n1 W    1535052664 131072    0.376
03:57:47.297 kworker        1703538 nvme1n1 W    1535052920 90112     0.429
03:57:47.297 kworker        1703538 nvme1n1 W    1533230904 77824     0.477
03:57:47.297 kworker        1703538 nvme1n1 W    591842904  45056     0.505
03:57:48.009 nvme           1710064 Unknown N    -1         512       0.076
03:57:48.322 jbd2/nv        752     nvme1n1 WSM  877876608  57344     0.102
03:57:48.322 jbd2/nv        752     nvme1n1 WSM  877876720  4096      0.030
03:57:49.011 nvme           1710065 Unknown N    -1         512       0.031
03:57:49.997 amoprof        1271097 nvme1n1 W    595933760  4096      0.057
