TIMESTAMP    COMM           PID     DISK    T    SECTOR     BYTES   LAT(ms)
04:02:54.335 nvme           1714863 Unknown N    -1         512       0.037
04:02:55.337 nvme           1714915 Unknown N    -1         512       0.031
04:02:56.339 nvme           1714916 Unknown N    -1         512       0.109
04:02:57.342 nvme           1714917 Unknown N    -1         512       0.076
04:02:57.420 jbd2/nv        752     nvme1n1 WSM  877886192  102400    0.138
04:02:57.420 jbd2/nv        752     nvme1n1 WSM  877886392  4096      0.029
04:02:58.344 nvme           1714918 Unknown N    -1         512       0.029
04:02:59.346 nvme           1714919 Unknown N    -1         512       0.026
04:02:59.617 kworker        1703538 nvme1n1 W    591830688  86016     0.157
04:02:59.617 kworker        1703538 nvme1n1 W    1553782112 131072    0.227
04:02:59.617 kworker        1703538 nvme1n1 W    1553782368 61440     0.261
04:02:59.617 kworker        1703538 nvme1n1 W    591830856  32768     0.279
04:02:59.617 kworker        1703538 nvme1n1 W    1553834280 131072    0.358
04:02:59.617 kworker        1703538 nvme1n1 W    1553834536 90112     0.410
04:02:59.617 kworker        1703538 nvme1n1 W    1534861072 77824     0.455
04:02:59.617 kworker        1703538 nvme1n1 W    591830920  45056     0.482
04:03:00.348 nvme           1714920 Unknown N    -1         512       0.029
04:03:01.351 nvme           1714921 Unknown N    -1         512       0.026
04:03:02.353 nvme           1714922 Unknown N    -1         512       0.029
04:03:03.355 nvme           1714923 Unknown N    -1         512       0.026
04:03:03.656 jbd2/nv        752     nvme1n1 WSM  877886400  53248     0.099
04:03:03.656 jbd2/nv        752     nvme1n1 WSM  877886504  4096      0.032
04:03:04.342 amoprof        1271097 nvme1n1 W    596124680  4096      0.054
