TIMESTAMP    COMM           PID     DISK    T    SECTOR     BYTES   LAT(ms)
01:03:33.449 nvme           1511805 Unknown N    -1         512       0.036
01:03:34.452 nvme           1511870 Unknown N    -1         512       0.031
01:03:34.453 jbd2/nv        752     nvme1n1 WSM  877549912  102400    0.133
01:03:34.454 jbd2/nv        752     nvme1n1 WSM  877550112  4096      0.037
01:03:35.454 nvme           1511879 Unknown N    -1         512       0.032
01:03:36.456 nvme           1511889 Unknown N    -1         512       0.034
01:03:37.377 kworker        1500724 nvme1n1 W    587735824  94208     0.167
01:03:37.377 kworker        1500724 nvme1n1 W    1176683440 131072    0.238
01:03:37.377 kworker        1500724 nvme1n1 W    1176683696 61440     0.276
01:03:37.377 kworker        1500724 nvme1n1 W    587736008  32768     0.293
01:03:37.377 kworker        1500724 nvme1n1 W    1176683816 131072    0.373
01:03:37.377 kworker        1500724 nvme1n1 W    1176684072 90112     0.428
01:03:37.377 kworker        1500724 nvme1n1 W    1667039024 77824     0.472
01:03:37.377 kworker        1500724 nvme1n1 W    587736072  28672     0.489
01:03:37.458 nvme           1511893 Unknown N    -1         512       0.028
01:03:38.460 nvme           1511897 Unknown N    -1         512       0.029
01:03:39.462 nvme           1511917 Unknown N    -1         512       0.034
01:03:40.464 nvme           1511926 Unknown N    -1         512       0.031
01:03:40.698 jbd2/nv        752     nvme1n1 WSM  877550120  53248     0.099
01:03:40.699 jbd2/nv        752     nvme1n1 WSM  877550224  4096      0.031
01:03:40.815 jbd2/nv        391     nvme0n1 WSM  4301984    20480     1.099
01:03:40.816 jbd2/nv        391     nvme0n1 WSM  4302024    4096      0.907
01:03:41.467 nvme           1511930 Unknown N    -1         512       0.096
01:03:41.473 kworker        1259302 nvme0n1 W    37332552   4096      0.853
01:03:41.473 kworker        1500724 nvme0n1 WM   14723120   4096      0.848
01:03:41.473 kworker        1500724 nvme0n1 WM   12326896   4096      0.858
01:03:41.473 kworker        1500724 nvme0n1 WM   2103000    4096      0.905
01:03:41.473 kworker        1500724 nvme0n1 WM   2099200    4096      0.911
01:03:41.473 kworker        1500724 nvme0n1 WM   6309888    4096      0.911
01:03:41.473 kworker        1500724 nvme0n1 WM   6310376    4096      0.913
01:03:41.473 kworker        1500724 nvme0n1 WM   6310504    4096      0.916
01:03:42.469 nvme           1511940 Unknown N    -1         512       0.030
01:03:42.496 kworker        1500724 nvme1n1 W    1719353232 4096      0.045
01:03:42.496 kworker        1259302 nvme1n1 WM   0          4096      0.094
01:03:42.496 kworker        1259302 nvme1n1 WM   288        4096      0.098
01:03:42.496 kworker        1259302 nvme1n1 WM   568        4096      0.100
01:03:42.496 kworker        1259302 nvme1n1 WM   712        8192      0.106
01:03:42.496 kworker        1259302 nvme1n1 WM   736        4096      0.107
01:03:42.496 kworker        1259302 nvme1n1 WM   800        4096      0.108
01:03:42.496 kworker        1259302 nvme1n1 WM   461373728  4096      0.108
01:03:42.496 kworker        1259302 nvme1n1 WM   583015744  4096      0.110
01:03:42.496 kworker        1259302 nvme1n1 WM   587202568  8192      0.114
01:03:42.496 kworker        1259302 nvme1n1 WM   591396872  4096      0.117
01:03:42.496 kworker        1259302 nvme1n1 WM   591396992  4096      0.119
01:03:42.496 kworker        1259302 nvme1n1 WM   1174405184 4096      0.119
01:03:42.496 kworker        1259302 nvme1n1 WM   1484783720 4096      0.120
01:03:42.496 kworker        1259302 nvme1n1 W    1639642424 16384     0.140
01:03:42.496 kworker        1259302 nvme1n1 WM   591398000  65536     0.172
01:03:42.496 kworker        1259302 nvme1n1 WM   591398144  57344     0.210
01:03:42.496 kworker        1259302 nvme1n1 WM   1485058520 4096      0.067
01:03:42.496 kworker        1259302 nvme1n1 WM   1497366536 4096      0.068
01:03:42.496 kworker        1259302 nvme1n1 WM   1497658624 8192      0.074
01:03:42.496 kworker        1259302 nvme1n1 WM   1530921000 4096      0.074
01:03:42.496 kworker        1259302 nvme1n1 WM   1639972880 4096      0.079
01:03:42.496 kworker        1259302 nvme1n1 WM   1665138744 4096      0.067
01:03:42.496 kworker        1259302 nvme1n1 WM   1756827632 4096      0.071
01:03:42.496 kworker        1259302 nvme1n1 WM   1756866952 8192      0.077
01:03:42.496 kworker        1259302 nvme1n1 WM   1497658648 36864     0.115
01:03:42.497 kworker        1491569 nvme0n1 W    37217432   4096      0.991
01:03:43.457 amoprof        1271097 nvme1n1 W    587701712  4096      0.057
