TIMESTAMP    COMM           PID     DISK    T    SECTOR     BYTES   LAT(ms)
05:08:03.756 nvme           1774742 Unknown N    -1         512       0.038
05:08:04.128 kworker        1764183 nvme1n1 W    1625055032 8192      0.058
05:08:04.758 nvme           1774794 Unknown N    -1         512       0.030
05:08:05.761 nvme           1774795 Unknown N    -1         512       0.028
05:08:06.176 kworker        1774410 nvme1n1 W    600249208  8192      0.113
05:08:06.176 kworker        1774410 nvme1n1 WM   720        4096      0.119
05:08:06.176 kworker        1774410 nvme1n1 WM   752        4096      0.121
05:08:06.176 kworker        1774410 nvme1n1 WM   784        4096      0.123
05:08:06.176 kworker        1774410 nvme1n1 WM   595591176  4096      0.129
05:08:06.176 kworker        1774410 nvme1n1 WM   599785488  4096      0.132
05:08:06.176 kworker        1774410 nvme1n1 WM   599802840  4096      0.132
05:08:06.176 kworker        1774410 nvme1n1 WM   599803072  8192      0.128
05:08:06.176 kworker        1774410 nvme1n1 WM   600084584  4096      0.130
05:08:06.176 kworker        1774410 nvme1n1 WM   600084728  4096      0.134
05:08:06.176 kworker        1774410 nvme1n1 WM   600085176  4096      0.137
05:08:06.176 kworker        1774410 nvme1n1 WM   600085296  4096      0.138
05:08:06.176 kworker        1774410 nvme1n1 WM   600085664  4096      0.139
05:08:06.176 kworker        1774410 nvme1n1 WM   600086192  4096      0.142
05:08:06.176 kworker        1774410 nvme1n1 WM   599802856  61440     0.177
05:08:06.176 kworker        1774410 nvme1n1 WM   599802984  40960     0.205
05:08:06.176 kworker        1774410 nvme1n1 WM   1485058520 4096      0.051
05:08:06.176 kworker        1774410 nvme1n1 WM   1497366632 4096      0.055
05:08:06.176 kworker        1774410 nvme1n1 WM   1564475416 4096      0.061
05:08:06.176 kworker        1774410 nvme1n1 WM   1568669736 4096      0.062
05:08:06.176 kworker        1774410 nvme1n1 WM   1639972904 4096      0.062
05:08:06.176 kworker        1774410 nvme1n1 WM   1756950512 4096      0.066
05:08:06.176 kworker        1774410 nvme1n1 WM   1757038552 4096      0.068
05:08:06.763 nvme           1774796 Unknown N    -1         512       0.039
05:08:07.765 nvme           1774797 Unknown N    -1         512       0.027
05:08:07.880 jbd2/nv        752     nvme1n1 WSM  878005992  122880    0.149
05:08:07.880 jbd2/nv        752     nvme1n1 WSM  878006232  4096      0.030
05:08:08.768 nvme           1774798 Unknown N    -1         512       0.030
05:08:09.770 nvme           1774799 Unknown N    -1         512       0.030
05:08:10.772 nvme           1774800 Unknown N    -1         512       0.028
05:08:11.297 kworker        1764183 nvme1n1 W    600224216  102400    0.175
05:08:11.297 kworker        1764183 nvme1n1 W    1570036656 131072    0.249
05:08:11.297 kworker        1774410 nvme0n1 WM   9089776    4096      0.644
05:08:11.297 kworker        1764183 nvme1n1 W    1570036912 61440     0.287
05:08:11.297 kworker        1764183 nvme1n1 W    600224416  32768     0.306
05:08:11.297 kworker        1764183 nvme1n1 W    1570037032 131072    0.388
05:08:11.297 kworker        1764183 nvme1n1 W    1570037288 90112     0.440
05:08:11.297 kworker        1764183 nvme1n1 W    1565376304 77824     0.488
05:08:11.297 kworker        1764183 nvme1n1 W    600224480  45056     0.516
05:08:11.297 kworker        1774410 nvme0n1 WM   2099224    4096      1.066
05:08:11.297 kworker        1774410 nvme0n1 WM   35653696   4096      1.067
05:08:11.774 nvme           1774801 Unknown N    -1         512       0.032
05:08:12.776 nvme           1774803 Unknown N    -1         512       0.027
05:08:13.763 amoprof        1271097 nvme1n1 W    600110592  4096      0.061
