TIMESTAMP    COMM           PID     DISK    T    SECTOR     BYTES   LAT(ms)
05:14:08.149 libuv-w        2068    nvme0n1 WS   15749744   4096      0.923
05:14:08.150 jbd2/nv        391     nvme0n1 WSM  4218616    24576     1.095
05:14:08.151 jbd2/nv        391     nvme0n1 WSM  4218664    4096      0.788
05:14:08.375 jbd2/nv        752     nvme1n1 WSM  878019120  131072    0.169
05:14:08.375 jbd2/nv        752     nvme1n1 WSM  878019376  131072    0.209
05:14:08.375 jbd2/nv        752     nvme1n1 WSM  878019632  131072    0.251
05:14:08.375 jbd2/nv        752     nvme1n1 WSM  878019888  131072    0.299
05:14:08.375 jbd2/nv        752     nvme1n1 WSM  878020144  131072    0.348
05:14:08.375 jbd2/nv        752     nvme1n1 WSM  878020400  131072    0.364
05:14:08.375 jbd2/nv        752     nvme1n1 WSM  878020656  131072    0.423
05:14:08.375 jbd2/nv        752     nvme1n1 WSM  878020912  131072    0.143
05:14:08.375 jbd2/nv        752     nvme1n1 WSM  878021168  131072    0.205
05:14:08.375 jbd2/nv        752     nvme1n1 WSM  878021424  131072    0.260
05:14:08.375 jbd2/nv        752     nvme1n1 WSM  878021680  131072    0.322
05:14:08.376 jbd2/nv        752     nvme1n1 WSM  878021936  131072    0.382
05:14:08.376 jbd2/nv        752     nvme1n1 WSM  878022192  131072    0.451
05:14:08.376 jbd2/nv        752     nvme1n1 WSM  878022448  131072    0.518
05:14:08.376 jbd2/nv        752     nvme1n1 WSM  878022704  131072    0.566
05:14:08.376 jbd2/nv        752     nvme1n1 WSM  878022960  131072    0.312
05:14:08.376 jbd2/nv        752     nvme1n1 WSM  878023216  131072    0.372
05:14:08.376 jbd2/nv        752     nvme1n1 WSM  878023472  131072    0.434
05:14:08.376 jbd2/nv        752     nvme1n1 WSM  878023728  131072    0.495
05:14:08.376 jbd2/nv        752     nvme1n1 WSM  878023984  131072    0.549
05:14:08.376 jbd2/nv        752     nvme1n1 WSM  878024240  131072    0.619
05:14:08.376 jbd2/nv        752     nvme1n1 WSM  878024496  131072    0.674
05:14:08.376 jbd2/nv        752     nvme1n1 WSM  878024752  131072    0.718
05:14:08.376 jbd2/nv        752     nvme1n1 WSM  878025008  131072    0.434
05:14:08.377 jbd2/nv        752     nvme1n1 WSM  878025264  131072    0.497
05:14:08.377 jbd2/nv        752     nvme1n1 WSM  878025520  131072    0.551
05:14:08.377 jbd2/nv        752     nvme1n1 WSM  878025776  131072    0.616
05:14:08.377 jbd2/nv        752     nvme1n1 WSM  878026032  131072    0.677
05:14:08.377 jbd2/nv        752     nvme1n1 WSM  878026288  131072    0.723
05:14:08.377 jbd2/nv        752     nvme1n1 WSM  878026544  131072    0.785
05:14:08.377 jbd2/nv        752     nvme1n1 WSM  878026800  131072    0.840
05:14:08.377 jbd2/nv        752     nvme1n1 WSM  878027056  131072    0.579
05:14:08.377 jbd2/nv        752     nvme1n1 WSM  878027312  131072    0.631
05:14:08.377 jbd2/nv        752     nvme1n1 WSM  878027568  131072    0.695
05:14:08.377 jbd2/nv        752     nvme1n1 WSM  878027824  131072    0.755
05:14:08.377 jbd2/nv        752     nvme1n1 WSM  878028080  131072    0.805
05:14:08.378 jbd2/nv        752     nvme1n1 WSM  878028336  131072    0.868
05:14:08.378 jbd2/nv        752     nvme1n1 WSM  878028592  131072    0.936
05:14:08.378 jbd2/nv        752     nvme1n1 WSM  878028848  131072    0.993
05:14:08.378 jbd2/nv        752     nvme1n1 WSM  878029104  131072    0.691
05:14:08.378 jbd2/nv        752     nvme1n1 WSM  878029360  131072    0.752
05:14:08.378 jbd2/nv        752     nvme1n1 WSM  878029616  131072    0.802
05:14:08.378 jbd2/nv        752     nvme1n1 WSM  878029872  131072    0.863
05:14:08.378 jbd2/nv        752     nvme1n1 WSM  878030128  131072    0.926
05:14:08.378 jbd2/nv        752     nvme1n1 WSM  878030384  131072    0.991
05:14:08.378 jbd2/nv        752     nvme1n1 WSM  878030640  131072    1.050
05:14:08.378 jbd2/nv        752     nvme1n1 WSM  878030896  131072    1.109
05:14:08.378 jbd2/nv        752     nvme1n1 WSM  878031152  131072    0.868
05:14:08.379 jbd2/nv        752     nvme1n1 WSM  878031408  131072    0.931
05:14:08.379 jbd2/nv        752     nvme1n1 WSM  878031664  131072    0.998
05:14:08.379 jbd2/nv        752     nvme1n1 WSM  878031920  131072    1.052
05:14:08.379 jbd2/nv        752     nvme1n1 WSM  878032176  131072    1.119
05:14:08.379 jbd2/nv        752     nvme1n1 WSM  878032432  131072    1.177
05:14:08.379 jbd2/nv        752     nvme1n1 WSM  878032688  131072    1.223
05:14:08.379 jbd2/nv        752     nvme1n1 WSM  878032944  131072    1.286
05:14:08.379 jbd2/nv        752     nvme1n1 WSM  878033200  131072    1.027
05:14:08.379 jbd2/nv        752     nvme1n1 WSM  878033456  131072    1.092
05:14:08.379 jbd2/nv        752     nvme1n1 WSM  878033712  131072    1.148
05:14:08.379 jbd2/nv        752     nvme1n1 WSM  878033968  131072    1.211
05:14:08.379 jbd2/nv        752     nvme1n1 WSM  878034224  131072    1.270
05:14:08.380 jbd2/nv        752     nvme1n1 WSM  878034480  131072    1.333
05:14:08.380 jbd2/nv        752     nvme1n1 WSM  878034736  131072    1.381
05:14:08.380 jbd2/nv        752     nvme1n1 WSM  878034992  131072    1.444
05:14:08.380 jbd2/nv        752     nvme1n1 WSM  878035248  131072    1.156
05:14:08.380 jbd2/nv        752     nvme1n1 WSM  878035504  131072    1.212
05:14:08.380 jbd2/nv        752     nvme1n1 WSM  878035760  131072    1.275
05:14:08.380 jbd2/nv        752     nvme1n1 WSM  878036016  131072    1.337
05:14:08.380 jbd2/nv        752     nvme1n1 WSM  878036272  131072    1.401
05:14:08.380 jbd2/nv        752     nvme1n1 WSM  878036528  131072    1.455
05:14:08.380 jbd2/nv        752     nvme1n1 WSM  878036784  131072    1.521
05:14:08.380 jbd2/nv        752     nvme1n1 WSM  878037040  131072    1.567
05:14:08.380 jbd2/nv        752     nvme1n1 WSM  878037296  131072    1.318
05:14:08.381 jbd2/nv        752     nvme1n1 WSM  878037552  131072    1.368
05:14:08.381 jbd2/nv        752     nvme1n1 WSM  878037808  131072    1.433
05:14:08.381 jbd2/nv        752     nvme1n1 WSM  878038064  131072    1.500
05:14:08.381 jbd2/nv        752     nvme1n1 WSM  878038320  131072    1.567
05:14:08.381 jbd2/nv        752     nvme1n1 WSM  878038576  131072    1.618
05:14:08.381 jbd2/nv        752     nvme1n1 WSM  878038832  131072    1.671
05:14:08.381 jbd2/nv        752     nvme1n1 WSM  878039088  131072    1.729
05:14:08.381 jbd2/nv        752     nvme1n1 WSM  878039344  131072    1.435
05:14:08.381 jbd2/nv        752     nvme1n1 WSM  878039600  131072    1.497
05:14:08.381 jbd2/nv        752     nvme1n1 WSM  878039856  131072    1.565
05:14:08.381 jbd2/nv        752     nvme1n1 WSM  878040112  131072    1.616
05:14:08.381 jbd2/nv        752     nvme1n1 WSM  878040368  131072    1.680
05:14:08.382 jbd2/nv        752     nvme1n1 WSM  878040624  131072    1.740
05:14:08.382 jbd2/nv        752     nvme1n1 WSM  878040880  131072    1.786
05:14:08.382 jbd2/nv        752     nvme1n1 WSM  878041136  131072    1.846
05:14:08.382 jbd2/nv        752     nvme1n1 WSM  878041392  131072    1.570
05:14:08.382 jbd2/nv        752     nvme1n1 WSM  878041648  131072    1.627
05:14:08.382 jbd2/nv        752     nvme1n1 WSM  878041904  131072    1.685
05:14:08.382 jbd2/nv        752     nvme1n1 WSM  878042160  131072    1.739
05:14:08.382 jbd2/nv        752     nvme1n1 WSM  878042416  131072    1.799
05:14:08.382 jbd2/nv        752     nvme1n1 WSM  878042672  131072    1.851
05:14:08.382 jbd2/nv        752     nvme1n1 WSM  878042928  131072    1.909
05:14:08.382 jbd2/nv        752     nvme1n1 WSM  878043184  131072    1.966
05:14:08.382 jbd2/nv        752     nvme1n1 WSM  878043440  131072    1.692
05:14:08.382 jbd2/nv        752     nvme1n1 WSM  878043696  131072    1.759
05:14:08.383 jbd2/nv        752     nvme1n1 WSM  878043952  131072    1.821
05:14:08.383 jbd2/nv        752     nvme1n1 WSM  878044208  131072    1.883
05:14:08.383 jbd2/nv        752     nvme1n1 WSM  878044464  131072    1.937
05:14:08.383 jbd2/nv        752     nvme1n1 WSM  878044720  131072    2.003
05:14:08.383 jbd2/nv        752     nvme1n1 WSM  878044976  131072    2.069
05:14:08.383 jbd2/nv        752     nvme1n1 WSM  878045232  131072    2.113
05:14:08.383 jbd2/nv        752     nvme1n1 WSM  878045488  131072    1.842
05:14:08.383 jbd2/nv        752     nvme1n1 WSM  878045744  131072    1.907
05:14:08.383 jbd2/nv        752     nvme1n1 WSM  878046000  131072    1.971
05:14:08.383 jbd2/nv        752     nvme1n1 WSM  878046256  131072    2.021
05:14:08.383 jbd2/nv        752     nvme1n1 WSM  878046512  131072    2.087
05:14:08.383 jbd2/nv        752     nvme1n1 WSM  878046768  131072    2.151
05:14:08.384 jbd2/nv        752     nvme1n1 WSM  878047024  131072    2.207
05:14:08.384 jbd2/nv        752     nvme1n1 WSM  878047280  131072    2.257
05:14:08.384 jbd2/nv        752     nvme1n1 WSM  878047536  131072    2.009
05:14:08.384 jbd2/nv        752     nvme1n1 WSM  878047792  131072    2.071
05:14:08.384 jbd2/nv        752     nvme1n1 WSM  878048048  131072    2.140
05:14:08.384 jbd2/nv        752     nvme1n1 WSM  878048304  131072    2.190
05:14:08.384 jbd2/nv        752     nvme1n1 WSM  878048560  131072    2.256
05:14:08.384 jbd2/nv        752     nvme1n1 WSM  878048816  131072    2.311
05:14:08.384 jbd2/nv        752     nvme1n1 WSM  878049072  131072    2.350
05:14:08.384 jbd2/nv        752     nvme1n1 WSM  878049328  131072    2.412
05:14:08.384 jbd2/nv        752     nvme1n1 WSM  878049584  131072    2.076
05:14:08.384 jbd2/nv        752     nvme1n1 WSM  878049840  131072    2.141
05:14:08.385 jbd2/nv        752     nvme1n1 WSM  878050096  131072    2.196
05:14:08.385 jbd2/nv        752     nvme1n1 WSM  878050352  131072    2.259
05:14:08.385 jbd2/nv        752     nvme1n1 WSM  878050608  131072    2.324
05:14:08.385 jbd2/nv        752     nvme1n1 WSM  878050864  131072    2.386
05:14:08.385 jbd2/nv        752     nvme1n1 WSM  878051120  131072    2.436
05:14:08.385 jbd2/nv        752     nvme1n1 WSM  878051376  131072    2.191
05:14:08.385 jbd2/nv        752     nvme1n1 WSM  878051632  131072    2.253
05:14:08.385 jbd2/nv        752     nvme1n1 WSM  878051888  131072    2.314
05:14:08.385 jbd2/nv        752     nvme1n1 WSM  878052144  131072    2.382
05:14:08.385 jbd2/nv        752     nvme1n1 WSM  878052400  131072    2.434
05:14:08.385 jbd2/nv        752     nvme1n1 WSM  878052656  131072    2.501
05:14:08.385 jbd2/nv        752     nvme1n1 WSM  878052912  131072    2.558
05:14:08.386 jbd2/nv        752     nvme1n1 WSM  878053168  131072    2.618
05:14:08.386 jbd2/nv        752     nvme1n1 WSM  878053424  131072    2.332
05:14:08.386 jbd2/nv        752     nvme1n1 WSM  878053680  131072    2.385
05:14:08.386 jbd2/nv        752     nvme1n1 WSM  878053936  131072    2.438
05:14:08.386 jbd2/nv        752     nvme1n1 WSM  878054192  131072    2.501
05:14:08.386 jbd2/nv        752     nvme1n1 WSM  878054448  131072    2.568
05:14:08.386 jbd2/nv        752     nvme1n1 WSM  878054704  131072    2.631
05:14:08.386 jbd2/nv        752     nvme1n1 WSM  878054960  131072    2.679
05:14:08.386 jbd2/nv        752     nvme1n1 WSM  878055216  131072    2.744
05:14:08.386 jbd2/nv        752     nvme1n1 WSM  878055472  131072    2.491
05:14:08.386 jbd2/nv        752     nvme1n1 WSM  878055728  131072    2.554
05:14:08.387 jbd2/nv        752     nvme1n1 WSM  878055984  131072    2.622
05:14:08.387 jbd2/nv        752     nvme1n1 WSM  878056240  131072    2.670
05:14:08.387 jbd2/nv        752     nvme1n1 WSM  878056496  131072    2.735
05:14:08.387 jbd2/nv        752     nvme1n1 WSM  878056752  131072    2.799
05:14:08.387 jbd2/nv        752     nvme1n1 WSM  878057008  131072    2.856
05:14:08.387 jbd2/nv        752     nvme1n1 WSM  878057264  131072    2.910
05:14:08.387 jbd2/nv        752     nvme1n1 WSM  878057520  131072    2.626
05:14:08.387 jbd2/nv        752     nvme1n1 WSM  878057776  131072    2.681
05:14:08.387 jbd2/nv        752     nvme1n1 WSM  878058032  131072    2.746
05:14:08.387 jbd2/nv        752     nvme1n1 WSM  878058288  131072    2.810
05:14:08.387 jbd2/nv        752     nvme1n1 WSM  878058544  131072    2.877
05:14:08.387 jbd2/nv        752     nvme1n1 WSM  878058800  131072    2.936
05:14:08.387 jbd2/nv        752     nvme1n1 WSM  878059056  131072    2.998
05:14:08.387 jbd2/nv        752     nvme1n1 WSM  878059312  131072    3.061
05:14:08.388 jbd2/nv        752     nvme1n1 WSM  878059568  131072    2.801
05:14:08.388 jbd2/nv        752     nvme1n1 WSM  878059824  131072    2.855
05:14:08.388 jbd2/nv        752     nvme1n1 WSM  878060080  131072    2.919
05:14:08.388 jbd2/nv        752     nvme1n1 WSM  878060336  131072    2.982
05:14:08.388 jbd2/nv        752     nvme1n1 WSM  878060592  131072    3.039
05:14:08.388 jbd2/nv        752     nvme1n1 WSM  878060848  131072    3.095
05:14:08.388 jbd2/nv        752     nvme1n1 WSM  878061104  131072    3.162
05:14:08.388 jbd2/nv        752     nvme1n1 WSM  878061360  131072    3.218
05:14:08.388 jbd2/nv        752     nvme1n1 WSM  878061616  131072    2.922
05:14:08.388 jbd2/nv        752     nvme1n1 WSM  878061872  131072    2.988
05:14:08.388 jbd2/nv        752     nvme1n1 WSM  878062128  131072    3.058
05:14:08.388 jbd2/nv        752     nvme1n1 WSM  878062384  131072    3.110
05:14:08.389 jbd2/nv        752     nvme1n1 WSM  878062640  131072    3.173
05:14:08.389 jbd2/nv        752     nvme1n1 WSM  878062896  131072    3.238
05:14:08.389 jbd2/nv        752     nvme1n1 WSM  878063152  131072    3.297
05:14:08.389 jbd2/nv        752     nvme1n1 WSM  878063408  131072    3.348
05:14:08.389 jbd2/nv        752     nvme1n1 WSM  878063664  131072    3.085
05:14:08.389 jbd2/nv        752     nvme1n1 WSM  878063920  131072    3.146
05:14:08.389 jbd2/nv        752     nvme1n1 WSM  878064176  131072    3.210
05:14:08.389 jbd2/nv        752     nvme1n1 WSM  878064432  131072    3.263
05:14:08.389 jbd2/nv        752     nvme1n1 WSM  878064688  131072    3.325
05:14:08.389 jbd2/nv        752     nvme1n1 WSM  878064944  131072    3.385
05:14:08.389 jbd2/nv        752     nvme1n1 WSM  878065200  131072    3.442
05:14:08.389 jbd2/nv        752     nvme1n1 WSM  878065456  131072    3.496
05:14:08.390 jbd2/nv        752     nvme1n1 WSM  878065712  131072    3.225
05:14:08.390 jbd2/nv        752     nvme1n1 WSM  878065968  131072    3.287
05:14:08.390 jbd2/nv        752     nvme1n1 WSM  878066224  131072    3.335
05:14:08.390 jbd2/nv        752     nvme1n1 WSM  878066480  131072    3.397
05:14:08.390 jbd2/nv        752     nvme1n1 WSM  878066736  131072    3.459
05:14:08.390 jbd2/nv        752     nvme1n1 WSM  878066992  131072    3.481
05:14:08.390 jbd2/nv        752     nvme1n1 WSM  878067248  131072    3.539
05:14:08.390 jbd2/nv        752     nvme1n1 WSM  878067504  131072    3.573
05:14:08.390 jbd2/nv        752     nvme1n1 WSM  878067760  131072    3.289
05:14:08.390 jbd2/nv        752     nvme1n1 WSM  878068016  131072    3.341
05:14:08.390 jbd2/nv        752     nvme1n1 WSM  878068272  131072    3.402
05:14:08.390 jbd2/nv        752     nvme1n1 WSM  878068528  131072    3.463
05:14:08.390 jbd2/nv        752     nvme1n1 WSM  878068784  131072    3.499
05:14:08.391 jbd2/nv        752     nvme1n1 WSM  878069040  131072    3.565
05:14:08.391 jbd2/nv        752     nvme1n1 WSM  878069296  131072    3.628
05:14:08.391 jbd2/nv        752     nvme1n1 WSM  878069552  131072    3.683
05:14:08.391 jbd2/nv        752     nvme1n1 WSM  878069808  131072    3.400
05:14:08.391 jbd2/nv        752     nvme1n1 WSM  878070064  131072    3.464
05:14:08.391 jbd2/nv        752     nvme1n1 WSM  878070320  131072    3.527
05:14:08.391 jbd2/nv        752     nvme1n1 WSM  878070576  131072    3.593
05:14:08.391 jbd2/nv        752     nvme1n1 WSM  878070832  131072    3.646
05:14:08.391 jbd2/nv        752     nvme1n1 WSM  878071088  131072    3.711
05:14:08.391 jbd2/nv        752     nvme1n1 WSM  878071344  131072    3.768
05:14:08.391 jbd2/nv        752     nvme1n1 WSM  878071600  131072    3.812
05:14:08.391 jbd2/nv        752     nvme1n1 WSM  878071856  131072    3.562
05:14:08.392 jbd2/nv        752     nvme1n1 WSM  878072112  131072    3.629
05:14:08.392 jbd2/nv        752     nvme1n1 WSM  878072368  131072    3.691
05:14:08.392 jbd2/nv        752     nvme1n1 WSM  878072624  131072    3.730
05:14:08.392 jbd2/nv        752     nvme1n1 WSM  878072880  131072    3.792
05:14:08.392 jbd2/nv        752     nvme1n1 WSM  878073136  131072    3.857
05:14:08.392 jbd2/nv        752     nvme1n1 WSM  878073392  131072    3.925
05:14:08.392 jbd2/nv        752     nvme1n1 WSM  878073648  131072    3.968
05:14:08.392 jbd2/nv        752     nvme1n1 WSM  878073904  131072    3.854
05:14:08.392 jbd2/nv        752     nvme1n1 WSM  878074160  131072    3.918
05:14:08.392 jbd2/nv        752     nvme1n1 WSM  878074416  131072    3.967
05:14:08.392 jbd2/nv        752     nvme1n1 WSM  878074672  131072    4.034
05:14:08.392 jbd2/nv        752     nvme1n1 WSM  878074928  110592    4.077
05:14:08.394 jbd2/nv        752     nvme1n1 WSM  878075144  4096      0.034
05:14:08.416 libuv-w        2068    nvme0n1 WS   37154640   4096      0.928
05:14:08.417 jbd2/nv        391     nvme0n1 WSM  4218672    32768     1.082
05:14:08.418 jbd2/nv        391     nvme0n1 WSM  4218736    4096      0.811
05:14:08.428 nvme           1781003 Unknown N    -1         512       0.029
05:14:08.762 libuv-w        2068    nvme0n1 WS   37220952   4096      0.865
05:14:08.763 jbd2/nv        391     nvme0n1 WSM  4218744    20480     1.029
05:14:08.764 jbd2/nv        391     nvme0n1 WSM  4218784    4096      0.800
05:14:09.088 libuv-w        2068    nvme0n1 WS   15387672   4096      0.895
05:14:09.090 jbd2/nv        391     nvme0n1 WSM  4218792    28672     1.206
05:14:09.090 jbd2/nv        391     nvme0n1 WSM  4218848    4096      0.813
05:14:09.431 nvme           1781063 Unknown N    -1         512       0.078
05:14:09.431 libuv-w        2068    nvme0n1 WS   15749752   4096      0.959
05:14:09.432 jbd2/nv        391     nvme0n1 WSM  4218856    28672     1.109
05:14:09.433 jbd2/nv        391     nvme0n1 WSM  4218912    4096      0.945
05:14:09.764 libuv-w        2068    nvme0n1 WS   15749760   4096      0.874
05:14:09.765 jbd2/nv        391     nvme0n1 WSM  4218920    20480     0.984
05:14:09.766 jbd2/nv        391     nvme0n1 WSM  4218960    4096      0.882
05:14:10.106 libuv-w        2068    nvme0n1 WS   37154648   4096      0.913
05:14:10.107 jbd2/nv        391     nvme0n1 WSM  4218968    28672     1.113
05:14:10.108 jbd2/nv        391     nvme0n1 WSM  4219024    4096      0.781
05:14:10.433 nvme           1781073 Unknown N    -1         512       0.074
05:14:10.439 libuv-w        2068    nvme0n1 WS   35045440   4096      0.883
05:14:10.441 jbd2/nv        391     nvme0n1 WSM  4219032    45056     1.240
05:14:10.442 jbd2/nv        391     nvme0n1 WSM  4219120    4096      0.835
05:14:10.444 journal        229470  nvme0n1 WS   7337984    4096      1.013
05:14:10.444 journal        229470  nvme0n1 WS   36167976   4096      0.974
05:14:10.444 journal        229470  nvme0n1 WS   8128888    32768     1.257
05:14:10.444 journal        229470  nvme0n1 WS   8129016    65536     1.441
05:14:10.445 journal        229470  nvme0n1 WS   8129272    131072    1.876
05:14:10.445 journal        229470  nvme0n1 WS   8142584    65536     2.589
05:14:10.445 journal        229470  nvme0n1 WS   36023392   16384     2.597
05:14:10.445 journal        229470  nvme0n1 WS   8130552    262144    2.742
05:14:10.445 journal        229470  nvme0n1 WS   8132856    262144    2.746
05:14:10.445 journal        229470  nvme0n1 WS   8138232    131072    2.729
05:14:10.446 journal        229470  nvme0n1 WS   8135160    262144    2.849
05:14:10.446 journal        229470  nvme0n1 WS   36022272   131072    2.905
05:14:10.446 journal        229470  nvme0n1 WS   36023808   262144    3.313
05:14:10.446 journal        229470  nvme0n1 WS   36029952   131072    3.445
05:14:10.446 journal        229470  nvme0n1 WS   36164832   16384     3.451
05:14:10.446 journal        229470  nvme0n1 WS   8133368    262144    3.598
05:14:10.446 journal        229470  nvme0n1 WS   36162816   131072    3.612
05:14:10.446 journal        229470  nvme0n1 WS   36167072   16384     3.755
05:14:10.446 journal        229470  nvme0n1 WS   36165632   131072    3.760
05:14:10.447 journal        229470  nvme0n1 WS   36166400   131072    3.896
05:14:10.447 journal        229470  nvme0n1 WS   36167520   16384     3.903
05:14:10.447 journal        229470  nvme0n1 WS   8135672    131072    4.075
05:14:10.447 journal        229470  nvme0n1 WS   36168384   32768     4.574
05:14:10.447 journal        229470  nvme0n1 WS   8142840    262144    4.590
05:14:10.447 journal        229470  nvme0n1 WS   36169088   65536     4.581
05:14:10.447 journal        229470  nvme0n1 WS   36171264   131072    4.682
05:14:10.447 journal        229470  nvme0n1 WS   36174336   65536     4.694
05:14:10.448 journal        229470  nvme0n1 WS   36176640   131072    4.917
05:14:10.448 journal        229470  nvme0n1 WS   36177024   32768     4.923
05:14:10.448 journal        229470  nvme0n1 WS   36177152   16384     4.931
05:14:10.448 journal        229470  nvme0n1 WS   36310296   4096      1.131
05:14:10.448 journal        229470  nvme0n1 WS   36177280   65536     5.033
05:14:10.448 journal        229470  nvme0n1 WS   36310440   4096      1.162
05:14:10.448 journal        229470  nvme0n1 WS   36310592   4096      1.163
05:14:10.448 journal        229470  nvme0n1 WS   36311032   4096      1.162
05:14:10.448 journal        229470  nvme0n1 WS   36310736   4096      1.224
05:14:10.448 journal        229470  nvme0n1 WS   36310888   4096      1.230
05:14:10.448 journal        229470  nvme0n1 WS   36322384   4096      1.327
05:14:10.448 journal        229470  nvme0n1 WS   36311552   65536     1.350
05:14:10.449 journal        229470  nvme0n1 WS   36313856   131072    1.934
05:14:10.449 journal        229470  nvme0n1 WS   36315792   40960     1.941
05:14:10.449 journal        229470  nvme0n1 WS   36315136   131072    2.214
05:14:10.449 journal        229470  nvme0n1 WS   36317856   16384     2.218
05:14:10.449 journal        229470  nvme0n1 WS   36317184   131072    2.465
05:14:10.449 journal        229470  nvme0n1 WS   36323072   16384     2.774
05:14:10.449 journal        229470  nvme0n1 WS   36321408   65536     2.783
05:14:10.449 journal        229470  nvme0n1 WS   36321792   131072    2.844
05:14:10.449 journal        229470  nvme0n1 WS   36323872   16384     2.849
05:14:10.450 journal        229470  nvme0n1 WS   36309888   196608    3.165
05:14:10.450 journal        229470  nvme0n1 WS   36323968   131072    1.896
05:14:10.450 journal        229470  nvme0n1 WS   36312832   262144    3.296
05:14:10.450 journal        229470  nvme0n1 WS   36324352   131072    2.207
05:14:10.451 journal        229470  nvme0n1 WS   7337984    4096      0.356
05:14:10.451 jbd2/nv        391     nvme0n1 WSM  4219128    8192      0.358
05:14:10.452 jbd2/nv        391     nvme0n1 WSM  4219144    4096      0.485
05:14:10.777 libuv-w        2068    nvme0n1 WS   32765456   4096      0.415
05:14:10.778 jbd2/nv        391     nvme0n1 WSM  4219152    28672     0.528
05:14:10.778 jbd2/nv        391     nvme0n1 WSM  4219208    4096      0.380
05:14:11.124 libuv-w        2068    nvme0n1 WS   36039040   4096      0.420
05:14:11.124 jbd2/nv        391     nvme0n1 WSM  4219216    28672     0.485
05:14:11.125 jbd2/nv        391     nvme0n1 WSM  4219272    4096      0.388
05:14:11.435 libuv-w        2068    nvme0n1 WS   37220960   4096      0.487
05:14:11.436 jbd2/nv        391     nvme0n1 WSM  4219280    28672     0.531
05:14:11.436 nvme           1781092 Unknown N    -1         512       0.029
05:14:11.436 jbd2/nv        391     nvme0n1 WSM  4219336    4096      0.425
05:14:11.853 libuv-w        2068    nvme0n1 WS   19656488   4096      0.739
05:14:11.854 jbd2/nv        391     nvme0n1 WSM  4219344    28672     0.543
05:14:11.854 jbd2/nv        391     nvme0n1 WSM  4219400    4096      0.450
05:14:12.186 libuv-w        2068    nvme0n1 WS   36039048   4096      0.476
05:14:12.187 jbd2/nv        391     nvme0n1 WSM  4219408    28672     0.563
05:14:12.187 jbd2/nv        391     nvme0n1 WSM  4219464    4096      0.370
05:14:12.438 nvme           1781102 Unknown N    -1         512       0.082
05:14:12.534 libuv-w        2068    nvme0n1 WS   19656496   4096      0.479
05:14:12.535 jbd2/nv        391     nvme0n1 WSM  4219472    32768     0.534
05:14:12.535 jbd2/nv        391     nvme0n1 WSM  4219536    4096      0.341
05:14:12.876 libuv-w        2068    nvme0n1 WS   37220968   4096      0.556
05:14:12.877 jbd2/nv        391     nvme0n1 WSM  4219544    32768     0.551
05:14:12.877 jbd2/nv        391     nvme0n1 WSM  4219608    4096      0.397
05:14:13.214 libuv-w        2068    nvme0n1 WS   36039056   4096      0.553
05:14:13.214 jbd2/nv        391     nvme0n1 WSM  4219616    24576     0.537
05:14:13.215 jbd2/nv        391     nvme0n1 WSM  4219664    4096      0.393
05:14:13.442 nvme           1781116 Unknown N    -1         512       0.090
05:14:13.536 libuv-w        2068    nvme0n1 WS   19656504   4096      0.591
05:14:13.537 jbd2/nv        391     nvme0n1 WSM  4219672    32768     0.455
05:14:13.537 jbd2/nv        391     nvme0n1 WSM  4219736    4096      0.400
05:14:13.595 jbd2/nv        752     nvme1n1 WSM  878075152  131072    0.161
05:14:13.595 jbd2/nv        752     nvme1n1 WSM  878075408  131072    0.205
05:14:13.595 jbd2/nv        752     nvme1n1 WSM  878075664  32768     0.219
05:14:13.595 jbd2/nv        752     nvme1n1 WSM  878075728  4096      0.029
05:14:13.876 libuv-w        2068    nvme0n1 WS   19656512   4096      0.579
05:14:13.877 jbd2/nv        391     nvme0n1 WSM  4219744    20480     0.581
05:14:13.877 jbd2/nv        391     nvme0n1 WSM  4219784    4096      0.483
05:14:14.223 libuv-w        2068    nvme0n1 WS   32765464   4096      0.480
05:14:14.223 jbd2/nv        391     nvme0n1 WSM  4219792    24576     0.474
05:14:14.224 jbd2/nv        391     nvme0n1 WSM  4219840    4096      0.442
05:14:14.305 kworker        1771936 nvme0n1 W    37876536   8192      0.583
05:14:14.444 nvme           1781131 Unknown N    -1         512       0.031
05:14:14.577 libuv-w        2068    nvme0n1 WS   37220976   4096      0.435
05:14:14.578 jbd2/nv        391     nvme0n1 WSM  4219848    49152     0.921
05:14:14.578 jbd2/nv        391     nvme0n1 WSM  4219944    4096      0.396
05:14:14.817 kworker        1771936 nvme1n1 W    1641456248 8192      0.101
05:14:14.817 kworker        1771936 nvme1n1 W    600054672  98304     0.151
05:14:14.817 kworker        1771936 nvme1n1 W    1580248168 131072    0.245
05:14:14.817 kworker        1771936 nvme1n1 W    1580248424 61440     0.274
05:14:14.817 kworker        1771936 nvme1n1 W    600054864  32768     0.291
05:14:14.817 kworker        1771936 nvme1n1 W    1580220928 131072    0.371
05:14:14.817 kworker        1771936 nvme1n1 W    1580221184 90112     0.426
05:14:14.817 kworker        1771936 nvme1n1 W    1565491000 77824     0.476
05:14:14.817 kworker        1771936 nvme1n1 W    600054928  45056     0.287
05:14:14.896 libuv-w        2068    nvme0n1 WS   19656520   4096      0.570
05:14:14.897 jbd2/nv        391     nvme0n1 WSM  4219952    28672     0.431
05:14:14.897 jbd2/nv        391     nvme0n1 WSM  4220008    4096      0.385
05:14:15.231 libuv-w        2068    nvme0n1 WS   36039064   4096      0.439
05:14:15.232 jbd2/nv        391     nvme0n1 WSM  4220016    28672     0.529
05:14:15.232 jbd2/nv        391     nvme0n1 WSM  4220072    4096      0.357
05:14:15.329 kworker        1771936 nvme0n1 WM   2102208    4096      0.592
05:14:15.329 kworker        1771936 nvme0n1 WM   2101288    4096      0.598
05:14:15.329 kworker        1771936 nvme0n1 WM   2102432    4096      0.650
05:14:15.329 kworker        1771936 nvme0n1 WM   2102456    4096      0.666
05:14:15.329 kworker        1771936 nvme0n1 WM   2102512    4096      0.667
05:14:15.329 kworker        1771936 nvme0n1 WM   2102872    4096      0.678
05:14:15.329 kworker        1771936 nvme0n1 WM   2102888    4096      0.688
05:14:15.329 kworker        1771936 nvme0n1 WM   2103000    4096      0.689
05:14:15.329 kworker        1771936 nvme0n1 WM   2103024    4096      0.706
05:14:15.329 kworker        1771936 nvme0n1 WM   2103328    4096      0.707
05:14:15.329 kworker        1771936 nvme0n1 WM   2103584    4096      0.713
05:14:15.329 kworker        1771936 nvme0n1 WM   2104656    4096      0.714
05:14:15.329 kworker        1771936 nvme0n1 WM   2104816    4096      0.720
05:14:15.329 kworker        1771936 nvme0n1 WM   2104912    4096      0.752
05:14:15.329 kworker        1771936 nvme0n1 WM   2105736    4096      0.752
05:14:15.329 kworker        1771936 nvme0n1 WM   2104952    4096      0.767
05:14:15.329 kworker        1771936 nvme0n1 WM   2105792    4096      0.779
05:14:15.329 kworker        1771936 nvme0n1 WM   2105768    8192      0.787
05:14:15.329 kworker        1771936 nvme0n1 WM   2112960    4096      0.794
05:14:15.329 kworker        1771936 nvme0n1 WM   2111936    4096      0.817
05:14:15.329 kworker        1771936 nvme0n1 WM   2112216    4096      0.867
05:14:15.329 kworker        1771936 nvme0n1 WM   2143848    4096      0.867
05:14:15.329 kworker        1771936 nvme0n1 WM   2143744    4096      0.873
05:14:15.329 kworker        1771936 nvme0n1 WM   2126936    8192      0.922
05:14:15.329 kworker        1771936 nvme0n1 WM   6293528    8192      0.923
05:14:15.329 kworker        1771936 nvme0n1 WM   6293672    4096      0.930
05:14:15.329 kworker        1771936 nvme0n1 WM   6309888    4096      0.945
05:14:15.329 kworker        1771936 nvme0n1 WM   6310344    8192      0.982
05:14:15.329 kworker        1771936 nvme0n1 WM   6310376    4096      0.989
05:14:15.329 kworker        1771936 nvme0n1 WM   6310392    8192      0.997
05:14:15.329 kworker        1771936 nvme0n1 WM   2099200    16384     1.063
05:14:15.329 kworker        1771936 nvme0n1 WM   6310432    4096      1.055
05:14:15.329 kworker        1771936 nvme0n1 WM   6310456    4096      1.002
05:14:15.329 kworker        1771936 nvme0n1 WM   6586504    4096      1.064
05:14:15.329 kworker        1771936 nvme0n1 WM   6310504    8192      1.068
05:14:15.329 kworker        1771936 nvme0n1 WM   6815528    4096      1.076
05:14:15.329 kworker        1771936 nvme0n1 WM   6812936    8192      1.092
05:14:15.329 kworker        1771936 nvme0n1 WM   10487936   4096      1.126
05:14:15.329 kworker        1771936 nvme0n1 WM   9089776    4096      1.129
05:14:15.329 kworker        1771936 nvme0n1 WM   10488064   4096      1.140
05:14:15.329 kworker        1771936 nvme0n1 WM   10488672   4096      1.148
05:14:15.329 kworker        1771936 nvme0n1 WM   10500736   4096      1.162
05:14:15.329 kworker        1771936 nvme0n1 WM   10500848   4096      1.168
05:14:15.329 kworker        1771936 nvme0n1 WM   10499256   4096      1.212
05:14:15.329 kworker        1771936 nvme0n1 WM   10499320   4096      1.213
05:14:15.329 kworker        1771936 nvme0n1 WM   10499368   16384     1.242
05:14:15.329 kworker        1771936 nvme0n1 WM   10500784   24576     1.242
05:14:15.330 kworker        1771936 nvme0n1 WM   10500896   4096      0.543
05:14:15.330 kworker        1771936 nvme0n1 WM   10500992   4096      0.638
05:14:15.330 kworker        1771936 nvme0n1 WM   10507784   4096      0.639
05:14:15.330 kworker        1771936 nvme0n1 WM   10501056   4096      0.668
05:14:15.330 kworker        1771936 nvme0n1 WM   11927272   4096      0.669
05:14:15.330 kworker        1771936 nvme0n1 WM   14682128   4096      0.751
05:14:15.330 kworker        1771936 nvme0n1 WM   14682144   4096      0.774
05:14:15.330 kworker        1771936 nvme0n1 WM   14705928   8192      0.831
05:14:15.330 kworker        1771936 nvme0n1 WM   14682192   4096      0.834
05:14:15.330 kworker        1771936 nvme0n1 WM   14705976   4096      0.845
05:14:15.330 kworker        1771936 nvme0n1 WM   15283368   4096      0.846
05:14:15.330 kworker        1771936 nvme0n1 WM   15283544   4096      0.900
05:14:15.330 kworker        1771936 nvme0n1 WM   18876544   4096      0.984
05:14:15.330 kworker        1771936 nvme0n1 WM   15378256   4096      0.986
05:14:15.330 kworker        1771936 nvme0n1 WM   18876672   4096      1.010
05:14:15.330 kworker        1771936 nvme0n1 WM   18876424   8192      1.053
05:14:15.330 kworker        1771936 nvme0n1 WM   18876960   4096      1.054
05:14:15.330 kworker        1771936 nvme0n1 WM   18878232   4096      1.096
05:14:15.330 kworker        1771936 nvme0n1 WM   19236776   4096      1.111
05:14:15.330 kworker        1771936 nvme0n1 WM   19153592   4096      1.140
05:14:15.330 kworker        1771936 nvme0n1 WM   19236792   4096      1.241
05:14:15.330 kworker        1771936 nvme0n1 WM   19275816   4096      1.256
05:14:15.330 kworker        1771936 nvme0n1 WM   19275896   8192      1.257
05:14:15.330 kworker        1771936 nvme0n1 WM   31459448   4096      1.274
05:14:15.330 kworker        1771936 nvme0n1 WM   27534296   4096      1.284
05:14:15.330 kworker        1771936 nvme0n1 WM   31459432   4096      1.336
05:14:15.331 kworker        1771936 nvme0n1 WM   35653640   4096      1.337
05:14:15.331 kworker        1771936 nvme0n1 WM   31459360   8192      1.364
05:14:15.331 kworker        1771936 nvme0n1 WM   35653696   4096      1.523
05:14:15.331 kworker        1771936 nvme0n1 WM   35653664   8192      1.530
05:14:15.446 nvme           1781137 Unknown N    -1         512       0.059
05:14:16.448 nvme           1781141 Unknown N    -1         512       0.028
05:14:17.451 nvme           1781151 Unknown N    -1         512       0.077
05:14:18.436 amoprof        1271097 nvme1n1 W    583991288  4096      0.059
