TIMESTAMP    COMM           PID     DISK    T    SECTOR     BYTES   LAT(ms)
04:12:32.519 nvme           1723700 Unknown N    -1         512       0.035
04:12:33.056 kworker        1720486 nvme1n1 W    1625054432 8192      0.063
04:12:33.056 kworker        1696237 nvme1n1 WM   784        4096      0.098
04:12:33.056 kworker        1696237 nvme1n1 WM   461373728  4096      0.103
04:12:33.056 kworker        1696237 nvme1n1 WM   595591184  4096      0.104
04:12:33.056 kworker        1696237 nvme1n1 WM   599785480  4096      0.104
04:12:33.056 kworker        1696237 nvme1n1 WM   1485058520 4096      0.107
04:12:33.056 kworker        1696237 nvme1n1 WM   1548633176 8192      0.109
04:12:33.056 kworker        1696237 nvme1n1 WM   1548633208 4096      0.110
04:12:33.056 kworker        1696237 nvme1n1 WM   1548633504 4096      0.111
04:12:33.056 kworker        1696237 nvme1n1 WM   1548635384 4096      0.111
04:12:33.056 kworker        1696237 nvme1n1 WM   1548635608 4096      0.113
04:12:33.056 kworker        1696237 nvme1n1 WM   1635778672 4096      0.116
04:12:33.056 kworker        1696237 nvme1n1 WM   1756866944 4096      0.116
04:12:33.056 kworker        1696237 nvme1n1 WM   1756912120 4096      0.117
04:12:33.056 kworker        1696237 nvme1n1 WM   599791184  57344     0.153
04:12:33.056 kworker        1696237 nvme1n1 WM   599791328  36864     0.174
04:12:33.056 jbd2/nv        752     nvme1n1 WSM  877904112  131072    0.207
04:12:33.056 jbd2/nv        752     nvme1n1 WSM  877904368  12288     0.210
04:12:33.056 jbd2/nv        752     nvme1n1 WSM  877904392  4096      0.037
04:12:33.522 nvme           1723752 Unknown N    -1         512       0.076
04:12:34.524 nvme           1723753 Unknown N    -1         512       0.027
04:12:35.526 nvme           1723754 Unknown N    -1         512       0.029
04:12:36.529 nvme           1723755 Unknown N    -1         512       0.027
04:12:36.641 kworker        1720486 nvme0n1 WM   2143768    4096      0.829
04:12:36.641 kworker        1720486 nvme0n1 WM   2235488    4096      0.836
04:12:36.641 kworker        1720486 nvme0n1 WM   14682192   4096      0.834
04:12:36.641 kworker        1720486 nvme0n1 WM   2102384    4096      0.882
04:12:36.641 kworker        1720486 nvme0n1 WM   2143856    4096      0.883
04:12:36.641 kworker        1720486 nvme0n1 WM   6022632    4096      0.883
04:12:36.641 kworker        1720486 nvme0n1 WM   2099208    8192      0.948
04:12:36.641 kworker        1720486 nvme0n1 WM   10487936   4096      0.947
04:12:36.641 kworker        1720486 nvme0n1 WM   10488064   4096      0.949
04:12:36.641 kworker        1720486 nvme0n1 WM   11830256   4096      0.949
04:12:36.641 kworker        1720486 nvme0n1 WM   14705928   4096      0.951
04:12:36.641 kworker        1720486 nvme0n1 WM   18876424   4096      0.952
04:12:36.641 kworker        1720486 nvme0n1 WM   31459448   4096      0.954
04:12:36.641 kworker        1720486 nvme0n1 WM   10499184   36864     1.251
04:12:37.531 nvme           1723756 Unknown N    -1         512       0.027
04:12:38.176 kworker        1720486 nvme1n1 W    1639456648 8192      0.064
04:12:38.176 kworker        1720486 nvme1n1 W    596117128  4096      0.071
04:12:38.176 jbd2/nv        752     nvme1n1 WSM  877904400  40960     0.081
04:12:38.176 jbd2/nv        752     nvme1n1 WSM  877904480  4096      0.031
04:12:38.177 kworker        1720486 nvme1n1 W    596117136  102400    0.140
04:12:38.177 kworker        1720486 nvme1n1 W    1553980728 131072    0.218
04:12:38.177 kworker        1720486 nvme1n1 W    1553980984 61440     0.255
04:12:38.177 kworker        1720486 nvme1n1 W    596117336  32768     0.274
04:12:38.177 kworker        1720486 nvme1n1 W    1553981952 131072    0.354
04:12:38.177 kworker        1720486 nvme1n1 W    1553982208 90112     0.407
04:12:38.177 kworker        1720486 nvme1n1 W    1535037088 77824     0.455
04:12:38.177 kworker        1720486 nvme1n1 W    596117400  45056     0.484
04:12:38.533 nvme           1723757 Unknown N    -1         512       0.071
04:12:39.535 nvme           1723758 Unknown N    -1         512       0.026
04:12:40.539 nvme           1723759 Unknown N    -1         512       0.073
04:12:40.737 jbd2/nv        391     nvme0n1 WSM  4208000    40960     1.260
04:12:40.738 jbd2/nv        391     nvme0n1 WSM  4208080    4096      0.719
04:12:41.249 kworker        1720485 nvme0n1 W    37218032   4096      0.940
04:12:41.249 kworker        1720486 nvme0n1 W    37332672   4096      0.952
04:12:41.249 kworker        1696237 nvme0n1 W    8128856    16384     0.899
04:12:41.249 kworker        1696237 nvme0n1 W    36029952   131072    1.256
04:12:41.250 kworker        1696237 nvme0n1 W    8135672    131072    1.518
04:12:41.250 kworker        1696237 nvme0n1 W    36167072   16384     0.864
04:12:41.250 kworker        1696237 nvme0n1 W    36167520   16384     0.867
04:12:41.250 kworker        1696237 nvme0n1 W    8143096    131072    1.828
04:12:41.250 kworker        1696237 nvme0n1 W    36166400   131072    1.828
04:12:41.250 kworker        1696237 nvme0n1 W    36167976   4096      0.791
04:12:41.250 kworker        1696237 nvme0n1 W    36168384   32768     1.099
04:12:41.251 kworker        1696237 nvme0n1 W    36023808   262144    2.694
04:12:41.251 kworker        1696237 nvme0n1 W    36315792   40960     1.021
04:12:41.251 kworker        1696237 nvme0n1 W    36322384   4096      0.535
04:12:41.251 kworker        1696237 nvme0n1 W    36174336   65536     1.333
04:12:41.251 kworker        1696237 nvme0n1 W    36177280   65536     1.395
04:12:41.252 kworker        1696237 nvme0n1 W    36323072   16384     1.030
04:12:41.252 kworker        1696237 nvme0n1 W    36321792   131072    1.642
04:12:41.252 kworker        1696237 nvme0n1 W    36317184   131072    1.845
04:12:41.252 kworker        1696237 nvme0n1 W    7337984    4096      0.859
04:12:41.253 kworker        1696237 nvme0n1 W    36324352   131072    2.085
04:12:41.541 nvme           1723760 Unknown N    -1         512       0.029
04:12:42.526 amoprof        1271097 nvme1n1 W    600068944  4096      0.056
