TIMESTAMP    COMM           PID     DISK    T    SECTOR     BYTES   LAT(ms)
03:49:55.009 nvme           1702903 Unknown N    -1         512       0.037
03:49:56.011 nvme           1702955 Unknown N    -1         512       0.029
03:49:57.013 nvme           1702956 Unknown N    -1         512       0.031
03:49:58.016 nvme           1702957 Unknown N    -1         512       0.029
03:49:58.111 jbd2/nv        752     nvme1n1 WSM  877862152  102400    0.132
03:49:58.111 jbd2/nv        752     nvme1n1 WSM  877862352  4096      0.030
03:49:59.018 nvme           1702958 Unknown N    -1         512       0.095
03:50:00.020 nvme           1702959 Unknown N    -1         512       0.029
03:50:01.022 nvme           1702960 Unknown N    -1         512       0.083
03:50:01.377 kworker        1661618 nvme1n1 W    1639456368 8192      0.110
03:50:01.377 kworker        1661618 nvme1n1 W    595990888  102400    0.163
03:50:01.377 kworker        1661618 nvme1n1 W    1534977752 131072    0.244
03:50:01.377 kworker        1661618 nvme1n1 W    1534978008 61440     0.278
03:50:01.377 kworker        1661618 nvme1n1 W    595991088  32768     0.296
03:50:01.377 kworker        1661618 nvme1n1 W    1534978128 131072    0.380
03:50:01.377 kworker        1661618 nvme1n1 W    1534978384 90112     0.436
03:50:01.377 kworker        1661618 nvme1n1 W    1533054624 77824     0.483
03:50:01.377 kworker        1661618 nvme1n1 WM   0          4096      0.168
03:50:01.377 kworker        1661618 nvme1n1 WM   728        4096      0.175
03:50:01.377 kworker        1661618 nvme1n1 WM   776        4096      0.175
03:50:01.377 kworker        1661618 nvme1n1 WM   591396872  4096      0.175
03:50:01.377 kworker        1661618 nvme1n1 WM   595591184  4096      0.181
03:50:01.377 kworker        1661618 nvme1n1 WM   599785480  4096      0.182
03:50:01.377 kworker        1661618 nvme1n1 WM   599785600  4096      0.182
03:50:01.377 kworker        1661618 nvme1n1 WM   1493844928 4096      0.181
03:50:01.377 kworker        1661618 nvme1n1 WM   1518338104 4096      0.184
03:50:01.377 kworker        1661618 nvme1n1 W    595991152  45056     0.216
03:50:01.377 kworker        1661618 nvme1n1 WM   599786456  36864     0.248
03:50:01.377 kworker        1661618 nvme1n1 WM   599786536  12288     0.252
03:50:01.377 kworker        1661618 nvme1n1 WM   599786616  57344     0.280
03:50:01.377 kworker        1661618 nvme1n1 WM   1520206304 8192      0.076
03:50:01.377 kworker        1661618 nvme1n1 WM   1520206328 4096      0.077
03:50:01.377 kworker        1661618 nvme1n1 WM   1520211872 4096      0.077
03:50:01.377 kworker        1661618 nvme1n1 WM   1520245952 4096      0.077
03:50:01.377 kworker        1661618 nvme1n1 WM   1520251344 8192      0.083
03:50:01.377 kworker        1661618 nvme1n1 WM   1623195704 4096      0.084
03:50:01.377 kworker        1661618 nvme1n1 WM   1756912120 4096      0.084
03:50:01.377 kworker        1661618 nvme1n1 WM   1757038552 4096      0.088
03:50:01.377 kworker        1661618 nvme1n1 WM   1520209888 16384     0.099
03:50:01.888 kworker        1672356 nvme1n1 W    1625054192 8192      0.052
03:50:02.025 nvme           1702961 Unknown N    -1         512       0.115
03:50:03.027 nvme           1702962 Unknown N    -1         512       0.072
03:50:04.029 nvme           1702963 Unknown N    -1         512       0.074
03:50:04.393 jbd2/nv        752     nvme1n1 WSM  877862360  86016     0.125
03:50:04.393 jbd2/nv        752     nvme1n1 WSM  877862528  4096      0.031
03:50:05.016 amoprof        1271097 nvme1n1 W    600060312  4096      0.052
