TIMESTAMP    COMM           PID     DISK    T    SECTOR     BYTES   LAT(ms)
10:10:36.065 kworker        2211508 nvme0n1 W    38459560   8192      0.912
10:10:36.065 kworker        2265329 nvme0n1 W    7337984    4096      0.934
10:10:36.065 kworker        2275107 nvme0n1 W    33267672   12288     1.029
10:10:36.066 kworker        2265329 nvme0n1 W    36018528   16384     0.581
10:10:36.066 kworker        2265329 nvme0n1 W    8134648    131072    1.862
10:10:36.066 kworker        2265329 nvme0n1 W    8131832    131072    1.986
10:10:36.066 kworker        2265329 nvme0n1 W    8135672    131072    2.169
10:10:36.067 kworker        2265329 nvme0n1 W    8136696    131072    2.454
10:10:36.067 kworker        2265329 nvme0n1 W    36168096   4096      0.672
10:10:36.067 kworker        2265329 nvme0n1 W    36167208   4096      1.218
10:10:36.067 kworker        2265329 nvme0n1 W    8132344    262144    3.042
10:10:36.067 kworker        2265329 nvme0n1 W    36029440   131072    2.199
10:10:36.067 kworker        2265329 nvme0n1 W    36167552   65536     1.166
10:10:36.068 kworker        2265329 nvme0n1 W    36168544   4096      0.937
10:10:36.068 kworker        2265329 nvme0n1 W    36177152   16384     0.724
10:10:36.068 kworker        2265329 nvme0n1 W    36166656   131072    2.106
10:10:36.068 kworker        2265329 nvme0n1 W    36174464   65536     1.248
10:10:36.068 kworker        2265329 nvme0n1 W    36322456   4096      0.649
10:10:36.068 kworker        2265329 nvme0n1 W    36323136   16384     0.917
10:10:36.069 kworker        2265329 nvme0n1 W    36315136   131072    1.784
10:10:36.069 kworker        2265329 nvme0n1 W    36229760   65536     1.147
10:10:36.069 kworker        2265329 nvme0n1 W    36236800   16384     0.668
10:10:36.069 kworker        2265329 nvme0n1 W    36323968   65536     1.522
10:10:36.069 kworker        2265329 nvme0n1 W    36321792   131072    2.045
10:10:36.069 kworker        2265329 nvme0n1 W    36232960   131072    1.535
10:10:36.069 kworker        2265329 nvme0n1 W    36237328   4096      0.604
10:10:36.070 kworker        2265329 nvme0n1 W    36231424   131072    1.732
10:10:36.070 kworker        2265329 nvme0n1 W    36237576   4096      0.488
10:10:36.070 kworker        2265329 nvme0n1 W    36237632   4096      0.606
10:10:36.070 kworker        2265329 nvme0n1 W    36235776   131072    2.016
10:10:36.070 kworker        2265329 nvme0n1 W    36237680   4096      0.914
10:10:36.071 kworker        2265329 nvme0n1 W    36237696   4096      0.921
10:10:36.071 kworker        2265329 nvme0n1 W    36237056   131072    1.983
10:10:36.071 kworker        2265329 nvme0n1 W    36237376   98304     1.669
10:10:36.072 kworker        2265329 nvme0n1 W    36240128   131072    1.976
10:10:36.509 jbd2/nv        752     nvme1n1 WSM  877012968  131072    0.163
10:10:36.509 jbd2/nv        752     nvme1n1 WSM  877013224  24576     0.178
10:10:36.509 jbd2/nv        752     nvme1n1 WSM  877013272  4096      0.030
10:10:36.511 nvme           2281313 Unknown N    -1         512       0.025
10:10:37.513 nvme           2281372 Unknown N    -1         512       0.100
10:10:38.516 nvme           2281386 Unknown N    -1         512       0.086
10:10:39.519 nvme           2281395 Unknown N    -1         512       0.077
10:10:40.522 nvme           2281402 Unknown N    -1         512       0.077
10:10:41.185 kworker        2211508 nvme0n1 W    36981656   4096      0.607
10:10:41.525 nvme           2281406 Unknown N    -1         512       0.069
10:10:41.696 kworker        2211508 nvme1n1 W    1177977960 4096      0.050
10:10:41.696 jbd2/nv        752     nvme1n1 WSM  877013280  45056     0.077
10:10:41.696 kworker        2211508 nvme1n1 W    1177977968 28672     0.056
10:10:41.696 jbd2/nv        752     nvme1n1 WSM  877013368  4096      0.034
10:10:41.697 kworker        2211508 nvme1n1 W    1177978024 106496    0.136
10:10:41.697 kworker        2211508 nvme1n1 W    1177978232 98304     0.182
10:10:42.527 nvme           2281411 Unknown N    -1         512       0.079
10:10:43.529 nvme           2281425 Unknown N    -1         512       0.078
10:10:44.532 nvme           2281434 Unknown N    -1         512       0.029
10:10:45.280 kworker        2236122 nvme1n1 W    1565495328 4096      0.068
10:10:45.280 kworker        2236122 nvme1n1 W    1622538800 4096      0.076
10:10:45.535 nvme           2281438 Unknown N    -1         512       0.077
10:10:46.523 amoprof        2179165 nvme1n1 W    617220648  12288     0.070
