TIMESTAMP    COMM           PID     DISK    T    SECTOR     BYTES   LAT(ms)
06:07:26.112 kworker        1879956 nvme1n1 W    1642273248 40960     0.086
06:07:26.232 ib_log_        125934  nvme1n1 WS   21245080   4096      0.053
06:07:26.232 ib_log_        125934  nvme1n1 WS   21242704   4096      0.035
06:07:26.313 nvme           1891920 Unknown N    -1         512       0.029
06:07:27.316 nvme           1891975 Unknown N    -1         512       0.035
06:07:27.459 ib_pg_f        125934  nvme1n1 WS   1737244672 16384     0.069
06:07:27.459 ib_pg_f        125934  nvme1n1 WS   1757759904 16384     0.042
06:07:28.233 ib_log_        125934  nvme1n1 WS   21242704   4096      0.052
06:07:28.318 nvme           1891989 Unknown N    -1         512       0.028
06:07:28.828 ib_log_        125941  nvme1n1 WS   1755988120 4096      0.054
06:07:28.828 connect        125941  nvme1n1 WS   1757353360 4096      0.042
06:07:28.829 jbd2/nv        752     nvme1n1 WSM  878935368  110592    0.125
06:07:28.829 jbd2/nv        752     nvme1n1 WSM  878935584  4096      0.029
06:07:28.829 ib_log_        125941  nvme1n1 WS   1755988120 4096      0.028
06:07:28.865 ib_log_        125941  nvme1n1 WS   1755988120 4096      0.037
06:07:28.866 ib_log_        125941  nvme1n1 WS   1755988120 4096      0.028
06:07:28.975 ib_log_        125941  nvme1n1 WS   1755988120 4096      0.038
06:07:29.228 python3        1784369 nvme1n1 WS   1648832512 131072    0.204
06:07:29.228 python3        1784369 nvme1n1 WS   1573736448 131072    0.285
06:07:29.228 python3        1784366 nvme1n1 WS   1648914432 131072    0.368
06:07:29.228 python3        1784369 nvme1n1 WS   1648832768 131072    0.450
06:07:29.228 python3        1784369 nvme1n1 WS   1648833024 131072    0.535
06:07:29.228 python3        1784369 nvme1n1 WS   1648833280 131072    0.595
06:07:29.228 python3        1784369 nvme1n1 WS   1648833536 131072    0.677
06:07:29.228 python3        1784369 nvme1n1 WS   1648833792 131072    0.756
06:07:29.228 python3        1784369 nvme1n1 WS   1573736704 131072    0.855
06:07:29.228 python3        1784369 nvme1n1 WS   1573736960 131072    0.936
06:07:29.229 python3        1784369 nvme1n1 WS   1573737216 131072    1.014
06:07:29.229 python3        1784369 nvme1n1 WS   1573737472 131072    1.095
06:07:29.229 python3        1784369 nvme1n1 WS   1573737728 131072    1.173
06:07:29.229 python3        1784366 nvme1n1 WS   1648914688 131072    1.269
06:07:29.229 python3        1784366 nvme1n1 WS   1648914944 131072    1.346
06:07:29.229 python3        1784366 nvme1n1 WS   1648915200 131072    1.425
06:07:29.229 python3        1784366 nvme1n1 WS   1648915456 131072    1.507
06:07:29.229 python3        1784366 nvme1n1 WS   1648915712 131072    1.584
06:07:29.229 python3        1784366 nvme1n1 WS   1648915968 131072    1.665
06:07:29.229 python3        1784366 nvme1n1 WS   1648916224 131072    1.726
06:07:29.229 python3        1784366 nvme1n1 WS   1648916480 131072    1.807
06:07:29.229 python3        1784366 nvme1n1 WS   1648916736 131072    1.887
06:07:29.230 python3        1784366 nvme1n1 WS   1648916992 131072    1.972
06:07:29.230 python3        1784366 nvme1n1 WS   1648917248 131072    2.048
06:07:29.230 python3        1784366 nvme1n1 WS   1648917504 131072    2.128
06:07:29.230 python3        1784366 nvme1n1 WS   1648917760 131072    2.202
06:07:29.230 python3        1784366 nvme1n1 WS   1648918016 131072    2.277
06:07:29.230 python3        1784366 nvme1n1 WS   1648918272 131072    2.339
06:07:29.230 python3        1784366 nvme1n1 WS   1648918528 131072    2.414
06:07:29.230 python3        1784366 nvme1n1 WS   1648918784 131072    2.495
06:07:29.230 python3        1784369 nvme1n1 WS   1648834048 131072    2.720
06:07:29.230 python3        1784369 nvme1n1 WS   1648834304 131072    2.704
06:07:29.230 python3        1784369 nvme1n1 WS   1648834560 131072    2.769
06:07:29.230 python3        1784369 nvme1n1 WS   1648834816 131072    2.842
06:07:29.231 python3        1784369 nvme1n1 WS   1648835072 131072    2.916
06:07:29.231 python3        1784369 nvme1n1 WS   1648835328 131072    2.991
06:07:29.231 python3        1784369 nvme1n1 WS   1648835584 131072    3.066
06:07:29.231 python3        1784369 nvme1n1 WS   1648835840 131072    3.143
06:07:29.231 python3        1784369 nvme1n1 WS   1648836096 131072    3.218
06:07:29.231 python3        1784369 nvme1n1 WS   1648836352 131072    3.287
06:07:29.231 python3        1784369 nvme1n1 WS   1648848896 131072    3.361
06:07:29.231 python3        1784369 nvme1n1 WS   1648849152 131072    3.441
06:07:29.231 python3        1784369 nvme1n1 WS   1573737984 131072    3.589
06:07:29.231 python3        1784369 nvme1n1 WS   1573738240 131072    3.653
06:07:29.231 python3        1784369 nvme1n1 WS   1573738496 131072    3.729
06:07:29.231 python3        1784369 nvme1n1 WS   1573738752 131072    3.811
06:07:29.231 python3        1784369 nvme1n1 WS   1573739008 131072    3.891
06:07:29.232 python3        1784369 nvme1n1 WS   1573739264 131072    3.966
06:07:29.232 python3        1784369 nvme1n1 WS   1573739520 49152     3.993
06:07:29.232 python3        1784366 nvme1n1 WS   1648840704 131072    4.080
06:07:29.232 python3        1784366 nvme1n1 WS   1648840960 131072    4.154
06:07:29.232 python3        1784366 nvme1n1 WS   1648841216 131072    4.233
06:07:29.232 python3        1784366 nvme1n1 WS   1648841472 131072    4.310
06:07:29.232 python3        1784366 nvme1n1 WS   1648841728 131072    4.386
06:07:29.232 python3        1784366 nvme1n1 WS   1648841984 131072    4.464
06:07:29.232 python3        1784366 nvme1n1 WS   1648842240 131072    4.542
06:07:29.232 python3        1784366 nvme1n1 WS   1648842496 131072    4.608
06:07:29.232 python3        1784366 nvme1n1 WS   1648842752 131072    4.687
06:07:29.232 python3        1784366 nvme1n1 WS   1648843008 131072    4.763
06:07:29.232 python3        1784366 nvme1n1 WS   1648843264 131072    4.838
06:07:29.233 python3        1784366 nvme1n1 WS   1648843520 131072    4.920
06:07:29.233 python3        1784366 nvme1n1 WS   1648843776 49152     4.950
06:07:29.233 python3        1784368 nvme1n1 WS   1648836608 131072    5.081
06:07:29.233 python3        1784368 nvme1n1 WS   1648836864 131072    5.150
06:07:29.233 python3        1784368 nvme1n1 WS   1648837120 131072    5.225
06:07:29.233 python3        1784368 nvme1n1 WS   1648837376 131072    5.300
06:07:29.233 python3        1784368 nvme1n1 WS   1648837632 131072    5.375
06:07:29.233 python3        1784368 nvme1n1 WS   1648837888 131072    5.451
06:07:29.233 python3        1784368 nvme1n1 WS   1648838144 131072    5.526
06:07:29.233 python3        1784368 nvme1n1 WS   1648844800 131072    5.637
06:07:29.233 python3        1784368 nvme1n1 WS   1648845056 131072    5.709
06:07:29.233 python3        1784368 nvme1n1 WS   1648845312 131072    5.786
06:07:29.233 python3        1784368 nvme1n1 WS   1648845568 131072    5.861
06:07:29.234 python3        1784368 nvme1n1 WS   1648845824 131072    5.937
06:07:29.234 python3        1784368 nvme1n1 WS   1648846080 131072    6.013
06:07:29.234 python3        1784368 nvme1n1 WS   1648846336 131072    6.092
06:07:29.234 python3        1784368 nvme1n1 WS   1648846592 131072    6.154
06:07:29.234 python3        1784368 nvme1n1 WS   1648846848 131072    6.234
06:07:29.234 python3        1784368 nvme1n1 WS   1648847104 131072    6.308
06:07:29.234 python3        1784368 nvme1n1 WS   1648847360 131072    6.387
06:07:29.234 python3        1784368 nvme1n1 WS   1648847616 131072    6.462
06:07:29.234 python3        1784368 nvme1n1 WS   1648847872 49152     6.502
06:07:29.234 python3        1784368 nvme1n1 WS   1648838400 131072    6.564
06:07:29.234 python3        1784368 nvme1n1 WS   1648838656 131072    6.641
06:07:29.234 python3        1784368 nvme1n1 WS   1648838912 131072    6.720
06:07:29.234 python3        1784368 nvme1n1 WS   1648839168 131072    6.790
06:07:29.235 python3        1784368 nvme1n1 WS   1648839424 131072    6.887
06:07:29.235 python3        1784368 nvme1n1 WS   1648839680 131072    6.960
06:07:29.235 python3        1784368 nvme1n1 WS   1648839936 131072    7.035
06:07:29.235 python3        1784368 nvme1n1 WS   1648840192 131072    7.113
06:07:29.235 python3        1784367 nvme1n1 WS   1648852992 131072    7.179
06:07:29.235 python3        1784367 nvme1n1 WS   1648853248 131072    7.254
06:07:29.235 python3        1784367 nvme1n1 WS   1648853504 131072    7.331
06:07:29.235 python3        1784367 nvme1n1 WS   1648853760 131072    7.412
06:07:29.235 python3        1784368 nvme1n1 WS   1648840448 131072    7.494
06:07:29.235 python3        1784367 nvme1n1 WS   1648854016 131072    7.586
06:07:29.235 python3        1784367 nvme1n1 WS   1648854272 131072    7.648
06:07:29.235 python3        1784368 nvme1n1 WS   1648857088 131072    7.731
06:07:29.236 python3        1784368 nvme1n1 WS   1648857344 131072    7.810
06:07:29.236 python3        1784367 nvme1n1 WS   1648854528 131072    7.893
06:07:29.236 python3        1784367 nvme1n1 WS   1648854784 131072    7.950
06:07:29.236 python3        1784367 nvme1n1 WS   1648855040 131072    8.026
06:07:29.236 python3        1784367 nvme1n1 WS   1648855296 131072    8.103
06:07:29.236 python3        1784367 nvme1n1 WS   1648855552 131072    8.182
06:07:29.236 python3        1784367 nvme1n1 WS   1648855808 131072    8.262
06:07:29.236 python3        1784367 nvme1n1 WS   1648856064 131072    8.340
06:07:29.236 python3        1784367 nvme1n1 WS   1648856320 131072    8.418
06:07:29.236 python3        1784367 nvme1n1 WS   1648856576 131072    8.497
06:07:29.236 python3        1784367 nvme1n1 WS   1648856832 131072    8.560
06:07:29.236 python3        1784367 nvme1n1 WS   1648861184 131072    8.636
06:07:29.236 python3        1784367 nvme1n1 WS   1648861440 131072    8.713
06:07:29.237 python3        1784367 nvme1n1 WS   1648865280 131072    8.731
06:07:29.237 python3        1784367 nvme1n1 WS   1648865536 131072    8.804
06:07:29.237 python3        1784367 nvme1n1 WS   1648865792 131072    8.881
06:07:29.237 python3        1784367 nvme1n1 WS   1648866048 131072    8.956
06:07:29.237 python3        1784367 nvme1n1 WS   1648866304 131072    9.034
06:07:29.237 python3        1784367 nvme1n1 WS   1648866560 131072    9.109
06:07:29.237 python3        1784367 nvme1n1 WS   1648866816 131072    9.190
06:07:29.237 python3        1784367 nvme1n1 WS   1648867072 131072    9.259
06:07:29.237 python3        1784367 nvme1n1 WS   1648867328 131072    9.337
06:07:29.237 python3        1784367 nvme1n1 WS   1648867584 131072    9.419
06:07:29.237 python3        1784367 nvme1n1 WS   1648867840 131072    9.495
06:07:29.237 python3        1784367 nvme1n1 WS   1648868096 131072    9.575
06:07:29.237 python3        1784367 nvme1n1 WS   1648868352 49152     9.603
06:07:29.321 nvme           1892004 Unknown N    -1         512       0.038
06:07:29.417 ib_pg_f        125941  nvme1n1 WS   1740075008 114688    0.143
06:07:29.417 ib_pg_f        125941  nvme1n1 WS   1532133728 16384     0.044
06:07:29.417 ib_pg_f        125941  nvme1n1 WS   1684882336 16384     0.048
06:07:29.417 ib_pg_f        125941  nvme1n1 WS   1532134208 16384     0.057
06:07:29.417 ib_pg_f        125941  nvme1n1 WS   32778688   16384     0.069
06:07:29.417 ib_pg_f        125941  nvme1n1 WS   1737035936 16384     0.062
06:07:29.417 ib_pg_f        125941  nvme1n1 WS   1756472320 16384     0.054
06:07:29.417 ib_pg_f        125941  nvme1n1 WS   1740286496 16384     0.049
06:07:29.954 ib_log_        125934  nvme1n1 WS   21245080   4096      0.056
06:07:29.954 ib_log_        125934  nvme1n1 WS   21245080   4096      0.029
06:07:29.954 connect        125934  nvme1n1 WS   1741350496 4096      0.034
06:07:29.955 jbd2/nv        752     nvme1n1 WSM  878935592  131072    0.139
06:07:29.955 jbd2/nv        752     nvme1n1 WSM  878935848  12288     0.146
06:07:29.955 jbd2/nv        752     nvme1n1 WSM  878935872  4096      0.028
06:07:29.955 ib_log_        125934  nvme1n1 WS   21245080   4096      0.027
06:07:29.956 ib_log_        125934  nvme1n1 WS   21245080   4096      0.029
06:07:29.956 ib_log_        125934  nvme1n1 WS   21245088   8192      0.032
06:07:29.956 jbd2/nv        752     nvme1n1 WSM  878935880  8192      0.031
06:07:29.956 jbd2/nv        752     nvme1n1 WSM  878935896  4096      0.028
06:07:29.956 jbd2/nv        752     nvme1n1 WSM  878935904  28672     0.048
06:07:29.956 jbd2/nv        752     nvme1n1 WSM  878935960  4096      0.027
06:07:29.956 connect        125934  nvme1n1 WS   1684901664 114688    0.123
06:07:29.956 jbd2/nv        752     nvme1n1 WSM  878935968  20480     0.044
06:07:29.956 jbd2/nv        752     nvme1n1 WSM  878936008  4096      0.027
06:07:29.956 connect        125934  nvme1n1 WS   1705597248 16384     0.041
06:07:29.956 jbd2/nv        752     nvme1n1 WSM  878936016  24576     0.049
06:07:29.956 jbd2/nv        752     nvme1n1 WSM  878936064  4096      0.029
06:07:29.957 ib_log_        125934  nvme1n1 WS   21245088   8192      0.031
06:07:29.957 ib_log_        125934  nvme1n1 WS   21245096   4096      0.032
06:07:29.957 ib_log_        125934  nvme1n1 WS   21245096   4096      0.030
06:07:29.958 ib_log_        125934  nvme1n1 WS   21245096   4096      0.028
06:07:29.958 ib_log_        125934  nvme1n1 WS   21245104   8192      0.031
06:07:29.958 jbd2/nv        752     nvme1n1 WSM  878936072  12288     0.039
06:07:29.958 jbd2/nv        752     nvme1n1 WSM  878936096  4096      0.028
06:07:29.958 connect        125934  nvme1n1 WS   1741350496 4096      0.030
06:07:29.958 jbd2/nv        752     nvme1n1 WSM  878936104  8192      0.031
06:07:29.958 jbd2/nv        752     nvme1n1 WSM  878936120  4096      0.030
06:07:29.958 ib_log_        125934  nvme1n1 WS   21245112   4096      0.029
06:07:29.959 ib_log_        125934  nvme1n1 WS   21245112   4096      0.030
06:07:29.959 ib_log_        125934  nvme1n1 WS   21245112   4096      0.028
06:07:29.959 connect        125934  nvme1n1 WS   1741350496 8192      0.033
06:07:29.959 ib_log_        125934  nvme1n1 WS   21245120   8192      0.035
06:07:29.959 jbd2/nv        752     nvme1n1 WSM  878936128  24576     0.052
06:07:29.959 jbd2/nv        752     nvme1n1 WSM  878936176  4096      0.029
06:07:29.960 ib_log_        125934  nvme1n1 WS   21245120   4096      0.028
06:07:29.972 ib_log_        125934  nvme1n1 WS   21245120   4096      0.032
06:07:29.974 ib_log_        125934  nvme1n1 WS   21245120   4096      0.028
06:07:30.082 ib_log_        125934  nvme1n1 WS   21245120   4096      0.043
06:07:30.266 ib_log_        125941  nvme1n1 WS   1755987968 4096      0.055
06:07:30.323 nvme           1892009 Unknown N    -1         512       0.031
06:07:30.459 ib_pg_f        125934  nvme1n1 WS   1737209856 131072    0.164
06:07:30.459 ib_pg_f        125934  nvme1n1 WS   1737210112 131072    0.245
06:07:30.459 ib_pg_f        125934  nvme1n1 WS   1737210368 131072    0.304
06:07:30.459 ib_pg_f        125934  nvme1n1 WS   1737210624 131072    0.381
06:07:30.460 ib_pg_f        125934  nvme1n1 WS   1737210880 131072    0.464
06:07:30.460 ib_pg_f        125934  nvme1n1 WS   1737211136 131072    0.539
06:07:30.460 ib_pg_f        125934  nvme1n1 WS   1737211392 131072    0.616
06:07:30.460 ib_pg_f        125934  nvme1n1 WS   1737211648 65536     0.656
06:07:30.460 ib_pg_f        125934  nvme1n1 WS   1756444288 16384     0.047
06:07:30.460 ib_pg_f        125934  nvme1n1 WS   1757812384 16384     0.051
06:07:30.460 ib_pg_f        125934  nvme1n1 WS   1757680896 16384     0.052
06:07:30.460 ib_pg_f        125934  nvme1n1 WS   1730392224 16384     0.053
06:07:30.460 ib_pg_f        125934  nvme1n1 WS   1730393760 16384     0.058
06:07:30.460 ib_pg_f        125934  nvme1n1 WS   1849440    16384     0.049
06:07:30.460 ib_pg_f        125934  nvme1n1 WS   1849472    16384     0.043
06:07:30.460 ib_pg_f        125934  nvme1n1 WS   1849504    16384     0.051
06:07:30.460 ib_pg_f        125934  nvme1n1 WS   1556367456 16384     0.053
06:07:30.460 ib_pg_f        125934  nvme1n1 WS   1730393792 16384     0.059
06:07:30.460 ib_pg_f        125934  nvme1n1 WS   1520140704 16384     0.062
06:07:30.460 ib_pg_f        125934  nvme1n1 WS   1520151520 16384     0.041
06:07:30.460 ib_pg_f        125934  nvme1n1 WS   1849984    16384     0.043
06:07:30.460 ib_pg_f        125934  nvme1n1 WS   1850016    16384     0.044
06:07:30.460 ib_pg_f        125934  nvme1n1 WS   1850048    16384     0.053
06:07:30.460 ib_pg_f        125934  nvme1n1 WS   1850080    16384     0.058
06:07:30.460 ib_pg_f        125934  nvme1n1 WS   1850112    16384     0.056
06:07:30.460 ib_pg_f        125934  nvme1n1 WS   1850176    16384     0.045
06:07:30.460 ib_pg_f        125934  nvme1n1 WS   1850208    16384     0.051
06:07:30.460 ib_pg_f        125934  nvme1n1 WS   1850240    16384     0.047
06:07:30.460 ib_pg_f        125934  nvme1n1 WS   1560554240 16384     0.044
06:07:30.460 ib_pg_f        125934  nvme1n1 WS   1520151552 16384     0.054
06:07:30.460 ib_pg_f        125934  nvme1n1 WS   1520151584 16384     0.048
06:07:30.460 ib_pg_f        125934  nvme1n1 WS   1498164192 16384     0.047
06:07:30.460 ib_pg_f        125934  nvme1n1 WS   1520151360 16384     0.042
06:07:30.460 ib_pg_f        125934  nvme1n1 WS   1520150528 16384     0.046
06:07:30.460 ib_pg_f        125934  nvme1n1 WS   1498164320 16384     0.039
06:07:30.460 ib_pg_f        125934  nvme1n1 WS   1756907936 16384     0.044
06:07:30.460 ib_pg_f        125934  nvme1n1 WS   1756912128 16384     0.044
06:07:30.460 ib_pg_f        125934  nvme1n1 WS   1498164576 16384     0.047
06:07:30.460 ib_pg_f        125934  nvme1n1 WS   1498163552 16384     0.047
06:07:30.460 ib_pg_f        125934  nvme1n1 WS   1498163712 16384     0.044
06:07:30.460 ib_pg_f        125934  nvme1n1 WS   1756903648 16384     0.043
06:07:30.460 ib_pg_f        125934  nvme1n1 WS   1756444320 16384     0.049
06:07:30.460 ib_pg_f        125934  nvme1n1 WS   1730408448 16384     0.046
06:07:30.460 ib_pg_f        125934  nvme1n1 WS   1684901696 16384     0.044
06:07:30.461 ib_pg_f        125934  nvme1n1 WS   1705597248 16384     0.060
06:07:30.461 ib_pg_f        125934  nvme1n1 WS   1684901728 16384     0.067
06:07:30.461 ib_pg_f        125934  nvme1n1 WS   1684901760 16384     0.070
06:07:30.461 ib_pg_f        125934  nvme1n1 WS   1730393824 16384     0.079
06:07:30.461 ib_pg_f        125934  nvme1n1 WS   1684901792 16384     0.082
06:07:30.461 ib_pg_f        125934  nvme1n1 WS   1756444352 16384     0.087
06:07:30.461 ib_pg_f        125934  nvme1n1 WS   1850336    16384     0.081
06:07:30.461 ib_pg_f        125934  nvme1n1 WS   1850368    16384     0.058
06:07:30.461 ib_pg_f        125934  nvme1n1 WS   1850272    16384     0.051
06:07:30.461 ib_pg_f        125934  nvme1n1 WS   1850304    16384     0.045
06:07:30.461 ib_pg_f        125934  nvme1n1 WS   1730393856 16384     0.041
06:07:30.461 ib_pg_f        125934  nvme1n1 WS   1757759936 16384     0.042
06:07:30.461 ib_pg_f        125934  nvme1n1 WS   1757760384 16384     0.050
06:07:30.461 ib_pg_f        125934  nvme1n1 WS   1560554208 16384     0.045
06:07:30.461 ib_pg_f        125934  nvme1n1 WS   671424     16384     0.048
06:07:30.461 ib_pg_f        125934  nvme1n1 WS   1556367488 16384     0.049
06:07:30.461 ib_pg_f        125934  nvme1n1 WS   1730393888 16384     0.050
06:07:30.461 ib_pg_f        125934  nvme1n1 WS   1756483296 16384     0.055
06:07:30.461 ib_pg_f        125934  nvme1n1 WS   1756426464 16384     0.063
06:07:30.461 ib_pg_f        125934  nvme1n1 WS   1730408544 16384     0.065
06:07:30.461 ib_pg_f        125934  nvme1n1 WS   1556367584 16384     0.073
06:07:30.461 ib_pg_f        125934  nvme1n1 WS   1730393920 16384     0.058
06:07:30.461 ib_pg_f        125934  nvme1n1 WS   1730452000 16384     0.055
06:07:30.461 ib_pg_f        125934  nvme1n1 WS   1756903584 16384     0.052
06:07:30.554 python3        1784366 nvme1n1 WS   1648869376 131072    0.195
06:07:30.554 python3        1784366 nvme1n1 WS   1648869632 131072    0.284
06:07:30.554 python3        1784366 nvme1n1 WS   1648869888 131072    0.332
06:07:30.554 python3        1784366 nvme1n1 WS   1648870144 131072    0.433
06:07:30.554 python3        1784366 nvme1n1 WS   1648870400 131072    0.511
06:07:30.554 python3        1784366 nvme1n1 WS   1648870656 131072    0.593
06:07:30.554 python3        1784366 nvme1n1 WS   1648870912 131072    0.653
06:07:30.554 python3        1784366 nvme1n1 WS   1176676352 131072    0.738
06:07:30.555 python3        1784366 nvme1n1 WS   1176676608 131072    0.811
06:07:30.555 python3        1784366 nvme1n1 WS   1176676864 131072    0.892
06:07:30.555 python3        1784366 nvme1n1 WS   1176677120 131072    0.972
06:07:30.555 python3        1784366 nvme1n1 WS   1176677376 131072    1.052
06:07:30.555 python3        1784366 nvme1n1 WS   1176677632 131072    1.134
06:07:30.555 python3        1784366 nvme1n1 WS   1176677888 24576     1.147
06:07:30.555 python3        1784368 nvme1n1 WS   1648873472 131072    1.243
06:07:30.555 python3        1784368 nvme1n1 WS   1648873728 131072    1.313
06:07:30.555 python3        1784368 nvme1n1 WS   1648873984 131072    1.392
06:07:30.555 python3        1784366 nvme1n1 WS   1648871168 131072    1.484
06:07:30.555 python3        1784366 nvme1n1 WS   1648871424 131072    1.564
06:07:30.555 python3        1784366 nvme1n1 WS   1648871680 131072    1.643
06:07:30.555 python3        1784366 nvme1n1 WS   1648871936 131072    1.722
06:07:30.556 python3        1784368 nvme1n1 WS   1664137216 131072    1.817
06:07:30.556 python3        1784368 nvme1n1 WS   1664137472 131072    1.889
06:07:30.556 python3        1784366 nvme1n1 WS   1648872192 131072    1.967
06:07:30.556 python3        1784366 nvme1n1 WS   1648872448 131072    2.048
06:07:30.556 python3        1784366 nvme1n1 WS   1648872704 131072    2.129
06:07:30.556 python3        1784366 nvme1n1 WS   1648872960 131072    2.204
06:07:30.556 python3        1784366 nvme1n1 WS   1648873216 131072    2.264
06:07:30.556 python3        1784366 nvme1n1 WS   1648881664 131072    2.339
06:07:30.556 python3        1784368 nvme1n1 WS   1664137728 131072    2.449
06:07:30.556 python3        1784368 nvme1n1 WS   1664137984 131072    2.527
06:07:30.556 python3        1784368 nvme1n1 WS   1664138240 131072    2.606
06:07:30.556 python3        1784368 nvme1n1 WS   1664138496 131072    2.681
06:07:30.556 python3        1784368 nvme1n1 WS   1664138752 24576     2.693
06:07:30.557 python3        1784368 nvme1n1 WS   1648874240 131072    2.792
06:07:30.557 python3        1784368 nvme1n1 WS   1648874496 131072    2.867
06:07:30.557 python3        1784368 nvme1n1 WS   1648874752 131072    2.933
06:07:30.557 python3        1784368 nvme1n1 WS   1648875008 131072    3.009
06:07:30.557 python3        1784367 nvme1n1 WS   1648877568 131072    3.090
06:07:30.557 python3        1784367 nvme1n1 WS   1648877824 131072    3.157
06:07:30.557 python3        1784367 nvme1n1 WS   1648878080 131072    3.234
06:07:30.557 python3        1784367 nvme1n1 WS   1648878336 131072    3.309
06:07:30.557 python3        1784366 nvme1n1 WS   1648881920 131072    3.385
06:07:30.557 python3        1784367 nvme1n1 WS   1648878592 131072    3.466
06:07:30.557 python3        1784367 nvme1n1 WS   1648878848 131072    3.541
06:07:30.557 python3        1784367 nvme1n1 WS   1648879104 131072    3.614
06:07:30.558 python3        1784368 nvme1n1 WS   1648875264 131072    3.697
06:07:30.558 python3        1784368 nvme1n1 WS   1648875520 131072    3.768
06:07:30.558 python3        1784368 nvme1n1 WS   1648875776 131072    3.844
06:07:30.558 python3        1784368 nvme1n1 WS   1648876032 131072    3.918
06:07:30.558 python3        1784368 nvme1n1 WS   1648876288 131072    3.994
06:07:30.558 python3        1784368 nvme1n1 WS   1648876544 131072    4.071
06:07:30.558 python3        1784367 nvme1n1 WS   1664227328 131072    4.172
06:07:30.558 python3        1784367 nvme1n1 WS   1664227584 131072    4.245
06:07:30.558 python3        1784367 nvme1n1 WS   1664227840 131072    4.324
06:07:30.558 python3        1784367 nvme1n1 WS   1664228096 131072    4.396
06:07:30.558 python3        1784367 nvme1n1 WS   1664228352 131072    4.471
06:07:30.558 python3        1784367 nvme1n1 WS   1664228608 131072    4.547
06:07:30.558 python3        1784367 nvme1n1 WS   1664228864 24576     4.560
06:07:30.558 python3        1784368 nvme1n1 WS   1648876800 131072    4.648
06:07:30.559 python3        1784368 nvme1n1 WS   1648877056 131072    4.718
06:07:30.559 python3        1784367 nvme1n1 WS   1648879360 131072    4.799
06:07:30.559 python3        1784367 nvme1n1 WS   1648879616 131072    4.869
06:07:30.559 python3        1784367 nvme1n1 WS   1648879872 131072    4.946
06:07:30.559 python3        1784367 nvme1n1 WS   1648880128 131072    5.023
06:07:30.559 python3        1784367 nvme1n1 WS   1648880384 131072    5.100
06:07:30.559 python3        1784367 nvme1n1 WS   1648880640 131072    5.176
06:07:30.559 python3        1784367 nvme1n1 WS   1648880896 131072    5.252
06:07:30.559 python3        1784367 nvme1n1 WS   1648881152 131072    5.332
06:07:30.559 python3        1784367 nvme1n1 WS   1648881408 131072    5.394
06:07:30.559 python3        1784367 nvme1n1 WS   1648926720 131072    5.471
06:07:30.559 python3        1784367 nvme1n1 WS   1648926976 131072    5.548
06:07:30.560 python3        1784368 nvme1n1 WS   1648877312 131072    5.645
06:07:30.560 python3        1784368 nvme1n1 WS   1648922624 131072    5.713
06:07:30.560 python3        1784368 nvme1n1 WS   1648922880 131072    5.789
06:07:30.560 python3        1784369 nvme1n1 WS   56512512   131072    5.675
06:07:30.560 python3        1784369 nvme1n1 WS   56512768   131072    5.744
06:07:30.560 python3        1784369 nvme1n1 WS   56513024   131072    5.819
06:07:30.560 python3        1784369 nvme1n1 WS   56513280   131072    5.899
06:07:30.560 python3        1784369 nvme1n1 WS   56513536   131072    5.976
06:07:30.560 python3        1784369 nvme1n1 WS   56513792   131072    6.052
06:07:30.560 python3        1784369 nvme1n1 WS   1561749504 131072    6.143
06:07:30.560 python3        1784369 nvme1n1 WS   1561749760 131072    6.210
06:07:30.560 python3        1784369 nvme1n1 WS   1561750016 131072    6.283
06:07:30.560 python3        1784369 nvme1n1 WS   56514048   131072    6.365
06:07:30.561 python3        1784369 nvme1n1 WS   56514304   131072    6.420
06:07:30.561 python3        1784369 nvme1n1 WS   56514560   131072    6.501
06:07:30.561 python3        1784369 nvme1n1 WS   56514816   131072    6.585
06:07:30.561 python3        1784369 nvme1n1 WS   1561750272 131072    6.694
06:07:30.561 python3        1784369 nvme1n1 WS   1561750528 131072    6.775
06:07:30.561 python3        1784369 nvme1n1 WS   1561750784 131072    6.851
06:07:30.561 python3        1784369 nvme1n1 WS   1561751040 24576     6.865
06:07:30.561 python3        1784369 nvme1n1 WS   56515072   131072    6.923
06:07:30.561 python3        1784369 nvme1n1 WS   56515328   131072    6.997
06:07:30.561 python3        1784369 nvme1n1 WS   56515584   131072    7.076
06:07:30.561 python3        1784369 nvme1n1 WS   56515840   131072    7.155
06:07:30.561 python3        1784369 nvme1n1 WS   56516096   131072    7.232
06:07:30.561 python3        1784369 nvme1n1 WS   56516352   131072    7.297
06:07:30.562 python3        1784369 nvme1n1 WS   56516608   131072    7.377
06:07:30.562 python3        1784369 nvme1n1 WS   56516864   131072    7.453
06:07:31.233 kworker        1764183 nvme1n1 W    600317904  16384     0.143
06:07:31.233 kworker        1764183 nvme1n1 W    608768000  131072    0.211
06:07:31.233 kworker        1764183 nvme1n1 W    608768256  126976    0.288
06:07:31.233 kworker        1764183 nvme1n1 W    608768504  122880    0.365
06:07:31.233 kworker        1764183 nvme1n1 W    608768744  114688    0.440
06:07:31.233 kworker        1764183 nvme1n1 W    608768968  118784    0.505
06:07:31.233 kworker        1764183 nvme1n1 W    608769200  131072    0.584
06:07:31.233 kworker        1764183 nvme1n1 W    722907080  131072    0.666
06:07:31.233 kworker        1764183 nvme1n1 W    722907336  61440     0.702
06:07:31.233 kworker        1764183 nvme1n1 W    608769456  32768     0.722
06:07:31.234 kworker        1764183 nvme1n1 W    1663841280 131072    0.801
06:07:31.234 kworker        1764183 nvme1n1 W    1663841536 90112     0.858
06:07:31.234 kworker        1764183 nvme1n1 W    608567800  77824     0.904
06:07:31.234 kworker        1764183 nvme1n1 W    608769520  40960     0.927
06:07:31.234 ib_log_        125934  nvme1n1 WS   21245120   4096      0.785
06:07:31.234 ib_log_        125934  nvme1n1 WS   21242704   4096      0.033
06:07:31.326 nvme           1892020 Unknown N    -1         512       0.029
06:07:31.579 ib_log_        125932  nvme1n1 WS   1756077856 8192      0.056
06:07:31.672 ib_log_        125932  nvme1n1 WS   1756077864 4096      0.040
06:07:32.330 nvme           1892024 Unknown N    -1         512       0.034
06:07:32.432 ib_pg_f        125932  nvme1n1 WS   1756891136 81920     0.118
06:07:32.432 ib_pg_f        125932  nvme1n1 WS   1755246880 16384     0.046
06:07:32.432 ib_pg_f        125932  nvme1n1 WS   1755217512 16384     0.051
06:07:32.432 ib_pg_f        125932  nvme1n1 WS   1757716416 16384     0.049
06:07:32.432 ib_pg_f        125932  nvme1n1 WS   1755106144 16384     0.057
06:07:32.432 ib_pg_f        125932  nvme1n1 WS   1740058784 16384     0.060
06:07:32.459 ib_pg_f        125934  nvme1n1 WS   1737244672 16384     0.058
06:07:32.459 ib_pg_f        125934  nvme1n1 WS   1757759904 16384     0.040
06:07:33.234 ib_log_        125934  nvme1n1 WS   21242704   4096      0.052
06:07:33.243 ib_log_        125932  nvme1n1 WS   1756076288 4096      0.039
06:07:33.332 nvme           1892041 Unknown N    -1         512       0.029
06:07:34.335 nvme           1892056 Unknown N    -1         512       0.031
06:07:35.190 jbd2/nv        752     nvme1n1 WSM  878936184  131072    0.167
06:07:35.190 jbd2/nv        752     nvme1n1 WSM  878936440  69632     0.152
06:07:35.190 jbd2/nv        752     nvme1n1 WSM  878936576  4096      0.032
06:07:35.192 python3        1784366 nvme1n1 WS   56520704   131072    0.167
06:07:35.192 python3        1784368 nvme1n1 WS   1177022464 131072    0.290
06:07:35.192 python3        1784366 nvme1n1 WS   56520960   131072    0.343
06:07:35.192 python3        1784366 nvme1n1 WS   56521216   131072    0.396
06:07:35.192 python3        1784368 nvme1n1 WS   1177022720 131072    0.471
06:07:35.193 python3        1784368 nvme1n1 WS   1177022976 131072    0.597
06:07:35.193 python3        1784366 nvme1n1 WS   56521472   131072    0.662
06:07:35.193 python3        1784366 nvme1n1 WS   56521728   131072    0.709
06:07:35.193 python3        1784366 nvme1n1 WS   56521984   131072    0.794
06:07:35.193 python3        1784366 nvme1n1 WS   56522240   131072    0.879
06:07:35.193 python3        1784368 nvme1n1 WS   1177023232 131072    0.962
06:07:35.193 python3        1784368 nvme1n1 WS   1177023488 131072    1.044
06:07:35.193 python3        1784368 nvme1n1 WS   1177023744 131072    1.122
06:07:35.193 python3        1784368 nvme1n1 WS   1177024000 131072    1.206
06:07:35.193 python3        1784366 nvme1n1 WS   56522496   131072    1.268
06:07:35.193 python3        1784366 nvme1n1 WS   56522752   131072    1.349
06:07:35.194 python3        1784368 nvme1n1 WS   1177024256 131072    1.435
06:07:35.194 python3        1784368 nvme1n1 WS   1177024512 131072    1.516
06:07:35.194 python3        1784368 nvme1n1 WS   1177024768 131072    1.597
06:07:35.194 python3        1784368 nvme1n1 WS   1177025024 131072    1.675
06:07:35.194 python3        1784366 nvme1n1 WS   56523008   131072    1.762
06:07:35.194 python3        1784366 nvme1n1 WS   56523264   131072    1.845
06:07:35.194 python3        1784366 nvme1n1 WS   56523520   131072    1.924
06:07:35.194 python3        1784368 nvme1n1 WS   1177025280 131072    2.011
06:07:35.194 python3        1784368 nvme1n1 WS   1177025536 131072    2.079
06:07:35.194 python3        1784368 nvme1n1 WS   1177025792 131072    2.154
06:07:35.194 python3        1784368 nvme1n1 WS   1177026048 131072    2.232
06:07:35.194 python3        1784366 nvme1n1 WS   56523776   131072    2.315
06:07:35.194 python3        1784366 nvme1n1 WS   56524032   131072    2.389
06:07:35.195 python3        1784366 nvme1n1 WS   56524288   131072    2.465
06:07:35.195 python3        1784366 nvme1n1 WS   56524544   131072    2.531
06:07:35.195 python3        1784366 nvme1n1 WS   56524800   131072    2.608
06:07:35.195 python3        1784366 nvme1n1 WS   56525056   131072    2.687
06:07:35.195 python3        1784368 nvme1n1 WS   1177026304 131072    2.763
06:07:35.195 python3        1784368 nvme1n1 WS   1176764416 131072    2.839
06:07:35.195 python3        1784368 nvme1n1 WS   1176764672 131072    2.912
06:07:35.195 python3        1784367 nvme1n1 WS   1176371200 131072    3.047
06:07:35.195 python3        1784367 nvme1n1 WS   1176371456 131072    3.061
06:07:35.195 python3        1784367 nvme1n1 WS   1176371712 131072    3.136
06:07:35.195 python3        1784367 nvme1n1 WS   1176371968 131072    3.217
06:07:35.195 python3        1784367 nvme1n1 WS   1176372224 131072    3.291
06:07:35.196 python3        1784367 nvme1n1 WS   1176372480 131072    3.367
06:07:35.196 python3        1784367 nvme1n1 WS   1176372736 131072    3.442
06:07:35.196 python3        1784367 nvme1n1 WS   1625731072 131072    3.526
06:07:35.196 python3        1784367 nvme1n1 WS   1625731328 131072    3.591
06:07:35.196 python3        1784367 nvme1n1 WS   1625731584 131072    3.665
06:07:35.196 python3        1784366 nvme1n1 WS   1566302208 131072    3.746
06:07:35.196 python3        1784366 nvme1n1 WS   1566302464 131072    3.812
06:07:35.196 python3        1784366 nvme1n1 WS   1566302720 131072    3.887
06:07:35.196 python3        1784366 nvme1n1 WS   1566302976 131072    3.967
06:07:35.196 python3        1784366 nvme1n1 WS   1566303232 131072    4.047
06:07:35.196 python3        1784366 nvme1n1 WS   1566303488 131072    4.126
06:07:35.196 python3        1784366 nvme1n1 WS   1566303744 131072    4.202
06:07:35.196 python3        1784367 nvme1n1 WS   1625731840 131072    4.308
06:07:35.197 python3        1784367 nvme1n1 WS   1625732096 131072    4.375
06:07:35.197 python3        1784367 nvme1n1 WS   1625732352 131072    4.446
06:07:35.197 python3        1784367 nvme1n1 WS   1625732608 131072    4.521
06:07:35.197 python3        1784367 nvme1n1 WS   1176372992 131072    4.614
06:07:35.197 python3        1784367 nvme1n1 WS   1176373248 131072    4.690
06:07:35.197 python3        1784367 nvme1n1 WS   1176373504 131072    4.770
06:07:35.197 python3        1784367 nvme1n1 WS   1176373760 131072    4.847
06:07:35.197 python3        1784367 nvme1n1 WS   1176374016 131072    4.924
06:07:35.197 python3        1784367 nvme1n1 WS   1176374272 131072    5.001
06:07:35.197 python3        1784367 nvme1n1 WS   1176374528 131072    5.079
06:07:35.197 python3        1784367 nvme1n1 WS   1176374784 131072    5.158
06:07:35.197 python3        1784369 nvme1n1 WS   1573740544 131072    5.294
06:07:35.197 python3        1784369 nvme1n1 WS   1573740800 131072    5.308
06:07:35.198 python3        1784369 nvme1n1 WS   1573741056 131072    5.381
06:07:35.198 python3        1784369 nvme1n1 WS   1573741312 131072    5.459
06:07:35.198 python3        1784369 nvme1n1 WS   1573741568 131072    5.533
06:07:35.198 python3        1784369 nvme1n1 WS   1573741824 131072    5.606
06:07:35.198 python3        1784369 nvme1n1 WS   1573742080 131072    5.681
06:07:35.198 python3        1784369 nvme1n1 WS   1573742336 131072    5.746
06:07:35.198 python3        1784369 nvme1n1 WS   1573742592 131072    5.823
06:07:35.198 python3        1784369 nvme1n1 WS   1573742848 131072    5.901
06:07:35.198 python3        1784369 nvme1n1 WS   1573743104 131072    5.977
06:07:35.198 python3        1784369 nvme1n1 WS   1573743360 131072    6.054
06:07:35.198 python3        1784369 nvme1n1 WS   1573743616 131072    6.133
06:07:35.199 python3        1784368 nvme1n1 WS   1648930816 131072    6.324
06:07:35.199 python3        1784368 nvme1n1 WS   1648931072 131072    6.339
06:07:35.199 python3        1784368 nvme1n1 WS   1648931328 131072    6.414
06:07:35.199 python3        1784368 nvme1n1 WS   1648931584 131072    6.493
06:07:35.199 python3        1784368 nvme1n1 WS   1648931840 131072    6.566
06:07:35.199 python3        1784368 nvme1n1 WS   1648932096 131072    6.642
06:07:35.199 python3        1784368 nvme1n1 WS   1648932352 131072    6.723
06:07:35.199 python3        1784368 nvme1n1 WS   1648932608 131072    6.783
06:07:35.199 python3        1784368 nvme1n1 WS   1648932864 131072    6.859
06:07:35.199 python3        1784368 nvme1n1 WS   1648933120 131072    6.972
06:07:35.199 python3        1784368 nvme1n1 WS   1648933376 131072    7.062
06:07:35.199 python3        1784368 nvme1n1 WS   1648933632 131072    7.133
06:07:35.199 python3        1784367 nvme1n1 WS   1176375040 131072    7.264
06:07:35.200 python3        1784367 nvme1n1 WS   1176375296 131072    7.340
06:07:35.200 python3        1784367 nvme1n1 WS   1176375552 57344     7.374
06:07:35.200 python3        1784366 nvme1n1 WS   1566304000 131072    7.455
06:07:35.200 python3        1784366 nvme1n1 WS   1566304256 131072    7.530
06:07:35.200 python3        1784366 nvme1n1 WS   1566304512 131072    7.610
06:07:35.200 python3        1784366 nvme1n1 WS   1566304768 131072    7.688
06:07:35.200 python3        1784366 nvme1n1 WS   1566305024 131072    7.765
06:07:35.200 python3        1784366 nvme1n1 WS   1566305280 131072    7.843
06:07:35.200 python3        1784366 nvme1n1 WS   1566305536 131072    7.920
06:07:35.200 python3        1784366 nvme1n1 WS   1566305792 131072    7.995
06:07:35.200 python3        1784366 nvme1n1 WS   1566306048 131072    8.063
06:07:35.200 python3        1784366 nvme1n1 WS   1566306304 131072    8.140
06:07:35.200 python3        1784366 nvme1n1 WS   1566306560 57344     8.173
06:07:35.201 python3        1784367 nvme1n1 WS   1625732864 131072    8.300
06:07:35.201 python3        1784367 nvme1n1 WS   1625733120 131072    8.369
06:07:35.201 python3        1784367 nvme1n1 WS   1625733376 131072    8.443
06:07:35.201 python3        1784367 nvme1n1 WS   1625733632 131072    8.521
06:07:35.201 python3        1784367 nvme1n1 WS   1625733888 131072    8.593
06:07:35.201 python3        1784367 nvme1n1 WS   1625734144 131072    8.667
06:07:35.201 python3        1784367 nvme1n1 WS   1625734400 131072    8.749
06:07:35.201 python3        1784367 nvme1n1 WS   1625734656 131072    8.855
06:07:35.201 python3        1784369 nvme1n1 WS   1573743872 131072    8.972
06:07:35.201 python3        1784369 nvme1n1 WS   1573744128 131072    9.097
06:07:35.201 python3        1784369 nvme1n1 WS   1573744384 131072    9.211
06:07:35.202 python3        1784369 nvme1n1 WS   1573744640 131072    9.339
06:07:35.202 python3        1784369 nvme1n1 WS   1573744896 131072    9.467
06:07:35.202 python3        1784368 nvme1n1 WS   1648933888 131072    9.706
06:07:35.202 python3        1784368 nvme1n1 WS   1648934144 131072    9.776
06:07:35.202 python3        1784368 nvme1n1 WS   1648934400 131072    9.917
06:07:35.202 python3        1784368 nvme1n1 WS   1648934656 131072   10.049
06:07:35.202 python3        1784368 nvme1n1 WS   1648934912 131072   10.190
06:07:35.203 python3        1784368 nvme1n1 WS   1648935168 57344    10.253
06:07:35.203 python3        1784367 nvme1n1 WS   1625734912 131072   10.415
06:07:35.203 python3        1784367 nvme1n1 WS   1625735168 131072   10.554
06:07:35.203 python3        1784367 nvme1n1 WS   1625735424 131072   10.700
06:07:35.203 python3        1784369 nvme1n1 WS   1176379392 131072   10.794
06:07:35.203 python3        1784369 nvme1n1 WS   1176379648 131072   10.892
06:07:35.203 python3        1784369 nvme1n1 WS   1176379904 131072   11.028
06:07:35.204 python3        1784369 nvme1n1 WS   1176380160 131072   11.167
06:07:35.204 python3        1784369 nvme1n1 WS   1176380416 131072   11.310
06:07:35.204 python3        1784369 nvme1n1 WS   1176380672 131072   11.457
06:07:35.204 python3        1784369 nvme1n1 WS   1176380928 131072   11.601
06:07:35.204 python3        1784369 nvme1n1 WS   1176381184 131072   11.728
06:07:35.204 python3        1784369 nvme1n1 WS   1176381440 131072   11.856
06:07:35.204 python3        1784369 nvme1n1 WS   1176381696 131072   11.939
06:07:35.204 python3        1784369 nvme1n1 WS   1176381952 131072   12.022
06:07:35.204 python3        1784369 nvme1n1 WS   1176382208 131072   12.101
06:07:35.205 python3        1784369 nvme1n1 WS   1176382464 131072   12.181
06:07:35.205 python3        1784369 nvme1n1 WS   1176382720 131072   12.256
06:07:35.205 python3        1784369 nvme1n1 WS   1176382976 131072   12.340
06:07:35.205 python3        1784369 nvme1n1 WS   1176383232 131072   12.408
06:07:35.205 python3        1784369 nvme1n1 WS   1176383488 131072   12.490
06:07:35.205 python3        1784369 nvme1n1 WS   1176383744 57344    12.523
06:07:35.337 nvme           1892061 Unknown N    -1         512       0.033
06:07:35.754 dockerd        1436    nvme1n1 WS   608611248  4096      0.056
06:07:35.754 jbd2/nv        752     nvme1n1 WSM  878936584  131072    0.144
06:07:35.754 jbd2/nv        752     nvme1n1 WSM  878936840  16384     0.151
06:07:35.754 jbd2/nv        752     nvme1n1 WSM  878936872  4096      0.028
06:07:35.754 dockerd        1436    nvme1n1 WS   608611256  4096      0.032
06:07:35.754 jbd2/nv        752     nvme1n1 WSM  878936880  36864     0.056
06:07:35.754 jbd2/nv        752     nvme1n1 WSM  878936952  4096      0.029
06:07:35.784 contain        1195    nvme1n1 WS   1730874040 4096      0.053
06:07:35.784 contain        1195    nvme1n1 WS   1730874056 4096      0.061
06:07:35.784 contain        1195    nvme1n1 WS   1730874144 4096      0.063
06:07:35.784 contain        1195    nvme1n1 WS   1730874168 4096      0.068
06:07:35.784 contain        1195    nvme1n1 WS   1429528    4096      0.027
06:07:35.797 dockerd        1436    nvme1n1 WS   1528463928 4096      0.044
06:07:35.797 dockerd        1436    nvme1n1 WS   1757812072 4096      0.052
06:07:35.797 dockerd        1436    nvme1n1 WS   1757812104 8192      0.058
06:07:35.797 dockerd        1436    nvme1n1 WS   1323312    4096      0.027
06:07:35.814 dockerd        1436    nvme1n1 WS   1518910992 4096      0.047
06:07:35.814 dockerd        1436    nvme1n1 WS   1757812056 4096      0.053
06:07:35.814 dockerd        1436    nvme1n1 WS   1757812096 4096      0.054
06:07:35.814 dockerd        1436    nvme1n1 WS   1757812120 4096      0.060
06:07:35.815 dockerd        1436    nvme1n1 WS   1323304    4096      0.031
06:07:35.815 dockerd        1436    nvme1n1 W    1486536336 4096      0.030
06:07:35.815 dockerd        1436    nvme1n1 WS   1539981568 4096      0.039
06:07:35.815 dockerd        1436    nvme1n1 WS   1757812072 4096      0.044
06:07:35.815 dockerd        1436    nvme1n1 WS   1757812104 8192      0.048
06:07:35.815 dockerd        1436    nvme1n1 WS   1323312    4096      0.027
06:07:35.816 contain        1195    nvme1n1 WS   1429520    4096      0.035
06:07:35.852 dockerd        1436    nvme1n1 WS   1518910992 4096      0.053
06:07:35.852 dockerd        1436    nvme1n1 WS   1757812056 4096      0.059
06:07:35.852 dockerd        1436    nvme1n1 WS   1757812096 4096      0.060
06:07:35.852 dockerd        1436    nvme1n1 WS   1757812120 4096      0.067
06:07:35.852 dockerd        1436    nvme1n1 WS   1323304    4096      0.027
06:07:35.852 dockerd        1436    nvme1n1 WS   1528463928 4096      0.039
06:07:35.853 dockerd        1436    nvme1n1 WS   1757812072 4096      0.045
06:07:35.853 dockerd        1436    nvme1n1 WS   1757812104 8192      0.049
06:07:35.853 dockerd        1436    nvme1n1 WS   1323312    4096      0.027
06:07:35.855 kworker        1764183 nvme1n1 W    1719341040 4096      0.044
06:07:35.855 kworker        1764183 nvme1n1 W    1719353312 4096      0.052
06:07:35.855 kworker        1764183 nvme1n1 W    608612424  4096      0.053
06:07:35.855 kworker        1879956 nvme1n1 W    1642273320 16384     0.045
06:07:35.855 kworker        1774410 nvme1n1 W    1719293848 4096      0.070
06:07:35.855 kworker        1774410 nvme1n1 W    844599368  8192      0.076
06:07:35.855 kworker        1774410 nvme1n1 W    600311808  126976    0.167
06:07:35.855 kworker        1774410 nvme1n1 W    600312056  57344     0.202
06:07:35.855 kworker        1774410 nvme1n1 W    1735451096 20480     0.211
06:07:35.855 kworker        1774410 nvme1n1 W    600312168  126976    0.288
06:07:35.856 kworker        1774410 nvme1n1 W    600312416  118784    0.360
06:07:35.856 kworker        1774410 nvme1n1 W    600312648  131072    0.441
06:07:35.856 kworker        1774410 nvme1n1 W    600312904  53248     0.144
06:07:35.856 kworker        1774410 nvme1n1 W    722899888  131072    0.224
06:07:35.856 kworker        1774410 nvme1n1 W    722900144  61440     0.260
06:07:35.856 kworker        1774410 nvme1n1 W    600313008  32768     0.281
06:07:35.856 kworker        1774410 nvme1n1 W    1663844864 131072    0.373
06:07:35.856 kworker        1774410 nvme1n1 W    1663845120 90112     0.426
06:07:35.856 kworker        1774410 nvme1n1 W    608567952  77824     0.244
06:07:35.856 kworker        1774410 nvme1n1 W    600313072  45056     0.271
06:07:35.856 kworker        1774410 nvme1n1 W    722204544  131072    0.351
06:07:35.856 kworker        1774410 nvme1n1 W    722204800  16384     0.247
06:07:35.856 kworker        1774410 nvme1n1 W    1684878096 122880    0.323
06:07:35.856 kworker        1774410 nvme1n1 W    1684846288 122880    0.396
06:07:35.857 kworker        1774410 nvme1n1 W    608772840  4096      0.097
06:07:35.857 kworker        1774410 nvme1n1 W    1757084080 98304     0.168
06:07:35.857 kworker        1774410 nvme1n1 W    600313160  110592    0.255
06:07:35.857 kworker        1774410 nvme1n1 W    600313376  131072    0.321
06:07:35.857 kworker        1774410 nvme1n1 W    600313632  106496    0.392
06:07:35.857 kworker        1774410 nvme1n1 W    608772096  126976    0.475
06:07:35.857 kworker        1774410 nvme1n1 W    608772344  122880    0.553
06:07:35.857 kworker        1774410 nvme1n1 W    608772584  131072    0.631
06:07:35.857 kworker        1774410 nvme1n1 W    722900264  131072    0.714
06:07:35.857 kworker        1774410 nvme1n1 W    722900520  61440     0.749
06:07:35.857 kworker        1774410 nvme1n1 W    608772848  32768     0.769
06:07:35.858 kworker        1774410 nvme1n1 W    1663856640 131072    0.849
06:07:35.858 kworker        1774410 nvme1n1 W    1663856896 90112     0.904
06:07:35.858 kworker        1774410 nvme1n1 W    608568104  77824     0.949
06:07:35.858 kworker        1774410 nvme1n1 W    608772912  131072    1.027
06:07:35.858 kworker        1774410 nvme1n1 W    608773168  36864     1.049
06:07:35.858 dockerd        1436    nvme1n1 WM   32         4096      0.968
06:07:35.858 dockerd        1436    nvme1n1 WM   280        4096      0.975
06:07:35.858 dockerd        1436    nvme1n1 WM   440        4096      0.983
06:07:35.858 dockerd        1436    nvme1n1 WM   568        4096      0.985
06:07:35.858 dockerd        1436    nvme1n1 WM   744        4096      0.988
06:07:35.858 dockerd        1436    nvme1n1 WM   760        4096      0.989
06:07:35.858 dockerd        1436    nvme1n1 WM   776        4096      0.994
06:07:35.858 dockerd        1436    nvme1n1 WM   792        4096      0.995
06:07:35.858 dockerd        1436    nvme1n1 WM   54526008   4096      0.999
06:07:35.858 dockerd        1436    nvme1n1 WM   461373448  4096      1.000
06:07:35.858 dockerd        1436    nvme1n1 WM   461373744  4096      1.001
06:07:35.858 dockerd        1436    nvme1n1 WM   461373888  4096      1.001
06:07:35.858 dockerd        1436    nvme1n1 WM   570425360  4096      1.003
06:07:35.858 dockerd        1436    nvme1n1 WM   570692480  4096      1.006
06:07:35.858 dockerd        1436    nvme1n1 WM   461373768  28672     1.012
06:07:35.858 jbd2/nv        752     nvme1n1 WSM  878936960  131072    1.075
06:07:35.858 jbd2/nv        752     nvme1n1 WSM  878937216  114688    1.154
06:07:35.858 dockerd        1436    nvme1n1 WM   591396872  4096      0.112
06:07:35.858 dockerd        1436    nvme1n1 WM   591663008  4096      0.115
06:07:35.858 dockerd        1436    nvme1n1 WM   591663448  4096      0.118
06:07:35.858 dockerd        1436    nvme1n1 WM   599785480  4096      0.119
06:07:35.858 dockerd        1436    nvme1n1 WM   608174224  4096      0.127
06:07:35.858 dockerd        1436    nvme1n1 WM   729808904  4096      0.126
06:07:35.858 dockerd        1436    nvme1n1 WM   730202048  8192      0.128
06:07:35.858 dockerd        1436    nvme1n1 WM   730274496  8192      0.131
06:07:35.858 dockerd        1436    nvme1n1 WM   730274520  4096      0.134
06:07:35.858 dockerd        1436    nvme1n1 WM   844117496  4096      0.137
06:07:35.858 dockerd        1436    nvme1n1 WM   905969800  4096      0.145
06:07:35.858 dockerd        1436    nvme1n1 WM   905969920  4096      0.146
06:07:35.858 dockerd        1436    nvme1n1 WM   1519290072 4096      0.150
06:07:35.858 dockerd        1436    nvme1n1 WM   1523306488 4096      0.150
06:07:35.858 dockerd        1436    nvme1n1 WM   1556086848 4096      0.151
06:07:35.858 dockerd        1436    nvme1n1 WM   1556086872 4096      0.157
06:07:35.858 dockerd        1436    nvme1n1 WM   1556086904 4096      0.157
06:07:35.858 dockerd        1436    nvme1n1 WM   1560281128 4096      0.158
06:07:35.858 dockerd        1436    nvme1n1 WM   1560281160 4096      0.162
06:07:35.858 dockerd        1436    nvme1n1 WM   1564475416 4096      0.156
06:07:35.858 dockerd        1436    nvme1n1 WM   1564475440 4096      0.161
06:07:35.858 dockerd        1436    nvme1n1 WM   1568669712 4096      0.162
06:07:35.858 dockerd        1436    nvme1n1 WM   1572864024 4096      0.165
06:07:35.858 dockerd        1436    nvme1n1 WM   1577058384 4096      0.168
06:07:35.858 dockerd        1436    nvme1n1 WM   1585446960 8192      0.173
06:07:35.858 dockerd        1436    nvme1n1 WM   1619001448 4096      0.175
06:07:35.858 dockerd        1436    nvme1n1 WM   1623195720 4096      0.176
06:07:35.858 dockerd        1436    nvme1n1 WM   608184360  45056     0.221
06:07:35.858 dockerd        1436    nvme1n1 WM   608184544  12288     0.234
06:07:35.858 dockerd        1436    nvme1n1 WM   905977272  32768     0.244
06:07:35.858 dockerd        1436    nvme1n1 WM   1174405176 12288     0.255
06:07:35.858 jbd2/nv        752     nvme1n1 WSM  878937440  4096      0.168
06:07:35.858 dockerd        1436    nvme1n1 WM   1644167288 4096      0.096
06:07:35.858 dockerd        1436    nvme1n1 WM   1660944480 4096      0.097
06:07:35.858 dockerd        1436    nvme1n1 WM   1702887504 4096      0.101
06:07:35.858 dockerd        1436    nvme1n1 WM   1732247592 4096      0.103
06:07:35.858 dockerd        1436    nvme1n1 WM   1735442080 4096      0.106
06:07:35.858 dockerd        1436    nvme1n1 WM   1740636176 4096      0.107
06:07:35.858 dockerd        1436    nvme1n1 WM   1756377568 8192      0.117
06:07:35.858 dockerd        1436    nvme1n1 WM   1756377608 8192      0.122
06:07:35.858 dockerd        1436    nvme1n1 WM   1756389872 8192      0.127
06:07:35.858 dockerd        1436    nvme1n1 WM   1756389896 8192      0.132
06:07:35.858 dockerd        1436    nvme1n1 WM   1756391216 4096      0.137
06:07:35.858 dockerd        1436    nvme1n1 WM   1756407784 4096      0.143
06:07:35.858 dockerd        1436    nvme1n1 WM   1756414208 4096      0.144
06:07:35.858 dockerd        1436    nvme1n1 WM   1756414912 4096      0.146
06:07:35.858 dockerd        1436    nvme1n1 WM   1756414960 4096      0.150
06:07:35.858 dockerd        1436    nvme1n1 WM   1756415536 4096      0.151
06:07:35.858 dockerd        1436    nvme1n1 WM   1756415712 4096      0.153
06:07:35.858 dockerd        1436    nvme1n1 WM   1756415728 4096      0.157
06:07:35.858 dockerd        1436    nvme1n1 WM   1756428304 4096      0.159
06:07:35.858 dockerd        1436    nvme1n1 WM   1756440328 4096      0.162
06:07:35.858 dockerd        1436    nvme1n1 WM   1756440872 8192      0.170
06:07:35.858 dockerd        1436    nvme1n1 WM   1756441888 4096      0.174
06:07:35.858 dockerd        1436    nvme1n1 WM   1756441904 4096      0.177
06:07:35.858 dockerd        1436    nvme1n1 WM   1756441920 4096      0.178
06:07:35.858 dockerd        1436    nvme1n1 WM   1756450792 4096      0.181
06:07:35.858 dockerd        1436    nvme1n1 WM   1756492400 4096      0.185
06:07:35.858 dockerd        1436    nvme1n1 WM   1756492424 4096      0.189
06:07:35.858 dockerd        1436    nvme1n1 WM   1756526744 4096      0.190
06:07:35.858 dockerd        1436    nvme1n1 WM   1756549576 8192      0.191
06:07:35.858 dockerd        1436    nvme1n1 WM   1648361480 12288     0.214
06:07:35.858 dockerd        1436    nvme1n1 WM   1756440536 12288     0.206
06:07:35.859 dockerd        1436    nvme1n1 WM   1756599000 4096      0.110
06:07:35.859 dockerd        1436    nvme1n1 WM   1756600208 4096      0.110
06:07:35.859 dockerd        1436    nvme1n1 WM   1756662656 4096      0.111
06:07:35.859 dockerd        1436    nvme1n1 WM   1756662672 4096      0.117
06:07:35.859 dockerd        1436    nvme1n1 WM   1756662720 4096      0.118
06:07:35.859 dockerd        1436    nvme1n1 WM   1756670232 4096      0.118
06:07:35.859 dockerd        1436    nvme1n1 WM   1756670576 4096      0.128
06:07:35.859 dockerd        1436    nvme1n1 WM   1756670968 4096      0.133
06:07:35.859 dockerd        1436    nvme1n1 WM   1756680688 4096      0.139
06:07:35.859 dockerd        1436    nvme1n1 WM   1756692424 4096      0.139
06:07:35.859 dockerd        1436    nvme1n1 WM   1756710624 4096      0.140
06:07:35.859 dockerd        1436    nvme1n1 WM   1756754880 4096      0.146
06:07:35.859 dockerd        1436    nvme1n1 WM   1756762584 4096      0.147
06:07:35.859 dockerd        1436    nvme1n1 WM   1756772280 4096      0.147
06:07:35.859 dockerd        1436    nvme1n1 WM   1756772304 4096      0.154
06:07:35.859 dockerd        1436    nvme1n1 WM   1756772320 8192      0.155
06:07:35.859 dockerd        1436    nvme1n1 WM   1756777320 4096      0.156
06:07:35.859 dockerd        1436    nvme1n1 WM   1756777344 4096      0.161
06:07:35.859 dockerd        1436    nvme1n1 WM   1756777360 8192      0.162
06:07:35.859 dockerd        1436    nvme1n1 WM   1756778120 4096      0.169
06:07:35.859 dockerd        1436    nvme1n1 WM   1756780360 4096      0.172
06:07:35.859 dockerd        1436    nvme1n1 WM   1756780416 4096      0.175
06:07:35.859 dockerd        1436    nvme1n1 WM   1756780520 4096      0.166
06:07:35.859 dockerd        1436    nvme1n1 WM   1756783048 4096      0.169
06:07:35.859 dockerd        1436    nvme1n1 WM   1756792816 4096      0.172
06:07:35.859 dockerd        1436    nvme1n1 WM   1756807656 4096      0.174
06:07:35.859 dockerd        1436    nvme1n1 WM   1756815288 4096      0.177
06:07:35.859 dockerd        1436    nvme1n1 WM   1756824888 4096      0.182
06:07:35.859 dockerd        1436    nvme1n1 WM   1756824952 4096      0.183
06:07:35.859 dockerd        1436    nvme1n1 WM   1756825336 4096      0.184
06:07:35.859 dockerd        1436    nvme1n1 WM   1756826864 8192      0.185
06:07:35.859 dockerd        1436    nvme1n1 WM   1756827272 8192      0.090
06:07:35.859 dockerd        1436    nvme1n1 WM   1756827360 4096      0.092
06:07:35.859 dockerd        1436    nvme1n1 WM   1756827544 4096      0.097
06:07:35.859 dockerd        1436    nvme1n1 WM   1756827608 4096      0.097
06:07:35.859 dockerd        1436    nvme1n1 WM   1756828032 4096      0.109
06:07:35.859 dockerd        1436    nvme1n1 WM   1756828120 4096      0.110
06:07:35.859 dockerd        1436    nvme1n1 WM   1756828152 4096      0.115
06:07:35.859 dockerd        1436    nvme1n1 WM   1756831736 4096      0.117
06:07:35.859 dockerd        1436    nvme1n1 WM   1756833776 4096      0.119
06:07:35.859 dockerd        1436    nvme1n1 WM   1756846456 4096      0.124
06:07:35.859 dockerd        1436    nvme1n1 WM   1756847296 4096      0.125
06:07:35.859 dockerd        1436    nvme1n1 WM   1756847328 4096      0.126
06:07:35.859 dockerd        1436    nvme1n1 WM   1756847720 4096      0.126
06:07:35.859 dockerd        1436    nvme1n1 WM   1756848512 4096      0.132
06:07:35.859 dockerd        1436    nvme1n1 WM   1756848552 4096      0.133
06:07:35.859 dockerd        1436    nvme1n1 WM   1756864872 4096      0.133
06:07:35.859 dockerd        1436    nvme1n1 WM   1756864912 4096      0.138
06:07:35.859 dockerd        1436    nvme1n1 WM   1756866296 4096      0.139
06:07:35.859 dockerd        1436    nvme1n1 WM   1756866792 8192      0.141
06:07:35.859 dockerd        1436    nvme1n1 WM   1756867064 4096      0.146
06:07:35.859 dockerd        1436    nvme1n1 WM   1756868280 4096      0.147
06:07:35.859 dockerd        1436    nvme1n1 WM   1756872640 4096      0.149
06:07:35.859 dockerd        1436    nvme1n1 WM   1756872696 4096      0.153
06:07:35.859 dockerd        1436    nvme1n1 WM   1756879592 4096      0.154
06:07:35.859 dockerd        1436    nvme1n1 WM   1756888560 4096      0.154
06:07:35.859 dockerd        1436    nvme1n1 WM   1756843928 16384     0.169
06:07:35.859 kworker        1774410 nvme1n1 WS   608773088  4096      0.139
06:07:35.859 kworker        1774410 nvme1n1 WS   608773240  4096      0.142
06:07:35.859 jbd2/nv        752     nvme1n1 WSM  878937448  45056     0.064
06:07:35.859 jbd2/nv        752     nvme1n1 WSM  878937536  4096      0.027
06:07:35.859 dockerd        1436    nvme1n1 WSM  0          4096      0.099
06:07:35.859 dockerd        1436    nvme1n1 WSM  224        4096      0.109
06:07:35.859 dockerd        1436    nvme1n1 WSM  288        8192      0.109
06:07:35.859 dockerd        1436    nvme1n1 WSM  352        4096      0.110
06:07:35.859 dockerd        1436    nvme1n1 WSM  408        4096      0.112
06:07:35.859 dockerd        1436    nvme1n1 WSM  712        4096      0.114
06:07:35.859 dockerd        1436    nvme1n1 WSM  752        4096      0.126
06:07:35.859 dockerd        1436    nvme1n1 WSM  784        4096      0.127
06:07:35.859 dockerd        1436    nvme1n1 WSM  832        8192      0.123
06:07:35.859 dockerd        1436    nvme1n1 WSM  461373568  4096      0.128
06:07:35.859 dockerd        1436    nvme1n1 WSM  461373696  4096      0.133
06:07:35.859 dockerd        1436    nvme1n1 WSM  591672784  4096      0.133
06:07:35.859 dockerd        1436    nvme1n1 WSM  599785488  4096      0.134
06:07:35.859 dockerd        1436    nvme1n1 WSM  608174088  8192      0.139
06:07:35.859 dockerd        1436    nvme1n1 WSM  608174336  4096      0.141
06:07:35.859 dockerd        1436    nvme1n1 WSM  608174416  4096      0.141
06:07:35.859 dockerd        1436    nvme1n1 WSM  608174472  4096      0.147
06:07:35.859 dockerd        1436    nvme1n1 WSM  721420304  4096      0.147
06:07:35.859 dockerd        1436    nvme1n1 WSM  721420328  4096      0.147
06:07:35.859 dockerd        1436    nvme1n1 WSM  730173944  4096      0.154
06:07:35.859 dockerd        1436    nvme1n1 WSM  730174144  4096      0.159
06:07:35.859 dockerd        1436    nvme1n1 WSM  843055144  4096      0.161
06:07:35.859 dockerd        1436    nvme1n1 WSM  1484783664 4096      0.169
06:07:35.859 dockerd        1436    nvme1n1 WSM  1484789216 4096      0.173
06:07:35.859 dockerd        1436    nvme1n1 WSM  1485401008 4096      0.176
06:07:35.859 dockerd        1436    nvme1n1 WSM  1485846592 4096      0.178
06:07:35.859 dockerd        1436    nvme1n1 WSM  1493172480 4096      0.179
06:07:35.859 dockerd        1436    nvme1n1 WSM  1493172504 4096      0.185
06:07:35.859 dockerd        1436    nvme1n1 WSM  800        12288     0.207
06:07:35.859 dockerd        1436    nvme1n1 WSM  461374248  12288     0.200
06:07:35.859 dockerd        1436    nvme1n1 WSM  608184448  45056     0.218
06:07:35.859 dockerd        1436    nvme1n1 WSM  1572864128 4096      0.061
06:07:35.859 dockerd        1436    nvme1n1 WSM  1572864280 4096      0.062
06:07:35.859 dockerd        1436    nvme1n1 WSM  1639972928 4096      0.067
06:07:35.859 dockerd        1436    nvme1n1 WSM  1660944472 4096      0.068
06:07:35.860 dockerd        1436    nvme1n1 WSM  1681915992 4096      0.075
06:07:35.860 dockerd        1436    nvme1n1 WSM  1707081744 4096      0.076
06:07:35.860 dockerd        1436    nvme1n1 WSM  1707383280 4096      0.077
06:07:35.860 dockerd        1436    nvme1n1 WSM  1732247648 4096      0.079
06:07:35.860 dockerd        1436    nvme1n1 WSM  1753219184 4096      0.079
06:07:35.860 dockerd        1436    nvme1n1 WS   608580776  4096      0.034
06:07:35.860 jbd2/nv        752     nvme1n1 WSM  878937544  61440     0.076
06:07:35.861 jbd2/nv        752     nvme1n1 WSM  878937664  4096      0.030
06:07:35.861 dockerd        1436    nvme1n1 WS   1486536344 4096      0.032
06:07:35.861 jbd2/nv        752     nvme1n1 WSM  878937672  45056     0.063
06:07:35.861 jbd2/nv        752     nvme1n1 WSM  878937760  4096      0.027
06:07:35.861 dockerd        1436    nvme1n1 WS   608580784  4096      0.033
06:07:35.861 jbd2/nv        752     nvme1n1 WSM  878937768  40960     0.063
06:07:35.861 jbd2/nv        752     nvme1n1 WSM  878937848  4096      0.028
06:07:35.862 dockerd        1436    nvme1n1 WS   608580792  4096      0.030
06:07:35.862 jbd2/nv        752     nvme1n1 WSM  878937856  36864     0.055
06:07:35.862 jbd2/nv        752     nvme1n1 WSM  878937928  4096      0.026
06:07:35.862 contain        1195    nvme1n1 WS   1730874000 4096      0.051
06:07:35.862 contain        1195    nvme1n1 WS   1730874136 4096      0.057
06:07:35.862 contain        1195    nvme1n1 WS   1730874192 4096      0.058
06:07:35.862 contain        1195    nvme1n1 WS   1730874248 8192      0.058
06:07:35.862 contain        1195    nvme1n1 WS   1429528    4096      0.026
06:07:35.867 contain        1195    nvme1n1 WS   1730873888 4096      0.050
06:07:35.867 contain        1195    nvme1n1 WS   1730873912 4096      0.060
06:07:35.867 contain        1195    nvme1n1 WS   1730873944 4096      0.060
06:07:35.867 contain        1195    nvme1n1 WS   1730874056 4096      0.064
06:07:35.867 contain        1195    nvme1n1 WS   1730874144 4096      0.065
06:07:35.867 contain        1195    nvme1n1 WS   1730874168 4096      0.066
06:07:35.867 contain        1195    nvme1n1 WS   1429520    4096      0.028
06:07:35.868 contain        1195    nvme1n1 WS   1725789888 4096      0.041
06:07:35.868 contain        1195    nvme1n1 WS   1725789912 4096      0.048
06:07:35.868 contain        1195    nvme1n1 WS   1725789952 20480     0.052
06:07:35.868 contain        1195    nvme1n1 WS   1707371880 4096      0.028
06:07:35.868 contain        1195    nvme1n1 WS   1725789792 4096      0.043
06:07:35.868 contain        1195    nvme1n1 WS   1725789816 4096      0.048
06:07:35.868 contain        1195    nvme1n1 WS   1725789864 8192      0.052
06:07:35.868 contain        1195    nvme1n1 WS   1725789928 12288     0.053
06:07:35.868 contain        1195    nvme1n1 WS   1707371888 4096      0.028
06:07:35.868 contain        1195    nvme1n1 WS   1725789848 4096      0.029
06:07:35.868 contain        1195    nvme1n1 WS   1707371880 4096      0.027
06:07:35.982 ib_log_        125949  nvme1n1 WS   1757427432 4096      0.041
06:07:35.982 connect        125949  nvme1n1 WS   1735313680 4096      0.034
06:07:35.982 jbd2/nv        752     nvme1n1 WSM  878937936  131072    0.142
06:07:35.982 jbd2/nv        752     nvme1n1 WSM  878938192  131072    0.189
06:07:35.982 jbd2/nv        752     nvme1n1 WSM  878938448  12288     0.194
06:07:35.982 jbd2/nv        752     nvme1n1 WSM  878938472  4096      0.028
06:07:35.983 ib_log_        125949  nvme1n1 WS   1757427432 4096      0.032
06:07:36.074 ib_log_        125949  nvme1n1 WS   1757427432 4096      0.037
06:07:36.075 ib_log_        125949  nvme1n1 WS   1757427432 4096      0.031
06:07:36.183 ib_log_        125949  nvme1n1 WS   1757427432 4096      0.034
06:07:36.322 amoprof        1787544 nvme1n1 W    1677441560 4096      0.057
