TIMESTAMP    COMM           PID     DISK    T    SECTOR     BYTES   LAT(ms)
01:10:53.416 nvme           1522060 Unknown N    -1         512       0.040
01:10:54.419 nvme           1522131 Unknown N    -1         512       0.078
01:10:54.420 jbd2/nv        752     nvme1n1 WSM  877564456  122880    0.148
01:10:54.420 jbd2/nv        752     nvme1n1 WSM  877564696  4096      0.030
01:10:55.422 nvme           1522140 Unknown N    -1         512       0.032
01:10:56.424 nvme           1522144 Unknown N    -1         512       0.027
01:10:57.426 nvme           1522154 Unknown N    -1         512       0.076
01:10:57.697 kworker        1500724 nvme1n1 W    1532246744 8192      0.105
01:10:57.697 kworker        1500724 nvme1n1 W    1573899328 94208     0.155
01:10:57.697 kworker        1500724 nvme1n1 W    1176743384 131072    0.239
01:10:57.697 kworker        1500724 nvme1n1 W    1176743640 61440     0.277
01:10:57.697 kworker        1500724 nvme1n1 W    1573899512 32768     0.295
01:10:57.697 kworker        1500724 nvme1n1 W    1176760832 131072    0.375
01:10:57.697 kworker        1500724 nvme1n1 W    1176761088 90112     0.432
01:10:57.697 kworker        1500724 nvme1n1 W    1667215176 77824     0.478
01:10:57.697 kworker        1500724 nvme1n1 W    1573899576 36864     0.295
01:10:58.429 nvme           1522158 Unknown N    -1         512       0.032
01:10:59.431 nvme           1522172 Unknown N    -1         512       0.031
01:11:00.433 nvme           1522187 Unknown N    -1         512       0.035
01:11:00.701 jbd2/nv        752     nvme1n1 WSM  877564704  73728     0.116
01:11:00.701 jbd2/nv        752     nvme1n1 WSM  877564848  4096      0.030
01:11:01.435 nvme           1522191 Unknown N    -1         512       0.041
01:11:02.438 nvme           1522195 Unknown N    -1         512       0.086
01:11:02.816 kworker        1500724 nvme1n1 W    587561760  16384     0.068
01:11:03.423 amoprof        1271097 nvme1n1 W    587796976  4096      0.052
