TIMESTAMP    COMM           PID     DISK    T    SECTOR     BYTES   LAT(ms)
03:28:32.851 nvme           1683233 Unknown N    -1         512       0.035
03:28:33.184 kworker        1679646 nvme1n1 W    1625053960 8192      0.055
03:28:33.696 jbd2/nv        752     nvme1n1 WSM  877822672  114688    0.147
03:28:33.696 jbd2/nv        752     nvme1n1 WSM  877822896  4096      0.030
03:28:33.854 nvme           1683285 Unknown N    -1         512       0.073
03:28:34.856 nvme           1683286 Unknown N    -1         512       0.028
03:28:35.859 nvme           1683287 Unknown N    -1         512       0.027
03:28:36.256 kworker        1666595 nvme1n1 W    1639456104 8192      0.066
03:28:36.256 kworker        1666595 nvme1n1 W    596001432  36864     0.081
03:28:36.861 nvme           1683288 Unknown N    -1         512       0.075
03:28:37.863 nvme           1683289 Unknown N    -1         512       0.027
03:28:38.866 nvme           1683290 Unknown N    -1         512       0.029
03:28:39.060 jbd2/nv        752     nvme1n1 WSM  877822904  49152     0.089
03:28:39.060 jbd2/nv        752     nvme1n1 WSM  877823000  4096      0.031
03:28:39.868 nvme           1683291 Unknown N    -1         512       0.029
03:28:40.741 jbd2/nv        391     nvme0n1 WSM  4197688    32768     1.234
03:28:40.741 jbd2/nv        391     nvme0n1 WSM  4197752    4096      0.757
03:28:40.865 kworker        1666595 nvme0n1 W    37217840   4096      0.839
03:28:40.870 nvme           1683292 Unknown N    -1         512       0.082
03:28:41.376 kworker        1666595 nvme1n1 W    596001504  53248     0.129
03:28:41.377 kworker        1666595 nvme1n1 W    1533123880 131072    0.199
03:28:41.377 kworker        1666595 nvme1n1 W    1533124136 61440     0.233
03:28:41.377 kworker        1666595 nvme1n1 W    596001608  32768     0.254
03:28:41.377 kworker        1666595 nvme1n1 W    1533235712 131072    0.333
03:28:41.377 kworker        1666595 nvme1n1 W    1533235968 90112     0.384
03:28:41.377 kworker        1666595 nvme1n1 W    596015184  77824     0.435
03:28:41.377 kworker        1666595 nvme1n1 W    596001672  45056     0.463
03:28:41.377 kworker        1679646 nvme0n1 WM   2099200    4096      0.866
03:28:41.377 kworker        1679646 nvme0n1 WM   2099224    4096      0.871
03:28:41.377 kworker        1679646 nvme0n1 WM   2103000    4096      0.871
03:28:41.377 kworker        1679646 nvme0n1 WM   6310504    4096      0.871
03:28:41.377 kworker        1679646 nvme0n1 WM   9089776    4096      0.874
03:28:41.377 kworker        1679646 nvme0n1 WM   6310376    4096      0.918
03:28:41.377 kworker        1679646 nvme0n1 WM   6309888    4096      0.923
03:28:41.377 kworker        1679646 nvme0n1 WM   14705952   4096      0.921
03:28:41.377 kworker        1679646 nvme0n1 WM   10488672   4096      0.924
03:28:41.377 kworker        1679646 nvme0n1 WM   35653696   4096      0.926
03:28:41.377 kworker        1653881 nvme0n1 W    37332640   4096      0.906
03:28:41.378 kworker        1661618 nvme0n1 W    8143096    131072    1.556
03:28:41.378 kworker        1661618 nvme0n1 W    8135672    131072    1.645
03:28:41.378 kworker        1661618 nvme0n1 W    36167072   16384     0.903
03:28:41.378 kworker        1661618 nvme0n1 W    36167976   4096      0.910
03:28:41.378 kworker        1661618 nvme0n1 W    36322384   4096      0.871
03:28:41.378 kworker        1661618 nvme0n1 W    8129784    131072    1.958
03:28:41.378 kworker        1661618 nvme0n1 W    36167520   16384     1.098
03:28:41.378 kworker        1661618 nvme0n1 W    36315792   40960     1.122
03:28:41.378 kworker        1661618 nvme0n1 W    36029952   131072    2.087
03:28:41.378 kworker        1661618 nvme0n1 W    36168384   32768     1.225
03:28:41.378 kworker        1661618 nvme0n1 W    36174336   65536     1.498
03:28:41.379 kworker        1661618 nvme0n1 W    7337984    4096      0.669
03:28:41.379 kworker        1661618 nvme0n1 W    36177280   65536     1.623
03:28:41.379 kworker        1661618 nvme0n1 W    36321792   131072    1.681
03:28:41.379 kworker        1661618 nvme0n1 W    36323072   16384     0.919
03:28:41.379 kworker        1661618 nvme0n1 W    36023808   262144    2.794
03:28:41.379 kworker        1661618 nvme0n1 W    36166400   131072    1.966
03:28:41.379 kworker        1661618 nvme0n1 W    36316928   131072    1.995
03:28:41.379 kworker        1661618 nvme0n1 W    36324224   65536     1.231
03:28:41.873 nvme           1683294 Unknown N    -1         512       0.079
03:28:42.859 amoprof        1271097 nvme1n1 W    595989040  4096      0.054
