TIMESTAMP    COMM           PID     DISK    T    SECTOR     BYTES   LAT(ms)
06:05:20.925 nvme           1887792 Unknown N    -1         512       0.039
06:05:21.184 ib_log_        125949  nvme1n1 WS   1757427288 4096      0.049
06:05:21.184 ib_log_        125949  nvme1n1 WS   1757422584 4096      0.036
06:05:21.184 kworker        1774410 nvme1n1 W    1757136400 131072    0.149
06:05:21.184 kworker        1774410 nvme1n1 W    1757136656 8192      0.147
06:05:21.184 kworker        1774410 nvme1n1 W    1757136392 4096      0.149
06:05:21.927 nvme           1887848 Unknown N    -1         512       0.047
06:05:22.419 ib_pg_f        125949  nvme1n1 WS   1756372992 16384     0.072
06:05:22.419 ib_pg_f        125949  nvme1n1 WS   1755217704 16384     0.043
06:05:22.929 nvme           1887868 Unknown N    -1         512       0.035
06:05:23.184 ib_log_        125949  nvme1n1 WS   1757422584 4096      0.051
06:05:23.932 nvme           1887877 Unknown N    -1         512       0.034
06:05:24.384 ib_log_        125941  nvme1n1 WS   1755988040 4096      0.059
06:05:24.384 ib_log_        125941  nvme1n1 WS   1755988048 8192      0.034
06:05:24.384 jbd2/nv        752     nvme1n1 WSM  878885008  131072    0.161
06:05:24.384 jbd2/nv        752     nvme1n1 WSM  878885520  4096      0.140
06:05:24.385 jbd2/nv        752     nvme1n1 WSM  878885264  131072    0.196
06:05:24.385 jbd2/nv        752     nvme1n1 WSM  878885528  4096      0.030
06:05:24.385 ib_log_        125934  nvme1n1 WS   21244976   8192      0.038
06:05:24.388 ib_log_        125924  nvme1n1 WS   1738279736 4096      0.033
06:05:24.388 ib_log_        125924  nvme1n1 WS   1738279744 8192      0.032
06:05:24.388 jbd2/nv        752     nvme1n1 WSM  878885536  12288     0.039
06:05:24.388 jbd2/nv        752     nvme1n1 WSM  878885560  4096      0.028
06:05:24.400 ib_pg_f        125924  nvme1n1 WS   1740054528 65536     0.087
06:05:24.401 ib_pg_f        125924  nvme1n1 WS   1740413056 16384     0.042
06:05:24.401 ib_pg_f        125924  nvme1n1 WS   1757760192 16384     0.044
06:05:24.401 ib_pg_f        125924  nvme1n1 WS   1757691744 16384     0.048
06:05:24.401 ib_pg_f        125924  nvme1n1 WS   1740106560 16384     0.052
06:05:24.406 ib_pg_f        125941  nvme1n1 WS   1740075008 65536     0.085
06:05:24.406 ib_pg_f        125941  nvme1n1 WS   1532137696 16384     0.044
06:05:24.406 ib_pg_f        125941  nvme1n1 WS   1757680832 16384     0.044
06:05:24.406 ib_pg_f        125941  nvme1n1 WS   1757680992 16384     0.048
06:05:24.406 ib_pg_f        125941  nvme1n1 WS   32778368   16384     0.054
06:05:24.436 ib_log_        125941  nvme1n1 WS   1755988048 4096      0.033
06:05:24.445 ib_log_        125934  nvme1n1 WS   21244984   4096      0.034
06:05:24.447 ib_pg_f        125934  nvme1n1 WS   1737244672 81920     0.098
06:05:24.448 ib_pg_f        125934  nvme1n1 WS   1756483968 16384     0.045
06:05:24.448 ib_pg_f        125934  nvme1n1 WS   1757759936 16384     0.047
06:05:24.448 ib_pg_f        125934  nvme1n1 WS   1757760384 16384     0.049
06:05:24.448 ib_pg_f        125934  nvme1n1 WS   1756425856 16384     0.055
06:05:24.448 ib_pg_f        125934  nvme1n1 WS   1756903584 16384     0.058
06:05:24.464 ib_log_        125924  nvme1n1 WS   1738279744 4096      0.034
06:05:24.934 nvme           1887881 Unknown N    -1         512       0.039
06:05:25.216 ib_log_        125934  nvme1n1 WS   21242704   4096      0.050
06:05:25.938 nvme           1887891 Unknown N    -1         512       0.033
06:05:26.305 kworker        1817148 nvme1n1 W    608532016  110592    0.188
06:05:26.305 kworker        1817148 nvme1n1 W    608532232  118784    0.244
06:05:26.305 kworker        1817148 nvme1n1 W    608532464  102400    0.302
06:05:26.305 kworker        1817148 nvme1n1 W    608532664  98304     0.363
06:05:26.305 kworker        1817148 nvme1n1 W    722837504  131072    0.442
06:05:26.305 kworker        1817148 nvme1n1 W    722837760  61440     0.477
06:05:26.305 kworker        1817148 nvme1n1 W    608532856  32768     0.495
06:05:26.305 kworker        1817148 nvme1n1 W    722857984  131072    0.572
06:05:26.305 kworker        1817148 nvme1n1 W    722858240  90112     0.327
06:05:26.305 kworker        1817148 nvme1n1 W    608674456  77824     0.373
06:05:26.305 kworker        1817148 nvme1n1 W    608532920  45056     0.267
06:05:26.401 ib_pg_f        125924  nvme1n1 WS   1740046336 16384     0.050
06:05:26.401 ib_pg_f        125924  nvme1n1 WS   1757151392 16384     0.043
06:05:26.404 ib_log_        125924  nvme1n1 WS   1738276864 4096      0.037
06:05:26.406 ib_pg_f        125941  nvme1n1 WS   1740107776 16384     0.048
06:05:26.406 ib_pg_f        125941  nvme1n1 WS   1737035936 16384     0.043
06:05:26.940 nvme           1887905 Unknown N    -1         512       0.039
06:05:27.239 python3        1784368 nvme1n1 WS   314355712  131072    0.187
06:05:27.239 python3        1784368 nvme1n1 WS   314355968  131072    0.290
06:05:27.239 python3        1784368 nvme1n1 WS   314356224  131072    0.330
06:05:27.239 python3        1784368 nvme1n1 WS   314356480  131072    0.418
06:05:27.239 python3        1784368 nvme1n1 WS   314356736  131072    0.491
06:05:27.239 python3        1784368 nvme1n1 WS   314356992  131072    0.573
06:05:27.239 python3        1784368 nvme1n1 WS   314357248  131072    0.650
06:05:27.239 python3        1784368 nvme1n1 WS   314357504  131072    0.703
06:05:27.239 python3        1784368 nvme1n1 WS   314357760  131072    0.777
06:05:27.239 python3        1784368 nvme1n1 WS   314358016  131072    0.855
06:05:27.239 python3        1784368 nvme1n1 WS   314358272  131072    0.934
06:05:27.239 python3        1784368 nvme1n1 WS   314358528  131072    1.013
06:05:27.239 python3        1784368 nvme1n1 WS   314358784  131072    1.096
06:05:27.240 python3        1784368 nvme1n1 WS   314359040  131072    1.175
06:05:27.240 python3        1784368 nvme1n1 WS   314359296  131072    1.257
06:05:27.240 python3        1784368 nvme1n1 WS   314359552  131072    1.325
06:05:27.240 python3        1784368 nvme1n1 WS   314359808  131072    1.407
06:05:27.240 python3        1784368 nvme1n1 WS   314360064  131072    1.490
06:05:27.240 python3        1784366 nvme1n1 WS   73752576   131072    1.577
06:05:27.240 python3        1784366 nvme1n1 WS   73752832   131072    1.651
06:05:27.240 python3        1784366 nvme1n1 WS   73753088   131072    1.732
06:05:27.240 python3        1784366 nvme1n1 WS   73753344   131072    1.811
06:05:27.240 python3        1784366 nvme1n1 WS   73753600   131072    1.894
06:05:27.240 python3        1784366 nvme1n1 WS   73753856   131072    1.974
06:05:27.240 python3        1784366 nvme1n1 WS   73754112   131072    2.056
06:05:27.241 python3        1784367 nvme1n1 WS   74170368   131072    2.126
06:05:27.241 python3        1784367 nvme1n1 WS   74170624   131072    2.190
06:05:27.241 python3        1784366 nvme1n1 WS   73754368   131072    2.266
06:05:27.241 python3        1784367 nvme1n1 WS   74170880   131072    2.342
06:05:27.241 python3        1784367 nvme1n1 WS   74171136   131072    2.416
06:05:27.241 python3        1784366 nvme1n1 WS   73754624   131072    2.504
06:05:27.241 python3        1784366 nvme1n1 WS   73754880   131072    2.573
06:05:27.241 python3        1784366 nvme1n1 WS   73755136   131072    2.647
06:05:27.241 python3        1784366 nvme1n1 WS   73755392   131072    2.725
06:05:27.241 python3        1784366 nvme1n1 WS   73755648   131072    2.800
06:05:27.241 python3        1784366 nvme1n1 WS   73755904   131072    2.882
06:05:27.241 python3        1784366 nvme1n1 WS   73756160   131072    2.952
06:05:27.242 python3        1784366 nvme1n1 WS   73756416   131072    3.014
06:05:27.242 python3        1784366 nvme1n1 WS   73756672   131072    3.092
06:05:27.242 python3        1784366 nvme1n1 WS   73756928   131072    3.167
06:05:27.242 python3        1784367 nvme1n1 WS   74171392   131072    3.275
06:05:27.242 python3        1784367 nvme1n1 WS   74171648   131072    3.350
06:05:27.242 python3        1784367 nvme1n1 WS   74171904   131072    3.426
06:05:27.242 python3        1784369 nvme1n1 WS   1175539712 131072    3.554
06:05:27.242 python3        1784369 nvme1n1 WS   1175539968 131072    3.573
06:05:27.242 python3        1784369 nvme1n1 WS   1175540224 131072    3.636
06:05:27.242 python3        1784369 nvme1n1 WS   1175540480 131072    3.710
06:05:27.242 python3        1784369 nvme1n1 WS   1175540736 131072    3.787
06:05:27.242 python3        1784369 nvme1n1 WS   1175540992 131072    3.864
06:05:27.242 python3        1784369 nvme1n1 WS   1175541248 131072    3.942
06:05:27.243 python3        1784369 nvme1n1 WS   1175541504 131072    3.996
06:05:27.243 python3        1784369 nvme1n1 WS   1175541760 131072    4.073
06:05:27.243 python3        1784367 nvme1n1 WS   74172160   131072    4.193
06:05:27.243 python3        1784367 nvme1n1 WS   74172416   131072    4.270
06:05:27.243 python3        1784367 nvme1n1 WS   74172672   131072    4.341
06:05:27.243 python3        1784367 nvme1n1 WS   74172928   131072    4.419
06:05:27.243 python3        1784367 nvme1n1 WS   74173184   131072    4.493
06:05:27.243 python3        1784367 nvme1n1 WS   74173440   131072    4.566
06:05:27.243 python3        1784367 nvme1n1 WS   74173696   131072    4.641
06:05:27.243 python3        1784367 nvme1n1 WS   74173952   131072    4.720
06:05:27.243 python3        1784367 nvme1n1 WS   724867072  131072    4.804
06:05:27.243 python3        1784367 nvme1n1 WS   724867328  131072    4.871
06:05:27.243 python3        1784367 nvme1n1 WS   724867584  131072    4.946
06:05:27.244 python3        1784367 nvme1n1 WS   724867840  131072    5.020
06:05:27.244 python3        1784367 nvme1n1 WS   724868096  131072    5.097
06:05:27.244 python3        1784367 nvme1n1 WS   724868352  81920     5.142
06:05:27.244 python3        1784369 nvme1n1 WS   1175542016 131072    5.240
06:05:27.244 python3        1784369 nvme1n1 WS   1175542272 131072    5.318
06:05:27.244 python3        1784369 nvme1n1 WS   1175542528 131072    5.396
06:05:27.244 python3        1784369 nvme1n1 WS   1175542784 131072    5.474
06:05:27.244 python3        1784369 nvme1n1 WS   1175543040 131072    5.551
06:05:27.244 python3        1784369 nvme1n1 WS   1175543296 131072    5.627
06:05:27.244 python3        1784366 nvme1n1 WS   56262656   131072    5.719
06:05:27.244 python3        1784366 nvme1n1 WS   56262912   131072    5.791
06:05:27.244 python3        1784366 nvme1n1 WS   56263168   131072    5.869
06:05:27.245 python3        1784367 nvme1n1 WS   74174208   131072    6.044
06:05:27.245 python3        1784367 nvme1n1 WS   74174464   131072    6.067
06:05:27.245 python3        1784367 nvme1n1 WS   74174720   131072    6.101
06:05:27.245 python3        1784366 nvme1n1 WS   56263424   131072    6.182
06:05:27.245 python3        1784366 nvme1n1 WS   56263680   131072    6.260
06:05:27.245 python3        1784366 nvme1n1 WS   56263936   131072    6.339
06:05:27.245 python3        1784366 nvme1n1 WS   56264192   131072    6.418
06:05:27.245 python3        1784366 nvme1n1 WS   56264448   131072    6.473
06:05:27.245 python3        1784366 nvme1n1 WS   56264704   131072    6.552
06:05:27.245 python3        1784366 nvme1n1 WS   56264960   131072    6.629
06:05:27.245 python3        1784366 nvme1n1 WS   56265216   131072    6.705
06:05:27.245 python3        1784366 nvme1n1 WS   56265472   131072    6.815
06:05:27.245 python3        1784366 nvme1n1 WS   56265728   131072    6.891
06:05:27.246 python3        1784366 nvme1n1 WS   56265984   131072    6.970
06:05:27.246 python3        1784369 nvme1n1 WS   1175543552 131072    7.149
06:05:27.246 python3        1784369 nvme1n1 WS   1175543808 131072    7.167
06:05:27.246 python3        1784369 nvme1n1 WS   1175544064 131072    7.244
06:05:27.246 python3        1784366 nvme1n1 WS   56266240   131072    7.289
06:05:27.246 python3        1784366 nvme1n1 WS   56266496   131072    7.356
06:05:27.246 python3        1784366 nvme1n1 WS   56266752   131072    7.434
06:05:27.246 python3        1784366 nvme1n1 WS   56267008   131072    7.509
06:05:27.246 python3        1784367 nvme1n1 WS   74178560   131072    7.643
06:05:27.246 python3        1784367 nvme1n1 WS   74178816   131072    7.670
06:05:27.246 python3        1784367 nvme1n1 WS   74179072   131072    7.748
06:05:27.246 python3        1784367 nvme1n1 WS   74179328   131072    7.826
06:05:27.247 python3        1784367 nvme1n1 WS   74179584   131072    7.904
06:05:27.247 python3        1784367 nvme1n1 WS   74179840   131072    7.983
06:05:27.247 python3        1784367 nvme1n1 WS   74180096   131072    8.058
06:05:27.247 python3        1784367 nvme1n1 WS   74180352   131072    8.118
06:05:27.247 python3        1784367 nvme1n1 WS   74180608   131072    8.197
06:05:27.247 python3        1784367 nvme1n1 WS   74180864   131072    8.275
06:05:27.247 python3        1784367 nvme1n1 WS   74181120   131072    8.356
06:05:27.247 python3        1784367 nvme1n1 WS   74181376   131072    8.437
06:05:27.247 python3        1784367 nvme1n1 WS   74181632   131072    8.512
06:05:27.247 python3        1784367 nvme1n1 WS   74181888   131072    8.596
06:05:27.247 python3        1784367 nvme1n1 WS   74182144   131072    8.676
06:05:27.247 python3        1784368 nvme1n1 WS   312272896  131072    8.749
06:05:27.248 python3        1784367 nvme1n1 WS   74182400   131072    8.820
06:05:27.248 python3        1784367 nvme1n1 WS   74182656   131072    8.902
06:05:27.248 python3        1784367 nvme1n1 WS   74182912   131072    8.976
06:05:27.248 python3        1784368 nvme1n1 WS   312273152  131072    9.057
06:05:27.248 python3        1784368 nvme1n1 WS   312273408  131072    9.132
06:05:27.248 python3        1784368 nvme1n1 WS   312273664  131072    9.209
06:05:27.248 python3        1784368 nvme1n1 WS   312273920  131072    9.288
06:05:27.248 python3        1784368 nvme1n1 WS   312274176  81920     9.334
06:05:27.248 python3        1784368 nvme1n1 WS   731672576  131072    9.361
06:05:27.248 python3        1784368 nvme1n1 WS   731672832  131072    9.428
06:05:27.248 python3        1784368 nvme1n1 WS   731673088  131072    9.503
06:05:27.248 python3        1784368 nvme1n1 WS   731673344  131072    9.577
06:05:27.248 python3        1784368 nvme1n1 WS   731673600  131072    9.653
06:05:27.249 python3        1784368 nvme1n1 WS   731673856  131072    9.732
06:05:27.249 python3        1784368 nvme1n1 WS   731674112  131072    9.810
06:05:27.249 python3        1784368 nvme1n1 WS   731674368  131072    9.870
06:05:27.249 python3        1784368 nvme1n1 WS   731674624  131072    9.945
06:05:27.249 python3        1784368 nvme1n1 WS   731674880  131072   10.024
06:05:27.249 python3        1784368 nvme1n1 WS   731675136  131072   10.100
06:05:27.249 python3        1784368 nvme1n1 WS   731675392  131072   10.179
06:05:27.249 python3        1784368 nvme1n1 WS   731675648  131072   10.257
06:05:27.249 python3        1784368 nvme1n1 WS   731675904  131072   10.330
06:05:27.249 python3        1784368 nvme1n1 WS   731676160  131072   10.407
06:05:27.249 python3        1784369 nvme1n1 WS   312301568  131072   10.558
06:05:27.249 python3        1784369 nvme1n1 WS   312301824  131072   10.579
06:05:27.249 python3        1784366 nvme1n1 WS   312295424  131072   10.646
06:05:27.250 python3        1784369 nvme1n1 WS   312302080  131072   10.718
06:05:27.250 python3        1784369 nvme1n1 WS   312302336  131072   10.792
06:05:27.250 python3        1784369 nvme1n1 WS   312302592  131072   10.872
06:05:27.250 python3        1784366 nvme1n1 WS   312295680  131072   10.958
06:05:27.250 python3        1784368 nvme1n1 WS   731676416  131072   11.031
06:05:27.250 python3        1784366 nvme1n1 WS   312295936  131072   11.120
06:05:27.250 python3        1784366 nvme1n1 WS   312296192  131072   11.189
06:05:27.250 python3        1784369 nvme1n1 WS   312302848  81920    11.242
06:05:27.250 python3        1784368 nvme1n1 WS   731676672  131072   11.318
06:05:27.250 python3        1784368 nvme1n1 WS   731676928  131072   11.396
06:05:27.250 python3        1784366 nvme1n1 WS   312296448  131072   11.484
06:05:27.250 python3        1784366 nvme1n1 WS   312296704  81920    11.531
06:05:27.250 python3        1784369 nvme1n1 WS   731680768  131072   11.587
06:05:27.251 python3        1784369 nvme1n1 WS   731681024  131072   11.653
06:05:27.251 python3        1784369 nvme1n1 WS   731681280  131072   11.728
06:05:27.251 python3        1784369 nvme1n1 WS   731681536  131072   11.804
06:05:27.251 python3        1784369 nvme1n1 WS   731681792  131072   11.881
06:05:27.251 python3        1784369 nvme1n1 WS   731682048  131072   11.957
06:05:27.251 python3        1784369 nvme1n1 WS   731682304  131072   12.033
06:05:27.251 python3        1784369 nvme1n1 WS   731682560  131072   12.080
06:05:27.251 python3        1784369 nvme1n1 WS   731682816  131072   12.154
06:05:27.251 python3        1784369 nvme1n1 WS   731683072  131072   12.203
06:05:27.251 python3        1784369 nvme1n1 WS   731683328  131072   12.277
06:05:27.251 python3        1784369 nvme1n1 WS   731683584  131072   12.352
06:05:27.251 python3        1784369 nvme1n1 WS   731683840  131072   12.431
06:05:27.251 python3        1784369 nvme1n1 WS   731684096  131072   12.503
06:05:27.252 python3        1784369 nvme1n1 WS   731684352  131072   12.582
06:05:27.252 python3        1784369 nvme1n1 WS   731684608  131072   12.636
06:05:27.252 python3        1784369 nvme1n1 WS   731684864  131072   12.715
06:05:27.252 python3        1784369 nvme1n1 WS   731685120  131072   12.794
06:05:27.252 ib_log_        125941  nvme1n1 WS   1755987968 4096     10.558
06:05:27.613 python3        1784367 nvme1n1 WS   731688960  131072    0.192
06:05:27.613 python3        1784367 nvme1n1 WS   731689216  131072    0.258
06:05:27.613 python3        1784367 nvme1n1 WS   731689472  131072    0.380
06:05:27.613 python3        1784367 nvme1n1 WS   731689728  131072    0.434
06:05:27.613 python3        1784367 nvme1n1 WS   731689984  131072    0.496
06:05:27.614 python3        1784367 nvme1n1 WS   731690240  131072    0.590
06:05:27.614 python3        1784367 nvme1n1 WS   731690496  131072    0.663
06:05:27.614 python3        1784367 nvme1n1 WS   731690752  131072    0.707
06:05:27.614 python3        1784367 nvme1n1 WS   731691008  131072    0.772
06:05:27.614 python3        1784367 nvme1n1 WS   731691264  131072    0.851
06:05:27.614 python3        1784367 nvme1n1 WS   731691520  131072    0.942
06:05:27.614 python3        1784367 nvme1n1 WS   731691776  131072    1.017
06:05:27.614 python3        1784367 nvme1n1 WS   731692032  131072    1.094
06:05:27.614 python3        1784367 nvme1n1 WS   731692288  131072    1.175
06:05:27.614 python3        1784367 nvme1n1 WS   731692544  131072    1.255
06:05:27.614 python3        1784367 nvme1n1 WS   731692800  131072    1.319
06:05:27.614 python3        1784367 nvme1n1 WS   731693056  131072    1.400
06:05:27.615 python3        1784367 nvme1n1 WS   731693312  131072    1.484
06:05:27.615 python3        1784368 nvme1n1 WS   1175547904 131072    1.511
06:05:27.615 python3        1784368 nvme1n1 WS   1175548160 131072    1.587
06:05:27.615 python3        1784368 nvme1n1 WS   1175548416 131072    1.667
06:05:27.615 python3        1784368 nvme1n1 WS   1175548672 131072    1.745
06:05:27.615 python3        1784368 nvme1n1 WS   1175548928 131072    1.828
06:05:27.615 python3        1784368 nvme1n1 WS   1175549184 131072    1.906
06:05:27.615 python3        1784368 nvme1n1 WS   1175549440 131072    1.987
06:05:27.615 python3        1784368 nvme1n1 WS   1175549696 131072    2.041
06:05:27.615 python3        1784368 nvme1n1 WS   1175549952 131072    2.120
06:05:27.615 python3        1784368 nvme1n1 WS   1175550208 131072    2.189
06:05:27.615 python3        1784368 nvme1n1 WS   1175550464 131072    2.265
06:05:27.615 python3        1784368 nvme1n1 WS   1175550720 131072    2.345
06:05:27.616 python3        1784368 nvme1n1 WS   1175550976 131072    2.418
06:05:27.616 python3        1784368 nvme1n1 WS   1175551232 131072    2.492
06:05:27.616 python3        1784368 nvme1n1 WS   1175551488 131072    2.569
06:05:27.616 python3        1784366 nvme1n1 WS   73760768   131072    2.657
06:05:27.616 python3        1784366 nvme1n1 WS   73761024   131072    2.722
06:05:27.616 python3        1784366 nvme1n1 WS   73761280   131072    2.798
06:05:27.616 python3        1784368 nvme1n1 WS   1175551744 131072    2.872
06:05:27.616 python3        1784368 nvme1n1 WS   1175552000 131072    2.946
06:05:27.616 python3        1784368 nvme1n1 WS   1175552256 131072    3.023
06:05:27.616 python3        1784366 nvme1n1 WS   73761536   131072    3.103
06:05:27.616 python3        1784366 nvme1n1 WS   73761792   131072    3.174
06:05:27.616 python3        1784366 nvme1n1 WS   73762048   131072    3.248
06:05:27.616 python3        1784366 nvme1n1 WS   73762304   131072    3.323
06:05:27.617 python3        1784369 nvme1n1 WS   1495105536 131072    3.396
06:05:27.617 python3        1784369 nvme1n1 WS   1495105792 131072    3.462
06:05:27.617 python3        1784369 nvme1n1 WS   1495106048 131072    3.536
06:05:27.617 python3        1784369 nvme1n1 WS   1495106304 131072    3.609
06:05:27.617 python3        1784369 nvme1n1 WS   1495106560 131072    3.691
06:05:27.617 python3        1784369 nvme1n1 WS   1495106816 131072    3.772
06:05:27.617 python3        1784369 nvme1n1 WS   1495107072 131072    3.847
06:05:27.617 python3        1784369 nvme1n1 WS   73764864   131072    4.021
06:05:27.617 python3        1784369 nvme1n1 WS   73765120   131072    4.040
06:05:27.617 python3        1784369 nvme1n1 WS   73765376   131072    4.099
06:05:27.617 python3        1784369 nvme1n1 WS   73765632   131072    4.174
06:05:27.617 python3        1784369 nvme1n1 WS   73765888   131072    4.250
06:05:27.618 python3        1784369 nvme1n1 WS   73766144   131072    4.326
06:05:27.618 python3        1784369 nvme1n1 WS   73766400   131072    4.405
06:05:27.618 python3        1784366 nvme1n1 WS   73762560   131072    4.483
06:05:27.618 python3        1784366 nvme1n1 WS   73762816   131072    4.558
06:05:27.618 python3        1784366 nvme1n1 WS   73763072   131072    4.631
06:05:27.618 python3        1784366 nvme1n1 WS   73763328   131072    4.709
06:05:27.618 python3        1784366 nvme1n1 WS   73763584   131072    4.784
06:05:27.618 python3        1784366 nvme1n1 WS   73763840   131072    4.859
06:05:27.618 python3        1784366 nvme1n1 WS   73764096   131072    4.933
06:05:27.618 python3        1784366 nvme1n1 WS   73764352   131072    5.007
06:05:27.618 python3        1784366 nvme1n1 WS   1175556096 131072    5.163
06:05:27.618 python3        1784366 nvme1n1 WS   1175556352 131072    5.188
06:05:27.618 python3        1784366 nvme1n1 WS   1175556608 131072    5.263
06:05:27.619 python3        1784366 nvme1n1 WS   1175556864 131072    5.338
06:05:27.619 python3        1784366 nvme1n1 WS   1175557120 131072    5.416
06:05:27.619 python3        1784366 nvme1n1 WS   1175557376 131072    5.491
06:05:27.619 python3        1784366 nvme1n1 WS   1175557632 131072    5.568
06:05:27.619 python3        1784369 nvme1n1 WS   73766656   131072    5.657
06:05:27.619 python3        1784369 nvme1n1 WS   73766912   131072    5.736
06:05:27.619 python3        1784369 nvme1n1 WS   73767168   131072    5.811
06:05:27.619 python3        1784369 nvme1n1 WS   73767424   131072    5.885
06:05:27.619 python3        1784369 nvme1n1 WS   73767680   131072    5.962
06:05:27.619 python3        1784369 nvme1n1 WS   73767936   131072    6.058
06:05:27.619 python3        1784369 nvme1n1 WS   73768192   131072    6.119
06:05:27.619 python3        1784369 nvme1n1 WS   1495107328 131072    6.207
06:05:27.620 python3        1784369 nvme1n1 WS   1495107584 131072    6.281
06:05:27.620 python3        1784369 nvme1n1 WS   1495107840 131072    6.355
06:05:27.620 python3        1784369 nvme1n1 WS   73768448   131072    6.426
06:05:27.620 python3        1784369 nvme1n1 WS   73768704   131072    6.488
06:05:27.620 python3        1784369 nvme1n1 WS   73773056   131072    6.567
06:05:27.620 python3        1784369 nvme1n1 WS   73773312   131072    6.643
06:05:27.620 python3        1784369 nvme1n1 WS   1495108096 131072    6.751
06:05:27.620 python3        1784369 nvme1n1 WS   1495108352 131072    6.860
06:05:27.620 python3        1784369 nvme1n1 WS   1495108608 131072    6.934
06:05:27.620 python3        1784369 nvme1n1 WS   1495108864 131072    7.008
06:05:27.620 python3        1784369 nvme1n1 WS   1495109120 131072    7.081
06:05:27.620 python3        1784369 nvme1n1 WS   1495109376 131072    7.140
06:05:27.621 python3        1784369 nvme1n1 WS   1495109632 131072    7.222
06:05:27.621 python3        1784369 nvme1n1 WS   1495109888 131072    7.298
06:05:27.621 python3        1784366 nvme1n1 WS   1175557888 131072    7.469
06:05:27.621 python3        1784366 nvme1n1 WS   1175558144 131072    7.500
06:05:27.621 python3        1784366 nvme1n1 WS   1175558400 131072    7.561
06:05:27.621 python3        1784366 nvme1n1 WS   1175558656 131072    7.636
06:05:27.621 python3        1784366 nvme1n1 WS   1175558912 131072    7.714
06:05:27.621 python3        1784366 nvme1n1 WS   1175559168 131072    7.792
06:05:27.621 python3        1784366 nvme1n1 WS   1175559424 131072    7.868
06:05:27.621 python3        1784366 nvme1n1 WS   1175559680 131072    7.948
06:05:27.621 python3        1784366 nvme1n1 WS   1175559936 131072    8.021
06:05:27.621 python3        1784366 nvme1n1 WS   1175560192 131072    8.095
06:05:27.622 python3        1784367 nvme1n1 WS   56270848   131072    8.263
06:05:27.622 python3        1784367 nvme1n1 WS   56271104   131072    8.289
06:05:27.622 python3        1784367 nvme1n1 WS   56271360   131072    8.352
06:05:27.622 python3        1784367 nvme1n1 WS   56271616   131072    8.426
06:05:27.622 python3        1784367 nvme1n1 WS   56271872   131072    8.505
06:05:27.622 python3        1784367 nvme1n1 WS   56272128   131072    8.580
06:05:27.622 python3        1784367 nvme1n1 WS   56272384   131072    8.656
06:05:27.622 python3        1784366 nvme1n1 WS   73764608   131072    8.755
06:05:27.622 python3        1784366 nvme1n1 WS   73768960   131072    8.832
06:05:27.622 python3        1784366 nvme1n1 WS   73769216   131072    8.908
06:05:27.622 python3        1784366 nvme1n1 WS   1175560448 131072    8.968
06:05:27.622 python3        1784367 nvme1n1 WS   56272640   131072    9.039
06:05:27.622 python3        1784367 nvme1n1 WS   56272896   131072    9.115
06:05:27.623 python3        1784367 nvme1n1 WS   56273152   131072    9.192
06:05:27.623 python3        1784367 nvme1n1 WS   56273408   131072    9.271
06:05:27.623 python3        1784367 nvme1n1 WS   56273664   131072    9.343
06:05:27.623 python3        1784367 nvme1n1 WS   56273920   131072    9.417
06:05:27.623 python3        1784367 nvme1n1 WS   56274176   131072    9.493
06:05:27.623 python3        1784367 nvme1n1 WS   56274432   131072    9.570
06:05:27.623 python3        1784367 nvme1n1 WS   56274688   131072    9.634
06:05:27.623 python3        1784367 nvme1n1 WS   56274944   131072    9.711
06:05:27.623 python3        1784367 nvme1n1 WS   56275200   131072    9.787
06:05:27.623 python3        1784367 nvme1n1 WS   314363904  131072    9.962
06:05:27.623 python3        1784367 nvme1n1 WS   314364160  131072    9.998
06:05:27.623 python3        1784367 nvme1n1 WS   314364416  131072   10.054
06:05:27.623 python3        1784367 nvme1n1 WS   314364672  131072   10.127
06:05:27.624 python3        1784367 nvme1n1 WS   314364928  131072   10.205
06:05:27.624 python3        1784367 nvme1n1 WS   314365184  131072   10.279
06:05:27.624 python3        1784367 nvme1n1 WS   314365440  131072   10.355
06:05:27.624 python3        1784367 nvme1n1 WS   314365696  131072   10.426
06:05:27.624 python3        1784367 nvme1n1 WS   314365952  20480    10.441
06:05:27.624 python3        1784366 nvme1n1 WS   73777152   131072   10.433
06:05:27.624 python3        1784366 nvme1n1 WS   73777408   131072   10.508
06:05:27.624 python3        1784366 nvme1n1 WS   73777664   131072   10.574
06:05:27.624 python3        1784369 nvme1n1 WS   1647624192 131072   10.639
06:05:27.624 python3        1784366 nvme1n1 WS   73777920   131072   10.759
06:05:27.624 python3        1784369 nvme1n1 WS   1647624448 131072   10.888
06:05:27.624 python3        1784366 nvme1n1 WS   73778176   131072   11.016
06:05:27.625 python3        1784369 nvme1n1 WS   1647624704 131072   11.145
06:05:27.625 python3        1784366 nvme1n1 WS   73778432   131072   11.287
06:05:27.625 python3        1784369 nvme1n1 WS   1647624960 131072   11.432
06:05:27.625 python3        1784366 nvme1n1 WS   73778688   131072   11.578
06:05:27.625 python3        1784368 nvme1n1 WS   1586372608 131072   11.744
06:05:27.625 python3        1784368 nvme1n1 WS   1586372864 131072   11.885
06:05:27.625 python3        1784368 nvme1n1 WS   1586373120 131072   12.027
06:05:27.626 python3        1784368 nvme1n1 WS   1586373376 131072   12.189
06:05:27.626 python3        1784368 nvme1n1 WS   1586373632 131072   12.332
06:05:27.626 python3        1784368 nvme1n1 WS   1586373888 131072   12.475
06:05:27.626 python3        1784368 nvme1n1 WS   1586374144 131072   12.619
06:05:27.626 python3        1784369 nvme1n1 WS   1647625216 131072   12.811
06:05:27.626 python3        1784366 nvme1n1 WS   73778944   131072   12.906
06:05:27.626 python3        1784366 nvme1n1 WS   73779200   20480    12.926
06:05:27.627 python3        1784369 nvme1n1 WS   1647625472 131072   13.075
06:05:27.627 python3        1784369 nvme1n1 WS   1647625728 131072   13.215
06:05:27.627 python3        1784369 nvme1n1 WS   1647625984 131072   13.354
06:05:27.627 python3        1784369 nvme1n1 WS   1647626240 20480    13.376
06:05:27.627 python3        1784368 nvme1n1 WS   73781248   131072   13.534
06:05:27.627 python3        1784368 nvme1n1 WS   73781504   131072   13.674
06:05:27.627 python3        1784368 nvme1n1 WS   73781760   131072   13.832
06:05:27.627 python3        1784368 nvme1n1 WS   1586374400 131072   13.969
06:05:27.628 python3        1784368 nvme1n1 WS   73782016   131072   14.104
06:05:27.628 python3        1784368 nvme1n1 WS   73782272   131072   14.193
06:05:27.628 python3        1784368 nvme1n1 WS   73782528   131072   14.270
06:05:27.628 python3        1784368 nvme1n1 WS   73782784   131072   14.351
06:05:27.628 python3        1784368 nvme1n1 WS   73783040   131072   14.434
06:05:27.628 python3        1784368 nvme1n1 WS   73783296   20480    14.447
06:05:27.628 python3        1784368 nvme1n1 WS   1586374656 131072   14.542
06:05:27.628 python3        1784368 nvme1n1 WS   1586374912 131072   14.623
06:05:27.628 python3        1784368 nvme1n1 WS   1586375168 131072   14.705
06:05:27.628 python3        1784368 nvme1n1 WS   1586375424 131072   14.785
06:05:27.628 python3        1784368 nvme1n1 WS   1586375680 131072   14.860
06:05:27.628 python3        1784368 nvme1n1 WS   1586375936 131072   14.939
06:05:27.629 python3        1784368 nvme1n1 WS   1586376192 131072   15.020
06:05:27.629 python3        1784368 nvme1n1 WS   1586376448 131072   15.090
06:05:27.629 python3        1784368 nvme1n1 WS   1586376704 131072   15.169
06:05:27.629 python3        1784368 nvme1n1 WS   1586376960 131072   15.251
06:05:27.942 nvme           1887919 Unknown N    -1         512       0.036
06:05:28.945 nvme           1887934 Unknown N    -1         512       0.036
06:05:29.455 ib_log_        125949  nvme1n1 WS   1757427288 4096      0.058
06:05:29.455 jbd2/nv        752     nvme1n1 WSM  878885568  131072    0.156
06:05:29.455 jbd2/nv        752     nvme1n1 WSM  878885824  131072    0.196
06:05:29.455 jbd2/nv        752     nvme1n1 WSM  878886080  24576     0.198
06:05:29.455 jbd2/nv        752     nvme1n1 WSM  878886128  4096      0.028
06:05:29.563 ib_log_        125949  nvme1n1 WS   1757427288 4096      0.037
06:05:29.947 nvme           1887938 Unknown N    -1         512       0.034
06:05:30.420 ib_pg_f        125949  nvme1n1 WS   1755252736 81920     0.117
06:05:30.420 ib_pg_f        125949  nvme1n1 WS   1731133920 16384     0.045
06:05:30.420 ib_pg_f        125949  nvme1n1 WS   1755217736 16384     0.047
06:05:30.420 ib_pg_f        125949  nvme1n1 WS   1757027808 16384     0.054
06:05:30.420 ib_pg_f        125949  nvme1n1 WS   1756559936 16384     0.057
06:05:30.420 ib_pg_f        125949  nvme1n1 WS   1734883488 16384     0.058
06:05:30.739 python3        1784366 nvme1n1 WS   1647628288 131072    0.177
06:05:30.739 python3        1784366 nvme1n1 WS   1647628544 131072    0.259
06:05:30.739 python3        1784366 nvme1n1 WS   1647628800 131072    0.334
06:05:30.740 python3        1784366 nvme1n1 WS   1647629056 131072    0.406
06:05:30.740 python3        1784366 nvme1n1 WS   1647629312 131072    0.491
06:05:30.740 python3        1784366 nvme1n1 WS   1647629568 131072    0.577
06:05:30.740 python3        1784366 nvme1n1 WS   1647629824 131072    0.658
06:05:30.740 python3        1784366 nvme1n1 WS   1647630080 131072    0.709
06:05:30.740 python3        1784366 nvme1n1 WS   1647630336 131072    0.790
06:05:30.740 python3        1784366 nvme1n1 WS   1647630592 131072    0.876
06:05:30.740 python3        1784366 nvme1n1 WS   1647630848 131072    0.966
06:05:30.740 python3        1784366 nvme1n1 WS   1647631104 131072    1.031
06:05:30.740 python3        1784366 nvme1n1 WS   1647631360 131072    1.128
06:05:30.740 python3        1784366 nvme1n1 WS   1647631616 131072    1.227
06:05:30.740 python3        1784366 nvme1n1 WS   1647631872 131072    1.280
06:05:30.741 python3        1784366 nvme1n1 WS   1647632128 131072    1.347
06:05:30.741 python3        1784366 nvme1n1 WS   1647632384 131072    1.420
06:05:30.741 python3        1784366 nvme1n1 WS   1647632640 131072    1.502
06:05:30.741 python3        1784368 nvme1n1 WS   56279040   131072    1.536
06:05:30.741 python3        1784368 nvme1n1 WS   56279296   131072    1.553
06:05:30.741 python3        1784368 nvme1n1 WS   56279552   131072    1.631
06:05:30.741 python3        1784368 nvme1n1 WS   56279808   131072    1.714
06:05:30.741 python3        1784368 nvme1n1 WS   56280064   131072    1.792
06:05:30.741 python3        1784368 nvme1n1 WS   56280320   131072    1.872
06:05:30.741 python3        1784368 nvme1n1 WS   56280576   131072    1.954
06:05:30.741 python3        1784367 nvme1n1 WS   1647636480 131072    2.031
06:05:30.741 python3        1784367 nvme1n1 WS   1647636736 131072    2.098
06:05:30.741 python3        1784367 nvme1n1 WS   1647636992 131072    2.173
06:05:30.742 python3        1784367 nvme1n1 WS   1647637248 131072    2.246
06:05:30.742 python3        1784367 nvme1n1 WS   1647637504 131072    2.321
06:05:30.742 python3        1784367 nvme1n1 WS   1647637760 131072    2.395
06:05:30.742 python3        1784367 nvme1n1 WS   1647638016 131072    2.474
06:05:30.742 python3        1784368 nvme1n1 WS   56280832   131072    2.554
06:05:30.742 python3        1784368 nvme1n1 WS   56281088   131072    2.628
06:05:30.742 python3        1784368 nvme1n1 WS   56281344   131072    2.704
06:05:30.742 python3        1784368 nvme1n1 WS   56281600   131072    2.779
06:05:30.742 python3        1784368 nvme1n1 WS   56281856   131072    2.854
06:05:30.742 python3        1784368 nvme1n1 WS   56282112   131072    2.935
06:05:30.742 python3        1784368 nvme1n1 WS   56282368   131072    3.008
06:05:30.742 python3        1784368 nvme1n1 WS   56282624   131072    3.084
06:05:30.743 python3        1784367 nvme1n1 WS   1647638272 131072    3.156
06:05:30.743 python3        1784367 nvme1n1 WS   1647638528 131072    3.230
06:05:30.743 python3        1784367 nvme1n1 WS   1647638784 131072    3.304
06:05:30.743 python3        1784367 nvme1n1 WS   1647639040 131072    3.380
06:05:30.743 python3        1784367 nvme1n1 WS   1647639296 131072    3.459
06:05:30.743 python3        1784367 nvme1n1 WS   1647639552 131072    3.533
06:05:30.743 python3        1784367 nvme1n1 WS   1647639808 131072    3.612
06:05:30.743 python3        1784367 nvme1n1 WS   1647640064 131072    3.688
06:05:30.743 python3        1784368 nvme1n1 WS   56282880   131072    3.776
06:05:30.743 python3        1784368 nvme1n1 WS   56283136   131072    3.851
06:05:30.743 python3        1784368 nvme1n1 WS   56283392   131072    3.945
06:05:30.743 python3        1784367 nvme1n1 WS   1647640320 131072    3.983
06:05:30.743 python3        1784367 nvme1n1 WS   1647640576 131072    4.060
06:05:30.744 python3        1784367 nvme1n1 WS   1647640832 131072    4.137
06:05:30.744 python3        1784368 nvme1n1 WS   1647644672 131072    3.988
06:05:30.744 python3        1784368 nvme1n1 WS   1647644928 131072    4.051
06:05:30.744 python3        1784368 nvme1n1 WS   1647645184 131072    4.125
06:05:30.744 python3        1784368 nvme1n1 WS   1647645440 131072    4.198
06:05:30.744 python3        1784368 nvme1n1 WS   1647645696 131072    4.271
06:05:30.744 python3        1784368 nvme1n1 WS   1647645952 131072    4.346
06:05:30.744 python3        1784368 nvme1n1 WS   1647646208 131072    4.420
06:05:30.744 python3        1784368 nvme1n1 WS   1647646464 131072    4.473
06:05:30.744 python3        1784368 nvme1n1 WS   1647646720 131072    4.549
06:05:30.744 python3        1784368 nvme1n1 WS   1647646976 131072    4.623
06:05:30.744 python3        1784368 nvme1n1 WS   1647647232 131072    4.697
06:05:30.744 python3        1784368 nvme1n1 WS   1647647488 131072    4.769
06:05:30.745 python3        1784368 nvme1n1 WS   1647647744 131072    4.844
06:05:30.745 python3        1784368 nvme1n1 WS   1647648000 131072    4.917
06:05:30.745 python3        1784368 nvme1n1 WS   1647648256 131072    4.996
06:05:30.745 python3        1784368 nvme1n1 WS   1647648512 131072    5.057
06:05:30.745 python3        1784368 nvme1n1 WS   1647648768 131072    5.131
06:05:30.745 python3        1784368 nvme1n1 WS   1647649024 131072    5.206
06:05:30.745 python3        1784366 nvme1n1 WS   1647652864 131072    5.154
06:05:30.745 python3        1784366 nvme1n1 WS   1647653120 131072    5.166
06:05:30.745 python3        1784366 nvme1n1 WS   1647653376 131072    5.219
06:05:30.745 python3        1784366 nvme1n1 WS   1647653632 131072    5.292
06:05:30.745 python3        1784366 nvme1n1 WS   1647653888 131072    5.367
06:05:30.745 python3        1784366 nvme1n1 WS   1647654144 131072    5.428
06:05:30.745 python3        1784366 nvme1n1 WS   1647654400 131072    5.501
06:05:30.746 python3        1784366 nvme1n1 WS   1647654656 131072    5.559
06:05:30.746 python3        1784366 nvme1n1 WS   1647654912 131072    5.634
06:05:30.746 python3        1784366 nvme1n1 WS   1647655168 131072    5.710
06:05:30.746 python3        1784366 nvme1n1 WS   1647655424 131072    5.788
06:05:30.746 python3        1784366 nvme1n1 WS   1647655680 131072    5.866
06:05:30.746 python3        1784366 nvme1n1 WS   1647655936 131072    5.942
06:05:30.746 python3        1784366 nvme1n1 WS   1647656192 131072    6.022
06:05:30.746 python3        1784366 nvme1n1 WS   1647656448 131072    6.102
06:05:30.746 python3        1784366 nvme1n1 WS   1647656704 131072    6.194
06:05:30.746 python3        1784366 nvme1n1 WS   1647656960 131072    6.269
06:05:30.746 python3        1784366 nvme1n1 WS   1647657216 131072    6.345
06:05:30.746 python3        1784366 nvme1n1 WS   1647661056 131072    6.358
06:05:30.747 python3        1784366 nvme1n1 WS   1647661312 131072    6.429
06:05:30.747 python3        1784366 nvme1n1 WS   1647661568 131072    6.506
06:05:30.747 python3        1784366 nvme1n1 WS   1647661824 131072    6.582
06:05:30.747 python3        1784366 nvme1n1 WS   1647662080 131072    6.658
06:05:30.747 python3        1784366 nvme1n1 WS   1647662336 131072    6.736
06:05:30.747 python3        1784366 nvme1n1 WS   1647662592 131072    6.823
06:05:30.747 python3        1784369 nvme1n1 WS   1586380800 131072    6.947
06:05:30.747 python3        1784369 nvme1n1 WS   1586381056 131072    6.974
06:05:30.747 python3        1784369 nvme1n1 WS   1586381312 131072    7.048
06:05:30.747 python3        1784369 nvme1n1 WS   56287232   131072    7.129
06:05:30.747 python3        1784369 nvme1n1 WS   1586381568 131072    7.206
06:05:30.747 python3        1784369 nvme1n1 WS   56287488   131072    7.284
06:05:30.748 python3        1784369 nvme1n1 WS   1586381824 131072    7.358
06:05:30.748 python3        1784369 nvme1n1 WS   56287744   131072    7.435
06:05:30.748 python3        1784369 nvme1n1 WS   1586382080 131072    7.508
06:05:30.748 python3        1784369 nvme1n1 WS   56288000   131072    7.588
06:05:30.748 python3        1784366 nvme1n1 WS   1647662848 131072    7.680
06:05:30.748 python3        1784366 nvme1n1 WS   1647663104 131072    7.756
06:05:30.748 python3        1784366 nvme1n1 WS   1647663360 131072    7.832
06:05:30.748 python3        1784366 nvme1n1 WS   1647663616 131072    7.909
06:05:30.748 python3        1784366 nvme1n1 WS   1647663872 131072    7.989
06:05:30.748 python3        1784366 nvme1n1 WS   1647664128 131072    8.069
06:05:30.748 python3        1784366 nvme1n1 WS   1647664384 102400    8.127
06:05:30.748 python3        1784369 nvme1n1 WS   1586382336 131072    8.209
06:05:30.748 python3        1784369 nvme1n1 WS   56288256   131072    8.289
06:05:30.749 python3        1784369 nvme1n1 WS   56288512   131072    8.365
06:05:30.749 python3        1784369 nvme1n1 WS   56288768   131072    8.440
06:05:30.749 python3        1784369 nvme1n1 WS   314368000  131072    8.580
06:05:30.749 python3        1784369 nvme1n1 WS   314368256  131072    8.607
06:05:30.749 python3        1784369 nvme1n1 WS   314368512  131072    8.679
06:05:30.749 python3        1784369 nvme1n1 WS   314368768  131072    8.756
06:05:30.749 python3        1784369 nvme1n1 WS   314369024  131072    8.835
06:05:30.749 python3        1784369 nvme1n1 WS   314369280  131072    8.913
06:05:30.749 python3        1784369 nvme1n1 WS   314369536  131072    8.994
06:05:30.749 python3        1784369 nvme1n1 WS   1586382592 131072    9.057
06:05:30.749 python3        1784369 nvme1n1 WS   1586382848 131072    9.131
06:05:30.749 python3        1784369 nvme1n1 WS   1586383104 131072    9.211
06:05:30.750 python3        1784369 nvme1n1 WS   56289024   131072    9.292
06:05:30.750 python3        1784369 nvme1n1 WS   1586383360 131072    9.370
06:05:30.750 python3        1784369 nvme1n1 WS   56289280   131072    9.447
06:05:30.750 python3        1784369 nvme1n1 WS   56289536   131072    9.523
06:05:30.750 python3        1784369 nvme1n1 WS   1586383616 131072    9.600
06:05:30.750 python3        1784369 nvme1n1 WS   56289792   131072    9.677
06:05:30.750 python3        1784369 nvme1n1 WS   1586383872 131072    9.758
06:05:30.750 python3        1784369 nvme1n1 WS   314369792  131072    9.853
06:05:30.750 python3        1784369 nvme1n1 WS   314370048  131072    9.932
06:05:30.750 python3        1784369 nvme1n1 WS   314370304  131072   10.008
06:05:30.750 python3        1784369 nvme1n1 WS   314370560  131072   10.083
06:05:30.750 python3        1784369 nvme1n1 WS   314370816  131072   10.162
06:05:30.750 python3        1784369 nvme1n1 WS   314371072  131072   10.238
06:05:30.751 python3        1784366 nvme1n1 WS   314843136  131072   10.337
06:05:30.751 python3        1784366 nvme1n1 WS   314843392  131072   10.406
06:05:30.751 python3        1784366 nvme1n1 WS   314843648  131072   10.483
06:05:30.751 python3        1784366 nvme1n1 WS   314843904  131072   10.557
06:05:30.751 python3        1784366 nvme1n1 WS   314844160  131072   10.635
06:05:30.751 python3        1784366 nvme1n1 WS   314844416  131072   10.714
06:05:30.751 python3        1784366 nvme1n1 WS   314844672  131072   10.791
06:05:30.751 python3        1784366 nvme1n1 WS   314844928  131072   10.851
06:05:30.751 python3        1784369 nvme1n1 WS   314371328  131072   10.990
06:05:30.751 python3        1784369 nvme1n1 WS   314371584  131072   11.077
06:05:30.751 python3        1784369 nvme1n1 WS   314371840  131072   11.136
06:05:30.751 python3        1784369 nvme1n1 WS   314372096  131072   11.215
06:05:30.752 python3        1784369 nvme1n1 WS   314372352  131072   11.297
06:05:30.752 python3        1784369 nvme1n1 WS   56290048   131072   11.401
06:05:30.752 python3        1784369 nvme1n1 WS   1586384128 131072   11.481
06:05:30.752 python3        1784369 nvme1n1 WS   1586384384 131072   11.554
06:05:30.752 python3        1784369 nvme1n1 WS   56290304   131072   11.634
06:05:30.752 python3        1784369 nvme1n1 WS   56290560   131072   11.711
06:05:30.752 python3        1784369 nvme1n1 WS   56290816   131072   11.789
06:05:30.752 python3        1784369 nvme1n1 WS   1586384640 131072   11.856
06:05:30.752 python3        1784366 nvme1n1 WS   314845184  131072   11.932
06:05:30.752 python3        1784366 nvme1n1 WS   314845440  131072   12.005
06:05:30.752 python3        1784366 nvme1n1 WS   314845696  131072   12.083
06:05:30.752 python3        1784366 nvme1n1 WS   314845952  131072   12.163
06:05:30.753 python3        1784366 nvme1n1 WS   314846208  131072   12.240
06:05:30.753 python3        1784366 nvme1n1 WS   314846464  131072   12.316
06:05:30.753 python3        1784366 nvme1n1 WS   314846720  131072   12.396
06:05:30.753 python3        1784369 nvme1n1 WS   1586384896 131072   12.492
06:05:30.753 python3        1784369 nvme1n1 WS   1586385152 131072   12.569
06:05:30.753 python3        1784369 nvme1n1 WS   56291072   131072   12.641
06:05:30.753 python3        1784369 nvme1n1 WS   56295424   131072   12.718
06:05:30.753 python3        1784369 nvme1n1 WS   56295680   131072   12.798
06:05:30.753 python3        1784367 nvme1n1 WS   56291328   131072   12.873
06:05:30.753 python3        1784367 nvme1n1 WS   56291584   131072   12.943
06:05:30.753 python3        1784367 nvme1n1 WS   56291840   131072   13.020
06:05:30.753 python3        1784367 nvme1n1 WS   56292096   131072   13.098
06:05:30.753 python3        1784367 nvme1n1 WS   56292352   131072   13.178
06:05:30.754 python3        1784367 nvme1n1 WS   56292608   131072   13.256
06:05:30.754 python3        1784367 nvme1n1 WS   56292864   131072   13.334
06:05:30.754 python3        1784367 nvme1n1 WS   56293120   131072   13.393
06:05:30.754 python3        1784366 nvme1n1 WS   314846976  131072   13.506
06:05:30.754 python3        1784366 nvme1n1 WS   314847232  131072   13.588
06:05:30.754 python3        1784366 nvme1n1 WS   314847488  131072   13.670
06:05:30.754 python3        1784369 nvme1n1 WS   73785344   131072   13.727
06:05:30.754 python3        1784369 nvme1n1 WS   73785600   131072   13.797
06:05:30.754 python3        1784369 nvme1n1 WS   73785856   131072   13.878
06:05:30.754 python3        1784369 nvme1n1 WS   73786112   131072   13.960
06:05:30.754 python3        1784369 nvme1n1 WS   73786368   131072   14.039
06:05:30.754 python3        1784369 nvme1n1 WS   73786624   131072   14.117
06:05:30.755 python3        1784369 nvme1n1 WS   73786880   131072   14.196
06:05:30.755 python3        1784369 nvme1n1 WS   73787136   131072   14.262
06:05:30.755 python3        1784369 nvme1n1 WS   73787392   131072   14.339
06:05:30.755 python3        1784369 nvme1n1 WS   73787648   131072   14.415
06:05:30.755 python3        1784369 nvme1n1 WS   73787904   131072   14.489
06:05:30.755 python3        1784369 nvme1n1 WS   73788160   131072   14.564
06:05:30.755 python3        1784369 nvme1n1 WS   73788416   131072   14.641
06:05:30.755 python3        1784369 nvme1n1 WS   73788672   102400   14.706
06:05:30.755 python3        1784367 nvme1n1 WS   56293376   131072   14.878
06:05:30.755 python3        1784367 nvme1n1 WS   56293632   131072   14.904
06:05:30.755 python3        1784367 nvme1n1 WS   56293888   131072   14.979
06:05:30.755 python3        1784367 nvme1n1 WS   56294144   131072   15.053
06:05:30.755 python3        1784367 nvme1n1 WS   56294400   131072   15.125
06:05:30.756 python3        1784367 nvme1n1 WS   56294656   131072   15.197
06:05:30.756 python3        1784367 nvme1n1 WS   56294912   131072   15.275
06:05:30.756 python3        1784367 nvme1n1 WS   56295168   131072   15.327
06:05:30.756 python3        1784367 nvme1n1 WS   56299520   131072   15.405
06:05:30.756 python3        1784367 nvme1n1 WS   56299776   131072   15.480
06:05:30.756 python3        1784367 nvme1n1 WS   73789440   131072   15.541
06:05:30.756 python3        1784367 nvme1n1 WS   73789696   131072   15.614
06:05:30.756 python3        1784367 nvme1n1 WS   73789952   131072   15.691
06:05:30.756 python3        1784367 nvme1n1 WS   73790208   131072   15.803
06:05:30.756 python3        1784367 nvme1n1 WS   73790464   131072   15.885
06:05:30.756 python3        1784367 nvme1n1 WS   73790720   131072   15.962
06:05:30.756 python3        1784367 nvme1n1 WS   73790976   131072   16.042
06:05:30.757 python3        1784367 nvme1n1 WS   73791232   131072   16.102
06:05:30.757 python3        1784367 nvme1n1 WS   73791488   131072   16.182
06:05:30.757 python3        1784367 nvme1n1 WS   73791744   131072   16.262
06:05:30.757 python3        1784367 nvme1n1 WS   73792000   131072   16.341
06:05:30.757 python3        1784367 nvme1n1 WS   73792256   131072   16.421
06:05:30.757 python3        1784367 nvme1n1 WS   73792512   131072   16.505
06:05:30.757 python3        1784367 nvme1n1 WS   314376192  131072   16.591
06:05:30.757 python3        1784367 nvme1n1 WS   314376448  131072   16.662
06:05:30.757 python3        1784367 nvme1n1 WS   314376704  131072   16.734
06:05:30.757 python3        1784367 nvme1n1 WS   314376960  131072   16.813
06:05:30.757 python3        1784367 nvme1n1 WS   314377216  131072   16.887
06:05:30.757 python3        1784367 nvme1n1 WS   73792768   131072   16.985
06:05:30.758 python3        1784367 nvme1n1 WS   73793024   131072   17.061
06:05:30.758 python3        1784367 nvme1n1 WS   314377472  131072   17.126
06:05:30.758 python3        1784367 nvme1n1 WS   314377728  131072   17.204
06:05:30.758 python3        1784367 nvme1n1 WS   73793280   131072   17.290
06:05:30.758 python3        1784367 nvme1n1 WS   73793536   131072   17.367
06:05:30.758 python3        1784367 nvme1n1 WS   73793792   131072   17.444
06:05:30.758 python3        1784367 nvme1n1 WS   314377984  131072   17.502
06:05:30.758 python3        1784367 nvme1n1 WS   314378240  131072   17.577
06:05:30.758 python3        1784367 nvme1n1 WS   314378496  131072   17.656
06:05:30.758 python3        1784367 nvme1n1 WS   314378752  131072   17.730
06:05:30.758 python3        1784367 nvme1n1 WS   314379008  131072   17.807
06:05:30.758 python3        1784367 nvme1n1 WS   314379264  131072   17.887
06:05:30.758 python3        1784367 nvme1n1 WS   314379520  102400   17.948
06:05:30.759 python3        1784368 nvme1n1 WS   73797632   131072   17.911
06:05:30.759 python3        1784368 nvme1n1 WS   73797888   131072   17.985
06:05:30.759 python3        1784368 nvme1n1 WS   73798144   131072   18.062
06:05:30.759 python3        1784368 nvme1n1 WS   73798400   131072   18.142
06:05:30.759 python3        1784368 nvme1n1 WS   73798656   131072   18.222
06:05:30.759 python3        1784368 nvme1n1 WS   73798912   131072   18.304
06:05:30.759 python3        1784368 nvme1n1 WS   73799168   131072   18.383
06:05:30.759 python3        1784368 nvme1n1 WS   73799424   131072   18.445
06:05:30.759 python3        1784368 nvme1n1 WS   73799680   131072   18.525
06:05:30.759 python3        1784368 nvme1n1 WS   73799936   131072   18.608
06:05:30.759 python3        1784368 nvme1n1 WS   73801728   131072   18.697
06:05:30.759 python3        1784368 nvme1n1 WS   73800192   131072   18.765
06:05:30.760 python3        1784368 nvme1n1 WS   73800448   131072   18.842
06:05:30.760 python3        1784368 nvme1n1 WS   73800704   131072   18.921
06:05:30.760 python3        1784368 nvme1n1 WS   73800960   102400   18.981
06:05:30.760 python3        1784368 nvme1n1 WS   73801984   131072   19.074
06:05:30.760 python3        1784368 nvme1n1 WS   73802240   131072   19.154
06:05:30.760 python3        1784368 nvme1n1 WS   73802496   131072   19.233
06:05:30.760 python3        1784368 nvme1n1 WS   73802752   131072   19.310
06:05:30.760 python3        1784368 nvme1n1 WS   73803008   131072   19.389
06:05:30.760 python3        1784368 nvme1n1 WS   73803264   131072   19.466
06:05:30.760 python3        1784368 nvme1n1 WS   73803520   131072   19.524
06:05:30.760 python3        1784368 nvme1n1 WS   73803776   131072   19.603
06:05:30.760 python3        1784368 nvme1n1 WS   73804032   131072   19.678
06:05:30.761 python3        1784368 nvme1n1 WS   73804288   131072   19.768
06:05:30.761 python3        1784368 nvme1n1 WS   73804544   131072   19.835
06:05:30.761 python3        1784368 nvme1n1 WS   73804800   131072   19.911
06:05:30.761 python3        1784368 nvme1n1 WS   73805056   131072   19.992
06:05:30.761 python3        1784368 nvme1n1 WS   73805312   131072   20.071
06:05:30.761 python3        1784368 nvme1n1 WS   73805568   131072   20.134
06:05:30.761 python3        1784368 nvme1n1 WS   73805824   131072   20.219
06:05:30.761 python3        1784368 nvme1n1 WS   73806080   131072   20.296
06:05:30.932 amoprof        1787544 nvme1n1 W    1565769920 4096      0.055
