TIMESTAMP    COMM           PID     DISK    T    SECTOR     BYTES   LAT(ms)
12:18:21.511 nvme           2414516 Unknown N    -1         512       0.037
12:18:22.241 kworker        2406495 nvme1n1 WM   352        4096      0.124
12:18:22.241 kworker        2406495 nvme1n1 WM   408        4096      0.137
12:18:22.241 kworker        2406495 nvme1n1 WM   440        4096      0.138
12:18:22.241 kworker        2406495 nvme1n1 WM   576        4096      0.141
12:18:22.242 kworker        2406495 nvme1n1 WM   600        4096      0.142
12:18:22.242 kworker        2406495 nvme1n1 WM   760        4096      0.143
12:18:22.242 kworker        2406495 nvme1n1 WM   461373728  4096      0.143
12:18:22.242 kworker        2406495 nvme1n1 WM   624951320  4096      0.144
12:18:22.242 kworker        2406495 nvme1n1 WM   624951440  4096      0.154
12:18:22.242 kworker        2406495 nvme1n1 WM   624962696  4096      0.155
12:18:22.242 kworker        2406495 nvme1n1 WM   624963824  8192      0.152
12:18:22.242 kworker        2406495 nvme1n1 WM   721420360  4096      0.155
12:18:22.242 kworker        2406495 nvme1n1 WM   721420392  4096      0.155
12:18:22.242 kworker        2406495 nvme1n1 WM   847249424  4096      0.156
12:18:22.242 kworker        2406495 nvme1n1 WM   624963592  65536     0.175
12:18:22.242 kworker        2406495 nvme1n1 WM   624963728  40960     0.197
12:18:22.242 kworker        2406495 nvme1n1 WM   905969840  4096      0.082
12:18:22.242 kworker        2406495 nvme1n1 WM   905969920  4096      0.090
12:18:22.242 kworker        2406495 nvme1n1 WM   1191182368 4096      0.087
12:18:22.242 kworker        2406495 nvme1n1 WM   1254096936 4096      0.084
12:18:22.242 kworker        2406495 nvme1n1 WM   1276768392 4096      0.088
12:18:22.242 kworker        2406495 nvme1n1 WM   1276768704 4096      0.090
12:18:22.242 kworker        2406495 nvme1n1 WM   1276768736 4096      0.091
12:18:22.242 kworker        2406495 nvme1n1 WM   1276768872 4096      0.093
12:18:22.242 kworker        2406495 nvme1n1 WM   1276769216 4096      0.098
12:18:22.242 kworker        2406495 nvme1n1 WM   1276770096 4096      0.098
12:18:22.242 kworker        2406495 nvme1n1 WM   1276770864 4096      0.098
12:18:22.242 kworker        2406495 nvme1n1 WM   1276771048 4096      0.101
12:18:22.242 kworker        2406495 nvme1n1 WM   1276771176 4096      0.104
12:18:22.242 kworker        2406495 nvme1n1 WM   905997872  102400    0.190
12:18:22.242 kworker        2406495 nvme1n1 WM   1199571024 24576     0.205
12:18:22.242 kworker        2406495 nvme1n1 WM   1203765256 24576     0.206
12:18:22.242 kworker        2406495 nvme1n1 WM   1276771576 4096      0.069
12:18:22.242 kworker        2406495 nvme1n1 WM   1276771808 4096      0.070
12:18:22.242 kworker        2406495 nvme1n1 WM   1276772080 4096      0.075
12:18:22.242 kworker        2406495 nvme1n1 WM   1276772176 4096      0.076
12:18:22.242 kworker        2406495 nvme1n1 WM   1279127632 4096      0.080
12:18:22.242 kworker        2406495 nvme1n1 WM   1279127648 4096      0.082
12:18:22.242 kworker        2406495 nvme1n1 WM   1279127744 4096      0.084
12:18:22.242 kworker        2406495 nvme1n1 WM   1279127864 4096      0.090
12:18:22.242 kworker        2406495 nvme1n1 WM   1279128000 4096      0.093
12:18:22.242 kworker        2406495 nvme1n1 WM   1279128152 4096      0.094
12:18:22.242 kworker        2406495 nvme1n1 WM   1279128288 4096      0.097
12:18:22.242 kworker        2406495 nvme1n1 WM   1279128416 4096      0.098
12:18:22.242 kworker        2406495 nvme1n1 WM   1279128504 4096      0.099
12:18:22.242 kworker        2406495 nvme1n1 WM   1279128520 4096      0.093
12:18:22.242 kworker        2406495 nvme1n1 WM   1279128728 4096      0.095
12:18:22.242 kworker        2406495 nvme1n1 WM   1279128744 4096      0.100
12:18:22.242 kworker        2406495 nvme1n1 WM   1279128760 4096      0.114
12:18:22.242 kworker        2406495 nvme1n1 WM   1279128808 4096      0.115
12:18:22.242 kworker        2406495 nvme1n1 WM   1279128936 4096      0.115
12:18:22.242 kworker        2406495 nvme1n1 WM   1279129176 4096      0.116
12:18:22.242 kworker        2406495 nvme1n1 WM   1279129640 4096      0.122
12:18:22.242 kworker        2406495 nvme1n1 WM   1279129656 4096      0.127
12:18:22.242 kworker        2406495 nvme1n1 WM   1279129688 4096      0.128
12:18:22.242 kworker        2406495 nvme1n1 WM   1279130096 4096      0.118
12:18:22.242 kworker        2406495 nvme1n1 WM   1279130296 4096      0.119
12:18:22.242 kworker        2406495 nvme1n1 WM   1279130344 4096      0.119
12:18:22.242 kworker        2406495 nvme1n1 WM   1279130496 4096      0.121
12:18:22.242 kworker        2406495 nvme1n1 WM   1279130608 4096      0.121
12:18:22.242 kworker        2406495 nvme1n1 WM   1279130768 4096      0.122
12:18:22.242 kworker        2406495 nvme1n1 WM   1279130960 4096      0.086
12:18:22.242 kworker        2406495 nvme1n1 WM   1279131088 4096      0.095
12:18:22.242 kworker        2406495 nvme1n1 WM   1279131104 4096      0.096
12:18:22.242 kworker        2406495 nvme1n1 WM   1279131424 4096      0.115
12:18:22.242 kworker        2406495 nvme1n1 WM   1279131440 4096      0.116
12:18:22.242 kworker        2406495 nvme1n1 WM   1279131456 4096      0.120
12:18:22.242 kworker        2406495 nvme1n1 WM   1279258616 4096      0.121
12:18:22.242 kworker        2406495 nvme1n1 WM   1279258800 4096      0.124
12:18:22.242 kworker        2406495 nvme1n1 WM   1279259368 4096      0.124
12:18:22.242 kworker        2406495 nvme1n1 WM   1279259456 4096      0.125
12:18:22.242 kworker        2406495 nvme1n1 WM   1279259808 8192      0.128
12:18:22.242 kworker        2406495 nvme1n1 WM   1279260088 4096      0.130
12:18:22.242 kworker        2406495 nvme1n1 WM   1279260880 4096      0.134
12:18:22.242 kworker        2406495 nvme1n1 WM   1279261304 4096      0.134
12:18:22.242 kworker        2406495 nvme1n1 WM   1279261464 4096      0.135
12:18:22.242 kworker        2406495 nvme1n1 WM   1279262352 4096      0.136
12:18:22.243 kworker        2406495 nvme1n1 WM   1279651768 4096      0.082
12:18:22.243 kworker        2406495 nvme1n1 WM   1279651880 4096      0.084
12:18:22.243 kworker        2406495 nvme1n1 WM   1279651904 4096      0.085
12:18:22.243 kworker        2406495 nvme1n1 WM   1279651936 4096      0.101
12:18:22.243 kworker        2406495 nvme1n1 WM   1279652056 4096      0.102
12:18:22.243 kworker        2406495 nvme1n1 WM   1279652088 4096      0.103
12:18:22.243 kworker        2406495 nvme1n1 WM   1279652288 4096      0.108
12:18:22.243 kworker        2406495 nvme1n1 WM   1279652320 4096      0.110
12:18:22.243 kworker        2406495 nvme1n1 WM   1279652336 4096      0.110
12:18:22.243 kworker        2406495 nvme1n1 WM   1279652416 4096      0.118
12:18:22.243 kworker        2406495 nvme1n1 WM   1279652568 4096      0.120
12:18:22.243 kworker        2406495 nvme1n1 WM   1279653104 4096      0.122
12:18:22.243 kworker        2406495 nvme1n1 WM   1279653136 4096      0.122
12:18:22.243 kworker        2406495 nvme1n1 WM   1279653416 4096      0.123
12:18:22.243 kworker        2406495 nvme1n1 WM   1279653792 4096      0.123
12:18:22.243 kworker        2406495 nvme1n1 WM   1279653968 4096      0.124
12:18:22.243 kworker        2406495 nvme1n1 WM   1279654168 4096      0.079
12:18:22.243 kworker        2406495 nvme1n1 WM   1279654184 4096      0.080
12:18:22.243 kworker        2406495 nvme1n1 WM   1279654200 4096      0.081
12:18:22.243 kworker        2406495 nvme1n1 WM   1279654216 4096      0.091
12:18:22.243 kworker        2406495 nvme1n1 WM   1279654400 4096      0.096
12:18:22.243 kworker        2406495 nvme1n1 WM   1279654568 4096      0.099
12:18:22.243 kworker        2406495 nvme1n1 WM   1279654912 4096      0.104
12:18:22.243 kworker        2406495 nvme1n1 WM   1279654952 4096      0.105
12:18:22.243 kworker        2406495 nvme1n1 WM   1279654992 4096      0.109
12:18:22.243 kworker        2406495 nvme1n1 WM   1279655008 4096      0.109
12:18:22.243 kworker        2406495 nvme1n1 WM   1279655144 4096      0.115
12:18:22.243 kworker        2406495 nvme1n1 WM   1279655160 4096      0.119
12:18:22.243 kworker        2406495 nvme1n1 WM   1279655392 4096      0.120
12:18:22.243 kworker        2406495 nvme1n1 WM   1279655688 4096      0.122
12:18:22.243 kworker        2406495 nvme1n1 WM   1279783264 8192      0.123
12:18:22.243 kworker        2406495 nvme1n1 WM   1279783288 4096      0.124
12:18:22.243 kworker        2406495 nvme1n1 WM   1279783352 4096      0.088
12:18:22.243 kworker        2406495 nvme1n1 WM   1279783384 4096      0.095
12:18:22.243 kworker        2406495 nvme1n1 WM   1279783616 4096      0.096
12:18:22.243 kworker        2406495 nvme1n1 WM   1279783736 4096      0.108
12:18:22.243 kworker        2406495 nvme1n1 WM   1279783968 4096      0.112
12:18:22.243 kworker        2406495 nvme1n1 WM   1279784368 4096      0.115
12:18:22.243 kworker        2406495 nvme1n1 WM   1279784416 4096      0.116
12:18:22.243 kworker        2406495 nvme1n1 WM   1279784448 4096      0.118
12:18:22.243 kworker        2406495 nvme1n1 WM   1279784584 4096      0.122
12:18:22.243 kworker        2406495 nvme1n1 WM   1279784872 8192      0.129
12:18:22.243 kworker        2406495 nvme1n1 WM   1279784896 4096      0.132
12:18:22.243 kworker        2406495 nvme1n1 WM   1279785048 4096      0.133
12:18:22.243 kworker        2406495 nvme1n1 WM   1279785528 4096      0.135
12:18:22.243 kworker        2406495 nvme1n1 WM   1279785744 4096      0.136
12:18:22.243 kworker        2406495 nvme1n1 WM   1279785760 4096      0.136
12:18:22.243 kworker        2406495 nvme1n1 WM   1279785792 12288     0.136
12:18:22.243 kworker        2406495 nvme1n1 WM   1279786568 4096      0.079
12:18:22.243 kworker        2406495 nvme1n1 WM   1279786864 4096      0.085
12:18:22.243 kworker        2406495 nvme1n1 WM   1279786880 4096      0.090
12:18:22.243 kworker        2406495 nvme1n1 WM   1282011520 4096      0.091
12:18:22.243 kworker        2406495 nvme1n1 WM   1282011536 4096      0.091
12:18:22.243 kworker        2406495 nvme1n1 WM   1282011656 4096      0.093
12:18:22.243 kworker        2406495 nvme1n1 WM   1282011672 8192      0.103
12:18:22.243 kworker        2406495 nvme1n1 WM   1282011768 4096      0.107
12:18:22.243 kworker        2406495 nvme1n1 WM   1282011856 4096      0.111
12:18:22.243 kworker        2406495 nvme1n1 WM   1282011920 4096      0.112
12:18:22.243 kworker        2406495 nvme1n1 WM   1282011936 4096      0.120
12:18:22.243 kworker        2406495 nvme1n1 WM   1282011952 4096      0.121
12:18:22.243 kworker        2406495 nvme1n1 WM   1282011984 4096      0.122
12:18:22.243 kworker        2406495 nvme1n1 WM   1282012200 4096      0.123
12:18:22.243 kworker        2406495 nvme1n1 WM   1282012336 4096      0.123
12:18:22.243 kworker        2406495 nvme1n1 WM   1282012416 4096      0.124
12:18:22.244 kworker        2406495 nvme1n1 WM   1282012432 4096      0.080
12:18:22.244 kworker        2406495 nvme1n1 WM   1282012648 4096      0.087
12:18:22.244 kworker        2406495 nvme1n1 WM   1282012664 4096      0.087
12:18:22.244 kworker        2406495 nvme1n1 WM   1282013512 4096      0.103
12:18:22.244 kworker        2406495 nvme1n1 WM   1282013592 4096      0.105
12:18:22.244 kworker        2406495 nvme1n1 WM   1282013712 4096      0.109
12:18:22.244 kworker        2406495 nvme1n1 WM   1282013752 4096      0.109
12:18:22.244 kworker        2406495 nvme1n1 WM   1282013960 4096      0.109
12:18:22.244 kworker        2406495 nvme1n1 WM   1282014040 4096      0.112
12:18:22.244 kworker        2406495 nvme1n1 WM   1282014840 4096      0.113
12:18:22.244 kworker        2406495 nvme1n1 WM   1282273592 4096      0.114
12:18:22.244 kworker        2406495 nvme1n1 WM   1282273608 4096      0.118
12:18:22.244 kworker        2406495 nvme1n1 WM   1282273688 4096      0.119
12:18:22.244 kworker        2406495 nvme1n1 WM   1282273824 4096      0.120
12:18:22.244 kworker        2406495 nvme1n1 WM   1282274072 4096      0.120
12:18:22.244 kworker        2406495 nvme1n1 WM   1282274104 4096      0.121
12:18:22.244 kworker        2406495 nvme1n1 WM   1282274120 4096      0.074
12:18:22.244 kworker        2406495 nvme1n1 WM   1282274184 4096      0.074
12:18:22.244 kworker        2406495 nvme1n1 WM   1282274288 4096      0.077
12:18:22.244 kworker        2406495 nvme1n1 WM   1282274304 4096      0.090
12:18:22.244 kworker        2406495 nvme1n1 WM   1282274448 4096      0.094
12:18:22.244 kworker        2406495 nvme1n1 WM   1282275568 4096      0.095
12:18:22.244 kworker        2406495 nvme1n1 WM   1282275848 4096      0.098
12:18:22.244 kworker        2406495 nvme1n1 WM   1282276032 4096      0.099
12:18:22.244 kworker        2406495 nvme1n1 WM   1282276048 4096      0.114
12:18:22.244 kworker        2406495 nvme1n1 WM   1282276064 4096      0.115
12:18:22.244 kworker        2406495 nvme1n1 WM   1282276096 4096      0.117
12:18:22.244 kworker        2406495 nvme1n1 WM   1282276232 8192      0.118
12:18:22.244 kworker        2406495 nvme1n1 WM   1282276560 4096      0.119
12:18:22.244 kworker        2406495 nvme1n1 WM   1282276896 4096      0.122
12:18:22.244 kworker        2406495 nvme1n1 WM   1282277008 4096      0.122
12:18:22.244 kworker        2406495 nvme1n1 WM   1282929240 4096      0.123
12:18:22.244 kworker        2406495 nvme1n1 WM   1282929528 4096      0.076
12:18:22.244 kworker        2406495 nvme1n1 WM   1282929648 4096      0.078
12:18:22.244 kworker        2406495 nvme1n1 WM   1282929896 4096      0.080
12:18:22.244 kworker        2406495 nvme1n1 WM   1282929912 4096      0.094
12:18:22.244 kworker        2406495 nvme1n1 WM   1283059808 4096      0.095
12:18:22.244 kworker        2406495 nvme1n1 WM   1283059824 4096      0.096
12:18:22.244 kworker        2406495 nvme1n1 WM   1283059912 4096      0.104
12:18:22.244 kworker        2406495 nvme1n1 WM   1283060176 4096      0.104
12:18:22.244 kworker        2406495 nvme1n1 WM   1283060400 4096      0.107
12:18:22.244 kworker        2406495 nvme1n1 WM   1283060480 4096      0.117
12:18:22.244 kworker        2406495 nvme1n1 WM   1283060568 4096      0.119
12:18:22.244 kworker        2406495 nvme1n1 WM   1283060928 4096      0.121
12:18:22.244 kworker        2406495 nvme1n1 WM   1283061048 4096      0.121
12:18:22.244 kworker        2406495 nvme1n1 WM   1283061376 4096      0.122
12:18:22.244 kworker        2406495 nvme1n1 WM   1283061448 4096      0.122
12:18:22.244 kworker        2406495 nvme1n1 WM   1283062536 4096      0.123
12:18:22.244 kworker        2406495 nvme1n1 WM   1283062760 4096      0.079
12:18:22.244 kworker        2406495 nvme1n1 WM   1283062776 4096      0.086
12:18:22.244 kworker        2406495 nvme1n1 WM   1283062912 4096      0.087
12:18:22.244 kworker        2406495 nvme1n1 WM   1283063248 4096      0.101
12:18:22.244 kworker        2406495 nvme1n1 WM   1283063296 4096      0.105
12:18:22.244 kworker        2406495 nvme1n1 WM   1283063648 4096      0.105
12:18:22.244 kworker        2406495 nvme1n1 WM   1283322224 4096      0.111
12:18:22.244 kworker        2406495 nvme1n1 WM   1283322304 4096      0.111
12:18:22.244 kworker        2406495 nvme1n1 WM   1283322424 4096      0.114
12:18:22.244 kworker        2406495 nvme1n1 WM   1283322552 4096      0.115
12:18:22.244 kworker        2406495 nvme1n1 WM   1283322672 8192      0.117
12:18:22.244 kworker        2406495 nvme1n1 WM   1283322744 4096      0.121
12:18:22.244 kworker        2406495 nvme1n1 WM   1283323296 4096      0.123
12:18:22.244 kworker        2406495 nvme1n1 WM   1283323592 4096      0.124
12:18:22.244 kworker        2406495 nvme1n1 WM   1283323712 4096      0.125
12:18:22.244 kworker        2406495 nvme1n1 WM   1283323728 4096      0.126
12:18:22.244 kworker        2406495 nvme1n1 WM   1283323744 4096      0.080
12:18:22.244 kworker        2406495 nvme1n1 WM   1283324112 4096      0.086
12:18:22.244 kworker        2406495 nvme1n1 WM   1283324440 4096      0.098
12:18:22.244 kworker        2406495 nvme1n1 WM   1283324568 4096      0.104
12:18:22.245 kworker        2406495 nvme1n1 WM   1283324712 4096      0.105
12:18:22.245 kworker        2406495 nvme1n1 WM   1283324744 4096      0.105
12:18:22.245 kworker        2406495 nvme1n1 WM   1283325048 4096      0.106
12:18:22.245 kworker        2406495 nvme1n1 WM   1283325184 4096      0.111
12:18:22.245 kworker        2406495 nvme1n1 WM   1283325208 4096      0.116
12:18:22.245 kworker        2406495 nvme1n1 WM   1283325376 4096      0.117
12:18:22.245 kworker        2406495 nvme1n1 WM   1283325696 4096      0.118
12:18:22.245 kworker        2406495 nvme1n1 WM   1283325712 4096      0.120
12:18:22.245 kworker        2406495 nvme1n1 WM   1283325800 4096      0.120
12:18:22.245 kworker        2406495 nvme1n1 WM   1283325928 4096      0.120
12:18:22.245 kworker        2406495 nvme1n1 WM   1283453256 4096      0.120
12:18:22.245 kworker        2406495 nvme1n1 WM   1283453272 4096      0.121
12:18:22.245 kworker        2406495 nvme1n1 WM   1283453672 4096      0.078
12:18:22.245 kworker        2406495 nvme1n1 WM   1283454920 4096      0.081
12:18:22.245 kworker        2406495 nvme1n1 WM   1283455088 4096      0.090
12:18:22.245 kworker        2406495 nvme1n1 WM   1283455104 4096      0.091
12:18:22.245 kworker        2406495 nvme1n1 WM   1283455424 4096      0.094
12:18:22.245 kworker        2406495 nvme1n1 WM   1283455592 4096      0.096
12:18:22.245 kworker        2406495 nvme1n1 WM   1283455640 4096      0.099
12:18:22.245 kworker        2406495 nvme1n1 WM   1283455656 4096      0.100
12:18:22.245 kworker        2406495 nvme1n1 WM   1283455672 4096      0.104
12:18:22.245 kworker        2406495 nvme1n1 WM   1283455776 4096      0.109
12:18:22.245 kworker        2406495 nvme1n1 WM   1283456712 4096      0.115
12:18:22.245 kworker        2406495 nvme1n1 WM   1283456736 4096      0.115
12:18:22.245 kworker        2406495 nvme1n1 WM   1283846096 4096      0.115
12:18:22.245 kworker        2406495 nvme1n1 WM   1283846256 4096      0.115
12:18:22.245 kworker        2406495 nvme1n1 WM   1283846576 4096      0.116
12:18:22.245 kworker        2406495 nvme1n1 WM   1283846928 4096      0.116
12:18:22.245 kworker        2406495 nvme1n1 WM   1283847072 4096      0.078
12:18:22.245 kworker        2406495 nvme1n1 WM   1283847384 4096      0.082
12:18:22.245 kworker        2406495 nvme1n1 WM   1283847488 4096      0.099
12:18:22.245 kworker        2406495 nvme1n1 WM   1283847600 4096      0.099
12:18:22.245 kworker        2406495 nvme1n1 WM   1283847720 4096      0.100
12:18:22.245 kworker        2406495 nvme1n1 WM   1283848128 4096      0.102
12:18:22.245 kworker        2406495 nvme1n1 WM   1283848328 4096      0.104
12:18:22.245 kworker        2406495 nvme1n1 WM   1283848360 4096      0.105
12:18:22.245 kworker        2406495 nvme1n1 WM   1283848376 4096      0.111
12:18:22.245 kworker        2406495 nvme1n1 WM   1283848392 4096      0.111
12:18:22.245 kworker        2406495 nvme1n1 WM   1283848752 4096      0.115
12:18:22.245 kworker        2406495 nvme1n1 WM   1283848800 4096      0.116
12:18:22.245 kworker        2406495 nvme1n1 WM   1283848960 4096      0.116
12:18:22.245 kworker        2406495 nvme1n1 WM   1283849200 8192      0.116
12:18:22.245 kworker        2406495 nvme1n1 WM   1283849224 4096      0.119
12:18:22.245 kworker        2406495 nvme1n1 WM   1283849392 4096      0.120
12:18:22.245 kworker        2406495 nvme1n1 WM   1283849488 4096      0.093
12:18:22.245 kworker        2406495 nvme1n1 WM   1283849504 4096      0.097
12:18:22.245 kworker        2406495 nvme1n1 WM   1283850096 4096      0.112
12:18:22.245 kworker        2406495 nvme1n1 WM   1283850128 4096      0.099
12:18:22.245 kworker        2406495 nvme1n1 WM   1283977320 4096      0.101
12:18:22.245 kworker        2406495 nvme1n1 WM   1283977680 4096      0.102
12:18:22.245 kworker        2406495 nvme1n1 WM   1283977712 8192      0.109
12:18:22.245 kworker        2406495 nvme1n1 WM   1283977992 4096      0.111
12:18:22.245 kworker        2406495 nvme1n1 WM   1283978040 4096      0.113
12:18:22.245 kworker        2406495 nvme1n1 WM   1283978136 4096      0.113
12:18:22.245 kworker        2406495 nvme1n1 WM   1283978392 4096      0.117
12:18:22.245 kworker        2406495 nvme1n1 WM   1283978408 4096      0.120
12:18:22.245 kworker        2406495 nvme1n1 WM   1283978848 4096      0.120
12:18:22.245 kworker        2406495 nvme1n1 WM   1283978960 4096      0.123
12:18:22.245 kworker        2406495 nvme1n1 WM   1283978976 4096      0.124
12:18:22.245 kworker        2406495 nvme1n1 WM   1283979280 4096      0.125
12:18:22.245 kworker        2406495 nvme1n1 WM   1283979376 4096      0.077
12:18:22.245 kworker        2406495 nvme1n1 WM   1283979520 4096      0.078
12:18:22.245 kworker        2406495 nvme1n1 WM   1283980912 4096      0.085
12:18:22.245 kworker        2406495 nvme1n1 WM   1283981128 4096      0.085
12:18:22.245 kworker        2406495 nvme1n1 WM   1283981144 4096      0.085
12:18:22.245 kworker        2406495 nvme1n1 WM   1283981288 4096      0.085
12:18:22.245 kworker        2406495 nvme1n1 WM   1284108216 4096      0.089
12:18:22.245 kworker        2406495 nvme1n1 WM   1284108328 4096      0.095
12:18:22.245 kworker        2406495 nvme1n1 WM   1284108392 4096      0.096
12:18:22.245 kworker        2406495 nvme1n1 WM   1284108408 4096      0.096
12:18:22.245 kworker        2406495 nvme1n1 WM   1284108504 4096      0.100
12:18:22.245 kworker        2406495 nvme1n1 WM   1284108616 4096      0.100
12:18:22.245 kworker        2406495 nvme1n1 WM   1284108776 8192      0.104
12:18:22.245 kworker        2406495 nvme1n1 WM   1284108920 4096      0.105
12:18:22.245 kworker        2406495 nvme1n1 WM   1284108952 4096      0.108
12:18:22.245 kworker        2406495 nvme1n1 WM   1284109016 4096      0.108
12:18:22.245 kworker        2406495 nvme1n1 WM   1284109192 4096      0.075
12:18:22.245 kworker        2406495 nvme1n1 WM   1284109592 4096      0.076
12:18:22.245 kworker        2406495 nvme1n1 WM   1284109632 4096      0.081
12:18:22.245 kworker        2406495 nvme1n1 WM   1284109680 4096      0.081
12:18:22.245 kworker        2406495 nvme1n1 WM   1284109776 4096      0.085
12:18:22.246 kworker        2406495 nvme1n1 WM   1284109824 4096      0.088
12:18:22.246 kworker        2406495 nvme1n1 WM   1284110288 4096      0.092
12:18:22.246 kworker        2406495 nvme1n1 WM   1284110768 4096      0.092
12:18:22.246 kworker        2406495 nvme1n1 WM   1284110928 4096      0.099
12:18:22.246 kworker        2406495 nvme1n1 WM   1284110960 4096      0.099
12:18:22.246 kworker        2406495 nvme1n1 WM   1284111024 4096      0.099
12:18:22.246 kworker        2406495 nvme1n1 WM   1284111304 4096      0.104
12:18:22.246 kworker        2406495 nvme1n1 WM   1284111488 4096      0.104
12:18:22.246 kworker        2406495 nvme1n1 WM   1284111600 4096      0.104
12:18:22.246 kworker        2406495 nvme1n1 WM   1284111904 4096      0.107
12:18:22.246 kworker        2406495 nvme1n1 WM   1284112160 4096      0.108
12:18:22.246 kworker        2406495 nvme1n1 WM   1284112360 4096      0.084
12:18:22.246 kworker        2406495 nvme1n1 WM   1284239720 4096      0.085
12:18:22.246 kworker        2406495 nvme1n1 WM   1284239752 4096      0.092
12:18:22.246 kworker        2406495 nvme1n1 WM   1284239800 4096      0.092
12:18:22.246 kworker        2406495 nvme1n1 WM   1284239816 4096      0.092
12:18:22.246 kworker        2406495 nvme1n1 WM   1284239832 4096      0.093
12:18:22.246 kworker        2406495 nvme1n1 WM   1284240216 8192      0.097
12:18:22.246 kworker        2406495 nvme1n1 WM   1284240248 4096      0.099
12:18:22.246 kworker        2406495 nvme1n1 WM   1284240296 4096      0.102
12:18:22.246 kworker        2406495 nvme1n1 WM   1284240680 8192      0.102
12:18:22.246 kworker        2406495 nvme1n1 WM   1284241344 4096      0.107
12:18:22.246 kworker        2406495 nvme1n1 WM   1284241464 4096      0.109
12:18:22.246 kworker        2406495 nvme1n1 WM   1284241600 4096      0.112
12:18:22.246 kworker        2406495 nvme1n1 WM   1284241776 4096      0.112
12:18:22.246 kworker        2406495 nvme1n1 WM   1284243144 4096      0.116
12:18:22.246 kworker        2406495 nvme1n1 WM   1284243176 4096      0.116
12:18:22.246 kworker        2406495 nvme1n1 WM   1284370560 4096      0.069
12:18:22.246 kworker        2406495 nvme1n1 WM   1284371024 4096      0.070
12:18:22.246 kworker        2406495 nvme1n1 WM   1284371336 4096      0.076
12:18:22.246 kworker        2406495 nvme1n1 WM   1284371392 4096      0.076
12:18:22.246 kworker        2406495 nvme1n1 WM   1284372000 4096      0.083
12:18:22.246 kworker        2406495 nvme1n1 WM   1284372240 4096      0.084
12:18:22.246 kworker        2406495 nvme1n1 WM   1284372992 4096      0.088
12:18:22.246 kworker        2406495 nvme1n1 WM   1284373144 4096      0.090
12:18:22.246 kworker        2406495 nvme1n1 WM   1284373168 4096      0.092
12:18:22.246 kworker        2406495 nvme1n1 WM   1284373384 4096      0.096
12:18:22.246 kworker        2406495 nvme1n1 WM   1284373800 4096      0.099
12:18:22.246 kworker        2406495 nvme1n1 WM   1284373992 4096      0.103
12:18:22.246 kworker        2406495 nvme1n1 WM   1284374056 4096      0.103
12:18:22.246 kworker        2406495 nvme1n1 WM   1284374280 4096      0.104
12:18:22.246 kworker        2406495 nvme1n1 WM   1284374440 8192      0.107
12:18:22.246 kworker        2406495 nvme1n1 WM   1284501712 4096      0.111
12:18:22.246 kworker        2406495 nvme1n1 WM   1284501808 4096      0.073
12:18:22.246 kworker        2406495 nvme1n1 WM   1284501872 4096      0.073
12:18:22.246 kworker        2406495 nvme1n1 WM   1284501904 4096      0.074
12:18:22.246 kworker        2406495 nvme1n1 WM   1284502176 4096      0.079
12:18:22.246 kworker        2406495 nvme1n1 WM   1284502192 4096      0.080
12:18:22.246 kworker        2406495 nvme1n1 WM   1284502304 4096      0.080
12:18:22.246 kworker        2406495 nvme1n1 WM   1284502344 4096      0.085
12:18:22.246 kworker        2406495 nvme1n1 WM   1284502376 4096      0.090
12:18:22.246 kworker        2406495 nvme1n1 WM   1284502408 4096      0.093
12:18:22.246 kworker        2406495 nvme1n1 WM   1284502424 4096      0.099
12:18:22.246 kworker        2406495 nvme1n1 WM   1284502440 4096      0.118
12:18:22.246 kworker        2406495 nvme1n1 WM   1284502456 4096      0.120
12:18:22.246 kworker        2406495 nvme1n1 WM   1284502472 4096      0.121
12:18:22.246 kworker        2406495 nvme1n1 WM   1284502488 4096      0.122
12:18:22.246 kworker        2406495 nvme1n1 WM   1284502584 4096      0.122
12:18:22.246 kworker        2406495 nvme1n1 WM   1284501840 12288     0.131
12:18:22.246 kworker        2406495 nvme1n1 WM   1284502600 4096      0.046
12:18:22.246 kworker        2406495 nvme1n1 WM   1284502616 4096      0.047
12:18:22.246 kworker        2406495 nvme1n1 WM   1488531592 4096      0.052
12:18:22.246 kworker        2406495 nvme1n1 WM   1556930472 4096      0.052
12:18:22.246 kworker        2406495 nvme1n1 WM   1577058392 4096      0.052
12:18:22.523 jbd2/nv        391     nvme0n1 WSM  4231912    86016     0.707
12:18:22.523 jbd2/nv        391     nvme0n1 WSM  4232080    4096      0.336
12:18:22.526 nvme           2414572 Unknown N    -1         512       0.033
12:18:22.754 kworker        2413243 nvme0n1 WM   6309888    4096      0.849
12:18:22.754 kworker        2413243 nvme0n1 WM   6310376    4096      0.912
12:18:22.754 kworker        2413243 nvme0n1 WM   2102944    4096      0.924
12:18:22.754 kworker        2413243 nvme0n1 WM   6310504    4096      1.119
12:18:22.754 kworker        2413243 nvme0n1 WM   14682120   4096      1.124
12:18:22.754 kworker        2413243 nvme0n1 WM   9093656    4096      1.131
12:18:22.754 kworker        2413243 nvme0n1 WM   9089776    4096      1.135
12:18:22.754 kworker        2413243 nvme0n1 WM   14705952   4096      1.168
12:18:22.754 kworker        2413243 nvme0n1 WM   18876976   4096      1.177
12:18:22.755 kworker        2413243 nvme0n1 WM   10488672   4096      1.216
12:18:22.755 kworker        2413243 nvme0n1 WM   10488064   4096      1.230
12:18:22.755 kworker        2413243 nvme0n1 WM   18878168   4096      1.230
12:18:22.755 kworker        2413243 nvme0n1 WM   18878280   4096      1.235
12:18:22.755 kworker        2413243 nvme0n1 WM   31459424   4096      1.237
12:18:22.755 kworker        2413243 nvme0n1 WM   2099200    16384     1.257
12:18:22.755 kworker        2413243 nvme0n1 WM   31459448   4096      1.249
12:18:22.755 kworker        2413243 nvme0n1 WM   34633848   4096      0.569
12:18:22.755 kworker        2413243 nvme0n1 WM   35653688   8192      0.575
12:18:22.755 kworker        2413243 nvme0n1 WM   35653664   4096      0.582
12:18:23.541 nvme           2414587 Unknown N    -1         512       0.033
12:18:24.558 nvme           2414597 Unknown N    -1         512       0.038
12:18:25.227 jbd2/nv        752     nvme1n1 WSM  877734568  106496    0.146
12:18:25.227 jbd2/nv        752     nvme1n1 WSM  877734776  4096      0.031
12:18:25.314 kworker        2406495 nvme1n1 W    1179764776 114688    0.176
12:18:25.314 kworker        2406495 nvme1n1 W    1179765000 110592    0.231
12:18:25.314 kworker        2406495 nvme1n1 W    1318832704 73728     0.274
12:18:25.314 kworker        2406495 nvme1n1 W    1738537952 73728     0.316
12:18:25.314 kworker        2406495 nvme1n1 W    1179765216 118784    0.386
12:18:25.314 kworker        2406495 nvme1n1 W    1179765448 126976    0.467
12:18:25.315 kworker        2406495 nvme1n1 W    1179765696 131072    0.546
12:18:25.315 kworker        2406495 nvme1n1 W    1179765952 49152     0.576
12:18:25.315 kworker        2406495 nvme1n1 W    723961072  4096      0.055
12:18:25.315 kworker        2406495 nvme1n1 W    723892688  77824     0.116
12:18:25.315 kworker        2406495 nvme1n1 W    1179766048 12288     0.128
12:18:25.315 kworker        2406495 nvme1n1 W    723892840  131072    0.204
12:18:25.315 kworker        2406495 nvme1n1 W    723893096  12288     0.211
12:18:25.315 kworker        2406495 nvme1n1 W    1179766072 53248     0.248
12:18:25.315 kworker        2406495 nvme1n1 W    1255657472 131072    0.323
12:18:25.315 kworker        2406495 nvme1n1 W    1255657728 61440     0.358
12:18:25.315 kworker        2406495 nvme1n1 W    1179766176 32768     0.069
12:18:25.315 kworker        2406495 nvme1n1 W    847881608  131072    0.150
12:18:25.315 kworker        2406495 nvme1n1 W    847881864  90112     0.204
12:18:25.315 kworker        2406495 nvme1n1 W    723893120  77824     0.251
12:18:25.315 kworker        2406495 nvme1n1 W    1179766240 28672     0.267
12:18:25.579 nvme           2414602 Unknown N    -1         512       0.036
12:18:26.597 nvme           2414607 Unknown N    -1         512       0.042
12:18:27.612 nvme           2414612 Unknown N    -1         512       0.029
12:18:28.629 nvme           2414627 Unknown N    -1         512       0.034
12:18:29.645 nvme           2414637 Unknown N    -1         512       0.033
12:18:30.432 kworker        2406489 nvme1n1 W    625530472  16384     0.104
12:18:30.433 kworker        2406489 nvme1n1 W    730957824  131072    0.177
12:18:30.433 kworker        2406489 nvme1n1 W    730958080  49152     0.204
12:18:30.433 kworker        2406489 nvme1n1 W    725028560  131072    0.283
12:18:30.433 kworker        2406489 nvme1n1 W    725028816  24576     0.296
12:18:30.433 kworker        2406489 nvme1n1 W    724848840  131072    0.377
12:18:30.433 kworker        2406489 nvme1n1 W    724849096  24576     0.389
12:18:30.433 jbd2/nv        752     nvme1n1 WSM  877734784  114688    0.323
12:18:30.433 jbd2/nv        752     nvme1n1 WSM  877735008  4096      0.033
12:18:30.657 nvme           2414642 Unknown N    -1         512       0.034
12:18:31.548 amoprof        2407177 nvme1n1 W    625324920  4096      0.057
