TIMESTAMP    COMM           PID     DISK    T    SECTOR     BYTES   LAT(ms)
10:24:11.681 kworker        509414  nvme1n1 W    570880256  8192      0.098
10:24:11.681 kworker        509414  nvme1n1 W    570763680  53248     0.123
10:24:11.681 kworker        509414  nvme1n1 W    570880000  131072    0.203
10:24:11.681 kworker        509414  nvme1n1 W    570763784  122880    0.277
10:24:11.681 kworker        509414  nvme1n1 W    570764024  126976    0.350
10:24:11.681 kworker        509414  nvme1n1 W    1735078376 81920     0.397
10:24:11.681 kworker        509414  nvme1n1 W    570764272  77824     0.444
10:24:12.499 nvme           529482  Unknown N    -1         512       0.033
10:24:13.193 ib_log_        125924  nvme1n1 WS   1756039752 4096      0.044
10:24:13.193 ib_log_        125924  nvme1n1 WS   1756039752 4096      0.028
10:24:13.194 ib_log_        125924  nvme1n1 WS   1756039752 4096      0.027
10:24:13.194 ib_log_        125924  nvme1n1 WS   1756039760 8192      0.029
10:24:13.194 jbd2/nv        752     nvme1n1 WSM  878222024  131072    0.155
10:24:13.194 jbd2/nv        752     nvme1n1 WSM  878222280  36864     0.164
10:24:13.194 jbd2/nv        752     nvme1n1 WSM  878222352  4096      0.033
10:24:13.194 connect        125924  nvme1n1 WS   1731543664 4096      0.032
10:24:13.195 jbd2/nv        752     nvme1n1 WSM  878222360  8192      0.031
10:24:13.195 jbd2/nv        752     nvme1n1 WSM  878222376  4096      0.028
10:24:13.195 ib_log_        125924  nvme1n1 WS   1756039760 4096      0.028
10:24:13.195 ib_log_        125924  nvme1n1 WS   1756039760 4096      0.027
10:24:13.195 jbd2/nv        752     nvme1n1 WSM  878222384  36864     0.057
10:24:13.195 jbd2/nv        752     nvme1n1 WSM  878222456  4096      0.031
10:24:13.195 ib_log_        125924  nvme1n1 WS   1756039760 4096      0.027
10:24:13.195 ib_log_        125924  nvme1n1 WS   1756039760 4096      0.026
10:24:13.195 ib_log_        125924  nvme1n1 WS   1756039760 4096      0.027
10:24:13.278 ib_log_        125924  nvme1n1 WS   1756039760 4096      0.044
10:24:13.279 ib_log_        125924  nvme1n1 WS   1756039760 8192      0.056
10:24:13.308 ib_log_        125924  nvme1n1 WS   1756039768 4096      0.031
10:24:13.308 ib_log_        125924  nvme1n1 WS   1756039768 4096      0.031
10:24:13.308 connect        125924  nvme1n1 WS   1731543664 4096      0.033
10:24:13.308 jbd2/nv        752     nvme1n1 WSM  878222464  61440     0.078
10:24:13.308 jbd2/nv        752     nvme1n1 WSM  878222584  4096      0.040
10:24:13.309 ib_log_        125924  nvme1n1 WS   1756039768 4096      0.027
10:24:13.309 ib_log_        125924  nvme1n1 WS   1756039768 4096      0.027
10:24:13.309 ib_log_        125924  nvme1n1 WS   1756039776 8192      0.031
10:24:13.309 jbd2/nv        752     nvme1n1 WSM  878222592  8192      0.031
10:24:13.310 jbd2/nv        752     nvme1n1 WSM  878222608  4096      0.028
10:24:13.310 jbd2/nv        752     nvme1n1 WSM  878222616  20480     0.047
10:24:13.310 jbd2/nv        752     nvme1n1 WSM  878222656  4096      0.027
10:24:13.310 connect        125924  nvme1n1 WS   1756663560 114688    0.129
10:24:13.310 jbd2/nv        752     nvme1n1 WSM  878222664  16384     0.043
10:24:13.310 jbd2/nv        752     nvme1n1 WSM  878222696  4096      0.028
10:24:13.310 connect        125924  nvme1n1 WS   1756707072 16384     0.041
10:24:13.310 jbd2/nv        752     nvme1n1 WSM  878222704  16384     0.038
10:24:13.310 jbd2/nv        752     nvme1n1 WSM  878222736  4096      0.027
10:24:13.310 ib_log_        125924  nvme1n1 WS   1756039784 4096      0.028
10:24:13.310 ib_log_        125924  nvme1n1 WS   1756039784 4096      0.029
10:24:13.310 ib_log_        125924  nvme1n1 WS   1756039792 8192      0.033
10:24:13.311 jbd2/nv        752     nvme1n1 WSM  878222744  8192      0.030
10:24:13.311 jbd2/nv        752     nvme1n1 WSM  878222760  4096      0.027
10:24:13.311 ib_log_        125924  nvme1n1 WS   1756039792 4096      0.029
10:24:13.312 ib_log_        125924  nvme1n1 WS   1756039792 8192      0.040
10:24:13.312 ib_log_        125924  nvme1n1 WS   1756039800 4096      0.027
10:24:13.312 connect        125924  nvme1n1 WS   1731543664 8192      0.034
10:24:13.312 jbd2/nv        752     nvme1n1 WSM  878222768  32768     0.053
10:24:13.312 jbd2/nv        752     nvme1n1 WSM  878222832  4096      0.027
10:24:13.312 ib_log_        125924  nvme1n1 WS   1756039800 4096      0.028
10:24:13.313 ib_log_        125924  nvme1n1 WS   1756039800 4096      0.027
10:24:13.313 ib_log_        125924  nvme1n1 WS   1756039808 8192      0.030
10:24:13.313 jbd2/nv        752     nvme1n1 WSM  878222840  12288     0.036
10:24:13.313 jbd2/nv        752     nvme1n1 WSM  878222864  4096      0.027
10:24:13.313 connect        125924  nvme1n1 WS   1731543672 4096      0.032
10:24:13.313 jbd2/nv        752     nvme1n1 WSM  878222872  8192      0.030
10:24:13.313 jbd2/nv        752     nvme1n1 WSM  878222888  4096      0.028
10:24:13.314 ib_log_        125924  nvme1n1 WS   1756039816 4096      0.032
10:24:13.379 ib_log_        125924  nvme1n1 WS   1756039816 4096      0.041
10:24:13.380 ib_log_        125924  nvme1n1 WS   1756039816 4096      0.034
10:24:13.469 ib_pg_f        125924  nvme1n1 WS   1740046336 131072    0.179
10:24:13.469 ib_pg_f        125924  nvme1n1 WS   1740046592 131072    0.245
10:24:13.469 ib_pg_f        125924  nvme1n1 WS   1740046848 131072    0.340
10:24:13.469 ib_pg_f        125924  nvme1n1 WS   1740047104 131072    0.410
10:24:13.469 ib_pg_f        125924  nvme1n1 WS   1740047360 131072    0.511
10:24:13.469 ib_pg_f        125924  nvme1n1 WS   1740047616 131072    0.565
10:24:13.469 ib_pg_f        125924  nvme1n1 WS   1740047872 131072    0.641
10:24:13.469 ib_pg_f        125924  nvme1n1 WS   1740048128 131072    0.701
10:24:13.469 ib_pg_f        125924  nvme1n1 WS   1740050432 131072    0.778
10:24:13.469 ib_pg_f        125924  nvme1n1 WS   1740050688 131072    0.853
10:24:13.469 ib_pg_f        125924  nvme1n1 WS   1740050944 98304     0.912
10:24:13.470 ib_pg_f        125924  nvme1n1 WS   1755101152 16384     0.053
10:24:13.470 ib_pg_f        125924  nvme1n1 WS   1757716032 16384     0.064
10:24:13.470 ib_pg_f        125924  nvme1n1 WS   1757716192 16384     0.069
10:24:13.470 ib_pg_f        125924  nvme1n1 WS   1740412384 16384     0.054
10:24:13.470 ib_pg_f        125924  nvme1n1 WS   1757760192 16384     0.068
10:24:13.470 ib_pg_f        125924  nvme1n1 WS   1740106208 16384     0.057
10:24:13.470 ib_pg_f        125924  nvme1n1 WS   1755203616 16384     0.056
10:24:13.470 ib_pg_f        125924  nvme1n1 WS   1757691744 16384     0.051
10:24:13.470 ib_pg_f        125924  nvme1n1 WS   1755214304 16384     0.051
10:24:13.470 ib_pg_f        125924  nvme1n1 WS   1755205856 16384     0.055
10:24:13.470 ib_pg_f        125924  nvme1n1 WS   813984     16384     0.050
10:24:13.470 ib_pg_f        125924  nvme1n1 WS   814016     16384     0.049
10:24:13.470 ib_pg_f        125924  nvme1n1 WS   814048     16384     0.044
10:24:13.470 ib_pg_f        125924  nvme1n1 WS   814080     16384     0.047
10:24:13.470 ib_pg_f        125924  nvme1n1 WS   1437024    16384     0.050
10:24:13.470 ib_pg_f        125924  nvme1n1 WS   1436000    16384     0.048
10:24:13.470 ib_pg_f        125924  nvme1n1 WS   1436160    16384     0.045
10:24:13.470 ib_pg_f        125924  nvme1n1 WS   1436768    16384     0.050
10:24:13.470 ib_pg_f        125924  nvme1n1 WS   1757690592 16384     0.045
10:24:13.470 ib_pg_f        125924  nvme1n1 WS   1757760512 16384     0.053
10:24:13.470 ib_pg_f        125924  nvme1n1 WS   1756547840 16384     0.053
10:24:13.470 ib_pg_f        125924  nvme1n1 WS   1520145408 16384     0.070
10:24:13.470 ib_pg_f        125924  nvme1n1 WS   1520145440 16384     0.060
10:24:13.470 ib_pg_f        125924  nvme1n1 WS   1436640    16384     0.048
10:24:13.470 ib_pg_f        125924  nvme1n1 WS   1520145216 16384     0.047
10:24:13.470 ib_pg_f        125924  nvme1n1 WS   1520144384 16384     0.046
10:24:13.470 ib_pg_f        125924  nvme1n1 WS   1520107936 16384     0.047
10:24:13.470 ib_pg_f        125924  nvme1n1 WS   1520145376 16384     0.049
10:24:13.470 ib_pg_f        125924  nvme1n1 WS   813696     16384     0.045
10:24:13.470 ib_pg_f        125924  nvme1n1 WS   813728     16384     0.046
10:24:13.470 ib_pg_f        125924  nvme1n1 WS   813760     16384     0.046
10:24:13.470 ib_pg_f        125924  nvme1n1 WS   813792     16384     0.046
10:24:13.470 ib_pg_f        125924  nvme1n1 WS   813824     16384     0.046
10:24:13.470 ib_pg_f        125924  nvme1n1 WS   813888     16384     0.048
10:24:13.470 ib_pg_f        125924  nvme1n1 WS   813920     16384     0.049
10:24:13.470 ib_pg_f        125924  nvme1n1 WS   813952     16384     0.055
10:24:13.470 ib_pg_f        125924  nvme1n1 WS   813152     16384     0.046
10:24:13.470 ib_pg_f        125924  nvme1n1 WS   813184     16384     0.049
10:24:13.470 ib_pg_f        125924  nvme1n1 WS   813216     16384     0.065
10:24:13.470 ib_pg_f        125924  nvme1n1 WS   1755214272 16384     0.070
10:24:13.470 ib_pg_f        125924  nvme1n1 WS   1740412352 16384     0.077
10:24:13.470 ib_pg_f        125924  nvme1n1 WS   1740106240 16384     0.083
10:24:13.470 ib_pg_f        125924  nvme1n1 WS   1755204928 16384     0.088
10:24:13.470 ib_pg_f        125924  nvme1n1 WS   1755214336 16384     0.091
10:24:13.470 ib_pg_f        125924  nvme1n1 WS   1740412416 16384     0.100
10:24:13.470 ib_pg_f        125924  nvme1n1 WS   1740106272 16384     0.096
10:24:13.470 ib_pg_f        125924  nvme1n1 WS   1755101248 16384     0.098
10:24:13.470 ib_pg_f        125924  nvme1n1 WS   1756836384 16384     0.101
10:24:13.470 ib_pg_f        125924  nvme1n1 WS   1757151392 16384     0.100
10:24:13.471 ib_pg_f        125924  nvme1n1 WS   1437184    16384     0.103
10:24:13.471 ib_pg_f        125924  nvme1n1 WS   1757681504 16384     0.105
10:24:13.471 ib_pg_f        125924  nvme1n1 WS   1757691392 16384     0.112
10:24:13.471 ib_pg_f        125924  nvme1n1 WS   37650336   16384     0.102
10:24:13.471 ib_pg_f        125924  nvme1n1 WS   1757759488 16384     0.103
10:24:13.471 ib_pg_f        125924  nvme1n1 WS   1437504    16384     0.106
10:24:13.471 ib_pg_f        125924  nvme1n1 WS   1757689856 16384     0.111
10:24:13.471 ib_pg_f        125924  nvme1n1 WS   1756836768 16384     0.111
10:24:13.471 ib_pg_f        125924  nvme1n1 WS   1757759712 16384     0.104
10:24:13.471 ib_pg_f        125924  nvme1n1 WS   1756547808 16384     0.103
10:24:13.471 ib_pg_f        125924  nvme1n1 WS   1757691296 16384     0.115
10:24:13.471 ib_pg_f        125924  nvme1n1 WS   818976     16384     0.111
10:24:13.471 ib_pg_f        125924  nvme1n1 WS   1437088    16384     0.112
10:24:13.471 ib_pg_f        125924  nvme1n1 WS   1757759680 16384     0.108
10:24:13.471 ib_pg_f        125924  nvme1n1 WS   1755101280 16384     0.112
10:24:13.471 ib_pg_f        125924  nvme1n1 WS   1740413056 16384     0.120
10:24:13.471 ib_pg_f        125924  nvme1n1 WS   1740404864 16384     0.122
10:24:13.471 ib_pg_f        125924  nvme1n1 WS   1740106304 16384     0.128
10:24:13.471 ib_pg_f        125924  nvme1n1 WS   1740404896 16384     0.134
10:24:13.471 ib_pg_f        125924  nvme1n1 WS   1757151456 16384     0.128
10:24:13.471 ib_pg_f        125924  nvme1n1 WS   1755101312 16384     0.132
10:24:13.471 ib_pg_f        125924  nvme1n1 WS   1740411072 16384     0.139
10:24:13.471 ib_pg_f        125924  nvme1n1 WS   1756663592 16384     0.115
10:24:13.471 ib_pg_f        125924  nvme1n1 WS   1756707072 16384     0.111
10:24:13.471 ib_pg_f        125924  nvme1n1 WS   1756663624 16384     0.114
10:24:13.471 ib_pg_f        125924  nvme1n1 WS   1756663656 16384     0.123
10:24:13.471 ib_pg_f        125924  nvme1n1 WS   1740404928 16384     0.123
10:24:13.471 ib_pg_f        125924  nvme1n1 WS   1756663688 16384     0.123
10:24:13.471 ib_pg_f        125924  nvme1n1 WS   1755101344 16384     0.123
10:24:13.471 ib_pg_f        125924  nvme1n1 WS   1740404960 16384     0.124
10:24:13.471 ib_pg_f        125924  nvme1n1 WS   1740106336 16384     0.128
10:24:13.471 ib_pg_f        125924  nvme1n1 WS   1740404992 16384     0.129
10:24:13.471 ib_pg_f        125924  nvme1n1 WS   1755203712 16384     0.132
10:24:13.471 ib_pg_f        125924  nvme1n1 WS   1755214528 16384     0.136
10:24:13.471 ib_pg_f        125924  nvme1n1 WS   1740411136 16384     0.138
10:24:13.471 ib_pg_f        125924  nvme1n1 WS   1740106432 16384     0.140
10:24:13.471 ib_pg_f        125924  nvme1n1 WS   1740405024 16384     0.144
10:24:13.489 ib_log_        125924  nvme1n1 WS   1756039816 4096      0.047
10:24:13.502 nvme           529546  Unknown N    -1         512       0.030
10:24:14.241 kworker        509414  nvme0n1 W    14951808   8192      0.549
10:24:14.504 nvme           529556  Unknown N    -1         512       0.120
10:24:15.468 ib_pg_f        125924  nvme1n1 WS   1740054528 16384     0.080
10:24:15.468 ib_pg_f        125924  nvme1n1 WS   1757151392 16384     0.049
10:24:15.507 nvme           529560  Unknown N    -1         512       0.092
10:24:15.711 ib_log_        125924  nvme1n1 WS   1756039816 4096      0.048
10:24:15.712 ib_log_        125924  nvme1n1 WS   1756037120 4096      0.034
10:24:16.468 ib_pg_f        125924  nvme1n1 WS   1740046336 16384     0.065
10:24:16.468 ib_pg_f        125924  nvme1n1 WS   1757760160 16384     0.048
10:24:16.509 nvme           529564  Unknown N    -1         512       0.074
10:24:16.712 ib_log_        125924  nvme1n1 WS   1756037120 4096      0.059
10:24:16.800 kworker        493089  nvme1n1 W    1756165264 4096      0.058
10:24:16.800 kworker        493089  nvme1n1 W    1579762112 40960     0.077
10:24:17.512 nvme           529584  Unknown N    -1         512       0.090
10:24:18.321 jbd2/nv        752     nvme1n1 WSM  878222896  45056     0.089
10:24:18.321 jbd2/nv        752     nvme1n1 WSM  878222984  4096      0.030
10:24:18.515 nvme           529594  Unknown N    -1         512       0.090
10:24:19.517 nvme           529604  Unknown N    -1         512       0.088
10:24:20.520 nvme           529608  Unknown N    -1         512       0.074
10:24:21.523 nvme           529618  Unknown N    -1         512       0.090
10:24:21.920 kworker        509414  nvme1n1 W    1579055496 61440     0.116
10:24:22.338 ib_log_        125924  nvme1n1 WS   1756039816 4096      0.050
10:24:22.338 ib_log_        125924  nvme1n1 WS   1756039816 4096      0.029
10:24:22.339 ib_log_        125924  nvme1n1 WS   1756039816 4096      0.028
10:24:22.339 ib_log_        125924  nvme1n1 WS   1756039824 8192      0.031
10:24:22.339 jbd2/nv        752     nvme1n1 WSM  878222992  28672     0.058
10:24:22.339 jbd2/nv        752     nvme1n1 WSM  878223048  4096      0.027
10:24:22.339 connect        125924  nvme1n1 WS   1731543672 4096      0.032
10:24:22.339 jbd2/nv        752     nvme1n1 WSM  878223056  8192      0.031
10:24:22.339 jbd2/nv        752     nvme1n1 WSM  878223072  4096      0.026
10:24:22.339 ib_log_        125924  nvme1n1 WS   1756039824 4096      0.028
10:24:22.339 ib_log_        125924  nvme1n1 WS   1756039824 4096      0.029
10:24:22.340 jbd2/nv        752     nvme1n1 WSM  878223080  36864     0.057
10:24:22.340 jbd2/nv        752     nvme1n1 WSM  878223152  4096      0.028
10:24:22.340 ib_log_        125924  nvme1n1 WS   1756039824 8192      0.030
10:24:22.340 ib_log_        125924  nvme1n1 WS   1756039832 4096      0.028
10:24:22.340 ib_log_        125924  nvme1n1 WS   1756039832 4096      0.027
10:24:22.392 ib_log_        125924  nvme1n1 WS   1756039832 4096      0.041
10:24:22.393 ib_log_        125924  nvme1n1 WS   1756039832 4096      0.035
10:24:22.470 ib_pg_f        125924  nvme1n1 WS   1740054528 131072    0.147
10:24:22.470 ib_pg_f        125924  nvme1n1 WS   1740054784 131072    0.215
10:24:22.470 ib_pg_f        125924  nvme1n1 WS   1740055040 131072    0.288
10:24:22.470 ib_pg_f        125924  nvme1n1 WS   1740055296 131072    0.366
10:24:22.470 ib_pg_f        125924  nvme1n1 WS   1740055552 131072    0.433
10:24:22.470 ib_pg_f        125924  nvme1n1 WS   1740055808 131072    0.509
10:24:22.470 ib_pg_f        125924  nvme1n1 WS   1740056064 131072    0.580
10:24:22.470 ib_pg_f        125924  nvme1n1 WS   1740056320 114688    0.642
10:24:22.470 ib_pg_f        125924  nvme1n1 WS   1755101440 16384     0.061
10:24:22.470 ib_pg_f        125924  nvme1n1 WS   1757716032 16384     0.059
10:24:22.470 ib_pg_f        125924  nvme1n1 WS   1757716192 16384     0.057
10:24:22.470 ib_pg_f        125924  nvme1n1 WS   1740412448 16384     0.055
10:24:22.470 ib_pg_f        125924  nvme1n1 WS   1757760192 16384     0.064
10:24:22.470 ib_pg_f        125924  nvme1n1 WS   1740106528 16384     0.069
10:24:22.470 ib_pg_f        125924  nvme1n1 WS   1755203776 16384     0.087
10:24:22.470 ib_pg_f        125924  nvme1n1 WS   1757691744 16384     0.074
10:24:22.470 ib_pg_f        125924  nvme1n1 WS   1755214624 16384     0.086
10:24:22.470 ib_pg_f        125924  nvme1n1 WS   1755203744 16384     0.088
10:24:22.470 ib_pg_f        125924  nvme1n1 WS   813984     16384     0.087
10:24:22.470 ib_pg_f        125924  nvme1n1 WS   814016     16384     0.087
10:24:22.470 ib_pg_f        125924  nvme1n1 WS   814048     16384     0.065
10:24:22.471 ib_pg_f        125924  nvme1n1 WS   814080     16384     0.073
10:24:22.471 ib_pg_f        125924  nvme1n1 WS   1437024    16384     0.061
10:24:22.471 ib_pg_f        125924  nvme1n1 WS   1436000    16384     0.064
10:24:22.471 ib_pg_f        125924  nvme1n1 WS   1436160    16384     0.064
10:24:22.471 ib_pg_f        125924  nvme1n1 WS   1436768    16384     0.068
10:24:22.471 ib_pg_f        125924  nvme1n1 WS   1757690592 16384     0.077
10:24:22.471 ib_pg_f        125924  nvme1n1 WS   1757760512 16384     0.073
10:24:22.471 ib_pg_f        125924  nvme1n1 WS   1756547840 16384     0.072
10:24:22.471 ib_pg_f        125924  nvme1n1 WS   1520145408 16384     0.072
10:24:22.471 ib_pg_f        125924  nvme1n1 WS   1520145440 16384     0.077
10:24:22.471 ib_pg_f        125924  nvme1n1 WS   1436640    16384     0.077
10:24:22.471 ib_pg_f        125924  nvme1n1 WS   1520145216 16384     0.081
10:24:22.471 ib_pg_f        125924  nvme1n1 WS   1520144384 16384     0.082
10:24:22.471 ib_pg_f        125924  nvme1n1 WS   1520107936 16384     0.086
10:24:22.471 ib_pg_f        125924  nvme1n1 WS   1520145376 16384     0.084
10:24:22.471 ib_pg_f        125924  nvme1n1 WS   813696     16384     0.083
10:24:22.471 ib_pg_f        125924  nvme1n1 WS   813728     16384     0.083
10:24:22.471 ib_pg_f        125924  nvme1n1 WS   813760     16384     0.084
10:24:22.471 ib_pg_f        125924  nvme1n1 WS   813792     16384     0.080
10:24:22.471 ib_pg_f        125924  nvme1n1 WS   813824     16384     0.086
10:24:22.471 ib_pg_f        125924  nvme1n1 WS   813888     16384     0.085
10:24:22.471 ib_pg_f        125924  nvme1n1 WS   813920     16384     0.085
10:24:22.471 ib_pg_f        125924  nvme1n1 WS   813952     16384     0.086
10:24:22.471 ib_pg_f        125924  nvme1n1 WS   813152     16384     0.090
10:24:22.471 ib_pg_f        125924  nvme1n1 WS   813184     16384     0.083
10:24:22.471 ib_pg_f        125924  nvme1n1 WS   813216     16384     0.085
10:24:22.471 ib_pg_f        125924  nvme1n1 WS   1755214560 16384     0.093
10:24:22.471 ib_pg_f        125924  nvme1n1 WS   1740412480 16384     0.100
10:24:22.471 ib_pg_f        125924  nvme1n1 WS   1740106560 16384     0.096
10:24:22.471 ib_pg_f        125924  nvme1n1 WS   1755203808 16384     0.101
10:24:22.471 ib_pg_f        125924  nvme1n1 WS   1755214656 16384     0.103
10:24:22.471 ib_pg_f        125924  nvme1n1 WS   1740412512 16384     0.109
10:24:22.471 ib_pg_f        125924  nvme1n1 WS   1740106592 16384     0.114
10:24:22.471 ib_pg_f        125924  nvme1n1 WS   1755101536 16384     0.119
10:24:22.471 ib_pg_f        125924  nvme1n1 WS   1756836384 16384     0.123
10:24:22.471 ib_pg_f        125924  nvme1n1 WS   1757151392 16384     0.126
10:24:22.471 ib_pg_f        125924  nvme1n1 WS   1437184    16384     0.116
10:24:22.471 ib_pg_f        125924  nvme1n1 WS   1757681504 16384     0.118
10:24:22.471 ib_pg_f        125924  nvme1n1 WS   1757691392 16384     0.136
10:24:22.471 ib_pg_f        125924  nvme1n1 WS   37650336   16384     0.126
10:24:22.471 ib_pg_f        125924  nvme1n1 WS   1757759488 16384     0.125
10:24:22.471 ib_pg_f        125924  nvme1n1 WS   1437504    16384     0.117
10:24:22.471 ib_pg_f        125924  nvme1n1 WS   1757689856 16384     0.117
10:24:22.471 ib_pg_f        125924  nvme1n1 WS   1756836768 16384     0.116
10:24:22.471 ib_pg_f        125924  nvme1n1 WS   1757759712 16384     0.118
10:24:22.471 ib_pg_f        125924  nvme1n1 WS   1756547808 16384     0.116
10:24:22.471 ib_pg_f        125924  nvme1n1 WS   1757691296 16384     0.118
10:24:22.471 ib_pg_f        125924  nvme1n1 WS   818976     16384     0.117
10:24:22.471 ib_pg_f        125924  nvme1n1 WS   1437088    16384     0.116
10:24:22.471 ib_pg_f        125924  nvme1n1 WS   1757759680 16384     0.120
10:24:22.502 ib_log_        125924  nvme1n1 WS   1756039832 4096      0.032
10:24:22.525 nvme           529634  Unknown N    -1         512       0.086
10:24:23.528 nvme           529644  Unknown N    -1         512       0.082
10:24:24.469 ib_pg_f        125924  nvme1n1 WS   1740046336 16384     0.080
10:24:24.469 ib_pg_f        125924  nvme1n1 WS   1757151392 16384     0.049
10:24:24.531 nvme           529654  Unknown N    -1         512       0.073
10:24:24.713 ib_log_        125924  nvme1n1 WS   1756039832 4096      0.055
10:24:24.714 ib_log_        125924  nvme1n1 WS   1756037120 4096      0.035
10:24:25.470 ib_pg_f        125924  nvme1n1 WS   1740054528 16384     0.057
10:24:25.470 ib_pg_f        125924  nvme1n1 WS   1757760160 16384     0.058
10:24:25.533 nvme           529658  Unknown N    -1         512       0.069
10:24:25.561 ssm-age        241847  nvme0n1 W    32617000   4096      0.534
10:24:25.714 ib_log_        125924  nvme1n1 WS   1756037120 4096      0.052
10:24:26.536 nvme           529724  Unknown N    -1         512       0.103
10:24:27.040 kworker        509414  nvme1n1 W    1729948840 4096      0.052
10:24:27.275 ib_log_        125924  nvme1n1 WS   1756039832 4096      0.042
10:24:27.275 ib_log_        125924  nvme1n1 WS   1756039832 4096      0.029
10:24:27.275 ib_log_        125924  nvme1n1 WS   1756039840 8192      0.034
10:24:27.275 jbd2/nv        752     nvme1n1 WSM  878223160  94208     0.119
10:24:27.275 jbd2/nv        752     nvme1n1 WSM  878223344  4096      0.028
10:24:27.275 connect        125924  nvme1n1 WS   1731543672 4096      0.033
10:24:27.275 jbd2/nv        752     nvme1n1 WSM  878223352  8192      0.031
10:24:27.275 jbd2/nv        752     nvme1n1 WSM  878223368  4096      0.027
10:24:27.276 ib_log_        125924  nvme1n1 WS   1756039840 4096      0.029
10:24:27.276 connect        125924  nvme1n1 RS   1756547232 16384     0.138
10:24:27.277 ib_log_        125924  nvme1n1 WS   1756039840 4096      0.031
10:24:27.277 connect        125924  nvme1n1 RS   1756547648 16384     0.108
10:24:27.278 ib_log_        125924  nvme1n1 WS   1756039840 8192      0.031
10:24:27.278 ib_log_        125924  nvme1n1 WS   1756039848 4096      0.027
10:24:27.278 jbd2/nv        752     nvme1n1 WSM  878223376  28672     0.053
10:24:27.278 jbd2/nv        752     nvme1n1 WSM  878223432  4096      0.028
10:24:27.279 connect        125924  nvme1n1 WS   1756663560 114688    0.130
10:24:27.279 jbd2/nv        752     nvme1n1 WSM  878223440  16384     0.041
10:24:27.279 jbd2/nv        752     nvme1n1 WSM  878223472  4096      0.028
10:24:27.279 connect        125924  nvme1n1 WS   1756707072 16384     0.041
10:24:27.279 jbd2/nv        752     nvme1n1 WSM  878223480  20480     0.042
10:24:27.279 jbd2/nv        752     nvme1n1 WSM  878223520  4096      0.030
10:24:27.279 ib_log_        125924  nvme1n1 WS   1756039848 4096      0.027
10:24:27.279 ib_log_        125924  nvme1n1 WS   1756039856 8192      0.029
10:24:27.279 jbd2/nv        752     nvme1n1 WSM  878223528  8192      0.030
10:24:27.279 jbd2/nv        752     nvme1n1 WSM  878223544  4096      0.027
10:24:27.279 ib_log_        125924  nvme1n1 WS   1756039856 4096      0.032
10:24:27.280 ib_log_        125924  nvme1n1 WS   1756039856 4096      0.028
10:24:27.280 ib_log_        125924  nvme1n1 WS   1756039856 8192      0.031
10:24:27.280 ib_log_        125924  nvme1n1 WS   1756039872 8192      0.042
10:24:27.281 jbd2/nv        752     nvme1n1 WSM  878223552  8192      0.034
10:24:27.281 jbd2/nv        752     nvme1n1 WSM  878223568  4096      0.030
10:24:27.281 connect        125924  nvme1n1 WS   1731543672 4096      0.032
10:24:27.281 jbd2/nv        752     nvme1n1 WSM  878223576  12288     0.036
10:24:27.281 jbd2/nv        752     nvme1n1 WSM  878223600  4096      0.028
10:24:27.281 ib_log_        125924  nvme1n1 WS   1756039872 4096      0.027
10:24:27.282 ib_log_        125924  nvme1n1 WS   1756039872 8192      0.032
10:24:27.282 connect        125924  nvme1n1 WS   1731543672 8192      0.046
10:24:27.282 jbd2/nv        752     nvme1n1 WSM  878223608  28672     0.050
10:24:27.282 jbd2/nv        752     nvme1n1 WSM  878223664  4096      0.027
10:24:27.283 ib_log_        125924  nvme1n1 WS   1756039880 4096      0.033
10:24:27.298 ib_log_        125924  nvme1n1 WS   1756039880 4096      0.043
10:24:27.299 ib_log_        125924  nvme1n1 WS   1756039880 4096      0.039
10:24:27.408 ib_log_        125924  nvme1n1 WS   1756039880 4096      0.047
10:24:27.470 ib_pg_f        125924  nvme1n1 WS   1740046336 131072    0.159
10:24:27.470 ib_pg_f        125924  nvme1n1 WS   1740046592 131072    0.221
10:24:27.471 ib_pg_f        125924  nvme1n1 WS   1740046848 131072    0.296
10:24:27.471 ib_pg_f        125924  nvme1n1 WS   1740047104 131072    0.368
10:24:27.471 ib_pg_f        125924  nvme1n1 WS   1740047360 131072    0.442
10:24:27.471 ib_pg_f        125924  nvme1n1 WS   1740047616 131072    0.512
10:24:27.471 ib_pg_f        125924  nvme1n1 WS   1740047872 131072    0.587
10:24:27.471 ib_pg_f        125924  nvme1n1 WS   1740048128 65536     0.622
10:24:27.471 ib_pg_f        125924  nvme1n1 WS   1755101568 16384     0.046
10:24:27.471 ib_pg_f        125924  nvme1n1 WS   1757716032 16384     0.056
10:24:27.471 ib_pg_f        125924  nvme1n1 WS   1757716192 16384     0.059
10:24:27.471 ib_pg_f        125924  nvme1n1 WS   1740412544 16384     0.074
10:24:27.471 ib_pg_f        125924  nvme1n1 WS   1740405152 16384     0.071
10:24:27.471 ib_pg_f        125924  nvme1n1 WS   813152     16384     0.086
10:24:27.471 ib_pg_f        125924  nvme1n1 WS   813184     16384     0.081
10:24:27.471 ib_pg_f        125924  nvme1n1 WS   813216     16384     0.067
10:24:27.471 ib_pg_f        125924  nvme1n1 WS   1740106624 16384     0.082
10:24:27.471 ib_pg_f        125924  nvme1n1 WS   1740405184 16384     0.069
10:24:27.471 ib_pg_f        125924  nvme1n1 WS   1520107936 16384     0.075
10:24:27.471 ib_pg_f        125924  nvme1n1 WS   1520145376 16384     0.080
10:24:27.471 ib_pg_f        125924  nvme1n1 WS   813696     16384     0.077
10:24:27.471 ib_pg_f        125924  nvme1n1 WS   813728     16384     0.057
10:24:27.471 ib_pg_f        125924  nvme1n1 WS   813760     16384     0.056
10:24:27.471 ib_pg_f        125924  nvme1n1 WS   813792     16384     0.042
10:24:27.471 ib_pg_f        125924  nvme1n1 WS   813824     16384     0.045
10:24:27.471 ib_pg_f        125924  nvme1n1 WS   813888     16384     0.046
10:24:27.471 ib_pg_f        125924  nvme1n1 WS   813920     16384     0.044
10:24:27.471 ib_pg_f        125924  nvme1n1 WS   813952     16384     0.047
10:24:27.471 ib_pg_f        125924  nvme1n1 WS   1756547840 16384     0.055
10:24:27.471 ib_pg_f        125924  nvme1n1 WS   1520145408 16384     0.056
10:24:27.471 ib_pg_f        125924  nvme1n1 WS   1520145440 16384     0.057
10:24:27.471 ib_pg_f        125924  nvme1n1 WS   1436640    16384     0.076
10:24:27.471 ib_pg_f        125924  nvme1n1 WS   1520145216 16384     0.070
10:24:27.471 ib_pg_f        125924  nvme1n1 WS   1520144384 16384     0.059
10:24:27.471 ib_pg_f        125924  nvme1n1 WS   1436768    16384     0.073
10:24:27.471 ib_pg_f        125924  nvme1n1 WS   1757690592 16384     0.077
10:24:27.471 ib_pg_f        125924  nvme1n1 WS   1757760512 16384     0.058
10:24:27.471 ib_pg_f        125924  nvme1n1 WS   1437024    16384     0.054
10:24:27.471 ib_pg_f        125924  nvme1n1 WS   1436000    16384     0.062
10:24:27.471 ib_pg_f        125924  nvme1n1 WS   1436160    16384     0.059
10:24:27.471 ib_pg_f        125924  nvme1n1 WS   1757151456 16384     0.064
10:24:27.471 ib_pg_f        125924  nvme1n1 WS   1755101600 16384     0.066
10:24:27.471 ib_pg_f        125924  nvme1n1 WS   1740412576 16384     0.073
10:24:27.471 ib_pg_f        125924  nvme1n1 WS   1756663592 16384     0.048
10:24:27.471 ib_pg_f        125924  nvme1n1 WS   1756707072 16384     0.062
10:24:27.471 ib_pg_f        125924  nvme1n1 WS   1756663624 16384     0.068
10:24:27.471 ib_pg_f        125924  nvme1n1 WS   1756663656 16384     0.071
10:24:27.472 ib_pg_f        125924  nvme1n1 WS   1740405216 16384     0.075
10:24:27.472 ib_pg_f        125924  nvme1n1 WS   1756663688 16384     0.080
10:24:27.472 ib_pg_f        125924  nvme1n1 WS   1755101632 16384     0.088
10:24:27.472 ib_pg_f        125924  nvme1n1 WS   814048     16384     0.078
10:24:27.472 ib_pg_f        125924  nvme1n1 WS   814080     16384     0.088
10:24:27.472 ib_pg_f        125924  nvme1n1 WS   813984     16384     0.089
10:24:27.472 ib_pg_f        125924  nvme1n1 WS   814016     16384     0.095
10:24:27.472 ib_pg_f        125924  nvme1n1 WS   1740405248 16384     0.096
10:24:27.472 ib_pg_f        125924  nvme1n1 WS   1757760192 16384     0.097
10:24:27.472 ib_pg_f        125924  nvme1n1 WS   1757691744 16384     0.102
10:24:27.472 ib_pg_f        125924  nvme1n1 WS   1756547808 16384     0.093
10:24:27.472 ib_pg_f        125924  nvme1n1 WS   1757691296 16384     0.097
10:24:27.472 ib_pg_f        125924  nvme1n1 WS   1740106656 16384     0.097
10:24:27.472 ib_pg_f        125924  nvme1n1 WS   1740405280 16384     0.096
10:24:27.472 ib_pg_f        125924  nvme1n1 WS   1755203872 16384     0.098
10:24:27.472 ib_pg_f        125924  nvme1n1 WS   1755214848 16384     0.100
10:24:27.472 ib_pg_f        125924  nvme1n1 WS   1740411328 16384     0.105
10:24:27.472 ib_pg_f        125924  nvme1n1 WS   1740106752 16384     0.107
10:24:27.472 ib_pg_f        125924  nvme1n1 WS   1740405312 16384     0.112
10:24:27.472 ib_pg_f        125924  nvme1n1 WS   1756836384 16384     0.111
10:24:27.472 ib_pg_f        125924  nvme1n1 WS   1757151392 16384     0.113
10:24:27.539 nvme           529742  Unknown N    -1         512       0.088
10:24:28.541 nvme           529758  Unknown N    -1         512       0.131
10:24:28.715 ib_log_        125924  nvme1n1 WS   1756039880 4096      0.053
10:24:28.715 ib_log_        125924  nvme1n1 WS   1756039888 8192      0.039
10:24:28.715 jbd2/nv        752     nvme1n1 WSM  878223672  32768     0.060
10:24:28.715 jbd2/nv        752     nvme1n1 WSM  878223736  4096      0.030
10:24:28.715 ib_log_        125924  nvme1n1 WS   1756037120 4096      0.051
10:24:29.167 ssm-doc        529659  nvme0n1 W    19613168   4096      0.751
10:24:29.168 ssm-doc        529659  nvme0n1 W    19613176   4096      0.392
10:24:29.168 ssm-doc        529659  nvme0n1 W    19613184   4096      0.602
10:24:29.169 ssm-doc        529659  nvme0n1 W    19613192   4096      0.663
10:24:29.170 ssm-doc        529659  nvme0n1 W    19613200   4096      0.430
10:24:29.175 ssm-age        241847  nvme0n1 W    34767072   4096      0.634
10:24:29.470 ib_pg_f        125924  nvme1n1 WS   1740054528 16384     0.075
10:24:29.470 ib_pg_f        125924  nvme1n1 WS   1757760160 16384     0.052
10:24:29.544 nvme           529762  Unknown N    -1         512       0.075
10:24:29.716 ib_log_        125924  nvme1n1 WS   1756037120 4096      0.051
10:24:30.547 nvme           529766  Unknown N    -1         512       0.075
10:24:31.550 nvme           529776  Unknown N    -1         512       0.084
10:24:32.509 amoprof        389677  nvme1n1 W    570808216  4096      0.052
10:24:32.552 nvme           529792  Unknown N    -1         512       0.091
10:24:33.554 nvme           529808  Unknown N    -1         512       0.074
10:24:34.557 nvme           529812  Unknown N    -1         512       0.073
10:24:34.720 jbd2/nv        752     nvme1n1 WSM  878223744  40960     0.077
10:24:34.720 jbd2/nv        752     nvme1n1 WSM  878223824  4096      0.030
10:24:35.559 nvme           529819  Unknown N    -1         512       0.027
10:24:36.304 ib_log_        125924  nvme1n1 WS   1756039888 4096      0.052
10:24:36.304 ib_log_        125924  nvme1n1 WS   1756039888 4096      0.029
10:24:36.304 ib_log_        125924  nvme1n1 WS   1756039888 8192      0.031
10:24:36.305 connect        125924  nvme1n1 WS   1731543680 4096      0.041
10:24:36.305 jbd2/nv        752     nvme1n1 WSM  878223832  24576     0.048
10:24:36.305 jbd2/nv        752     nvme1n1 WSM  878223880  4096      0.028
10:24:36.305 ib_log_        125924  nvme1n1 WS   1756039896 4096      0.027
10:24:36.305 ib_log_        125924  nvme1n1 WS   1756039896 4096      0.026
10:24:36.305 jbd2/nv        752     nvme1n1 WSM  878223888  32768     0.053
10:24:36.305 jbd2/nv        752     nvme1n1 WSM  878223952  4096      0.027
10:24:36.305 ib_log_        125924  nvme1n1 WS   1756039896 4096      0.027
10:24:36.305 ib_log_        125924  nvme1n1 WS   1756039896 4096      0.026
10:24:36.305 ib_log_        125924  nvme1n1 WS   1756039896 4096      0.026
10:24:36.311 ib_log_        125924  nvme1n1 WS   1756039896 4096      0.038
10:24:36.312 ib_log_        125924  nvme1n1 WS   1756039896 4096      0.028
10:24:36.313 ib_log_        125924  nvme1n1 WS   1756039904 8192      0.034
10:24:36.313 jbd2/nv        752     nvme1n1 WSM  878223960  57344     0.077
10:24:36.313 jbd2/nv        752     nvme1n1 WSM  878224072  4096      0.029
10:24:36.422 ib_log_        125924  nvme1n1 WS   1756039904 4096      0.055
10:24:36.472 ib_pg_f        125924  nvme1n1 WS   1740046336 131072    0.179
10:24:36.472 ib_pg_f        125924  nvme1n1 WS   1740046592 131072    0.246
10:24:36.472 ib_pg_f        125924  nvme1n1 WS   1740046848 131072    0.324
10:24:36.472 ib_pg_f        125924  nvme1n1 WS   1740047104 131072    0.398
10:24:36.472 ib_pg_f        125924  nvme1n1 WS   1740047360 131072    0.473
10:24:36.472 ib_pg_f        125924  nvme1n1 WS   1740047616 131072    0.547
10:24:36.472 ib_pg_f        125924  nvme1n1 WS   1740047872 131072    0.632
10:24:36.472 ib_pg_f        125924  nvme1n1 WS   1740048128 114688    0.700
10:24:36.472 ib_pg_f        125924  nvme1n1 WS   1755101728 16384     0.050
10:24:36.472 ib_pg_f        125924  nvme1n1 WS   1757716032 16384     0.041
10:24:36.472 ib_pg_f        125924  nvme1n1 WS   1757716192 16384     0.059
10:24:36.472 ib_pg_f        125924  nvme1n1 WS   1740411360 16384     0.049
10:24:36.472 ib_pg_f        125924  nvme1n1 WS   1757760192 16384     0.045
10:24:36.473 ib_pg_f        125924  nvme1n1 WS   1740106816 16384     0.056
10:24:36.473 ib_pg_f        125924  nvme1n1 WS   1755203936 16384     0.060
10:24:36.473 ib_pg_f        125924  nvme1n1 WS   1757691744 16384     0.069
10:24:36.473 ib_pg_f        125924  nvme1n1 WS   1755214912 16384     0.072
10:24:36.473 ib_pg_f        125924  nvme1n1 WS   1755203904 16384     0.082
10:24:36.473 ib_pg_f        125924  nvme1n1 WS   813984     16384     0.076
10:24:36.473 ib_pg_f        125924  nvme1n1 WS   814016     16384     0.079
10:24:36.473 ib_pg_f        125924  nvme1n1 WS   814048     16384     0.076
10:24:36.473 ib_pg_f        125924  nvme1n1 WS   814080     16384     0.082
10:24:36.473 ib_pg_f        125924  nvme1n1 WS   1437024    16384     0.080
10:24:36.473 ib_pg_f        125924  nvme1n1 WS   1436000    16384     0.084
10:24:36.473 ib_pg_f        125924  nvme1n1 WS   1436160    16384     0.082
10:24:36.473 ib_pg_f        125924  nvme1n1 WS   1436768    16384     0.086
10:24:36.473 ib_pg_f        125924  nvme1n1 WS   1757690592 16384     0.086
10:24:36.473 ib_pg_f        125924  nvme1n1 WS   1757760512 16384     0.089
10:24:36.473 ib_pg_f        125924  nvme1n1 WS   1756547840 16384     0.093
10:24:36.473 ib_pg_f        125924  nvme1n1 WS   1520145408 16384     0.092
10:24:36.473 ib_pg_f        125924  nvme1n1 WS   1520145440 16384     0.086
10:24:36.473 ib_pg_f        125924  nvme1n1 WS   1436640    16384     0.081
10:24:36.473 ib_pg_f        125924  nvme1n1 WS   1520145216 16384     0.085
10:24:36.473 ib_pg_f        125924  nvme1n1 WS   1520144384 16384     0.087
10:24:36.473 ib_pg_f        125924  nvme1n1 WS   1520107936 16384     0.091
10:24:36.473 ib_pg_f        125924  nvme1n1 WS   1520145376 16384     0.091
10:24:36.473 ib_pg_f        125924  nvme1n1 WS   813696     16384     0.092
10:24:36.473 ib_pg_f        125924  nvme1n1 WS   813728     16384     0.094
10:24:36.473 ib_pg_f        125924  nvme1n1 WS   813760     16384     0.099
10:24:36.473 ib_pg_f        125924  nvme1n1 WS   813792     16384     0.091
10:24:36.473 ib_pg_f        125924  nvme1n1 WS   813824     16384     0.093
10:24:36.473 ib_pg_f        125924  nvme1n1 WS   813888     16384     0.097
10:24:36.473 ib_pg_f        125924  nvme1n1 WS   813920     16384     0.098
10:24:36.473 ib_pg_f        125924  nvme1n1 WS   813952     16384     0.105
10:24:36.473 ib_pg_f        125924  nvme1n1 WS   813152     16384     0.101
10:24:36.473 ib_pg_f        125924  nvme1n1 WS   813184     16384     0.095
10:24:36.473 ib_pg_f        125924  nvme1n1 WS   813216     16384     0.099
10:24:36.473 ib_pg_f        125924  nvme1n1 WS   1755214880 16384     0.105
10:24:36.473 ib_pg_f        125924  nvme1n1 WS   1740413120 16384     0.114
10:24:36.473 ib_pg_f        125924  nvme1n1 WS   1740106848 16384     0.109
10:24:36.473 ib_pg_f        125924  nvme1n1 WS   1755203968 16384     0.110
10:24:36.473 ib_pg_f        125924  nvme1n1 WS   1755214944 16384     0.118
10:24:36.473 ib_pg_f        125924  nvme1n1 WS   1740413152 16384     0.119
10:24:36.473 ib_pg_f        125924  nvme1n1 WS   1740106880 16384     0.122
10:24:36.473 ib_pg_f        125924  nvme1n1 WS   1755101824 16384     0.122
10:24:36.473 ib_pg_f        125924  nvme1n1 WS   1756836384 16384     0.116
10:24:36.473 ib_pg_f        125924  nvme1n1 WS   1757151392 16384     0.120
10:24:36.473 ib_pg_f        125924  nvme1n1 WS   1437184    16384     0.121
10:24:36.473 ib_pg_f        125924  nvme1n1 WS   1757681504 16384     0.120
10:24:36.473 ib_pg_f        125924  nvme1n1 WS   1757691392 16384     0.123
10:24:36.473 ib_pg_f        125924  nvme1n1 WS   37650336   16384     0.125
10:24:36.473 ib_pg_f        125924  nvme1n1 WS   1757759488 16384     0.127
10:24:36.473 ib_pg_f        125924  nvme1n1 WS   1437504    16384     0.106
10:24:36.473 ib_pg_f        125924  nvme1n1 WS   1757689856 16384     0.104
10:24:36.473 ib_pg_f        125924  nvme1n1 WS   1756836768 16384     0.099
10:24:36.473 ib_pg_f        125924  nvme1n1 WS   1757759712 16384     0.102
10:24:36.473 ib_pg_f        125924  nvme1n1 WS   1756547808 16384     0.101
10:24:36.473 ib_pg_f        125924  nvme1n1 WS   1757691296 16384     0.098
10:24:36.473 ib_pg_f        125924  nvme1n1 WS   818976     16384     0.095
10:24:36.473 ib_pg_f        125924  nvme1n1 WS   1437088    16384     0.093
10:24:36.473 ib_pg_f        125924  nvme1n1 WS   1757759680 16384     0.098
10:24:36.561 nvme           529826  Unknown N    -1         512       0.075
10:24:36.717 ib_log_        125924  nvme1n1 WS   1756039904 4096      0.056
10:24:36.717 ib_log_        125924  nvme1n1 WS   1756037120 4096      0.044
10:24:37.280 kworker        387953  nvme1n1 W    1731546720 12288     0.059
10:24:37.565 nvme           529840  Unknown N    -1         512       0.076
10:24:38.023 jbd2/nv        391     nvme0n1 WSM  4207584    143360    1.367
10:24:38.024 jbd2/nv        391     nvme0n1 WSM  4207864    4096      0.440
10:24:38.305 kworker        509414  nvme0n1 W    12506840   4096      0.643
10:24:38.307 kworker        387953  nvme0n1 W    8133112    262144    2.635
10:24:38.307 kworker        387953  nvme0n1 W    8131576    262144    2.675
10:24:38.307 kworker        387953  nvme0n1 W    8133880    131072    2.782
10:24:38.307 kworker        387953  nvme0n1 W    8141304    131072    2.828
10:24:38.308 kworker        387953  nvme0n1 W    8140792    131072    3.711
10:24:38.308 kworker        387953  nvme0n1 W    8136696    131072    3.751
10:24:38.308 kworker        387953  nvme0n1 W    8135672    262144    4.129
10:24:38.308 kworker        387953  nvme0n1 W    8142360    16384     1.239
10:24:38.308 kworker        387953  nvme0n1 W    8143096    131072    1.334
10:24:38.309 kworker        387953  nvme0n1 W    8143992    196608    1.661
10:24:38.309 kworker        387953  nvme0n1 W    36015792   4096      0.761
10:24:38.309 kworker        387953  nvme0n1 W    36015640   4096      0.790
10:24:38.309 kworker        387953  nvme0n1 W    36015360   131072    1.061
10:24:38.309 kworker        387953  nvme0n1 W    36015944   4096      0.730
10:24:38.309 kworker        387953  nvme0n1 W    36017216   16384     0.732
10:24:38.310 kworker        387953  nvme0n1 W    36014848   262144    2.440
10:24:38.310 kworker        387953  nvme0n1 W    36019200   4096      0.735
10:24:38.310 kworker        387953  nvme0n1 W    36017664   131072    1.130
10:24:38.310 kworker        387953  nvme0n1 W    36020992   131072    1.037
10:24:38.310 kworker        387953  nvme0n1 W    36021504   131072    1.243
10:24:38.310 kworker        387953  nvme0n1 W    36023264   8192      1.055
10:24:38.310 kworker        387953  nvme0n1 W    36023064   4096      1.062
10:24:38.311 kworker        387953  nvme0n1 W    36022528   262144    1.778
10:24:38.311 kworker        387953  nvme0n1 W    7337984    4096      1.367
10:24:38.472 ib_pg_f        125924  nvme1n1 WS   1740054528 16384     0.065
10:24:38.472 ib_pg_f        125924  nvme1n1 WS   1757760160 16384     0.049
10:24:38.567 nvme           529856  Unknown N    -1         512       0.092
10:24:38.718 ib_log_        125924  nvme1n1 WS   1756037120 4096      0.060
10:24:39.569 nvme           529860  Unknown N    -1         512       0.078
10:24:40.572 nvme           529870  Unknown N    -1         512       0.028
10:24:41.056 pool-ud        1127    Unknown N    -1         4096      0.129
10:24:41.056 pool-ud        1127    Unknown N    -1         512       0.014
10:24:41.057 pool-ud        1127    Unknown N    -1         4096      0.089
10:24:41.057 pool-ud        1127    Unknown N    -1         512       0.014
10:24:41.377 kworker        387953  nvme0n1 W    4466264    45056     0.639
10:24:41.574 nvme           529875  Unknown N    -1         512       0.071
10:24:41.888 kworker        387953  nvme1n1 W    1737039784 4096      0.056
10:24:41.888 kworker        387953  nvme1n1 W    1757161624 4096      0.063
10:24:41.888 jbd2/nv        752     nvme1n1 WSM  878224080  40960     0.085
10:24:41.888 jbd2/nv        752     nvme1n1 WSM  878224160  4096      0.028
10:24:42.401 kworker        509414  nvme1n1 W    730274776  4096      0.092
10:24:42.401 kworker        509414  nvme1n1 W    1579055616 24576     0.113
10:24:42.401 kworker        509414  nvme1n1 W    1735078536 73728     0.147
10:24:42.401 kworker        509414  nvme1n1 W    1579055664 86016     0.200
10:24:42.401 kworker        509414  nvme1n1 W    1579055832 122880    0.271
10:24:42.401 kworker        509414  nvme1n1 W    1579056072 12288     0.270
10:24:42.401 kworker        509414  nvme1n1 W    1735078680 81920     0.315
10:24:42.401 kworker        509414  nvme1n1 W    1579056096 81920     0.366
10:24:42.519 amoprof        389677  nvme1n1 W    1755362048 4096      0.044
10:24:42.519 amoprof        389677  nvme1n1 W    1755361792 131072    0.142
