TIMESTAMP    COMM           PID     DISK    T    SECTOR     BYTES   LAT(ms)
00:58:19.181 nvme           1504405 Unknown N    -1         512       0.039
00:58:20.184 nvme           1504465 Unknown N    -1         512       0.029
00:58:20.186 jbd2/nv        752     nvme1n1 WSM  877539624  131072    0.161
00:58:20.186 jbd2/nv        752     nvme1n1 WSM  877539880  20480     0.167
00:58:20.186 jbd2/nv        752     nvme1n1 WSM  877539920  4096      0.030
00:58:21.186 nvme           1504475 Unknown N    -1         512       0.077
00:58:22.188 nvme           1504479 Unknown N    -1         512       0.032
00:58:23.191 nvme           1504489 Unknown N    -1         512       0.034
00:58:24.193 nvme           1504503 Unknown N    -1         512       0.076
00:58:25.057 kworker        1491569 nvme1n1 W    1532246592 8192      0.108
00:58:25.057 kworker        1491569 nvme1n1 W    587564616  94208     0.154
00:58:25.057 kworker        1491569 nvme1n1 W    1176594048 131072    0.236
00:58:25.057 kworker        1491569 nvme1n1 W    1176594304 61440     0.273
00:58:25.057 kworker        1491569 nvme1n1 W    587564800  32768     0.296
00:58:25.057 kworker        1491569 nvme1n1 W    1176629760 131072    0.382
00:58:25.057 kworker        1491569 nvme1n1 W    1176630016 90112     0.434
00:58:25.057 kworker        1491569 nvme1n1 W    844889392  77824     0.481
00:58:25.057 kworker        1491569 nvme1n1 WM   0          4096      0.208
00:58:25.057 kworker        1491569 nvme1n1 WM   712        8192      0.211
00:58:25.057 kworker        1491569 nvme1n1 WM   752        4096      0.217
00:58:25.057 kworker        1491569 nvme1n1 WM   784        4096      0.217
00:58:25.057 kworker        1491569 nvme1n1 WM   800        4096      0.223
00:58:25.057 kworker        1491569 nvme1n1 WM   461373728  4096      0.224
00:58:25.057 kworker        1491569 nvme1n1 WM   587202576  4096      0.226
00:58:25.057 kworker        1491569 nvme1n1 WM   587202720  4096      0.228
00:58:25.057 kworker        1491569 nvme1n1 W    587564864  45056     0.258
00:58:25.057 kworker        1491569 nvme1n1 WM   587220048  36864     0.272
00:58:25.057 kworker        1491569 nvme1n1 WM   587220128  12288     0.287
00:58:25.057 kworker        1491569 nvme1n1 WM   587220168  4096      0.074
00:58:25.057 kworker        1491569 nvme1n1 WM   587468928  8192      0.074
00:58:25.057 kworker        1491569 nvme1n1 WM   587507032  4096      0.080
00:58:25.057 kworker        1491569 nvme1n1 WM   591396992  4096      0.081
00:58:25.057 kworker        1491569 nvme1n1 WM   843055184  4096      0.080
00:58:25.057 kworker        1491569 nvme1n1 WM   1484783720 8192      0.084
00:58:25.057 kworker        1491569 nvme1n1 WM   1497366536 4096      0.092
00:58:25.057 kworker        1491569 nvme1n1 WM   1497681296 4096      0.093
00:58:25.057 kworker        1491569 nvme1n1 WM   1572864024 4096      0.096
00:58:25.057 kworker        1491569 nvme1n1 WM   1635778672 4096      0.098
00:58:25.057 kworker        1491569 nvme1n1 WM   1639972880 4096      0.103
00:58:25.057 kworker        1491569 nvme1n1 WM   1665138744 4096      0.104
00:58:25.057 kworker        1491569 nvme1n1 WM   1756866808 4096      0.104
00:58:25.057 kworker        1491569 nvme1n1 WM   587220208  40960     0.138
00:58:25.057 kworker        1491569 nvme1n1 WM   591397120  16384     0.149
00:58:25.057 kworker        1491569 nvme1n1 WM   1497681320 28672     0.163
00:58:25.057 kworker        1491569 nvme1n1 WM   1756866952 4096      0.048
00:58:25.057 kworker        1491569 nvme1n1 WM   1756867016 4096      0.049
00:58:25.195 nvme           1504512 Unknown N    -1         512       0.026
00:58:26.198 nvme           1504522 Unknown N    -1         512       0.078
00:58:26.434 jbd2/nv        752     nvme1n1 WSM  877539928  73728     0.111
00:58:26.434 jbd2/nv        752     nvme1n1 WSM  877540072  4096      0.031
00:58:27.200 nvme           1504526 Unknown N    -1         512       0.031
00:58:28.202 nvme           1504530 Unknown N    -1         512       0.076
00:58:29.189 amoprof        1271097 nvme1n1 W    587530064  4096      0.059
