TIMESTAMP    COMM           PID     DISK    T    SECTOR     BYTES   LAT(ms)
02:14:35.989 nvme           1611666 Unknown N    -1         512       0.093
02:14:36.992 nvme           1611724 Unknown N    -1         512       0.034
02:14:37.994 nvme           1611728 Unknown N    -1         512       0.094
02:14:38.996 nvme           1611738 Unknown N    -1         512       0.033
02:14:39.998 nvme           1611742 Unknown N    -1         512       0.091
02:14:40.114 jbd2/nv        752     nvme1n1 WSM  877686424  98304     0.134
02:14:40.114 jbd2/nv        752     nvme1n1 WSM  877686616  4096      0.032
02:14:41.001 nvme           1611746 Unknown N    -1         512       0.030
02:14:41.116 pool-ud        1127    Unknown N    -1         4096      0.047
02:14:41.116 pool-ud        1127    Unknown N    -1         512       0.013
02:14:41.116 pool-ud        1127    Unknown N    -1         4096      0.028
02:14:41.116 pool-ud        1127    Unknown N    -1         512       0.012
02:14:41.313 kworker        1600330 nvme0n1 W    37217640   4096      0.605
02:14:41.313 kworker        1609045 nvme0n1 W    37332600   4096      0.598
02:14:41.313 kworker        1592471 nvme0n1 W    8133368    131072    0.840
02:14:41.313 kworker        1592471 nvme0n1 W    8143096    131072    1.145
02:14:41.313 kworker        1592471 nvme0n1 W    8135672    131072    1.441
02:14:41.314 kworker        1592471 nvme0n1 W    36023808   262144    1.824
02:14:41.314 kworker        1592471 nvme0n1 W    36029952   131072    1.919
02:14:41.314 kworker        1592471 nvme0n1 W    36166400   131072    2.107
02:14:41.314 kworker        1592471 nvme0n1 W    36167072   16384     1.561
02:14:41.314 kworker        1592471 nvme0n1 W    36167520   16384     1.597
02:14:41.314 kworker        1592471 nvme0n1 W    36167976   4096      1.009
02:14:41.314 kworker        1592471 nvme0n1 W    36168384   32768     1.016
02:14:41.315 kworker        1592471 nvme0n1 W    36174336   65536     0.599
02:14:41.315 kworker        1592471 nvme0n1 W    36177280   65536     0.728
02:14:41.315 kworker        1592471 nvme0n1 W    36315792   40960     0.696
02:14:41.315 kworker        1592471 nvme0n1 W    36316928   131072    0.872
02:14:41.315 kworker        1592471 nvme0n1 W    36323072   16384     0.841
02:14:41.315 kworker        1592471 nvme0n1 W    36322384   4096      0.849
02:14:41.315 kworker        1592471 nvme0n1 W    36321792   131072    1.201
02:14:41.315 kworker        1592471 nvme0n1 W    36324224   65536     1.168
02:14:41.316 kworker        1592471 nvme0n1 W    7337984    4096      0.836
02:14:42.003 nvme           1611757 Unknown N    -1         512       0.033
02:14:42.336 kworker        1609045 nvme1n1 W    591826944  8192      0.092
02:14:42.337 kworker        1609045 nvme1n1 W    591732504  94208     0.154
02:14:42.337 kworker        1609045 nvme1n1 W    1499319160 131072    0.233
02:14:42.337 kworker        1609045 nvme1n1 W    1499319416 61440     0.272
02:14:42.337 kworker        1609045 nvme1n1 W    591732688  24576     0.287
02:14:42.337 kworker        1609045 nvme1n1 W    1499319536 131072    0.366
02:14:42.337 kworker        1609045 nvme1n1 W    1499319792 90112     0.425
02:14:42.337 kworker        1609045 nvme1n1 W    1486396176 77824     0.468
02:14:42.337 kworker        1609045 nvme1n1 W    591826960  45056     0.265
02:14:42.633 dockerd        1436    nvme1n1 WS   1323288    4096      0.051
02:14:42.633 dockerd        1436    nvme1n1 WS   1323264    4096      0.028
02:14:42.848 kworker        1609045 nvme1n1 W    1625053168 8192      0.053
02:14:43.005 nvme           1611761 Unknown N    -1         512       0.096
02:14:43.872 kworker        1609045 nvme1n1 W    1719340976 4096      0.058
02:14:43.872 kworker        1609045 nvme1n1 W    1719353248 4096      0.062
02:14:44.007 nvme           1611765 Unknown N    -1         512       0.030
02:14:45.009 nvme           1611775 Unknown N    -1         512       0.034
02:14:45.997 amoprof        1271097 nvme1n1 W    591865640  4096      0.055
