TIMESTAMP    COMM           PID     DISK    T    SECTOR     BYTES   LAT(ms)
03:35:52.939 nvme           1690014 Unknown N    -1         512       0.036
03:35:53.504 kworker        1672356 nvme1n1 W    1625054040 8192      0.057
03:35:53.942 nvme           1690066 Unknown N    -1         512       0.087
03:35:54.944 nvme           1690067 Unknown N    -1         512       0.029
03:35:55.947 nvme           1690068 Unknown N    -1         512       0.111
03:35:56.576 kworker        1672356 nvme1n1 W    595963088  45056     0.090
03:35:56.949 nvme           1690069 Unknown N    -1         512       0.076
03:35:57.066 jbd2/nv        752     nvme1n1 WSM  877836688  122880    0.150
03:35:57.066 jbd2/nv        752     nvme1n1 WSM  877836928  4096      0.031
03:35:57.951 nvme           1690070 Unknown N    -1         512       0.098
03:35:58.954 nvme           1690071 Unknown N    -1         512       0.073
03:35:59.956 nvme           1690072 Unknown N    -1         512       0.031
03:36:00.958 nvme           1690073 Unknown N    -1         512       0.084
03:36:01.697 kworker        1661618 nvme1n1 W    595963176  53248     0.132
03:36:01.698 kworker        1661618 nvme1n1 W    1533106256 131072    0.204
03:36:01.698 kworker        1661618 nvme1n1 W    1533106512 61440     0.240
03:36:01.698 kworker        1661618 nvme1n1 W    595963280  32768     0.258
03:36:01.698 kworker        1661618 nvme1n1 W    1533106632 131072    0.336
03:36:01.698 kworker        1661618 nvme1n1 W    1533106888 90112     0.391
03:36:01.698 kworker        1661618 nvme1n1 W    1526110920 77824     0.437
03:36:01.698 kworker        1661618 nvme1n1 W    595963344  45056     0.462
03:36:01.961 nvme           1690074 Unknown N    -1         512       0.032
03:36:02.947 amoprof        1271097 nvme1n1 W    596063848  4096      0.054
