TIMESTAMP    COMM           PID     DISK    T    SECTOR     BYTES   LAT(ms)
23:21:26.391 nvme           2693786 Unknown N    -1         512       0.033
23:21:26.533 chronyd        1220    nvme0n1 W    12550648   4096      0.428
23:21:27.395 nvme           2693854 Unknown N    -1         512       0.033
23:21:28.047 jbd2/nv        752     nvme1n1 WSM  878052864  131072    0.167
23:21:28.047 jbd2/nv        752     nvme1n1 WSM  878053120  49152     0.172
23:21:28.047 jbd2/nv        752     nvme1n1 WSM  878053216  4096      0.031
23:21:28.399 nvme           2693866 Unknown N    -1         512       0.031
23:21:29.404 nvme           2693870 Unknown N    -1         512       0.032
23:21:30.408 nvme           2693874 Unknown N    -1         512       0.031
23:21:30.786 kworker        2690744 nvme1n1 W    848377128  122880    0.188
23:21:30.786 kworker        2690744 nvme1n1 W    848377368  86016     0.231
23:21:30.786 kworker        2690744 nvme1n1 W    848377536  118784    0.299
23:21:30.786 kworker        2690744 nvme1n1 W    848377768  61440     0.336
23:21:30.786 kworker        2690744 nvme1n1 W    1369572392 86016     0.385
23:21:30.786 kworker        2690744 nvme1n1 W    848377888  94208     0.439
23:21:30.786 kworker        2690744 nvme1n1 W    848378072  131072    0.515
23:21:30.786 kworker        2690744 nvme1n1 W    848378328  20480     0.525
23:21:30.787 kworker        2690744 nvme1n1 W    243675056  40960     0.101
23:21:30.787 kworker        2690744 nvme1n1 W    634499584  114688    0.159
23:21:30.787 kworker        2690744 nvme1n1 W    1356388000 131072    0.237
23:21:30.787 kworker        2690744 nvme1n1 W    1356388256 49152     0.267
23:21:30.787 kworker        2690744 nvme1n1 W    634499808  32768     0.285
23:21:30.787 kworker        2690744 nvme1n1 W    1356594784 131072    0.362
23:21:30.787 kworker        2690744 nvme1n1 W    1356595040 81920     0.416
23:21:30.787 kworker        2690744 nvme1n1 W    1369185968 69632     0.457
23:21:30.787 kworker        2690744 nvme1n1 W    634499872  40960     0.155
23:21:31.414 nvme           2693881 Unknown N    -1         512       0.033
23:21:32.417 nvme           2693898 Unknown N    -1         512       0.045
23:21:33.208 jbd2/nv        752     nvme1n1 WSM  878053224  110592    0.141
23:21:33.208 jbd2/nv        752     nvme1n1 WSM  878053440  4096      0.031
23:21:33.422 nvme           2693907 Unknown N    -1         512       0.035
23:21:34.427 nvme           2693911 Unknown N    -1         512       0.028
23:21:35.431 nvme           2693919 Unknown N    -1         512       0.033
23:21:35.904 kworker        2690744 nvme1n1 W    634499952  4096      0.094
23:21:35.905 kworker        2690744 nvme1n1 W    1518574912 131072    0.183
23:21:35.905 kworker        2690744 nvme1n1 W    1518575168 53248     0.214
23:21:35.905 kworker        2690744 nvme1n1 W    1356322808 131072    0.293
23:21:35.905 kworker        2690744 nvme1n1 W    1356323064 28672     0.310
23:21:35.905 kworker        2690744 nvme1n1 W    1356323120 131072    0.390
23:21:35.905 kworker        2690744 nvme1n1 W    1356323376 24576     0.404
23:21:36.405 amoprof        2680098 nvme1n1 W    630199496  4096      0.064
