TIMESTAMP    COMM           PID     DISK    T    SECTOR     BYTES   LAT(ms)
06:04:18.054 python3        1784366 nvme1n1 WS   55754752   131072    0.208
06:04:18.054 python3        1784367 nvme1n1 WS   723517440  131072    0.289
06:04:18.054 python3        1784367 nvme1n1 WS   723517696  131072    0.336
06:04:18.054 python3        1784367 nvme1n1 WS   723517952  131072    0.414
06:04:18.054 python3        1784367 nvme1n1 WS   723518208  131072    0.503
06:04:18.054 python3        1784366 nvme1n1 WS   55755008   131072    0.590
06:04:18.054 python3        1784366 nvme1n1 WS   55755264   131072    0.657
06:04:18.054 python3        1784366 nvme1n1 WS   55755520   131072    0.744
06:04:18.054 python3        1784367 nvme1n1 WS   723518464  131072    0.820
06:04:18.054 python3        1784367 nvme1n1 WS   723518720  131072    0.899
06:04:18.054 python3        1784367 nvme1n1 WS   723518976  131072    0.982
06:04:18.055 python3        1784367 nvme1n1 WS   723519232  131072    1.055
06:04:18.055 python3        1784367 nvme1n1 WS   723519488  131072    1.140
06:04:18.055 python3        1784366 nvme1n1 WS   55755776   131072    1.245
06:04:18.055 python3        1784366 nvme1n1 WS   55756032   131072    1.318
06:04:18.055 python3        1784366 nvme1n1 WS   55756288   131072    1.400
06:04:18.055 python3        1784366 nvme1n1 WS   55756544   131072    1.475
06:04:18.055 python3        1784366 nvme1n1 WS   55756800   131072    1.557
06:04:18.055 python3        1784368 nvme1n1 WS   55758848   131072    1.600
06:04:18.055 python3        1784368 nvme1n1 WS   55759104   131072    1.670
06:04:18.055 python3        1784368 nvme1n1 WS   55759360   131072    1.750
06:04:18.055 python3        1784368 nvme1n1 WS   55759616   131072    1.831
06:04:18.055 python3        1784368 nvme1n1 WS   55759872   131072    1.910
06:04:18.056 python3        1784368 nvme1n1 WS   55760128   131072    1.989
06:04:18.056 python3        1784368 nvme1n1 WS   55760384   131072    2.068
06:04:18.056 python3        1784366 nvme1n1 WS   55861248   131072    2.143
06:04:18.056 python3        1784366 nvme1n1 WS   55861504   131072    2.211
06:04:18.056 python3        1784366 nvme1n1 WS   55861760   131072    2.285
06:04:18.056 python3        1784366 nvme1n1 WS   55862016   131072    2.358
06:04:18.056 python3        1784366 nvme1n1 WS   55862272   131072    2.433
06:04:18.056 python3        1784366 nvme1n1 WS   55862528   131072    2.507
06:04:18.056 python3        1784366 nvme1n1 WS   55862784   131072    2.584
06:04:18.056 python3        1784368 nvme1n1 WS   55760640   131072    2.661
06:04:18.056 python3        1784368 nvme1n1 WS   55760896   131072    2.735
06:04:18.056 python3        1784368 nvme1n1 WS   55761152   131072    2.809
06:04:18.056 python3        1784368 nvme1n1 WS   55761408   131072    2.881
06:04:18.057 python3        1784368 nvme1n1 WS   55761664   131072    2.960
06:04:18.057 python3        1784368 nvme1n1 WS   55761920   131072    3.029
06:04:18.057 python3        1784368 nvme1n1 WS   55762176   131072    3.111
06:04:18.057 python3        1784368 nvme1n1 WS   55762432   131072    3.187
06:04:18.057 python3        1784367 nvme1n1 WS   55762944   131072    3.292
06:04:18.057 python3        1784367 nvme1n1 WS   55763200   131072    3.361
06:04:18.057 python3        1784367 nvme1n1 WS   55763456   131072    3.440
06:04:18.057 python3        1784367 nvme1n1 WS   55763712   131072    3.520
06:04:18.057 python3        1784367 nvme1n1 WS   55763968   131072    3.598
06:04:18.057 python3        1784367 nvme1n1 WS   55764224   131072    3.674
06:04:18.057 python3        1784367 nvme1n1 WS   55764480   131072    3.748
06:04:18.057 python3        1784366 nvme1n1 WS   55863040   131072    3.836
06:04:18.058 python3        1784366 nvme1n1 WS   55863296   131072    3.908
06:04:18.058 python3        1784366 nvme1n1 WS   55863552   131072    3.984
06:04:18.058 python3        1784366 nvme1n1 WS   55863808   131072    4.058
06:04:18.058 python3        1784366 nvme1n1 WS   55864064   131072    4.135
06:04:18.058 python3        1784366 nvme1n1 WS   55864320   131072    4.215
06:04:18.058 python3        1784366 nvme1n1 WS   55864576   131072    4.296
06:04:18.058 python3        1784366 nvme1n1 WS   55864832   131072    4.374
06:04:18.058 python3        1784367 nvme1n1 WS   55764736   131072    4.456
06:04:18.058 python3        1784367 nvme1n1 WS   55764992   131072    4.530
06:04:18.058 python3        1784367 nvme1n1 WS   55765248   131072    4.605
06:04:18.058 python3        1784367 nvme1n1 WS   55765504   131072    4.684
06:04:18.058 python3        1784367 nvme1n1 WS   55765760   131072    4.759
06:04:18.058 python3        1784367 nvme1n1 WS   55766016   131072    4.833
06:04:18.059 python3        1784367 nvme1n1 WS   55766272   131072    4.910
06:04:18.059 python3        1784367 nvme1n1 WS   55766528   131072    4.989
06:04:18.059 python3        1784368 nvme1n1 WS   55762688   131072    5.083
06:04:18.059 python3        1784368 nvme1n1 WS   55767040   131072    5.160
06:04:18.059 python3        1784368 nvme1n1 WS   55767296   131072    5.237
06:04:18.059 python3        1784369 nvme1n1 WS   55865344   131072    5.403
06:04:18.059 python3        1784369 nvme1n1 WS   55865600   131072    5.406
06:04:18.059 python3        1784368 nvme1n1 WS   1647435776 131072    5.524
06:04:18.059 python3        1784366 nvme1n1 WS   55865088   131072    5.553
06:04:18.059 python3        1784366 nvme1n1 WS   55869440   131072    5.619
06:04:18.059 python3        1784366 nvme1n1 WS   55869696   131072    5.700
06:04:18.059 python3        1784368 nvme1n1 WS   1647436032 131072    5.785
06:04:18.060 python3        1784368 nvme1n1 WS   1647436288 131072    5.857
06:04:18.060 python3        1784368 nvme1n1 WS   1647436544 131072    5.934
06:04:18.060 python3        1784368 nvme1n1 WS   1647436800 131072    6.009
06:04:18.060 python3        1784368 nvme1n1 WS   1647437056 131072    6.090
06:04:18.060 python3        1784368 nvme1n1 WS   1647437312 131072    6.167
06:04:18.060 python3        1784368 nvme1n1 WS   1647437568 131072    6.242
06:04:18.060 python3        1784368 nvme1n1 WS   1647437824 131072    6.319
06:04:18.060 python3        1784369 nvme1n1 WS   55865856   131072    6.419
06:04:18.060 python3        1784369 nvme1n1 WS   55866112   131072    6.494
06:04:18.060 python3        1784369 nvme1n1 WS   55866368   131072    6.573
06:04:18.060 python3        1784369 nvme1n1 WS   55866624   131072    6.650
06:04:18.060 python3        1784369 nvme1n1 WS   55866880   131072    6.729
06:04:18.060 python3        1784369 nvme1n1 WS   55867136   131072    6.784
06:04:18.061 python3        1784369 nvme1n1 WS   55867392   131072    6.875
06:04:18.061 python3        1784369 nvme1n1 WS   55867648   131072    6.954
06:04:18.061 python3        1784369 nvme1n1 WS   55867904   131072    7.030
06:04:18.061 python3        1784369 nvme1n1 WS   55868160   131072    7.107
06:04:18.061 python3        1784369 nvme1n1 WS   55868416   131072    7.186
06:04:18.061 python3        1784369 nvme1n1 WS   55868672   131072    7.265
06:04:18.061 python3        1784369 nvme1n1 WS   55868928   131072    7.343
06:04:18.061 python3        1784367 nvme1n1 WS   55766784   131072    7.464
06:04:18.061 python3        1784367 nvme1n1 WS   55771136   131072    7.541
06:04:18.061 python3        1784367 nvme1n1 WS   55771392   131072    7.622
06:04:18.061 python3        1784369 nvme1n1 WS   1647439872 131072    7.768
06:04:18.061 python3        1784369 nvme1n1 WS   1647440128 131072    7.770
06:04:18.062 python3        1784369 nvme1n1 WS   1647440384 131072    7.838
06:04:18.062 python3        1784369 nvme1n1 WS   1647440640 131072    7.913
06:04:18.062 python3        1784369 nvme1n1 WS   1647440896 131072    7.993
06:04:18.062 python3        1784369 nvme1n1 WS   1647441152 131072    8.069
06:04:18.062 python3        1784369 nvme1n1 WS   1647441408 131072    8.148
06:04:18.062 python3        1784369 nvme1n1 WS   1647441664 131072    8.220
06:04:18.062 python3        1784369 nvme1n1 WS   1647441920 131072    8.298
06:04:18.062 python3        1784369 nvme1n1 WS   55869184   131072    8.363
06:04:18.062 python3        1784369 nvme1n1 WS   55873536   131072    8.441
06:04:18.062 python3        1784369 nvme1n1 WS   55873792   131072    8.531
06:04:18.289 nvme           1885772 Unknown N    -1         512       0.038
06:04:19.292 nvme           1885832 Unknown N    -1         512       0.031
06:04:20.294 nvme           1885842 Unknown N    -1         512       0.032
06:04:20.964 python3        1784368 nvme1n1 WS   73371648   131072    0.212
06:04:20.964 python3        1784368 nvme1n1 WS   55775232   131072    0.278
06:04:20.964 python3        1784368 nvme1n1 WS   73371904   131072    0.361
06:04:20.965 python3        1784368 nvme1n1 WS   73372160   131072    0.457
06:04:20.965 python3        1784368 nvme1n1 WS   73372416   131072    0.513
06:04:20.965 python3        1784368 nvme1n1 WS   55775488   131072    0.637
06:04:20.965 python3        1784368 nvme1n1 WS   55775744   131072    0.694
06:04:20.965 python3        1784368 nvme1n1 WS   55776000   131072    0.739
06:04:20.965 python3        1784368 nvme1n1 WS   55776256   131072    0.820
06:04:20.965 python3        1784368 nvme1n1 WS   55776512   131072    0.899
06:04:20.965 python3        1784368 nvme1n1 WS   55776768   131072    0.980
06:04:20.965 python3        1784368 nvme1n1 WS   55777024   131072    1.035
06:04:20.965 python3        1784368 nvme1n1 WS   55777280   131072    1.120
06:04:20.965 python3        1784368 nvme1n1 WS   55777536   131072    1.219
06:04:20.965 python3        1784368 nvme1n1 WS   55777792   131072    1.290
06:04:20.965 python3        1784368 nvme1n1 WS   73372672   131072    1.405
06:04:20.966 python3        1784368 nvme1n1 WS   73372928   131072    1.486
06:04:20.966 python3        1784368 nvme1n1 WS   73373184   131072    1.571
06:04:20.966 python3        1784368 nvme1n1 WS   73373440   131072    1.629
06:04:20.966 python3        1784368 nvme1n1 WS   73373696   131072    1.711
06:04:20.966 python3        1784368 nvme1n1 WS   73373952   131072    1.794
06:04:20.966 python3        1784368 nvme1n1 WS   73374208   131072    1.875
06:04:20.966 python3        1784368 nvme1n1 WS   73374464   131072    1.954
06:04:20.966 python3        1784368 nvme1n1 WS   73374720   131072    2.034
06:04:20.966 python3        1784368 nvme1n1 WS   73374976   131072    2.115
06:04:20.966 python3        1784368 nvme1n1 WS   73375232   131072    2.190
06:04:20.966 python3        1784368 nvme1n1 WS   55778048   131072    2.276
06:04:20.966 python3        1784368 nvme1n1 WS   55778304   131072    2.351
06:04:20.967 python3        1784368 nvme1n1 WS   55778560   131072    2.427
06:04:20.967 python3        1784368 nvme1n1 WS   55778816   131072    2.503
06:04:20.967 python3        1784368 nvme1n1 WS   73375488   131072    2.570
06:04:20.967 python3        1784368 nvme1n1 WS   73375744   131072    2.651
06:04:20.967 python3        1784368 nvme1n1 WS   73376000   131072    2.726
06:04:20.967 python3        1784368 nvme1n1 WS   55779072   131072    2.807
06:04:20.967 python3        1784368 nvme1n1 WS   55779328   131072    2.879
06:04:20.967 python3        1784368 nvme1n1 WS   55779584   131072    2.957
06:04:20.967 python3        1784366 nvme1n1 WS   55783424   131072    2.989
06:04:20.967 python3        1784366 nvme1n1 WS   55783680   131072    3.062
06:04:20.967 python3        1784366 nvme1n1 WS   55783936   131072    3.142
06:04:20.967 python3        1784366 nvme1n1 WS   55784192   131072    3.212
06:04:20.968 python3        1784366 nvme1n1 WS   55787520   131072    3.290
06:04:20.968 python3        1784366 nvme1n1 WS   55784448   131072    3.360
06:04:20.968 python3        1784366 nvme1n1 WS   73379840   131072    3.442
06:04:20.968 python3        1784366 nvme1n1 WS   55784704   131072    3.514
06:04:20.968 python3        1784366 nvme1n1 WS   55784960   131072    3.589
06:04:20.968 python3        1784366 nvme1n1 WS   55785216   131072    3.645
06:04:20.968 python3        1784366 nvme1n1 WS   55785472   131072    3.721
06:04:20.968 python3        1784366 nvme1n1 WS   55785728   131072    3.794
06:04:20.968 python3        1784366 nvme1n1 WS   55785984   131072    3.868
06:04:20.968 python3        1784366 nvme1n1 WS   55786240   131072    3.945
06:04:20.968 python3        1784366 nvme1n1 WS   55786496   131072    4.019
06:04:20.968 python3        1784366 nvme1n1 WS   55786752   131072    4.091
06:04:20.968 python3        1784366 nvme1n1 WS   55787008   131072    4.169
06:04:20.969 python3        1784366 nvme1n1 WS   55787776   131072    4.293
06:04:20.969 python3        1784366 nvme1n1 WS   55788032   131072    4.370
06:04:20.969 python3        1784366 nvme1n1 WS   55788288   131072    4.443
06:04:20.969 python3        1784366 nvme1n1 WS   55788544   131072    4.515
06:04:20.969 python3        1784366 nvme1n1 WS   55788800   131072    4.591
06:04:20.969 python3        1784366 nvme1n1 WS   55789056   131072    4.667
06:04:20.969 python3        1784366 nvme1n1 WS   55789312   131072    4.727
06:04:20.969 python3        1784366 nvme1n1 WS   55789568   131072    4.809
06:04:20.969 python3        1784366 nvme1n1 WS   55789824   131072    4.879
06:04:20.969 python3        1784366 nvme1n1 WS   55790080   131072    4.953
06:04:20.969 python3        1784366 nvme1n1 WS   55790336   131072    5.030
06:04:20.969 python3        1784366 nvme1n1 WS   73380096   131072    5.205
06:04:20.969 python3        1784366 nvme1n1 WS   73380352   131072    5.234
06:04:20.970 python3        1784366 nvme1n1 WS   73380608   131072    5.309
06:04:20.970 python3        1784366 nvme1n1 WS   73380864   131072    5.387
06:04:20.970 python3        1784366 nvme1n1 WS   73381120   131072    5.461
06:04:20.970 python3        1784366 nvme1n1 WS   73381376   131072    5.534
06:04:20.970 python3        1784369 nvme1n1 WS   73334784   131072    5.610
06:04:20.970 python3        1784366 nvme1n1 WS   73381632   131072    5.667
06:04:20.970 python3        1784366 nvme1n1 WS   73381888   131072    5.742
06:04:20.970 python3        1784366 nvme1n1 WS   73382144   131072    5.817
06:04:20.970 python3        1784366 nvme1n1 WS   73382400   131072    5.896
06:04:20.970 python3        1784366 nvme1n1 WS   73382656   131072    5.973
06:04:20.970 python3        1784366 nvme1n1 WS   73382912   131072    6.049
06:04:20.970 python3        1784366 nvme1n1 WS   73383168   131072    6.128
06:04:20.970 python3        1784366 nvme1n1 WS   73383424   131072    6.205
06:04:20.971 python3        1784366 nvme1n1 WS   73383680   131072    6.269
06:04:20.971 python3        1784366 nvme1n1 WS   73383936   131072    6.347
06:04:20.971 python3        1784366 nvme1n1 WS   73384192   131072    6.427
06:04:20.971 python3        1784366 nvme1n1 WS   55790592   131072    6.599
06:04:20.971 python3        1784366 nvme1n1 WS   55790848   131072    6.629
06:04:20.971 python3        1784366 nvme1n1 WS   55791104   131072    6.707
06:04:20.971 python3        1784366 nvme1n1 WS   55791360   131072    6.774
06:04:20.971 python3        1784366 nvme1n1 WS   55799808   40960     6.830
06:04:20.971 python3        1784369 nvme1n1 WS   73335040   131072    6.940
06:04:20.971 python3        1784369 nvme1n1 WS   73335296   131072    7.011
06:04:20.971 python3        1784369 nvme1n1 WS   73335552   131072    7.088
06:04:20.971 python3        1784369 nvme1n1 WS   73335808   131072    7.167
06:04:20.972 python3        1784369 nvme1n1 WS   73336064   131072    7.243
06:04:20.972 python3        1784369 nvme1n1 WS   73336320   131072    7.321
06:04:20.972 python3        1784369 nvme1n1 WS   73336576   131072    7.371
06:04:20.972 python3        1784369 nvme1n1 WS   73336832   131072    7.447
06:04:20.972 python3        1784369 nvme1n1 WS   73337088   131072    7.526
06:04:20.972 python3        1784369 nvme1n1 WS   73337344   131072    7.599
06:04:20.972 python3        1784366 nvme1n1 WS   55787264   131072    7.736
06:04:20.972 python3        1784366 nvme1n1 WS   55795712   131072    7.810
06:04:20.972 python3        1784366 nvme1n1 WS   55795968   131072    7.887
06:04:20.972 python3        1784368 nvme1n1 WS   1647443968 131072    7.962
06:04:20.972 python3        1784368 nvme1n1 WS   1647444224 131072    8.029
06:04:20.972 python3        1784368 nvme1n1 WS   1647444480 131072    8.104
06:04:20.972 python3        1784368 nvme1n1 WS   1647444736 131072    8.187
06:04:20.973 python3        1784368 nvme1n1 WS   1647444992 131072    8.261
06:04:20.973 python3        1784368 nvme1n1 WS   1647445248 131072    8.338
06:04:20.973 python3        1784368 nvme1n1 WS   1647445504 131072    8.416
06:04:20.973 python3        1784367 nvme1n1 WS   55791616   131072    8.514
06:04:20.973 python3        1784367 nvme1n1 WS   55791872   131072    8.584
06:04:20.973 python3        1784367 nvme1n1 WS   55792128   131072    8.660
06:04:20.973 python3        1784367 nvme1n1 WS   55792384   131072    8.740
06:04:20.973 python3        1784367 nvme1n1 WS   55792640   131072    8.816
06:04:20.973 python3        1784367 nvme1n1 WS   55792896   131072    8.896
06:04:20.973 python3        1784367 nvme1n1 WS   55793152   131072    8.974
06:04:20.973 python3        1784369 nvme1n1 WS   55877632   131072    9.072
06:04:20.973 python3        1784369 nvme1n1 WS   55877888   131072    9.143
06:04:20.974 python3        1784369 nvme1n1 WS   55878144   131072    9.223
06:04:20.974 python3        1784369 nvme1n1 WS   55878400   131072    9.300
06:04:20.974 python3        1784369 nvme1n1 WS   55878656   131072    9.377
06:04:20.974 python3        1784369 nvme1n1 WS   55878912   131072    9.452
06:04:20.974 python3        1784369 nvme1n1 WS   55879168   131072    9.528
06:04:20.974 python3        1784367 nvme1n1 WS   55881728   131072    9.633
06:04:20.974 python3        1784367 nvme1n1 WS   55881984   131072    9.704
06:04:20.974 python3        1784367 nvme1n1 WS   55882240   131072    9.779
06:04:20.974 python3        1784367 nvme1n1 WS   55882496   131072    9.857
06:04:20.974 python3        1784367 nvme1n1 WS   55882752   131072    9.935
06:04:20.974 python3        1784367 nvme1n1 WS   55883008   131072   10.016
06:04:20.974 python3        1784367 nvme1n1 WS   55883264   131072   10.095
06:04:20.975 python3        1784367 nvme1n1 WS   55803904   131072   10.185
06:04:20.975 python3        1784367 nvme1n1 WS   55804160   131072   10.259
06:04:20.975 python3        1784367 nvme1n1 WS   55804416   131072   10.337
06:04:20.975 python3        1784369 nvme1n1 WS   73338880   131072   10.428
06:04:20.975 python3        1784369 nvme1n1 WS   73339136   131072   10.497
06:04:20.975 python3        1784367 nvme1n1 WS   55804672   131072   10.574
06:04:20.975 python3        1784367 nvme1n1 WS   55804928   131072   10.651
06:04:20.975 python3        1784367 nvme1n1 WS   55805184   131072   10.730
06:04:20.975 python3        1784367 nvme1n1 WS   55805440   131072   10.807
06:04:20.975 python3        1784367 nvme1n1 WS   55805696   131072   10.865
06:04:20.975 python3        1784367 nvme1n1 WS   55805952   131072   10.950
06:04:20.975 python3        1784367 nvme1n1 WS   55806208   131072   11.017
06:04:20.975 python3        1784367 nvme1n1 WS   55806464   131072   11.096
06:04:20.976 python3        1784367 nvme1n1 WS   55806720   131072   11.171
06:04:20.976 python3        1784367 nvme1n1 WS   55806976   131072   11.247
06:04:20.976 python3        1784367 nvme1n1 WS   55807232   131072   11.322
06:04:20.976 python3        1784367 nvme1n1 WS   55807488   131072   11.399
06:04:20.976 python3        1784367 nvme1n1 WS   55807744   131072   11.468
06:04:20.976 python3        1784367 nvme1n1 WS   55812096   40960    11.492
06:04:20.976 python3        1784369 nvme1n1 WS   73337600   131072   11.641
06:04:20.976 python3        1784369 nvme1n1 WS   73337856   131072   11.751
06:04:20.976 python3        1784369 nvme1n1 WS   73338112   131072   11.822
06:04:20.976 python3        1784369 nvme1n1 WS   73338368   131072   11.900
06:04:20.976 python3        1784369 nvme1n1 WS   73338624   131072   11.952
06:04:20.976 python3        1784369 nvme1n1 WS   73388032   131072   12.026
06:04:20.976 python3        1784369 nvme1n1 WS   73388288   131072   12.101
06:04:20.977 python3        1784368 nvme1n1 WS   1647445760 131072   12.239
06:04:20.977 python3        1784368 nvme1n1 WS   1647446016 131072   12.314
06:04:20.977 python3        1784368 nvme1n1 WS   1647446272 131072   12.389
06:04:20.977 python3        1784368 nvme1n1 WS   1647446528 131072   12.469
06:04:20.977 python3        1784368 nvme1n1 WS   1647446784 131072   12.546
06:04:20.977 python3        1784368 nvme1n1 WS   1647447040 131072   12.622
06:04:20.977 python3        1784368 nvme1n1 WS   1647447296 131072   12.702
06:04:20.977 python3        1784368 nvme1n1 WS   1647447552 131072   12.781
06:04:20.977 python3        1784368 nvme1n1 WS   1647447808 131072   12.851
06:04:20.977 python3        1784368 nvme1n1 WS   1647448064 40960    12.876
06:04:20.977 python3        1784369 nvme1n1 WS   73339392   131072   12.986
06:04:20.977 python3        1784369 nvme1n1 WS   73339648   131072   13.061
06:04:20.977 python3        1784369 nvme1n1 WS   73339904   131072   13.135
06:04:20.978 python3        1784369 nvme1n1 WS   73340160   131072   13.211
06:04:20.978 python3        1784369 nvme1n1 WS   73340416   131072   13.283
06:04:20.978 python3        1784369 nvme1n1 WS   73340672   131072   13.325
06:04:20.978 python3        1784369 nvme1n1 WS   73340928   131072   13.401
06:04:20.978 python3        1784369 nvme1n1 WS   73341184   131072   13.475
06:04:20.978 python3        1784369 nvme1n1 WS   73341440   131072   13.552
06:04:20.978 python3        1784369 nvme1n1 WS   73341696   131072   13.627
06:04:20.978 python3        1784369 nvme1n1 WS   73341952   131072   13.705
06:04:20.978 python3        1784369 nvme1n1 WS   73342208   131072   13.781
06:04:20.978 python3        1784369 nvme1n1 WS   73342464   131072   13.857
06:04:20.978 python3        1784367 nvme1n1 WS   55793408   131072   14.071
06:04:20.978 python3        1784367 nvme1n1 WS   55793664   131072   14.104
06:04:20.979 python3        1784367 nvme1n1 WS   55793920   131072   14.173
06:04:20.979 python3        1784367 nvme1n1 WS   55794176   131072   14.248
06:04:20.979 python3        1784367 nvme1n1 WS   55794432   131072   14.325
06:04:20.979 python3        1784367 nvme1n1 WS   55794688   131072   14.403
06:04:20.979 python3        1784367 nvme1n1 WS   55794944   131072   14.480
06:04:20.979 python3        1784367 nvme1n1 WS   55795200   131072   14.555
06:04:20.979 python3        1784367 nvme1n1 WS   55795456   131072   14.615
06:04:20.979 python3        1784367 nvme1n1 WS   55808000   131072   14.694
06:04:20.979 python3        1784367 nvme1n1 WS   55808256   131072   14.773
06:04:20.979 python3        1784369 nvme1n1 WS   55879424   131072   14.899
06:04:20.979 python3        1784369 nvme1n1 WS   55879680   131072   14.994
06:04:20.979 python3        1784369 nvme1n1 WS   55879936   131072   15.051
06:04:20.979 python3        1784369 nvme1n1 WS   55880192   131072   15.130
06:04:20.980 python3        1784369 nvme1n1 WS   55880448   131072   15.207
06:04:20.980 python3        1784369 nvme1n1 WS   55880704   131072   15.288
06:04:20.980 python3        1784369 nvme1n1 WS   55880960   131072   15.364
06:04:20.980 python3        1784369 nvme1n1 WS   55881216   131072   15.442
06:04:20.980 python3        1784369 nvme1n1 WS   55881472   131072   15.505
06:04:20.980 python3        1784369 nvme1n1 WS   55885824   40960    15.532
06:04:20.980 python3        1784367 nvme1n1 WS   55883520   131072   15.646
06:04:20.980 python3        1784367 nvme1n1 WS   55883776   131072   15.723
06:04:20.980 python3        1784367 nvme1n1 WS   55884032   131072   15.795
06:04:20.980 python3        1784367 nvme1n1 WS   55884288   131072   15.874
06:04:20.980 python3        1784367 nvme1n1 WS   55884544   131072   15.953
06:04:20.980 python3        1784367 nvme1n1 WS   55884800   131072   16.029
06:04:20.980 python3        1784367 nvme1n1 WS   55885056   131072   16.107
06:04:20.981 python3        1784367 nvme1n1 WS   55885312   131072   16.185
06:04:20.981 python3        1784367 nvme1n1 WS   55885568   131072   16.245
06:04:20.981 python3        1784367 nvme1n1 WS   55889920   131072   16.320
06:04:20.981 python3        1784367 nvme1n1 WS   55890176   131072   16.403
06:04:20.981 python3        1784369 nvme1n1 WS   73342720   131072   16.436
06:04:20.981 python3        1784369 nvme1n1 WS   73342976   131072   16.513
06:04:20.981 python3        1784369 nvme1n1 WS   73343232   131072   16.591
06:04:21.296 nvme           1885847 Unknown N    -1         512       0.037
06:04:21.469 python3        1784366 nvme1n1 WS   55816192   131072    0.207
06:04:21.469 python3        1784366 nvme1n1 WS   55816448   131072    0.280
06:04:21.469 python3        1784366 nvme1n1 WS   55816704   131072    0.335
06:04:21.469 python3        1784366 nvme1n1 WS   55816960   131072    0.487
06:04:21.469 python3        1784366 nvme1n1 WS   55817216   131072    0.486
06:04:21.469 python3        1784366 nvme1n1 WS   55817472   131072    0.594
06:04:21.469 python3        1784366 nvme1n1 WS   55817728   131072    0.643
06:04:21.469 python3        1784366 nvme1n1 WS   55817984   131072    0.703
06:04:21.469 python3        1784366 nvme1n1 WS   55818240   131072    0.781
06:04:21.469 python3        1784366 nvme1n1 WS   55818496   131072    0.866
06:04:21.469 python3        1784366 nvme1n1 WS   55818752   131072    0.948
06:04:21.470 python3        1784366 nvme1n1 WS   55819008   131072    1.023
06:04:21.470 python3        1784366 nvme1n1 WS   55819264   131072    1.111
06:04:21.470 python3        1784366 nvme1n1 WS   55819520   131072    1.188
06:04:21.470 python3        1784366 nvme1n1 WS   55819776   131072    1.269
06:04:21.470 python3        1784368 nvme1n1 WS   55820288   131072    1.367
06:04:21.470 python3        1784368 nvme1n1 WS   55820544   131072    1.423
06:04:21.470 python3        1784368 nvme1n1 WS   55820800   131072    1.504
06:04:21.470 python3        1784368 nvme1n1 WS   55821056   131072    1.577
06:04:21.470 python3        1784368 nvme1n1 WS   55821312   131072    1.658
06:04:21.470 python3        1784366 nvme1n1 WS   55820032   131072    1.739
06:04:21.470 python3        1784366 nvme1n1 WS   55824384   131072    1.820
06:04:21.470 python3        1784366 nvme1n1 WS   55824640   131072    1.897
06:04:21.471 python3        1784368 nvme1n1 WS   55821568   131072    1.979
06:04:21.471 python3        1784368 nvme1n1 WS   55821824   131072    2.057
06:04:21.471 python3        1784368 nvme1n1 WS   55822080   131072    2.110
06:04:21.471 python3        1784368 nvme1n1 WS   55822336   131072    2.185
06:04:21.471 python3        1784368 nvme1n1 WS   55894016   131072    2.316
06:04:21.471 python3        1784368 nvme1n1 WS   55822592   131072    2.336
06:04:21.471 python3        1784368 nvme1n1 WS   55822848   131072    2.406
06:04:21.471 python3        1784368 nvme1n1 WS   55823104   131072    2.480
06:04:21.471 python3        1784368 nvme1n1 WS   55823360   131072    2.554
06:04:21.471 python3        1784368 nvme1n1 WS   55823616   131072    2.630
06:04:21.471 python3        1784368 nvme1n1 WS   55823872   131072    2.705
06:04:21.471 python3        1784368 nvme1n1 WS   55894272   131072    2.800
06:04:21.472 python3        1784368 nvme1n1 WS   55894528   131072    2.872
06:04:21.472 python3        1784368 nvme1n1 WS   55894784   131072    2.947
06:04:21.472 python3        1784368 nvme1n1 WS   55895040   131072    3.020
06:04:21.472 python3        1784368 nvme1n1 WS   55895296   131072    3.091
06:04:21.472 python3        1784368 nvme1n1 WS   55895552   131072    3.165
06:04:21.472 python3        1784369 nvme1n1 WS   55828480   131072    3.233
06:04:21.472 python3        1784369 nvme1n1 WS   55828736   131072    3.300
06:04:21.472 python3        1784369 nvme1n1 WS   55828992   131072    3.373
06:04:21.472 python3        1784369 nvme1n1 WS   55829248   131072    3.445
06:04:21.472 python3        1784369 nvme1n1 WS   55829504   131072    3.520
06:04:21.472 python3        1784369 nvme1n1 WS   55829760   131072    3.594
06:04:21.472 python3        1784369 nvme1n1 WS   55830016   131072    3.668
06:04:21.472 python3        1784368 nvme1n1 WS   55824128   131072    3.765
06:04:21.473 python3        1784368 nvme1n1 WS   55832576   131072    3.842
06:04:21.473 python3        1784368 nvme1n1 WS   55832832   131072    3.916
06:04:21.473 python3        1784368 nvme1n1 WS   55895808   131072    3.988
06:04:21.473 python3        1784368 nvme1n1 WS   55896064   131072    4.054
06:04:21.473 python3        1784368 nvme1n1 WS   55896320   131072    4.129
06:04:21.473 python3        1784368 nvme1n1 WS   55896576   131072    4.201
06:04:21.473 python3        1784368 nvme1n1 WS   55896832   131072    4.275
06:04:21.473 python3        1784368 nvme1n1 WS   55897088   131072    4.350
06:04:21.473 python3        1784368 nvme1n1 WS   55897344   131072    4.425
06:04:21.473 python3        1784368 nvme1n1 WS   55897600   131072    4.500
06:04:21.473 python3        1784368 nvme1n1 WS   55897856   131072    4.557
06:04:21.473 python3        1784368 nvme1n1 WS   55902208   131072    4.633
06:04:21.473 python3        1784368 nvme1n1 WS   55902464   131072    4.707
06:04:21.474 python3        1784367 nvme1n1 WS   73347072   131072    4.870
06:04:21.474 python3        1784367 nvme1n1 WS   73347328   131072    4.893
06:04:21.474 python3        1784367 nvme1n1 WS   73347584   131072    4.966
06:04:21.474 python3        1784367 nvme1n1 WS   73347840   131072    5.041
06:04:21.474 python3        1784367 nvme1n1 WS   73348096   131072    5.114
06:04:21.474 python3        1784367 nvme1n1 WS   73348352   131072    5.188
06:04:21.474 python3        1784367 nvme1n1 WS   73348608   131072    5.258
06:04:21.474 python3        1784369 nvme1n1 WS   55830272   131072    5.358
06:04:21.474 python3        1784369 nvme1n1 WS   55830528   131072    5.432
06:04:21.474 python3        1784369 nvme1n1 WS   55830784   131072    5.507
06:04:21.474 python3        1784369 nvme1n1 WS   55831040   131072    5.582
06:04:21.474 python3        1784369 nvme1n1 WS   55831296   131072    5.665
06:04:21.474 python3        1784369 nvme1n1 WS   55831552   131072    5.738
06:04:21.475 python3        1784369 nvme1n1 WS   55831808   131072    5.812
06:04:21.475 python3        1784369 nvme1n1 WS   55832064   131072    5.890
06:04:21.475 python3        1784369 nvme1n1 WS   73392128   131072    5.960
06:04:21.475 python3        1784369 nvme1n1 WS   73392384   131072    6.032
06:04:21.475 python3        1784369 nvme1n1 WS   73392640   131072    6.112
06:04:21.475 python3        1784369 nvme1n1 WS   73392896   131072    6.186
06:04:21.475 python3        1784369 nvme1n1 WS   73393152   131072    6.262
06:04:21.475 python3        1784369 nvme1n1 WS   73393408   131072    6.338
06:04:21.475 python3        1784369 nvme1n1 WS   73393664   131072    6.411
06:04:21.475 python3        1784369 nvme1n1 WS   73393920   131072    6.468
06:04:21.475 python3        1784369 nvme1n1 WS   73394176   131072    6.543
06:04:21.475 python3        1784369 nvme1n1 WS   55898112   131072    6.657
06:04:21.475 python3        1784369 nvme1n1 WS   55898368   131072    6.722
06:04:21.476 python3        1784369 nvme1n1 WS   55898624   131072    6.829
06:04:21.476 python3        1784369 nvme1n1 WS   55898880   131072    6.906
06:04:21.476 python3        1784369 nvme1n1 WS   55899136   131072    6.981
06:04:21.476 python3        1784369 nvme1n1 WS   55899392   131072    7.056
06:04:21.476 python3        1784369 nvme1n1 WS   55899648   131072    7.132
06:04:21.476 python3        1784369 nvme1n1 WS   55832320   131072    7.242
06:04:21.476 python3        1784369 nvme1n1 WS   55910400   131072    7.318
06:04:21.476 python3        1784369 nvme1n1 WS   55910656   131072    7.393
06:04:21.476 python3        1784367 nvme1n1 WS   73348864   131072    7.467
06:04:21.476 python3        1784367 nvme1n1 WS   73349120   131072    7.543
06:04:21.476 python3        1784366 nvme1n1 WS   55906304   131072    7.621
06:04:21.476 python3        1784367 nvme1n1 WS   73349376   131072    7.698
06:04:21.477 python3        1784366 nvme1n1 WS   55906560   131072    7.775
06:04:21.477 python3        1784367 nvme1n1 WS   73349632   131072    7.850
06:04:21.477 python3        1784366 nvme1n1 WS   55906816   131072    7.926
06:04:21.477 python3        1784367 nvme1n1 WS   73349888   131072    8.005
06:04:21.477 python3        1784366 nvme1n1 WS   55907072   131072    8.084
06:04:21.477 python3        1784367 nvme1n1 WS   73350144   131072    8.162
06:04:21.477 python3        1784366 nvme1n1 WS   55907328   131072    8.239
06:04:21.477 python3        1784367 nvme1n1 WS   73350400   131072    8.324
06:04:21.477 python3        1784366 nvme1n1 WS   55907584   131072    8.400
06:04:21.477 python3        1784367 nvme1n1 WS   73350656   131072    8.481
06:04:21.477 python3        1784366 nvme1n1 WS   55907840   131072    8.559
06:04:21.477 python3        1784369 nvme1n1 WS   73394432   131072    8.655
06:04:21.478 python3        1784369 nvme1n1 WS   73394688   131072    8.732
06:04:21.478 python3        1784369 nvme1n1 WS   73394944   131072    8.809
06:04:21.478 python3        1784369 nvme1n1 WS   73395200   131072    8.888
06:04:21.478 python3        1784369 nvme1n1 WS   73395456   131072    8.967
06:04:21.478 python3        1784369 nvme1n1 WS   73395712   131072    9.046
06:04:21.478 python3        1784369 nvme1n1 WS   55899904   131072    9.122
06:04:21.478 python3        1784369 nvme1n1 WS   55900160   131072    9.199
06:04:21.478 python3        1784369 nvme1n1 WS   55900416   131072    9.274
06:04:21.478 python3        1784369 nvme1n1 WS   55900672   131072    9.349
06:04:21.478 python3        1784369 nvme1n1 WS   55900928   131072    9.424
06:04:21.478 python3        1784369 nvme1n1 WS   73395968   131072    9.499
06:04:21.478 python3        1784369 nvme1n1 WS   73138176   131072    9.581
06:04:21.478 python3        1784369 nvme1n1 WS   73138432   131072    9.656
06:04:21.479 python3        1784368 nvme1n1 WS   73396224   131072    9.797
06:04:21.479 python3        1784368 nvme1n1 WS   73396480   131072    9.818
06:04:21.479 python3        1784368 nvme1n1 WS   73396736   131072    9.902
06:04:21.479 python3        1784368 nvme1n1 WS   73396992   131072    9.978
06:04:21.479 python3        1784368 nvme1n1 WS   73397248   131072   10.061
06:04:21.479 python3        1784368 nvme1n1 WS   73397504   131072   10.140
06:04:21.479 python3        1784368 nvme1n1 WS   73397760   131072   10.216
06:04:21.479 python3        1784369 nvme1n1 WS   55901184   131072   10.312
06:04:21.479 python3        1784369 nvme1n1 WS   55901440   131072   10.387
06:04:21.479 python3        1784369 nvme1n1 WS   55901696   131072   10.461
06:04:21.479 python3        1784367 nvme1n1 WS   1558024192 131072   10.538
06:04:21.479 python3        1784367 nvme1n1 WS   1558024448 131072   10.608
06:04:21.480 python3        1784367 nvme1n1 WS   1558024704 131072   10.688
06:04:21.480 python3        1784367 nvme1n1 WS   1558024960 131072   10.763
06:04:21.480 python3        1784367 nvme1n1 WS   1558025216 131072   10.840
06:04:21.480 python3        1784367 nvme1n1 WS   73350912   131072   10.933
06:04:21.480 python3        1784366 nvme1n1 WS   55908096   131072   11.009
06:04:21.480 python3        1784367 nvme1n1 WS   73142272   131072   11.089
06:04:21.480 python3        1784367 nvme1n1 WS   73142528   131072   11.165
06:04:21.480 python3        1784366 nvme1n1 WS   55908352   131072   11.249
06:04:21.480 python3        1784366 nvme1n1 WS   55908608   131072   11.325
06:04:21.480 python3        1784367 nvme1n1 WS   1558025472 131072   11.400
06:04:21.480 python3        1784367 nvme1n1 WS   1558025728 131072   11.476
06:04:21.480 python3        1784367 nvme1n1 WS   1558025984 131072   11.535
06:04:21.480 python3        1784367 nvme1n1 WS   1558026240 131072   11.613
06:04:21.481 python3        1784367 nvme1n1 WS   1558026496 131072   11.723
06:04:21.481 python3        1784367 nvme1n1 WS   1558026752 131072   11.801
06:04:21.481 python3        1784367 nvme1n1 WS   1558027008 131072   11.875
06:04:21.481 python3        1784367 nvme1n1 WS   1558027264 131072   11.958
06:04:21.481 python3        1784367 nvme1n1 WS   1558027520 131072   12.034
06:04:21.481 python3        1784367 nvme1n1 WS   1558027776 131072   12.114
06:04:21.481 python3        1784367 nvme1n1 WS   1558028032 131072   12.181
06:04:21.481 python3        1784367 nvme1n1 WS   1558028288 131072   12.258
06:04:21.481 python3        1784367 nvme1n1 WS   1558028544 131072   12.334
06:04:21.481 python3        1784366 nvme1n1 WS   55908864   131072   12.476
06:04:21.481 python3        1784366 nvme1n1 WS   55909120   131072   12.554
06:04:21.481 python3        1784366 nvme1n1 WS   55909376   131072   12.631
06:04:21.482 python3        1784366 nvme1n1 WS   55909632   131072   12.704
06:04:21.482 python3        1784366 nvme1n1 WS   55909888   131072   12.780
06:04:21.482 python3        1784366 nvme1n1 WS   55910144   131072   12.845
06:04:21.482 python3        1784366 nvme1n1 WS   55922688   131072   12.923
06:04:21.482 python3        1784366 nvme1n1 WS   55922944   131072   13.001
06:04:21.482 python3        1784368 nvme1n1 WS   73398016   131072   13.107
06:04:21.482 python3        1784368 nvme1n1 WS   73398272   131072   13.178
06:04:21.482 python3        1784368 nvme1n1 WS   73398528   131072   13.253
06:04:21.482 python3        1784368 nvme1n1 WS   73398784   131072   13.329
06:04:21.482 python3        1784368 nvme1n1 WS   73399040   131072   13.406
06:04:21.482 python3        1784368 nvme1n1 WS   73399296   131072   13.485
06:04:21.482 python3        1784368 nvme1n1 WS   73399552   131072   13.560
06:04:21.483 python3        1784368 nvme1n1 WS   73399808   131072   13.638
06:04:21.483 python3        1784368 nvme1n1 WS   73400064   131072   13.704
06:04:21.483 python3        1784368 nvme1n1 WS   73400320   131072   13.783
06:04:21.483 python3        1784368 nvme1n1 WS   73400576   131072   13.860
06:04:21.483 python3        1784369 nvme1n1 WS   55901952   131072   13.982
06:04:21.483 python3        1784369 nvme1n1 WS   56201216   131072   14.050
06:04:21.483 python3        1784369 nvme1n1 WS   56201472   131072   14.128
06:04:21.483 python3        1784366 nvme1n1 WS   55914496   131072   14.202
06:04:21.483 python3        1784366 nvme1n1 WS   55914752   131072   14.273
06:04:21.483 python3        1784366 nvme1n1 WS   55915008   131072   14.349
06:04:21.483 python3        1784366 nvme1n1 WS   55915264   131072   14.445
06:04:21.483 python3        1784366 nvme1n1 WS   55915520   131072   14.504
06:04:21.483 python3        1784366 nvme1n1 WS   55915776   131072   14.579
06:04:21.484 python3        1784366 nvme1n1 WS   55916032   131072   14.655
06:04:21.484 python3        1784366 nvme1n1 WS   55918592   131072   14.761
06:04:21.484 python3        1784366 nvme1n1 WS   55918848   131072   14.828
06:04:21.484 python3        1784366 nvme1n1 WS   55919104   131072   14.903
06:04:21.484 python3        1784366 nvme1n1 WS   55919360   131072   14.978
06:04:21.484 python3        1784366 nvme1n1 WS   55919616   131072   15.056
06:04:21.484 python3        1784366 nvme1n1 WS   55919872   131072   15.127
06:04:21.484 python3        1784366 nvme1n1 WS   55920128   131072   15.200
06:04:21.484 python3        1784369 nvme1n1 WS   73146368   131072   15.278
06:04:21.484 python3        1784369 nvme1n1 WS   73146624   131072   15.348
06:04:21.484 python3        1784369 nvme1n1 WS   73146880   131072   15.424
06:04:21.484 python3        1784369 nvme1n1 WS   73147136   131072   15.502
06:04:21.485 python3        1784369 nvme1n1 WS   73147392   131072   15.586
06:04:21.485 python3        1784369 nvme1n1 WS   73147648   131072   15.658
06:04:21.485 python3        1784369 nvme1n1 WS   73147904   131072   15.733
06:04:21.485 python3        1784369 nvme1n1 WS   73148160   131072   15.790
06:04:21.485 python3        1784369 nvme1n1 WS   73148416   131072   15.869
06:04:21.485 python3        1784369 nvme1n1 WS   73148672   131072   15.925
06:04:21.485 python3        1784369 nvme1n1 WS   73148928   131072   16.003
06:04:21.485 python3        1784369 nvme1n1 WS   73149184   131072   16.079
06:04:21.485 python3        1784369 nvme1n1 WS   73149440   131072   16.157
06:04:21.485 python3        1784369 nvme1n1 WS   73149696   131072   16.232
06:04:21.485 python3        1784369 nvme1n1 WS   73149952   131072   16.308
06:04:21.485 python3        1784366 nvme1n1 WS   55916288   131072   16.463
06:04:21.485 python3        1784366 nvme1n1 WS   55916544   131072   16.539
06:04:21.486 python3        1784366 nvme1n1 WS   55916800   131072   16.646
06:04:21.486 python3        1784366 nvme1n1 WS   55917056   131072   16.727
06:04:21.486 python3        1784366 nvme1n1 WS   55917312   131072   16.802
06:04:21.486 python3        1784366 nvme1n1 WS   55917568   131072   16.881
06:04:21.486 python3        1784366 nvme1n1 WS   55917824   131072   16.956
06:04:21.486 python3        1784366 nvme1n1 WS   55918080   131072   17.036
06:04:21.486 python3        1784366 nvme1n1 WS   55918336   131072   17.101
06:04:21.486 python3        1784366 nvme1n1 WS   55926784   114688   17.169
06:04:21.486 python3        1784366 nvme1n1 WS   55920384   131072   17.269
06:04:21.486 python3        1784366 nvme1n1 WS   55920640   131072   17.342
06:04:21.486 python3        1784366 nvme1n1 WS   55920896   131072   17.417
06:04:21.486 python3        1784366 nvme1n1 WS   55921152   131072   17.489
06:04:21.487 python3        1784366 nvme1n1 WS   55921408   131072   17.563
06:04:21.487 python3        1784366 nvme1n1 WS   55921664   131072   17.638
06:04:21.487 python3        1784366 nvme1n1 WS   55921920   131072   17.698
06:04:21.487 python3        1784366 nvme1n1 WS   55922176   131072   17.774
06:04:21.487 python3        1784368 nvme1n1 WS   73150464   131072   17.898
06:04:21.487 python3        1784368 nvme1n1 WS   73150720   131072   17.970
06:04:21.487 python3        1784368 nvme1n1 WS   73150976   131072   18.047
06:04:21.487 python3        1784368 nvme1n1 WS   73151232   131072   18.122
06:04:21.487 python3        1784368 nvme1n1 WS   73151488   131072   18.202
06:04:21.487 python3        1784368 nvme1n1 WS   73151744   131072   18.261
06:04:21.487 python3        1784368 nvme1n1 WS   73152000   131072   18.351
06:04:21.487 python3        1784368 nvme1n1 WS   73152256   131072   18.397
06:04:21.487 python3        1784368 nvme1n1 WS   73152512   131072   18.474
06:04:21.488 python3        1784368 nvme1n1 WS   73152768   131072   18.551
06:04:21.488 python3        1784368 nvme1n1 WS   73153024   131072   18.629
06:04:21.488 python3        1784368 nvme1n1 WS   73153280   131072   18.705
06:04:21.488 python3        1784368 nvme1n1 WS   73153536   131072   18.786
06:04:21.488 python3        1784368 nvme1n1 WS   73153792   131072   18.861
06:04:21.488 python3        1784368 nvme1n1 WS   73154048   131072   18.941
06:04:21.488 python3        1784368 nvme1n1 WS   73154304   131072   19.004
06:04:21.488 python3        1784368 nvme1n1 WS   73166848   114688   19.069
06:04:21.488 python3        1784369 nvme1n1 WS   73150208   131072   19.177
06:04:21.488 python3        1784369 nvme1n1 WS   73154560   114688   19.243
06:04:21.488 python3        1784366 nvme1n1 WS   55922432   131072   19.332
06:04:21.488 python3        1784366 nvme1n1 WS   55930880   131072   19.402
06:04:21.489 python3        1784366 nvme1n1 WS   55931136   131072   19.476
06:04:21.489 python3        1784367 nvme1n1 WS   73162752   131072   19.577
06:04:21.489 python3        1784367 nvme1n1 WS   73163008   131072   19.601
06:04:21.489 python3        1784367 nvme1n1 WS   73163264   131072   19.669
06:04:21.489 python3        1784367 nvme1n1 WS   73163520   131072   19.744
06:04:21.489 python3        1784367 nvme1n1 WS   73163776   131072   19.823
06:04:21.489 python3        1784367 nvme1n1 WS   73164032   131072   19.903
06:04:21.489 python3        1784367 nvme1n1 WS   73164288   131072   19.977
06:04:21.489 python3        1784367 nvme1n1 WS   73164544   131072   20.037
06:04:21.489 python3        1784367 nvme1n1 WS   73164800   131072   20.110
06:04:21.489 python3        1784367 nvme1n1 WS   73165056   131072   20.189
06:04:21.489 python3        1784367 nvme1n1 WS   73165312   131072   20.270
06:04:21.489 python3        1784367 nvme1n1 WS   73165568   131072   20.356
06:04:21.490 python3        1784367 nvme1n1 WS   73158656   131072   20.477
06:04:21.490 python3        1784367 nvme1n1 WS   73158912   131072   20.548
06:04:21.490 python3        1784367 nvme1n1 WS   73159168   131072   20.621
06:04:21.490 python3        1784367 nvme1n1 WS   73159424   131072   20.696
06:04:21.490 python3        1784367 nvme1n1 WS   73165824   131072   20.745
06:04:21.490 python3        1784367 nvme1n1 WS   73166080   131072   20.821
06:04:21.490 python3        1784367 nvme1n1 WS   73166336   131072   20.899
06:04:21.490 python3        1784367 nvme1n1 WS   73166592   131072   20.962
06:04:21.490 python3        1784367 nvme1n1 WS   73170944   114688   21.029
06:04:21.490 python3        1784367 nvme1n1 WS   73159680   131072   21.159
06:04:21.490 python3        1784367 nvme1n1 WS   73159936   131072   21.234
06:04:21.490 python3        1784367 nvme1n1 WS   73160192   131072   21.307
06:04:21.490 python3        1784367 nvme1n1 WS   73160448   131072   21.359
06:04:21.491 python3        1784367 nvme1n1 WS   73160704   131072   21.436
06:04:21.491 python3        1784367 nvme1n1 WS   73160960   131072   21.513
06:04:21.491 python3        1784367 nvme1n1 WS   73161216   131072   21.593
06:04:21.491 python3        1784367 nvme1n1 WS   73161472   131072   21.668
06:04:21.491 python3        1784367 nvme1n1 WS   73161728   131072   21.743
06:04:21.491 python3        1784367 nvme1n1 WS   73161984   131072   21.822
06:04:21.491 python3        1784367 nvme1n1 WS   73162240   131072   21.898
06:04:21.491 python3        1784367 nvme1n1 WS   73162496   131072   21.950
06:04:21.491 python3        1784367 nvme1n1 WS   73175040   131072   22.026
06:04:21.491 python3        1784367 nvme1n1 WS   73175296   131072   22.106
06:04:22.299 nvme           1885851 Unknown N    -1         512       0.038
06:04:22.399 jbd2/nv        752     nvme1n1 WSM  878861376  131072    0.176
06:04:22.399 jbd2/nv        752     nvme1n1 WSM  878861632  131072    0.213
06:04:22.400 jbd2/nv        752     nvme1n1 WSM  878861888  131072    0.247
06:04:22.400 jbd2/nv        752     nvme1n1 WSM  878862144  102400    0.252
06:04:22.400 jbd2/nv        752     nvme1n1 WSM  878862344  4096      0.031
06:04:23.301 nvme           1885871 Unknown N    -1         512       0.035
06:04:23.433 dockerd        1436    nvme1n1 WS   1534291424 4096      0.053
06:04:23.433 jbd2/nv        752     nvme1n1 WSM  878862352  49152     0.078
06:04:23.433 jbd2/nv        752     nvme1n1 WSM  878862448  4096      0.028
06:04:23.433 dockerd        1436    nvme1n1 WS   1534291432 4096      0.030
06:04:23.433 jbd2/nv        752     nvme1n1 WSM  878862456  49152     0.066
06:04:23.433 jbd2/nv        752     nvme1n1 WSM  878862552  4096      0.028
06:04:24.304 nvme           1885910 Unknown N    -1         512       0.034
06:04:25.306 nvme           1885920 Unknown N    -1         512       0.032
06:04:25.557 python3        1784369 nvme1n1 WS   73179136   131072    0.218
06:04:25.557 python3        1784369 nvme1n1 WS   73179392   131072    0.289
06:04:25.558 python3        1784369 nvme1n1 WS   73179648   131072    0.381
06:04:25.558 python3        1784369 nvme1n1 WS   73179904   131072    0.441
06:04:25.558 python3        1784369 nvme1n1 WS   73180160   131072    0.520
06:04:25.558 python3        1784368 nvme1n1 WS   73183232   131072    0.645
06:04:25.558 python3        1784368 nvme1n1 WS   73183488   131072    0.686
06:04:25.558 python3        1784368 nvme1n1 WS   1647452160 131072    0.779
06:04:25.558 python3        1784368 nvme1n1 WS   1647452416 131072    0.853
06:04:25.558 python3        1784368 nvme1n1 WS   1647452672 131072    0.938
06:04:25.558 python3        1784368 nvme1n1 WS   73183744   131072    1.024
06:04:25.558 python3        1784368 nvme1n1 WS   73184000   131072    1.097
06:04:25.558 python3        1784368 nvme1n1 WS   73184256   131072    1.172
06:04:25.558 python3        1784368 nvme1n1 WS   73184512   131072    1.264
06:04:25.558 python3        1784368 nvme1n1 WS   73184768   131072    1.336
06:04:25.559 python3        1784368 nvme1n1 WS   73185024   131072    1.411
06:04:25.559 python3        1784368 nvme1n1 WS   73185280   131072    1.490
06:04:25.559 python3        1784368 nvme1n1 WS   73185536   131072    1.560
06:04:25.559 python3        1784368 nvme1n1 WS   73185792   131072    1.644
06:04:25.559 python3        1784368 nvme1n1 WS   73186048   131072    1.724
06:04:25.559 python3        1784368 nvme1n1 WS   73186304   131072    1.806
06:04:25.559 python3        1784368 nvme1n1 WS   73186560   131072    1.886
06:04:25.559 python3        1784369 nvme1n1 WS   73180416   131072    2.020
06:04:25.559 python3        1784369 nvme1n1 WS   73180672   131072    2.099
06:04:25.559 python3        1784369 nvme1n1 WS   73180928   131072    2.153
06:04:25.559 python3        1784369 nvme1n1 WS   73181184   131072    2.226
06:04:25.559 python3        1784369 nvme1n1 WS   73181440   131072    2.304
06:04:25.560 python3        1784369 nvme1n1 WS   73181696   131072    2.373
06:04:25.560 python3        1784369 nvme1n1 WS   73181952   131072    2.448
06:04:25.560 python3        1784368 nvme1n1 WS   1647452928 131072    2.575
06:04:25.560 python3        1784368 nvme1n1 WS   1647453184 131072    2.645
06:04:25.560 python3        1784368 nvme1n1 WS   1647453440 131072    2.719
06:04:25.560 python3        1784368 nvme1n1 WS   1647453696 131072    2.795
06:04:25.560 python3        1784368 nvme1n1 WS   1647453952 131072    2.844
06:04:25.560 python3        1784368 nvme1n1 WS   1647454208 131072    2.919
06:04:25.560 python3        1784367 nvme1n1 WS   73187328   131072    3.027
06:04:25.560 python3        1784367 nvme1n1 WS   73187584   131072    3.096
06:04:25.560 python3        1784367 nvme1n1 WS   73187840   131072    3.173
06:04:25.560 python3        1784367 nvme1n1 WS   73188096   131072    3.250
06:04:25.561 python3        1784367 nvme1n1 WS   73188352   131072    3.336
06:04:25.561 python3        1784367 nvme1n1 WS   73188608   131072    3.398
06:04:25.561 python3        1784367 nvme1n1 WS   73188864   131072    3.475
06:04:25.561 python3        1784366 nvme1n1 WS   73191424   131072    3.600
06:04:25.561 python3        1784366 nvme1n1 WS   73191680   131072    3.625
06:04:25.561 python3        1784368 nvme1n1 WS   73186816   131072    3.693
06:04:25.561 python3        1784368 nvme1n1 WS   1647454464 131072    3.756
06:04:25.561 python3        1784368 nvme1n1 WS   1647454720 131072    3.831
06:04:25.561 python3        1784368 nvme1n1 WS   1647454976 131072    3.906
06:04:25.561 python3        1784368 nvme1n1 WS   1647455232 131072    3.983
06:04:25.561 python3        1784368 nvme1n1 WS   1647455488 131072    4.059
06:04:25.561 python3        1784369 nvme1n1 WS   73182208   131072    4.148
06:04:25.561 python3        1784369 nvme1n1 WS   73182464   131072    4.219
06:04:25.562 python3        1784369 nvme1n1 WS   73182720   131072    4.292
06:04:25.562 python3        1784366 nvme1n1 WS   73191936   131072    4.378
06:04:25.562 python3        1784366 nvme1n1 WS   73192192   131072    4.451
06:04:25.562 python3        1784366 nvme1n1 WS   73192448   131072    4.527
06:04:25.562 python3        1784366 nvme1n1 WS   73192704   131072    4.603
06:04:25.562 python3        1784366 nvme1n1 WS   73192960   131072    4.679
06:04:25.562 python3        1784367 nvme1n1 WS   73189120   131072    4.762
06:04:25.562 python3        1784367 nvme1n1 WS   73189376   131072    4.839
06:04:25.562 python3        1784368 nvme1n1 WS   1647455744 131072    4.912
06:04:25.562 python3        1784367 nvme1n1 WS   73189632   131072    4.990
06:04:25.562 python3        1784367 nvme1n1 WS   73189888   131072    5.067
06:04:25.562 python3        1784367 nvme1n1 WS   73190144   131072    5.141
06:04:25.562 python3        1784367 nvme1n1 WS   73190400   131072    5.215
06:04:25.563 python3        1784367 nvme1n1 WS   73190656   131072    5.289
06:04:25.563 python3        1784367 nvme1n1 WS   73190912   131072    5.363
06:04:25.563 python3        1784366 nvme1n1 WS   723521536  131072    5.463
06:04:25.563 python3        1784366 nvme1n1 WS   723521792  131072    5.530
06:04:25.563 python3        1784366 nvme1n1 WS   723522048  131072    5.604
06:04:25.563 python3        1784366 nvme1n1 WS   723522304  131072    5.678
06:04:25.563 python3        1784366 nvme1n1 WS   723522560  131072    5.755
06:04:25.563 python3        1784368 nvme1n1 WS   73187072   131072    5.853
06:04:25.563 python3        1784368 nvme1n1 WS   73195520   131072    5.921
06:04:25.563 python3        1784368 nvme1n1 WS   73195776   131072    5.998
06:04:25.563 python3        1784368 nvme1n1 WS   1647456000 131072    6.078
06:04:25.563 python3        1784368 nvme1n1 WS   1647456256 131072    6.138
06:04:25.563 python3        1784368 nvme1n1 WS   1647456512 131072    6.217
06:04:25.564 python3        1784366 nvme1n1 WS   723522816  131072    6.301
06:04:25.564 python3        1784366 nvme1n1 WS   723523072  131072    6.375
06:04:25.564 python3        1784366 nvme1n1 WS   73193216   131072    6.457
06:04:25.564 python3        1784366 nvme1n1 WS   73193472   131072    6.528
06:04:25.564 python3        1784366 nvme1n1 WS   73193728   131072    6.605
06:04:25.564 python3        1784366 nvme1n1 WS   73193984   131072    6.681
06:04:25.564 python3        1784366 nvme1n1 WS   73194240   131072    6.757
06:04:25.564 python3        1784369 nvme1n1 WS   73182976   131072    6.841
06:04:25.564 python3        1784369 nvme1n1 WS   73199616   131072    6.949
06:04:25.564 python3        1784369 nvme1n1 WS   73199872   131072    7.027
06:04:25.564 python3        1784367 nvme1n1 WS   73191168   131072    7.114
06:04:25.564 python3        1784367 nvme1n1 WS   73203712   131072    7.189
06:04:25.565 python3        1784367 nvme1n1 WS   73203968   131072    7.268
06:04:25.565 python3        1784366 nvme1n1 WS   73194496   131072    7.353
06:04:25.565 python3        1784366 nvme1n1 WS   73194752   131072    7.430
06:04:25.565 python3        1784366 nvme1n1 WS   73195008   131072    7.517
06:04:25.565 python3        1784366 nvme1n1 WS   723523328  131072    7.658
06:04:25.565 python3        1784366 nvme1n1 WS   723523584  131072    7.684
06:04:25.565 python3        1784366 nvme1n1 WS   723523840  131072    7.747
06:04:25.565 python3        1784366 nvme1n1 WS   723524096  131072    7.807
06:04:25.565 python3        1784366 nvme1n1 WS   723524352  131072    7.883
06:04:25.565 python3        1784366 nvme1n1 WS   723524608  131072    7.964
06:04:25.565 python3        1784366 nvme1n1 WS   723524864  131072    8.055
06:04:25.565 python3        1784366 nvme1n1 WS   723525120  131072    8.108
06:04:25.565 python3        1784366 nvme1n1 WS   73195264   131072    8.192
06:04:25.566 python3        1784366 nvme1n1 WS   73207808   131072    8.266
06:04:25.566 python3        1784366 nvme1n1 WS   73208064   131072    8.343
06:04:25.566 python3        1784366 nvme1n1 WS   723525376  131072    8.406
06:04:25.566 python3        1784366 nvme1n1 WS   723525632  131072    8.481
06:04:25.566 python3        1784366 nvme1n1 WS   723525888  131072    8.558
06:04:25.566 python3        1784366 nvme1n1 WS   73211904   131072    8.625
06:04:25.566 python3        1784366 nvme1n1 WS   73212160   131072    8.695
06:04:25.566 python3        1784366 nvme1n1 WS   73212416   131072    8.775
06:04:25.566 python3        1784366 nvme1n1 WS   73212672   131072    8.848
06:04:25.566 python3        1784366 nvme1n1 WS   73212928   131072    8.927
06:04:25.566 python3        1784366 nvme1n1 WS   73213184   131072    9.004
06:04:25.566 python3        1784366 nvme1n1 WS   73213440   131072    9.080
06:04:25.567 python3        1784366 nvme1n1 WS   73213696   131072    9.136
06:04:25.567 python3        1784366 nvme1n1 WS   73213952   131072    9.214
06:04:25.567 python3        1784366 nvme1n1 WS   73214208   131072    9.283
06:04:25.567 python3        1784366 nvme1n1 WS   73214464   131072    9.358
06:04:25.567 python3        1784366 nvme1n1 WS   73214720   131072    9.433
06:04:25.567 python3        1784366 nvme1n1 WS   73214976   131072    9.515
06:04:25.567 python3        1784366 nvme1n1 WS   73215232   131072    9.584
06:04:25.567 python3        1784366 nvme1n1 WS   73215488   131072    9.657
06:04:25.567 python3        1784369 nvme1n1 WS   73216000   131072    9.757
06:04:25.567 python3        1784369 nvme1n1 WS   73216256   131072    9.828
06:04:25.567 python3        1784369 nvme1n1 WS   73216512   131072    9.904
06:04:25.567 python3        1784369 nvme1n1 WS   73216768   131072    9.982
06:04:25.567 python3        1784369 nvme1n1 WS   73217024   131072   10.056
06:04:25.568 python3        1784369 nvme1n1 WS   73217280   131072   10.132
06:04:25.568 python3        1784369 nvme1n1 WS   73217536   131072   10.211
06:04:25.568 python3        1784366 nvme1n1 WS   73215744   131072   10.276
06:04:25.568 python3        1784366 nvme1n1 WS   73220096   131072   10.350
06:04:25.568 python3        1784366 nvme1n1 WS   73220352   131072   10.427
06:04:25.568 python3        1784369 nvme1n1 WS   73217792   131072   10.505
06:04:25.568 python3        1784369 nvme1n1 WS   73218048   131072   10.582
06:04:25.568 python3        1784369 nvme1n1 WS   73218304   131072   10.656
06:04:25.568 python3        1784369 nvme1n1 WS   73218560   131072   10.735
06:04:25.568 python3        1784369 nvme1n1 WS   73218816   131072   10.810
06:04:25.568 python3        1784369 nvme1n1 WS   73219072   131072   10.891
06:04:25.568 python3        1784369 nvme1n1 WS   73219328   131072   10.964
06:04:25.568 python3        1784369 nvme1n1 WS   73219584   131072   11.039
06:04:25.569 python3        1784368 nvme1n1 WS   1647460352 131072   11.140
06:04:25.569 python3        1784368 nvme1n1 WS   1647460608 131072   11.211
06:04:25.569 python3        1784368 nvme1n1 WS   1647460864 131072   11.289
06:04:25.569 python3        1784368 nvme1n1 WS   1647461120 131072   11.370
06:04:25.569 python3        1784368 nvme1n1 WS   1647461376 131072   11.445
06:04:25.569 python3        1784368 nvme1n1 WS   1647461632 131072   11.522
06:04:25.569 python3        1784368 nvme1n1 WS   1647461888 131072   11.599
06:04:25.569 python3        1784369 nvme1n1 WS   73219840   131072   11.696
06:04:25.569 python3        1784369 nvme1n1 WS   73224192   131072   11.779
06:04:25.569 python3        1784369 nvme1n1 WS   73224448   131072   11.854
06:04:25.569 python3        1784368 nvme1n1 WS   1647462144 131072   11.984
06:04:25.570 python3        1784368 nvme1n1 WS   1647462400 131072   12.109
06:04:25.570 python3        1784368 nvme1n1 WS   1647462656 131072   12.236
06:04:25.570 python3        1784368 nvme1n1 WS   1647462912 131072   12.363
06:04:25.570 python3        1784368 nvme1n1 WS   1647463168 131072   12.491
06:04:25.570 python3        1784368 nvme1n1 WS   1647463424 131072   12.632
06:04:25.570 python3        1784368 nvme1n1 WS   1647463680 131072   12.776
06:04:25.570 python3        1784368 nvme1n1 WS   1647463936 131072   12.918
06:04:25.571 python3        1784368 nvme1n1 WS   1647464192 131072   13.052
06:04:25.571 python3        1784368 nvme1n1 WS   1647464448 131072   13.196
06:04:25.571 python3        1784368 nvme1n1 WS   1647464704 131072   13.342
06:04:25.571 python3        1784369 nvme1n1 WS   55934976   131072   13.509
06:04:25.571 python3        1784369 nvme1n1 WS   55935232   131072   13.649
06:04:25.571 python3        1784369 nvme1n1 WS   55935488   131072   13.792
06:04:25.571 python3        1784369 nvme1n1 WS   55935744   131072   13.936
06:04:25.572 python3        1784369 nvme1n1 WS   55936000   131072   14.078
06:04:25.572 python3        1784369 nvme1n1 WS   55936256   131072   14.221
06:04:25.572 python3        1784369 nvme1n1 WS   55936512   131072   14.364
06:04:25.572 python3        1784369 nvme1n1 WS   55936768   131072   14.490
06:04:25.572 python3        1784369 nvme1n1 WS   55937024   131072   14.632
06:04:25.572 python3        1784369 nvme1n1 WS   55937280   131072   14.776
06:04:25.572 python3        1784369 nvme1n1 WS   55937536   131072   14.924
06:04:25.573 python3        1784369 nvme1n1 WS   55937792   131072   15.062
06:04:25.573 python3        1784369 nvme1n1 WS   55938048   131072   15.206
06:04:25.573 python3        1784369 nvme1n1 WS   55938304   131072   15.351
06:04:25.573 python3        1784369 nvme1n1 WS   55938560   131072   15.494
06:04:25.573 python3        1784369 nvme1n1 WS   55938816   131072   15.622
06:04:25.573 python3        1784369 nvme1n1 WS   55947264   131072   15.765
06:04:25.573 python3        1784369 nvme1n1 WS   55947520   131072   15.911
06:04:25.574 python3        1784367 nvme1n1 WS   55939072   131072   16.096
06:04:25.574 python3        1784367 nvme1n1 WS   55939328   131072   16.238
06:04:25.574 python3        1784367 nvme1n1 WS   55939584   131072   16.384
06:04:25.574 python3        1784367 nvme1n1 WS   55939840   131072   16.530
06:04:25.574 python3        1784367 nvme1n1 WS   55940096   131072   16.664
06:04:25.574 python3        1784367 nvme1n1 WS   55940352   131072   16.762
06:04:25.574 python3        1784367 nvme1n1 WS   55940608   131072   16.841
06:04:25.574 python3        1784369 nvme1n1 WS   55943168   131072   16.914
06:04:25.575 python3        1784369 nvme1n1 WS   55943424   131072   16.985
06:04:25.575 python3        1784369 nvme1n1 WS   55943680   131072   17.062
06:04:25.575 python3        1784369 nvme1n1 WS   55943936   131072   17.144
06:04:25.575 python3        1784369 nvme1n1 WS   55944192   131072   17.224
06:04:25.575 python3        1784369 nvme1n1 WS   55944448   131072   17.311
06:04:25.575 python3        1784369 nvme1n1 WS   55944704   131072   17.392
06:04:25.575 python3        1784369 nvme1n1 WS   55944960   131072   17.453
06:04:25.575 python3        1784369 nvme1n1 WS   55945216   131072   17.534
06:04:25.575 python3        1784369 nvme1n1 WS   55945472   131072   17.612
06:04:25.575 python3        1784369 nvme1n1 WS   55945728   131072   17.697
06:04:25.575 python3        1784369 nvme1n1 WS   55945984   131072   17.770
06:04:25.575 python3        1784369 nvme1n1 WS   55946240   131072   17.848
06:04:25.576 python3        1784369 nvme1n1 WS   55946496   131072   17.926
06:04:25.576 python3        1784369 nvme1n1 WS   55946752   131072   18.004
06:04:25.576 python3        1784369 nvme1n1 WS   55947008   131072   18.065
06:04:25.576 python3        1784367 nvme1n1 WS   55940864   131072   18.211
06:04:25.576 python3        1784367 nvme1n1 WS   55941120   131072   18.291
06:04:25.576 python3        1784367 nvme1n1 WS   55941376   131072   18.368
06:04:25.576 python3        1784367 nvme1n1 WS   55941632   131072   18.444
06:04:25.576 python3        1784367 nvme1n1 WS   55941888   131072   18.519
06:04:25.576 python3        1784367 nvme1n1 WS   55942144   131072   18.596
06:04:25.576 python3        1784367 nvme1n1 WS   55942400   131072   18.672
06:04:25.576 python3        1784367 nvme1n1 WS   55942656   131072   18.787
06:04:25.576 python3        1784367 nvme1n1 WS   55942912   131072   18.851
06:04:25.577 python3        1784367 nvme1n1 WS   55951360   131072   18.930
06:04:25.577 python3        1784367 nvme1n1 WS   55951616   131072   19.008
06:04:25.577 python3        1784368 nvme1n1 WS   56205312   131072   19.163
06:04:25.577 python3        1784368 nvme1n1 WS   56205568   131072   19.166
06:04:25.577 python3        1784369 nvme1n1 WS   55959552   131072   19.226
06:04:25.577 python3        1784369 nvme1n1 WS   55959808   131072   19.304
06:04:25.577 python3        1784368 nvme1n1 WS   56205824   131072   19.385
06:04:25.577 python3        1784368 nvme1n1 WS   56206080   131072   19.460
06:04:25.577 python3        1784368 nvme1n1 WS   56206336   131072   19.538
06:04:25.577 python3        1784368 nvme1n1 WS   56206592   131072   19.615
06:04:25.577 python3        1784368 nvme1n1 WS   56206848   131072   19.693
06:04:25.577 python3        1784368 nvme1n1 WS   56207104   131072   19.761
06:04:25.578 python3        1784368 nvme1n1 WS   56207360   131072   19.826
06:04:25.578 python3        1784368 nvme1n1 WS   56207616   131072   19.904
06:04:25.578 python3        1784368 nvme1n1 WS   56207872   131072   19.985
06:04:25.578 python3        1784368 nvme1n1 WS   56208128   131072   20.065
06:04:25.578 python3        1784368 nvme1n1 WS   56208384   131072   20.141
06:04:25.578 python3        1784368 nvme1n1 WS   56208640   131072   20.217
06:04:25.578 python3        1784368 nvme1n1 WS   56208896   131072   20.297
06:04:25.578 python3        1784368 nvme1n1 WS   56209152   131072   20.364
06:04:25.578 python3        1784368 nvme1n1 WS   56209408   131072   20.438
06:04:25.578 python3        1784366 nvme1n1 WS   55955456   131072   20.620
06:04:25.578 python3        1784366 nvme1n1 WS   55955712   131072   20.648
06:04:25.578 python3        1784366 nvme1n1 WS   55955968   131072   20.722
06:04:25.578 python3        1784366 nvme1n1 WS   55956224   131072   20.798
06:04:25.579 python3        1784366 nvme1n1 WS   55956480   131072   20.877
06:04:25.579 python3        1784366 nvme1n1 WS   55956736   131072   20.954
06:04:25.579 python3        1784366 nvme1n1 WS   55956992   131072   21.034
06:04:25.579 python3        1784366 nvme1n1 WS   55957248   131072   21.092
06:04:25.579 python3        1784366 nvme1n1 WS   55957504   131072   21.174
06:04:25.579 python3        1784366 nvme1n1 WS   55957760   131072   21.255
06:04:25.579 python3        1784366 nvme1n1 WS   55958016   131072   21.336
06:04:25.579 python3        1784366 nvme1n1 WS   55958272   131072   21.413
06:04:25.579 python3        1784366 nvme1n1 WS   55958528   131072   21.490
06:04:25.579 python3        1784368 nvme1n1 WS   56209664   131072   21.570
06:04:25.579 python3        1784366 nvme1n1 WS   55958784   131072   21.649
06:04:25.579 python3        1784366 nvme1n1 WS   55959040   131072   21.726
06:04:25.580 python3        1784366 nvme1n1 WS   55959296   131072   21.789
06:04:25.580 python3        1784366 nvme1n1 WS   55963648   131072   21.871
06:04:25.580 python3        1784366 nvme1n1 WS   55963904   131072   21.949
06:04:25.580 python3        1784367 nvme1n1 WS   723529728  131072   22.049
06:04:25.580 python3        1784367 nvme1n1 WS   723529984  131072   22.120
06:04:25.580 python3        1784367 nvme1n1 WS   723530240  131072   22.195
06:04:25.580 python3        1784367 nvme1n1 WS   723530496  131072   22.276
06:04:25.580 python3        1784367 nvme1n1 WS   723530752  131072   22.352
06:04:25.580 python3        1784367 nvme1n1 WS   723531008  131072   22.430
06:04:25.580 python3        1784367 nvme1n1 WS   723531264  131072   22.506
06:04:25.580 python3        1784367 nvme1n1 WS   723531520  131072   22.565
06:04:25.580 python3        1784367 nvme1n1 WS   723531776  131072   22.644
06:04:25.581 python3        1784367 nvme1n1 WS   723532032  131072   22.725
06:04:25.581 python3        1784367 nvme1n1 WS   723532288  131072   22.798
06:04:25.581 python3        1784367 nvme1n1 WS   723532544  131072   22.874
06:04:25.581 python3        1784367 nvme1n1 WS   723532800  131072   22.950
06:04:25.581 python3        1784367 nvme1n1 WS   723533056  131072   23.026
06:04:25.581 python3        1784367 nvme1n1 WS   723533312  131072   23.102
06:04:25.581 python3        1784367 nvme1n1 WS   723533568  131072   23.167
06:04:25.581 python3        1784367 nvme1n1 WS   55967744   131072   23.158
06:04:25.581 python3        1784367 nvme1n1 WS   55968000   131072   23.189
06:04:25.581 python3        1784367 nvme1n1 WS   55968256   131072   23.245
06:04:25.581 python3        1784367 nvme1n1 WS   55968512   131072   23.321
06:04:25.581 python3        1784367 nvme1n1 WS   55968768   131072   23.433
06:04:25.581 python3        1784367 nvme1n1 WS   55969024   131072   23.511
06:04:25.582 python3        1784367 nvme1n1 WS   55969280   131072   23.590
06:04:25.582 python3        1784367 nvme1n1 WS   55969536   131072   23.650
06:04:25.582 python3        1784367 nvme1n1 WS   55969792   131072   23.724
06:04:25.582 python3        1784367 nvme1n1 WS   55970048   131072   23.798
06:04:25.582 python3        1784367 nvme1n1 WS   55970304   131072   23.878
06:04:25.582 python3        1784367 nvme1n1 WS   55970560   131072   23.956
06:04:25.582 python3        1784367 nvme1n1 WS   723533824  131072   24.235
06:04:25.582 python3        1784367 nvme1n1 WS   723534080  131072   24.316
06:04:25.582 python3        1784367 nvme1n1 WS   55970816   131072   24.198
06:04:25.582 python3        1784367 nvme1n1 WS   55971072   131072   24.275
06:04:25.582 python3        1784367 nvme1n1 WS   55971328   131072   24.355
06:04:25.582 python3        1784367 nvme1n1 WS   55971584   131072   24.421
06:04:25.583 python3        1784367 nvme1n1 WS   55971840   131072   24.499
06:04:25.583 python3        1784367 nvme1n1 WS   55972096   131072   24.582
06:04:25.583 python3        1784368 nvme1n1 WS   55975936   131072   18.172
06:04:25.583 python3        1784368 nvme1n1 WS   55976192   131072   18.201
06:04:25.583 python3        1784368 nvme1n1 WS   55976448   131072   18.281
06:04:25.583 python3        1784368 nvme1n1 WS   55976704   131072   18.358
06:04:25.583 python3        1784368 nvme1n1 WS   55976960   131072   18.434
06:04:25.583 python3        1784368 nvme1n1 WS   55977216   131072   18.512
06:04:25.583 python3        1784368 nvme1n1 WS   55977472   131072   18.592
06:04:25.583 python3        1784368 nvme1n1 WS   55977728   131072   18.657
06:04:25.583 python3        1784368 nvme1n1 WS   55977984   131072   18.730
06:04:25.583 python3        1784368 nvme1n1 WS   55978240   131072   18.804
06:04:25.583 python3        1784368 nvme1n1 WS   55978496   131072   18.879
06:04:25.584 python3        1784368 nvme1n1 WS   55978752   131072   18.956
06:04:25.584 python3        1784368 nvme1n1 WS   55979008   131072   19.036
06:04:25.584 python3        1784368 nvme1n1 WS   55979264   131072   19.115
06:04:25.584 python3        1784368 nvme1n1 WS   55979520   131072   19.191
06:04:25.584 python3        1784368 nvme1n1 WS   55979776   131072   19.260
06:04:25.584 python3        1784368 nvme1n1 WS   55980032   131072   19.339
06:04:25.584 python3        1784368 nvme1n1 WS   55980288   131072   19.414
06:04:25.584 python3        1784368 nvme1n1 WS   69936128   131072   19.473
06:04:25.584 python3        1784368 nvme1n1 WS   69936384   131072   19.543
06:04:25.584 python3        1784368 nvme1n1 WS   69936640   131072   19.619
06:04:25.584 python3        1784368 nvme1n1 WS   69936896   86016    19.669
06:04:25.584 python3        1784369 nvme1n1 WS   1647468544 131072   19.354
06:04:25.585 python3        1784369 nvme1n1 WS   1647468800 131072   19.428
06:04:25.585 python3        1784369 nvme1n1 WS   1647469056 131072   19.503
06:04:25.585 python3        1784369 nvme1n1 WS   1647469312 131072   19.581
06:04:25.585 python3        1784369 nvme1n1 WS   1647469568 131072   19.657
06:04:25.585 python3        1784369 nvme1n1 WS   1647469824 131072   19.734
06:04:25.585 python3        1784369 nvme1n1 WS   1647470080 131072   19.812
06:04:25.585 python3        1784369 nvme1n1 WS   1647470336 131072   19.871
06:04:25.585 python3        1784369 nvme1n1 WS   1647470592 131072   19.952
06:04:25.585 python3        1784369 nvme1n1 WS   1647470848 131072   20.039
06:04:25.585 python3        1784369 nvme1n1 WS   1647471104 131072   20.105
06:04:25.585 python3        1784369 nvme1n1 WS   1647471360 131072   20.187
06:04:25.585 python3        1784369 nvme1n1 WS   1647471616 131072   20.266
06:04:25.585 python3        1784369 nvme1n1 WS   1647471872 131072   20.345
06:04:25.586 python3        1784369 nvme1n1 WS   1647472128 131072   20.421
06:04:25.586 python3        1784369 nvme1n1 WS   1647472384 131072   20.488
06:04:25.586 python3        1784369 nvme1n1 WS   1647472640 131072   20.568
06:04:25.586 python3        1784369 nvme1n1 WS   1647472896 131072   20.648
06:04:25.586 python3        1784367 nvme1n1 WS   1647476736 131072   20.670
06:04:25.586 python3        1784367 nvme1n1 WS   1647476992 131072   20.743
06:04:25.586 python3        1784367 nvme1n1 WS   1647477248 131072   20.821
06:04:25.586 python3        1784367 nvme1n1 WS   1647477504 131072   20.897
06:04:25.586 python3        1784367 nvme1n1 WS   1647477760 131072   20.980
06:04:25.586 python3        1784367 nvme1n1 WS   1647478016 131072   21.057
06:04:25.586 python3        1784367 nvme1n1 WS   1647478272 131072   21.157
06:04:25.586 python3        1784367 nvme1n1 WS   1647478528 131072   21.216
06:04:25.587 python3        1784367 nvme1n1 WS   1647478784 131072   21.292
06:04:25.587 python3        1784367 nvme1n1 WS   1647479040 131072   21.368
06:04:25.587 python3        1784367 nvme1n1 WS   1647479296 131072   21.449
06:04:25.587 python3        1784367 nvme1n1 WS   1647479552 131072   21.530
06:04:25.587 python3        1784367 nvme1n1 WS   1647479808 131072   21.613
06:04:25.587 python3        1784367 nvme1n1 WS   1647480064 131072   21.691
06:04:25.587 python3        1784367 nvme1n1 WS   1647480320 131072   21.766
06:04:25.587 python3        1784367 nvme1n1 WS   1647480576 131072   21.833
06:04:25.587 python3        1784367 nvme1n1 WS   1647480832 131072   21.913
06:04:25.587 python3        1784367 nvme1n1 WS   1647481088 131072   21.990
06:04:25.587 python3        1784366 nvme1n1 WS   55984128   131072   20.918
06:04:25.587 python3        1784366 nvme1n1 WS   55984384   131072   20.989
06:04:25.588 python3        1784366 nvme1n1 WS   55984640   131072   21.064
06:04:25.588 python3        1784366 nvme1n1 WS   55984896   131072   21.139
06:04:25.588 python3        1784366 nvme1n1 WS   55985152   131072   21.214
06:04:25.588 python3        1784366 nvme1n1 WS   55985408   131072   21.289
06:04:25.588 python3        1784366 nvme1n1 WS   55985664   131072   21.368
06:04:25.588 python3        1784366 nvme1n1 WS   55985920   131072   21.428
06:04:25.588 python3        1784366 nvme1n1 WS   55986176   131072   21.510
06:04:25.588 python3        1784366 nvme1n1 WS   55986432   131072   21.592
06:04:25.588 python3        1784366 nvme1n1 WS   55986688   131072   21.667
06:04:25.588 python3        1784366 nvme1n1 WS   55986944   131072   21.746
06:04:25.588 python3        1784366 nvme1n1 WS   55987200   131072   21.823
06:04:25.588 python3        1784366 nvme1n1 WS   55987456   131072   21.903
06:04:25.588 python3        1784366 nvme1n1 WS   55987712   131072   21.985
06:04:25.589 python3        1784366 nvme1n1 WS   55987968   131072   22.051
06:04:25.589 python3        1784366 nvme1n1 WS   55988224   131072   22.132
06:04:25.589 python3        1784366 nvme1n1 WS   55988480   131072   22.209
06:04:25.589 python3        1784366 nvme1n1 WS   312034304  131072   22.007
06:04:25.589 python3        1784366 nvme1n1 WS   312034560  131072   22.086
06:04:25.589 python3        1784366 nvme1n1 WS   312034816  131072   22.166
06:04:25.589 python3        1784366 nvme1n1 WS   312035072  86016    22.215
06:04:25.589 python3        1784369 nvme1n1 WS   69944320   131072   18.915
06:04:25.589 python3        1784369 nvme1n1 WS   69944576   131072   18.994
06:04:25.589 python3        1784369 nvme1n1 WS   69944832   131072   19.071
06:04:25.589 python3        1784369 nvme1n1 WS   69945088   86016    19.122
06:04:25.589 python3        1784367 nvme1n1 WS   312037376  131072   12.066
06:04:25.589 python3        1784367 nvme1n1 WS   312037632  131072   12.093
06:04:25.590 python3        1784367 nvme1n1 WS   312037888  131072   12.173
06:04:25.590 python3        1784367 nvme1n1 WS   312038144  86016    12.227
06:04:26.309 nvme           1885925 Unknown N    -1         512       0.036
06:04:27.311 nvme           1885929 Unknown N    -1         512       0.033
06:04:27.424 kworker        1774410 nvme1n1 WM   288        8192      0.118
06:04:27.424 kworker        1774410 nvme1n1 WM   800        4096      0.123
06:04:27.424 kworker        1774410 nvme1n1 WM   816        4096      0.125
06:04:27.424 kworker        1774410 nvme1n1 WM   54525984   4096      0.127
06:04:27.424 kworker        1774410 nvme1n1 WM   71303216   4096      0.128
06:04:27.424 kworker        1774410 nvme1n1 WM   71303232   4096      0.139
06:04:27.424 kworker        1774410 nvme1n1 WM   71303296   4096      0.139
06:04:27.424 kworker        1774410 nvme1n1 WM   71303440   8192      0.141
06:04:27.424 kworker        1774410 nvme1n1 WM   71303464   4096      0.144
06:04:27.424 kworker        1774410 nvme1n1 WM   71303480   4096      0.144
06:04:27.424 kworker        1774410 nvme1n1 WM   71303528   8192      0.146
06:04:27.424 kworker        1774410 nvme1n1 WM   461373696  8192      0.147
06:04:27.424 kworker        1774410 nvme1n1 WM   461374264  4096      0.150
06:04:27.424 kworker        1774410 nvme1n1 WM   591396872  4096      0.154
06:04:27.424 kworker        1774410 nvme1n1 WM   591663440  4096      0.155
06:04:27.424 kworker        1774410 nvme1n1 WM   736        16384     0.169
06:04:27.424 kworker        1774410 nvme1n1 WM   591663848  4096      0.085
06:04:27.424 kworker        1774410 nvme1n1 WM   591664888  4096      0.086
06:04:27.424 kworker        1774410 nvme1n1 WM   591667280  4096      0.092
06:04:27.424 kworker        1774410 nvme1n1 WM   591667576  4096      0.093
06:04:27.424 kworker        1774410 nvme1n1 WM   591668648  4096      0.093
06:04:27.424 kworker        1774410 nvme1n1 WM   591672632  4096      0.094
06:04:27.424 kworker        1774410 nvme1n1 WM   599785480  4096      0.099
06:04:27.424 kworker        1774410 nvme1n1 WM   608174088  4096      0.100
06:04:27.424 kworker        1774410 nvme1n1 WM   608174224  4096      0.100
06:04:27.424 kworker        1774410 nvme1n1 WM   608174336  4096      0.104
06:04:27.424 kworker        1774410 nvme1n1 WM   608174416  4096      0.107
06:04:27.424 kworker        1774410 nvme1n1 WM   608183824  8192      0.113
06:04:27.424 kworker        1774410 nvme1n1 WM   608183856  8192      0.114
06:04:27.424 kworker        1774410 nvme1n1 WM   721730504  8192      0.120
06:04:27.424 kworker        1774410 nvme1n1 WM   721730584  4096      0.122
06:04:27.424 kworker        1774410 nvme1n1 WM   608183880  12288     0.130
06:04:27.425 kworker        1774410 nvme1n1 WM   721730648  4096      0.081
06:04:27.425 kworker        1774410 nvme1n1 WM   721730672  4096      0.081
06:04:27.425 kworker        1774410 nvme1n1 WM   1493172480 4096      0.084
06:04:27.425 kworker        1774410 nvme1n1 WM   1493172504 4096      0.086
06:04:27.425 kworker        1774410 nvme1n1 WM   1530921056 4096      0.089
06:04:27.425 kworker        1774410 nvme1n1 WM   1556086840 4096      0.089
06:04:27.425 kworker        1774410 nvme1n1 WM   1572864128 4096      0.095
06:04:27.425 kworker        1774410 nvme1n1 WM   1572864280 4096      0.095
06:04:27.425 kworker        1774410 nvme1n1 WM   1581252664 4096      0.096
06:04:27.425 kworker        1774410 nvme1n1 WM   1673527408 4096      0.100
06:04:27.425 kworker        1774410 nvme1n1 WM   1702887504 4096      0.103
06:04:27.425 kworker        1774410 nvme1n1 WM   1705580912 4096      0.104
06:04:27.425 kworker        1774410 nvme1n1 WM   1707383280 4096      0.110
06:04:27.425 kworker        1774410 nvme1n1 WM   1707589104 4096      0.111
06:04:27.425 kworker        1774410 nvme1n1 WM   1735442080 4096      0.113
06:04:27.425 kworker        1774410 nvme1n1 WM   905976800  20480     0.126
06:04:27.425 kworker        1774410 nvme1n1 WM   1756377568 4096      0.076
06:04:27.425 kworker        1774410 nvme1n1 WM   1756384208 4096      0.076
06:04:27.425 kworker        1774410 nvme1n1 WM   1756389904 4096      0.081
06:04:27.425 kworker        1774410 nvme1n1 WM   1756390112 4096      0.083
06:04:27.425 kworker        1774410 nvme1n1 WM   1756407792 4096      0.083
06:04:27.425 kworker        1774410 nvme1n1 WM   1756414136 4096      0.085
06:04:27.425 kworker        1774410 nvme1n1 WM   1756414912 4096      0.089
06:04:27.425 kworker        1774410 nvme1n1 WM   1756415544 8192      0.094
06:04:27.425 kworker        1774410 nvme1n1 WM   1756439512 4096      0.099
06:04:27.425 kworker        1774410 nvme1n1 WM   1756440536 4096      0.103
06:04:27.425 kworker        1774410 nvme1n1 WM   1756440888 4096      0.106
06:04:27.425 kworker        1774410 nvme1n1 WM   1756520944 8192      0.112
06:04:27.425 kworker        1774410 nvme1n1 WM   1756521272 4096      0.117
06:04:27.425 kworker        1774410 nvme1n1 WM   1756528312 4096      0.118
06:04:27.425 kworker        1774410 nvme1n1 WM   1756600008 4096      0.121
06:04:27.425 kworker        1774410 nvme1n1 WM   1756662032 4096      0.122
06:04:27.425 kworker        1774410 nvme1n1 WM   1756662680 4096      0.073
06:04:27.425 kworker        1774410 nvme1n1 WM   1756662720 4096      0.073
06:04:27.425 kworker        1774410 nvme1n1 WM   1756670512 4096      0.078
06:04:27.425 kworker        1774410 nvme1n1 WM   1756680680 4096      0.080
06:04:27.425 kworker        1774410 nvme1n1 WM   1756686296 4096      0.081
06:04:27.425 kworker        1774410 nvme1n1 WM   1756710624 4096      0.083
06:04:27.425 kworker        1774410 nvme1n1 WM   1756762616 4096      0.087
06:04:27.425 kworker        1774410 nvme1n1 WM   1756772976 4096      0.091
06:04:27.425 kworker        1774410 nvme1n1 WM   1756778120 4096      0.097
06:04:27.425 kworker        1774410 nvme1n1 WM   1756780360 4096      0.097
06:04:27.425 kworker        1774410 nvme1n1 WM   1756780488 4096      0.098
06:04:27.425 kworker        1774410 nvme1n1 WM   1756811256 4096      0.105
06:04:27.425 kworker        1774410 nvme1n1 WM   1756828032 4096      0.108
06:04:27.425 kworker        1774410 nvme1n1 WM   1756828064 4096      0.109
06:04:27.425 kworker        1774410 nvme1n1 WM   1756828104 4096      0.113
06:04:27.425 kworker        1774410 nvme1n1 WM   1756828128 4096      0.114
06:04:27.425 kworker        1774410 nvme1n1 WM   1756831728 4096      0.073
06:04:27.425 kworker        1774410 nvme1n1 WM   1756833776 4096      0.076
06:04:27.425 kworker        1774410 nvme1n1 WM   1756840416 4096      0.081
06:04:27.425 kworker        1774410 nvme1n1 WM   1756840440 4096      0.082
06:04:27.425 kworker        1774410 nvme1n1 WM   1756847288 4096      0.082
06:04:27.425 kworker        1774410 nvme1n1 WM   1756847736 4096      0.083
06:04:27.425 kworker        1774410 nvme1n1 WM   1756848464 4096      0.088
06:04:27.425 kworker        1774410 nvme1n1 WM   1756848496 4096      0.089
06:04:27.425 kworker        1774410 nvme1n1 WM   1756848544 4096      0.094
06:04:27.425 kworker        1774410 nvme1n1 WM   1756848600 4096      0.095
06:04:27.425 kworker        1774410 nvme1n1 WM   1756848616 4096      0.096
06:04:27.425 kworker        1774410 nvme1n1 WM   1756864800 4096      0.103
06:04:27.425 kworker        1774410 nvme1n1 WM   1756864864 4096      0.106
06:04:27.425 kworker        1774410 nvme1n1 WM   1756864896 4096      0.108
06:04:27.425 kworker        1774410 nvme1n1 WM   1756864928 4096      0.111
06:04:27.425 kworker        1774410 nvme1n1 WM   1756866296 4096      0.113
06:04:27.425 kworker        1774410 nvme1n1 WM   1756866984 4096      0.050
06:04:27.425 kworker        1774410 nvme1n1 WM   1756867064 4096      0.051
06:04:27.425 kworker        1774410 nvme1n1 WM   1756868312 4096      0.055
06:04:27.425 kworker        1774410 nvme1n1 WM   1756872688 4096      0.057
06:04:27.425 kworker        1774410 nvme1n1 WM   1756879464 4096      0.059
06:04:27.425 kworker        1774410 nvme1n1 WM   1756879600 4096      0.062
06:04:27.425 kworker        1774410 nvme1n1 WM   1756886992 4096      0.065
06:04:27.425 kworker        1774410 nvme1n1 WM   1756909528 4096      0.066
06:04:28.297 amoprof        1787544 nvme1n1 W    1647046464 4096      0.056
