TIMESTAMP    COMM           PID     DISK    T    SECTOR     BYTES   LAT(ms)
02:51:02.976 nvme           1648793 Unknown N    -1         512       0.045
02:51:03.456 kworker        1638303 nvme1n1 WM   784        4096      0.088
02:51:03.456 kworker        1638303 nvme1n1 WM   1485058520 4096      0.091
02:51:03.456 kworker        1638303 nvme1n1 WM   1497739352 8192      0.091
02:51:03.456 kworker        1638303 nvme1n1 WM   1497739520 4096      0.096
02:51:03.456 kworker        1638303 nvme1n1 WM   1635778672 4096      0.097
02:51:03.456 kworker        1638303 nvme1n1 WM   1756827520 4096      0.098
02:51:03.456 kworker        1638303 nvme1n1 WM   1756827632 4096      0.098
02:51:03.456 kworker        1638303 nvme1n1 WM   595597320  53248     0.126
02:51:03.456 kworker        1638303 nvme1n1 WM   595597464  36864     0.149
02:51:03.456 kworker        1638303 nvme1n1 WM   1497739376 12288     0.153
02:51:03.968 jbd2/nv        752     nvme1n1 WSM  877754448  4096      0.057
02:51:03.968 jbd2/nv        752     nvme1n1 WSM  877754192  131072    0.152
02:51:03.968 jbd2/nv        752     nvme1n1 WSM  877754456  4096      0.028
02:51:03.979 nvme           1648845 Unknown N    -1         512       0.071
02:51:04.981 nvme           1648846 Unknown N    -1         512       0.031
02:51:05.983 nvme           1648847 Unknown N    -1         512       0.029
02:51:06.986 nvme           1648848 Unknown N    -1         512       0.029
02:51:07.988 nvme           1648849 Unknown N    -1         512       0.029
02:51:08.577 kworker        1646728 nvme1n1 W    595918960  110592    0.188
02:51:08.577 kworker        1646728 nvme1n1 W    1526052944 131072    0.257
02:51:08.577 kworker        1646728 nvme1n1 W    1526053200 61440     0.292
02:51:08.577 kworker        1646728 nvme1n1 W    595919176  32768     0.298
02:51:08.577 kworker        1646728 nvme1n1 W    1526053320 131072    0.377
02:51:08.577 kworker        1646728 nvme1n1 W    1526053576 90112     0.429
02:51:08.577 kworker        1646728 nvme1n1 W    1499445048 77824     0.476
02:51:08.577 kworker        1646728 nvme1n1 W    595919240  45056     0.502
02:51:08.990 nvme           1648850 Unknown N    -1         512       0.079
02:51:09.197 jbd2/nv        752     nvme1n1 WSM  877754464  61440     0.093
02:51:09.197 jbd2/nv        752     nvme1n1 WSM  877754584  4096      0.028
02:51:09.992 nvme           1648851 Unknown N    -1         512       0.028
02:51:10.797 jbd2/nv        391     nvme0n1 WSM  4322488    45056     0.608
02:51:10.798 jbd2/nv        391     nvme0n1 WSM  4322576    4096      0.367
02:51:10.995 nvme           1648852 Unknown N    -1         512       0.028
02:51:11.649 kworker        1646728 nvme0n1 WM   2099224    4096      0.574
02:51:11.649 kworker        1646728 nvme0n1 WM   2099200    8192      0.598
02:51:11.649 kworker        1646728 nvme0n1 WM   2102880    4096      0.599
02:51:11.649 kworker        1646728 nvme0n1 WM   2103000    4096      0.602
02:51:11.649 kworker        1646728 nvme0n1 WM   6310504    4096      0.608
02:51:11.649 kworker        1646728 nvme0n1 WM   9089776    4096      0.684
02:51:11.649 kworker        1646728 nvme0n1 WM   6309888    4096      0.695
02:51:11.649 kworker        1646728 nvme0n1 WM   6310376    4096      0.708
02:51:11.649 kworker        1646728 nvme0n1 WM   14682128   4096      0.717
02:51:11.649 kworker        1646728 nvme0n1 WM   35653696   4096      0.722
02:51:11.649 kworker        1646728 nvme0n1 WM   19142624   4096      0.728
02:51:11.649 kworker        1646728 nvme0n1 WM   10488672   4096      0.732
02:51:11.997 nvme           1648853 Unknown N    -1         512       0.029
02:51:12.983 amoprof        1271097 nvme1n1 W    595899496  4096      0.058
