TIMESTAMP    COMM           PID     DISK    T    SECTOR     BYTES   LAT(ms)
06:20:58.898 nvme           1922260 Unknown N    -1         512       0.032
06:20:59.168 kworker        1696237 nvme1n1 W    608809704  4096      0.080
06:20:59.168 kworker        1696237 nvme1n1 W    608789120  4096      0.084
06:20:59.168 kworker        1696237 nvme1n1 W    608779648  8192      0.084
06:20:59.168 kworker        1879956 nvme1n1 W    608787976  4096      0.066
06:20:59.168 kworker        1879956 nvme1n1 W    608787992  4096      0.072
06:20:59.168 kworker        1879956 nvme1n1 W    608788008  4096      0.078
06:20:59.168 kworker        1879956 nvme1n1 W    844472000  36864     0.093
06:20:59.168 kworker        1879956 nvme1n1 W    1565770912 32768     0.109
06:20:59.168 kworker        1879956 nvme1n1 W    1565770976 28672     0.125
06:20:59.680 kworker        1696237 nvme1n1 W    1642274584 24576     0.070
06:20:59.680 jbd2/nv        752     nvme1n1 WSM  877050800  131072    0.149
06:20:59.680 jbd2/nv        752     nvme1n1 WSM  877051056  32768     0.153
06:20:59.680 jbd2/nv        752     nvme1n1 WSM  877051120  4096      0.029
06:20:59.901 nvme           1922315 Unknown N    -1         512       0.077
06:21:00.903 nvme           1922319 Unknown N    -1         512       0.030
06:21:01.906 nvme           1922330 Unknown N    -1         512       0.034
06:21:02.855 python3        1784368 nvme1n1 WS   1662349312 131072    0.193
06:21:02.855 python3        1784368 nvme1n1 WS   1662349568 131072    0.257
06:21:02.856 python3        1784368 nvme1n1 WS   1662349824 131072    0.319
06:21:02.856 python3        1784368 nvme1n1 WS   1662350080 131072    0.405
06:21:02.856 python3        1784368 nvme1n1 WS   1662350336 131072    0.500
06:21:02.856 python3        1784368 nvme1n1 WS   1662350592 131072    0.590
06:21:02.856 python3        1784368 nvme1n1 WS   1662350848 131072    0.680
06:21:02.856 python3        1784368 nvme1n1 WS   1662351104 131072    0.684
06:21:02.856 python3        1784368 nvme1n1 WS   1662351360 131072    0.762
06:21:02.856 python3        1784368 nvme1n1 WS   1662351616 131072    0.846
06:21:02.856 python3        1784368 nvme1n1 WS   1662351872 131072    0.922
06:21:02.856 python3        1784368 nvme1n1 WS   1662352128 131072    1.003
06:21:02.856 python3        1784368 nvme1n1 WS   1662352384 131072    1.087
06:21:02.856 python3        1784368 nvme1n1 WS   1662352640 131072    1.181
06:21:02.857 python3        1784368 nvme1n1 WS   1662352896 131072    1.249
06:21:02.857 python3        1784368 nvme1n1 WS   1662353152 131072    1.314
06:21:02.857 python3        1784368 nvme1n1 WS   1662357504 131072    1.395
06:21:02.857 python3        1784368 nvme1n1 WS   1662357760 131072    1.484
06:21:02.857 python3        1784368 nvme1n1 WS   1662353408 131072    1.546
06:21:02.857 python3        1784368 nvme1n1 WS   1662353664 131072    1.621
06:21:02.857 python3        1784368 nvme1n1 WS   1662353920 131072    1.700
06:21:02.857 python3        1784368 nvme1n1 WS   1662354176 131072    1.783
06:21:02.857 python3        1784368 nvme1n1 WS   1662354432 131072    1.866
06:21:02.857 python3        1784368 nvme1n1 WS   1662354688 131072    1.945
06:21:02.857 python3        1784368 nvme1n1 WS   1662354944 131072    2.026
06:21:02.857 python3        1784368 nvme1n1 WS   1662355200 131072    2.084
06:21:02.858 python3        1784368 nvme1n1 WS   1662355456 131072    2.158
06:21:02.858 python3        1784368 nvme1n1 WS   1662355712 131072    2.236
06:21:02.858 python3        1784368 nvme1n1 WS   1662355968 131072    2.310
06:21:02.858 python3        1784368 nvme1n1 WS   1662356224 131072    2.383
06:21:02.858 python3        1784368 nvme1n1 WS   1662356480 131072    2.462
06:21:02.858 python3        1784368 nvme1n1 WS   1662356736 131072    2.533
06:21:02.858 python3        1784368 nvme1n1 WS   1662356992 131072    2.607
06:21:02.858 python3        1784369 nvme1n1 WS   1662361600 131072    2.676
06:21:02.858 python3        1784369 nvme1n1 WS   1662361856 131072    2.744
06:21:02.858 python3        1784369 nvme1n1 WS   1662362112 131072    2.813
06:21:02.858 python3        1784369 nvme1n1 WS   1662362368 131072    2.885
06:21:02.858 python3        1784369 nvme1n1 WS   1662362624 131072    2.961
06:21:02.859 python3        1784368 nvme1n1 WS   1662357248 131072    3.062
06:21:02.859 python3        1784368 nvme1n1 WS   1662369792 131072    3.131
06:21:02.859 python3        1784368 nvme1n1 WS   1662370048 131072    3.205
06:21:02.859 python3        1784367 nvme1n1 WS   1662365696 131072    3.289
06:21:02.859 python3        1784367 nvme1n1 WS   1662365952 131072    3.349
06:21:02.859 python3        1784369 nvme1n1 WS   1662362880 131072    3.422
06:21:02.859 python3        1784369 nvme1n1 WS   1662363136 131072    3.496
06:21:02.859 python3        1784369 nvme1n1 WS   1662363392 131072    3.546
06:21:02.859 python3        1784369 nvme1n1 WS   1662363648 131072    3.620
06:21:02.859 python3        1784369 nvme1n1 WS   1662363904 131072    3.694
06:21:02.859 python3        1784367 nvme1n1 WS   1662366208 131072    3.815
06:21:02.859 python3        1784367 nvme1n1 WS   1662366464 131072    3.886
06:21:02.859 python3        1784367 nvme1n1 WS   1662366720 131072    3.960
06:21:02.859 python3        1784367 nvme1n1 WS   1662366976 131072    4.032
06:21:02.860 python3        1784367 nvme1n1 WS   1662367232 131072    4.106
06:21:02.860 python3        1784367 nvme1n1 WS   1662373888 131072    4.180
06:21:02.860 python3        1784367 nvme1n1 WS   1662374144 131072    4.247
06:21:02.860 python3        1784367 nvme1n1 WS   1662374400 131072    4.318
06:21:02.860 python3        1784367 nvme1n1 WS   1662374656 131072    4.393
06:21:02.860 python3        1784367 nvme1n1 WS   1662374912 131072    4.474
06:21:02.860 python3        1784367 nvme1n1 WS   1662375168 131072    4.539
06:21:02.860 python3        1784367 nvme1n1 WS   1662375424 131072    4.613
06:21:02.860 python3        1784368 nvme1n1 WS   1662382080 131072    4.706
06:21:02.860 python3        1784368 nvme1n1 WS   1662382336 131072    4.773
06:21:02.860 python3        1784368 nvme1n1 WS   1662382592 131072    4.850
06:21:02.860 python3        1784368 nvme1n1 WS   1662382848 131072    4.926
06:21:02.861 python3        1784368 nvme1n1 WS   1662383104 131072    5.001
06:21:02.861 python3        1784368 nvme1n1 WS   1662383360 131072    5.077
06:21:02.861 python3        1784368 nvme1n1 WS   1662383616 131072    5.151
06:21:02.861 python3        1784369 nvme1n1 WS   1662364160 131072    5.246
06:21:02.861 python3        1784369 nvme1n1 WS   1662364416 131072    5.317
06:21:02.861 python3        1784369 nvme1n1 WS   1662364672 131072    5.396
06:21:02.861 python3        1784369 nvme1n1 WS   1662364928 131072    5.471
06:21:02.861 python3        1784369 nvme1n1 WS   1662365184 131072    5.545
06:21:02.861 python3        1784367 nvme1n1 WS   1662367488 131072    5.641
06:21:02.861 python3        1784367 nvme1n1 WS   1662367744 131072    5.714
06:21:02.861 python3        1784367 nvme1n1 WS   1662368000 131072    5.792
06:21:02.861 python3        1784367 nvme1n1 WS   1662368256 131072    5.870
06:21:02.861 python3        1784367 nvme1n1 WS   1662368512 131072    5.946
06:21:02.862 python3        1784367 nvme1n1 WS   1662368768 131072    6.020
06:21:02.862 python3        1784367 nvme1n1 WS   1662369024 131072    6.094
06:21:02.862 python3        1784366 nvme1n1 WS   1662377984 131072    6.193
06:21:02.862 python3        1784366 nvme1n1 WS   1662378240 131072    6.264
06:21:02.862 python3        1784366 nvme1n1 WS   1662378496 131072    6.331
06:21:02.862 python3        1784366 nvme1n1 WS   1662378752 131072    6.404
06:21:02.862 python3        1784366 nvme1n1 WS   1662379008 131072    6.478
06:21:02.862 python3        1784366 nvme1n1 WS   1662379264 131072    6.552
06:21:02.862 python3        1784366 nvme1n1 WS   1662379520 131072    6.630
06:21:02.862 python3        1784367 nvme1n1 WS   1662369280 131072    6.720
06:21:02.862 python3        1784367 nvme1n1 WS   1662369536 131072    6.803
06:21:02.863 python3        1784368 nvme1n1 WS   1662383872 131072    6.967
06:21:02.863 python3        1784368 nvme1n1 WS   1662384128 131072    6.996
06:21:02.863 python3        1784368 nvme1n1 WS   1662384384 131072    7.057
06:21:02.863 python3        1784368 nvme1n1 WS   1662384640 131072    7.134
06:21:02.863 python3        1784368 nvme1n1 WS   1662384896 131072    7.211
06:21:02.863 python3        1784368 nvme1n1 WS   1662385152 131072    7.285
06:21:02.863 python3        1784368 nvme1n1 WS   1662385408 131072    7.362
06:21:02.863 python3        1784368 nvme1n1 WS   1662385664 131072    7.441
06:21:02.863 python3        1784367 nvme1n1 WS   1662375680 131072    7.542
06:21:02.863 python3        1784367 nvme1n1 WS   1662375936 131072    7.615
06:21:02.863 python3        1784367 nvme1n1 WS   1662376192 131072    7.689
06:21:02.863 python3        1784367 nvme1n1 WS   1662376448 131072    7.767
06:21:02.863 python3        1784367 nvme1n1 WS   1662376704 131072    7.845
06:21:02.863 python3        1784369 nvme1n1 WS   1662365440 131072    7.938
06:21:02.864 python3        1784369 nvme1n1 WS   1662390272 131072    8.013
06:21:02.864 python3        1784369 nvme1n1 WS   1662390528 131072    8.088
06:21:02.864 python3        1784369 nvme1n1 WS   1662386176 131072    8.174
06:21:02.864 python3        1784369 nvme1n1 WS   1662386432 131072    8.243
06:21:02.864 python3        1784367 nvme1n1 WS   1662376960 131072    8.320
06:21:02.864 python3        1784367 nvme1n1 WS   1662377216 131072    8.398
06:21:02.864 python3        1784367 nvme1n1 WS   1662377472 131072    8.473
06:21:02.864 python3        1784369 nvme1n1 WS   1662386688 131072    8.561
06:21:02.864 python3        1784369 nvme1n1 WS   1662386944 131072    8.634
06:21:02.864 python3        1784369 nvme1n1 WS   1662387200 131072    8.712
06:21:02.864 python3        1784369 nvme1n1 WS   1662387456 131072    8.791
06:21:02.864 python3        1784369 nvme1n1 WS   1662387712 131072    8.867
06:21:02.865 python3        1784367 nvme1n1 WS   1662394368 131072    8.970
06:21:02.865 python3        1784367 nvme1n1 WS   1662394624 131072    9.037
06:21:02.865 python3        1784368 nvme1n1 WS   1662385920 131072    9.184
06:21:02.865 python3        1784368 nvme1n1 WS   1662402560 131072    9.213
06:21:02.865 python3        1784368 nvme1n1 WS   1662402816 131072    9.264
06:21:02.865 python3        1784366 nvme1n1 WS   1662379776 131072    9.345
06:21:02.865 python3        1784366 nvme1n1 WS   1662380032 131072    9.418
06:21:02.865 python3        1784366 nvme1n1 WS   1662380288 131072    9.495
06:21:02.865 python3        1784366 nvme1n1 WS   1662380544 131072    9.570
06:21:02.865 python3        1784366 nvme1n1 WS   1662380800 131072    9.642
06:21:02.865 python3        1784366 nvme1n1 WS   1662381056 131072    9.717
06:21:02.865 python3        1784366 nvme1n1 WS   1662381312 131072    9.789
06:21:02.865 python3        1784366 nvme1n1 WS   1662381568 131072    9.865
06:21:02.866 python3        1784366 nvme1n1 WS   1662381824 131072    9.918
06:21:02.866 python3        1784366 nvme1n1 WS   1662410752 131072    9.988
06:21:02.866 python3        1784366 nvme1n1 WS   1662411008 131072   10.070
06:21:02.866 python3        1784367 nvme1n1 WS   1662377728 131072   10.209
06:21:02.866 python3        1784367 nvme1n1 WS   1662406656 131072   10.288
06:21:02.866 python3        1784367 nvme1n1 WS   1662406912 131072   10.379
06:21:02.866 python3        1784369 nvme1n1 WS   1662387968 131072   10.454
06:21:02.866 python3        1784369 nvme1n1 WS   1662388224 131072   10.531
06:21:02.866 python3        1784369 nvme1n1 WS   1662388480 131072   10.610
06:21:02.866 python3        1784369 nvme1n1 WS   1662388736 131072   10.686
06:21:02.866 python3        1784369 nvme1n1 WS   1662388992 131072   10.763
06:21:02.866 python3        1784369 nvme1n1 WS   1662389248 131072   10.839
06:21:02.867 python3        1784369 nvme1n1 WS   1662389504 131072   10.919
06:21:02.867 python3        1784369 nvme1n1 WS   1662389760 131072   10.997
06:21:02.867 python3        1784369 nvme1n1 WS   1662390016 131072   11.058
06:21:02.867 python3        1784369 nvme1n1 WS   1662574592 131072   11.134
06:21:02.867 python3        1784369 nvme1n1 WS   1662574848 131072   11.209
06:21:02.867 python3        1784369 nvme1n1 WS   1662398464 131072   11.348
06:21:02.867 python3        1784369 nvme1n1 WS   1662398720 131072   11.414
06:21:02.867 python3        1784369 nvme1n1 WS   1662398976 131072   11.491
06:21:02.867 python3        1784369 nvme1n1 WS   1662399232 131072   11.570
06:21:02.867 python3        1784369 nvme1n1 WS   1662399488 131072   11.645
06:21:02.867 python3        1784369 nvme1n1 WS   1662399744 131072   11.756
06:21:02.867 python3        1784369 nvme1n1 WS   1662400000 131072   11.834
06:21:02.868 python3        1784369 nvme1n1 WS   1662400256 131072   11.891
06:21:02.868 python3        1784369 nvme1n1 WS   1662400512 131072   11.965
06:21:02.868 python3        1784369 nvme1n1 WS   1662400768 131072   12.043
06:21:02.868 python3        1784369 nvme1n1 WS   1662401024 131072   12.121
06:21:02.868 python3        1784369 nvme1n1 WS   1662401280 131072   12.198
06:21:02.868 python3        1784369 nvme1n1 WS   1662401536 131072   12.275
06:21:02.868 python3        1784369 nvme1n1 WS   70233088   131072   12.415
06:21:02.868 python3        1784369 nvme1n1 WS   70233344   131072   12.485
06:21:02.868 python3        1784369 nvme1n1 WS   70233600   131072   12.564
06:21:02.868 python3        1784369 nvme1n1 WS   70233856   122880   12.635
06:21:02.868 python3        1784367 nvme1n1 WS   1664349184 131072   12.706
06:21:02.868 python3        1784367 nvme1n1 WS   1664349440 131072   12.783
06:21:02.868 python3        1784367 nvme1n1 WS   1664349696 131072   12.861
06:21:02.869 python3        1784367 nvme1n1 WS   1664349952 122880   12.937
06:21:02.869 python3        1784366 nvme1n1 WS   1734169600 131072   13.014
06:21:02.869 python3        1784366 nvme1n1 WS   1734169856 131072   13.086
06:21:02.869 python3        1784366 nvme1n1 WS   1734170112 131072   13.160
06:21:02.869 python3        1784366 nvme1n1 WS   1734170368 122880   13.232
06:21:02.869 python3        1784369 nvme1n1 WS   1662401792 131072   13.302
06:21:02.869 python3        1784369 nvme1n1 WS   1662402048 131072   13.375
06:21:02.869 python3        1784369 nvme1n1 WS   1662402304 131072   13.438
06:21:02.869 python3        1784369 nvme1n1 WS   1662566400 131072   13.512
06:21:02.869 python3        1784369 nvme1n1 WS   1662566656 131072   13.589
06:21:02.869 python3        1784368 nvme1n1 WS   1734173696 131072   13.708
06:21:02.869 python3        1784368 nvme1n1 WS   1734173952 131072   13.766
06:21:02.869 python3        1784368 nvme1n1 WS   1734174208 131072   13.843
06:21:02.870 python3        1784368 nvme1n1 WS   1734174464 122880   13.914
06:21:02.870 python3        1784367 nvme1n1 WS   1662869504 131072   14.004
06:21:02.870 python3        1784367 nvme1n1 WS   1662869760 131072   14.073
06:21:02.870 python3        1784367 nvme1n1 WS   1662870016 131072   14.150
06:21:02.870 python3        1784367 nvme1n1 WS   1662870272 131072   14.226
06:21:02.870 python3        1784367 nvme1n1 WS   1662870528 131072   14.308
06:21:02.870 python3        1784367 nvme1n1 WS   1662870784 131072   14.386
06:21:02.870 python3        1784367 nvme1n1 WS   1662871040 131072   14.463
06:21:02.870 python3        1784367 nvme1n1 WS   1662871296 131072   14.522
06:21:02.870 python3        1784367 nvme1n1 WS   1662871552 131072   14.599
06:21:02.870 python3        1784367 nvme1n1 WS   1662871808 131072   14.678
06:21:02.870 python3        1784367 nvme1n1 WS   1662872064 131072   14.757
06:21:02.871 python3        1784367 nvme1n1 WS   1662872320 131072   14.834
06:21:02.871 python3        1784367 nvme1n1 WS   1662872576 131072   14.910
06:21:02.871 python3        1784367 nvme1n1 WS   1662872832 131072   14.985
06:21:02.871 python3        1784367 nvme1n1 WS   1662873088 131072   15.063
06:21:02.871 python3        1784367 nvme1n1 WS   1662873344 131072   15.130
06:21:02.871 python3        1784366 nvme1n1 WS   1662414848 131072   15.257
06:21:02.871 python3        1784366 nvme1n1 WS   1662415104 131072   15.329
06:21:02.871 python3        1784366 nvme1n1 WS   1662415360 131072   15.404
06:21:02.871 python3        1784366 nvme1n1 WS   1662415616 131072   15.483
06:21:02.871 python3        1784366 nvme1n1 WS   1662415872 131072   15.564
06:21:02.871 python3        1784366 nvme1n1 WS   1662416128 131072   15.639
06:21:02.871 python3        1784366 nvme1n1 WS   1662416384 131072   15.719
06:21:02.872 python3        1784366 nvme1n1 WS   1662416640 131072   15.779
06:21:02.872 python3        1784366 nvme1n1 WS   1662416896 131072   15.855
06:21:02.872 python3        1784366 nvme1n1 WS   1662417152 131072   15.931
06:21:02.872 python3        1784366 nvme1n1 WS   1662417408 131072   16.008
06:21:02.872 python3        1784366 nvme1n1 WS   1662417664 131072   16.085
06:21:02.872 python3        1784366 nvme1n1 WS   1662417920 131072   16.162
06:21:02.872 python3        1784366 nvme1n1 WS   1662418176 131072   16.237
06:21:02.872 python3        1784366 nvme1n1 WS   1662418432 131072   16.317
06:21:02.872 python3        1784367 nvme1n1 WS   1662881792 131072   16.410
06:21:02.872 python3        1784367 nvme1n1 WS   1662882048 131072   16.485
06:21:02.872 python3        1784366 nvme1n1 WS   1662418944 131072   16.566
06:21:02.872 python3        1784366 nvme1n1 WS   1662419200 131072   16.636
06:21:02.872 python3        1784366 nvme1n1 WS   1662419456 131072   16.715
06:21:02.873 python3        1784366 nvme1n1 WS   1662419712 131072   16.794
06:21:02.873 python3        1784366 nvme1n1 WS   1662419968 131072   16.871
06:21:02.873 python3        1784366 nvme1n1 WS   1662420224 131072   16.947
06:21:02.873 python3        1784366 nvme1n1 WS   1662420480 131072   17.027
06:21:02.873 python3        1784366 nvme1n1 WS   1662420736 131072   17.077
06:21:02.873 python3        1784366 nvme1n1 WS   1662420992 131072   17.166
06:21:02.873 python3        1784366 nvme1n1 WS   1662421248 131072   17.231
06:21:02.873 python3        1784366 nvme1n1 WS   1662421504 131072   17.308
06:21:02.873 python3        1784366 nvme1n1 WS   1662421760 131072   17.382
06:21:02.873 python3        1784366 nvme1n1 WS   1662422016 131072   17.462
06:21:02.873 python3        1784366 nvme1n1 WS   1662422272 131072   17.534
06:21:02.873 python3        1784366 nvme1n1 WS   1662422528 131072   17.609
06:21:02.874 python3        1784366 nvme1n1 WS   1662418688 131072   17.768
06:21:02.874 python3        1784366 nvme1n1 WS   1662423040 131072   17.845
06:21:02.874 python3        1784366 nvme1n1 WS   1662423296 131072   17.925
06:21:02.874 python3        1784366 nvme1n1 WS   1662422784 131072   17.913
06:21:02.874 python3        1784366 nvme1n1 WS   1662427136 131072   17.987
06:21:02.874 python3        1784366 nvme1n1 WS   1662427392 131072   18.065
06:21:02.874 ib_log_        125949  nvme1n1 WS   1757427968 4096      3.960
06:21:02.874 ib_log_        125949  nvme1n1 WS   1757427968 4096      0.029
06:21:02.875 ib_log_        125949  nvme1n1 WS   1757427968 4096      0.031
06:21:02.875 ib_log_        125949  nvme1n1 WS   1757427976 8192      0.032
06:21:02.875 jbd2/nv        752     nvme1n1 WSM  877051128  131072    0.142
06:21:02.875 jbd2/nv        752     nvme1n1 WSM  877051384  20480     0.145
06:21:02.875 jbd2/nv        752     nvme1n1 WSM  877051424  4096      0.027
06:21:02.875 connect        125949  nvme1n1 WS   1735313728 4096      0.031
06:21:02.875 jbd2/nv        752     nvme1n1 WSM  877051432  8192      0.030
06:21:02.876 jbd2/nv        752     nvme1n1 WSM  877051448  4096      0.026
06:21:02.876 ib_log_        125949  nvme1n1 WS   1757427976 4096      0.029
06:21:02.876 ib_log_        125949  nvme1n1 WS   1757427976 4096      0.030
06:21:02.876 jbd2/nv        752     nvme1n1 WSM  877051456  45056     0.061
06:21:02.876 jbd2/nv        752     nvme1n1 WSM  877051544  4096      0.027
06:21:02.876 ib_log_        125949  nvme1n1 WS   1757427976 4096      0.029
06:21:02.876 ib_log_        125949  nvme1n1 WS   1757427976 4096      0.027
06:21:02.876 ib_log_        125949  nvme1n1 WS   1757427976 4096      0.028
06:21:02.908 nvme           1922344 Unknown N    -1         512       0.025
06:21:02.948 ib_log_        125949  nvme1n1 WS   1757427976 4096      0.039
06:21:02.949 ib_log_        125949  nvme1n1 WS   1757427976 8192      0.033
06:21:03.057 ib_log_        125949  nvme1n1 WS   1757427984 4096      0.035
06:21:03.505 ib_pg_f        125949  nvme1n1 WS   1756372992 131072    0.168
06:21:03.506 ib_pg_f        125949  nvme1n1 WS   1756373248 131072    0.236
06:21:03.506 ib_pg_f        125949  nvme1n1 WS   1756373504 131072    0.313
06:21:03.506 ib_pg_f        125949  nvme1n1 WS   1756373760 131072    0.390
06:21:03.506 ib_pg_f        125949  nvme1n1 WS   1756374016 131072    0.467
06:21:03.506 ib_pg_f        125949  nvme1n1 WS   1756374272 131072    0.543
06:21:03.506 ib_pg_f        125949  nvme1n1 WS   1756374528 131072    0.619
06:21:03.506 ib_pg_f        125949  nvme1n1 WS   1756374784 114688    0.689
06:21:03.506 ib_pg_f        125949  nvme1n1 WS   1757782688 16384     0.046
06:21:03.506 ib_pg_f        125949  nvme1n1 WS   1756912896 16384     0.052
06:21:03.506 ib_pg_f        125949  nvme1n1 WS   1756912928 16384     0.054
06:21:03.506 ib_pg_f        125949  nvme1n1 WS   1731137632 16384     0.055
06:21:03.506 ib_pg_f        125949  nvme1n1 WS   1755217736 16384     0.062
06:21:03.506 ib_pg_f        125949  nvme1n1 WS   1756546432 16384     0.072
06:21:03.506 ib_pg_f        125949  nvme1n1 WS   1757788512 16384     0.063
06:21:03.506 ib_pg_f        125949  nvme1n1 WS   1757027808 16384     0.047
06:21:03.506 ib_pg_f        125949  nvme1n1 WS   1756554656 16384     0.062
06:21:03.506 ib_pg_f        125949  nvme1n1 WS   1756558240 16384     0.070
06:21:03.506 ib_pg_f        125949  nvme1n1 WS   1553552288 16384     0.056
06:21:03.506 ib_pg_f        125949  nvme1n1 WS   1553552320 16384     0.045
06:21:03.506 ib_pg_f        125949  nvme1n1 WS   1553552352 16384     0.055
06:21:03.506 ib_pg_f        125949  nvme1n1 WS   1553552384 16384     0.053
06:21:03.506 ib_pg_f        125949  nvme1n1 WS   1553692000 16384     0.048
06:21:03.506 ib_pg_f        125949  nvme1n1 WS   1553690976 16384     0.055
06:21:03.506 ib_pg_f        125949  nvme1n1 WS   1553691136 16384     0.063
06:21:03.506 ib_pg_f        125949  nvme1n1 WS   1553691744 16384     0.058
06:21:03.506 ib_pg_f        125949  nvme1n1 WS   1524265440 16384     0.051
06:21:03.506 ib_pg_f        125949  nvme1n1 WS   1527903872 16384     0.059
06:21:03.506 ib_pg_f        125949  nvme1n1 WS   1553701632 16384     0.059
06:21:03.506 ib_pg_f        125949  nvme1n1 WS   1755745280 16384     0.070
06:21:03.506 ib_pg_f        125949  nvme1n1 WS   1755745312 16384     0.061
06:21:03.506 ib_pg_f        125949  nvme1n1 WS   1755744256 16384     0.058
06:21:03.506 ib_pg_f        125949  nvme1n1 WS   1755745088 16384     0.056
06:21:03.506 ib_pg_f        125949  nvme1n1 WS   1553691616 16384     0.065
06:21:03.506 ib_pg_f        125949  nvme1n1 WS   1755742624 16384     0.065
06:21:03.506 ib_pg_f        125949  nvme1n1 WS   1755745248 16384     0.070
06:21:03.506 ib_pg_f        125949  nvme1n1 WS   1553552000 16384     0.050
06:21:03.506 ib_pg_f        125949  nvme1n1 WS   1553552032 16384     0.054
06:21:03.506 ib_pg_f        125949  nvme1n1 WS   1553552064 16384     0.055
06:21:03.507 ib_pg_f        125949  nvme1n1 WS   1553552096 16384     0.049
06:21:03.507 ib_pg_f        125949  nvme1n1 WS   1553552128 16384     0.052
06:21:03.507 ib_pg_f        125949  nvme1n1 WS   1553552192 16384     0.050
06:21:03.507 ib_pg_f        125949  nvme1n1 WS   1553552224 16384     0.048
06:21:03.507 ib_pg_f        125949  nvme1n1 WS   1553552256 16384     0.048
06:21:03.507 ib_pg_f        125949  nvme1n1 WS   1553551456 16384     0.054
06:21:03.507 ib_pg_f        125949  nvme1n1 WS   1553551488 16384     0.053
06:21:03.507 ib_pg_f        125949  nvme1n1 WS   1553551520 16384     0.066
06:21:03.507 ib_pg_f        125949  nvme1n1 WS   1734883488 16384     0.078
06:21:03.507 ib_pg_f        125949  nvme1n1 WS   1756554624 16384     0.068
06:21:03.507 ib_pg_f        125949  nvme1n1 WS   1757764576 16384     0.083
06:21:03.507 ib_pg_f        125949  nvme1n1 WS   1756546464 16384     0.096
06:21:03.507 ib_pg_f        125949  nvme1n1 WS   1756558368 16384     0.096
06:21:03.507 ib_pg_f        125949  nvme1n1 WS   1756554688 16384     0.093
06:21:03.507 ib_pg_f        125949  nvme1n1 WS   1757764640 16384     0.100
06:21:03.507 ib_pg_f        125949  nvme1n1 WS   1756546496 16384     0.103
06:21:03.507 ib_pg_f        125949  nvme1n1 WS   1756558400 16384     0.103
06:21:03.507 ib_pg_f        125949  nvme1n1 WS   1740155424 16384     0.103
06:21:03.507 ib_pg_f        125949  nvme1n1 WS   1553692160 16384     0.095
06:21:03.507 ib_pg_f        125949  nvme1n1 WS   1523850848 16384     0.106
06:21:03.507 ib_pg_f        125949  nvme1n1 WS   1757027776 16384     0.104
06:21:03.507 ib_pg_f        125949  nvme1n1 WS   1755703200 16384     0.104
06:21:03.507 ib_pg_f        125949  nvme1n1 WS   1757759136 16384     0.103
06:21:03.507 ib_pg_f        125949  nvme1n1 WS   1553692480 16384     0.090
06:21:03.507 ib_pg_f        125949  nvme1n1 WS   1524038528 16384     0.089
06:21:03.507 ib_pg_f        125949  nvme1n1 WS   1553557280 16384     0.084
06:21:03.507 ib_pg_f        125949  nvme1n1 WS   1553692064 16384     0.081
06:21:03.507 ib_pg_f        125949  nvme1n1 WS   1757759200 16384     0.075
06:21:03.507 ib_pg_f        125949  nvme1n1 WS   1740155808 16384     0.071
06:21:03.507 ib_pg_f        125949  nvme1n1 WS   1757759264 16384     0.074
06:21:03.507 ib_pg_f        125949  nvme1n1 WS   1553701600 16384     0.062
06:21:03.507 ib_pg_f        125949  nvme1n1 WS   1756912352 16384     0.067
06:21:03.910 nvme           1922356 Unknown N    -1         512       0.080
06:21:04.289 kworker        1696237 nvme1n1 W    844599536  4096      0.151
06:21:04.289 kworker        1696237 nvme1n1 W    608780272  4096      0.145
06:21:04.289 kworker        1696237 nvme1n1 W    608780280  4096      0.146
06:21:04.289 kworker        1696237 nvme1n1 W    1757340872 8192      0.134
06:21:04.289 kworker        1696237 nvme1n1 W    1757340608 4096      0.139
06:21:04.289 kworker        1696237 nvme1n1 W    608837984  8192      0.140
06:21:04.289 kworker        1696237 nvme1n1 W    608779664  122880    0.230
06:21:04.289 kworker        1696237 nvme1n1 W    608779904  90112     0.286
06:21:04.289 kworker        1696237 nvme1n1 W    608780080  98304     0.347
06:21:04.289 kworker        1696237 nvme1n1 W    608837632  40960     0.368
06:21:04.289 kworker        1696237 nvme1n1 W    608837712  16384     0.376
06:21:04.289 kworker        1696237 nvme1n1 W    608837744  53248     0.407
06:21:04.289 kworker        1696237 nvme1n1 W    1486109184 131072    0.487
06:21:04.289 kworker        1696237 nvme1n1 W    1486109440 61440     0.527
06:21:04.289 kworker        1696237 nvme1n1 W    608837848  32768     0.547
06:21:04.289 kworker        1696237 nvme1n1 W    1486120448 131072    0.624
06:21:04.289 kworker        1696237 nvme1n1 W    1486120704 90112     0.677
06:21:04.289 kworker        1696237 nvme1n1 W    1579680744 77824     0.725
06:21:04.289 kworker        1696237 nvme1n1 W    608837912  36864     0.749
06:21:04.290 kworker        1696237 nvme1n1 W    1757340616 131072    0.827
06:21:04.295 ib_log_        125949  nvme1n1 WS   1757427984 4096      0.038
06:21:04.295 ib_log_        125949  nvme1n1 WS   1757422584 4096      0.032
06:21:04.913 nvme           1922366 Unknown N    -1         512       0.076
06:21:05.505 ib_pg_f        125949  nvme1n1 WS   1755252736 16384     0.065
06:21:05.505 ib_pg_f        125949  nvme1n1 WS   1755217704 16384     0.042
06:21:05.915 nvme           1922370 Unknown N    -1         512       0.030
06:21:06.296 ib_log_        125949  nvme1n1 WS   1757422584 4096      0.053
06:21:06.917 nvme           1922375 Unknown N    -1         512       0.030
06:21:07.920 nvme           1922395 Unknown N    -1         512       0.031
06:21:08.176 jbd2/nv        752     nvme1n1 WSM  877051808  4096      0.059
06:21:08.176 jbd2/nv        752     nvme1n1 WSM  877051552  131072    0.147
06:21:08.176 jbd2/nv        752     nvme1n1 WSM  877051816  4096      0.029
06:21:08.863 ib_log_        125949  nvme1n1 WS   1757427984 4096      0.051
06:21:08.863 ib_log_        125949  nvme1n1 WS   1757427984 4096      0.044
06:21:08.863 connect        125949  nvme1n1 WS   1735313728 4096      0.034
06:21:08.864 jbd2/nv        752     nvme1n1 WSM  877051824  49152     0.073
06:21:08.864 jbd2/nv        752     nvme1n1 WSM  877051920  4096      0.029
06:21:08.864 ib_log_        125949  nvme1n1 WS   1757427984 4096      0.030
06:21:08.864 ib_log_        125949  nvme1n1 WS   1757427992 8192      0.030
06:21:08.864 jbd2/nv        752     nvme1n1 WSM  877051928  12288     0.037
06:21:08.864 jbd2/nv        752     nvme1n1 WSM  877051952  4096      0.030
06:21:08.865 ib_log_        125949  nvme1n1 WS   1757427992 4096      0.029
06:21:08.866 ib_log_        125949  nvme1n1 WS   1757427992 8192      0.032
06:21:08.867 jbd2/nv        752     nvme1n1 WSM  877051960  28672     0.055
06:21:08.867 jbd2/nv        752     nvme1n1 WSM  877052016  4096      0.026
06:21:08.867 connect        125949  nvme1n1 WS   1664118048 114688    0.129
06:21:08.867 jbd2/nv        752     nvme1n1 WSM  877052024  16384     0.040
06:21:08.867 jbd2/nv        752     nvme1n1 WSM  877052056  4096      0.028
06:21:08.867 connect        125949  nvme1n1 WS   1705587872 16384     0.040
06:21:08.867 jbd2/nv        752     nvme1n1 WSM  877052064  24576     0.045
06:21:08.867 jbd2/nv        752     nvme1n1 WSM  877052112  4096      0.031
06:21:08.867 ib_log_        125949  nvme1n1 WS   1757428000 4096      0.029
06:21:08.867 ib_log_        125949  nvme1n1 WS   1757428008 8192      0.033
06:21:08.868 jbd2/nv        752     nvme1n1 WSM  877052120  8192      0.031
06:21:08.868 jbd2/nv        752     nvme1n1 WSM  877052136  4096      0.026
06:21:08.868 ib_log_        125949  nvme1n1 WS   1757428008 4096      0.026
06:21:08.868 ib_log_        125949  nvme1n1 WS   1757428008 8192      0.037
06:21:08.869 ib_log_        125949  nvme1n1 WS   1757428016 4096      0.028
06:21:08.869 ib_log_        125949  nvme1n1 WS   1757428024 8192      0.031
06:21:08.869 jbd2/nv        752     nvme1n1 WSM  877052144  8192      0.030
06:21:08.869 jbd2/nv        752     nvme1n1 WSM  877052160  4096      0.027
06:21:08.869 connect        125949  nvme1n1 WS   1735313728 8192      0.036
06:21:08.869 jbd2/nv        752     nvme1n1 WSM  877052168  20480     0.043
06:21:08.869 jbd2/nv        752     nvme1n1 WSM  877052208  4096      0.027
06:21:08.869 ib_log_        125949  nvme1n1 WS   1757428024 4096      0.027
06:21:08.870 ib_log_        125949  nvme1n1 WS   1757428024 16384     0.041
06:21:08.870 jbd2/nv        752     nvme1n1 WSM  877052216  8192      0.030
06:21:08.870 jbd2/nv        752     nvme1n1 WSM  877052232  4096      0.026
06:21:08.870 connect        125949  nvme1n1 WS   1735313736 4096      0.033
06:21:08.871 jbd2/nv        752     nvme1n1 WSM  877052240  8192      0.031
06:21:08.871 jbd2/nv        752     nvme1n1 WSM  877052256  4096      0.027
06:21:08.871 ib_log_        125949  nvme1n1 WS   1757428040 4096      0.029
06:21:08.905 amoprof        1787544 nvme1n1 W    461780832  4096      0.037
