TIMESTAMP    COMM           PID     DISK    T    SECTOR     BYTES   LAT(ms)
04:32:14.241 kworker        1736627 nvme0n1 W    37876288   8192      0.973
04:32:14.419 nvme           1741814 Unknown N    -1         512       0.090
04:32:15.265 kworker        1736627 nvme0n1 WM   6293536    4096      0.987
04:32:15.265 kworker        1736627 nvme0n1 WM   6815528    4096      1.002
04:32:15.265 kworker        1736627 nvme0n1 WM   6293672    4096      1.052
04:32:15.265 kworker        1736627 nvme0n1 WM   2099208    4096      1.059
04:32:15.265 kworker        1736627 nvme0n1 WM   6310352    4096      1.056
04:32:15.265 kworker        1736627 nvme0n1 WM   6310392    8192      1.056
04:32:15.265 kworker        1736627 nvme0n1 WM   14682192   4096      1.056
04:32:15.265 kworker        1736627 nvme0n1 WM   14705976   4096      1.058
04:32:15.265 kworker        1736627 nvme0n1 WM   18876960   4096      1.057
04:32:15.265 kworker        1736627 nvme0n1 WM   19275592   4096      1.057
04:32:15.265 kworker        1736627 nvme0n1 WM   19275752   4096      1.059
04:32:15.265 kworker        1736627 nvme0n1 WM   19153584   4096      1.062
04:32:15.265 kworker        1736627 nvme0n1 WM   6812936    8192      1.113
04:32:15.265 kworker        1736627 nvme0n1 WM   18876544   4096      1.112
04:32:15.265 kworker        1736627 nvme0n1 WM   18876424   4096      1.115
04:32:15.265 kworker        1736627 nvme0n1 WM   19119952   4096      1.114
04:32:15.266 kworker        1736627 nvme0n1 WM   31459424   4096      0.763
04:32:15.266 kworker        1736627 nvme0n1 WM   35653656   12288     0.824
04:32:15.266 kworker        1736627 nvme0n1 WM   31459360   4096      0.951
04:32:15.421 nvme           1741866 Unknown N    -1         512       0.027
04:32:15.776 kworker        1720485 nvme1n1 W    596010984  8192      0.057
04:32:15.776 jbd2/nv        752     nvme1n1 WSM  877941600  131072    0.147
04:32:15.776 jbd2/nv        752     nvme1n1 WSM  877941856  4096      0.027
04:32:16.424 nvme           1741867 Unknown N    -1         512       0.030
04:32:17.426 nvme           1741868 Unknown N    -1         512       0.029
04:32:18.428 nvme           1741869 Unknown N    -1         512       0.030
04:32:19.431 nvme           1741870 Unknown N    -1         512       0.028
04:32:20.433 nvme           1741871 Unknown N    -1         512       0.082
04:32:20.896 kworker        1696237 nvme1n1 W    600090384  4096      0.055
04:32:20.896 jbd2/nv        752     nvme1n1 WSM  877941864  24576     0.065
04:32:20.896 jbd2/nv        752     nvme1n1 WSM  877941912  4096      0.028
04:32:20.897 kworker        1696237 nvme1n1 W    600090392  94208     0.137
04:32:20.897 kworker        1696237 nvme1n1 W    600254032  131072    0.215
04:32:20.897 kworker        1696237 nvme1n1 W    600254288  61440     0.255
04:32:20.897 kworker        1696237 nvme1n1 W    600090576  32768     0.277
04:32:20.897 kworker        1696237 nvme1n1 W    600254408  131072    0.357
04:32:20.897 kworker        1696237 nvme1n1 W    600254664  90112     0.412
04:32:20.897 kworker        1696237 nvme1n1 W    1553981256 77824     0.460
04:32:20.897 kworker        1696237 nvme1n1 W    600090640  45056     0.488
04:32:21.435 nvme           1741872 Unknown N    -1         512       0.107
04:32:22.438 nvme           1741873 Unknown N    -1         512       0.028
04:32:23.440 nvme           1741874 Unknown N    -1         512       0.034
04:32:24.426 amoprof        1271097 nvme1n1 W    600062976  4096      0.065
