TIMESTAMP    COMM           PID     DISK    T    SECTOR     BYTES   LAT(ms)
02:54:24.052 nvme           1651864 Unknown N    -1         512       0.034
02:54:25.055 nvme           1651916 Unknown N    -1         512       0.077
02:54:26.057 nvme           1651917 Unknown N    -1         512       0.032
02:54:26.720 jbd2/nv        752     nvme1n1 WSM  877760576  106496    0.139
02:54:26.720 jbd2/nv        752     nvme1n1 WSM  877760784  4096      0.030
02:54:27.059 nvme           1651918 Unknown N    -1         512       0.028
02:54:28.062 nvme           1651919 Unknown N    -1         512       0.075
02:54:28.256 kworker        1646728 nvme1n1 WM   0          4096      0.111
02:54:28.256 kworker        1646728 nvme1n1 WM   720        8192      0.116
02:54:28.256 kworker        1646728 nvme1n1 WM   776        8192      0.117
02:54:28.256 kworker        1646728 nvme1n1 WM   461373728  4096      0.124
02:54:28.256 kworker        1646728 nvme1n1 WM   583015744  4096      0.125
02:54:28.256 kworker        1646728 nvme1n1 WM   591396872  4096      0.128
02:54:28.256 kworker        1646728 nvme1n1 WM   595591304  4096      0.129
02:54:28.256 kworker        1646728 nvme1n1 WM   595598168  4096      0.128
02:54:28.256 kworker        1646728 nvme1n1 WM   1485058520 4096      0.131
02:54:28.256 kworker        1646728 nvme1n1 WM   1493844928 4096      0.132
02:54:28.256 kworker        1646728 nvme1n1 WM   1497366536 4096      0.135
02:54:28.256 kworker        1646728 nvme1n1 WM   1497366584 4096      0.136
02:54:28.256 kworker        1646728 nvme1n1 WM   1497740352 8192      0.138
02:54:28.256 kworker        1646728 nvme1n1 W    595900520  49152     0.178
02:54:28.256 kworker        1646728 nvme1n1 WM   595598024  65536     0.210
02:54:28.256 kworker        1646728 nvme1n1 WM   595598192  65536     0.253
02:54:28.256 kworker        1646728 nvme1n1 WM   1522532456 4096      0.063
02:54:28.256 kworker        1646728 nvme1n1 WM   1623195704 4096      0.066
02:54:28.256 kworker        1646728 nvme1n1 WM   1635778672 4096      0.066
02:54:28.257 kworker        1646728 nvme1n1 WM   1756866944 4096      0.067
02:54:28.257 kworker        1646728 nvme1n1 WM   1756867016 4096      0.067
02:54:28.257 kworker        1646728 nvme1n1 WM   1497740376 36864     0.089
02:54:28.257 kworker        1646728 nvme1n1 W    595900616  53248     0.094
02:54:28.257 kworker        1646728 nvme1n1 W    1526187304 131072    0.177
02:54:28.257 kworker        1646728 nvme1n1 W    1526187560 61440     0.214
02:54:28.257 kworker        1646728 nvme1n1 W    595900720  32768     0.232
02:54:28.257 kworker        1646728 nvme1n1 W    1526089376 131072    0.316
02:54:28.257 kworker        1646728 nvme1n1 W    1526089632 90112     0.369
02:54:28.257 kworker        1646728 nvme1n1 W    1499434584 77824     0.417
02:54:28.257 kworker        1646728 nvme1n1 W    595900784  36864     0.438
02:54:29.064 nvme           1651920 Unknown N    -1         512       0.032
02:54:30.066 nvme           1651921 Unknown N    -1         512       0.073
02:54:30.816 kworker        1620255 nvme1n1 W    1625053600 4096      0.057
02:54:31.068 nvme           1651922 Unknown N    -1         512       0.029
02:54:32.070 nvme           1651923 Unknown N    -1         512       0.028
02:54:32.335 jbd2/nv        752     nvme1n1 WSM  877760792  57344     0.100
02:54:32.335 jbd2/nv        752     nvme1n1 WSM  877760904  4096      0.031
02:54:33.073 nvme           1651924 Unknown N    -1         512       0.074
02:54:33.376 kworker        1646728 nvme1n1 W    595919328  8192      0.054
02:54:34.060 amoprof        1271097 nvme1n1 W    591891184  4096      0.054
