TIMESTAMP    COMM           PID     DISK    T    SECTOR     BYTES   LAT(ms)
05:26:32.908 ib_log_        125941  nvme1n1 WS   1739630864 4096      0.057
05:26:32.908 ib_log_        125941  nvme1n1 WS   1739626752 4096      0.037
05:26:32.979 ib_log_        125924  nvme1n1 WS   1738278024 4096      0.038
05:26:32.979 ib_log_        125924  nvme1n1 WS   1738278024 4096      0.028
05:26:32.980 connect        125924  nvme1n1 WS   313170344  4096      0.034
05:26:32.980 jbd2/nv        752     nvme1n1 WSM  878250944  131072    0.142
05:26:32.980 jbd2/nv        752     nvme1n1 WSM  878251200  49152     0.152
05:26:32.980 jbd2/nv        752     nvme1n1 WSM  878251296  4096      0.028
05:26:32.980 ib_log_        125924  nvme1n1 WS   1738278024 4096      0.028
05:26:32.981 ib_log_        125924  nvme1n1 WS   1738278024 4096      0.027
05:26:32.981 ib_log_        125924  nvme1n1 WS   1738278032 8192      0.030
05:26:32.981 jbd2/nv        752     nvme1n1 WSM  878251304  8192      0.037
05:26:32.981 jbd2/nv        752     nvme1n1 WSM  878251320  4096      0.028
05:26:32.981 jbd2/nv        752     nvme1n1 WSM  878251328  20480     0.045
05:26:32.981 jbd2/nv        752     nvme1n1 WSM  878251368  4096      0.030
05:26:32.981 ib_log_        125941  nvme1n1 WS   1739630864 4096      0.032
05:26:32.982 ib_log_        125941  nvme1n1 WS   1739630864 4096      0.038
05:26:32.982 connect        125924  nvme1n1 WS   1719086368 114688    0.126
05:26:32.982 connect        125941  nvme1n1 WS   1757353160 4096      0.042
05:26:32.982 jbd2/nv        752     nvme1n1 WSM  878251376  49152     0.071
05:26:32.982 jbd2/nv        752     nvme1n1 WSM  878251472  4096      0.029
05:26:32.982 jbd2/nv        752     nvme1n1 WSM  878251480  8192      0.033
05:26:32.982 connect        125924  nvme1n1 WS   1728885472 16384     0.044
05:26:32.982 jbd2/nv        752     nvme1n1 WSM  878251496  4096      0.027
05:26:32.982 jbd2/nv        752     nvme1n1 WSM  878251504  24576     0.050
05:26:32.982 ib_log_        125941  nvme1n1 WS   1739630864 4096      0.043
05:26:32.982 jbd2/nv        752     nvme1n1 WSM  878251552  4096      0.027
05:26:32.982 ib_log_        125924  nvme1n1 WS   1738278040 4096      0.027
05:26:32.982 ib_log_        125924  nvme1n1 WS   1738278040 4096      0.027
05:26:32.982 ib_log_        125924  nvme1n1 WS   1738278040 4096      0.028
05:26:32.982 ib_log_        125924  nvme1n1 WS   1738278048 8192      0.029
05:26:32.982 jbd2/nv        752     nvme1n1 WSM  878251560  8192      0.033
05:26:32.982 jbd2/nv        752     nvme1n1 WSM  878251576  4096      0.027
05:26:32.983 ib_log_        125924  nvme1n1 WS   1738278048 4096      0.039
05:26:32.983 ib_log_        125941  nvme1n1 WS   1739630864 8192      0.030
05:26:32.983 ib_log_        125941  nvme1n1 WS   1739630872 4096      0.028
05:26:32.983 ib_log_        125941  nvme1n1 WS   1739630872 4096      0.028
05:26:32.984 jbd2/nv        752     nvme1n1 WSM  878251584  24576     0.051
05:26:32.984 jbd2/nv        752     nvme1n1 WSM  878251632  4096      0.030
05:26:32.984 connect        125941  nvme1n1 WS   1719074304 114688    0.127
05:26:32.984 ib_log_        125924  nvme1n1 WS   1738278048 8192      0.039
05:26:32.984 jbd2/nv        752     nvme1n1 WSM  878251640  20480     0.052
05:26:32.984 ib_log_        125924  nvme1n1 WS   1738278064 8192      0.050
05:26:32.984 jbd2/nv        752     nvme1n1 WSM  878251680  4096      0.028
05:26:32.984 jbd2/nv        752     nvme1n1 WSM  878251688  8192      0.032
05:26:32.984 jbd2/nv        752     nvme1n1 WSM  878251704  4096      0.030
05:26:32.984 connect        125941  nvme1n1 WS   1728902112 16384     0.045
05:26:32.984 jbd2/nv        752     nvme1n1 WSM  878251712  24576     0.047
05:26:32.984 connect        125924  nvme1n1 WS   313170344  4096      0.036
05:26:32.984 jbd2/nv        752     nvme1n1 WSM  878251760  4096      0.028
05:26:32.984 jbd2/nv        752     nvme1n1 WSM  878251768  8192      0.030
05:26:32.984 jbd2/nv        752     nvme1n1 WSM  878251784  4096      0.027
05:26:32.984 ib_log_        125924  nvme1n1 WS   1738278064 4096      0.037
05:26:32.984 ib_log_        125941  nvme1n1 WS   1739630872 4096      0.035
05:26:32.984 ib_log_        125941  nvme1n1 WS   1739630880 8192      0.033
05:26:32.985 jbd2/nv        752     nvme1n1 WSM  878251792  16384     0.039
05:26:32.985 jbd2/nv        752     nvme1n1 WSM  878251824  4096      0.028
05:26:32.985 ib_log_        125941  nvme1n1 WS   1739630880 8192      0.036
05:26:32.985 ib_log_        125941  nvme1n1 WS   1739630888 4096      0.032
05:26:32.985 ib_log_        125924  nvme1n1 WS   1738278064 8192      0.036
05:26:32.985 ib_log_        125924  nvme1n1 WS   1738278080 8192      0.034
05:26:32.985 jbd2/nv        752     nvme1n1 WSM  878251832  16384     0.039
05:26:32.985 jbd2/nv        752     nvme1n1 WSM  878251864  4096      0.027
05:26:32.986 ib_log_        125924  nvme1n1 WS   1738278080 4096      0.031
05:26:32.986 connect        125924  nvme1n1 WS   313170344  8192      0.036
05:26:32.986 jbd2/nv        752     nvme1n1 WSM  878251872  20480     0.043
05:26:32.986 jbd2/nv        752     nvme1n1 WSM  878251912  4096      0.028
05:26:32.986 ib_log_        125941  nvme1n1 WS   1739630888 12288     0.040
05:26:32.986 jbd2/nv        752     nvme1n1 WSM  878251920  8192      0.030
05:26:32.986 jbd2/nv        752     nvme1n1 WSM  878251936  4096      0.025
05:26:32.986 ib_log_        125941  nvme1n1 WS   1739630896 4096      0.027
05:26:32.986 ib_log_        125924  nvme1n1 WS   1738278080 4096      0.028
05:26:32.987 connect        125941  nvme1n1 WS   1757353160 8192      0.038
05:26:32.987 jbd2/nv        752     nvme1n1 WSM  878251944  24576     0.045
05:26:32.987 jbd2/nv        752     nvme1n1 WSM  878251992  4096      0.026
05:26:32.987 ib_log_        125941  nvme1n1 WS   1739630896 8192      0.033
05:26:32.988 ib_log_        125941  nvme1n1 WS   1739630904 4096      0.032
05:26:32.988 ib_log_        125941  nvme1n1 WS   1739630904 12288     0.039
05:26:32.988 jbd2/nv        752     nvme1n1 WSM  878252000  8192      0.031
05:26:32.988 jbd2/nv        752     nvme1n1 WSM  878252016  4096      0.026
05:26:32.988 connect        125941  nvme1n1 WS   1757353168 4096      0.031
05:26:32.988 jbd2/nv        752     nvme1n1 WSM  878252024  8192      0.029
05:26:32.988 jbd2/nv        752     nvme1n1 WSM  878252040  4096      0.027
05:26:32.989 ib_log_        125941  nvme1n1 WS   1739630912 4096      0.027
05:26:33.000 contain        1195    nvme1n1 WS   1730873872 4096      0.055
05:26:33.000 contain        1195    nvme1n1 WS   1730874024 4096      0.064
05:26:33.000 contain        1195    nvme1n1 WS   1730874088 4096      0.064
05:26:33.000 contain        1195    nvme1n1 WS   1730874120 8192      0.068
05:26:33.000 contain        1195    nvme1n1 WS   1429520    4096      0.027
05:26:33.001 contain        1195    nvme1n1 WS   1730874032 4096      0.052
05:26:33.001 contain        1195    nvme1n1 WS   1730874064 4096      0.058
05:26:33.001 contain        1195    nvme1n1 WS   1730874080 4096      0.059
05:26:33.001 contain        1195    nvme1n1 WS   1730874144 8192      0.060
05:26:33.001 contain        1195    nvme1n1 WS   1429528    4096      0.027
05:26:33.001 contain        1195    nvme1n1 WS   1725789848 4096      0.041
05:26:33.001 contain        1195    nvme1n1 WS   1725789864 4096      0.047
05:26:33.001 contain        1195    nvme1n1 WS   1725789944 4096      0.055
05:26:33.001 contain        1195    nvme1n1 WS   1725789960 16384     0.055
05:26:33.001 contain        1195    nvme1n1 WS   1707371888 4096      0.028
05:26:33.001 contain        1195    nvme1n1 WS   1730873992 4096      0.057
05:26:33.001 contain        1195    nvme1n1 WS   1730874016 4096      0.061
05:26:33.001 contain        1195    nvme1n1 WS   1730874088 4096      0.075
05:26:33.001 contain        1195    nvme1n1 WS   1730874120 8192      0.078
05:26:33.001 contain        1195    nvme1n1 WS   1730874160 4096      0.080
05:26:33.001 contain        1195    nvme1n1 WS   1730874192 8192      0.081
05:26:33.001 contain        1195    nvme1n1 WS   1730874232 12288     0.089
05:26:33.001 contain        1195    nvme1n1 WS   1730874280 12288     0.090
05:26:33.001 contain        1195    nvme1n1 WS   1429520    4096      0.026
05:26:33.003 kworker        1771936 nvme1n1 W    1739547856 8192      0.038
05:26:33.003 kworker        1790484 nvme1n1 W    596131360  4096      0.069
05:26:33.003 kworker        1790484 nvme1n1 W    596131376  4096      0.071
05:26:33.003 kworker        1790484 nvme1n1 W    596131392  4096      0.070
05:26:33.003 kworker        1790484 nvme1n1 W    600158024  4096      0.070
05:26:33.003 kworker        1790484 nvme1n1 W    600158008  4096      0.070
05:26:33.003 kworker        1790484 nvme1n1 W    1494970496 49152     0.108
05:26:33.003 kworker        1790484 nvme1n1 W    1485151744 40960     0.125
05:26:33.003 kworker        1790484 nvme1n1 W    1485181440 40960     0.154
05:26:33.003 kworker        1771936 nvme1n1 WM   16         4096      0.144
05:26:33.003 kworker        1771936 nvme1n1 WM   152        4096      0.155
05:26:33.003 kworker        1771936 nvme1n1 WM   224        4096      0.157
05:26:33.003 kworker        1771936 nvme1n1 WM   280        4096      0.157
05:26:33.003 kworker        1771936 nvme1n1 WM   296        4096      0.158
05:26:33.003 kworker        1771936 nvme1n1 WM   440        4096      0.159
05:26:33.003 kworker        1771936 nvme1n1 WM   776        8192      0.208
05:26:33.003 kworker        1771936 nvme1n1 WM   800        8192      0.210
05:26:33.003 kworker        1771936 nvme1n1 WM   824        4096      0.212
05:26:33.003 kworker        1771936 nvme1n1 WM   840        4096      0.212
05:26:33.003 kworker        1771936 nvme1n1 WM   16777304   4096      0.213
05:26:33.003 kworker        1771936 nvme1n1 WM   71303448   8192      0.213
05:26:33.003 kworker        1771936 nvme1n1 WM   310378576  4096      0.215
05:26:33.003 kworker        1771936 nvme1n1 WM   461373568  4096      0.216
05:26:33.003 kworker        1771936 nvme1n1 WM   461373696  8192      0.216
05:26:33.003 kworker        1771936 nvme1n1 WM   461373728  8192      0.218
05:26:33.003 kworker        1771936 nvme1n1 WM   461373800  4096      0.218
05:26:33.003 kworker        1771936 nvme1n1 WM   461373832  4096      0.219
05:26:33.003 kworker        1771936 nvme1n1 WM   461373848  4096      0.220
05:26:33.003 kworker        1771936 nvme1n1 WM   461373888  4096      0.221
05:26:33.003 kworker        1771936 nvme1n1 WM   570425376  4096      0.243
05:26:33.003 kworker        1771936 nvme1n1 WM   591663296  4096      0.245
05:26:33.003 kworker        1771936 nvme1n1 WM   591669904  4096      0.246
05:26:33.003 kworker        1771936 nvme1n1 WM   595591184  4096      0.247
05:26:33.003 kworker        1771936 nvme1n1 WM   599785480  4096      0.248
05:26:33.003 kworker        1771936 nvme1n1 WM   608174208  4096      0.249
05:26:33.003 kworker        1771936 nvme1n1 WM   608174336  4096      0.250
05:26:33.003 kworker        1771936 nvme1n1 WM   608174416  4096      0.251
05:26:33.003 kworker        1771936 nvme1n1 WM   608174472  4096      0.253
05:26:33.003 kworker        1771936 nvme1n1 WM   608174504  4096      0.255
05:26:33.003 kworker        1771936 nvme1n1 WM   461373760  16384     0.267
05:26:33.003 kworker        1771936 nvme1n1 WM   461374248  12288     0.267
05:26:33.003 kworker        1771936 nvme1n1 WM   721917248  4096      0.161
05:26:33.003 kworker        1771936 nvme1n1 WM   844081072  4096      0.163
05:26:33.003 kworker        1771936 nvme1n1 WM   905969792  4096      0.163
05:26:33.003 kworker        1771936 nvme1n1 WM   905969920  4096      0.166
05:26:33.003 kworker        1771936 nvme1n1 WM   905971112  8192      0.171
05:26:33.003 kworker        1771936 nvme1n1 WM   1497366576 4096      0.174
05:26:33.003 kworker        1771936 nvme1n1 WM   1510731488 4096      0.176
05:26:33.003 kworker        1771936 nvme1n1 WM   1623195704 4096      0.177
05:26:33.003 kworker        1771936 nvme1n1 WM   1635778680 4096      0.177
05:26:33.003 kworker        1771936 nvme1n1 WM   1639972872 4096      0.180
05:26:33.003 kworker        1771936 nvme1n1 WM   1665138752 4096      0.182
05:26:33.003 kworker        1771936 nvme1n1 WM   1686110256 4096      0.183
05:26:33.003 kworker        1771936 nvme1n1 WM   1705582584 4096      0.185
05:26:33.003 kworker        1771936 nvme1n1 WM   1707589104 4096      0.187
05:26:33.003 kworker        1771936 nvme1n1 WM   1715470440 4096      0.191
05:26:33.003 kworker        1771936 nvme1n1 WM   1728053272 4096      0.192
05:26:33.003 kworker        1771936 nvme1n1 WM   1728053296 4096      0.192
05:26:33.003 kworker        1771936 nvme1n1 WM   1729941064 4096      0.198
05:26:33.003 kworker        1771936 nvme1n1 WM   1732247648 4096      0.201
05:26:33.003 kworker        1771936 nvme1n1 WM   1735418296 4096      0.203
05:26:33.003 kworker        1771936 nvme1n1 WM   1735418872 4096      0.203
05:26:33.003 kworker        1771936 nvme1n1 WM   1735423456 4096      0.207
05:26:33.003 kworker        1771936 nvme1n1 WM   1735423472 8192      0.208
05:26:33.003 kworker        1771936 nvme1n1 WM   1736717304 4096      0.209
05:26:33.003 kworker        1771936 nvme1n1 WM   1753219192 4096      0.217
05:26:33.003 kworker        1771936 nvme1n1 WM   1756383784 4096      0.218
05:26:33.003 kworker        1771936 nvme1n1 WM   1756391376 4096      0.225
05:26:33.003 kworker        1771936 nvme1n1 WM   1756428304 4096      0.226
05:26:33.003 kworker        1771936 nvme1n1 WM   1756450784 4096      0.227
05:26:33.003 kworker        1771936 nvme1n1 WM   1756492512 4096      0.232
05:26:33.003 kworker        1771936 nvme1n1 WM   1756528312 4096      0.232
05:26:33.003 kworker        1771936 nvme1n1 WM   608175848  20480     0.256
05:26:33.003 kworker        1771936 nvme1n1 WM   1756670968 4096      0.239
05:26:33.003 kworker        1771936 nvme1n1 WM   1756824952 4096      0.240
05:26:33.003 kworker        1771936 nvme1n1 WM   1756828144 4096      0.242
05:26:33.003 kworker        1771936 nvme1n1 WM   1756846008 4096      0.247
05:26:33.003 kworker        1771936 nvme1n1 WM   1756887008 4096      0.248
05:26:33.003 kworker        1771936 nvme1n1 WM   1756913336 4096      0.249
05:26:33.003 kworker        1790484 nvme1n1 W    1664202032 4096      0.102
05:26:33.003 kworker        1790484 nvme1n1 W    1735424920 4096      0.103
05:26:33.004 kworker        1790484 nvme1n1 W    1735424928 4096      0.104
05:26:33.004 kworker        1790484 nvme1n1 W    1756166912 4096      0.106
05:26:33.004 kworker        1790484 nvme1n1 W    1639928920 4096      0.108
05:26:33.004 kworker        1790484 nvme1n1 W    1664202984 8192      0.102
05:26:33.004 kworker        1790484 nvme1n1 W    1756187648 49152     0.139
05:26:33.004 kworker        1790484 nvme1n1 W    1664202040 131072    0.219
05:26:33.004 kworker        1790484 nvme1n1 W    1664202296 94208     0.280
05:26:33.004 kworker        1790484 nvme1n1 W    1664202480 126976    0.360
05:26:33.004 kworker        1790484 nvme1n1 W    1664202728 131072    0.438
05:26:33.004 kworker        1790484 nvme1n1 W    731001344  131072    0.517
05:26:33.004 kworker        1790484 nvme1n1 W    731001600  53248     0.549
05:26:33.004 kworker        1790484 nvme1n1 W    1664203000 32768     0.567
05:26:33.004 kworker        1790484 nvme1n1 W    844759040  131072    0.645
05:26:33.004 kworker        1790484 nvme1n1 W    844759296  86016     0.698
05:26:33.004 kworker        1790484 nvme1n1 W    1532124680 73728     0.742
05:26:33.004 kworker        1790484 nvme1n1 W    1664203064 49152     0.773
05:26:33.005 jbd2/nv        752     nvme1n1 WSM  878252048  131072    0.754
05:26:33.005 jbd2/nv        752     nvme1n1 WSM  878252304  86016     0.790
05:26:33.005 jbd2/nv        752     nvme1n1 WSM  878252472  4096      0.028
05:26:33.005 kworker        1790484 nvme1n1 WS   1664203152 4096      0.028
05:26:33.005 jbd2/nv        752     nvme1n1 WSM  878252480  45056     0.066
05:26:33.005 jbd2/nv        752     nvme1n1 WSM  878252568  4096      0.026
05:26:33.005 dockerd        1436    nvme1n1 WSM  0          4096      0.099
05:26:33.005 dockerd        1436    nvme1n1 WSM  40         4096      0.103
05:26:33.005 dockerd        1436    nvme1n1 WSM  288        4096      0.103
05:26:33.005 dockerd        1436    nvme1n1 WSM  352        4096      0.104
05:26:33.005 dockerd        1436    nvme1n1 WSM  408        4096      0.110
05:26:33.005 dockerd        1436    nvme1n1 WSM  712        8192      0.111
05:26:33.005 dockerd        1436    nvme1n1 WSM  736        4096      0.111
05:26:33.005 dockerd        1436    nvme1n1 WSM  800        4096      0.112
05:26:33.005 dockerd        1436    nvme1n1 WSM  832        8192      0.127
05:26:33.005 dockerd        1436    nvme1n1 WSM  71303296   4096      0.132
05:26:33.005 dockerd        1436    nvme1n1 WSM  461373792  4096      0.136
05:26:33.005 dockerd        1436    nvme1n1 WSM  591396872  4096      0.137
05:26:33.005 dockerd        1436    nvme1n1 WSM  591670072  4096      0.137
05:26:33.005 dockerd        1436    nvme1n1 WSM  591670944  4096      0.142
05:26:33.005 dockerd        1436    nvme1n1 WSM  591671264  4096      0.144
05:26:33.005 dockerd        1436    nvme1n1 WSM  591671400  4096      0.144
05:26:33.005 dockerd        1436    nvme1n1 WSM  591671720  4096      0.148
05:26:33.005 dockerd        1436    nvme1n1 WSM  591671760  4096      0.150
05:26:33.005 dockerd        1436    nvme1n1 WSM  591672264  8192      0.152
05:26:33.005 dockerd        1436    nvme1n1 WSM  608174416  4096      0.158
05:26:33.005 dockerd        1436    nvme1n1 WSM  608174472  4096      0.159
05:26:33.005 dockerd        1436    nvme1n1 WSM  608174504  4096      0.159
05:26:33.005 dockerd        1436    nvme1n1 WSM  729808928  4096      0.164
05:26:33.005 dockerd        1436    nvme1n1 WSM  730173944  4096      0.164
05:26:33.005 dockerd        1436    nvme1n1 WSM  730174144  4096      0.165
05:26:33.005 dockerd        1436    nvme1n1 WSM  730192312  4096      0.168
05:26:33.005 dockerd        1436    nvme1n1 WSM  843055152  4096      0.170
05:26:33.005 dockerd        1436    nvme1n1 WSM  1484783624 4096      0.173
05:26:33.005 dockerd        1436    nvme1n1 WSM  1484789216 4096      0.176
05:26:33.005 dockerd        1436    nvme1n1 WSM  1485401008 4096      0.177
05:26:33.005 dockerd        1436    nvme1n1 WSM  71303424   12288     0.191
05:26:33.005 dockerd        1436    nvme1n1 WSM  608175840  24576     0.201
05:26:33.005 dockerd        1436    nvme1n1 WSM  1493172272 4096      0.188
05:26:33.005 dockerd        1436    nvme1n1 WSM  1493172480 8192      0.194
05:26:33.005 dockerd        1436    nvme1n1 WSM  1530920992 4096      0.195
05:26:33.005 dockerd        1436    nvme1n1 WSM  1660944480 4096      0.200
05:26:33.005 dockerd        1436    nvme1n1 WSM  1705656312 4096      0.201
05:26:33.005 dockerd        1436    nvme1n1 WSM  1732247648 4096      0.207
05:26:33.005 dockerd        1436    nvme1n1 WSM  1736441944 4096      0.208
05:26:33.005 dockerd        1436    nvme1n1 WSM  1753219160 4096      0.208
05:26:33.006 contain        1195    nvme1n1 WS   1725789792 4096      0.053
05:26:33.006 contain        1195    nvme1n1 WS   1725789816 8192      0.061
05:26:33.006 contain        1195    nvme1n1 WS   1725789888 4096      0.062
05:26:33.006 contain        1195    nvme1n1 WS   1725789912 4096      0.067
05:26:33.006 contain        1195    nvme1n1 WS   1725789928 4096      0.067
05:26:33.006 contain        1195    nvme1n1 WS   1725789952 4096      0.068
05:26:33.006 contain        1195    nvme1n1 WS   1707371880 4096      0.034
05:26:33.006 contain        1195    nvme1n1 WS   1730873688 4096      0.057
05:26:33.006 contain        1195    nvme1n1 WS   1730873760 4096      0.062
05:26:33.006 contain        1195    nvme1n1 WS   1730873776 4096      0.067
05:26:33.006 contain        1195    nvme1n1 WS   1730873848 4096      0.067
05:26:33.006 contain        1195    nvme1n1 WS   1730873864 8192      0.068
05:26:33.006 contain        1195    nvme1n1 WS   1730874024 8192      0.072
05:26:33.006 contain        1195    nvme1n1 WS   1730874064 4096      0.078
05:26:33.006 contain        1195    nvme1n1 WS   1730874080 4096      0.079
05:26:33.006 contain        1195    nvme1n1 WS   1730874144 8192      0.082
05:26:33.006 contain        1195    nvme1n1 WS   1730874304 8192      0.086
05:26:33.006 contain        1195    nvme1n1 WS   1429528    4096      0.027
05:26:33.007 contain        1195    nvme1n1 WS   1730873992 4096      0.042
05:26:33.007 contain        1195    nvme1n1 WS   1730874016 4096      0.051
05:26:33.007 contain        1195    nvme1n1 WS   1730874088 4096      0.068
05:26:33.007 contain        1195    nvme1n1 WS   1730874120 8192      0.070
05:26:33.007 contain        1195    nvme1n1 WS   1429520    4096      0.027
05:26:33.007 contain        1195    nvme1n1 WS   1725789848 4096      0.039
05:26:33.007 contain        1195    nvme1n1 WS   1725789864 4096      0.043
05:26:33.007 contain        1195    nvme1n1 WS   1725789944 4096      0.052
05:26:33.007 contain        1195    nvme1n1 WS   1725789960 16384     0.052
05:26:33.007 contain        1195    nvme1n1 WS   1707371888 4096      0.027
05:26:33.008 contain        1195    nvme1n1 WS   1730873872 4096      0.048
05:26:33.008 contain        1195    nvme1n1 WS   1730874024 4096      0.053
05:26:33.008 contain        1195    nvme1n1 WS   1730874152 8192      0.064
05:26:33.008 contain        1195    nvme1n1 WS   1730874192 8192      0.066
05:26:33.008 contain        1195    nvme1n1 WS   1730874280 8192      0.068
05:26:33.008 contain        1195    nvme1n1 WS   1730874232 12288     0.073
05:26:33.008 contain        1195    nvme1n1 WS   1429528    4096      0.030
05:26:33.009 kworker        1790484 nvme1n1 W    1664203152 40960     0.064
05:26:33.009 kworker        1790484 nvme1n1 WS   1664203176 4096      0.116
05:26:33.009 jbd2/nv        752     nvme1n1 WSM  878252576  122880    0.133
05:26:33.009 jbd2/nv        752     nvme1n1 WSM  878252816  4096      0.028
05:26:33.009 jbd2/nv        752     nvme1n1 WSM  878252824  8192      0.033
05:26:33.009 jbd2/nv        752     nvme1n1 WSM  878252840  4096      0.026
05:26:33.009 dockerd        1436    nvme1n1 WSM  0          4096      0.086
05:26:33.009 dockerd        1436    nvme1n1 WSM  40         4096      0.093
05:26:33.009 dockerd        1436    nvme1n1 WSM  224        4096      0.100
05:26:33.009 dockerd        1436    nvme1n1 WSM  288        4096      0.100
05:26:33.009 dockerd        1436    nvme1n1 WSM  800        4096      0.100
05:26:33.009 dockerd        1436    nvme1n1 WSM  71303296   4096      0.101
05:26:33.009 dockerd        1436    nvme1n1 WSM  461373568  4096      0.100
05:26:33.009 dockerd        1436    nvme1n1 WSM  461373696  8192      0.100
05:26:33.009 dockerd        1436    nvme1n1 WSM  461374248  8192      0.110
05:26:33.009 dockerd        1436    nvme1n1 WSM  591396872  4096      0.111
05:26:33.009 dockerd        1436    nvme1n1 WSM  591672632  4096      0.115
05:26:33.009 dockerd        1436    nvme1n1 WSM  591672784  4096      0.117
05:26:33.009 dockerd        1436    nvme1n1 WSM  591673224  4096      0.119
05:26:33.009 dockerd        1436    nvme1n1 WSM  591673928  4096      0.125
05:26:33.009 dockerd        1436    nvme1n1 WSM  591674712  4096      0.126
05:26:33.009 dockerd        1436    nvme1n1 WSM  591675088  4096      0.126
05:26:33.009 dockerd        1436    nvme1n1 WSM  591675608  4096      0.130
05:26:33.009 dockerd        1436    nvme1n1 WSM  1493172480 8192      0.135
05:26:33.009 dockerd        1436    nvme1n1 WSM  1660944480 4096      0.136
05:26:33.009 dockerd        1436    nvme1n1 WSM  1705582584 4096      0.140
05:26:33.009 dockerd        1436    nvme1n1 WSM  1705656312 4096      0.142
05:26:33.009 dockerd        1436    nvme1n1 WSM  1707589104 4096      0.145
05:26:33.009 dockerd        1436    nvme1n1 WSM  71303432   12288     0.158
05:26:33.010 dockerd        1436    nvme1n1 WS   1498946392 4096      0.032
05:26:33.010 jbd2/nv        752     nvme1n1 WSM  878252848  61440     0.074
05:26:33.010 jbd2/nv        752     nvme1n1 WSM  878252968  4096      0.031
05:26:33.010 dockerd        1436    nvme1n1 WS   1498946400 4096      0.029
05:26:33.010 jbd2/nv        752     nvme1n1 WSM  878252976  28672     0.049
05:26:33.010 jbd2/nv        752     nvme1n1 WSM  878253032  4096      0.026
05:26:33.015 dockerd        1436    nvme1n1 WS   571683144  4096      0.034
05:26:33.015 jbd2/nv        752     nvme1n1 WSM  878253040  86016     0.098
05:26:33.015 jbd2/nv        752     nvme1n1 WSM  878253208  4096      0.027
05:26:33.015 dockerd        1436    nvme1n1 WS   1757812080 8192      0.046
05:26:33.015 dockerd        1436    nvme1n1 WS   1757812104 8192      0.050
05:26:33.015 dockerd        1436    nvme1n1 WS   1323304    4096      0.028
05:26:33.016 contain        1195    nvme1n1 WS   1730873848 4096      0.048
05:26:33.016 contain        1195    nvme1n1 WS   1730873992 4096      0.055
05:26:33.016 contain        1195    nvme1n1 WS   1730874016 4096      0.063
05:26:33.016 contain        1195    nvme1n1 WS   1730874032 4096      0.065
05:26:33.016 contain        1195    nvme1n1 WS   1730874064 4096      0.067
05:26:33.016 contain        1195    nvme1n1 WS   1730874080 4096      0.068
05:26:33.016 contain        1195    nvme1n1 WS   1429520    4096      0.029
05:26:33.017 contain        1195    nvme1n1 WS   1730874088 4096      0.048
05:26:33.017 contain        1195    nvme1n1 WS   1730874120 8192      0.056
05:26:33.017 contain        1195    nvme1n1 WS   1730874144 4096      0.062
05:26:33.017 contain        1195    nvme1n1 WS   1730874280 8192      0.062
05:26:33.017 contain        1195    nvme1n1 WS   1730874232 12288     0.064
05:26:33.017 contain        1195    nvme1n1 WS   1429528    4096      0.026
05:26:33.017 contain        1195    nvme1n1 WS   1730873824 4096      0.051
05:26:33.017 contain        1195    nvme1n1 WS   1730874032 4096      0.056
05:26:33.017 contain        1195    nvme1n1 WS   1730874064 4096      0.057
05:26:33.017 contain        1195    nvme1n1 WS   1730874080 4096      0.062
05:26:33.017 contain        1195    nvme1n1 WS   1730874296 4096      0.062
05:26:33.017 contain        1195    nvme1n1 WS   1429520    4096      0.029
05:26:33.048 ib_log_        125924  nvme1n1 WS   1738278080 4096      0.040
05:26:33.049 ib_log_        125924  nvme1n1 WS   1738278080 4096      0.034
05:26:33.055 ib_log_        125941  nvme1n1 WS   1739630912 4096      0.034
05:26:33.056 ib_log_        125941  nvme1n1 WS   1739630912 4096      0.030
05:26:33.099 dockerd        1436    nvme1n1 W    600310328  4096      0.048
05:26:33.105 dockerd        1436    nvme1n1 WS   1757812064 8192      0.048
05:26:33.105 dockerd        1436    nvme1n1 WS   1757812096 4096      0.056
05:26:33.105 dockerd        1436    nvme1n1 WS   1757812120 4096      0.057
05:26:33.105 dockerd        1436    nvme1n1 WS   1323312    4096      0.027
05:26:33.105 dockerd        1436    nvme1n1 WS   1518910992 4096      0.042
05:26:33.105 dockerd        1436    nvme1n1 WS   1757812088 4096      0.047
05:26:33.105 dockerd        1436    nvme1n1 WS   1757812104 8192      0.051
05:26:33.105 dockerd        1436    nvme1n1 WS   1323304    4096      0.026
05:26:33.106 dockerd        1436    nvme1n1 W    600310336  4096      0.036
05:26:33.107 dockerd        1436    nvme1n1 WS   600310344  4096      0.029
05:26:33.107 jbd2/nv        752     nvme1n1 WSM  878253216  102400    0.113
05:26:33.107 jbd2/nv        752     nvme1n1 WSM  878253416  4096      0.026
05:26:33.107 dockerd        1436    nvme1n1 WS   1539981568 4096      0.052
05:26:33.107 dockerd        1436    nvme1n1 WS   1757812072 4096      0.056
05:26:33.107 dockerd        1436    nvme1n1 WS   1757812096 4096      0.057
05:26:33.107 dockerd        1436    nvme1n1 WS   1757812120 4096      0.058
05:26:33.107 dockerd        1436    nvme1n1 WS   1323312    4096      0.027
05:26:33.119 dockerd        1436    nvme1n1 WS   1757812080 8192      0.044
05:26:33.119 dockerd        1436    nvme1n1 WS   1757812104 8192      0.051
05:26:33.119 dockerd        1436    nvme1n1 WS   1323304    4096      0.026
05:26:33.119 dockerd        1436    nvme1n1 WS   1757812064 8192      0.039
05:26:33.119 dockerd        1436    nvme1n1 WS   1757812096 4096      0.045
05:26:33.119 dockerd        1436    nvme1n1 WS   1757812120 4096      0.048
05:26:33.119 dockerd        1436    nvme1n1 WS   1323312    4096      0.026
05:26:33.119 dockerd        1436    nvme1n1 WS   600310352  4096      0.029
05:26:33.120 jbd2/nv        752     nvme1n1 WSM  878253424  53248     0.073
05:26:33.120 jbd2/nv        752     nvme1n1 WSM  878253528  4096      0.028
05:26:33.127 dockerd        1436    nvme1n1 WS   571683152  4096      0.036
05:26:33.128 jbd2/nv        752     nvme1n1 WSM  878253536  69632     0.088
05:26:33.128 jbd2/nv        752     nvme1n1 WSM  878253672  4096      0.026
05:26:33.128 dockerd        1436    nvme1n1 WS   571683160  4096      0.029
05:26:33.128 jbd2/nv        752     nvme1n1 WSM  878253680  49152     0.066
05:26:33.128 jbd2/nv        752     nvme1n1 WSM  878253776  4096      0.031
05:26:33.157 ib_log_        125924  nvme1n1 WS   1738278080 4096      0.043
05:26:33.165 ib_log_        125941  nvme1n1 WS   1739630912 4096      0.038
05:26:33.167 contain        1195    nvme1n1 WS   1429528    4096      0.037
05:26:33.182 ib_pg_f        125924  nvme1n1 WS   1740054528 131072    0.146
05:26:33.182 ib_pg_f        125924  nvme1n1 WS   1740054784 131072    0.219
05:26:33.182 ib_pg_f        125924  nvme1n1 WS   1740055040 131072    0.296
05:26:33.182 ib_pg_f        125924  nvme1n1 WS   1740055296 131072    0.374
05:26:33.182 ib_pg_f        125924  nvme1n1 WS   1740055552 131072    0.454
05:26:33.182 ib_pg_f        125924  nvme1n1 WS   1740055808 131072    0.534
05:26:33.182 ib_pg_f        125924  nvme1n1 WS   1740056064 131072    0.612
05:26:33.182 ib_pg_f        125924  nvme1n1 WS   1740056320 65536     0.649
05:26:33.182 ib_pg_f        125924  nvme1n1 WS   1740406816 16384     0.041
05:26:33.182 ib_pg_f        125924  nvme1n1 WS   1757716032 16384     0.045
05:26:33.182 ib_pg_f        125924  nvme1n1 WS   1757716192 16384     0.054
05:26:33.182 ib_pg_f        125924  nvme1n1 WS   1755206816 16384     0.059
05:26:33.182 ib_pg_f        125924  nvme1n1 WS   1755103136 16384     0.065
05:26:33.182 ib_pg_f        125924  nvme1n1 WS   813152     16384     0.060
05:26:33.182 ib_pg_f        125924  nvme1n1 WS   813184     16384     0.053
05:26:33.182 ib_pg_f        125924  nvme1n1 WS   813216     16384     0.049
05:26:33.183 ib_pg_f        125924  nvme1n1 WS   1755215808 16384     0.045
05:26:33.183 ib_pg_f        125924  nvme1n1 WS   1755103168 16384     0.045
05:26:33.183 ib_pg_f        125924  nvme1n1 WS   1520107936 16384     0.044
05:26:33.183 ib_pg_f        125924  nvme1n1 WS   1520145376 16384     0.044
05:26:33.183 ib_pg_f        125924  nvme1n1 WS   813696     16384     0.040
05:26:33.183 ib_pg_f        125924  nvme1n1 WS   813728     16384     0.047
05:26:33.183 ib_pg_f        125924  nvme1n1 WS   813760     16384     0.044
05:26:33.183 ib_pg_f        125924  nvme1n1 WS   813792     16384     0.044
05:26:33.183 ib_pg_f        125924  nvme1n1 WS   813824     16384     0.066
05:26:33.183 ib_pg_f        125924  nvme1n1 WS   813888     16384     0.049
05:26:33.183 ib_pg_f        125924  nvme1n1 WS   813920     16384     0.065
05:26:33.183 ib_pg_f        125924  nvme1n1 WS   813952     16384     0.043
05:26:33.183 ib_pg_f        125924  nvme1n1 WS   1756547840 16384     0.053
05:26:33.183 ib_pg_f        125924  nvme1n1 WS   1520145408 16384     0.055
05:26:33.183 ib_pg_f        125924  nvme1n1 WS   1520145440 16384     0.070
05:26:33.183 ib_pg_f        125924  nvme1n1 WS   1436640    16384     0.053
05:26:33.183 ib_pg_f        125924  nvme1n1 WS   1520145216 16384     0.046
05:26:33.183 ib_pg_f        125924  nvme1n1 WS   1520144384 16384     0.045
05:26:33.183 ib_pg_f        125924  nvme1n1 WS   1436768    16384     0.053
05:26:33.183 ib_pg_f        125924  nvme1n1 WS   1757690592 16384     0.055
05:26:33.183 ib_pg_f        125924  nvme1n1 WS   1757760512 16384     0.056
05:26:33.183 ib_pg_f        125924  nvme1n1 WS   1437024    16384     0.058
05:26:33.183 ib_pg_f        125924  nvme1n1 WS   1436000    16384     0.042
05:26:33.183 ib_pg_f        125924  nvme1n1 WS   1436160    16384     0.051
05:26:33.183 ib_pg_f        125924  nvme1n1 WS   1757151456 16384     0.066
05:26:33.183 ib_pg_f        125924  nvme1n1 WS   1740406880 16384     0.063
05:26:33.183 ib_pg_f        125924  nvme1n1 WS   1755207520 16384     0.068
05:26:33.183 ib_pg_f        125924  nvme1n1 WS   1719086400 16384     0.059
05:26:33.183 ib_pg_f        125924  nvme1n1 WS   1728885472 16384     0.067
05:26:33.183 ib_pg_f        125924  nvme1n1 WS   1719086432 16384     0.076
05:26:33.183 ib_pg_f        125924  nvme1n1 WS   1719086464 16384     0.076
05:26:33.183 ib_pg_f        125924  nvme1n1 WS   1755205152 16384     0.083
05:26:33.183 ib_pg_f        125924  nvme1n1 WS   1719086496 16384     0.078
05:26:33.183 ib_pg_f        125924  nvme1n1 WS   1740406944 16384     0.084
05:26:33.183 ib_pg_f        125924  nvme1n1 WS   814048     16384     0.085
05:26:33.183 ib_pg_f        125924  nvme1n1 WS   814080     16384     0.049
05:26:33.183 ib_pg_f        125924  nvme1n1 WS   813984     16384     0.058
05:26:33.183 ib_pg_f        125924  nvme1n1 WS   814016     16384     0.063
05:26:33.183 ib_pg_f        125924  nvme1n1 WS   1755201568 16384     0.060
05:26:33.183 ib_pg_f        125924  nvme1n1 WS   1757760192 16384     0.067
05:26:33.183 ib_pg_f        125924  nvme1n1 WS   1757691744 16384     0.068
05:26:33.183 ib_pg_f        125924  nvme1n1 WS   1756547808 16384     0.051
05:26:33.183 ib_pg_f        125924  nvme1n1 WS   1757691296 16384     0.059
05:26:33.183 ib_pg_f        125924  nvme1n1 WS   1755215840 16384     0.069
05:26:33.183 ib_pg_f        125924  nvme1n1 WS   1755204256 16384     0.066
05:26:33.183 ib_pg_f        125924  nvme1n1 WS   1740412736 16384     0.070
05:26:33.183 ib_pg_f        125924  nvme1n1 WS   1740402784 16384     0.075
05:26:33.183 ib_pg_f        125924  nvme1n1 WS   1755207328 16384     0.085
05:26:33.183 ib_pg_f        125924  nvme1n1 WS   1755099200 16384     0.096
05:26:33.183 ib_pg_f        125924  nvme1n1 WS   1755201600 16384     0.104
05:26:33.183 ib_pg_f        125924  nvme1n1 WS   1756836384 16384     0.045
05:26:33.184 ib_pg_f        125924  nvme1n1 WS   1757151392 16384     0.047
05:26:33.192 ib_pg_f        125941  nvme1n1 WS   1740075008 131072    0.160
05:26:33.192 ib_pg_f        125941  nvme1n1 WS   1740075264 131072    0.231
05:26:33.193 ib_pg_f        125941  nvme1n1 WS   1740075520 131072    0.307
05:26:33.193 ib_pg_f        125941  nvme1n1 WS   1740075776 131072    0.384
05:26:33.193 ib_pg_f        125941  nvme1n1 WS   1740076032 131072    0.461
05:26:33.193 ib_pg_f        125941  nvme1n1 WS   1740076288 131072    0.542
05:26:33.193 ib_pg_f        125941  nvme1n1 WS   1740076544 131072    0.623
05:26:33.193 ib_pg_f        125941  nvme1n1 WS   1740076800 81920     0.674
05:26:33.193 ib_pg_f        125941  nvme1n1 WS   1757680800 16384     0.046
05:26:33.193 ib_pg_f        125941  nvme1n1 WS   311474016  16384     0.042
05:26:33.193 ib_pg_f        125941  nvme1n1 WS   1757681152 16384     0.056
05:26:33.193 ib_pg_f        125941  nvme1n1 WS   1757681344 16384     0.058
05:26:33.193 ib_pg_f        125941  nvme1n1 WS   1756475424 16384     0.055
05:26:33.193 ib_pg_f        125941  nvme1n1 WS   1756422016 16384     0.061
05:26:33.193 ib_pg_f        125941  nvme1n1 WS   1556373600 16384     0.062
05:26:33.193 ib_pg_f        125941  nvme1n1 WS   1556373632 16384     0.049
05:26:33.193 ib_pg_f        125941  nvme1n1 WS   1556373664 16384     0.061
05:26:33.193 ib_pg_f        125941  nvme1n1 WS   1756418368 16384     0.072
05:26:33.193 ib_pg_f        125941  nvme1n1 WS   1756422048 16384     0.071
05:26:33.193 ib_pg_f        125941  nvme1n1 WS   1755748768 16384     0.073
05:26:33.193 ib_pg_f        125941  nvme1n1 WS   1755751392 16384     0.072
05:26:33.193 ib_pg_f        125941  nvme1n1 WS   1556374144 16384     0.069
05:26:33.193 ib_pg_f        125941  nvme1n1 WS   1556374176 16384     0.073
05:26:33.193 ib_pg_f        125941  nvme1n1 WS   1556374208 16384     0.076
05:26:33.193 ib_pg_f        125941  nvme1n1 WS   1556374240 16384     0.079
05:26:33.193 ib_pg_f        125941  nvme1n1 WS   1556374272 16384     0.056
05:26:33.193 ib_pg_f        125941  nvme1n1 WS   1556374336 16384     0.057
05:26:33.193 ib_pg_f        125941  nvme1n1 WS   1556374368 16384     0.060
05:26:33.193 ib_pg_f        125941  nvme1n1 WS   1556374400 16384     0.064
05:26:33.193 ib_pg_f        125941  nvme1n1 WS   1561262848 16384     0.070
05:26:33.193 ib_pg_f        125941  nvme1n1 WS   1755751424 16384     0.067
05:26:33.193 ib_pg_f        125941  nvme1n1 WS   1755751456 16384     0.073
05:26:33.193 ib_pg_f        125941  nvme1n1 WS   1560814560 16384     0.072
05:26:33.193 ib_pg_f        125941  nvme1n1 WS   1755751232 16384     0.076
05:26:33.193 ib_pg_f        125941  nvme1n1 WS   1755750400 16384     0.076
05:26:33.193 ib_pg_f        125941  nvme1n1 WS   1560814688 16384     0.076
05:26:33.193 ib_pg_f        125941  nvme1n1 WS   1757758624 16384     0.074
05:26:33.193 ib_pg_f        125941  nvme1n1 WS   1757758720 16384     0.075
05:26:33.193 ib_pg_f        125941  nvme1n1 WS   1560814944 16384     0.080
05:26:33.193 ib_pg_f        125941  nvme1n1 WS   1560813920 16384     0.079
05:26:33.193 ib_pg_f        125941  nvme1n1 WS   1560814080 16384     0.078
05:26:33.193 ib_pg_f        125941  nvme1n1 WS   1737036000 16384     0.077
05:26:33.193 ib_pg_f        125941  nvme1n1 WS   311474048  16384     0.076
05:26:33.193 ib_pg_f        125941  nvme1n1 WS   1756476832 16384     0.083
05:26:33.193 ib_pg_f        125941  nvme1n1 WS   1719074336 16384     0.047
05:26:33.193 ib_pg_f        125941  nvme1n1 WS   1728902112 16384     0.061
05:26:33.193 ib_pg_f        125941  nvme1n1 WS   1719074368 16384     0.067
05:26:33.193 ib_pg_f        125941  nvme1n1 WS   1719074400 16384     0.073
05:26:33.194 ib_pg_f        125941  nvme1n1 WS   1756422080 16384     0.078
05:26:33.194 ib_pg_f        125941  nvme1n1 WS   1719074432 16384     0.084
05:26:33.194 ib_pg_f        125941  nvme1n1 WS   311474080  16384     0.090
05:26:33.194 ib_pg_f        125941  nvme1n1 WS   1556374496 16384     0.096
05:26:33.194 ib_pg_f        125941  nvme1n1 WS   1556374528 16384     0.089
05:26:33.194 ib_pg_f        125941  nvme1n1 WS   1556374432 16384     0.087
05:26:33.194 ib_pg_f        125941  nvme1n1 WS   1556374464 16384     0.088
05:26:33.194 ib_pg_f        125941  nvme1n1 WS   1756422112 16384     0.095
05:26:33.194 ib_pg_f        125941  nvme1n1 WS   1757680832 16384     0.099
05:26:33.194 ib_pg_f        125941  nvme1n1 WS   1757680992 16384     0.100
05:26:33.194 ib_pg_f        125941  nvme1n1 WS   1561262816 16384     0.089
05:26:33.194 ib_pg_f        125941  nvme1n1 WS   1757760960 16384     0.095
05:26:33.194 ib_pg_f        125941  nvme1n1 WS   1756418400 16384     0.096
05:26:33.194 ib_pg_f        125941  nvme1n1 WS   1756422144 16384     0.096
05:26:33.194 ib_pg_f        125941  nvme1n1 WS   311472384  16384     0.098
05:26:33.194 ib_pg_f        125941  nvme1n1 WS   32780736   16384     0.101
05:26:33.194 ib_pg_f        125941  nvme1n1 WS   1756475488 16384     0.104
05:26:33.194 ib_pg_f        125941  nvme1n1 WS   1756418496 16384     0.107
05:26:33.194 ib_pg_f        125941  nvme1n1 WS   1756422176 16384     0.111
05:26:33.194 ib_pg_f        125941  nvme1n1 WS   1740286496 16384     0.113
05:26:33.194 ib_pg_f        125941  nvme1n1 WS   1737035936 16384     0.116
05:26:33.267 nvme           1804281 Unknown N    -1         512       0.038
05:26:33.541 python3        1784368 nvme1n1 WS   1687744512 131072    0.329
05:26:33.541 python3        1784368 nvme1n1 WS   1687744768 131072    0.413
05:26:33.542 python3        1784368 nvme1n1 WS   1687745024 131072    0.485
05:26:33.542 python3        1784368 nvme1n1 WS   1687745280 131072    0.564
05:26:33.542 python3        1784368 nvme1n1 WS   1687745536 131072    0.648
05:26:33.542 python3        1784368 nvme1n1 WS   1687745792 131072    0.726
05:26:33.542 python3        1784368 nvme1n1 WS   1687746048 131072    0.813
05:26:33.542 python3        1784368 nvme1n1 WS   1687746304 131072    0.871
05:26:33.542 python3        1784366 nvme1n1 WS   1687748608 131072    0.980
05:26:33.542 python3        1784366 nvme1n1 WS   1687748864 131072    1.057
05:26:33.542 python3        1784366 nvme1n1 WS   1687749120 131072    1.138
05:26:33.542 python3        1784366 nvme1n1 WS   1687749376 131072    1.217
05:26:33.542 python3        1784366 nvme1n1 WS   1687749632 131072    1.300
05:26:33.542 python3        1784366 nvme1n1 WS   1687749888 131072    1.382
05:26:33.543 python3        1784366 nvme1n1 WS   1687750144 131072    1.462
05:26:33.543 python3        1784366 nvme1n1 WS   1640288256 131072    1.573
05:26:33.543 python3        1784366 nvme1n1 WS   1640288512 131072    1.641
05:26:33.543 python3        1784366 nvme1n1 WS   1640288768 131072    1.719
05:26:33.543 python3        1784366 nvme1n1 WS   1640289024 131072    1.802
05:26:33.543 python3        1784369 nvme1n1 WS   1687752704 131072    1.901
05:26:33.543 python3        1784369 nvme1n1 WS   1687752960 131072    1.981
05:26:33.543 python3        1784369 nvme1n1 WS   1687753216 131072    2.060
05:26:33.543 python3        1784369 nvme1n1 WS   1687753472 131072    2.136
05:26:33.543 python3        1784369 nvme1n1 WS   1687753728 131072    2.232
05:26:33.543 python3        1784369 nvme1n1 WS   1687945216 131072    2.309
05:26:33.543 python3        1784369 nvme1n1 WS   1687945472 131072    2.380
05:26:33.544 python3        1784369 nvme1n1 WS   1687945728 131072    2.456
05:26:33.544 python3        1784369 nvme1n1 WS   1687945984 131072    2.528
05:26:33.544 python3        1784369 nvme1n1 WS   1687946240 131072    2.603
05:26:33.544 python3        1784369 nvme1n1 WS   1687753984 131072    2.677
05:26:33.544 python3        1784369 nvme1n1 WS   1687754240 131072    2.755
05:26:33.544 python3        1784369 nvme1n1 WS   1687754496 131072    2.813
05:26:33.544 python3        1784369 nvme1n1 WS   1687754752 131072    2.891
05:26:33.544 python3        1784369 nvme1n1 WS   1687755008 131072    2.966
05:26:33.544 python3        1784369 nvme1n1 WS   1687755264 131072    3.040
05:26:33.544 python3        1784369 nvme1n1 WS   1687755520 131072    3.117
05:26:33.544 python3        1784369 nvme1n1 WS   1687946496 131072    3.229
05:26:33.544 python3        1784369 nvme1n1 WS   1687946752 131072    3.302
05:26:33.544 python3        1784369 nvme1n1 WS   1687947008 131072    3.360
05:26:33.545 python3        1784369 nvme1n1 WS   1687947264 131072    3.434
05:26:33.545 python3        1784369 nvme1n1 WS   1687947520 131072    3.511
05:26:33.545 python3        1784369 nvme1n1 WS   1687947776 131072    3.586
05:26:33.545 python3        1784366 nvme1n1 WS   1640289280 131072    3.699
05:26:33.545 python3        1784366 nvme1n1 WS   1640289536 131072    3.774
05:26:33.545 python3        1784366 nvme1n1 WS   1640289792 131072    3.843
05:26:33.545 python3        1784368 nvme1n1 WS   1687746560 131072    3.934
05:26:33.545 python3        1784368 nvme1n1 WS   1687746816 131072    4.008
05:26:33.545 python3        1784368 nvme1n1 WS   1687747072 131072    4.079
05:26:33.545 python3        1784368 nvme1n1 WS   1687747328 131072    4.154
05:26:33.545 python3        1784368 nvme1n1 WS   1687747584 131072    4.228
05:26:33.545 python3        1784368 nvme1n1 WS   1687747840 131072    4.302
05:26:33.545 python3        1784368 nvme1n1 WS   1687748096 131072    4.379
05:26:33.546 python3        1784368 nvme1n1 WS   1687748352 131072    4.441
05:26:33.546 python3        1784368 nvme1n1 WS   1739375104 131072    4.553
05:26:33.546 python3        1784368 nvme1n1 WS   1739375360 16384     4.557
05:26:33.546 python3        1784366 nvme1n1 WS   1687750400 131072    4.626
05:26:33.546 python3        1784366 nvme1n1 WS   1687750656 131072    4.702
05:26:33.546 python3        1784366 nvme1n1 WS   1687750912 131072    4.777
05:26:33.546 python3        1784366 nvme1n1 WS   1687751168 131072    4.855
05:26:33.546 python3        1784366 nvme1n1 WS   1687751424 131072    4.931
05:26:33.546 python3        1784366 nvme1n1 WS   1687751680 131072    5.007
05:26:33.546 python3        1784366 nvme1n1 WS   1687751936 131072    5.082
05:26:33.546 python3        1784366 nvme1n1 WS   1687752192 131072    5.157
05:26:33.546 python3        1784366 nvme1n1 WS   1687752448 131072    5.217
05:26:33.546 python3        1784366 nvme1n1 WS   1687760896 131072    5.291
05:26:33.547 python3        1784366 nvme1n1 WS   1687761152 131072    5.366
05:26:33.547 python3        1784369 nvme1n1 WS   1687948032 131072    5.474
05:26:33.547 python3        1784369 nvme1n1 WS   1687948288 131072    5.548
05:26:33.547 python3        1784369 nvme1n1 WS   1687948544 131072    5.620
05:26:33.547 python3        1784369 nvme1n1 WS   1687948800 131072    5.694
05:26:33.547 python3        1784369 nvme1n1 WS   1687949056 131072    5.757
05:26:33.547 python3        1784369 nvme1n1 WS   1687949312 131072    5.836
05:26:33.547 python3        1784369 nvme1n1 WS   1687949568 131072    5.914
05:26:33.547 python3        1784369 nvme1n1 WS   1687755776 131072    6.022
05:26:33.547 python3        1784369 nvme1n1 WS   1687756032 131072    6.096
05:26:33.547 python3        1784369 nvme1n1 WS   1687756288 131072    6.175
05:26:33.547 python3        1784369 nvme1n1 WS   1687756544 131072    6.238
05:26:33.547 python3        1784369 nvme1n1 WS   1687764992 131072    6.318
05:26:33.548 python3        1784369 nvme1n1 WS   1687765248 131072    6.392
05:26:33.548 python3        1784368 nvme1n1 WS   1687756800 131072    6.507
05:26:33.548 python3        1784368 nvme1n1 WS   1687757056 131072    6.579
05:26:33.548 python3        1784366 nvme1n1 WS   1640290048 131072    6.660
05:26:33.548 python3        1784366 nvme1n1 WS   1640290304 131072    6.728
05:26:33.548 python3        1784366 nvme1n1 WS   1640290560 131072    6.799
05:26:33.548 python3        1784366 nvme1n1 WS   1640290816 131072    6.875
05:26:33.548 python3        1784366 nvme1n1 WS   1640291072 131072    6.987
05:26:33.548 python3        1784366 nvme1n1 WS   1640291328 131072    7.062
05:26:33.548 python3        1784366 nvme1n1 WS   1640291584 131072    7.141
05:26:33.548 python3        1784366 nvme1n1 WS   1640291840 131072    7.219
05:26:33.548 python3        1784366 nvme1n1 WS   1640292096 131072    7.277
05:26:33.549 python3        1784366 nvme1n1 WS   1640292352 131072    7.354
05:26:33.549 python3        1784366 nvme1n1 WS   1640292608 131072    7.433
05:26:33.549 python3        1784369 nvme1n1 WS   1739378176 131072    7.539
05:26:33.549 python3        1784369 nvme1n1 WS   1739378432 16384     7.546
05:26:33.549 python3        1784368 nvme1n1 WS   1687769088 131072    7.565
05:26:33.549 python3        1784368 nvme1n1 WS   1687769344 131072    7.640
05:26:33.549 python3        1784368 nvme1n1 WS   1687769600 131072    7.711
05:26:33.549 python3        1784368 nvme1n1 WS   1687769856 131072    7.792
05:26:33.549 python3        1784368 nvme1n1 WS   1687770112 131072    7.866
05:26:33.549 python3        1784368 nvme1n1 WS   1687770368 131072    7.943
05:26:33.549 python3        1784368 nvme1n1 WS   1687770624 131072    8.022
05:26:33.549 python3        1784368 nvme1n1 WS   1687770880 131072    8.082
05:26:33.549 python3        1784368 nvme1n1 WS   1687771136 131072    8.157
05:26:33.550 python3        1784368 nvme1n1 WS   1687771392 131072    8.231
05:26:33.550 python3        1784368 nvme1n1 WS   1687771648 131072    8.306
05:26:33.550 python3        1784368 nvme1n1 WS   1687771904 131072    8.379
05:26:33.550 python3        1784368 nvme1n1 WS   1687772160 131072    8.459
05:26:33.550 python3        1784368 nvme1n1 WS   1687772416 131072    8.535
05:26:33.550 python3        1784368 nvme1n1 WS   1687772672 131072    8.612
05:26:33.550 python3        1784368 nvme1n1 WS   1687772928 131072    8.682
05:26:33.550 python3        1784368 nvme1n1 WS   1687773184 131072    8.757
05:26:33.550 python3        1784368 nvme1n1 WS   1687773440 131072    8.836
05:26:33.550 python3        1784367 nvme1n1 WS   1687777280 131072    8.912
05:26:33.550 python3        1784367 nvme1n1 WS   1687777536 131072    8.913
05:26:33.550 python3        1784367 nvme1n1 WS   1687777792 131072    8.980
05:26:33.550 python3        1784367 nvme1n1 WS   1687778048 131072    9.058
05:26:33.551 python3        1784367 nvme1n1 WS   1687778304 131072    9.134
05:26:33.551 python3        1784367 nvme1n1 WS   1687778560 131072    9.210
05:26:33.551 python3        1784367 nvme1n1 WS   1687781376 131072    9.364
05:26:33.551 python3        1784367 nvme1n1 WS   1687781632 131072    9.383
05:26:33.551 python3        1784367 nvme1n1 WS   1687781888 131072    9.450
05:26:33.551 python3        1784367 nvme1n1 WS   1687782144 131072    9.530
05:26:33.551 python3        1784367 nvme1n1 WS   1687782400 131072    9.609
05:26:33.551 python3        1784367 nvme1n1 WS   1687782656 131072    9.688
05:26:33.551 python3        1784367 nvme1n1 WS   1687778816 131072    9.768
05:26:33.551 python3        1784367 nvme1n1 WS   1687779072 131072    9.827
05:26:33.551 python3        1784367 nvme1n1 WS   1687782912 131072    9.921
05:26:33.551 python3        1784367 nvme1n1 WS   1687783168 131072    9.981
05:26:33.552 python3        1784367 nvme1n1 WS   1687783424 131072   10.059
05:26:33.552 python3        1784367 nvme1n1 WS   1687779328 131072   10.144
05:26:33.552 python3        1784367 nvme1n1 WS   1687779584 131072   10.223
05:26:33.552 python3        1784367 nvme1n1 WS   1687779840 131072   10.297
05:26:33.552 python3        1784367 nvme1n1 WS   1687780096 131072   10.372
05:26:33.552 python3        1784367 nvme1n1 WS   1687780352 131072   10.446
05:26:33.552 python3        1784367 nvme1n1 WS   1687783680 131072   10.528
05:26:33.552 python3        1784367 nvme1n1 WS   1687783936 131072   10.607
05:26:33.552 python3        1784367 nvme1n1 WS   1687784192 131072   10.686
05:26:33.552 python3        1784367 nvme1n1 WS   1687784448 131072   10.765
05:26:33.552 python3        1784367 nvme1n1 WS   1687784704 131072   10.842
05:26:33.552 python3        1784367 nvme1n1 WS   1687784960 131072   10.916
05:26:33.552 python3        1784367 nvme1n1 WS   1687780608 131072   11.006
05:26:33.553 python3        1784367 nvme1n1 WS   1687780864 131072   11.083
05:26:33.553 python3        1784367 nvme1n1 WS   1687781120 131072   11.147
05:26:33.553 python3        1784367 nvme1n1 WS   1687785472 131072   11.222
05:26:33.553 python3        1784367 nvme1n1 WS   1687785728 131072   11.300
05:26:33.553 python3        1784367 nvme1n1 WS   1687785216 131072   11.382
05:26:33.553 python3        1784367 nvme1n1 WS   1687789568 131072   11.456
05:26:33.553 python3        1784367 nvme1n1 WS   1687789824 131072   11.571
05:26:33.553 python3        1784366 nvme1n1 WS   1739378688 131072   11.703
05:26:33.553 python3        1784366 nvme1n1 WS   1739378944 16384    11.706
05:26:33.553 python3        1784367 nvme1n1 WS   1739386880 131072   11.665
05:26:33.553 python3        1784367 nvme1n1 WS   1739387136 16384    11.676
05:26:33.553 python3        1784368 nvme1n1 WS   1687793664 131072   10.501
05:26:33.553 python3        1784368 nvme1n1 WS   1687793920 131072   10.570
05:26:33.553 python3        1784368 nvme1n1 WS   1687794176 131072   10.644
05:26:33.554 python3        1784368 nvme1n1 WS   1687794432 131072   10.716
05:26:33.554 python3        1784368 nvme1n1 WS   1687794688 131072   10.791
05:26:33.554 python3        1784368 nvme1n1 WS   1687794944 131072   10.867
05:26:33.554 python3        1784368 nvme1n1 WS   1687795200 131072   10.942
05:26:33.554 python3        1784368 nvme1n1 WS   1687795456 131072   10.995
05:26:33.554 python3        1784369 nvme1n1 WS   1687797760 131072   11.128
05:26:33.554 python3        1784368 nvme1n1 WS   1687795712 131072   11.157
05:26:33.554 python3        1784368 nvme1n1 WS   1687795968 131072   11.233
05:26:33.554 python3        1784368 nvme1n1 WS   1687796224 131072   11.311
05:26:33.554 python3        1784369 nvme1n1 WS   1687798016 131072   11.395
05:26:33.554 python3        1784369 nvme1n1 WS   1687798272 131072   11.465
05:26:33.554 python3        1784369 nvme1n1 WS   1687798528 131072   11.538
05:26:33.555 python3        1784366 nvme1n1 WS   19697664   131072   11.626
05:26:33.555 python3        1784366 nvme1n1 WS   19697920   131072   11.702
05:26:33.555 python3        1784366 nvme1n1 WS   19698176   131072   11.778
05:26:33.555 python3        1784369 nvme1n1 WS   1687798784 131072   11.853
05:26:33.555 python3        1784369 nvme1n1 WS   1687799040 131072   11.931
05:26:33.555 python3        1784369 nvme1n1 WS   1687799296 131072   12.006
05:26:33.555 python3        1784366 nvme1n1 WS   19698432   131072   12.090
05:26:33.555 python3        1784366 nvme1n1 WS   19698688   131072   12.170
05:26:33.555 python3        1784366 nvme1n1 WS   19698944   131072   12.246
05:26:33.555 python3        1784366 nvme1n1 WS   19699200   131072   12.320
05:26:33.555 python3        1784368 nvme1n1 WS   1687796480 131072   12.425
05:26:33.555 python3        1784368 nvme1n1 WS   1687796736 131072   12.486
05:26:33.555 python3        1784368 nvme1n1 WS   1687796992 131072   12.563
05:26:33.556 python3        1784368 nvme1n1 WS   1687797248 131072   12.641
05:26:33.556 python3        1784369 nvme1n1 WS   1687799552 131072   12.706
05:26:33.556 python3        1784369 nvme1n1 WS   1687799808 131072   12.779
05:26:33.556 python3        1784369 nvme1n1 WS   1687800064 131072   12.857
05:26:33.556 python3        1784369 nvme1n1 WS   1687800320 131072   12.932
05:26:33.556 python3        1784366 nvme1n1 WS   19699456   131072   13.018
05:26:33.556 python3        1784366 nvme1n1 WS   19699712   131072   13.091
05:26:33.556 python3        1784366 nvme1n1 WS   19699968   131072   13.166
05:26:33.556 python3        1784369 nvme1n1 WS   1687800576 131072   13.241
05:26:33.556 python3        1784369 nvme1n1 WS   1687800832 131072   13.318
05:26:33.556 python3        1784369 nvme1n1 WS   1687801088 131072   13.391
05:26:33.556 python3        1784369 nvme1n1 WS   1687801344 131072   13.466
05:26:33.556 python3        1784366 nvme1n1 WS   19700224   131072   13.554
05:26:33.557 python3        1784366 nvme1n1 WS   19700480   131072   13.632
05:26:33.557 python3        1784366 nvme1n1 WS   19700736   131072   13.711
05:26:33.557 python3        1784366 nvme1n1 WS   19700992   131072   13.787
05:26:33.557 python3        1784366 nvme1n1 WS   19701248   131072   13.863
05:26:33.557 python3        1784368 nvme1n1 WS   1687797504 131072   13.959
05:26:33.557 python3        1784368 nvme1n1 WS   1687805952 131072   14.027
05:26:33.557 python3        1784368 nvme1n1 WS   1687806208 131072   14.106
05:26:33.557 python3        1784367 nvme1n1 WS   1687801856 131072   14.185
05:26:33.557 python3        1784369 nvme1n1 WS   1687801600 131072   14.232
05:26:33.557 python3        1784369 nvme1n1 WS   1687810048 131072   14.306
05:26:33.557 python3        1784369 nvme1n1 WS   1687810304 131072   14.384
05:26:33.557 python3        1784366 nvme1n1 WS   19701504   131072   14.469
05:26:33.558 python3        1784366 nvme1n1 WS   19701760   131072   14.545
05:26:33.558 python3        1784366 nvme1n1 WS   19702016   131072   14.626
05:26:33.558 python3        1784367 nvme1n1 WS   1687802112 131072   14.706
05:26:33.558 python3        1784367 nvme1n1 WS   1687802368 131072   14.779
05:26:33.558 python3        1784367 nvme1n1 WS   1687802624 131072   14.889
05:26:33.558 python3        1784367 nvme1n1 WS   1687802880 131072   14.964
05:26:33.558 python3        1784367 nvme1n1 WS   1687803136 131072   15.044
05:26:33.558 python3        1784367 nvme1n1 WS   1687803392 131072   15.121
05:26:33.558 python3        1784367 nvme1n1 WS   1687803648 131072   15.172
05:26:33.558 python3        1784367 nvme1n1 WS   1687803904 131072   15.248
05:26:33.558 python3        1784367 nvme1n1 WS   1687804160 131072   15.323
05:26:33.558 python3        1784367 nvme1n1 WS   1687804416 131072   15.400
05:26:33.559 python3        1784367 nvme1n1 WS   1687804672 131072   15.478
05:26:33.559 python3        1784367 nvme1n1 WS   1687804928 131072   15.552
05:26:33.559 python3        1784367 nvme1n1 WS   1687805184 131072   15.629
05:26:33.559 python3        1784367 nvme1n1 WS   1687805440 131072   15.705
05:26:33.559 python3        1784367 nvme1n1 WS   1687805696 131072   15.762
05:26:33.559 python3        1784367 nvme1n1 WS   1687814144 131072   15.840
05:26:33.559 python3        1784367 nvme1n1 WS   1687814400 131072   15.924
05:26:33.559 python3        1784368 nvme1n1 WS   1687818240 131072   12.612
05:26:33.559 python3        1784368 nvme1n1 WS   1687818496 131072   12.613
05:26:33.559 python3        1784368 nvme1n1 WS   1687818752 131072   12.682
05:26:33.559 python3        1784368 nvme1n1 WS   1687819008 131072   12.749
05:26:33.559 python3        1784368 nvme1n1 WS   1687819264 131072   12.829
05:26:33.559 python3        1784368 nvme1n1 WS   1687819520 131072   12.909
05:26:33.560 python3        1784368 nvme1n1 WS   1687819776 131072   12.987
05:26:33.560 python3        1784368 nvme1n1 WS   1687820032 131072   13.059
05:26:33.560 python3        1784368 nvme1n1 WS   1687820288 131072   13.142
05:26:33.560 python3        1784368 nvme1n1 WS   1687820544 131072   13.221
05:26:33.560 python3        1784368 nvme1n1 WS   1687820800 53248    13.251
05:26:33.560 python3        1784366 nvme1n1 WS   19705856   131072   12.316
05:26:33.560 python3        1784366 nvme1n1 WS   19706112   131072   12.391
05:26:33.560 python3        1784366 nvme1n1 WS   19706368   131072   12.470
05:26:33.560 python3        1784366 nvme1n1 WS   19706624   131072   12.549
05:26:33.560 python3        1784366 nvme1n1 WS   19706880   131072   12.629
05:26:33.560 python3        1784366 nvme1n1 WS   19707136   131072   12.706
05:26:33.560 python3        1784366 nvme1n1 WS   19707392   131072   12.792
05:26:33.561 python3        1784366 nvme1n1 WS   19707648   131072   12.855
05:26:33.561 python3        1784366 nvme1n1 WS   19707904   131072   12.934
05:26:33.561 python3        1784366 nvme1n1 WS   19708160   131072   13.016
05:26:33.561 python3        1784366 nvme1n1 WS   19708416   53248    13.047
05:26:33.561 python3        1784369 nvme1n1 WS   1687822336 131072   12.193
05:26:33.561 python3        1784369 nvme1n1 WS   1687822592 131072   12.242
05:26:33.561 python3        1784369 nvme1n1 WS   1687822848 131072   12.316
05:26:33.561 python3        1784369 nvme1n1 WS   1687823104 131072   12.392
05:26:33.561 python3        1784369 nvme1n1 WS   1687823360 131072   12.468
05:26:33.561 python3        1784369 nvme1n1 WS   1687823616 131072   12.545
05:26:33.561 python3        1784369 nvme1n1 WS   1687823872 131072   12.619
05:26:33.561 python3        1784369 nvme1n1 WS   1687824128 131072   12.686
05:26:33.561 python3        1784369 nvme1n1 WS   1687824384 131072   12.760
05:26:33.562 python3        1784369 nvme1n1 WS   1687824640 131072   12.835
05:26:33.562 python3        1784369 nvme1n1 WS   1687824896 53248    12.862
05:26:33.562 python3        1784367 nvme1n1 WS   19709952   131072    7.492
05:26:33.562 python3        1784367 nvme1n1 WS   19710208   131072    7.522
05:26:33.562 python3        1784367 nvme1n1 WS   19710464   131072    7.598
05:26:33.562 python3        1784367 nvme1n1 WS   19710720   131072    7.677
05:26:33.562 python3        1784367 nvme1n1 WS   19710976   131072    7.754
05:26:33.562 python3        1784367 nvme1n1 WS   19711232   131072    7.832
05:26:33.562 python3        1784367 nvme1n1 WS   19711488   131072    7.910
05:26:33.562 python3        1784367 nvme1n1 WS   19711744   131072    7.983
05:26:33.562 python3        1784367 nvme1n1 WS   19712000   131072    8.064
05:26:33.562 python3        1784367 nvme1n1 WS   19712256   131072    8.142
05:26:33.562 python3        1784367 nvme1n1 WS   19712512   53248     8.172
05:26:33.872 python3        1784366 nvme1n1 WS   1687826432 131072    0.206
05:26:33.872 python3        1784366 nvme1n1 WS   1687826688 131072    0.258
05:26:33.872 python3        1784366 nvme1n1 WS   1687826944 131072    0.345
05:26:33.872 python3        1784366 nvme1n1 WS   1687827200 131072    0.422
05:26:33.872 python3        1784366 nvme1n1 WS   1687827456 131072    0.503
05:26:33.872 python3        1784366 nvme1n1 WS   1687827712 131072    0.592
05:26:33.872 python3        1784369 nvme1n1 WS   1640296448 131072    0.699
05:26:33.872 python3        1784369 nvme1n1 WS   1640296704 131072    0.750
05:26:33.872 python3        1784369 nvme1n1 WS   1640296960 131072    0.832
05:26:33.872 python3        1784366 nvme1n1 WS   1687827968 131072    0.909
05:26:33.872 python3        1784366 nvme1n1 WS   1687828224 131072    0.966
05:26:33.872 python3        1784366 nvme1n1 WS   1687828480 131072    1.046
05:26:33.873 python3        1784366 nvme1n1 WS   1687828736 131072    1.124
05:26:33.873 python3        1784366 nvme1n1 WS   1687828992 131072    1.201
05:26:33.873 python3        1784366 nvme1n1 WS   1687829248 131072    1.282
05:26:33.873 python3        1784366 nvme1n1 WS   1687829504 131072    1.360
05:26:33.873 python3        1784369 nvme1n1 WS   1640297216 131072    1.491
05:26:33.873 python3        1784369 nvme1n1 WS   1640297472 131072    1.580
05:26:33.873 python3        1784369 nvme1n1 WS   1640297728 131072    1.656
05:26:33.873 python3        1784369 nvme1n1 WS   1640297984 131072    1.737
05:26:33.873 python3        1784369 nvme1n1 WS   1640298240 131072    1.801
05:26:33.873 python3        1784369 nvme1n1 WS   1640298496 131072    1.883
05:26:33.873 python3        1784369 nvme1n1 WS   1640298752 131072    1.960
05:26:33.873 python3        1784369 nvme1n1 WS   1640299008 131072    2.043
05:26:33.874 python3        1784369 nvme1n1 WS   1640299264 131072    2.124
05:26:33.874 python3        1784369 nvme1n1 WS   1640299520 131072    2.198
05:26:33.874 python3        1784369 nvme1n1 WS   1640299776 131072    2.273
05:26:33.874 python3        1784369 nvme1n1 WS   1640300032 131072    2.349
05:26:33.874 python3        1784369 nvme1n1 WS   1640300288 131072    2.411
05:26:33.874 python3        1784367 nvme1n1 WS   1640300544 131072    2.569
05:26:33.874 python3        1784367 nvme1n1 WS   1640300800 131072    2.582
05:26:33.874 python3        1784367 nvme1n1 WS   1640301056 131072    2.657
05:26:33.874 python3        1784367 nvme1n1 WS   1640301312 131072    2.732
05:26:33.874 python3        1784367 nvme1n1 WS   1640301568 131072    2.805
05:26:33.874 python3        1784367 nvme1n1 WS   1640301824 131072    2.882
05:26:33.874 python3        1784366 nvme1n1 WS   1687829760 131072    2.978
05:26:33.874 python3        1784366 nvme1n1 WS   1687830016 131072    3.053
05:26:33.875 python3        1784367 nvme1n1 WS   1640302080 131072    3.120
05:26:33.875 python3        1784366 nvme1n1 WS   1687830528 131072    3.205
05:26:33.875 python3        1784366 nvme1n1 WS   1687830784 131072    3.274
05:26:33.875 python3        1784366 nvme1n1 WS   1687831040 131072    3.351
05:26:33.875 python3        1784369 nvme1n1 WS   1640304640 131072    3.438
05:26:33.875 python3        1784369 nvme1n1 WS   1640304896 131072    3.511
05:26:33.875 python3        1784366 nvme1n1 WS   1687830272 131072    3.590
05:26:33.875 python3        1784366 nvme1n1 WS   1687834624 131072    3.667
05:26:33.875 python3        1784366 nvme1n1 WS   1687831296 131072    3.747
05:26:33.875 python3        1784366 nvme1n1 WS   1687831552 131072    3.823
05:26:33.875 python3        1784366 nvme1n1 WS   1687831808 131072    3.899
05:26:33.875 python3        1784366 nvme1n1 WS   1687832064 131072    3.975
05:26:33.876 python3        1784366 nvme1n1 WS   1687834880 131072    4.064
05:26:33.876 python3        1784367 nvme1n1 WS   1640302336 131072    4.136
05:26:33.876 python3        1784367 nvme1n1 WS   1640302592 131072    4.210
05:26:33.876 python3        1784367 nvme1n1 WS   1640302848 131072    4.286
05:26:33.876 python3        1784367 nvme1n1 WS   1640303104 131072    4.363
05:26:33.876 python3        1784367 nvme1n1 WS   1640303360 131072    4.440
05:26:33.876 python3        1784367 nvme1n1 WS   1640303616 131072    4.516
05:26:33.876 python3        1784367 nvme1n1 WS   1640303872 131072    4.594
05:26:33.876 python3        1784367 nvme1n1 WS   1640304128 131072    4.671
05:26:33.876 python3        1784367 nvme1n1 WS   1640308736 131072    4.772
05:26:33.876 python3        1784367 nvme1n1 WS   1640308992 131072    4.845
05:26:33.876 python3        1784367 nvme1n1 WS   1640309248 131072    4.917
05:26:33.876 python3        1784367 nvme1n1 WS   1640309504 131072    4.992
05:26:33.877 python3        1784368 nvme1n1 WS   1622695936 131072    5.086
05:26:33.877 python3        1784368 nvme1n1 WS   1622696192 131072    5.157
05:26:33.877 python3        1784368 nvme1n1 WS   1622696448 131072    5.230
05:26:33.877 python3        1784368 nvme1n1 WS   1622696704 131072    5.312
05:26:33.877 python3        1784366 nvme1n1 WS   1687832320 131072    5.403
05:26:33.877 python3        1784366 nvme1n1 WS   1687832576 131072    5.482
05:26:33.877 python3        1784366 nvme1n1 WS   1687832832 131072    5.560
05:26:33.877 python3        1784366 nvme1n1 WS   1687833088 126976    5.634
05:26:33.877 python3        1784367 nvme1n1 WS   1640309760 131072    5.710
05:26:33.877 python3        1784367 nvme1n1 WS   1640310016 131072    5.785
05:26:33.877 python3        1784367 nvme1n1 WS   1640310272 131072    5.859
05:26:33.877 python3        1784368 nvme1n1 WS   1622696960 131072    5.946
05:26:33.878 python3        1784368 nvme1n1 WS   1622697216 131072    6.023
05:26:33.878 python3        1784368 nvme1n1 WS   1622697472 131072    6.101
05:26:33.878 python3        1784368 nvme1n1 WS   1640312832 131072    6.180
05:26:33.878 python3        1784368 nvme1n1 WS   1640313088 131072    6.252
05:26:33.878 python3        1784367 nvme1n1 WS   1640304384 131072    6.395
05:26:33.878 python3        1784367 nvme1n1 WS   1640316928 131072    6.425
05:26:33.878 python3        1784367 nvme1n1 WS   1640317184 131072    6.484
05:26:33.878 python3        1784367 nvme1n1 WS   1640310528 131072    6.572
05:26:33.878 python3        1784367 nvme1n1 WS   1640310784 131072    6.645
05:26:33.878 python3        1784367 nvme1n1 WS   1640311040 131072    6.719
05:26:33.878 python3        1784367 nvme1n1 WS   1640311296 126976    6.793
05:26:33.878 python3        1784368 nvme1n1 WS   1622697728 131072    6.879
05:26:33.878 python3        1784368 nvme1n1 WS   1622697984 131072    6.974
05:26:33.879 python3        1784368 nvme1n1 WS   1622698240 131072    7.053
05:26:33.879 python3        1784368 nvme1n1 WS   1640313344 131072    7.138
05:26:33.879 python3        1784368 nvme1n1 WS   1640313600 131072    7.220
05:26:33.879 python3        1784368 nvme1n1 WS   1640313856 131072    7.296
05:26:33.879 python3        1784368 nvme1n1 WS   1622698496 126976    7.374
05:26:33.879 python3        1784368 nvme1n1 WS   1640314112 131072    7.452
05:26:33.879 python3        1784368 nvme1n1 WS   1640314368 131072    7.530
05:26:33.879 python3        1784369 nvme1n1 WS   1687838720 131072    7.700
05:26:33.879 python3        1784369 nvme1n1 WS   1687838976 131072    7.702
05:26:33.879 python3        1784369 nvme1n1 WS   1687839232 131072    7.781
05:26:33.879 python3        1784369 nvme1n1 WS   1687839488 131072    7.843
05:26:33.879 python3        1784369 nvme1n1 WS   1687839744 131072    7.920
05:26:33.880 python3        1784369 nvme1n1 WS   1687840000 131072    7.997
05:26:33.880 python3        1784369 nvme1n1 WS   1687840256 131072    8.072
05:26:33.880 python3        1784369 nvme1n1 WS   1687840512 131072    8.142
05:26:33.880 python3        1784369 nvme1n1 WS   1687840768 131072    8.223
05:26:33.880 python3        1784369 nvme1n1 WS   1687841024 131072    8.298
05:26:33.880 python3        1784369 nvme1n1 WS   1687841280 126976    8.372
05:26:33.880 python3        1784368 nvme1n1 WS   1640314624 131072    8.475
05:26:33.880 python3        1784368 nvme1n1 WS   1640314880 131072    8.555
05:26:33.880 python3        1784368 nvme1n1 WS   1640315136 131072    8.636
05:26:33.880 python3        1784368 nvme1n1 WS   1640315392 131072    8.712
05:26:33.880 python3        1784368 nvme1n1 WS   1640315648 131072    8.792
05:26:33.880 python3        1784368 nvme1n1 WS   1640315904 131072    8.872
05:26:33.881 python3        1784368 nvme1n1 WS   1640316160 131072    8.947
05:26:33.881 python3        1784368 nvme1n1 WS   1640316416 131072    9.030
05:26:33.881 python3        1784368 nvme1n1 WS   1640316672 131072    9.092
05:26:33.881 python3        1784368 nvme1n1 WS   1640321024 131072    9.173
05:26:33.881 python3        1784368 nvme1n1 WS   1640321280 131072    9.252
05:26:34.149 ib_log_        125924  nvme1n1 WS   1738278080 4096      0.056
05:26:34.150 ib_log_        125924  nvme1n1 WS   1738276864 4096      0.038
05:26:34.270 nvme           1804350 Unknown N    -1         512       0.080
05:26:34.908 ib_log_        125941  nvme1n1 WS   1739630912 4096      0.057
05:26:34.909 ib_log_        125941  nvme1n1 WS   1739626752 4096      0.039
05:26:35.182 ib_pg_f        125924  nvme1n1 WS   1740046336 16384     0.091
05:26:35.182 ib_pg_f        125924  nvme1n1 WS   1757760160 16384     0.050
05:26:35.192 ib_pg_f        125941  nvme1n1 WS   1740107776 16384     0.064
05:26:35.192 ib_pg_f        125941  nvme1n1 WS   1757680800 16384     0.043
05:26:35.272 nvme           1804356 Unknown N    -1         512       0.043
05:26:35.909 ib_log_        125941  nvme1n1 WS   1739626752 4096      0.055
05:26:36.150 ib_log_        125924  nvme1n1 WS   1738276864 4096      0.051
05:26:36.275 nvme           1804366 Unknown N    -1         512       0.073
05:26:37.277 nvme           1804370 Unknown N    -1         512       0.074
05:26:38.280 nvme           1804390 Unknown N    -1         512       0.030
05:26:38.394 jbd2/nv        752     nvme1n1 WSM  878253784  131072    0.177
05:26:38.394 jbd2/nv        752     nvme1n1 WSM  878254040  131072    0.195
05:26:38.394 jbd2/nv        752     nvme1n1 WSM  878254296  81920     0.220
05:26:38.394 jbd2/nv        752     nvme1n1 WSM  878254456  4096      0.030
05:26:39.282 nvme           1804399 Unknown N    -1         512       0.076
05:26:40.285 nvme           1804404 Unknown N    -1         512       0.080
05:26:40.738 jbd2/nv        391     nvme0n1 WSM  4225040    86016     1.657
05:26:40.739 jbd2/nv        391     nvme0n1 WSM  4225208    4096      0.587
05:26:40.842 ib_log_        125932  nvme1n1 WS   1756753216 4096      0.056
05:26:40.842 ib_log_        125932  nvme1n1 WS   1756753216 4096      0.029
05:26:40.842 ib_log_        125932  nvme1n1 WS   1756753224 4096      0.028
05:26:40.843 ib_log_        125932  nvme1n1 WS   1756753224 4096      0.029
05:26:40.843 ib_log_        125932  nvme1n1 WS   1756753232 8192      0.032
05:26:40.843 jbd2/nv        752     nvme1n1 WSM  878254464  20480     0.056
05:26:40.843 jbd2/nv        752     nvme1n1 WSM  878254504  4096      0.039
05:26:40.843 connect        125932  nvme1n1 WS   844577576  4096      0.037
05:26:40.844 jbd2/nv        752     nvme1n1 WSM  878254512  8192      0.031
05:26:40.844 jbd2/nv        752     nvme1n1 WSM  878254528  4096      0.030
05:26:40.844 ib_log_        125932  nvme1n1 WS   1756753232 4096      0.027
05:26:40.844 ib_log_        125932  nvme1n1 WS   1756753232 4096      0.027
05:26:40.844 jbd2/nv        752     nvme1n1 WSM  878254536  40960     0.060
05:26:40.844 jbd2/nv        752     nvme1n1 WSM  878254616  4096      0.028
05:26:40.844 ib_log_        125932  nvme1n1 WS   1756753232 4096      0.029
05:26:40.844 ib_log_        125932  nvme1n1 WS   1756753232 4096      0.028
05:26:40.844 ib_log_        125932  nvme1n1 WS   1756753232 4096      0.027
05:26:40.864 ib_log_        125932  nvme1n1 WS   1756753232 4096      0.037
05:26:40.865 ib_log_        125932  nvme1n1 WS   1756753232 8192      0.033
05:26:40.973 ib_log_        125932  nvme1n1 WS   1756753240 4096      0.046
05:26:41.213 ib_pg_f        125932  nvme1n1 WS   1756905472 131072    0.178
05:26:41.213 ib_pg_f        125932  nvme1n1 WS   1756905728 131072    0.241
05:26:41.213 ib_pg_f        125932  nvme1n1 WS   1756905984 131072    0.322
05:26:41.213 ib_pg_f        125932  nvme1n1 WS   1756906240 131072    0.399
05:26:41.213 ib_pg_f        125932  nvme1n1 WS   1756906496 131072    0.474
05:26:41.213 ib_pg_f        125932  nvme1n1 WS   1756906752 131072    0.553
05:26:41.213 ib_pg_f        125932  nvme1n1 WS   1756907008 131072    0.630
05:26:41.213 ib_pg_f        125932  nvme1n1 WS   1756907264 114688    0.697
05:26:41.213 ib_pg_f        125932  nvme1n1 WS   1755175552 16384     0.048
05:26:41.213 ib_pg_f        125932  nvme1n1 WS   1757691136 16384     0.047
05:26:41.213 ib_pg_f        125932  nvme1n1 WS   1757759648 16384     0.055
05:26:41.213 ib_pg_f        125932  nvme1n1 WS   1756433600 16384     0.058
05:26:41.213 ib_pg_f        125932  nvme1n1 WS   1755217512 16384     0.068
05:26:41.213 ib_pg_f        125932  nvme1n1 WS   1755180128 16384     0.073
05:26:41.213 ib_pg_f        125932  nvme1n1 WS   1755247104 16384     0.078
05:26:41.213 ib_pg_f        125932  nvme1n1 WS   1757716416 16384     0.075
05:26:41.213 ib_pg_f        125932  nvme1n1 WS   1755106432 16384     0.080
05:26:41.213 ib_pg_f        125932  nvme1n1 WS   1755247040 16384     0.085
05:26:41.213 ib_pg_f        125932  nvme1n1 WS   1440672    16384     0.081
05:26:41.213 ib_pg_f        125932  nvme1n1 WS   1440704    16384     0.080
05:26:41.213 ib_pg_f        125932  nvme1n1 WS   1440736    16384     0.083
05:26:41.213 ib_pg_f        125932  nvme1n1 WS   1440768    16384     0.081
05:26:41.213 ib_pg_f        125932  nvme1n1 WS   13303136   16384     0.079
05:26:41.214 ib_pg_f        125932  nvme1n1 WS   13302112   16384     0.078
05:26:41.214 ib_pg_f        125932  nvme1n1 WS   13302272   16384     0.079
05:26:41.214 ib_pg_f        125932  nvme1n1 WS   13302880   16384     0.078
05:26:41.214 ib_pg_f        125932  nvme1n1 WS   1757758240 16384     0.075
05:26:41.214 ib_pg_f        125932  nvme1n1 WS   1757758368 16384     0.073
05:26:41.214 ib_pg_f        125932  nvme1n1 WS   1498170112 16384     0.070
05:26:41.214 ib_pg_f        125932  nvme1n1 WS   1740172288 16384     0.075
05:26:41.214 ib_pg_f        125932  nvme1n1 WS   1740172320 16384     0.076
05:26:41.214 ib_pg_f        125932  nvme1n1 WS   1740171264 16384     0.080
05:26:41.214 ib_pg_f        125932  nvme1n1 WS   1740172096 16384     0.081
05:26:41.214 ib_pg_f        125932  nvme1n1 WS   13302752   16384     0.083
05:26:41.214 ib_pg_f        125932  nvme1n1 WS   1740169632 16384     0.088
05:26:41.214 ib_pg_f        125932  nvme1n1 WS   1740172256 16384     0.087
05:26:41.214 ib_pg_f        125932  nvme1n1 WS   1440384    16384     0.083
05:26:41.214 ib_pg_f        125932  nvme1n1 WS   1440416    16384     0.087
05:26:41.214 ib_pg_f        125932  nvme1n1 WS   1440448    16384     0.090
05:26:41.214 ib_pg_f        125932  nvme1n1 WS   1440480    16384     0.092
05:26:41.214 ib_pg_f        125932  nvme1n1 WS   1440512    16384     0.091
05:26:41.214 ib_pg_f        125932  nvme1n1 WS   1440576    16384     0.097
05:26:41.214 ib_pg_f        125932  nvme1n1 WS   1440608    16384     0.100
05:26:41.214 ib_pg_f        125932  nvme1n1 WS   1440640    16384     0.092
05:26:41.214 ib_pg_f        125932  nvme1n1 WS   1439840    16384     0.092
05:26:41.214 ib_pg_f        125932  nvme1n1 WS   1439872    16384     0.092
05:26:41.214 ib_pg_f        125932  nvme1n1 WS   1439904    16384     0.101
05:26:41.214 ib_pg_f        125932  nvme1n1 WS   1755106400 16384     0.095
05:26:41.214 ib_pg_f        125932  nvme1n1 WS   1756432832 16384     0.102
05:26:41.214 ib_pg_f        125932  nvme1n1 WS   1755180160 16384     0.108
05:26:41.214 ib_pg_f        125932  nvme1n1 WS   1755247072 16384     0.103
05:26:41.214 ib_pg_f        125932  nvme1n1 WS   1755106464 16384     0.108
05:26:41.214 ib_pg_f        125932  nvme1n1 WS   1756432864 16384     0.111
05:26:41.214 ib_pg_f        125932  nvme1n1 WS   1755180192 16384     0.116
05:26:41.214 ib_pg_f        125932  nvme1n1 WS   1755175648 16384     0.121
05:26:41.214 ib_pg_f        125932  nvme1n1 WS   1740147232 16384     0.127
05:26:41.214 ib_pg_f        125932  nvme1n1 WS   1740058784 16384     0.118
05:26:41.214 ib_pg_f        125932  nvme1n1 WS   1740167072 16384     0.113
05:26:41.214 ib_pg_f        125932  nvme1n1 WS   1757690624 16384     0.120
05:26:41.214 ib_pg_f        125932  nvme1n1 WS   1756946400 16384     0.122
05:26:41.214 ib_pg_f        125932  nvme1n1 WS   13303296   16384     0.123
05:26:41.214 ib_pg_f        125932  nvme1n1 WS   1757757632 16384     0.130
05:26:41.214 ib_pg_f        125932  nvme1n1 WS   1847072    16384     0.134
05:26:41.214 ib_pg_f        125932  nvme1n1 WS   13303200   16384     0.122
05:26:41.214 ib_pg_f        125932  nvme1n1 WS   1757690720 16384     0.120
05:26:41.214 ib_pg_f        125932  nvme1n1 WS   13303616   16384     0.117
05:26:41.214 ib_pg_f        125932  nvme1n1 WS   1757757728 16384     0.123
05:26:41.214 ib_pg_f        125932  nvme1n1 WS   1740147616 16384     0.120
05:26:41.214 ib_pg_f        125932  nvme1n1 WS   1757690784 16384     0.121
05:26:41.214 ib_pg_f        125932  nvme1n1 WS   1498170080 16384     0.124
05:26:41.214 ib_pg_f        125932  nvme1n1 WS   1757690048 16384     0.127
05:26:41.287 nvme           1804414 Unknown N    -1         512       0.083
05:26:41.313 kworker        1787159 nvme0n1 W    37332904   12288     1.012
05:26:41.313 kworker        1790484 nvme0n1 W    37218248   8192      1.015
05:26:41.313 kworker        1696237 nvme0n1 W    8128544    4096      0.922
05:26:41.313 kworker        1696237 nvme0n1 W    8128624    4096      0.925
05:26:41.313 kworker        1696237 nvme0n1 W    8128736    4096      0.981
05:26:41.313 kworker        1696237 nvme0n1 W    8128856    16384     1.040
05:26:41.313 kworker        1696237 nvme0n1 W    8128792    16384     1.105
05:26:41.315 kworker        1696237 nvme0n1 W    8129016    262144    3.107
05:26:41.315 kworker        1696237 nvme0n1 W    8129528    262144    2.417
05:26:41.316 kworker        1696237 nvme0n1 W    8130040    262144    2.530
05:26:41.316 kworker        1696237 nvme0n1 W    8131064    262144    2.543
05:26:41.316 kworker        1696237 nvme0n1 W    8130552    262144    2.737
05:26:41.316 kworker        1696237 nvme0n1 W    8132088    262144    3.066
05:26:41.316 kworker        1696237 nvme0n1 W    8131576    262144    3.076
05:26:41.318 kworker        1696237 nvme0n1 W    8132600    262144    2.615
05:26:41.318 kworker        1696237 nvme0n1 W    8134136    262144    2.611
05:26:41.318 kworker        1696237 nvme0n1 W    8133624    262144    2.685
05:26:41.319 kworker        1696237 nvme0n1 W    8133112    262144    3.225
05:26:41.319 kworker        1696237 nvme0n1 W    8134648    262144    2.992
05:26:41.319 kworker        1696237 nvme0n1 W    8135160    262144    3.101
05:26:41.320 kworker        1696237 nvme0n1 W    8135672    262144    3.315
05:26:41.320 kworker        1696237 nvme0n1 W    8136440    262144    3.425
05:26:41.320 kworker        1696237 nvme0n1 W    36017056   16384     1.013
05:26:41.320 kworker        1696237 nvme0n1 W    8137208    131072    2.135
05:26:41.320 kworker        1696237 nvme0n1 W    8143992    65536     1.830
05:26:41.320 kworker        1696237 nvme0n1 W    36014368   16384     1.392
05:26:41.321 kworker        1696237 nvme0n1 W    8144376    131072    2.141
05:26:41.321 kworker        1696237 nvme0n1 W    36019520   16384     1.136
05:26:41.322 kworker        1696237 nvme0n1 W    8142840    262144    3.244
05:26:41.322 kworker        1696237 nvme0n1 W    36023392   16384     1.128
05:26:41.322 kworker        1696237 nvme0n1 W    36023456   16384     1.195
05:26:41.322 kworker        1696237 nvme0n1 W    36024320   131072    1.252
05:26:41.323 kworker        1696237 nvme0n1 W    36021760   131072    2.106
05:26:41.323 kworker        1696237 nvme0n1 W    36026752   65536     1.021
05:26:41.323 kworker        1696237 nvme0n1 W    36021248   262144    3.001
05:26:41.323 kworker        1696237 nvme0n1 W    36023808   262144    2.810
05:26:41.324 kworker        1696237 nvme0n1 W    36161792   16384     1.074
05:26:41.324 kworker        1696237 nvme0n1 W    36025728   262144    2.672
05:26:41.324 kworker        1696237 nvme0n1 W    36028416   131072    1.597
05:26:41.324 kworker        1696237 nvme0n1 W    36029184   131072    1.887
05:26:41.324 kworker        1696237 nvme0n1 W    36164832   16384     0.646
05:26:41.325 kworker        1696237 nvme0n1 W    36026240   262144    3.120
05:26:41.325 kworker        1696237 nvme0n1 W    36162816   131072    1.388
05:26:41.326 kworker        1696237 nvme0n1 W    36167984   4096      0.723
05:26:41.326 kworker        1696237 nvme0n1 W    36166400   131072    1.406
05:26:41.326 kworker        1696237 nvme0n1 W    36167072   16384     0.750
05:26:41.326 kworker        1696237 nvme0n1 W    36029952   262144    3.355
05:26:41.326 kworker        1696237 nvme0n1 W    36167520   16384     1.233
05:26:41.327 kworker        1696237 nvme0n1 W    36164096   262144    3.109
05:26:41.327 kworker        1696237 nvme0n1 W    36169816   4096      0.979
05:26:41.327 kworker        1696237 nvme0n1 W    36165376   262144    3.250
05:26:41.327 kworker        1696237 nvme0n1 W    36169768   4096      1.111
05:26:41.327 kworker        1696237 nvme0n1 W    36168384   32768     1.234
05:26:41.327 kworker        1696237 nvme0n1 W    36169888   4096      0.943
05:26:41.328 kworker        1696237 nvme0n1 W    36172544   131072    1.346
05:26:41.328 kworker        1696237 nvme0n1 W    36174048   16384     1.082
05:26:41.329 kworker        1696237 nvme0n1 W    36174208   131072    1.909
05:26:41.329 kworker        1696237 nvme0n1 W    36177008   4096      0.805
05:26:41.329 kworker        1696237 nvme0n1 W    36177024   16384     0.811
05:26:41.329 kworker        1696237 nvme0n1 W    36169216   262144    3.191
05:26:41.329 kworker        1696237 nvme0n1 W    36173568   131072    2.300
05:26:41.330 kworker        1696237 nvme0n1 W    36173056   262144    2.934
05:26:41.330 kworker        1696237 nvme0n1 W    36175168   229376    2.741
05:26:41.330 kworker        1696237 nvme0n1 W    36308992   4096      0.791
05:26:41.330 kworker        1696237 nvme0n1 W    36177152   16384     1.186
05:26:41.330 kworker        1696237 nvme0n1 W    36309040   4096      0.979
05:26:41.330 kworker        1696237 nvme0n1 W    36309088   4096      0.413
05:26:41.330 kworker        1696237 nvme0n1 W    36177280   65536     1.371
05:26:41.331 kworker        1696237 nvme0n1 W    36176384   262144    3.293
05:26:41.331 kworker        1696237 nvme0n1 W    36309136   4096      0.848
05:26:41.331 kworker        1696237 nvme0n1 W    36309184   4096      0.912
05:26:41.331 kworker        1696237 nvme0n1 W    36309232   4096      0.914
05:26:41.331 kworker        1696237 nvme0n1 W    36309288   4096      0.915
05:26:41.331 kworker        1696237 nvme0n1 W    36309336   4096      0.907
05:26:41.331 kworker        1696237 nvme0n1 W    36309384   4096      0.909
05:26:41.332 kworker        1696237 nvme0n1 W    36177536   196608    2.679
05:26:41.332 kworker        1696237 nvme0n1 W    36310296   4096      0.923
05:26:41.332 kworker        1696237 nvme0n1 W    36310592   4096      1.040
05:26:41.332 kworker        1696237 nvme0n1 W    36310736   4096      1.042
05:26:41.332 kworker        1696237 nvme0n1 W    36310440   4096      1.165
05:26:41.332 kworker        1696237 nvme0n1 W    36310888   4096      1.040
05:26:41.332 kworker        1696237 nvme0n1 W    36311032   4096      1.041
05:26:41.333 kworker        1696237 nvme0n1 W    36311176   4096      0.715
05:26:41.333 kworker        1696237 nvme0n1 W    36315792   40960     0.963
05:26:41.333 kworker        1696237 nvme0n1 W    36317728   16384     0.896
05:26:41.333 kworker        1696237 nvme0n1 W    36309888   196608    2.612
05:26:41.334 kworker        1696237 nvme0n1 W    36317856   16384     1.025
05:26:41.334 kworker        1696237 nvme0n1 W    36316032   65536     1.338
05:26:41.334 kworker        1696237 nvme0n1 W    36315136   131072    2.020
05:26:41.334 kworker        1696237 nvme0n1 W    36317184   131072    1.983
05:26:41.335 kworker        1696237 nvme0n1 W    36320328   4096      0.844
05:26:41.335 kworker        1696237 nvme0n1 W    36318816   16384     1.204
05:26:41.335 kworker        1696237 nvme0n1 W    36320280   4096      1.103
05:26:41.335 kworker        1696237 nvme0n1 W    36320376   4096      1.166
05:26:41.335 kworker        1696237 nvme0n1 W    36320544   4096      0.605
05:26:41.335 kworker        1696237 nvme0n1 W    36320888   4096      0.795
05:26:41.335 kworker        1696237 nvme0n1 W    36320904   4096      0.857
05:26:41.336 kworker        1696237 nvme0n1 W    36320704   32768     1.102
05:26:41.336 kworker        1696237 nvme0n1 W    36320000   131072    2.172
05:26:41.336 kworker        1696237 nvme0n1 W    36320920   4096      0.910
05:26:41.336 kworker        1696237 nvme0n1 W    36322392   4096      0.718
05:26:41.336 kworker        1696237 nvme0n1 W    36319488   262144    3.009
05:26:41.337 kworker        1696237 nvme0n1 W    36322848   4096      0.911
05:26:41.337 kworker        1696237 nvme0n1 W    36323072   16384     0.972
05:26:41.337 kworker        1696237 nvme0n1 W    36321216   98304     1.705
05:26:41.337 kworker        1696237 nvme0n1 W    36323968   65536     0.805
05:26:41.337 kworker        1696237 nvme0n1 W    36325128   4096      1.061
05:26:41.338 kworker        1696237 nvme0n1 W    7337984    4096      0.923
05:26:41.338 kworker        1696237 nvme0n1 W    36325248   65536     1.695
05:26:41.338 kworker        1696237 nvme0n1 W    36321536   262144    2.973
05:26:41.339 kworker        1696237 nvme0n1 W    36324608   262144    2.960
05:26:41.892 ib_log_        125932  nvme1n1 WS   1756753240 4096      0.053
05:26:41.892 ib_log_        125932  nvme1n1 WS   1756748032 4096      0.038
05:26:42.291 nvme           1804418 Unknown N    -1         512       0.080
05:26:42.986 ib_log_        125924  nvme1n1 WS   1738278080 8192      0.056
05:26:42.988 ib_log_        125941  nvme1n1 WS   1739630912 4096      0.037
05:26:43.063 ib_log_        125924  nvme1n1 WS   1738278088 4096      0.038
05:26:43.064 ib_log_        125941  nvme1n1 WS   1739630912 4096      0.035
05:26:43.182 ib_pg_f        125924  nvme1n1 WS   1740054528 81920     0.146
05:26:43.182 ib_pg_f        125924  nvme1n1 WS   1740411392 16384     0.049
05:26:43.182 ib_pg_f        125924  nvme1n1 WS   1757760192 16384     0.048
05:26:43.182 ib_pg_f        125924  nvme1n1 WS   1757691744 16384     0.050
05:26:43.182 ib_pg_f        125924  nvme1n1 WS   1740402816 16384     0.053
05:26:43.182 ib_pg_f        125924  nvme1n1 WS   1757151392 16384     0.047
05:26:43.193 ib_pg_f        125941  nvme1n1 WS   1740075008 81920     0.104
05:26:43.193 ib_pg_f        125941  nvme1n1 WS   1532135424 16384     0.044
05:26:43.193 ib_pg_f        125941  nvme1n1 WS   1757680832 16384     0.045
05:26:43.193 ib_pg_f        125941  nvme1n1 WS   1757680992 16384     0.049
05:26:43.193 ib_pg_f        125941  nvme1n1 WS   32780768   16384     0.050
05:26:43.193 ib_pg_f        125941  nvme1n1 WS   1737035936 16384     0.053
05:26:43.212 ib_pg_f        125932  nvme1n1 WS   1756891136 16384     0.048
05:26:43.212 ib_pg_f        125932  nvme1n1 WS   1755217480 16384     0.041
05:26:43.275 amoprof        1787544 nvme1n1 W    600100056  4096      0.040
