TIMESTAMP    COMM           PID     DISK    T    SECTOR     BYTES   LAT(ms)
01:34:59.570 nvme           1555919 Unknown N    -1         512       0.038
01:35:00.572 nvme           1555955 Unknown N    -1         512       0.029
01:35:01.574 nvme           1555965 Unknown N    -1         512       0.153
01:35:01.616 jbd2/nv        752     nvme1n1 WSM  877611624  110592    0.138
01:35:01.616 jbd2/nv        752     nvme1n1 WSM  877611840  4096      0.032
01:35:02.577 nvme           1555972 Unknown N    -1         512       0.092
01:35:03.579 nvme           1555976 Unknown N    -1         512       0.085
01:35:04.581 nvme           1555996 Unknown N    -1         512       0.131
01:35:05.583 nvme           1556005 Unknown N    -1         512       0.096
01:35:06.585 nvme           1556009 Unknown N    -1         512       0.028
01:35:06.657 kworker        1259302 nvme1n1 W    591705968  98304     0.162
01:35:06.657 kworker        1259302 nvme1n1 W    1486420400 131072    0.232
01:35:06.657 kworker        1259302 nvme1n1 W    1486420656 61440     0.269
01:35:06.657 kworker        1259302 nvme1n1 W    591706160  32768     0.290
01:35:06.657 kworker        1259302 nvme1n1 W    1486420776 131072    0.371
01:35:06.657 kworker        1259302 nvme1n1 W    1486421032 90112     0.424
01:35:06.657 kworker        1259302 nvme1n1 W    1486217432 77824     0.471
01:35:06.657 kworker        1259302 nvme1n1 W    591706224  45056     0.496
01:35:07.588 nvme           1556019 Unknown N    -1         512       0.036
01:35:07.857 jbd2/nv        752     nvme1n1 WSM  877611848  57344     0.098
01:35:07.857 jbd2/nv        752     nvme1n1 WSM  877611960  4096      0.031
01:35:08.590 nvme           1556023 Unknown N    -1         512       0.031
01:35:09.577 amoprof        1271097 nvme1n1 W    591677032  4096      0.059
