TIMESTAMP    COMM           PID     DISK    T    SECTOR     BYTES   LAT(ms)
02:22:58.707 nvme           1621146 Unknown N    -1         512       0.092
02:22:59.709 nvme           1621153 Unknown N    -1         512       0.072
02:22:59.711 jbd2/nv        752     nvme1n1 WSM  877701848  131072    0.153
02:22:59.711 jbd2/nv        752     nvme1n1 WSM  877702104  4096      0.030
02:23:00.712 nvme           1621157 Unknown N    -1         512       0.034
02:23:01.714 nvme           1621161 Unknown N    -1         512       0.035
02:23:02.716 nvme           1621165 Unknown N    -1         512       0.027
02:23:03.718 nvme           1621169 Unknown N    -1         512       0.073
02:23:04.097 kworker        1620720 nvme1n1 WM   0          4096      0.114
02:23:04.097 kworker        1620720 nvme1n1 WM   784        4096      0.118
02:23:04.097 kworker        1620720 nvme1n1 WM   583015744  4096      0.123
02:23:04.097 kworker        1620720 nvme1n1 WM   595591296  4096      0.123
02:23:04.097 kworker        1620720 nvme1n1 WM   595591560  4096      0.122
02:23:04.097 kworker        1620720 nvme1n1 WM   1485058520 4096      0.121
02:23:04.097 kworker        1620720 nvme1n1 W    591783920  94208     0.191
02:23:04.097 kworker        1620720 nvme1n1 W    1499579744 131072    0.273
02:23:04.097 kworker        1620720 nvme1n1 W    1499580000 61440     0.308
02:23:04.097 kworker        1620720 nvme1n1 W    591784104  32768     0.327
02:23:04.097 kworker        1620720 nvme1n1 W    1499513720 131072    0.411
02:23:04.097 kworker        1620720 nvme1n1 W    1499513976 90112     0.472
02:23:04.097 kworker        1620720 nvme1n1 W    1486541384 77824     0.510
02:23:04.097 kworker        1620720 nvme1n1 W    591784168  36864     0.532
02:23:04.097 kworker        1620720 nvme1n1 WM   595591424  65536     0.568
02:23:04.097 kworker        1620720 nvme1n1 WM   595591608  57344     0.603
02:23:04.097 kworker        1620720 nvme1n1 WM   1497366536 4096      0.254
02:23:04.097 kworker        1620720 nvme1n1 WM   1497683840 8192      0.256
02:23:04.097 kworker        1620720 nvme1n1 WM   1635778672 4096      0.257
02:23:04.097 kworker        1620720 nvme1n1 WM   1756827632 4096      0.260
02:23:04.097 kworker        1620720 nvme1n1 WM   1756866952 8192      0.260
02:23:04.097 kworker        1620720 nvme1n1 WM   1497683864 36864     0.282
02:23:04.097 kworker        1620720 nvme1n1 W    591784240  8192      0.033
02:23:04.720 nvme           1621173 Unknown N    -1         512       0.030
02:23:05.120 kworker        1620720 nvme1n1 W    1625053256 8192      0.056
02:23:05.723 nvme           1621177 Unknown N    -1         512       0.076
02:23:05.958 jbd2/nv        752     nvme1n1 WSM  877702112  69632     0.100
02:23:05.958 jbd2/nv        752     nvme1n1 WSM  877702248  4096      0.029
02:23:06.725 nvme           1621181 Unknown N    -1         512       0.080
02:23:07.727 nvme           1621185 Unknown N    -1         512       0.096
02:23:08.714 amoprof        1271097 nvme1n1 W    1488254904 4096      0.054
