TIMESTAMP    COMM           PID     DISK    T    SECTOR     BYTES   LAT(ms)
05:27:35.541 python3        1784369 nvme1n1 WS   1689174016 131072    0.202
05:27:35.541 python3        1784367 nvme1n1 WS   1689178112 131072    0.281
05:27:35.541 python3        1784369 nvme1n1 WS   1689174272 131072    0.395
05:27:35.541 python3        1784367 nvme1n1 WS   1689178368 131072    0.480
05:27:35.542 python3        1784367 nvme1n1 WS   1689178624 131072    0.529
05:27:35.542 python3        1784367 nvme1n1 WS   1689178880 131072    0.596
05:27:35.542 python3        1784367 nvme1n1 WS   1689179136 131072    0.674
05:27:35.542 python3        1784369 nvme1n1 WS   1689174528 131072    0.773
05:27:35.542 python3        1784369 nvme1n1 WS   1689174784 131072    0.843
05:27:35.542 python3        1784369 nvme1n1 WS   1689175040 131072    0.920
05:27:35.542 python3        1784368 nvme1n1 WS   1689182208 131072    1.012
05:27:35.542 python3        1784368 nvme1n1 WS   1689182464 131072    1.094
05:27:35.542 python3        1784369 nvme1n1 WS   1689175296 131072    1.174
05:27:35.542 python3        1784369 nvme1n1 WS   1689175552 131072    1.249
05:27:35.542 python3        1784369 nvme1n1 WS   1689175808 131072    1.312
05:27:35.542 python3        1784369 nvme1n1 WS   1689176064 131072    1.394
05:27:35.542 python3        1784369 nvme1n1 WS   1689176320 131072    1.477
05:27:35.543 python3        1784369 nvme1n1 WS   1689176576 131072    1.557
05:27:35.543 python3        1784369 nvme1n1 WS   1689176832 131072    1.638
05:27:35.543 python3        1784369 nvme1n1 WS   1689177088 131072    1.718
05:27:35.543 python3        1784369 nvme1n1 WS   1689177344 131072    1.802
05:27:35.543 python3        1784369 nvme1n1 WS   1689177600 131072    1.882
05:27:35.543 python3        1784368 nvme1n1 WS   1689182720 131072    2.002
05:27:35.543 python3        1784368 nvme1n1 WS   1689182976 131072    2.086
05:27:35.543 python3        1784368 nvme1n1 WS   1689183232 131072    2.168
05:27:35.543 python3        1784368 nvme1n1 WS   1689183488 131072    2.244
05:27:35.543 python3        1784368 nvme1n1 WS   1689183744 131072    2.320
05:27:35.543 python3        1784368 nvme1n1 WS   1689184000 131072    2.380
05:27:35.543 python3        1784368 nvme1n1 WS   1689184256 131072    2.455
05:27:35.544 python3        1784368 nvme1n1 WS   1689184512 131072    2.530
05:27:35.544 python3        1784368 nvme1n1 WS   1689184768 131072    2.607
05:27:35.544 python3        1784368 nvme1n1 WS   1689185024 131072    2.679
05:27:35.544 python3        1784368 nvme1n1 WS   1689185280 131072    2.755
05:27:35.544 python3        1784368 nvme1n1 WS   1689185536 131072    2.830
05:27:35.544 python3        1784368 nvme1n1 WS   1689185792 131072    2.906
05:27:35.544 python3        1784367 nvme1n1 WS   1689179392 131072    3.027
05:27:35.544 python3        1784367 nvme1n1 WS   1689179648 131072    3.100
05:27:35.544 python3        1784367 nvme1n1 WS   1689179904 131072    3.162
05:27:35.544 python3        1784367 nvme1n1 WS   1689180160 131072    3.237
05:27:35.544 python3        1784367 nvme1n1 WS   1689180416 131072    3.310
05:27:35.544 python3        1784367 nvme1n1 WS   1689180672 131072    3.385
05:27:35.544 python3        1784367 nvme1n1 WS   1689180928 131072    3.461
05:27:35.545 python3        1784367 nvme1n1 WS   1689181184 131072    3.537
05:27:35.545 python3        1784367 nvme1n1 WS   1689181440 131072    3.615
05:27:35.545 python3        1784367 nvme1n1 WS   1689181696 131072    3.689
05:27:35.545 python3        1784369 nvme1n1 WS   1689177856 131072    3.810
05:27:35.545 python3        1784369 nvme1n1 WS   1689186304 131072    3.839
05:27:35.545 python3        1784369 nvme1n1 WS   1689186560 131072    3.915
05:27:35.545 python3        1784367 nvme1n1 WS   38080512   131072    3.995
05:27:35.545 python3        1784367 nvme1n1 WS   38080768   131072    4.065
05:27:35.545 python3        1784367 nvme1n1 WS   38081024   131072    4.143
05:27:35.545 python3        1784367 nvme1n1 WS   38081280   131072    4.217
05:27:35.545 python3        1784367 nvme1n1 WS   38081536   131072    4.293
05:27:35.545 python3        1784367 nvme1n1 WS   38081792   131072    4.368
05:27:35.546 python3        1784367 nvme1n1 WS   38082048   131072    4.444
05:27:35.546 python3        1784367 nvme1n1 WS   1689181952 131072    4.538
05:27:35.546 python3        1784367 nvme1n1 WS   1689374720 131072    4.615
05:27:35.546 python3        1784367 nvme1n1 WS   1689374976 131072    4.694
05:27:35.546 python3        1784368 nvme1n1 WS   1689186048 131072    4.825
05:27:35.546 python3        1784368 nvme1n1 WS   1689190400 131072    4.852
05:27:35.546 python3        1784368 nvme1n1 WS   1689190656 131072    4.929
05:27:35.546 python3        1784367 nvme1n1 WS   38082304   131072    4.985
05:27:35.546 python3        1784367 nvme1n1 WS   38082560   131072    5.057
05:27:35.546 python3        1784367 nvme1n1 WS   38082816   131072    5.135
05:27:35.546 python3        1784367 nvme1n1 WS   38083072   131072    5.214
05:27:35.546 python3        1784367 nvme1n1 WS   38083328   131072    5.289
05:27:35.546 python3        1784367 nvme1n1 WS   38083584   131072    5.369
05:27:35.547 python3        1784367 nvme1n1 WS   38083840   131072    5.445
05:27:35.547 python3        1784367 nvme1n1 WS   38084096   131072    5.522
05:27:35.547 python3        1784367 nvme1n1 WS   38084352   131072    5.592
05:27:35.547 python3        1784367 nvme1n1 WS   38084608   131072    5.667
05:27:35.547 python3        1784367 nvme1n1 WS   38084864   131072    5.747
05:27:35.547 python3        1784366 nvme1n1 WS   1689194496 131072    5.807
05:27:35.547 python3        1784366 nvme1n1 WS   1689194752 131072    5.877
05:27:35.547 python3        1784366 nvme1n1 WS   1689195008 131072    5.953
05:27:35.547 python3        1784366 nvme1n1 WS   1689195264 131072    6.035
05:27:35.547 python3        1784366 nvme1n1 WS   1689195520 131072    6.114
05:27:35.547 python3        1784366 nvme1n1 WS   1689195776 131072    6.193
05:27:35.547 python3        1784366 nvme1n1 WS   1689196032 131072    6.271
05:27:35.548 python3        1784366 nvme1n1 WS   1689196288 131072    6.335
05:27:35.548 python3        1784366 nvme1n1 WS   1689196544 131072    6.411
05:27:35.548 python3        1784366 nvme1n1 WS   1689196800 131072    6.485
05:27:35.548 python3        1784366 nvme1n1 WS   1689197056 131072    6.562
05:27:35.548 python3        1784366 nvme1n1 WS   1689197312 131072    6.640
05:27:35.548 python3        1784366 nvme1n1 WS   1689197568 131072    6.715
05:27:35.548 python3        1784366 nvme1n1 WS   1689197824 131072    6.794
05:27:35.548 python3        1784366 nvme1n1 WS   1689198080 131072    6.904
05:27:35.548 python3        1784366 nvme1n1 WS   1689198336 131072    6.974
05:27:35.548 python3        1784368 nvme1n1 WS   1689198592 131072    7.075
05:27:35.548 python3        1784368 nvme1n1 WS   1689198848 131072    7.146
05:27:35.548 python3        1784368 nvme1n1 WS   1689199104 131072    7.226
05:27:35.549 python3        1784368 nvme1n1 WS   1689199360 131072    7.300
05:27:35.549 python3        1784368 nvme1n1 WS   1689199616 131072    7.376
05:27:35.549 python3        1784366 nvme1n1 WS   1689202688 131072    7.452
05:27:35.549 python3        1784366 nvme1n1 WS   1689202944 131072    7.530
05:27:35.549 python3        1784368 nvme1n1 WS   1689199872 131072    7.611
05:27:35.549 python3        1784368 nvme1n1 WS   1689200128 131072    7.686
05:27:35.549 python3        1784368 nvme1n1 WS   1689200384 131072    7.737
05:27:35.549 python3        1784368 nvme1n1 WS   1689200640 131072    7.810
05:27:35.549 python3        1784368 nvme1n1 WS   1689200896 131072    7.887
05:27:35.549 python3        1784368 nvme1n1 WS   1689201152 131072    7.964
05:27:35.549 python3        1784367 nvme1n1 WS   1689210880 131072    8.044
05:27:35.549 python3        1784366 nvme1n1 WS   1689206784 131072    8.130
05:27:35.549 python3        1784368 nvme1n1 WS   1689201408 131072    8.200
05:27:35.550 python3        1784367 nvme1n1 WS   1689211136 131072    8.282
05:27:35.550 python3        1784368 nvme1n1 WS   1689201664 131072    8.364
05:27:35.550 python3        1784367 nvme1n1 WS   1689211392 131072    8.442
05:27:35.550 python3        1784366 nvme1n1 WS   1689207040 131072    8.533
05:27:35.550 python3        1784366 nvme1n1 WS   1689207296 131072    8.606
05:27:35.550 python3        1784366 nvme1n1 WS   1689207552 131072    8.679
05:27:35.550 python3        1784366 nvme1n1 WS   1689207808 131072    8.753
05:27:35.550 python3        1784366 nvme1n1 WS   1689208064 131072    8.829
05:27:35.550 python3        1784368 nvme1n1 WS   1689201920 131072    8.919
05:27:35.550 python3        1784367 nvme1n1 WS   1689211648 131072    8.999
05:27:35.550 python3        1784368 nvme1n1 WS   1689202176 131072    9.076
05:27:35.550 python3        1784367 nvme1n1 WS   1689211904 131072    9.152
05:27:35.551 python3        1784367 nvme1n1 WS   1689212160 131072    9.228
05:27:35.551 python3        1784366 nvme1n1 WS   1689208320 131072    9.306
05:27:35.551 python3        1784367 nvme1n1 WS   1689212416 131072    9.383
05:27:35.551 python3        1784369 nvme1n1 WS   1689214976 131072    9.520
05:27:35.551 python3        1784369 nvme1n1 WS   1689215232 131072    9.541
05:27:35.551 python3        1784369 nvme1n1 WS   1689215488 131072    9.616
05:27:35.551 python3        1784369 nvme1n1 WS   1689215744 131072    9.693
05:27:35.551 python3        1784369 nvme1n1 WS   1689216000 131072    9.770
05:27:35.551 python3        1784367 nvme1n1 WS   1689212672 131072    9.849
05:27:35.551 python3        1784368 nvme1n1 WS   1689202432 131072    9.927
05:27:35.551 python3        1784367 nvme1n1 WS   1689212928 131072   10.014
05:27:35.551 python3        1784368 nvme1n1 WS   1689223168 131072   10.080
05:27:35.551 python3        1784369 nvme1n1 WS   1689216256 131072   10.161
05:27:35.552 python3        1784369 nvme1n1 WS   1689216512 131072   10.239
05:27:35.552 python3        1784367 nvme1n1 WS   1689213184 131072   10.316
05:27:35.552 python3        1784368 nvme1n1 WS   1689223424 131072   10.398
05:27:35.552 python3        1784367 nvme1n1 WS   1689213440 53248    10.430
05:27:35.552 python3        1784369 nvme1n1 WS   1689219072 131072   10.508
05:27:35.552 python3        1784369 nvme1n1 WS   1689219328 131072   10.584
05:27:35.552 python3        1784366 nvme1n1 WS   1689208576 131072   10.662
05:27:35.552 python3        1784369 nvme1n1 WS   1689219584 131072   10.746
05:27:35.552 python3        1784366 nvme1n1 WS   1689208832 131072   10.823
05:27:35.552 python3        1784369 nvme1n1 WS   1689219840 131072   10.900
05:27:35.552 python3        1784366 nvme1n1 WS   1689209088 131072   10.982
05:27:35.552 python3        1784369 nvme1n1 WS   1689220096 131072   11.059
05:27:35.552 python3        1784366 nvme1n1 WS   1689209344 131072   11.141
05:27:35.553 python3        1784369 nvme1n1 WS   1689220352 131072   11.220
05:27:35.553 python3        1784366 nvme1n1 WS   1689209600 131072   11.296
05:27:35.553 python3        1784369 nvme1n1 WS   1689220608 131072   11.371
05:27:35.553 python3        1784366 nvme1n1 WS   1689209856 131072   11.451
05:27:35.553 python3        1784366 nvme1n1 WS   1689210112 131072   11.527
05:27:35.553 python3        1784366 nvme1n1 WS   1689210368 131072   11.605
05:27:35.553 python3        1784369 nvme1n1 WS   1689220864 131072   11.705
05:27:35.553 python3        1784369 nvme1n1 WS   1689221120 131072   11.782
05:27:35.553 python3        1784369 nvme1n1 WS   1689221376 131072   11.864
05:27:35.553 python3        1784369 nvme1n1 WS   1689221632 53248    11.894
05:27:35.553 python3        1784366 nvme1n1 WS   1689210624 131072   11.968
05:27:35.553 python3        1784366 nvme1n1 WS   1689239552 131072   12.042
05:27:35.553 python3        1784366 nvme1n1 WS   1689239808 131072   12.125
05:27:35.554 python3        1784369 nvme1n1 WS   1689216768 131072   12.317
05:27:35.554 python3        1784369 nvme1n1 WS   1689217024 131072   12.335
05:27:35.554 python3        1784369 nvme1n1 WS   1689217280 131072   12.401
05:27:35.554 python3        1784369 nvme1n1 WS   1689217536 131072   12.480
05:27:35.554 python3        1784369 nvme1n1 WS   1689217792 131072   12.556
05:27:35.554 python3        1784369 nvme1n1 WS   1689218048 131072   12.634
05:27:35.554 python3        1784369 nvme1n1 WS   1689218304 131072   12.719
05:27:35.554 python3        1784369 nvme1n1 WS   1689218560 131072   12.796
05:27:35.554 python3        1784369 nvme1n1 WS   1689218816 131072   12.865
05:27:35.554 python3        1784369 nvme1n1 WS   1689235456 131072   12.944
05:27:35.554 python3        1784369 nvme1n1 WS   1689235712 131072   13.024
05:27:35.555 python3        1784366 nvme1n1 WS   1689231360 131072   13.186
05:27:35.555 python3        1784366 nvme1n1 WS   1689231616 131072   13.194
05:27:35.555 python3        1784366 nvme1n1 WS   1689231872 131072   13.255
05:27:35.555 python3        1784366 nvme1n1 WS   1689232128 131072   13.333
05:27:35.555 python3        1784366 nvme1n1 WS   1689232384 131072   13.411
05:27:35.555 python3        1784366 nvme1n1 WS   1689232640 131072   13.492
05:27:35.555 python3        1784366 nvme1n1 WS   1689232896 131072   13.572
05:27:35.555 python3        1784368 nvme1n1 WS   1689227264 131072   13.674
05:27:35.555 python3        1784368 nvme1n1 WS   1689227520 131072   13.740
05:27:35.555 python3        1784368 nvme1n1 WS   1689227776 131072   13.817
05:27:35.555 python3        1784368 nvme1n1 WS   1689228032 131072   13.895
05:27:35.555 python3        1784368 nvme1n1 WS   1689228288 131072   13.968
05:27:35.555 python3        1784368 nvme1n1 WS   1689228544 131072   14.047
05:27:35.556 python3        1784368 nvme1n1 WS   1689228800 131072   14.125
05:27:35.556 python3        1784368 nvme1n1 WS   1689229056 131072   14.193
05:27:35.556 python3        1784368 nvme1n1 WS   1689229312 131072   14.267
05:27:35.556 python3        1784368 nvme1n1 WS   1689229568 131072   14.346
05:27:35.556 python3        1784368 nvme1n1 WS   1689229824 53248    14.376
05:27:35.556 python3        1784366 nvme1n1 WS   1689233152 131072   14.481
05:27:35.556 python3        1784366 nvme1n1 WS   1689233408 131072   14.561
05:27:35.556 python3        1784366 nvme1n1 WS   1689233664 131072   14.640
05:27:35.556 python3        1784366 nvme1n1 WS   1689233920 53248    14.670
05:27:35.789 nvme           1806215 Unknown N    -1         512       0.041
05:27:35.915 ib_log_        125941  nvme1n1 WS   1739626752 4096      0.055
05:27:36.792 nvme           1806276 Unknown N    -1         512       0.034
05:27:37.794 nvme           1806290 Unknown N    -1         512       0.034
05:27:38.796 nvme           1806305 Unknown N    -1         512       0.031
05:27:39.168 kworker        1790484 nvme1n1 WM   40         4096      0.117
05:27:39.168 kworker        1790484 nvme1n1 WM   224        4096      0.123
05:27:39.168 kworker        1790484 nvme1n1 WM   288        4096      0.124
05:27:39.168 kworker        1790484 nvme1n1 WM   712        8192      0.131
05:27:39.168 kworker        1790484 nvme1n1 WM   800        4096      0.133
05:27:39.168 kworker        1790484 nvme1n1 WM   67108920   4096      0.133
05:27:39.168 kworker        1790484 nvme1n1 WM   71303296   4096      0.135
05:27:39.168 kworker        1790484 nvme1n1 WM   461373568  4096      0.134
05:27:39.168 kworker        1790484 nvme1n1 WM   461373696  8192      0.136
05:27:39.168 kworker        1790484 nvme1n1 WM   461373776  8192      0.139
05:27:39.168 kworker        1790484 nvme1n1 WM   461373888  4096      0.143
05:27:39.168 kworker        1790484 nvme1n1 WM   461374256  8192      0.143
05:27:39.168 kworker        1790484 nvme1n1 WM   591396872  4096      0.149
05:27:39.168 kworker        1790484 nvme1n1 WM   599785480  8192      0.149
05:27:39.168 kworker        1790484 nvme1n1 WM   608174416  4096      0.150
05:27:39.168 kworker        1790484 nvme1n1 WM   71303424   20480     0.165
05:27:39.168 kworker        1790484 nvme1n1 WM   608174504  4096      0.062
05:27:39.168 kworker        1790484 nvme1n1 WM   1484783664 4096      0.062
05:27:39.168 kworker        1790484 nvme1n1 WM   1493172480 8192      0.067
05:27:39.168 kworker        1790484 nvme1n1 WM   1497366576 4096      0.071
05:27:39.168 kworker        1790484 nvme1n1 WM   1660944480 4096      0.074
05:27:39.168 kworker        1790484 nvme1n1 WM   1705582584 4096      0.078
05:27:39.168 kworker        1790484 nvme1n1 WM   1705656312 4096      0.079
05:27:39.168 kworker        1790484 nvme1n1 WM   1707589104 4096      0.081
05:27:39.168 kworker        1790484 nvme1n1 WM   1729662904 4096      0.085
05:27:39.168 kworker        1790484 nvme1n1 WM   1729663688 4096      0.086
05:27:39.168 kworker        1790484 nvme1n1 WM   608176056  24576     0.101
05:27:39.387 python3        1784366 nvme1n1 WS   1689243648 131072    0.192
05:27:39.387 python3        1784366 nvme1n1 WS   1689243904 131072    0.271
05:27:39.387 python3        1784366 nvme1n1 WS   1689244160 131072    0.349
05:27:39.387 python3        1784366 nvme1n1 WS   1689244416 131072    0.426
05:27:39.387 python3        1784366 nvme1n1 WS   1689244672 131072    0.506
05:27:39.387 python3        1784366 nvme1n1 WS   1689244928 131072    0.622
05:27:39.387 python3        1784366 nvme1n1 WS   1689245184 131072    0.694
05:27:39.387 python3        1784368 nvme1n1 WS   1689485312 131072    0.717
05:27:39.387 python3        1784369 nvme1n1 WS   1689247744 131072    0.818
05:27:39.387 python3        1784368 nvme1n1 WS   1689485568 131072    0.872
05:27:39.387 python3        1784368 nvme1n1 WS   1689485824 131072    0.950
05:27:39.388 python3        1784366 nvme1n1 WS   1689245440 131072    1.039
05:27:39.388 python3        1784369 nvme1n1 WS   1689248000 131072    1.119
05:27:39.388 python3        1784366 nvme1n1 WS   1689245696 131072    1.201
05:27:39.388 python3        1784366 nvme1n1 WS   1689245952 131072    1.280
05:27:39.388 python3        1784366 nvme1n1 WS   1689246208 131072    1.357
05:27:39.388 python3        1784366 nvme1n1 WS   1689246464 131072    1.435
05:27:39.388 python3        1784366 nvme1n1 WS   1689246720 131072    1.515
05:27:39.388 python3        1784366 nvme1n1 WS   1689246976 131072    1.596
05:27:39.388 python3        1784366 nvme1n1 WS   1689247232 131072    1.675
05:27:39.388 python3        1784369 nvme1n1 WS   1689248256 131072    1.780
05:27:39.388 python3        1784369 nvme1n1 WS   1689248512 131072    1.858
05:27:39.388 python3        1784369 nvme1n1 WS   1689248768 131072    1.938
05:27:39.389 python3        1784369 nvme1n1 WS   1689249024 131072    2.012
05:27:39.389 python3        1784369 nvme1n1 WS   1689249280 131072    2.091
05:27:39.389 python3        1784368 nvme1n1 WS   1689486080 131072    2.200
05:27:39.389 python3        1784368 nvme1n1 WS   1689486336 131072    2.261
05:27:39.389 python3        1784368 nvme1n1 WS   1689486592 131072    2.336
05:27:39.389 python3        1784368 nvme1n1 WS   1689486848 131072    2.413
05:27:39.389 python3        1784368 nvme1n1 WS   1689487104 131072    2.470
05:27:39.389 python3        1784368 nvme1n1 WS   1689487360 131072    2.544
05:27:39.389 python3        1784368 nvme1n1 WS   1689487616 131072    2.620
05:27:39.389 python3        1784368 nvme1n1 WS   1689487872 131072    2.699
05:27:39.389 python3        1784368 nvme1n1 WS   1689488128 131072    2.769
05:27:39.389 python3        1784368 nvme1n1 WS   1689488384 131072    2.846
05:27:39.389 python3        1784366 nvme1n1 WS   1689247488 131072    2.936
05:27:39.390 python3        1784366 nvme1n1 WS   1689251840 131072    3.011
05:27:39.390 python3        1784366 nvme1n1 WS   1689252096 131072    3.087
05:27:39.390 python3        1784369 nvme1n1 WS   1689249536 131072    3.174
05:27:39.390 python3        1784369 nvme1n1 WS   1689249792 131072    3.240
05:27:39.390 python3        1784369 nvme1n1 WS   1689250048 131072    3.313
05:27:39.390 python3        1784369 nvme1n1 WS   1689250304 131072    3.386
05:27:39.390 python3        1784369 nvme1n1 WS   1689250560 131072    3.460
05:27:39.390 python3        1784368 nvme1n1 WS   1689488640 131072    3.551
05:27:39.390 python3        1784368 nvme1n1 WS   1689488896 131072    3.619
05:27:39.390 python3        1784369 nvme1n1 WS   1689250816 131072    3.690
05:27:39.390 python3        1784369 nvme1n1 WS   1689251072 131072    3.761
05:27:39.390 python3        1784369 nvme1n1 WS   1689251328 131072    3.838
05:27:39.391 python3        1784368 nvme1n1 WS   1689489152 131072    3.917
05:27:39.391 python3        1784368 nvme1n1 WS   1689378816 131072    3.990
05:27:39.391 python3        1784368 nvme1n1 WS   1689379072 131072    4.067
05:27:39.391 python3        1784369 nvme1n1 WS   1689251584 131072    4.132
05:27:39.391 python3        1784369 nvme1n1 WS   1689382912 131072    4.201
05:27:39.391 python3        1784369 nvme1n1 WS   1689383168 131072    4.275
05:27:39.391 python3        1784366 nvme1n1 WS   1689493504 131072    4.345
05:27:39.391 python3        1784366 nvme1n1 WS   1689493760 131072    4.356
05:27:39.391 python3        1784366 nvme1n1 WS   1689494016 131072    4.433
05:27:39.391 python3        1784366 nvme1n1 WS   1689494272 131072    4.505
05:27:39.391 python3        1784366 nvme1n1 WS   1689494528 131072    4.583
05:27:39.391 python3        1784366 nvme1n1 WS   1689494784 131072    4.659
05:27:39.391 python3        1784366 nvme1n1 WS   1689495040 131072    4.735
05:27:39.392 python3        1784366 nvme1n1 WS   1689495296 131072    4.796
05:27:39.392 python3        1784366 nvme1n1 WS   1689495552 131072    4.875
05:27:39.392 python3        1784366 nvme1n1 WS   1689495808 131072    4.954
05:27:39.392 python3        1784366 nvme1n1 WS   1689496064 131072    5.030
05:27:39.392 python3        1784366 nvme1n1 WS   1689496320 131072    5.108
05:27:39.392 python3        1784366 nvme1n1 WS   1689496576 131072    5.188
05:27:39.392 python3        1784366 nvme1n1 WS   1689496832 131072    5.264
05:27:39.392 python3        1784366 nvme1n1 WS   1689497088 131072    5.339
05:27:39.392 python3        1784367 nvme1n1 WS   1640906752 131072    5.441
05:27:39.392 python3        1784367 nvme1n1 WS   1640907008 131072    5.515
05:27:39.392 python3        1784367 nvme1n1 WS   1640907264 131072    5.591
05:27:39.392 python3        1784367 nvme1n1 WS   1640907520 131072    5.667
05:27:39.392 python3        1784367 nvme1n1 WS   1640907776 131072    5.747
05:27:39.393 python3        1784367 nvme1n1 WS   1640908032 131072    5.822
05:27:39.393 python3        1784367 nvme1n1 WS   1640908288 131072    5.901
05:27:39.393 python3        1784369 nvme1n1 WS   1667633152 131072    6.046
05:27:39.393 python3        1784369 nvme1n1 WS   1667633408 131072    6.073
05:27:39.393 python3        1784369 nvme1n1 WS   1667633664 131072    6.147
05:27:39.393 python3        1784369 nvme1n1 WS   1667633920 131072    6.223
05:27:39.393 python3        1784369 nvme1n1 WS   1667634176 131072    6.304
05:27:39.393 python3        1784369 nvme1n1 WS   1667634432 131072    6.379
05:27:39.393 python3        1784369 nvme1n1 WS   1667634688 131072    6.455
05:27:39.393 python3        1784369 nvme1n1 WS   1667634944 131072    6.517
05:27:39.393 python3        1784369 nvme1n1 WS   1667635200 131072    6.593
05:27:39.393 python3        1784369 nvme1n1 WS   1667635456 131072    6.668
05:27:39.394 python3        1784369 nvme1n1 WS   1667635712 131072    6.749
05:27:39.394 python3        1784369 nvme1n1 WS   1667635968 131072    6.862
05:27:39.394 python3        1784369 nvme1n1 WS   1667636224 131072    6.937
05:27:39.394 python3        1784369 nvme1n1 WS   1667636480 131072    7.013
05:27:39.394 python3        1784369 nvme1n1 WS   1667636736 131072    7.092
05:27:39.394 python3        1784366 nvme1n1 WS   1689497344 131072    7.207
05:27:39.394 python3        1784366 nvme1n1 WS   1689354240 131072    7.282
05:27:39.394 python3        1784366 nvme1n1 WS   1689354496 131072    7.360
05:27:39.394 python3        1784367 nvme1n1 WS   1640908544 131072    7.437
05:27:39.394 python3        1784367 nvme1n1 WS   1640908800 131072    7.515
05:27:39.394 python3        1784367 nvme1n1 WS   1640909056 131072    7.593
05:27:39.394 python3        1784367 nvme1n1 WS   1640909312 131072    7.674
05:27:39.395 python3        1784367 nvme1n1 WS   1640909568 131072    7.749
05:27:39.395 python3        1784367 nvme1n1 WS   1640909824 131072    7.824
05:27:39.395 python3        1784367 nvme1n1 WS   1640910080 131072    7.905
05:27:39.395 python3        1784367 nvme1n1 WS   1640910336 131072    7.982
05:27:39.395 python3        1784367 nvme1n1 WS   1640910592 131072    8.050
05:27:39.395 python3        1784369 nvme1n1 WS   1689497600 131072    8.228
05:27:39.395 python3        1784369 nvme1n1 WS   1689497856 131072    8.252
05:27:39.395 python3        1784369 nvme1n1 WS   1689498112 131072    8.308
05:27:39.395 python3        1784369 nvme1n1 WS   1689498368 131072    8.383
05:27:39.395 python3        1784369 nvme1n1 WS   1689498624 131072    8.465
05:27:39.395 python3        1784369 nvme1n1 WS   1689498880 131072    8.540
05:27:39.395 python3        1784369 nvme1n1 WS   1689499136 131072    8.614
05:27:39.395 python3        1784367 nvme1n1 WS   1672863744 131072    8.706
05:27:39.396 python3        1784367 nvme1n1 WS   1672864000 131072    8.780
05:27:39.396 python3        1784367 nvme1n1 WS   1672864256 131072    8.861
05:27:39.396 python3        1784367 nvme1n1 WS   1672864512 131072    8.938
05:27:39.396 python3        1784367 nvme1n1 WS   1672864768 131072    9.012
05:27:39.396 python3        1784367 nvme1n1 WS   1672865024 131072    9.089
05:27:39.396 python3        1784367 nvme1n1 WS   69758976   131072    9.173
05:27:39.396 python3        1784367 nvme1n1 WS   69759232   131072    9.243
05:27:39.396 python3        1784367 nvme1n1 WS   69759488   131072    9.324
05:27:39.396 python3        1784367 nvme1n1 WS   69759744   131072    9.398
05:27:39.396 python3        1784367 nvme1n1 WS   69760000   131072    9.475
05:27:39.396 python3        1784367 nvme1n1 WS   69760256   131072    9.549
05:27:39.396 python3        1784367 nvme1n1 WS   69760512   131072    9.635
05:27:39.397 python3        1784367 nvme1n1 WS   69760768   131072    9.687
05:27:39.397 python3        1784367 nvme1n1 WS   69761024   131072    9.765
05:27:39.397 python3        1784367 nvme1n1 WS   69761280   131072    9.839
05:27:39.397 python3        1784367 nvme1n1 WS   69761536   131072    9.918
05:27:39.397 python3        1784367 nvme1n1 WS   69761792   131072    9.992
05:27:39.397 python3        1784367 nvme1n1 WS   69762048   131072   10.068
05:27:39.397 python3        1784367 nvme1n1 WS   69762304   131072   10.143
05:27:39.397 python3        1784367 nvme1n1 WS   69762560   131072   10.217
05:27:39.397 python3        1784367 nvme1n1 WS   69762816   131072   10.284
05:27:39.397 python3        1784367 nvme1n1 WS   1672865280 131072   10.434
05:27:39.397 python3        1784367 nvme1n1 WS   1672865536 131072   10.491
05:27:39.397 python3        1784367 nvme1n1 WS   1672865792 131072   10.568
05:27:39.397 python3        1784367 nvme1n1 WS   1672866048 131072   10.645
05:27:39.398 python3        1784367 nvme1n1 WS   1672866304 131072   10.719
05:27:39.398 python3        1784367 nvme1n1 WS   1672866560 131072   10.800
05:27:39.398 python3        1784367 nvme1n1 WS   1672866816 131072   10.876
05:27:39.398 python3        1784367 nvme1n1 WS   1672867072 131072   10.951
05:27:39.398 python3        1784367 nvme1n1 WS   1672867328 131072   11.031
05:27:39.398 python3        1784367 nvme1n1 WS   1672867584 61440    11.066
05:27:39.398 python3        1784367 nvme1n1 WS   1640910848 131072   11.200
05:27:39.398 python3        1784367 nvme1n1 WS   1640911104 131072   11.274
05:27:39.398 python3        1784369 nvme1n1 WS   1667636992 131072   11.401
05:27:39.398 python3        1784369 nvme1n1 WS   1667637248 131072   11.433
05:27:39.398 python3        1784369 nvme1n1 WS   1667637504 131072   11.514
05:27:39.398 python3        1784369 nvme1n1 WS   1689499392 131072   11.642
05:27:39.398 python3        1784369 nvme1n1 WS   1689499648 131072   11.680
05:27:39.399 python3        1784369 nvme1n1 WS   1689499904 131072   11.782
05:27:39.399 python3        1784369 nvme1n1 WS   1689500160 131072   11.859
05:27:39.399 python3        1784369 nvme1n1 WS   1689500416 131072   11.940
05:27:39.399 python3        1784369 nvme1n1 WS   1689500672 131072   12.016
05:27:39.399 python3        1784369 nvme1n1 WS   1689500928 131072   12.096
05:27:39.399 python3        1784369 nvme1n1 WS   1689501184 131072   12.173
05:27:39.399 python3        1784369 nvme1n1 WS   1689501440 61440    12.210
05:27:39.399 python3        1784368 nvme1n1 WS   1667641344 131072   12.336
05:27:39.399 python3        1784368 nvme1n1 WS   1667641600 131072   12.345
05:27:39.399 python3        1784368 nvme1n1 WS   1667641856 131072   12.423
05:27:39.399 python3        1784368 nvme1n1 WS   1667642112 131072   12.498
05:27:39.399 python3        1784368 nvme1n1 WS   1667642368 131072   12.575
05:27:39.400 python3        1784368 nvme1n1 WS   1667642624 131072   12.655
05:27:39.400 python3        1784368 nvme1n1 WS   1667642880 131072   12.731
05:27:39.400 python3        1784366 nvme1n1 WS   1672867840 131072   12.827
05:27:39.400 python3        1784366 nvme1n1 WS   1672868096 131072   12.898
05:27:39.400 python3        1784366 nvme1n1 WS   1672868352 131072   12.973
05:27:39.400 python3        1784366 nvme1n1 WS   1672868608 131072   13.053
05:27:39.400 python3        1784366 nvme1n1 WS   1672868864 131072   13.128
05:27:39.400 python3        1784366 nvme1n1 WS   1672869120 131072   13.204
05:27:39.400 python3        1784367 nvme1n1 WS   69763072   131072   13.300
05:27:39.400 python3        1784367 nvme1n1 WS   69763328   131072   13.377
05:27:39.400 python3        1784366 nvme1n1 WS   1672869376 131072   13.445
05:27:39.400 python3        1784366 nvme1n1 WS   1672869632 131072   13.508
05:27:39.400 python3        1784366 nvme1n1 WS   1672869888 131072   13.582
05:27:39.401 python3        1784366 nvme1n1 WS   1672870144 131072   13.660
05:27:39.401 python3        1784366 nvme1n1 WS   1672870400 131072   13.741
05:27:39.401 python3        1784366 nvme1n1 WS   1672870656 131072   13.820
05:27:39.401 python3        1784366 nvme1n1 WS   1672870912 131072   13.898
05:27:39.401 python3        1784366 nvme1n1 WS   1672871168 131072   13.978
05:27:39.401 python3        1784366 nvme1n1 WS   1672871424 131072   14.058
05:27:39.401 python3        1784366 nvme1n1 WS   1672871680 61440    14.095
05:27:39.401 python3        1784368 nvme1n1 WS   1667643136 131072   14.340
05:27:39.401 python3        1784368 nvme1n1 WS   1667643392 131072   14.364
05:27:39.401 python3        1784368 nvme1n1 WS   1667643648 131072   14.367
05:27:39.401 python3        1784368 nvme1n1 WS   1667643904 131072   14.437
05:27:39.401 python3        1784368 nvme1n1 WS   1667644160 131072   14.513
05:27:39.402 python3        1784368 nvme1n1 WS   1667644416 131072   14.598
05:27:39.402 python3        1784368 nvme1n1 WS   1667644672 131072   14.674
05:27:39.402 python3        1784368 nvme1n1 WS   1667644928 131072   14.753
05:27:39.402 python3        1784368 nvme1n1 WS   1667645184 131072   14.818
05:27:39.402 python3        1784368 nvme1n1 WS   1667645440 131072   14.899
05:27:39.402 python3        1784368 nvme1n1 WS   1667645696 131072   14.978
05:27:39.402 python3        1784368 nvme1n1 WS   1667649536 131072   15.019
05:27:39.402 python3        1784368 nvme1n1 WS   1667649792 131072   15.046
05:27:39.402 python3        1784368 nvme1n1 WS   1667650048 131072   15.126
05:27:39.402 python3        1784368 nvme1n1 WS   1667650304 131072   15.207
05:27:39.402 python3        1784368 nvme1n1 WS   1667650560 131072   15.290
05:27:39.402 python3        1784368 nvme1n1 WS   1667650816 131072   15.368
05:27:39.402 python3        1784368 nvme1n1 WS   1667651072 131072   15.445
05:27:39.403 python3        1784368 nvme1n1 WS   1667651328 131072   15.510
05:27:39.403 python3        1784368 nvme1n1 WS   1667651584 131072   15.590
05:27:39.403 python3        1784368 nvme1n1 WS   1667651840 131072   15.666
05:27:39.403 python3        1784368 nvme1n1 WS   1667652096 131072   15.743
05:27:39.403 python3        1784368 nvme1n1 WS   1667652352 131072   15.819
05:27:39.403 python3        1784368 nvme1n1 WS   1667652608 131072   15.899
05:27:39.403 python3        1784368 nvme1n1 WS   1667652864 131072   15.983
05:27:39.403 python3        1784368 nvme1n1 WS   1667653120 131072   16.060
05:27:39.403 python3        1784368 nvme1n1 WS   1667653376 61440    16.098
05:27:39.799 nvme           1806309 Unknown N    -1         512       0.082
05:27:40.074 jbd2/nv        752     nvme1n1 WSM  878267384  131072    0.168
05:27:40.074 jbd2/nv        752     nvme1n1 WSM  878267640  131072    0.197
05:27:40.074 jbd2/nv        752     nvme1n1 WSM  878267896  4096      0.030
05:27:40.749 jbd2/nv        391     nvme0n1 WSM  4225416    81920     0.665
05:27:40.749 jbd2/nv        391     nvme0n1 WSM  4225576    4096      0.424
05:27:40.801 nvme           1806314 Unknown N    -1         512       0.032
05:27:41.037 ib_log_        125934  nvme1n1 WS   1757542296 4096      0.056
05:27:41.037 connect        125934  nvme1n1 WS   1741350272 8192      0.041
05:27:41.037 jbd2/nv        752     nvme1n1 WSM  878267904  32768     0.060
05:27:41.037 jbd2/nv        752     nvme1n1 WSM  878267968  4096      0.028
05:27:41.038 ib_log_        125934  nvme1n1 WS   1757542296 4096      0.030
05:27:41.051 ib_log_        125934  nvme1n1 WS   1757542296 4096      0.033
05:27:41.052 ib_log_        125934  nvme1n1 WS   1757542296 4096      0.028
05:27:41.161 ib_log_        125934  nvme1n1 WS   1757542296 4096      0.041
05:27:41.238 ib_pg_f        125934  nvme1n1 WS   1737209856 98304     0.112
05:27:41.238 ib_pg_f        125934  nvme1n1 WS   1756483520 16384     0.059
05:27:41.238 ib_pg_f        125934  nvme1n1 WS   1719096736 16384     0.040
05:27:41.238 ib_pg_f        125934  nvme1n1 WS   1756426848 16384     0.049
05:27:41.238 ib_pg_f        125934  nvme1n1 WS   1730394304 16384     0.058
05:27:41.238 ib_pg_f        125934  nvme1n1 WS   1730452000 16384     0.052
05:27:41.238 ib_pg_f        125934  nvme1n1 WS   1756903584 16384     0.049
05:27:41.317 python3        1784366 nvme1n1 WS   1689358336 131072    0.150
05:27:41.317 python3        1784366 nvme1n1 WS   1689358592 131072    0.259
05:27:41.317 python3        1784366 nvme1n1 WS   1689358848 131072    0.306
05:27:41.317 python3        1784366 nvme1n1 WS   1689359104 131072    0.409
05:27:41.317 python3        1784366 nvme1n1 WS   1689359360 131072    0.461
05:27:41.317 python3        1784366 nvme1n1 WS   1689359616 131072    0.538
05:27:41.317 python3        1784366 nvme1n1 WS   1689359872 131072    0.636
05:27:41.318 python3        1784366 nvme1n1 WS   1689360128 131072    0.683
05:27:41.318 python3        1784366 nvme1n1 WS   1689360384 131072    0.760
05:27:41.318 python3        1784366 nvme1n1 WS   1689360640 131072    0.842
05:27:41.318 python3        1784366 nvme1n1 WS   1689360896 131072    0.922
05:27:41.318 python3        1784366 nvme1n1 WS   1689361152 131072    1.002
05:27:41.318 python3        1784366 nvme1n1 WS   1689361408 131072    1.081
05:27:41.318 python3        1784366 nvme1n1 WS   1689361664 131072    1.163
05:27:41.318 python3        1784366 nvme1n1 WS   1689361920 131072    1.248
05:27:41.318 python3        1784366 nvme1n1 WS   1689362176 131072    1.315
05:27:41.318 python3        1784366 nvme1n1 WS   1689362432 131072    1.399
05:27:41.318 python3        1784366 nvme1n1 WS   1689362688 131072    1.482
05:27:41.318 python3        1784367 nvme1n1 WS   1689366528 131072    1.536
05:27:41.319 python3        1784367 nvme1n1 WS   1689366784 131072    1.592
05:27:41.319 python3        1784367 nvme1n1 WS   1689367040 131072    1.671
05:27:41.319 python3        1784367 nvme1n1 WS   1689367296 131072    1.751
05:27:41.319 python3        1784367 nvme1n1 WS   1689367552 131072    1.831
05:27:41.319 python3        1784369 nvme1n1 WS   1689501696 131072    1.923
05:27:41.319 python3        1784369 nvme1n1 WS   1689501952 131072    1.994
05:27:41.319 python3        1784367 nvme1n1 WS   1689367808 131072    2.071
05:27:41.319 python3        1784367 nvme1n1 WS   1689368064 131072    2.145
05:27:41.319 python3        1784367 nvme1n1 WS   1689368320 131072    2.203
05:27:41.319 python3        1784367 nvme1n1 WS   1689368576 131072    2.278
05:27:41.319 python3        1784367 nvme1n1 WS   1689368832 131072    2.352
05:27:41.319 python3        1784369 nvme1n1 WS   1689502208 131072    2.462
05:27:41.320 python3        1784369 nvme1n1 WS   1689502464 131072    2.536
05:27:41.320 python3        1784369 nvme1n1 WS   1689502720 131072    2.614
05:27:41.320 python3        1784369 nvme1n1 WS   1689502976 131072    2.686
05:27:41.320 python3        1784369 nvme1n1 WS   1689503232 131072    2.760
05:27:41.320 python3        1784368 nvme1n1 WS   1667653632 131072    2.837
05:27:41.320 python3        1784368 nvme1n1 WS   1667653888 131072    2.901
05:27:41.320 python3        1784368 nvme1n1 WS   1667654144 131072    2.975
05:27:41.320 python3        1784367 nvme1n1 WS   1689369088 131072    3.050
05:27:41.320 python3        1784367 nvme1n1 WS   1689369344 131072    3.127
05:27:41.320 python3        1784367 nvme1n1 WS   1689369600 131072    3.202
05:27:41.320 python3        1784367 nvme1n1 WS   1689369856 131072    3.276
05:27:41.320 python3        1784367 nvme1n1 WS   1689370112 131072    3.352
05:27:41.320 python3        1784367 nvme1n1 WS   1689370368 131072    3.416
05:27:41.321 python3        1784367 nvme1n1 WS   1689513984 131072    3.493
05:27:41.321 python3        1784367 nvme1n1 WS   1689514240 131072    3.572
05:27:41.321 python3        1784368 nvme1n1 WS   1667654400 131072    3.686
05:27:41.321 python3        1784368 nvme1n1 WS   1667654656 131072    3.765
05:27:41.321 python3        1784368 nvme1n1 WS   1667654912 131072    3.844
05:27:41.321 python3        1784368 nvme1n1 WS   1667655168 131072    3.921
05:27:41.321 python3        1784368 nvme1n1 WS   1667655424 131072    3.981
05:27:41.321 python3        1784368 nvme1n1 WS   1667655680 131072    4.054
05:27:41.321 python3        1784368 nvme1n1 WS   1667655936 131072    4.131
05:27:41.321 python3        1784369 nvme1n1 WS   1689503488 131072    4.247
05:27:41.321 python3        1784369 nvme1n1 WS   1689503744 131072    4.319
05:27:41.321 python3        1784369 nvme1n1 WS   1689504000 131072    4.393
05:27:41.322 python3        1784369 nvme1n1 WS   1689504256 131072    4.480
05:27:41.322 python3        1784369 nvme1n1 WS   1689504512 131072    4.547
05:27:41.322 python3        1784369 nvme1n1 WS   1689504768 131072    4.619
05:27:41.322 python3        1784369 nvme1n1 WS   1689505024 131072    4.697
05:27:41.322 python3        1784369 nvme1n1 WS   1689505280 131072    4.776
05:27:41.322 python3        1784367 nvme1n1 WS   1689505792 131072    4.887
05:27:41.322 python3        1784367 nvme1n1 WS   1689506048 131072    4.958
05:27:41.322 python3        1784367 nvme1n1 WS   1689506304 131072    5.034
05:27:41.322 python3        1784367 nvme1n1 WS   1689506560 131072    5.115
05:27:41.322 python3        1784367 nvme1n1 WS   1689506816 131072    5.187
05:27:41.322 python3        1784367 nvme1n1 WS   1689507072 131072    5.263
05:27:41.322 python3        1784367 nvme1n1 WS   1689507328 131072    5.341
05:27:41.322 python3        1784368 nvme1n1 WS   1667656192 131072    5.410
05:27:41.323 python3        1784368 nvme1n1 WS   1667656448 131072    5.485
05:27:41.323 python3        1784368 nvme1n1 WS   1667656704 131072    5.564
05:27:41.323 python3        1784368 nvme1n1 WS   1667656960 131072    5.643
05:27:41.323 python3        1784368 nvme1n1 WS   1667657216 131072    5.723
05:27:41.323 python3        1784368 nvme1n1 WS   1667657472 131072    5.791
05:27:41.323 python3        1784368 nvme1n1 WS   1667657728 131072    5.868
05:27:41.323 python3        1784368 nvme1n1 WS   1667657984 131072    5.944
05:27:41.323 python3        1784366 nvme1n1 WS   1689509888 131072    6.130
05:27:41.323 python3        1784366 nvme1n1 WS   1689510144 131072    6.137
05:27:41.323 python3        1784366 nvme1n1 WS   1689510400 131072    6.206
05:27:41.323 python3        1784366 nvme1n1 WS   1689510656 131072    6.280
05:27:41.323 python3        1784366 nvme1n1 WS   1689510912 131072    6.356
05:27:41.324 python3        1784366 nvme1n1 WS   1689511168 131072    6.434
05:27:41.324 python3        1784366 nvme1n1 WS   1689511424 131072    6.508
05:27:41.324 python3        1784366 nvme1n1 WS   1689511680 131072    6.570
05:27:41.324 python3        1784367 nvme1n1 WS   1689507584 131072    6.686
05:27:41.324 python3        1784367 nvme1n1 WS   1689507840 131072    6.763
05:27:41.324 python3        1784367 nvme1n1 WS   1689508096 131072    6.881
05:27:41.324 python3        1784367 nvme1n1 WS   1689508352 131072    6.956
05:27:41.324 python3        1784367 nvme1n1 WS   1689508608 131072    7.035
05:27:41.324 python3        1784367 nvme1n1 WS   1689508864 131072    7.113
05:27:41.324 python3        1784367 nvme1n1 WS   1689509120 131072    7.192
05:27:41.324 python3        1784367 nvme1n1 WS   1689509376 131072    7.268
05:27:41.324 python3        1784367 nvme1n1 WS   1689509632 131072    7.335
05:27:41.325 python3        1784367 nvme1n1 WS   1689325568 131072    7.412
05:27:41.325 python3        1784369 nvme1n1 WS   1689505536 131072    7.525
05:27:41.325 python3        1784369 nvme1n1 WS   1689321472 131072    7.603
05:27:41.325 python3        1784369 nvme1n1 WS   1689321728 131072    7.681
05:27:41.325 python3        1784366 nvme1n1 WS   1689511936 131072    7.838
05:27:41.325 python3        1784366 nvme1n1 WS   1689512192 131072    7.839
05:27:41.325 python3        1784366 nvme1n1 WS   1689512448 131072    7.888
05:27:41.325 python3        1784366 nvme1n1 WS   1689512704 131072    7.969
05:27:41.325 python3        1784366 nvme1n1 WS   1689512960 131072    8.047
05:27:41.325 python3        1784366 nvme1n1 WS   1689513216 131072    8.124
05:27:41.325 python3        1784366 nvme1n1 WS   1689513472 131072    8.199
05:27:41.325 python3        1784366 nvme1n1 WS   1689513728 131072    8.261
05:27:41.325 python3        1784366 nvme1n1 WS   1689329664 131072    8.340
05:27:41.326 python3        1784366 nvme1n1 WS   1689329920 131072    8.422
05:27:41.326 python3        1784367 nvme1n1 WS   1689325824 131072    8.612
05:27:41.326 python3        1784369 nvme1n1 WS   1719071232 73728     8.624
05:27:41.326 python3        1784367 nvme1n1 WS   1719072256 73728     8.633
05:27:41.326 python3        1784369 nvme1n1 WS   1689333760 131072    8.696
05:27:41.326 python3        1784369 nvme1n1 WS   1689334016 131072    8.712
05:27:41.326 python3        1784369 nvme1n1 WS   1689334272 131072    8.785
05:27:41.326 python3        1784369 nvme1n1 WS   1689334528 131072    8.863
05:27:41.326 python3        1784369 nvme1n1 WS   1689334784 131072    8.942
05:27:41.326 python3        1784369 nvme1n1 WS   1689335040 131072    9.019
05:27:41.326 python3        1784369 nvme1n1 WS   1689335296 131072    9.095
05:27:41.326 python3        1784369 nvme1n1 WS   1689335552 131072    9.158
05:27:41.326 python3        1784369 nvme1n1 WS   1689335808 131072    9.236
05:27:41.327 python3        1784369 nvme1n1 WS   1689336064 131072    9.313
05:27:41.327 python3        1784366 nvme1n1 WS   1719073536 73728     9.369
05:27:41.327 python3        1784369 nvme1n1 WS   1689336320 131072    9.439
05:27:41.327 python3        1784369 nvme1n1 WS   1689336576 131072    9.517
05:27:41.327 python3        1784369 nvme1n1 WS   1689336832 131072    9.598
05:27:41.327 python3        1784369 nvme1n1 WS   1689337088 131072    9.675
05:27:41.327 python3        1784369 nvme1n1 WS   1689337344 131072    9.752
05:27:41.327 python3        1784369 nvme1n1 WS   1689337600 131072    9.817
05:27:41.327 python3        1784369 nvme1n1 WS   1689337856 131072    9.894
05:27:41.327 python3        1784369 nvme1n1 WS   1689338112 131072    9.974
05:27:41.327 python3        1784368 nvme1n1 WS   1719074816 73728    10.031
05:27:41.327 python3        1784368 nvme1n1 WS   1689341952 131072   10.033
05:27:41.327 python3        1784368 nvme1n1 WS   1689342208 131072   10.101
05:27:41.328 python3        1784368 nvme1n1 WS   1689342464 131072   10.176
05:27:41.328 python3        1784368 nvme1n1 WS   1689342720 131072   10.252
05:27:41.328 python3        1784368 nvme1n1 WS   1689342976 131072   10.327
05:27:41.328 python3        1784368 nvme1n1 WS   1689343232 131072   10.408
05:27:41.328 python3        1784368 nvme1n1 WS   1689343488 131072   10.483
05:27:41.328 python3        1784368 nvme1n1 WS   1689343744 131072   10.534
05:27:41.328 python3        1784368 nvme1n1 WS   1689344000 131072   10.612
05:27:41.328 python3        1784368 nvme1n1 WS   1689344256 131072   10.690
05:27:41.328 python3        1784368 nvme1n1 WS   1689344512 131072   10.763
05:27:41.328 python3        1784368 nvme1n1 WS   1689344768 131072   10.837
05:27:41.328 python3        1784368 nvme1n1 WS   1689345024 131072   10.917
05:27:41.328 python3        1784368 nvme1n1 WS   1689345280 131072   10.995
05:27:41.328 python3        1784368 nvme1n1 WS   1689345536 131072   11.070
05:27:41.329 python3        1784368 nvme1n1 WS   1689345792 131072   11.126
05:27:41.329 python3        1784368 nvme1n1 WS   1689346048 131072   11.202
05:27:41.329 python3        1784368 nvme1n1 WS   1689346304 131072   11.279
05:27:41.804 nvme           1806324 Unknown N    -1         512       0.035
05:27:41.901 ib_log_        125934  nvme1n1 WS   1757536256 4096      0.054
05:27:41.952 python3        1784366 nvme1n1 WS   1689350144 131072    0.179
05:27:41.952 python3        1784366 nvme1n1 WS   1689350400 131072    0.238
05:27:41.952 python3        1784366 nvme1n1 WS   1689350656 131072    0.332
05:27:41.952 python3        1784366 nvme1n1 WS   1689350912 131072    0.394
05:27:41.953 python3        1784366 nvme1n1 WS   1689351168 131072    0.482
05:27:41.953 python3        1784366 nvme1n1 WS   1689351424 131072    0.543
05:27:41.953 python3        1784366 nvme1n1 WS   1689351680 131072    0.622
05:27:41.953 python3        1784366 nvme1n1 WS   1689351936 131072    0.701
05:27:41.953 python3        1784366 nvme1n1 WS   1689352192 131072    0.774
05:27:41.953 python3        1784366 nvme1n1 WS   1689352448 131072    0.852
05:27:41.953 python3        1784366 nvme1n1 WS   1689352704 131072    0.933
05:27:41.953 python3        1784366 nvme1n1 WS   1689352960 69632     0.978
05:27:41.953 python3        1784367 nvme1n1 WS   1689452544 131072    1.063
05:27:41.953 python3        1784367 nvme1n1 WS   1689452800 131072    1.133
05:27:41.953 python3        1784367 nvme1n1 WS   1689453056 131072    1.215
05:27:41.953 python3        1784367 nvme1n1 WS   1689453312 131072    1.292
05:27:41.953 python3        1784367 nvme1n1 WS   1689453568 131072    1.377
05:27:41.954 python3        1784367 nvme1n1 WS   1689453824 131072    1.459
05:27:41.954 python3        1784367 nvme1n1 WS   1689454080 131072    1.538
05:27:41.954 python3        1784367 nvme1n1 WS   1689454336 131072    1.611
05:27:41.954 python3        1784367 nvme1n1 WS   1689454592 131072    1.689
05:27:41.954 python3        1784367 nvme1n1 WS   1689454848 131072    1.770
05:27:41.954 python3        1784367 nvme1n1 WS   1689455104 131072    1.850
05:27:41.954 python3        1784367 nvme1n1 WS   1689455360 69632     1.894
05:27:41.954 python3        1784368 nvme1n1 WS   1689456640 131072    2.062
05:27:41.954 python3        1784368 nvme1n1 WS   1689456896 131072    2.063
05:27:41.954 python3        1784368 nvme1n1 WS   1689457152 131072    2.131
05:27:41.954 python3        1784369 nvme1n1 WS   1689518080 131072    2.216
05:27:41.954 python3        1784369 nvme1n1 WS   1689518336 131072    2.286
05:27:41.954 python3        1784369 nvme1n1 WS   1689518592 131072    2.361
05:27:41.955 python3        1784369 nvme1n1 WS   1689518848 131072    2.434
05:27:41.955 python3        1784369 nvme1n1 WS   1689519104 131072    2.507
05:27:41.955 python3        1784369 nvme1n1 WS   1689519360 131072    2.584
05:27:41.955 python3        1784369 nvme1n1 WS   1689519616 131072    2.657
05:27:41.955 python3        1784369 nvme1n1 WS   1689519872 131072    2.725
05:27:41.955 python3        1784369 nvme1n1 WS   1689520128 131072    2.798
05:27:41.955 python3        1784368 nvme1n1 WS   1689457408 131072    2.906
05:27:41.955 python3        1784368 nvme1n1 WS   1689457664 131072    2.984
05:27:41.955 python3        1784368 nvme1n1 WS   1689457920 131072    3.057
05:27:41.955 python3        1784368 nvme1n1 WS   1689458176 131072    3.138
05:27:41.955 python3        1784368 nvme1n1 WS   1689458432 131072    3.207
05:27:41.955 python3        1784368 nvme1n1 WS   1689458688 131072    3.285
05:27:41.956 python3        1784368 nvme1n1 WS   1689458944 131072    3.364
05:27:41.956 python3        1784368 nvme1n1 WS   1689459200 131072    3.443
05:27:41.956 python3        1784368 nvme1n1 WS   1689459456 69632     3.484
05:27:41.956 python3        1784366 nvme1n1 WS   1689460736 131072    3.591
05:27:41.956 python3        1784366 nvme1n1 WS   1689460992 131072    3.658
05:27:41.956 python3        1784366 nvme1n1 WS   1689461248 131072    3.733
05:27:41.956 python3        1784366 nvme1n1 WS   1689461504 131072    3.814
05:27:41.956 python3        1784369 nvme1n1 WS   1689520384 131072    3.884
05:27:41.956 python3        1784369 nvme1n1 WS   1689520640 131072    3.959
05:27:41.956 python3        1784369 nvme1n1 WS   1689520896 69632     4.002
05:27:41.956 python3        1784366 nvme1n1 WS   1689461760 131072    4.085
05:27:41.956 python3        1784366 nvme1n1 WS   1689462016 131072    4.163
05:27:41.956 python3        1784366 nvme1n1 WS   1689462272 131072    4.238
05:27:41.956 python3        1784369 nvme1n1 WS   1689468928 131072    4.307
05:27:41.957 python3        1784369 nvme1n1 WS   1689469184 131072    4.382
05:27:41.957 python3        1784369 nvme1n1 WS   1689469440 131072    4.457
05:27:41.957 python3        1784369 nvme1n1 WS   1689469696 131072    4.533
05:27:41.957 python3        1784366 nvme1n1 WS   1689462528 131072    4.612
05:27:41.957 python3        1784369 nvme1n1 WS   1689469952 131072    4.688
05:27:41.957 python3        1784366 nvme1n1 WS   1689462784 131072    4.766
05:27:41.957 python3        1784368 nvme1n1 WS   1689464832 131072    4.882
05:27:41.957 python3        1784368 nvme1n1 WS   1689465088 131072    4.951
05:27:41.957 python3        1784368 nvme1n1 WS   1689465344 131072    5.026
05:27:41.957 python3        1784368 nvme1n1 WS   1689465600 131072    5.101
05:27:41.957 python3        1784368 nvme1n1 WS   1689465856 131072    5.172
05:27:41.957 python3        1784368 nvme1n1 WS   1689466112 131072    5.246
05:27:41.958 python3        1784368 nvme1n1 WS   1689466368 131072    5.324
05:27:41.958 python3        1784369 nvme1n1 WS   1689470208 131072    5.397
05:27:41.958 python3        1784366 nvme1n1 WS   1689463040 131072    5.475
05:27:41.958 python3        1784369 nvme1n1 WS   1689470464 131072    5.550
05:27:41.958 python3        1784366 nvme1n1 WS   1689463296 131072    5.630
05:27:41.958 python3        1784366 nvme1n1 WS   1689463552 131072    5.703
05:27:41.958 python3        1784366 nvme1n1 WS   1689463808 131072    5.780
05:27:41.958 python3        1784366 nvme1n1 WS   1689464064 131072    5.856
05:27:41.958 python3        1784366 nvme1n1 WS   1689464320 131072    5.934
05:27:41.958 python3        1784369 nvme1n1 WS   1689470720 131072    6.002
05:27:41.958 python3        1784369 nvme1n1 WS   1689470976 131072    6.079
05:27:41.958 python3        1784368 nvme1n1 WS   1689466624 131072    6.178
05:27:41.958 python3        1784368 nvme1n1 WS   1689466880 131072    6.251
05:27:41.959 python3        1784367 nvme1n1 WS   1689473024 131072    6.331
05:27:41.959 python3        1784368 nvme1n1 WS   1689467136 131072    6.409
05:27:41.959 python3        1784367 nvme1n1 WS   1689473280 131072    6.487
05:27:41.959 python3        1784368 nvme1n1 WS   1689467392 131072    6.567
05:27:41.959 python3        1784367 nvme1n1 WS   1689473536 131072    6.644
05:27:41.959 python3        1784368 nvme1n1 WS   1689467648 131072    6.742
05:27:41.959 python3        1784367 nvme1n1 WS   1689473792 131072    6.816
05:27:41.959 python3        1784368 nvme1n1 WS   1689467904 131072    6.896
05:27:41.959 python3        1784367 nvme1n1 WS   1689474048 131072    6.973
05:27:41.959 python3        1784368 nvme1n1 WS   1689468160 131072    7.071
05:27:41.959 python3        1784367 nvme1n1 WS   1689474304 131072    7.134
05:27:41.959 python3        1784368 nvme1n1 WS   1689468416 131072    7.215
05:27:41.960 python3        1784367 nvme1n1 WS   1689474560 131072    7.297
05:27:41.960 python3        1784369 nvme1n1 WS   1689471232 131072    7.392
05:27:41.960 python3        1784369 nvme1n1 WS   1689471488 131072    7.467
05:27:41.960 python3        1784366 nvme1n1 WS   1689464576 131072    7.550
05:27:41.960 python3        1784366 nvme1n1 WS   1689477120 131072    7.623
05:27:41.960 python3        1784369 nvme1n1 WS   1689471744 131072    7.713
05:27:41.960 python3        1784366 nvme1n1 WS   1689477376 131072    7.786
05:27:41.960 python3        1784369 nvme1n1 WS   1689472000 131072    7.869
05:27:41.960 python3        1784369 nvme1n1 WS   1689472256 131072    7.946
05:27:41.960 python3        1784369 nvme1n1 WS   1689472512 131072    8.024
05:27:41.960 python3        1784368 nvme1n1 WS   1689468672 131072    8.090
05:27:41.960 python3        1784368 nvme1n1 WS   1689481216 131072    8.165
05:27:41.961 python3        1784368 nvme1n1 WS   1689481472 131072    8.244
05:27:41.961 python3        1784367 nvme1n1 WS   1689474816 131072    8.325
05:27:41.961 python3        1784367 nvme1n1 WS   1689475072 131072    8.400
05:27:41.961 python3        1784367 nvme1n1 WS   1689475328 131072    8.475
05:27:41.961 python3        1784367 nvme1n1 WS   1689475584 131072    8.551
05:27:41.961 python3        1784367 nvme1n1 WS   1689475840 131072    8.635
05:27:41.961 python3        1784367 nvme1n1 WS   1689476096 131072    8.712
05:27:41.961 python3        1784367 nvme1n1 WS   1689476352 131072    8.790
05:27:41.961 python3        1784367 nvme1n1 WS   1689476608 131072    8.870
05:27:41.961 python3        1784369 nvme1n1 WS   1689472768 131072    8.984
05:27:41.961 python3        1784369 nvme1n1 WS   1689255936 131072    9.059
05:27:41.961 python3        1784369 nvme1n1 WS   1689256192 131072    9.140
05:27:41.962 python3        1784367 nvme1n1 WS   1689476864 131072    9.184
05:27:41.962 python3        1784367 nvme1n1 WS   1689260032 131072    9.264
05:27:41.962 python3        1784367 nvme1n1 WS   1689260288 131072    9.342
05:27:42.806 nvme           1806338 Unknown N    -1         512       0.079
05:27:43.809 nvme           1806350 Unknown N    -1         512       0.077
05:27:44.424 contain        1195    nvme1n1 WS   1730873872 4096      0.069
05:27:44.424 contain        1195    nvme1n1 WS   1730874024 4096      0.079
05:27:44.424 contain        1195    nvme1n1 WS   1730874088 4096      0.079
05:27:44.424 contain        1195    nvme1n1 WS   1730874120 8192      0.083
05:27:44.424 contain        1195    nvme1n1 WS   1429520    4096      0.029
05:27:44.425 contain        1195    nvme1n1 WS   1730874032 4096      0.055
05:27:44.425 contain        1195    nvme1n1 WS   1730874064 4096      0.063
05:27:44.425 contain        1195    nvme1n1 WS   1730874080 4096      0.064
05:27:44.425 contain        1195    nvme1n1 WS   1730874144 8192      0.064
05:27:44.425 contain        1195    nvme1n1 WS   1429528    4096      0.028
05:27:44.425 contain        1195    nvme1n1 WS   1725789816 4096      0.045
05:27:44.425 contain        1195    nvme1n1 WS   1725789848 4096      0.052
05:27:44.425 contain        1195    nvme1n1 WS   1725789944 4096      0.060
05:27:44.425 contain        1195    nvme1n1 WS   1725789960 16384     0.059
05:27:44.425 contain        1195    nvme1n1 WS   1707371888 4096      0.028
05:27:44.426 contain        1195    nvme1n1 WS   1730873992 4096      0.054
05:27:44.426 contain        1195    nvme1n1 WS   1730874016 4096      0.062
05:27:44.426 contain        1195    nvme1n1 WS   1730874088 4096      0.070
05:27:44.426 contain        1195    nvme1n1 WS   1730874120 8192      0.071
05:27:44.426 contain        1195    nvme1n1 WS   1730874160 4096      0.074
05:27:44.426 contain        1195    nvme1n1 WS   1730874192 8192      0.075
05:27:44.426 contain        1195    nvme1n1 WS   1730874232 12288     0.081
05:27:44.426 contain        1195    nvme1n1 WS   1730874280 12288     0.082
05:27:44.426 contain        1195    nvme1n1 WS   1429520    4096      0.028
05:27:44.427 kworker        1790484 nvme1n1 W    1739547992 16384     0.048
05:27:44.427 kworker        1787159 nvme1n1 W    600326144  4096      0.067
05:27:44.427 kworker        1787159 nvme1n1 W    1735421936 4096      0.076
05:27:44.427 kworker        1787159 nvme1n1 W    1735427952 8192      0.078
05:27:44.427 kworker        1787159 nvme1n1 W    600271752  4096      0.080
05:27:44.427 kworker        1787159 nvme1n1 W    600241088  12288     0.092
05:27:44.427 kworker        1787159 nvme1n1 W    600241112  57344     0.112
05:27:44.427 kworker        1787159 nvme1n1 W    731013096  131072    0.188
05:27:44.427 kworker        1787159 nvme1n1 W    731013352  53248     0.221
05:27:44.428 kworker        1787159 nvme1n1 W    600241224  32768     0.074
05:27:44.428 kworker        1787159 nvme1n1 W    1175004584 131072    0.159
05:27:44.428 kworker        1787159 nvme1n1 W    1175004840 86016     0.218
05:27:44.428 kworker        1787159 nvme1n1 W    1532159392 73728     0.265
05:27:44.428 kworker        1787159 nvme1n1 W    600241288  94208     0.321
05:27:44.428 kworker        1787159 nvme1n1 W    600241472  98304     0.379
05:27:44.428 dockerd        1436    nvme1n1 WM   24         4096      0.300
05:27:44.428 dockerd        1436    nvme1n1 WM   296        4096      0.305
05:27:44.428 dockerd        1436    nvme1n1 WM   784        4096      0.313
05:27:44.428 dockerd        1436    nvme1n1 WM   37748744   4096      0.314
05:27:44.428 dockerd        1436    nvme1n1 WM   67108944   4096      0.315
05:27:44.428 dockerd        1436    nvme1n1 WM   461373888  4096      0.319
05:27:44.428 dockerd        1436    nvme1n1 WM   461374248  4096      0.319
05:27:44.428 dockerd        1436    nvme1n1 WM   608174208  4096      0.319
05:27:44.428 dockerd        1436    nvme1n1 WM   844117496  4096      0.322
05:27:44.428 dockerd        1436    nvme1n1 WM   905971320  8192      0.323
05:27:44.428 dockerd        1436    nvme1n1 WM   608176120  12288     0.326
05:27:44.428 jbd2/nv        752     nvme1n1 WSM  878267976  131072    0.353
05:27:44.428 jbd2/nv        752     nvme1n1 WSM  878268232  131072    0.406
05:27:44.428 jbd2/nv        752     nvme1n1 WSM  878268488  57344     0.431
05:27:44.428 dockerd        1436    nvme1n1 WM   1519845296 4096      0.123
05:27:44.428 dockerd        1436    nvme1n1 WM   1524547568 4096      0.126
05:27:44.428 dockerd        1436    nvme1n1 WM   1639972888 4096      0.131
05:27:44.428 dockerd        1436    nvme1n1 WM   1669333096 4096      0.132
05:27:44.428 dockerd        1436    nvme1n1 WM   1686110296 4096      0.134
05:27:44.428 dockerd        1436    nvme1n1 WM   1728053296 4096      0.138
05:27:44.428 dockerd        1436    nvme1n1 WM   1729665008 4096      0.138
05:27:44.428 dockerd        1436    nvme1n1 WM   1729665944 4096      0.140
05:27:44.428 dockerd        1436    nvme1n1 WM   1729941064 4096      0.143
05:27:44.428 dockerd        1436    nvme1n1 WM   1735424936 4096      0.145
05:27:44.428 dockerd        1436    nvme1n1 WM   1740636176 4096      0.150
05:27:44.428 dockerd        1436    nvme1n1 WM   1756389872 4096      0.150
05:27:44.428 dockerd        1436    nvme1n1 WM   1756407800 4096      0.156
05:27:44.428 dockerd        1436    nvme1n1 WM   1756414208 4096      0.157
05:27:44.428 dockerd        1436    nvme1n1 WM   1756415528 4096      0.157
05:27:44.428 dockerd        1436    nvme1n1 WM   1756492432 4096      0.158
05:27:44.428 jbd2/nv        752     nvme1n1 WSM  878268600  4096      0.038
05:27:44.428 dockerd        1436    nvme1n1 WM   1756551152 4096      0.072
05:27:44.428 dockerd        1436    nvme1n1 WM   1756599960 4096      0.073
05:27:44.428 dockerd        1436    nvme1n1 WM   1756662312 4096      0.079
05:27:44.428 dockerd        1436    nvme1n1 WM   1756670520 4096      0.080
05:27:44.428 dockerd        1436    nvme1n1 WM   1756708840 4096      0.082
05:27:44.428 dockerd        1436    nvme1n1 WM   1756773976 4096      0.085
05:27:44.428 dockerd        1436    nvme1n1 WM   1756777416 4096      0.090
05:27:44.428 dockerd        1436    nvme1n1 WM   1756791792 4096      0.091
05:27:44.428 dockerd        1436    nvme1n1 WM   1756792776 4096      0.096
05:27:44.428 dockerd        1436    nvme1n1 WM   1756807672 4096      0.097
05:27:44.428 dockerd        1436    nvme1n1 WM   1756827640 4096      0.100
05:27:44.428 dockerd        1436    nvme1n1 WM   1756833768 4096      0.104
05:27:44.428 dockerd        1436    nvme1n1 WM   1756840224 4096      0.106
05:27:44.428 dockerd        1436    nvme1n1 WM   1756847224 4096      0.107
05:27:44.428 dockerd        1436    nvme1n1 WM   1756864968 4096      0.110
05:27:44.428 dockerd        1436    nvme1n1 WM   1756867024 4096      0.110
05:27:44.428 dockerd        1436    nvme1n1 WM   1756872640 4096      0.026
05:27:44.428 kworker        1787159 nvme1n1 WS   600241464  4096      0.033
05:27:44.428 kworker        1787159 nvme1n1 WS   600241664  4096      0.036
05:27:44.428 jbd2/nv        752     nvme1n1 WSM  878268608  24576     0.045
05:27:44.429 jbd2/nv        752     nvme1n1 WSM  878268656  4096      0.025
05:27:44.429 dockerd        1436    nvme1n1 WSM  0          4096      0.077
05:27:44.429 dockerd        1436    nvme1n1 WSM  40         4096      0.081
05:27:44.429 dockerd        1436    nvme1n1 WSM  288        4096      0.084
05:27:44.429 dockerd        1436    nvme1n1 WSM  352        4096      0.086
05:27:44.429 dockerd        1436    nvme1n1 WSM  440        4096      0.088
05:27:44.429 dockerd        1436    nvme1n1 WSM  568        4096      0.091
05:27:44.429 dockerd        1436    nvme1n1 WSM  736        4096      0.091
05:27:44.429 dockerd        1436    nvme1n1 WSM  800        8192      0.091
05:27:44.429 dockerd        1436    nvme1n1 WSM  824        8192      0.096
05:27:44.429 dockerd        1436    nvme1n1 WSM  71303296   4096      0.103
05:27:44.429 dockerd        1436    nvme1n1 WSM  461373768  4096      0.104
05:27:44.429 dockerd        1436    nvme1n1 WSM  461374256  4096      0.103
05:27:44.429 dockerd        1436    nvme1n1 WSM  591396872  4096      0.107
05:27:44.429 dockerd        1436    nvme1n1 WSM  591669072  4096      0.108
05:27:44.429 dockerd        1436    nvme1n1 WSM  71303424   12288     0.117
05:27:44.429 dockerd        1436    nvme1n1 WSM  461373784  12288     0.121
05:27:44.429 dockerd        1436    nvme1n1 WSM  591669240  4096      0.073
05:27:44.429 dockerd        1436    nvme1n1 WSM  591669392  4096      0.073
05:27:44.429 dockerd        1436    nvme1n1 WSM  591670072  4096      0.080
05:27:44.429 dockerd        1436    nvme1n1 WSM  591670944  4096      0.081
05:27:44.429 dockerd        1436    nvme1n1 WSM  591671264  4096      0.081
05:27:44.429 dockerd        1436    nvme1n1 WSM  591671400  4096      0.081
05:27:44.429 dockerd        1436    nvme1n1 WSM  591671720  4096      0.086
05:27:44.429 dockerd        1436    nvme1n1 WSM  599785480  4096      0.090
05:27:44.429 dockerd        1436    nvme1n1 WSM  608174336  4096      0.095
05:27:44.429 dockerd        1436    nvme1n1 WSM  608174416  4096      0.096
05:27:44.429 dockerd        1436    nvme1n1 WSM  608174504  4096      0.097
05:27:44.429 dockerd        1436    nvme1n1 WSM  608176072  4096      0.102
05:27:44.429 dockerd        1436    nvme1n1 WSM  608176088  8192      0.103
05:27:44.429 dockerd        1436    nvme1n1 WSM  608176112  4096      0.108
05:27:44.429 dockerd        1436    nvme1n1 WSM  729808928  4096      0.109
05:27:44.429 dockerd        1436    nvme1n1 WSM  730192312  4096      0.109
05:27:44.429 dockerd        1436    nvme1n1 WSM  905969792  4096      0.073
05:27:44.429 dockerd        1436    nvme1n1 WSM  905969920  4096      0.074
05:27:44.429 dockerd        1436    nvme1n1 WSM  905971336  8192      0.080
05:27:44.429 dockerd        1436    nvme1n1 WSM  1174405136 4096      0.081
05:27:44.429 dockerd        1436    nvme1n1 WSM  1484789216 4096      0.085
05:27:44.429 dockerd        1436    nvme1n1 WSM  1485401008 4096      0.087
05:27:44.429 dockerd        1436    nvme1n1 WSM  1485846592 4096      0.089
05:27:44.429 dockerd        1436    nvme1n1 WSM  1493172480 8192      0.094
05:27:44.429 dockerd        1436    nvme1n1 WSM  1530920992 4096      0.100
05:27:44.429 dockerd        1436    nvme1n1 WSM  1665138760 4096      0.102
05:27:44.429 dockerd        1436    nvme1n1 WSM  1686110304 8192      0.108
05:27:44.429 dockerd        1436    nvme1n1 WSM  1705656312 4096      0.110
05:27:44.429 dockerd        1436    nvme1n1 WSM  1715470440 4096      0.111
05:27:44.429 dockerd        1436    nvme1n1 WSM  1732247648 4096      0.115
05:27:44.429 dockerd        1436    nvme1n1 WSM  1736441944 4096      0.115
05:27:44.429 dockerd        1436    nvme1n1 WSM  1740416736 4096      0.116
05:27:44.429 dockerd        1436    nvme1n1 WSM  1756377584 4096      0.067
05:27:44.429 dockerd        1436    nvme1n1 WSM  1756391224 4096      0.068
05:27:44.429 dockerd        1436    nvme1n1 WSM  1756440496 4096      0.073
05:27:44.429 dockerd        1436    nvme1n1 WSM  1756440864 4096      0.075
05:27:44.429 dockerd        1436    nvme1n1 WSM  1756492512 4096      0.077
05:27:44.429 dockerd        1436    nvme1n1 WSM  1756521400 4096      0.078
05:27:44.429 dockerd        1436    nvme1n1 WSM  1756549584 4096      0.084
05:27:44.429 dockerd        1436    nvme1n1 WSM  1756662776 4096      0.085
05:27:44.429 dockerd        1436    nvme1n1 WSM  1756680672 4096      0.089
05:27:44.429 dockerd        1436    nvme1n1 WSM  1756754912 4096      0.091
05:27:44.429 dockerd        1436    nvme1n1 WSM  1756757992 4096      0.094
05:27:44.429 dockerd        1436    nvme1n1 WSM  1756777448 4096      0.100
05:27:44.429 dockerd        1436    nvme1n1 WSM  1756778160 4096      0.100
05:27:44.429 dockerd        1436    nvme1n1 WSM  1756792784 4096      0.102
05:27:44.429 dockerd        1436    nvme1n1 WSM  1756827280 4096      0.105
05:27:44.429 dockerd        1436    nvme1n1 WSM  1756840344 4096      0.106
05:27:44.429 dockerd        1436    nvme1n1 WSM  1756868304 4096      0.032
05:27:44.429 dockerd        1436    nvme1n1 WSM  1756872688 4096      0.034
05:27:44.430 contain        1195    nvme1n1 WS   1725789792 4096      0.052
05:27:44.430 contain        1195    nvme1n1 WS   1725789824 4096      0.061
05:27:44.430 contain        1195    nvme1n1 WS   1725789872 4096      0.066
05:27:44.430 contain        1195    nvme1n1 WS   1725789888 4096      0.066
05:27:44.430 contain        1195    nvme1n1 WS   1725789912 4096      0.067
05:27:44.430 contain        1195    nvme1n1 WS   1725789928 4096      0.068
05:27:44.430 contain        1195    nvme1n1 WS   1725789952 4096      0.069
05:27:44.430 contain        1195    nvme1n1 WS   1707371880 4096      0.026
05:27:44.430 contain        1195    nvme1n1 WS   1551466728 4096      0.059
05:27:44.430 contain        1195    nvme1n1 WS   1730873760 4096      0.064
05:27:44.430 contain        1195    nvme1n1 WS   1730873776 4096      0.069
05:27:44.430 contain        1195    nvme1n1 WS   1730873848 4096      0.072
05:27:44.430 contain        1195    nvme1n1 WS   1730873872 4096      0.072
05:27:44.430 contain        1195    nvme1n1 WS   1730873936 4096      0.078
05:27:44.430 contain        1195    nvme1n1 WS   1730874024 8192      0.079
05:27:44.430 contain        1195    nvme1n1 WS   1730874064 4096      0.081
05:27:44.430 contain        1195    nvme1n1 WS   1730874080 4096      0.085
05:27:44.430 contain        1195    nvme1n1 WS   1730874144 8192      0.086
05:27:44.430 contain        1195    nvme1n1 WS   1730874304 8192      0.090
05:27:44.430 contain        1195    nvme1n1 WS   1429528    4096      0.026
05:27:44.431 contain        1195    nvme1n1 WS   1730873992 4096      0.049
05:27:44.431 contain        1195    nvme1n1 WS   1730874016 4096      0.056
05:27:44.431 contain        1195    nvme1n1 WS   1730874088 4096      0.057
05:27:44.431 contain        1195    nvme1n1 WS   1730874120 8192      0.058
05:27:44.431 contain        1195    nvme1n1 WS   1429520    4096      0.027
05:27:44.431 contain        1195    nvme1n1 WS   1725789816 4096      0.042
05:27:44.431 contain        1195    nvme1n1 WS   1725789848 4096      0.048
05:27:44.431 contain        1195    nvme1n1 WS   1725789944 4096      0.056
05:27:44.431 contain        1195    nvme1n1 WS   1725789960 16384     0.057
05:27:44.431 contain        1195    nvme1n1 WS   1707371888 4096      0.029
05:27:44.431 contain        1195    nvme1n1 WS   1730873936 4096      0.049
05:27:44.431 contain        1195    nvme1n1 WS   1730874024 4096      0.053
05:27:44.431 contain        1195    nvme1n1 WS   1730874152 8192      0.060
05:27:44.431 contain        1195    nvme1n1 WS   1730874192 8192      0.063
05:27:44.431 contain        1195    nvme1n1 WS   1730874280 8192      0.068
05:27:44.431 contain        1195    nvme1n1 WS   1730874232 12288     0.071
05:27:44.431 contain        1195    nvme1n1 WS   1429528    4096      0.027
05:27:44.432 kworker        1787159 nvme1n1 W    600241664  8192      0.052
05:27:44.432 kworker        1787159 nvme1n1 W    600241552  4096      0.060
05:27:44.432 kworker        1787159 nvme1n1 W    600241680  8192      0.065
05:27:44.432 kworker        1787159 nvme1n1 W    600241640  4096      0.066
05:27:44.432 kworker        1787159 nvme1n1 W    600241696  8192      0.067
05:27:44.432 jbd2/nv        752     nvme1n1 WSM  878268664  114688    0.125
05:27:44.432 jbd2/nv        752     nvme1n1 WSM  878268888  4096      0.030
05:27:44.432 kworker        1787159 nvme1n1 WS   600241672  4096      0.032
05:27:44.432 jbd2/nv        752     nvme1n1 WSM  878268896  8192      0.030
05:27:44.433 jbd2/nv        752     nvme1n1 WSM  878268912  4096      0.026
05:27:44.433 dockerd        1436    nvme1n1 WSM  0          4096      0.084
05:27:44.433 dockerd        1436    nvme1n1 WSM  40         4096      0.088
05:27:44.433 dockerd        1436    nvme1n1 WSM  224        4096      0.090
05:27:44.433 dockerd        1436    nvme1n1 WSM  288        4096      0.092
05:27:44.433 dockerd        1436    nvme1n1 WSM  71303296   4096      0.098
05:27:44.433 dockerd        1436    nvme1n1 WSM  461373568  4096      0.098
05:27:44.433 dockerd        1436    nvme1n1 WSM  461373696  8192      0.098
05:27:44.433 dockerd        1436    nvme1n1 WSM  461374248  4096      0.099
05:27:44.433 dockerd        1436    nvme1n1 WSM  591396872  4096      0.103
05:27:44.433 dockerd        1436    nvme1n1 WSM  591671760  4096      0.104
05:27:44.433 dockerd        1436    nvme1n1 WSM  591672264  8192      0.107
05:27:44.433 dockerd        1436    nvme1n1 WSM  591672632  4096      0.111
05:27:44.433 dockerd        1436    nvme1n1 WSM  591672784  4096      0.112
05:27:44.433 dockerd        1436    nvme1n1 WSM  591673224  4096      0.112
05:27:44.433 dockerd        1436    nvme1n1 WSM  591673928  4096      0.114
05:27:44.433 dockerd        1436    nvme1n1 WSM  71303432   12288     0.124
05:27:44.433 dockerd        1436    nvme1n1 WSM  599785480  4096      0.043
05:27:44.433 dockerd        1436    nvme1n1 WSM  1493172480 8192      0.050
05:27:44.433 dockerd        1436    nvme1n1 WSM  1705582584 4096      0.051
05:27:44.433 dockerd        1436    nvme1n1 WSM  1705656312 4096      0.055
05:27:44.433 dockerd        1436    nvme1n1 WSM  1707589104 4096      0.056
05:27:44.433 dockerd        1436    nvme1n1 WS   1664203344 4096      0.031
05:27:44.433 jbd2/nv        752     nvme1n1 WSM  878268920  57344     0.071
05:27:44.433 jbd2/nv        752     nvme1n1 WSM  878269032  4096      0.030
05:27:44.433 dockerd        1436    nvme1n1 WS   1664203352 4096      0.028
05:27:44.434 jbd2/nv        752     nvme1n1 WSM  878269040  24576     0.045
05:27:44.434 jbd2/nv        752     nvme1n1 WSM  878269088  4096      0.025
05:27:44.439 dockerd        1436    nvme1n1 WS   722365008  4096      0.040
05:27:44.439 jbd2/nv        752     nvme1n1 WSM  878269096  90112     0.103
05:27:44.439 jbd2/nv        752     nvme1n1 WSM  878269272  4096      0.026
05:27:44.439 dockerd        1436    nvme1n1 WS   1528463896 4096      0.041
05:27:44.439 dockerd        1436    nvme1n1 WS   1531537488 4096      0.048
05:27:44.439 dockerd        1436    nvme1n1 WS   1757812088 4096      0.052
05:27:44.439 dockerd        1436    nvme1n1 WS   1757812104 4096      0.053
05:27:44.439 dockerd        1436    nvme1n1 WS   1323304    4096      0.027
05:27:44.440 contain        1195    nvme1n1 WS   1730873848 4096      0.048
05:27:44.440 contain        1195    nvme1n1 WS   1730873992 4096      0.056
05:27:44.440 contain        1195    nvme1n1 WS   1730874016 4096      0.061
05:27:44.440 contain        1195    nvme1n1 WS   1730874032 4096      0.066
05:27:44.440 contain        1195    nvme1n1 WS   1730874064 4096      0.067
05:27:44.440 contain        1195    nvme1n1 WS   1730874080 4096      0.068
05:27:44.440 contain        1195    nvme1n1 WS   1429520    4096      0.033
05:27:44.441 contain        1195    nvme1n1 WS   1730874088 4096      0.055
05:27:44.441 contain        1195    nvme1n1 WS   1730874120 8192      0.063
05:27:44.441 contain        1195    nvme1n1 WS   1730874248 4096      0.062
05:27:44.441 contain        1195    nvme1n1 WS   1730874280 8192      0.067
05:27:44.441 contain        1195    nvme1n1 WS   1730874144 12288     0.070
05:27:44.441 contain        1195    nvme1n1 WS   1429528    4096      0.028
05:27:44.441 contain        1195    nvme1n1 WS   1730873864 4096      0.047
05:27:44.441 contain        1195    nvme1n1 WS   1730874032 4096      0.055
05:27:44.441 contain        1195    nvme1n1 WS   1730874064 4096      0.060
05:27:44.441 contain        1195    nvme1n1 WS   1730874080 4096      0.061
05:27:44.441 contain        1195    nvme1n1 WS   1730874296 4096      0.062
05:27:44.441 contain        1195    nvme1n1 WS   1429520    4096      0.027
05:27:44.513 dockerd        1436    nvme1n1 W    600182192  4096      0.037
05:27:44.519 dockerd        1436    nvme1n1 WS   1757812072 8192      0.051
05:27:44.519 dockerd        1436    nvme1n1 WS   1757812096 4096      0.058
05:27:44.519 dockerd        1436    nvme1n1 WS   1757812112 4096      0.059
05:27:44.519 dockerd        1436    nvme1n1 WS   1323312    4096      0.028
05:27:44.519 dockerd        1436    nvme1n1 WS   1539981584 4096      0.040
05:27:44.519 dockerd        1436    nvme1n1 WS   1531537488 4096      0.044
05:27:44.519 dockerd        1436    nvme1n1 WS   1757812088 4096      0.051
05:27:44.519 dockerd        1436    nvme1n1 WS   1757812104 4096      0.052
05:27:44.519 dockerd        1436    nvme1n1 WS   1323304    4096      0.031
05:27:44.520 dockerd        1436    nvme1n1 W    1177185344 4096      0.038
05:27:44.521 dockerd        1436    nvme1n1 WS   1177185352 4096      0.034
05:27:44.521 jbd2/nv        752     nvme1n1 WSM  878269280  106496    0.118
05:27:44.521 jbd2/nv        752     nvme1n1 WSM  878269488  4096      0.027
05:27:44.521 dockerd        1436    nvme1n1 WS   1757812064 4096      0.049
05:27:44.521 dockerd        1436    nvme1n1 WS   1757812080 4096      0.058
05:27:44.521 dockerd        1436    nvme1n1 WS   1757812096 4096      0.059
05:27:44.521 dockerd        1436    nvme1n1 WS   1757812112 4096      0.060
05:27:44.521 dockerd        1436    nvme1n1 WS   1323312    4096      0.030
05:27:44.541 dockerd        1436    nvme1n1 WS   1528463896 4096      0.048
05:27:44.541 dockerd        1436    nvme1n1 WS   1531537488 4096      0.055
05:27:44.541 dockerd        1436    nvme1n1 WS   1757812088 4096      0.061
05:27:44.541 dockerd        1436    nvme1n1 WS   1757812104 4096      0.062
05:27:44.541 dockerd        1436    nvme1n1 WS   1323304    4096      0.028
05:27:44.541 dockerd        1436    nvme1n1 WS   1757812072 8192      0.042
05:27:44.541 dockerd        1436    nvme1n1 WS   1757812096 4096      0.049
05:27:44.541 dockerd        1436    nvme1n1 WS   1757812112 8192      0.053
05:27:44.541 dockerd        1436    nvme1n1 WS   1323312    4096      0.028
05:27:44.541 dockerd        1436    nvme1n1 WS   1177185360 4096      0.030
05:27:44.542 jbd2/nv        752     nvme1n1 WSM  878269496  57344     0.080
05:27:44.542 jbd2/nv        752     nvme1n1 WSM  878269608  4096      0.028
05:27:44.550 dockerd        1436    nvme1n1 WS   1498946528 4096      0.049
05:27:44.550 jbd2/nv        752     nvme1n1 WSM  878269616  49152     0.080
05:27:44.550 jbd2/nv        752     nvme1n1 WSM  878269712  4096      0.030
05:27:44.550 dockerd        1436    nvme1n1 WS   1498946536 4096      0.035
05:27:44.550 jbd2/nv        752     nvme1n1 WSM  878269720  49152     0.072
05:27:44.550 jbd2/nv        752     nvme1n1 WSM  878269816  4096      0.031
05:27:44.663 contain        1195    nvme1n1 WS   1429528    4096      0.053
05:27:44.811 nvme           1806565 Unknown N    -1         512       0.078
05:27:45.091 python3        1784368 nvme1n1 WS   1689264128 131072    0.185
05:27:45.091 python3        1784368 nvme1n1 WS   1689264384 131072    0.267
05:27:45.091 python3        1784368 nvme1n1 WS   1689264640 131072    0.319
05:27:45.091 python3        1784368 nvme1n1 WS   1689264896 131072    0.402
05:27:45.091 python3        1784368 nvme1n1 WS   1689265152 131072    0.478
05:27:45.091 python3        1784368 nvme1n1 WS   1689265408 131072    0.551
05:27:45.091 python3        1784368 nvme1n1 WS   1689265664 131072    0.628
05:27:45.091 python3        1784368 nvme1n1 WS   1689265920 131072    0.678
05:27:45.091 python3        1784368 nvme1n1 WS   1689266176 131072    0.754
05:27:45.091 python3        1784368 nvme1n1 WS   1689266432 131072    0.835
05:27:45.091 python3        1784368 nvme1n1 WS   1689266688 131072    0.915
05:27:45.092 python3        1784368 nvme1n1 WS   1689266944 131072    0.998
05:27:45.092 python3        1784368 nvme1n1 WS   1689267200 131072    1.077
05:27:45.092 python3        1784368 nvme1n1 WS   1689267456 131072    1.157
05:27:45.092 python3        1784368 nvme1n1 WS   1689267712 131072    1.237
05:27:45.092 python3        1784366 nvme1n1 WS   1689268224 131072    1.310
05:27:45.092 python3        1784366 nvme1n1 WS   1689268480 131072    1.383
05:27:45.092 python3        1784366 nvme1n1 WS   1689268736 131072    1.464
05:27:45.092 python3        1784366 nvme1n1 WS   1689268992 131072    1.542
05:27:45.092 python3        1784366 nvme1n1 WS   1689269248 131072    1.622
05:27:45.092 python3        1784366 nvme1n1 WS   1689269504 131072    1.704
05:27:45.092 python3        1784366 nvme1n1 WS   1689269760 131072    1.792
05:27:45.092 python3        1784368 nvme1n1 WS   1689267968 131072    1.893
05:27:45.093 python3        1784368 nvme1n1 WS   1689280512 131072    1.962
05:27:45.093 python3        1784368 nvme1n1 WS   1689280768 131072    2.038
05:27:45.093 python3        1784366 nvme1n1 WS   1689276416 131072    2.169
05:27:45.093 python3        1784366 nvme1n1 WS   1689276672 131072    2.194
05:27:45.093 python3        1784366 nvme1n1 WS   1689276928 131072    2.271
05:27:45.093 python3        1784368 nvme1n1 WS   1689272320 131072    2.361
05:27:45.093 python3        1784368 nvme1n1 WS   1689272576 131072    2.426
05:27:45.093 python3        1784366 nvme1n1 WS   1689277184 131072    2.498
05:27:45.093 python3        1784366 nvme1n1 WS   1689277440 131072    2.573
05:27:45.093 python3        1784366 nvme1n1 WS   1689277696 131072    2.646
05:27:45.093 python3        1784366 nvme1n1 WS   1689277952 131072    2.726
05:27:45.093 python3        1784366 nvme1n1 WS   1689278208 131072    2.801
05:27:45.093 python3        1784366 nvme1n1 WS   1689278464 131072    2.880
05:27:45.094 python3        1784366 nvme1n1 WS   1689278720 131072    2.958
05:27:45.094 python3        1784366 nvme1n1 WS   1689278976 16384     2.966
05:27:45.094 python3        1784368 nvme1n1 WS   1689272832 131072    3.077
05:27:45.094 python3        1784368 nvme1n1 WS   1689273088 131072    3.148
05:27:45.094 python3        1784368 nvme1n1 WS   1689273344 131072    3.222
05:27:45.094 python3        1784368 nvme1n1 WS   1689273600 131072    3.299
05:27:45.094 python3        1784368 nvme1n1 WS   1689273856 131072    3.373
05:27:45.094 python3        1784368 nvme1n1 WS   1689274112 131072    3.440
05:27:45.094 python3        1784368 nvme1n1 WS   1689274368 131072    3.518
05:27:45.094 python3        1784366 nvme1n1 WS   1689270016 131072    3.667
05:27:45.094 python3        1784366 nvme1n1 WS   1689270272 131072    3.693
05:27:45.094 python3        1784366 nvme1n1 WS   1689270528 131072    3.775
05:27:45.094 python3        1784366 nvme1n1 WS   1689270784 131072    3.850
05:27:45.095 python3        1784366 nvme1n1 WS   1689271040 131072    3.931
05:27:45.095 python3        1784366 nvme1n1 WS   1689271296 131072    4.011
05:27:45.095 python3        1784366 nvme1n1 WS   1689271552 131072    4.090
05:27:45.095 python3        1784366 nvme1n1 WS   1689271808 131072    4.168
05:27:45.095 python3        1784369 nvme1n1 WS   38088704   131072    4.307
05:27:45.095 python3        1784369 nvme1n1 WS   38088960   131072    4.337
05:27:45.095 python3        1784369 nvme1n1 WS   38089216   131072    4.412
05:27:45.095 python3        1784369 nvme1n1 WS   38089472   131072    4.489
05:27:45.095 python3        1784368 nvme1n1 WS   1689274624 131072    4.577
05:27:45.095 python3        1784368 nvme1n1 WS   1689274880 16384     4.586
05:27:45.095 python3        1784369 nvme1n1 WS   38089728   131072    4.656
05:27:45.095 python3        1784369 nvme1n1 WS   38089984   131072    4.735
05:27:45.095 python3        1784369 nvme1n1 WS   38090240   131072    4.814
05:27:45.096 python3        1784369 nvme1n1 WS   38090496   131072    4.886
05:27:45.096 python3        1784369 nvme1n1 WS   38090752   131072    4.965
05:27:45.096 python3        1784369 nvme1n1 WS   38091008   131072    5.043
05:27:45.096 python3        1784369 nvme1n1 WS   38091264   16384     5.052
05:27:45.096 python3        1784366 nvme1n1 WS   1689272064 131072    5.145
05:27:45.096 python3        1784366 nvme1n1 WS   1689288704 131072    5.221
05:27:45.096 python3        1784366 nvme1n1 WS   1689288960 131072    5.301
05:27:45.096 python3        1784367 nvme1n1 WS   1689284608 131072    5.388
05:27:45.096 python3        1784367 nvme1n1 WS   1689284864 131072    5.462
05:27:45.096 python3        1784367 nvme1n1 WS   1689285120 131072    5.537
05:27:45.096 python3        1784367 nvme1n1 WS   1689285376 131072    5.616
05:27:45.096 python3        1784367 nvme1n1 WS   1689285632 131072    5.698
05:27:45.096 python3        1784367 nvme1n1 WS   1689285888 131072    5.777
05:27:45.096 python3        1784367 nvme1n1 WS   1689286144 131072    5.851
05:27:45.097 python3        1784367 nvme1n1 WS   1689286400 131072    5.927
05:27:45.097 python3        1784367 nvme1n1 WS   1689286656 131072    6.004
05:27:45.097 python3        1784367 nvme1n1 WS   1689286912 131072    6.082
05:27:45.097 python3        1784369 nvme1n1 WS   1689522176 131072    6.186
05:27:45.097 python3        1784369 nvme1n1 WS   1689522432 131072    6.255
05:27:45.097 python3        1784369 nvme1n1 WS   1689522688 131072    6.328
05:27:45.097 python3        1784369 nvme1n1 WS   1689522944 131072    6.403
05:27:45.097 python3        1784367 nvme1n1 WS   1689287168 16384     6.409
05:27:45.097 python3        1784369 nvme1n1 WS   1689523200 131072    6.510
05:27:45.097 python3        1784369 nvme1n1 WS   1689523456 131072    6.588
05:27:45.097 python3        1784369 nvme1n1 WS   1689523712 131072    6.669
05:27:45.097 python3        1784369 nvme1n1 WS   1689523968 131072    6.723
05:27:45.098 python3        1784369 nvme1n1 WS   1689524224 131072    6.800
05:27:45.098 python3        1784369 nvme1n1 WS   1689524480 131072    6.875
05:27:45.098 python3        1784369 nvme1n1 WS   1689524736 131072    6.953
05:27:45.098 python3        1784369 nvme1n1 WS   1689524992 131072    7.026
05:27:45.098 python3        1784367 nvme1n1 WS   38191104   131072    7.155
05:27:45.098 python3        1784367 nvme1n1 WS   38191360   131072    7.224
05:27:45.098 python3        1784367 nvme1n1 WS   38191616   131072    7.306
05:27:45.098 python3        1784367 nvme1n1 WS   38191872   131072    7.382
05:27:45.098 python3        1784367 nvme1n1 WS   38192128   131072    7.464
05:27:45.098 python3        1784367 nvme1n1 WS   38192384   131072    7.544
05:27:45.098 python3        1784367 nvme1n1 WS   38192640   131072    7.622
05:27:45.098 python3        1784367 nvme1n1 WS   38192896   131072    7.685
05:27:45.098 python3        1784367 nvme1n1 WS   38193152   131072    7.765
05:27:45.099 python3        1784367 nvme1n1 WS   38193408   131072    7.842
05:27:45.099 python3        1784367 nvme1n1 WS   38193664   131072    7.921
05:27:45.099 python3        1784367 nvme1n1 WS   38193920   131072    7.996
05:27:45.099 python3        1784367 nvme1n1 WS   38194176   131072    8.077
05:27:45.099 python3        1784367 nvme1n1 WS   38194432   131072    8.154
05:27:45.099 python3        1784367 nvme1n1 WS   38194688   131072    8.236
05:27:45.099 python3        1784367 nvme1n1 WS   38194944   131072    8.303
05:27:45.099 python3        1784367 nvme1n1 WS   38195200   131072    8.378
05:27:45.099 python3        1784367 nvme1n1 WS   38195456   131072    8.460
05:27:45.099 python3        1784369 nvme1n1 WS   1689525248 131072    8.570
05:27:45.099 python3        1784369 nvme1n1 WS   1689525504 131072    8.646
05:27:45.099 python3        1784369 nvme1n1 WS   1689525760 131072    8.723
05:27:45.100 python3        1784369 nvme1n1 WS   1689526016 131072    8.778
05:27:45.100 python3        1784369 nvme1n1 WS   1689526272 131072    8.851
05:27:45.100 python3        1784369 nvme1n1 WS   1689526528 131072    8.931
05:27:45.312 kworker        1696237 nvme0n1 W    15716720   4096      0.450
05:27:45.797 amoprof        1787544 nvme1n1 W    1177035352 4096      0.059
