TIMESTAMP    COMM           PID     DISK    T    SECTOR     BYTES   LAT(ms)
01:51:07.916 nvme           1578476 Unknown N    -1         512       0.035
01:51:08.918 nvme           1578541 Unknown N    -1         512       0.086
01:51:09.216 kworker        1473701 nvme1n1 W    1625052920 4096      0.052
01:51:09.729 jbd2/nv        752     nvme1n1 WSM  877642944  4096      0.060
01:51:09.729 jbd2/nv        752     nvme1n1 WSM  877642688  131072    0.152
01:51:09.729 jbd2/nv        752     nvme1n1 WSM  877642952  4096      0.029
01:51:09.920 nvme           1578550 Unknown N    -1         512       0.027
01:51:10.835 jbd2/nv        391     nvme0n1 WSM  4310808    32768     1.253
01:51:10.836 jbd2/nv        391     nvme0n1 WSM  4310872    4096      0.888
01:51:10.923 nvme           1578560 Unknown N    -1         512       0.094
01:51:11.777 kworker        1569465 nvme0n1 WM   2099224    4096      1.005
01:51:11.777 kworker        1569465 nvme0n1 WM   6310376    4096      1.030
01:51:11.777 kworker        1569465 nvme0n1 WM   2102880    4096      1.078
01:51:11.777 kworker        1569465 nvme0n1 WM   2103000    4096      1.080
01:51:11.777 kworker        1569465 nvme0n1 WM   6309888    4096      1.089
01:51:11.777 kworker        1569465 nvme0n1 WM   9089776    4096      1.089
01:51:11.777 kworker        1569465 nvme0n1 WM   6310504    4096      1.092
01:51:11.777 kworker        1569465 nvme0n1 WM   14682128   4096      1.093
01:51:11.777 kworker        1569465 nvme0n1 WM   2099200    8192      1.142
01:51:11.777 kworker        1569465 nvme0n1 WM   10488672   4096      1.139
01:51:11.777 kworker        1569465 nvme0n1 WM   19142624   4096      1.141
01:51:11.777 kworker        1569465 nvme0n1 WM   35653696   4096      1.142
01:51:11.925 nvme           1578564 Unknown N    -1         512       0.094
01:51:12.927 nvme           1578568 Unknown N    -1         512       0.028
01:51:13.930 nvme           1578588 Unknown N    -1         512       0.079
01:51:14.336 kworker        1473701 nvme1n1 W    1639454920 8192      0.114
01:51:14.336 kworker        1473701 nvme1n1 WM   0          4096      0.116
01:51:14.336 kworker        1473701 nvme1n1 WM   776        4096      0.116
01:51:14.336 kworker        1473701 nvme1n1 WM   587202576  4096      0.117
01:51:14.336 kworker        1473701 nvme1n1 WM   591397008  4096      0.118
01:51:14.336 kworker        1473701 nvme1n1 WM   1484783656 8192      0.121
01:51:14.336 kworker        1473701 nvme1n1 WM   1484783728 4096      0.123
01:51:14.336 kworker        1473701 nvme1n1 WM   1493844928 4096      0.123
01:51:14.336 kworker        1473701 nvme1n1 WM   1497366536 4096      0.123
01:51:14.336 kworker        1473701 nvme1n1 WM   1497691296 4096      0.123
01:51:14.336 kworker        1473701 nvme1n1 WM   1497691336 4096      0.126
01:51:14.336 kworker        1473701 nvme1n1 W    591778040  49152     0.160
01:51:14.336 kworker        1473701 nvme1n1 WM   712        12288     0.166
01:51:14.336 kworker        1473701 nvme1n1 WM   591407968  53248     0.196
01:51:14.336 kworker        1473701 nvme1n1 WM   591408112  65536     0.236
01:51:14.336 kworker        1473701 nvme1n1 WM   1497691360 16384     0.244
01:51:14.337 kworker        1473701 nvme1n1 WM   1522532456 4096      0.084
01:51:14.337 kworker        1473701 nvme1n1 WM   1623195704 4096      0.086
01:51:14.337 kworker        1473701 nvme1n1 WM   1756827520 4096      0.087
01:51:14.337 kworker        1473701 nvme1n1 WM   1756912096 8192      0.089
01:51:14.337 kworker        1473701 nvme1n1 WM   1497691648 20480     0.094
01:51:14.337 kworker        1473701 nvme1n1 W    591778136  53248     0.094
01:51:14.337 kworker        1473701 nvme1n1 W    591775856  131072    0.188
01:51:14.337 kworker        1473701 nvme1n1 W    591776112  61440     0.210
01:51:14.337 kworker        1473701 nvme1n1 W    591778240  32768     0.231
01:51:14.337 kworker        1473701 nvme1n1 W    591776232  131072    0.310
01:51:14.337 kworker        1569465 nvme0n1 W    37875344   8192      1.057
01:51:14.337 kworker        1473701 nvme1n1 W    591776488  90112     0.364
01:51:14.337 kworker        1473701 nvme1n1 W    1486355024 77824     0.412
01:51:14.337 kworker        1473701 nvme1n1 W    591778304  45056     0.439
01:51:14.932 nvme           1578597 Unknown N    -1         512       0.032
01:51:15.195 jbd2/nv        752     nvme1n1 WSM  877642960  77824     0.114
01:51:15.195 jbd2/nv        752     nvme1n1 WSM  877643112  4096      0.031
01:51:15.934 nvme           1578601 Unknown N    -1         512       0.076
01:51:16.936 nvme           1578611 Unknown N    -1         512       0.033
01:51:17.923 amoprof        1271097 nvme1n1 W    587812120  4096      0.057
