TIMESTAMP    COMM           PID     DISK    T    SECTOR     BYTES   LAT(ms)
02:00:20.920 nvme           1591492 Unknown N    -1         512       0.034
02:00:21.923 nvme           1591505 Unknown N    -1         512       0.090
02:00:22.925 nvme           1591509 Unknown N    -1         512       0.090
02:00:23.712 jbd2/nv        752     nvme1n1 WSM  877659464  102400    0.136
02:00:23.712 jbd2/nv        752     nvme1n1 WSM  877659664  4096      0.031
02:00:23.927 nvme           1591523 Unknown N    -1         512       0.084
02:00:24.929 nvme           1591538 Unknown N    -1         512       0.081
02:00:25.932 nvme           1591542 Unknown N    -1         512       0.031
02:00:26.425 ssm-doc        1590909 nvme0n1 W    36951288   4096      0.909
02:00:26.426 ssm-doc        1590909 nvme0n1 W    36951296   4096      0.900
02:00:26.427 ssm-doc        1590909 nvme0n1 W    36951304   4096      0.833
02:00:26.428 ssm-doc        1590909 nvme0n1 W    36951312   4096      0.812
02:00:26.429 ssm-doc        1590909 nvme0n1 W    36951320   4096      0.846
02:00:26.430 ssm-age        241847  nvme0n1 W    32607472   4096      0.973
02:00:26.511 ssm-age        241847  nvme0n1 RM   19271392   4096      0.578
02:00:26.512 ssm-age        241847  nvme0n1 RM   19273224   4096      0.603
02:00:26.513 ssm-age        241847  nvme0n1 RM   19243056   4096      0.508
02:00:26.934 nvme           1591546 Unknown N    -1         512       0.028
02:00:27.297 kworker        1578934 nvme1n1 WM   0          4096      0.104
02:00:27.297 kworker        1578934 nvme1n1 WM   720        4096      0.108
02:00:27.297 kworker        1578934 nvme1n1 WM   736        4096      0.110
02:00:27.297 kworker        1578934 nvme1n1 WM   776        8192      0.110
02:00:27.297 kworker        1578934 nvme1n1 WM   461373728  4096      0.116
02:00:27.297 kworker        1578934 nvme1n1 WM   583015744  4096      0.118
02:00:27.297 kworker        1578934 nvme1n1 WM   587202576  4096      0.119
02:00:27.297 kworker        1578934 nvme1n1 WM   591397016  4096      0.120
02:00:27.297 kworker        1578934 nvme1n1 W    1574120288 102400    0.197
02:00:27.297 kworker        1578934 nvme1n1 W    591906384  131072    0.278
02:00:27.297 kworker        1578934 nvme1n1 W    591906640  61440     0.313
02:00:27.297 kworker        1578934 nvme1n1 W    1574120488 32768     0.332
02:00:27.297 kworker        1578934 nvme1n1 W    591906760  131072    0.410
02:00:27.297 kworker        1578934 nvme1n1 W    591907016  90112     0.470
02:00:27.297 kworker        1578934 nvme1n1 W    1486298416 77824     0.515
02:00:27.297 kworker        1578934 nvme1n1 W    1574120552 45056     0.542
02:00:27.297 kworker        1578934 nvme1n1 WM   1485058520 4096      0.156
02:00:27.297 kworker        1578934 nvme1n1 WM   1493844928 4096      0.162
02:00:27.297 kworker        1578934 nvme1n1 WM   1497366536 4096      0.165
02:00:27.297 kworker        1578934 nvme1n1 WM   1497693096 8192      0.173
02:00:27.297 kworker        1578934 nvme1n1 WM   1530921080 4096      0.173
02:00:27.297 kworker        1578934 nvme1n1 WM   1623195704 4096      0.175
02:00:27.297 kworker        1578934 nvme1n1 WM   1635778672 4096      0.177
02:00:27.297 kworker        1578934 nvme1n1 WM   1639972880 4096      0.178
02:00:27.297 kworker        1578934 nvme1n1 WM   591409904  53248     0.210
02:00:27.297 kworker        1578934 nvme1n1 WM   591410064  57344     0.247
02:00:27.297 kworker        1578934 nvme1n1 WM   1497693120 20480     0.256
02:00:27.297 kworker        1578934 nvme1n1 WM   1497693256 16384     0.267
02:00:27.297 kworker        1578934 nvme1n1 WM   1756866808 4096      0.077
02:00:27.297 kworker        1578934 nvme1n1 WM   1756887712 4096      0.081
02:00:27.297 kworker        1578934 nvme1n1 WM   1756887776 4096      0.082
02:00:27.936 nvme           1591556 Unknown N    -1         512       0.034
02:00:28.938 nvme           1591570 Unknown N    -1         512       0.087
02:00:29.205 jbd2/nv        752     nvme1n1 WSM  877659672  61440     0.103
02:00:29.205 jbd2/nv        752     nvme1n1 WSM  877659792  4096      0.030
02:00:29.940 nvme           1591579 Unknown N    -1         512       0.033
02:00:30.927 amoprof        1271097 nvme1n1 W    587758952  4096      0.063
