TIMESTAMP    COMM           PID     DISK    T    SECTOR     BYTES   LAT(ms)
05:38:52.022 nvme           1833377 Unknown N    -1         512       0.034
05:38:52.141 ib_log_        125924  nvme1n1 WS   1738279048 4096      0.050
05:38:52.233 python3        1784368 nvme1n1 WS   1572093952 131072    0.195
05:38:52.233 python3        1784369 nvme1n1 WS   1572036608 131072    0.290
05:38:52.234 python3        1784369 nvme1n1 WS   1572036864 131072    0.349
05:38:52.234 python3        1784369 nvme1n1 WS   1572037120 131072    0.408
05:38:52.234 python3        1784368 nvme1n1 WS   1572094208 131072    0.504
05:38:52.234 python3        1784368 nvme1n1 WS   1572094464 131072    0.574
05:38:52.234 python3        1784369 nvme1n1 WS   1572037376 131072    0.683
05:38:52.234 python3        1784369 nvme1n1 WS   1572037632 131072    0.734
05:38:52.234 python3        1784369 nvme1n1 WS   1572037888 131072    0.806
05:38:52.234 python3        1784369 nvme1n1 WS   1572038144 131072    0.888
05:38:52.234 python3        1784369 nvme1n1 WS   1572038400 131072    0.949
05:38:52.234 python3        1784368 nvme1n1 WS   1572094720 131072    1.062
05:38:52.234 python3        1784368 nvme1n1 WS   1572094976 131072    1.142
05:38:52.234 python3        1784368 nvme1n1 WS   1572095232 131072    1.225
05:38:52.235 python3        1784368 nvme1n1 WS   1572095488 131072    1.310
05:38:52.235 python3        1784368 nvme1n1 WS   1572095744 131072    1.364
05:38:52.235 python3        1784369 nvme1n1 WS   1572040704 131072    1.470
05:38:52.235 python3        1784369 nvme1n1 WS   1572040960 131072    1.541
05:38:52.235 python3        1784369 nvme1n1 WS   1572041216 131072    1.620
05:38:52.235 python3        1784369 nvme1n1 WS   1572041472 131072    1.699
05:38:52.235 python3        1784369 nvme1n1 WS   1572041728 131072    1.780
05:38:52.235 python3        1784369 nvme1n1 WS   1572038656 131072    1.865
05:38:52.235 python3        1784369 nvme1n1 WS   1572038912 131072    1.944
05:38:52.235 python3        1784369 nvme1n1 WS   1572039168 131072    2.025
05:38:52.235 python3        1784369 nvme1n1 WS   1572039424 131072    2.111
05:38:52.235 python3        1784369 nvme1n1 WS   1572039680 131072    2.185
05:38:52.235 python3        1784369 nvme1n1 WS   1572039936 131072    2.259
05:38:52.236 python3        1784369 nvme1n1 WS   1572040192 131072    2.333
05:38:52.236 python3        1784369 nvme1n1 WS   1572041984 131072    2.425
05:38:52.236 python3        1784369 nvme1n1 WS   1572042240 131072    2.501
05:38:52.236 python3        1784368 nvme1n1 WS   1572096000 131072    2.580
05:38:52.236 python3        1784368 nvme1n1 WS   1572096256 131072    2.653
05:38:52.236 python3        1784368 nvme1n1 WS   1572096512 131072    2.729
05:38:52.236 python3        1784368 nvme1n1 WS   1572096768 131072    2.807
05:38:52.236 python3        1784368 nvme1n1 WS   1572097024 131072    2.879
05:38:52.236 python3        1784368 nvme1n1 WS   1572097280 131072    2.956
05:38:52.236 python3        1784368 nvme1n1 WS   1572097536 131072    3.029
05:38:52.236 python3        1784369 nvme1n1 WS   1572042496 131072    3.104
05:38:52.236 python3        1784369 nvme1n1 WS   1572042752 131072    3.177
05:38:52.237 python3        1784369 nvme1n1 WS   1572043008 131072    3.261
05:38:52.237 python3        1784369 nvme1n1 WS   1572043264 131072    3.328
05:38:52.237 python3        1784369 nvme1n1 WS   1572040448 131072    3.407
05:38:52.237 python3        1784368 nvme1n1 WS   1572097792 131072    3.484
05:38:52.237 python3        1784369 nvme1n1 WS   1571848192 131072    3.562
05:38:52.237 python3        1784369 nvme1n1 WS   1571848448 131072    3.638
05:38:52.237 python3        1784368 nvme1n1 WS   1572098048 131072    3.720
05:38:52.237 python3        1784368 nvme1n1 WS   1572098304 131072    3.794
05:38:52.237 python3        1784369 nvme1n1 WS   1572043520 131072    3.874
05:38:52.237 python3        1784369 nvme1n1 WS   1572043776 131072    3.947
05:38:52.237 python3        1784369 nvme1n1 WS   1572044032 131072    4.023
05:38:52.237 python3        1784369 nvme1n1 WS   1572044288 131072    4.097
05:38:52.237 python3        1784369 nvme1n1 WS   1572044544 131072    4.163
05:38:52.238 python3        1784369 nvme1n1 WS   1572044800 131072    4.236
05:38:52.238 python3        1784369 nvme1n1 WS   1572045056 131072    4.312
05:38:52.238 python3        1784367 nvme1n1 WS   1581121536 131072    4.387
05:38:52.238 python3        1784367 nvme1n1 WS   1581121792 131072    4.454
05:38:52.238 python3        1784367 nvme1n1 WS   1581122048 131072    4.528
05:38:52.238 python3        1784367 nvme1n1 WS   1581122304 131072    4.603
05:38:52.238 python3        1784367 nvme1n1 WS   1581122560 131072    4.679
05:38:52.238 python3        1784367 nvme1n1 WS   1581122816 131072    4.755
05:38:52.238 python3        1784367 nvme1n1 WS   1581123072 131072    4.828
05:38:52.238 python3        1784366 nvme1n1 WS   1581125632 131072    4.919
05:38:52.238 python3        1784366 nvme1n1 WS   1581125888 131072    4.988
05:38:52.238 python3        1784366 nvme1n1 WS   1581126144 131072    5.062
05:38:52.238 python3        1784366 nvme1n1 WS   1581126400 131072    5.136
05:38:52.239 python3        1784366 nvme1n1 WS   1581126656 131072    5.212
05:38:52.239 python3        1784366 nvme1n1 WS   1581126912 131072    5.289
05:38:52.239 python3        1784366 nvme1n1 WS   1581127168 131072    5.363
05:38:52.239 python3        1784366 nvme1n1 WS   1581127424 131072    5.422
05:38:52.239 python3        1784366 nvme1n1 WS   1581127680 131072    5.504
05:38:52.239 python3        1784366 nvme1n1 WS   1581127936 131072    5.580
05:38:52.239 python3        1784366 nvme1n1 WS   1581128192 131072    5.658
05:38:52.239 python3        1784366 nvme1n1 WS   1581128448 131072    5.735
05:38:52.239 python3        1784366 nvme1n1 WS   1581128704 131072    5.812
05:38:52.239 python3        1784366 nvme1n1 WS   1581128960 131072    5.889
05:38:52.239 python3        1784367 nvme1n1 WS   1581123328 131072    5.994
05:38:52.239 python3        1784367 nvme1n1 WS   1581123584 131072    6.073
05:38:52.239 python3        1784367 nvme1n1 WS   1581123840 131072    6.150
05:38:52.240 python3        1784367 nvme1n1 WS   1581124096 131072    6.226
05:38:52.240 python3        1784367 nvme1n1 WS   1581124352 131072    6.302
05:38:52.240 python3        1784367 nvme1n1 WS   1581124608 131072    6.379
05:38:52.240 python3        1784367 nvme1n1 WS   1581124864 131072    6.459
05:38:52.240 python3        1784367 nvme1n1 WS   1581125120 131072    6.535
05:38:52.240 python3        1784366 nvme1n1 WS   1581129216 131072    6.605
05:38:52.240 python3        1784366 nvme1n1 WS   1581129472 131072    6.663
05:38:52.240 python3        1784366 nvme1n1 WS   1581133824 131072    6.743
05:38:52.240 python3        1784366 nvme1n1 WS   1581134080 131072    6.855
05:38:52.240 python3        1784367 nvme1n1 WS   1581125376 131072    6.958
05:38:52.240 python3        1784367 nvme1n1 WS   1581129728 131072    7.036
05:38:52.240 python3        1784367 nvme1n1 WS   1581129984 131072    7.116
05:38:52.241 python3        1784366 nvme1n1 WS   1571852288 131072    7.264
05:38:52.241 python3        1784366 nvme1n1 WS   1571852544 131072    7.285
05:38:52.241 python3        1784366 nvme1n1 WS   1571852800 131072    7.350
05:38:52.241 python3        1784366 nvme1n1 WS   1571853056 131072    7.426
05:38:52.241 python3        1784366 nvme1n1 WS   1571853312 131072    7.503
05:38:52.241 python3        1784366 nvme1n1 WS   1571853568 131072    7.578
05:38:52.241 python3        1784366 nvme1n1 WS   1571853824 131072    7.656
05:38:52.241 python3        1784367 nvme1n1 WS   1572102144 131072    7.762
05:38:52.241 python3        1784367 nvme1n1 WS   1572102400 131072    7.829
05:38:52.241 python3        1784367 nvme1n1 WS   1572102656 131072    7.906
05:38:52.241 python3        1784367 nvme1n1 WS   1572102912 131072    7.983
05:38:52.241 python3        1784367 nvme1n1 WS   1572103168 131072    8.059
05:38:52.242 python3        1784367 nvme1n1 WS   1572103424 131072    8.137
05:38:52.242 python3        1784367 nvme1n1 WS   1572103680 131072    8.214
05:38:52.242 python3        1784366 nvme1n1 WS   1571854080 131072    8.279
05:38:52.242 python3        1784366 nvme1n1 WS   1571854336 131072    8.355
05:38:52.242 python3        1784366 nvme1n1 WS   1571854592 131072    8.436
05:38:52.242 python3        1784366 nvme1n1 WS   1571854848 131072    8.511
05:38:52.242 python3        1784366 nvme1n1 WS   1571855104 131072    8.592
05:38:52.242 python3        1784366 nvme1n1 WS   1571855360 131072    8.671
05:38:52.242 python3        1784366 nvme1n1 WS   1571855616 131072    8.750
05:38:52.242 python3        1784366 nvme1n1 WS   1571855872 131072    8.826
05:38:52.242 python3        1784366 nvme1n1 WS   1571856128 131072    8.891
05:38:52.242 python3        1784366 nvme1n1 WS   1571856384 131072    8.968
05:38:52.243 python3        1784366 nvme1n1 WS   1571856640 131072    9.045
05:38:52.243 python3        1784367 nvme1n1 WS   1572103936 131072    9.162
05:38:52.243 python3        1784367 nvme1n1 WS   1572104192 131072    9.239
05:38:52.243 python3        1784367 nvme1n1 WS   1572104448 131072    9.314
05:38:52.243 python3        1784367 nvme1n1 WS   1572104704 131072    9.388
05:38:52.243 python3        1784367 nvme1n1 WS   1572104960 131072    9.462
05:38:52.243 python3        1784367 nvme1n1 WS   1572105216 131072    9.537
05:38:52.243 python3        1784367 nvme1n1 WS   1572105472 131072    9.612
05:38:52.243 python3        1784367 nvme1n1 WS   1572105728 131072    9.689
05:38:52.243 python3        1784367 nvme1n1 WS   1572105984 131072    9.757
05:38:52.243 python3        1784367 nvme1n1 WS   1572106240 131072    9.833
05:38:52.243 python3        1784367 nvme1n1 WS   1572106496 131072    9.912
05:38:52.243 python3        1784368 nvme1n1 WS   1572048896 131072    9.993
05:38:52.244 python3        1784368 nvme1n1 WS   1572049152 131072   10.063
05:38:52.244 python3        1784368 nvme1n1 WS   1572049408 131072   10.139
05:38:52.244 python3        1784368 nvme1n1 WS   1572049664 131072   10.212
05:38:52.244 python3        1784368 nvme1n1 WS   1572049920 131072   10.285
05:38:52.244 python3        1784368 nvme1n1 WS   1572050176 131072   10.358
05:38:52.244 python3        1784368 nvme1n1 WS   1572050432 131072   10.431
05:38:52.244 python3        1784368 nvme1n1 WS   1581137920 131072   10.509
05:38:52.244 python3        1784368 nvme1n1 WS   1581138176 131072   10.580
05:38:52.244 python3        1784368 nvme1n1 WS   1581138432 131072   10.659
05:38:52.244 python3        1784368 nvme1n1 WS   1581138688 131072   10.738
05:38:52.244 python3        1784368 nvme1n1 WS   1581138944 131072   10.814
05:38:52.244 python3        1784368 nvme1n1 WS   1581139200 131072   10.895
05:38:52.244 python3        1784368 nvme1n1 WS   1581139456 131072   10.972
05:38:52.245 python3        1784368 nvme1n1 WS   1581139712 131072   11.032
05:38:52.245 python3        1784368 nvme1n1 WS   1572050688 131072   11.130
05:38:52.245 python3        1784368 nvme1n1 WS   1572050944 131072   11.206
05:38:52.245 python3        1784368 nvme1n1 WS   1572051200 131072   11.280
05:38:52.245 python3        1784368 nvme1n1 WS   1572051456 131072   11.360
05:38:52.245 python3        1784367 nvme1n1 WS   1581142016 131072   11.436
05:38:52.245 python3        1784368 nvme1n1 WS   1572051712 131072   11.514
05:38:52.245 python3        1784367 nvme1n1 WS   1719328768 131072   11.610
05:38:52.245 python3        1784367 nvme1n1 WS   1719329024 16384    11.645
05:38:52.245 python3        1784369 nvme1n1 WS   1571860480 131072   11.726
05:38:52.245 python3        1784369 nvme1n1 WS   1571860736 131072   11.799
05:38:52.245 python3        1784369 nvme1n1 WS   1571860992 131072   11.875
05:38:52.245 python3        1784369 nvme1n1 WS   1571861248 131072   11.954
05:38:52.246 python3        1784369 nvme1n1 WS   1571861504 131072   12.028
05:38:52.246 python3        1784369 nvme1n1 WS   1571861760 131072   12.107
05:38:52.246 python3        1784369 nvme1n1 WS   1571862016 131072   12.186
05:38:52.246 python3        1784369 nvme1n1 WS   1571862272 131072   12.246
05:38:52.246 python3        1784369 nvme1n1 WS   1571862528 131072   12.323
05:38:52.246 python3        1784369 nvme1n1 WS   1571862784 131072   12.402
05:38:52.246 python3        1784369 nvme1n1 WS   1571863040 131072   12.481
05:38:52.246 python3        1784369 nvme1n1 WS   1571863296 131072   12.561
05:38:52.246 python3        1784369 nvme1n1 WS   1571863552 131072   12.638
05:38:52.246 python3        1784369 nvme1n1 WS   1571863808 131072   12.713
05:38:52.246 python3        1784369 nvme1n1 WS   1571864064 131072   12.791
05:38:52.247 python3        1784368 nvme1n1 WS   1581139968 131072   12.985
05:38:52.247 python3        1784368 nvme1n1 WS   1581140224 131072   13.007
05:38:52.247 python3        1784368 nvme1n1 WS   1581140480 131072   13.072
05:38:52.247 python3        1784368 nvme1n1 WS   1581140736 131072   13.151
05:38:52.247 python3        1784368 nvme1n1 WS   1581140992 131072   13.226
05:38:52.247 python3        1784368 nvme1n1 WS   1581141248 131072   13.305
05:38:52.247 python3        1784368 nvme1n1 WS   1581141504 131072   13.382
05:38:52.247 python3        1784368 nvme1n1 WS   1581141760 131072   13.446
05:38:52.247 python3        1784368 nvme1n1 WS   1581146112 131072   13.524
05:38:52.247 python3        1784368 nvme1n1 WS   1581146368 131072   13.603
05:38:52.247 python3        1784368 nvme1n1 WS   1572051968 131072   13.791
05:38:52.247 python3        1784367 nvme1n1 WS   1581142272 131072   13.805
05:38:52.247 python3        1784367 nvme1n1 WS   1581142528 131072   13.878
05:38:52.247 python3        1784368 nvme1n1 WS   1572052224 131072   13.955
05:38:52.248 python3        1784368 nvme1n1 WS   1572052480 131072   14.031
05:38:52.248 python3        1784367 nvme1n1 WS   1581142784 131072   14.108
05:38:52.248 python3        1784367 nvme1n1 WS   1581143040 131072   14.181
05:38:52.248 python3        1784367 nvme1n1 WS   1581143296 131072   14.254
05:38:52.248 python3        1784367 nvme1n1 WS   1581143552 131072   14.333
05:38:52.248 python3        1784368 nvme1n1 WS   1572052736 131072   14.408
05:38:52.248 python3        1784368 nvme1n1 WS   1572052992 131072   14.486
05:38:52.248 python3        1784368 nvme1n1 WS   1572053248 131072   14.561
05:38:52.248 python3        1784367 nvme1n1 WS   1581143808 131072   14.626
05:38:52.248 python3        1784367 nvme1n1 WS   1581144064 131072   14.706
05:38:52.248 python3        1784369 nvme1n1 WS   1719345664 131072   14.829
05:38:52.248 python3        1784369 nvme1n1 WS   1719345920 16384    14.834
05:38:52.248 python3        1784367 nvme1n1 WS   1581144320 131072   14.868
05:38:52.249 python3        1784367 nvme1n1 WS   1581144576 131072   14.950
05:38:52.249 python3        1784367 nvme1n1 WS   1581144832 131072   15.027
05:38:52.249 python3        1784367 nvme1n1 WS   1581145088 131072   15.105
05:38:52.249 python3        1784367 nvme1n1 WS   1581145344 131072   15.183
05:38:52.249 python3        1784367 nvme1n1 WS   1581145600 131072   15.261
05:38:52.249 python3        1784367 nvme1n1 WS   1581145856 131072   15.333
05:38:52.249 python3        1784367 nvme1n1 WS   1581154304 131072   15.403
05:38:52.249 python3        1784367 nvme1n1 WS   1581154560 131072   15.484
05:38:52.249 python3        1784369 nvme1n1 WS   1571864320 131072   15.597
05:38:52.249 python3        1784369 nvme1n1 WS   1571864576 131072   15.674
05:38:52.249 python3        1784369 nvme1n1 WS   1571864832 131072   15.756
05:38:52.250 python3        1784366 nvme1n1 WS   1581150208 131072   15.878
05:38:52.250 python3        1784366 nvme1n1 WS   1581150464 131072   15.898
05:38:52.250 python3        1784366 nvme1n1 WS   1581150720 131072   15.961
05:38:52.250 python3        1784366 nvme1n1 WS   1581150976 131072   16.036
05:38:52.250 python3        1784366 nvme1n1 WS   1581151232 131072   16.109
05:38:52.250 python3        1784366 nvme1n1 WS   1581151488 131072   16.186
05:38:52.250 python3        1784366 nvme1n1 WS   1581151744 131072   16.267
05:38:52.250 python3        1784368 nvme1n1 WS   1719350272 131072   16.360
05:38:52.250 python3        1784368 nvme1n1 WS   1719350528 16384    16.373
05:38:52.250 python3        1784366 nvme1n1 WS   1719353856 131072   16.498
05:38:52.250 python3        1784366 nvme1n1 WS   1719354112 16384    16.502
05:38:52.250 python3        1784366 nvme1n1 WS   1581152000 131072   16.517
05:38:52.250 python3        1784366 nvme1n1 WS   1581152256 131072   16.592
05:38:52.250 python3        1784366 nvme1n1 WS   1581152512 131072   16.670
05:38:52.250 python3        1784366 nvme1n1 WS   1581152768 131072   16.745
05:38:52.251 python3        1784366 nvme1n1 WS   1581153024 131072   16.822
05:38:52.251 python3        1784366 nvme1n1 WS   1581153280 131072   16.899
05:38:52.251 python3        1784366 nvme1n1 WS   1581153536 131072   16.977
05:38:52.251 python3        1784366 nvme1n1 WS   1581153792 131072   17.056
05:38:52.251 python3        1784366 nvme1n1 WS   1581154048 131072   17.123
05:38:52.251 python3        1784366 nvme1n1 WS   1581158400 131072   17.203
05:38:52.251 python3        1784366 nvme1n1 WS   1581158656 131072   17.279
05:38:52.256 ib_pg_f        125924  nvme1n1 WS   1740046336 131072    0.170
05:38:52.256 ib_pg_f        125924  nvme1n1 WS   1740046592 131072    0.238
05:38:52.256 ib_pg_f        125924  nvme1n1 WS   1740046848 131072    0.317
05:38:52.256 ib_pg_f        125924  nvme1n1 WS   1740047104 131072    0.391
05:38:52.256 ib_pg_f        125924  nvme1n1 WS   1740047360 131072    0.470
05:38:52.256 ib_pg_f        125924  nvme1n1 WS   1740047616 131072    0.550
05:38:52.257 ib_pg_f        125924  nvme1n1 WS   1740047872 114688    0.619
05:38:52.257 ib_pg_f        125924  nvme1n1 WS   1740411104 16384     0.044
05:38:52.257 ib_pg_f        125924  nvme1n1 WS   1740107136 16384     0.049
05:38:52.257 ib_pg_f        125924  nvme1n1 WS   1740411072 16384     0.059
05:38:52.257 ib_pg_f        125924  nvme1n1 WS   1740107200 16384     0.077
05:38:52.257 ib_pg_f        125924  nvme1n1 WS   1740414464 16384     0.085
05:38:52.257 ib_pg_f        125924  nvme1n1 WS   1740107232 16384     0.094
05:38:52.257 ib_pg_f        125924  nvme1n1 WS   1740405920 16384     0.105
05:38:52.257 ib_pg_f        125924  nvme1n1 WS   1740107264 16384     0.102
05:38:52.257 ib_pg_f        125924  nvme1n1 WS   1740405984 16384     0.106
05:38:52.257 ib_pg_f        125924  nvme1n1 WS   1740107296 16384     0.112
05:38:52.257 ib_pg_f        125924  nvme1n1 WS   1740411200 16384     0.122
05:38:52.257 ib_pg_f        125924  nvme1n1 WS   1740107328 16384     0.117
05:38:52.257 ib_pg_f        125924  nvme1n1 WS   1740413568 16384     0.118
05:38:52.257 ib_pg_f        125924  nvme1n1 WS   1740107424 16384     0.128
05:38:52.257 ib_pg_f        125924  nvme1n1 WS   1740077056 16384     0.133
05:38:52.257 ib_pg_f        125924  nvme1n1 WS   1740404160 16384     0.129
05:38:52.257 ib_pg_f        125924  nvme1n1 WS   1740406400 16384     0.134
05:38:52.257 ib_pg_f        125924  nvme1n1 WS   1740107520 16384     0.140
05:38:52.257 ib_pg_f        125924  nvme1n1 WS   1740414176 16384     0.145
05:38:52.257 ib_pg_f        125924  nvme1n1 WS   1740107552 16384     0.148
05:38:52.257 ib_pg_f        125924  nvme1n1 WS   1740414208 16384     0.159
05:38:52.257 ib_pg_f        125924  nvme1n1 WS   1740107584 16384     0.154
05:38:52.257 ib_pg_f        125924  nvme1n1 WS   1740411264 16384     0.154
05:38:52.257 ib_pg_f        125924  nvme1n1 WS   1740402688 16384     0.162
05:38:52.257 ib_pg_f        125924  nvme1n1 WS   1740413600 16384     0.157
05:38:52.257 ib_pg_f        125924  nvme1n1 WS   1740402720 16384     0.159
05:38:52.257 ib_pg_f        125924  nvme1n1 WS   1755206304 16384     0.162
05:38:52.257 ib_pg_f        125924  nvme1n1 WS   1755215232 16384     0.169
05:38:52.257 ib_pg_f        125924  nvme1n1 WS   1755202752 16384     0.163
05:38:52.257 ib_pg_f        125924  nvme1n1 WS   1755215264 16384     0.168
05:38:52.257 ib_pg_f        125924  nvme1n1 WS   1755158528 16384     0.181
05:38:52.257 ib_pg_f        125924  nvme1n1 WS   1755100608 16384     0.177
05:38:52.257 ib_pg_f        125924  nvme1n1 WS   1755102240 16384     0.176
05:38:52.257 ib_pg_f        125924  nvme1n1 WS   1755215296 16384     0.183
05:38:52.257 ib_pg_f        125924  nvme1n1 WS   1755207104 16384     0.175
05:38:52.257 ib_pg_f        125924  nvme1n1 WS   1755215328 16384     0.182
05:38:52.257 ib_pg_f        125924  nvme1n1 WS   1755202848 16384     0.187
05:38:52.257 ib_pg_f        125924  nvme1n1 WS   1755215520 16384     0.187
05:38:52.257 ib_pg_f        125924  nvme1n1 WS   1755207136 16384     0.187
05:38:52.257 ib_pg_f        125924  nvme1n1 WS   1755215552 16384     0.191
05:38:52.257 ib_pg_f        125924  nvme1n1 WS   1755204416 16384     0.193
05:38:52.257 ib_pg_f        125924  nvme1n1 WS   1755205600 16384     0.195
05:38:52.257 ib_pg_f        125924  nvme1n1 WS   1755215584 16384     0.198
05:38:52.257 ib_pg_f        125924  nvme1n1 WS   1755205856 16384     0.198
05:38:52.257 ib_pg_f        125924  nvme1n1 WS   1755215616 16384     0.201
05:38:52.257 ib_pg_f        125924  nvme1n1 WS   1755202912 16384     0.205
05:38:52.257 ib_pg_f        125924  nvme1n1 WS   1755215648 16384     0.208
05:38:52.257 ib_pg_f        125924  nvme1n1 WS   1755202944 16384     0.211
05:38:52.257 ib_pg_f        125924  nvme1n1 WS   1755215680 16384     0.218
05:38:52.257 ib_pg_f        125924  nvme1n1 WS   1755207616 16384     0.221
05:38:52.257 ib_pg_f        125924  nvme1n1 WS   1755215712 16384     0.223
05:38:52.257 ib_pg_f        125924  nvme1n1 WS   1755206624 16384     0.225
05:38:52.257 ib_pg_f        125924  nvme1n1 WS   1755215744 16384     0.213
05:38:52.257 ib_pg_f        125924  nvme1n1 WS   1755207520 16384     0.215
05:38:52.257 ib_pg_f        125924  nvme1n1 WS   1755215840 16384     0.218
05:38:53.025 nvme           1833442 Unknown N    -1         512       0.080
05:38:53.240 ib_log_        125924  nvme1n1 WS   1738276864 4096      0.047
05:38:54.023 ib_log_        125949  nvme1n1 WS   1757426376 4096      0.052
05:38:54.027 nvme           1833457 Unknown N    -1         512       0.081
05:38:54.082 ib_log_        125949  nvme1n1 WS   1757426376 4096      0.039
05:38:54.272 ib_pg_f        125949  nvme1n1 WS   1755252736 81920     0.119
05:38:54.272 ib_pg_f        125949  nvme1n1 WS   1757782656 16384     0.042
05:38:54.272 ib_pg_f        125949  nvme1n1 WS   1755217736 16384     0.045
05:38:54.272 ib_pg_f        125949  nvme1n1 WS   1757027808 16384     0.051
05:38:54.272 ib_pg_f        125949  nvme1n1 WS   1756552064 16384     0.056
05:38:54.272 ib_pg_f        125949  nvme1n1 WS   1734883488 16384     0.049
05:38:54.497 kworker        1764183 nvme0n1 W    36484656   4096      0.599
05:38:54.993 ib_log_        125949  nvme1n1 WS   1757422584 4096      0.053
05:38:54.993 jbd2/nv        752     nvme1n1 WSM  878505384  131072    0.150
05:38:54.993 jbd2/nv        752     nvme1n1 WSM  878505640  122880    0.184
05:38:54.993 jbd2/nv        752     nvme1n1 WSM  878505880  4096      0.028
05:38:55.029 nvme           1833461 Unknown N    -1         512       0.071
05:38:56.032 nvme           1833466 Unknown N    -1         512       0.033
05:38:56.032 kworker        1787159 nvme1n1 W    1177038168 4096      0.057
05:38:56.032 kworker        1787159 nvme1n1 W    1534289376 4096      0.062
05:38:56.032 kworker        1790484 nvme1n1 W    1177154792 16384     0.056
05:38:56.032 kworker        1788169 nvme1n1 W    571683536  16384     0.048
05:38:56.032 kworker        1764183 nvme1n1 WM   0          4096      0.119
05:38:56.032 kworker        1764183 nvme1n1 WM   40         4096      0.121
05:38:56.032 kworker        1764183 nvme1n1 WM   224        4096      0.122
05:38:56.032 kworker        1764183 nvme1n1 WM   288        8192      0.130
05:38:56.032 kworker        1764183 nvme1n1 WM   352        4096      0.131
05:38:56.032 kworker        1764183 nvme1n1 WM   408        4096      0.131
05:38:56.032 kworker        1764183 nvme1n1 WM   440        4096      0.137
05:38:56.032 kworker        1764183 nvme1n1 WM   712        8192      0.141
05:38:56.032 kworker        1764183 nvme1n1 WM   776        4096      0.146
05:38:56.032 kworker        1764183 nvme1n1 WM   71303296   4096      0.148
05:38:56.032 kworker        1764183 nvme1n1 WM   71303440   4096      0.150
05:38:56.032 kworker        1764183 nvme1n1 WM   71303456   4096      0.152
05:38:56.032 kworker        1764183 nvme1n1 WM   461373568  4096      0.159
05:38:56.032 kworker        1764183 nvme1n1 WM   461373696  8192      0.159
05:38:56.032 kworker        1764183 nvme1n1 WM   461373736  4096      0.160
05:38:56.032 kworker        1764183 nvme1n1 WM   461373904  4096      0.164
05:38:56.032 kworker        1764183 nvme1n1 WM   591396872  4096      0.164
05:38:56.032 kworker        1764183 nvme1n1 WM   591669392  4096      0.164
05:38:56.032 kworker        1764183 nvme1n1 WM   591669904  4096      0.165
05:38:56.032 kworker        1764183 nvme1n1 WM   591671720  4096      0.170
05:38:56.032 kworker        1764183 nvme1n1 WM   591672272  4096      0.170
05:38:56.032 kworker        1764183 nvme1n1 WM   591672632  4096      0.171
05:38:56.032 kworker        1764183 nvme1n1 WM   591679296  4096      0.176
05:38:56.032 kworker        1764183 nvme1n1 WM   591679528  4096      0.177
05:38:56.032 kworker        1764183 nvme1n1 WM   591681184  4096      0.179
05:38:56.032 kworker        1764183 nvme1n1 WM   591681224  4096      0.184
05:38:56.032 kworker        1764183 nvme1n1 WM   591681392  4096      0.185
05:38:56.032 kworker        1764183 nvme1n1 WM   591682096  4096      0.185
05:38:56.032 kworker        1764183 nvme1n1 WM   736        16384     0.209
05:38:56.032 kworker        1764183 nvme1n1 WM   816        12288     0.216
05:38:56.032 kworker        1764183 nvme1n1 WM   461373760  32768     0.233
05:38:56.032 kworker        1764183 nvme1n1 WM   461374248  12288     0.241
05:38:56.032 kworker        1764183 nvme1n1 WM   591682288  4096      0.103
05:38:56.032 kworker        1764183 nvme1n1 WM   591682408  4096      0.108
05:38:56.032 kworker        1764183 nvme1n1 WM   591682584  4096      0.108
05:38:56.032 kworker        1764183 nvme1n1 WM   591682728  4096      0.115
05:38:56.032 kworker        1764183 nvme1n1 WM   591683000  4096      0.116
05:38:56.032 kworker        1764183 nvme1n1 WM   591683048  4096      0.129
05:38:56.033 kworker        1764183 nvme1n1 WM   591683688  4096      0.135
05:38:56.033 kworker        1764183 nvme1n1 WM   599785480  8192      0.135
05:38:56.033 kworker        1764183 nvme1n1 WM   608174088  4096      0.136
05:38:56.033 kworker        1764183 nvme1n1 WM   608174208  8192      0.136
05:38:56.033 kworker        1764183 nvme1n1 WM   608174336  4096      0.142
05:38:56.033 kworker        1764183 nvme1n1 WM   608174416  4096      0.143
05:38:56.033 kworker        1764183 nvme1n1 WM   608174472  4096      0.145
05:38:56.033 kworker        1764183 nvme1n1 WM   608178344  8192      0.149
05:38:56.033 kworker        1764183 nvme1n1 WM   729808904  4096      0.149
05:38:56.033 kworker        1764183 nvme1n1 WM   730314224  8192      0.153
05:38:56.033 kworker        1764183 nvme1n1 WM   730314248  4096      0.154
05:38:56.033 kworker        1764183 nvme1n1 WM   843055136  4096      0.141
05:38:56.033 kworker        1764183 nvme1n1 WM   844114936  4096      0.143
05:38:56.033 kworker        1764183 nvme1n1 WM   844177392  8192      0.146
05:38:56.033 kworker        1788169 nvme1n1 W    571683568  8192      0.146
05:38:56.033 kworker        1764183 nvme1n1 WM   608178376  73728     0.221
05:38:56.033 kworker        1764183 nvme1n1 WM   730333144  20480     0.244
05:38:56.033 kworker        1787159 nvme1n1 W    461709416  8192      0.205
05:38:56.033 kworker        1764183 nvme1n1 WM   905969792  4096      0.095
05:38:56.033 kworker        1764183 nvme1n1 WM   905969920  4096      0.096
05:38:56.033 kworker        1764183 nvme1n1 WM   1484783664 4096      0.095
05:38:56.033 kworker        1764183 nvme1n1 WM   1493172480 4096      0.096
05:38:56.033 kworker        1764183 nvme1n1 WM   1493172504 4096      0.097
05:38:56.033 kworker        1764183 nvme1n1 WM   1497366576 4096      0.097
05:38:56.033 kworker        1764183 nvme1n1 WM   1519290024 4096      0.103
05:38:56.033 kworker        1764183 nvme1n1 WM   1524547568 4096      0.105
05:38:56.033 kworker        1764183 nvme1n1 WM   1530921056 4096      0.107
05:38:56.033 kworker        1764183 nvme1n1 WM   1551892552 4096      0.111
05:38:56.033 kworker        1764183 nvme1n1 WM   1556086896 8192      0.113
05:38:56.033 kworker        1764183 nvme1n1 WM   1560281120 4096      0.116
05:38:56.033 kworker        1764183 nvme1n1 WM   1560281144 4096      0.120
05:38:56.033 kworker        1764183 nvme1n1 WM   1564475424 4096      0.122
05:38:56.033 kworker        1764183 nvme1n1 WM   1572864128 4096      0.123
05:38:56.033 kworker        1764183 nvme1n1 WM   1572864280 4096      0.126
05:38:56.033 kworker        1764183 nvme1n1 WM   1577058384 4096      0.128
05:38:56.033 kworker        1790484 nvme1n1 W    1485400808 8192      0.112
05:38:56.033 kworker        1764183 nvme1n1 WM   905973456  65536     0.182
05:38:56.033 kworker        1764183 nvme1n1 WM   1568669760 24576     0.190
05:38:56.033 kworker        1764183 nvme1n1 WM   1577058408 12288     0.196
05:38:56.033 kworker        1764183 nvme1n1 WM   1581252624 4096      0.177
05:38:56.033 kworker        1764183 nvme1n1 WM   1623195704 4096      0.182
05:38:56.033 kworker        1764183 nvme1n1 WM   1707081736 4096      0.183
05:38:56.033 kworker        1764183 nvme1n1 WM   1707349784 4096      0.184
05:38:56.033 kworker        1764183 nvme1n1 WM   1707383280 4096      0.190
05:38:56.033 kworker        1764183 nvme1n1 WM   1707589104 4096      0.191
05:38:56.033 kworker        1764183 nvme1n1 WM   1715470448 4096      0.191
05:38:56.033 kworker        1764183 nvme1n1 WM   1719482088 4096      0.195
05:38:56.033 kworker        1790484 nvme1n1 W    570788800  4096      0.071
05:38:56.033 kworker        1790484 nvme1n1 W    1177154824 53248     0.121
05:38:56.033 kworker        1790484 nvme1n1 W    1551255920 131072    0.205
05:38:56.033 kworker        1790484 nvme1n1 W    1551256176 57344     0.242
05:38:56.033 kworker        1764183 nvme1n1 WM   1728053264 8192      0.253
05:38:56.033 kworker        1764183 nvme1n1 WM   1728897528 4096      0.255
05:38:56.033 kworker        1764183 nvme1n1 WM   1729941064 4096      0.262
05:38:56.033 kworker        1764183 nvme1n1 WM   1732247584 4096      0.263
05:38:56.033 kworker        1764183 nvme1n1 WM   1732247640 4096      0.265
05:38:56.033 kworker        1764183 nvme1n1 WM   1736717296 4096      0.267
05:38:56.033 kworker        1764183 nvme1n1 WM   1740416736 4096      0.269
05:38:56.033 kworker        1764183 nvme1n1 WM   1756377616 8192      0.273
05:38:56.033 kworker        1764183 nvme1n1 WM   1756377856 4096      0.278
05:38:56.033 kworker        1764183 nvme1n1 WM   1756384208 4096      0.282
05:38:56.033 kworker        1764183 nvme1n1 WM   1756384232 4096      0.284
05:38:56.033 kworker        1764183 nvme1n1 WM   1756389872 8192      0.285
05:38:56.033 kworker        1764183 nvme1n1 WM   1756389912 4096      0.289
05:38:56.033 kworker        1764183 nvme1n1 WM   1756390112 4096      0.291
05:38:56.033 kworker        1764183 nvme1n1 WM   1756390392 4096      0.292
05:38:56.033 kworker        1764183 nvme1n1 WM   1756391216 4096      0.294
05:38:56.033 kworker        1764183 nvme1n1 WM   1756407792 4096      0.300
05:38:56.033 kworker        1764183 nvme1n1 WM   1756414120 4096      0.301
05:38:56.033 kworker        1764183 nvme1n1 WM   1756414200 4096      0.301
05:38:56.033 kworker        1764183 nvme1n1 WM   1756414216 4096      0.302
05:38:56.033 kworker        1764183 nvme1n1 WM   1756414952 8192      0.311
05:38:56.033 kworker        1764183 nvme1n1 WM   1756415512 4096      0.313
05:38:56.033 kworker        1764183 nvme1n1 WM   1756415528 4096      0.314
05:38:56.033 kworker        1764183 nvme1n1 WM   1756415544 8192      0.318
05:38:56.033 kworker        1764183 nvme1n1 WM   1756415568 4096      0.320
05:38:56.033 kworker        1764183 nvme1n1 WM   1756439528 8192      0.324
05:38:56.033 kworker        1764183 nvme1n1 WM   1756440864 4096      0.326
05:38:56.033 kworker        1764183 nvme1n1 WM   1756441888 4096      0.331
05:38:56.033 kworker        1764183 nvme1n1 WM   1756441904 4096      0.332
05:38:56.033 kworker        1764183 nvme1n1 WM   1756450296 4096      0.333
05:38:56.033 kworker        1764183 nvme1n1 WM   1756450776 12288     0.337
05:38:56.033 kworker        1764183 nvme1n1 WM   1756492464 4096      0.111
05:38:56.033 kworker        1764183 nvme1n1 WM   1756520944 8192      0.112
05:38:56.033 kworker        1764183 nvme1n1 WM   1756521272 4096      0.113
05:38:56.033 kworker        1764183 nvme1n1 WM   1756521344 4096      0.120
05:38:56.033 kworker        1764183 nvme1n1 WM   1756521400 4096      0.121
05:38:56.033 kworker        1764183 nvme1n1 WM   1756521416 4096      0.121
05:38:56.033 kworker        1764183 nvme1n1 WM   1756527544 4096      0.132
05:38:56.033 kworker        1764183 nvme1n1 WM   1756528240 8192      0.137
05:38:56.033 kworker        1764183 nvme1n1 WM   1756528576 4096      0.143
05:38:56.033 kworker        1764183 nvme1n1 WM   1756551152 4096      0.144
05:38:56.033 kworker        1764183 nvme1n1 WM   1756598720 4096      0.144
05:38:56.033 kworker        1764183 nvme1n1 WM   1756598904 4096      0.149
05:38:56.033 kworker        1764183 nvme1n1 WM   1756599000 4096      0.149
05:38:56.033 kworker        1764183 nvme1n1 WM   1756599944 4096      0.156
05:38:56.033 kworker        1764183 nvme1n1 WM   1756599960 4096      0.157
05:38:56.033 kworker        1764183 nvme1n1 WM   1756601032 4096      0.157
05:38:56.033 kworker        1764183 nvme1n1 WM   1756601464 4096      0.162
05:38:56.033 kworker        1764183 nvme1n1 WM   1756662032 4096      0.162
05:38:56.033 kworker        1764183 nvme1n1 WM   1756662648 4096      0.163
05:38:56.033 kworker        1764183 nvme1n1 WM   1756662752 4096      0.202
05:38:56.033 kworker        1764183 nvme1n1 WM   1756670224 8192      0.203
05:38:56.033 kworker        1764183 nvme1n1 WM   1756670512 8192      0.204
05:38:56.033 kworker        1764183 nvme1n1 WM   1756670584 4096      0.205
05:38:56.033 kworker        1764183 nvme1n1 WM   1756670968 4096      0.205
05:38:56.033 kworker        1764183 nvme1n1 WM   1756671472 4096      0.206
05:38:56.033 kworker        1764183 nvme1n1 WM   1756673400 4096      0.206
05:38:56.033 kworker        1764183 nvme1n1 WM   1756673768 4096      0.207
05:38:56.033 kworker        1764183 nvme1n1 WM   1756682192 4096      0.207
05:38:56.033 kworker        1764183 nvme1n1 WM   1756686272 4096      0.208
05:38:56.033 kworker        1764183 nvme1n1 WM   1756692416 4096      0.209
05:38:56.033 kworker        1764183 nvme1n1 WM   1756709864 4096      0.211
05:38:56.033 kworker        1764183 nvme1n1 WM   1756723472 8192      0.214
05:38:56.033 kworker        1790484 nvme1n1 W    1177154928 32768     0.230
05:38:56.034 kworker        1790484 nvme1n1 W    722067456  131072    0.316
05:38:56.034 kworker        1790484 nvme1n1 W    722067712  86016     0.367
05:38:56.034 kworker        1790484 nvme1n1 W    844532288  73728     0.413
05:38:56.034 kworker        1790484 nvme1n1 W    1177154992 28672     0.430
05:38:56.034 kworker        1764183 nvme1n1 WM   1756754864 4096      0.389
05:38:56.034 kworker        1764183 nvme1n1 WM   1756754880 4096      0.394
05:38:56.034 kworker        1764183 nvme1n1 WM   1756757960 4096      0.395
05:38:56.034 kworker        1764183 nvme1n1 WM   1756757992 8192      0.398
05:38:56.034 kworker        1764183 nvme1n1 WM   1756762616 4096      0.403
05:38:56.034 kworker        1764183 nvme1n1 WM   1756766696 4096      0.408
05:38:56.034 kworker        1764183 nvme1n1 WM   1756772344 4096      0.409
05:38:56.034 kworker        1764183 nvme1n1 WM   1756772976 4096      0.409
05:38:56.034 kworker        1764183 nvme1n1 WM   1756773960 4096      0.414
05:38:56.034 kworker        1764183 nvme1n1 WM   1756773984 4096      0.416
05:38:56.034 kworker        1764183 nvme1n1 WM   1756776888 4096      0.420
05:38:56.034 kworker        1764183 nvme1n1 WM   1756777416 8192      0.422
05:38:56.034 kworker        1764183 nvme1n1 WM   1756777464 4096      0.423
05:38:56.034 kworker        1764183 nvme1n1 WM   1756778096 4096      0.427
05:38:56.034 kworker        1764183 nvme1n1 WM   1756778144 4096      0.429
05:38:56.034 kworker        1764183 nvme1n1 WM   1756780360 4096      0.429
05:38:56.034 kworker        1764183 nvme1n1 WM   1756780376 4096      0.433
05:38:56.034 kworker        1764183 nvme1n1 WM   1756780400 4096      0.435
05:38:56.034 kworker        1764183 nvme1n1 WM   1756780424 4096      0.436
05:38:56.034 kworker        1764183 nvme1n1 WM   1756783048 4096      0.439
05:38:56.034 kworker        1764183 nvme1n1 WM   1756791792 8192      0.439
05:38:56.034 kworker        1764183 nvme1n1 WM   1756792784 8192      0.443
05:38:56.034 kworker        1764183 nvme1n1 WM   1756777344 16384     0.459
05:38:56.034 kworker        1764183 nvme1n1 WM   1756780488 12288     0.463
05:38:56.034 kworker        1764183 nvme1n1 WM   1756807648 4096      0.101
05:38:56.034 kworker        1764183 nvme1n1 WM   1756807664 8192      0.106
05:38:56.034 kworker        1764183 nvme1n1 WM   1756811256 4096      0.110
05:38:56.034 kworker        1764183 nvme1n1 WM   1756819448 4096      0.112
05:38:56.034 kworker        1764183 nvme1n1 WM   1756824952 4096      0.115
05:38:56.034 kworker        1764183 nvme1n1 WM   1756827288 8192      0.120
05:38:56.034 kworker        1764183 nvme1n1 WM   1756827528 4096      0.121
05:38:56.034 kworker        1764183 nvme1n1 WM   1756827592 4096      0.122
05:38:56.034 kworker        1764183 nvme1n1 WM   1756827608 8192      0.140
05:38:56.034 kworker        1764183 nvme1n1 WM   1756828032 4096      0.141
05:38:56.034 kworker        1764183 nvme1n1 WM   1756828056 4096      0.177
05:38:56.034 kworker        1764183 nvme1n1 WM   1756828080 4096      0.179
05:38:56.034 kworker        1764183 nvme1n1 WM   1756828104 8192      0.179
05:38:56.034 kworker        1764183 nvme1n1 WM   1756831736 4096      0.180
05:38:56.034 kworker        1764183 nvme1n1 WM   1756832760 4096      0.180
05:38:56.034 kworker        1764183 nvme1n1 WM   1756833768 8192      0.181
05:38:56.034 kworker        1764183 nvme1n1 WM   1756840224 4096      0.183
05:38:56.034 kworker        1764183 nvme1n1 WM   1756840320 4096      0.183
05:38:56.034 kworker        1764183 nvme1n1 WM   1756840336 4096      0.183
05:38:56.034 kworker        1764183 nvme1n1 WM   1756843896 4096      0.183
05:38:56.034 kworker        1764183 nvme1n1 WM   1756843928 4096      0.184
05:38:56.034 kworker        1764183 nvme1n1 WM   1756843960 4096      0.184
05:38:56.034 kworker        1764183 nvme1n1 WM   1756846840 4096      0.194
05:38:56.034 kworker        1764183 nvme1n1 WM   1756847224 4096      0.195
05:38:56.034 kworker        1764183 nvme1n1 WM   1756847240 4096      0.195
05:38:56.034 kworker        1764183 nvme1n1 WM   1756847336 4096      0.195
05:38:56.034 kworker        1764183 nvme1n1 WM   1756847352 4096      0.195
05:38:56.034 kworker        1764183 nvme1n1 WM   1756847736 4096      0.197
05:38:56.034 kworker        1764183 nvme1n1 WM   1756840408 12288     0.204
05:38:56.034 kworker        1764183 nvme1n1 WM   1756846024 12288     0.206
05:38:56.034 kworker        1764183 nvme1n1 WM   1756847288 16384     0.209
05:38:56.034 kworker        1764183 nvme1n1 WM   1756848456 12288     0.213
05:38:56.034 kworker        1764183 nvme1n1 WM   1756848504 4096      0.155
05:38:56.034 kworker        1764183 nvme1n1 WM   1756848520 8192      0.159
05:38:56.034 kworker        1764183 nvme1n1 WM   1756848552 4096      0.163
05:38:56.034 kworker        1764183 nvme1n1 WM   1756848608 8192      0.167
05:38:56.034 kworker        1764183 nvme1n1 WM   1756852192 8192      0.172
05:38:56.034 kworker        1764183 nvme1n1 WM   1756864792 4096      0.177
05:38:56.034 kworker        1764183 nvme1n1 WM   1756864864 4096      0.182
05:38:56.034 kworker        1764183 nvme1n1 WM   1756864904 4096      0.183
05:38:56.034 kworker        1764183 nvme1n1 WM   1756865016 4096      0.184
05:38:56.034 kworker        1764183 nvme1n1 WM   1756866296 4096      0.189
05:38:56.034 kworker        1764183 nvme1n1 WM   1756866984 4096      0.189
05:38:56.034 kworker        1764183 nvme1n1 WM   1756867032 4096      0.193
05:38:56.034 kworker        1764183 nvme1n1 WM   1756867056 4096      0.195
05:38:56.034 kworker        1764183 nvme1n1 WM   1756868312 8192      0.198
05:38:56.034 kworker        1764183 nvme1n1 WM   1756868336 8192      0.204
05:38:56.034 kworker        1764183 nvme1n1 WM   1756869064 4096      0.206
05:38:56.034 kworker        1764183 nvme1n1 WM   1756872648 4096      0.210
05:38:56.034 kworker        1764183 nvme1n1 WM   1756872696 4096      0.211
05:38:56.034 kworker        1764183 nvme1n1 WM   1756879608 4096      0.213
05:38:56.034 kworker        1764183 nvme1n1 WM   1756886992 4096      0.217
05:38:56.034 kworker        1764183 nvme1n1 WM   1756887008 4096      0.217
05:38:56.034 kworker        1764183 nvme1n1 WM   1756887024 4096      0.188
05:38:56.034 kworker        1764183 nvme1n1 WM   1756911960 4096      0.190
05:38:56.034 kworker        1764183 nvme1n1 WM   1756913336 4096      0.192
05:38:56.034 kworker        1764183 nvme1n1 W    1175080072 53248     0.077
05:38:57.034 nvme           1833476 Unknown N    -1         512       0.081
05:38:57.656 python3        1784369 nvme1n1 WS   1571868672 131072    0.176
05:38:57.656 python3        1784369 nvme1n1 WS   1571868928 131072    0.244
05:38:57.657 python3        1784369 nvme1n1 WS   1571869184 131072    0.327
05:38:57.657 python3        1784369 nvme1n1 WS   1571869440 131072    0.416
05:38:57.657 python3        1784369 nvme1n1 WS   1571869696 131072    0.496
05:38:57.657 python3        1784369 nvme1n1 WS   1571869952 131072    0.591
05:38:57.657 python3        1784369 nvme1n1 WS   1571870208 131072    0.646
05:38:57.657 python3        1784369 nvme1n1 WS   1571870464 131072    0.719
05:38:57.657 python3        1784369 nvme1n1 WS   1571870720 131072    0.785
05:38:57.657 python3        1784369 nvme1n1 WS   1571870976 131072    0.855
05:38:57.657 python3        1784369 nvme1n1 WS   1571871232 131072    0.935
05:38:57.657 python3        1784369 nvme1n1 WS   1571871488 131072    1.013
05:38:57.657 python3        1784369 nvme1n1 WS   1571871744 131072    1.092
05:38:57.657 python3        1784369 nvme1n1 WS   1571872000 131072    1.171
05:38:57.658 python3        1784369 nvme1n1 WS   1571872256 131072    1.262
05:38:57.658 python3        1784369 nvme1n1 WS   1571872512 131072    1.314
05:38:57.658 python3        1784369 nvme1n1 WS   1571872768 131072    1.394
05:38:57.658 python3        1784369 nvme1n1 WS   1571873024 131072    1.474
05:38:57.658 python3        1784366 nvme1n1 WS   1571555328 131072    1.310
05:38:57.658 python3        1784366 nvme1n1 WS   1571555584 131072    1.408
05:38:57.658 python3        1784366 nvme1n1 WS   1571555840 131072    1.465
05:38:57.658 python3        1784366 nvme1n1 WS   1571556096 131072    1.545
05:38:57.658 python3        1784366 nvme1n1 WS   1571556352 102400    1.613
05:38:57.658 python3        1784366 nvme1n1 WS   1581162496 131072    1.657
05:38:57.658 python3        1784366 nvme1n1 WS   1581162752 131072    1.734
05:38:57.658 python3        1784366 nvme1n1 WS   1581163008 131072    1.803
05:38:57.659 python3        1784366 nvme1n1 WS   1581163264 131072    1.880
05:38:57.659 python3        1784366 nvme1n1 WS   1581163520 131072    1.953
05:38:57.659 python3        1784366 nvme1n1 WS   1581163776 131072    2.027
05:38:57.659 python3        1784368 nvme1n1 WS   1581520896 131072    2.110
05:38:57.659 python3        1784366 nvme1n1 WS   1581164032 131072    2.178
05:38:57.659 python3        1784368 nvme1n1 WS   1581521152 131072    2.256
05:38:57.659 python3        1784368 nvme1n1 WS   1581521408 131072    2.331
05:38:57.659 python3        1784368 nvme1n1 WS   1581521664 131072    2.403
05:38:57.659 python3        1784368 nvme1n1 WS   1581521920 102400    2.464
05:38:57.659 python3        1784368 nvme1n1 WS   1571876864 131072    2.555
05:38:57.659 python3        1784368 nvme1n1 WS   1571877120 131072    2.620
05:38:57.659 python3        1784368 nvme1n1 WS   1571877376 131072    2.695
05:38:57.659 python3        1784368 nvme1n1 WS   1571877632 131072    2.770
05:38:57.660 python3        1784368 nvme1n1 WS   1571877888 131072    2.846
05:38:57.660 python3        1784368 nvme1n1 WS   1571878144 131072    2.921
05:38:57.660 python3        1784366 nvme1n1 WS   1581164288 131072    3.008
05:38:57.660 python3        1784366 nvme1n1 WS   1581164544 131072    3.080
05:38:57.660 python3        1784366 nvme1n1 WS   1581164800 131072    3.155
05:38:57.660 python3        1784366 nvme1n1 WS   1581165056 131072    3.229
05:38:57.660 python3        1784368 nvme1n1 WS   50905088   131072    3.313
05:38:57.660 python3        1784368 nvme1n1 WS   50905344   131072    3.384
05:38:57.660 python3        1784368 nvme1n1 WS   1571878400 131072    3.465
05:38:57.660 python3        1784366 nvme1n1 WS   1581165312 131072    3.541
05:38:57.660 python3        1784366 nvme1n1 WS   1581165568 131072    3.618
05:38:57.660 python3        1784366 nvme1n1 WS   1581165824 131072    3.695
05:38:57.660 python3        1784366 nvme1n1 WS   1581166080 131072    3.773
05:38:57.661 python3        1784368 nvme1n1 WS   50905600   131072    3.859
05:38:57.661 python3        1784368 nvme1n1 WS   50905856   131072    3.933
05:38:57.661 python3        1784368 nvme1n1 WS   50906112   131072    4.010
05:38:57.661 python3        1784368 nvme1n1 WS   50906368   131072    4.087
05:38:57.661 python3        1784368 nvme1n1 WS   50906624   131072    4.166
05:38:57.661 python3        1784368 nvme1n1 WS   50906880   131072    4.224
05:38:57.661 python3        1784368 nvme1n1 WS   50907136   131072    4.302
05:38:57.661 python3        1784368 nvme1n1 WS   50907392   131072    4.378
05:38:57.661 python3        1784368 nvme1n1 WS   1571878656 131072    4.482
05:38:57.661 python3        1784368 nvme1n1 WS   1571878912 131072    4.562
05:38:57.661 python3        1784368 nvme1n1 WS   1571879168 131072    4.634
05:38:57.661 python3        1784368 nvme1n1 WS   1571879424 131072    4.709
05:38:57.661 python3        1784368 nvme1n1 WS   1571879680 131072    4.793
05:38:57.662 python3        1784368 nvme1n1 WS   1571879936 131072    4.867
05:38:57.662 python3        1784368 nvme1n1 WS   1571880192 131072    4.942
05:38:57.662 python3        1784368 nvme1n1 WS   1571880448 131072    5.018
05:38:57.662 python3        1784366 nvme1n1 WS   1581166336 131072    5.110
05:38:57.662 python3        1784366 nvme1n1 WS   1581166592 131072    5.186
05:38:57.662 python3        1784366 nvme1n1 WS   1581166848 131072    5.262
05:38:57.662 python3        1784366 nvme1n1 WS   1581797376 131072    5.351
05:38:57.662 python3        1784366 nvme1n1 WS   1581797632 131072    5.418
05:38:57.662 python3        1784366 nvme1n1 WS   1581797888 131072    5.493
05:38:57.662 python3        1784369 nvme1n1 WS   1581529088 131072    5.588
05:38:57.662 python3        1784369 nvme1n1 WS   1581529344 131072    5.652
05:38:57.662 python3        1784366 nvme1n1 WS   1581798144 131072    5.731
05:38:57.663 python3        1784366 nvme1n1 WS   1581798400 131072    5.807
05:38:57.663 python3        1784366 nvme1n1 WS   1581798656 131072    5.884
05:38:57.663 python3        1784366 nvme1n1 WS   1581798912 131072    5.961
05:38:57.663 python3        1784366 nvme1n1 WS   1581799168 131072    6.019
05:38:57.663 python3        1784366 nvme1n1 WS   1581799424 131072    6.100
05:38:57.663 python3        1784366 nvme1n1 WS   1581799680 131072    6.177
05:38:57.663 python3        1784366 nvme1n1 WS   1581799936 131072    6.253
05:38:57.663 python3        1784366 nvme1n1 WS   1581800192 131072    6.333
05:38:57.663 python3        1784368 nvme1n1 WS   50907648   131072    6.503
05:38:57.663 python3        1784368 nvme1n1 WS   50907904   131072    6.565
05:38:57.663 python3        1784368 nvme1n1 WS   50908160   131072    6.639
05:38:57.663 python3        1784368 nvme1n1 WS   50908416   131072    6.721
05:38:57.664 python3        1784368 nvme1n1 WS   50908672   131072    6.798
05:38:57.664 python3        1784368 nvme1n1 WS   50908928   131072    6.862
05:38:57.664 python3        1784368 nvme1n1 WS   50909184   131072    6.940
05:38:57.664 python3        1784368 nvme1n1 WS   50909440   131072    7.019
05:38:57.664 python3        1784369 nvme1n1 WS   1581529600 131072    7.139
05:38:57.664 python3        1784369 nvme1n1 WS   1581529856 131072    7.209
05:38:57.664 python3        1784369 nvme1n1 WS   1581530112 102400    7.268
05:38:57.664 python3        1784368 nvme1n1 WS   1571880704 131072    7.350
05:38:57.664 python3        1784368 nvme1n1 WS   1571880960 131072    7.425
05:38:57.664 python3        1784368 nvme1n1 WS   1571881216 131072    7.501
05:38:57.664 python3        1784366 nvme1n1 WS   1581800448 131072    7.553
05:38:57.664 python3        1784366 nvme1n1 WS   1581800704 131072    7.628
05:38:57.664 python3        1784366 nvme1n1 WS   1581800960 131072    7.709
05:38:57.665 python3        1784366 nvme1n1 WS   1581801216 131072    7.773
05:38:57.665 python3        1784366 nvme1n1 WS   1581801472 131072    7.854
05:38:57.665 python3        1784366 nvme1n1 WS   1581801728 131072    7.933
05:38:57.665 python3        1784369 nvme1n1 WS   1581170688 131072    8.069
05:38:57.665 python3        1784369 nvme1n1 WS   1581170944 131072    8.097
05:38:57.665 python3        1784369 nvme1n1 WS   1581171200 131072    8.180
05:38:57.665 python3        1784369 nvme1n1 WS   1581171456 131072    8.251
05:38:57.665 python3        1784369 nvme1n1 WS   1581171712 131072    8.329
05:38:57.665 python3        1784369 nvme1n1 WS   1581171968 131072    8.403
05:38:57.665 python3        1784369 nvme1n1 WS   1581172224 131072    8.486
05:38:57.665 python3        1784367 nvme1n1 WS   1581174784 131072    8.576
05:38:57.665 python3        1784367 nvme1n1 WS   1581175040 131072    8.650
05:38:57.666 python3        1784367 nvme1n1 WS   1581175296 131072    8.724
05:38:57.666 python3        1784367 nvme1n1 WS   1581175552 131072    8.799
05:38:57.666 python3        1784367 nvme1n1 WS   1581175808 131072    8.877
05:38:57.666 python3        1784367 nvme1n1 WS   1581176064 131072    8.954
05:38:57.666 python3        1784367 nvme1n1 WS   1581176320 131072    9.030
05:38:57.666 python3        1784367 nvme1n1 WS   1581178880 131072    9.127
05:38:57.666 python3        1784367 nvme1n1 WS   1581179136 131072    9.196
05:38:57.666 python3        1784367 nvme1n1 WS   1581179392 131072    9.273
05:38:57.666 python3        1784367 nvme1n1 WS   1581179648 131072    9.348
05:38:57.666 python3        1784367 nvme1n1 WS   1581179904 131072    9.424
05:38:57.666 python3        1784367 nvme1n1 WS   1581180160 131072    9.500
05:38:57.666 python3        1784367 nvme1n1 WS   1581180416 131072    9.579
05:38:57.667 python3        1784369 nvme1n1 WS   1581172480 131072    9.716
05:38:57.667 python3        1784369 nvme1n1 WS   1581172736 131072    9.733
05:38:57.667 python3        1784369 nvme1n1 WS   1581172992 131072    9.813
05:38:57.667 python3        1784369 nvme1n1 WS   1581173248 131072    9.891
05:38:57.667 python3        1784369 nvme1n1 WS   1581173504 131072    9.970
05:38:57.667 python3        1784369 nvme1n1 WS   1581173760 131072   10.048
05:38:57.667 python3        1784369 nvme1n1 WS   1581174016 131072   10.127
05:38:57.667 python3        1784369 nvme1n1 WS   1581174272 131072   10.205
05:38:57.667 python3        1784369 nvme1n1 WS   1581174528 131072   10.269
05:38:57.667 python3        1784369 nvme1n1 WS   1581182976 131072   10.352
05:38:57.667 python3        1784369 nvme1n1 WS   1581183232 131072   10.428
05:38:57.667 python3        1784367 nvme1n1 WS   1581176576 131072   10.538
05:38:57.667 python3        1784367 nvme1n1 WS   1581176832 131072   10.618
05:38:57.668 python3        1784367 nvme1n1 WS   1581177088 131072   10.693
05:38:57.668 python3        1784367 nvme1n1 WS   1581177344 131072   10.771
05:38:57.668 python3        1784367 nvme1n1 WS   1581177600 131072   10.849
05:38:57.668 python3        1784367 nvme1n1 WS   1581177856 131072   10.926
05:38:57.668 python3        1784367 nvme1n1 WS   1581178112 131072   11.002
05:38:57.668 python3        1784367 nvme1n1 WS   1581178368 131072   11.080
05:38:57.668 python3        1784367 nvme1n1 WS   1581178624 131072   11.144
05:38:57.668 python3        1784367 nvme1n1 WS   1581187072 131072   11.222
05:38:57.668 python3        1784367 nvme1n1 WS   1581187328 131072   11.301
05:38:57.668 python3        1784367 nvme1n1 WS   1581180672 131072   11.432
05:38:57.668 python3        1784367 nvme1n1 WS   1581180928 131072   11.506
05:38:57.668 python3        1784367 nvme1n1 WS   1581181184 131072   11.588
05:38:57.669 python3        1784367 nvme1n1 WS   1581181440 131072   11.667
05:38:57.669 python3        1784367 nvme1n1 WS   1581181696 131072   11.747
05:38:57.669 python3        1784367 nvme1n1 WS   1581181952 131072   11.828
05:38:57.669 python3        1784367 nvme1n1 WS   1581182208 131072   11.907
05:38:57.669 python3        1784367 nvme1n1 WS   1581182464 131072   11.987
05:38:57.669 python3        1784367 nvme1n1 WS   1581182720 131072   12.052
05:38:57.669 python3        1784367 nvme1n1 WS   1581191168 131072   12.133
05:38:57.669 python3        1784367 nvme1n1 WS   1581191424 131072   12.213
05:38:57.669 python3        1784367 nvme1n1 WS   1580730368 131072   12.042
05:38:57.669 python3        1784367 nvme1n1 WS   1580730624 131072   12.115
05:38:57.669 python3        1784367 nvme1n1 WS   1580730880 131072   12.193
05:38:57.669 python3        1784367 nvme1n1 WS   1580731136 131072   12.269
05:38:57.669 python3        1784367 nvme1n1 WS   1580731392 102400   12.329
05:38:58.037 nvme           1833496 Unknown N    -1         512       0.081
05:38:58.395 python3        1784367 nvme1n1 WS   1581195264 131072    0.189
05:38:58.395 python3        1784367 nvme1n1 WS   1581195520 131072    0.261
05:38:58.395 python3        1784367 nvme1n1 WS   1581195776 131072    0.343
05:38:58.395 python3        1784367 nvme1n1 WS   1581196032 131072    0.403
05:38:58.395 python3        1784367 nvme1n1 WS   1581196288 131072    0.481
05:38:58.395 python3        1784367 nvme1n1 WS   1581196544 131072    0.612
05:38:58.395 python3        1784367 nvme1n1 WS   1581196800 131072    0.681
05:38:58.395 python3        1784367 nvme1n1 WS   1581197056 131072    0.692
05:38:58.395 python3        1784367 nvme1n1 WS   1581197312 131072    0.770
05:38:58.396 python3        1784367 nvme1n1 WS   1581197568 131072    0.853
05:38:58.396 python3        1784367 nvme1n1 WS   1581197824 131072    0.927
05:38:58.396 python3        1784367 nvme1n1 WS   1581198080 131072    1.005
05:38:58.396 python3        1784367 nvme1n1 WS   1581198336 131072    1.093
05:38:58.396 python3        1784367 nvme1n1 WS   1581198592 131072    1.173
05:38:58.396 python3        1784367 nvme1n1 WS   1581198848 131072    1.242
05:38:58.396 python3        1784368 nvme1n1 WS   1581199360 131072    1.320
05:38:58.396 python3        1784368 nvme1n1 WS   1581199616 131072    1.393
05:38:58.396 python3        1784367 nvme1n1 WS   1581199104 131072    1.473
05:38:58.396 python3        1784367 nvme1n1 WS   1581203456 131072    1.551
05:38:58.396 python3        1784367 nvme1n1 WS   1581203712 131072    1.634
05:38:58.396 python3        1784368 nvme1n1 WS   1581199872 131072    1.725
05:38:58.397 python3        1784368 nvme1n1 WS   1581200128 131072    1.802
05:38:58.397 python3        1784368 nvme1n1 WS   1581200384 131072    1.884
05:38:58.397 python3        1784368 nvme1n1 WS   1581200640 131072    1.963
05:38:58.397 python3        1784368 nvme1n1 WS   1581200896 131072    2.049
05:38:58.397 python3        1784368 nvme1n1 WS   1581201152 131072    2.088
05:38:58.397 python3        1784368 nvme1n1 WS   1581201408 131072    2.160
05:38:58.397 python3        1784368 nvme1n1 WS   1581201664 131072    2.233
05:38:58.397 python3        1784368 nvme1n1 WS   1581201920 131072    2.306
05:38:58.397 python3        1784368 nvme1n1 WS   1581202176 131072    2.378
05:38:58.397 python3        1784368 nvme1n1 WS   1581202432 131072    2.453
05:38:58.397 python3        1784368 nvme1n1 WS   1581202688 131072    2.530
05:38:58.397 python3        1784368 nvme1n1 WS   1581202944 131072    2.602
05:38:58.397 python3        1784369 nvme1n1 WS   1581207552 131072    2.696
05:38:58.398 python3        1784369 nvme1n1 WS   1581207808 131072    2.764
05:38:58.398 python3        1784369 nvme1n1 WS   1581208064 131072    2.838
05:38:58.398 python3        1784369 nvme1n1 WS   1581208320 131072    2.913
05:38:58.398 python3        1784369 nvme1n1 WS   1581208576 131072    2.990
05:38:58.398 python3        1784369 nvme1n1 WS   1581208832 131072    3.063
05:38:58.398 python3        1784369 nvme1n1 WS   1581209088 131072    3.144
05:38:58.398 python3        1784369 nvme1n1 WS   1581209344 131072    3.200
05:38:58.398 python3        1784369 nvme1n1 WS   1581209600 131072    3.279
05:38:58.398 python3        1784369 nvme1n1 WS   1581209856 131072    3.352
05:38:58.398 python3        1784368 nvme1n1 WS   1581211648 131072    3.464
05:38:58.398 python3        1784368 nvme1n1 WS   1581211904 131072    3.530
05:38:58.398 python3        1784368 nvme1n1 WS   1581212160 131072    3.604
05:38:58.399 python3        1784368 nvme1n1 WS   1581212416 131072    3.692
05:38:58.399 python3        1784368 nvme1n1 WS   1581212672 131072    3.753
05:38:58.399 python3        1784368 nvme1n1 WS   1581212928 131072    3.828
05:38:58.399 python3        1784368 nvme1n1 WS   1581213184 131072    3.905
05:38:58.399 python3        1784368 nvme1n1 WS   1581203200 131072    3.988
05:38:58.399 python3        1784368 nvme1n1 WS   1581215744 131072    4.058
05:38:58.399 python3        1784368 nvme1n1 WS   1581216000 131072    4.130
05:38:58.399 python3        1784369 nvme1n1 WS   1581210112 131072    4.205
05:38:58.399 python3        1784369 nvme1n1 WS   1581210368 131072    4.280
05:38:58.399 python3        1784369 nvme1n1 WS   1581210624 131072    4.353
05:38:58.399 python3        1784369 nvme1n1 WS   1581210880 131072    4.432
05:38:58.399 python3        1784369 nvme1n1 WS   1581211136 131072    4.504
05:38:58.399 python3        1784368 nvme1n1 WS   1581213440 131072    4.575
05:38:58.400 python3        1784368 nvme1n1 WS   1581213696 131072    4.646
05:38:58.400 python3        1784368 nvme1n1 WS   1581213952 131072    4.718
05:38:58.400 python3        1784368 nvme1n1 WS   1581214208 131072    4.790
05:38:58.400 python3        1784368 nvme1n1 WS   1581214464 131072    4.865
05:38:58.400 python3        1784368 nvme1n1 WS   1581214720 131072    4.939
05:38:58.400 python3        1784368 nvme1n1 WS   1581214976 131072    5.013
05:38:58.400 python3        1784368 nvme1n1 WS   1581215232 131072    5.087
05:38:58.400 python3        1784366 nvme1n1 WS   1581219840 131072    5.191
05:38:58.400 python3        1784366 nvme1n1 WS   1581220096 131072    5.260
05:38:58.400 python3        1784366 nvme1n1 WS   1581220352 131072    5.334
05:38:58.400 python3        1784366 nvme1n1 WS   1581220608 131072    5.407
05:38:58.400 python3        1784366 nvme1n1 WS   1581220864 131072    5.483
05:38:58.400 python3        1784366 nvme1n1 WS   1581221120 131072    5.558
05:38:58.401 python3        1784366 nvme1n1 WS   1581221376 131072    5.632
05:38:58.401 python3        1784369 nvme1n1 WS   1581211392 131072    5.726
05:38:58.401 python3        1784369 nvme1n1 WS   1581228032 131072    5.802
05:38:58.401 python3        1784369 nvme1n1 WS   1581228288 131072    5.876
05:38:58.401 python3        1784366 nvme1n1 WS   1581223936 131072    5.943
05:38:58.401 python3        1784366 nvme1n1 WS   1581224192 131072    6.010
05:38:58.401 python3        1784366 nvme1n1 WS   1581224448 131072    6.087
05:38:58.401 python3        1784366 nvme1n1 WS   1581224704 131072    6.161
05:38:58.401 python3        1784366 nvme1n1 WS   1581224960 131072    6.237
05:38:58.401 python3        1784366 nvme1n1 WS   1581225216 131072    6.310
05:38:58.401 python3        1784366 nvme1n1 WS   1581225472 131072    6.385
05:38:58.401 python3        1784368 nvme1n1 WS   1581215488 131072    6.486
05:38:58.401 python3        1784368 nvme1n1 WS   1581232128 131072    6.562
05:38:58.402 python3        1784368 nvme1n1 WS   1581232384 131072    6.640
05:38:58.402 python3        1784366 nvme1n1 WS   1581221632 131072    6.747
05:38:58.402 python3        1784366 nvme1n1 WS   1581221888 131072    6.825
05:38:58.402 python3        1784366 nvme1n1 WS   1581222144 131072    6.904
05:38:58.402 python3        1784366 nvme1n1 WS   1581222400 131072    6.980
05:38:58.402 python3        1784366 nvme1n1 WS   1581222656 131072    7.057
05:38:58.402 python3        1784366 nvme1n1 WS   1581222912 131072    7.135
05:38:58.402 python3        1784366 nvme1n1 WS   1581223168 131072    7.212
05:38:58.402 python3        1784366 nvme1n1 WS   1581223424 131072    7.292
05:38:58.402 python3        1784366 nvme1n1 WS   1581223680 131072    7.359
05:38:58.402 python3        1784366 nvme1n1 WS   1581240320 131072    7.432
05:38:58.402 python3        1784366 nvme1n1 WS   1581240576 131072    7.514
05:38:58.403 python3        1784366 nvme1n1 WS   1581225728 131072    7.591
05:38:58.403 python3        1784366 nvme1n1 WS   1581225984 131072    7.667
05:38:58.403 python3        1784366 nvme1n1 WS   1581226240 131072    7.721
05:38:58.403 python3        1784366 nvme1n1 WS   1581226496 131072    7.793
05:38:58.403 python3        1784369 nvme1n1 WS   1581236224 131072    7.872
05:38:58.403 python3        1784366 nvme1n1 WS   1581226752 131072    7.947
05:38:58.403 python3        1784369 nvme1n1 WS   1581236480 131072    8.025
05:38:58.403 python3        1784366 nvme1n1 WS   1581227008 131072    8.099
05:38:58.403 python3        1784369 nvme1n1 WS   1581236736 131072    8.177
05:38:58.403 python3        1784366 nvme1n1 WS   1581227264 131072    8.254
05:38:58.403 python3        1784369 nvme1n1 WS   1581236992 131072    8.330
05:38:58.403 python3        1784366 nvme1n1 WS   1581227520 131072    8.406
05:38:58.403 python3        1784369 nvme1n1 WS   1581237248 131072    8.484
05:38:58.404 python3        1784369 nvme1n1 WS   1581237504 131072    8.561
05:38:58.404 python3        1784369 nvme1n1 WS   1581237760 131072    8.639
05:38:58.404 python3        1784366 nvme1n1 WS   1581227776 131072    8.703
05:38:58.404 python3        1784366 nvme1n1 WS   1581244416 131072    8.780
05:38:58.404 python3        1784366 nvme1n1 WS   1581244672 131072    8.857
05:38:58.404 python3        1784369 nvme1n1 WS   1581238016 131072    8.932
05:38:58.404 python3        1784369 nvme1n1 WS   1581238272 131072    9.009
05:38:58.404 python3        1784369 nvme1n1 WS   1581238528 131072    9.084
05:38:58.404 python3        1784369 nvme1n1 WS   1581238784 131072    9.162
05:38:58.404 python3        1784369 nvme1n1 WS   1581239040 131072    9.238
05:38:58.404 python3        1784369 nvme1n1 WS   1581239296 131072    9.313
05:38:58.404 python3        1784369 nvme1n1 WS   1581239552 131072    9.393
05:38:58.405 python3        1784369 nvme1n1 WS   1581239808 131072    9.483
05:38:58.405 python3        1784369 nvme1n1 WS   1581240064 131072    9.530
05:38:58.405 python3        1784369 nvme1n1 WS   1581805568 131072    9.611
05:38:58.405 python3        1784369 nvme1n1 WS   1581805824 131072    9.688
05:38:58.405 python3        1784368 nvme1n1 WS   1571885056 131072    9.810
05:38:58.405 python3        1784368 nvme1n1 WS   1571885312 131072    9.835
05:38:58.405 python3        1784368 nvme1n1 WS   1571885568 131072    9.909
05:38:58.405 python3        1784368 nvme1n1 WS   1571885824 131072    9.984
05:38:58.405 python3        1784368 nvme1n1 WS   1571886080 131072   10.062
05:38:58.405 python3        1784368 nvme1n1 WS   1571886336 131072   10.136
05:38:58.405 python3        1784368 nvme1n1 WS   1571886592 131072   10.215
05:38:58.405 python3        1784368 nvme1n1 WS   1571886848 131072   10.281
05:38:58.405 python3        1784368 nvme1n1 WS   1571887104 131072   10.358
05:38:58.406 python3        1784366 nvme1n1 WS   1581248512 131072   10.468
05:38:58.406 python3        1784366 nvme1n1 WS   1581248768 131072   10.542
05:38:58.406 python3        1784366 nvme1n1 WS   1572110336 131072   10.618
05:38:58.406 python3        1784366 nvme1n1 WS   1581249024 131072   10.695
05:38:58.406 python3        1784366 nvme1n1 WS   1572110592 131072   10.771
05:38:58.406 python3        1784366 nvme1n1 WS   1581249280 131072   10.847
05:38:58.406 python3        1784366 nvme1n1 WS   1572110848 131072   10.924
05:38:58.406 python3        1784366 nvme1n1 WS   1581249536 131072   11.002
05:38:58.406 python3        1784366 nvme1n1 WS   1572111104 131072   11.077
05:38:58.406 python3        1784366 nvme1n1 WS   1581249792 131072   11.154
05:38:58.406 python3        1784366 nvme1n1 WS   1572111360 131072   11.233
05:38:58.406 python3        1784366 nvme1n1 WS   1581250048 131072   11.309
05:38:58.407 python3        1784366 nvme1n1 WS   1572111616 131072   11.388
05:38:58.407 python3        1784368 nvme1n1 WS   1571887360 131072   11.576
05:38:58.407 python3        1784368 nvme1n1 WS   1571887616 90112    11.579
05:38:58.407 python3        1784366 nvme1n1 WS   1572111872 131072   11.628
05:38:58.407 python3        1784366 nvme1n1 WS   1572112128 131072   11.692
05:38:58.407 python3        1784366 nvme1n1 WS   1572112384 131072   11.766
05:38:58.407 python3        1784366 nvme1n1 WS   1572112640 131072   11.848
05:38:58.407 python3        1784366 nvme1n1 WS   1581250304 131072   11.925
05:38:58.407 python3        1784367 nvme1n1 WS   1572114432 131072   12.025
05:38:58.407 python3        1784367 nvme1n1 WS   1572114688 131072   12.096
05:38:58.407 python3        1784367 nvme1n1 WS   1572114944 131072   12.175
05:38:58.407 python3        1784367 nvme1n1 WS   1572115200 131072   12.246
05:38:58.407 python3        1784367 nvme1n1 WS   1572115456 131072   12.324
05:38:58.408 python3        1784367 nvme1n1 WS   1572115712 131072   12.399
05:38:58.408 python3        1784367 nvme1n1 WS   1572057088 131072   12.487
05:38:58.408 python3        1784367 nvme1n1 WS   1572057344 131072   12.556
05:38:58.408 python3        1784367 nvme1n1 WS   1572057600 131072   12.630
05:38:58.408 python3        1784367 nvme1n1 WS   1572057856 131072   12.705
05:38:58.408 python3        1784367 nvme1n1 WS   1572058112 131072   12.779
05:38:58.408 python3        1784367 nvme1n1 WS   1572058368 131072   12.854
05:38:58.408 python3        1784367 nvme1n1 WS   1572058624 131072   12.929
05:38:58.408 python3        1784367 nvme1n1 WS   1572058880 131072   12.990
05:38:58.408 python3        1784367 nvme1n1 WS   1572059136 131072   13.067
05:38:58.408 python3        1784367 nvme1n1 WS   1572059392 131072   13.141
05:38:58.408 python3        1784367 nvme1n1 WS   1572059648 131072   13.218
05:38:58.408 python3        1784367 nvme1n1 WS   1572115968 131072   13.340
05:38:58.409 python3        1784367 nvme1n1 WS   1572116224 131072   13.400
05:38:58.409 python3        1784367 nvme1n1 WS   1572116480 131072   13.476
05:38:58.409 python3        1784367 nvme1n1 WS   1572116736 131072   13.553
05:38:58.409 python3        1784367 nvme1n1 WS   1572116992 131072   13.628
05:38:58.409 python3        1784367 nvme1n1 WS   1572117248 131072   13.705
05:38:58.409 python3        1784367 nvme1n1 WS   1572117504 131072   13.781
05:38:58.409 python3        1784367 nvme1n1 WS   1572117760 131072   13.858
05:38:58.409 python3        1784366 nvme1n1 WS   1572112896 90112    13.952
05:38:58.409 python3        1784366 nvme1n1 WS   1581250560 131072   14.031
05:38:58.409 python3        1784366 nvme1n1 WS   1581250816 131072   14.107
05:38:58.409 python3        1784366 nvme1n1 WS   1581251072 131072   14.186
05:38:58.409 python3        1784366 nvme1n1 WS   1581251328 131072   14.258
05:38:58.409 python3        1784366 nvme1n1 WS   1581251584 131072   14.337
05:38:58.410 python3        1784366 nvme1n1 WS   1581251840 131072   14.415
05:38:58.410 python3        1784366 nvme1n1 WS   1581252096 131072   14.491
05:38:58.410 python3        1784366 nvme1n1 WS   1581252352 131072   14.553
05:38:58.410 python3        1784368 nvme1n1 WS   1572118528 131072   14.685
05:38:58.410 python3        1784367 nvme1n1 WS   1572118016 131072   14.722
05:38:58.410 python3        1784367 nvme1n1 WS   1572118272 131072   14.771
05:38:58.410 python3        1784367 nvme1n1 WS   1572122624 131072   14.848
05:38:58.410 python3        1784367 nvme1n1 WS   1572122880 131072   14.928
05:38:58.410 python3        1784366 nvme1n1 WS   1581809664 131072   15.025
05:38:58.410 python3        1784366 nvme1n1 WS   1581809920 131072   15.103
05:38:58.410 python3        1784367 nvme1n1 WS   1572059904 131072   15.245
05:38:58.410 python3        1784367 nvme1n1 WS   1572060160 131072   15.268
05:38:58.411 python3        1784367 nvme1n1 WS   1572060416 131072   15.348
05:38:58.411 python3        1784367 nvme1n1 WS   1572060672 131072   15.422
05:38:58.411 python3        1784367 nvme1n1 WS   1572060928 131072   15.488
05:38:58.411 python3        1784367 nvme1n1 WS   1572061184 131072   15.564
05:38:58.411 python3        1784367 nvme1n1 WS   1572061440 131072   15.644
05:38:58.411 python3        1784368 nvme1n1 WS   1572118784 131072   15.753
05:38:58.411 python3        1784368 nvme1n1 WS   1572119040 131072   15.833
05:38:58.411 python3        1784368 nvme1n1 WS   1572119296 131072   15.912
05:38:58.411 python3        1784368 nvme1n1 WS   1572119552 131072   15.988
05:38:58.411 python3        1784368 nvme1n1 WS   1572119808 131072   16.065
05:38:58.411 python3        1784368 nvme1n1 WS   1572120064 131072   16.140
05:38:58.411 python3        1784368 nvme1n1 WS   1572120320 131072   16.203
05:38:58.412 python3        1784368 nvme1n1 WS   1572120576 131072   16.308
05:38:58.412 python3        1784368 nvme1n1 WS   1572120832 131072   16.386
05:38:58.412 python3        1784368 nvme1n1 WS   1572121088 131072   16.465
05:38:58.412 python3        1784368 nvme1n1 WS   1572121344 131072   16.543
05:38:58.412 python3        1784368 nvme1n1 WS   1572121600 131072   16.624
05:38:58.412 python3        1784368 nvme1n1 WS   1572121856 131072   16.698
05:38:58.412 python3        1784368 nvme1n1 WS   1572122112 131072   16.780
05:38:58.412 python3        1784369 nvme1n1 WS   1571889152 131072   16.888
05:38:58.412 python3        1784369 nvme1n1 WS   1571889408 131072   16.960
05:38:58.412 python3        1784369 nvme1n1 WS   1571889664 131072   17.035
05:38:58.412 python3        1784369 nvme1n1 WS   1571889920 131072   17.113
05:38:58.412 python3        1784369 nvme1n1 WS   1571890176 131072   17.190
05:38:58.413 python3        1784369 nvme1n1 WS   1571890432 131072   17.268
05:38:58.413 python3        1784369 nvme1n1 WS   1571890688 131072   17.336
05:38:58.413 python3        1784369 nvme1n1 WS   1571890944 131072   17.386
05:38:58.413 python3        1784369 nvme1n1 WS   1571891200 131072   17.461
05:38:58.413 python3        1784369 nvme1n1 WS   1571891456 131072   17.537
05:38:58.413 python3        1784369 nvme1n1 WS   1571891712 131072   17.615
05:38:58.413 python3        1784369 nvme1n1 WS   1571891968 131072   17.693
05:38:58.413 python3        1784369 nvme1n1 WS   1571892224 131072   17.770
05:38:58.413 python3        1784369 nvme1n1 WS   1571892480 131072   17.850
05:38:58.413 python3        1784369 nvme1n1 WS   1571892736 131072   17.924
05:38:58.413 python3        1784368 nvme1n1 WS   1572122368 131072   18.096
05:38:58.413 python3        1784368 nvme1n1 WS   1572126720 131072   18.130
05:38:58.413 python3        1784368 nvme1n1 WS   1572126976 131072   18.206
05:38:58.414 python3        1784369 nvme1n1 WS   1571893248 131072   18.398
05:38:58.414 python3        1784369 nvme1n1 WS   1571893504 131072   18.399
05:38:58.414 python3        1784369 nvme1n1 WS   1571893760 131072   18.445
05:38:58.414 python3        1784369 nvme1n1 WS   1571894016 131072   18.527
05:38:58.414 python3        1784369 nvme1n1 WS   1571894272 131072   18.613
05:38:58.414 python3        1784369 nvme1n1 WS   1571894528 131072   18.689
05:38:58.414 python3        1784369 nvme1n1 WS   1571894784 131072   18.772
05:38:58.414 python3        1784369 nvme1n1 WS   1571895040 131072   18.837
05:38:58.414 python3        1784369 nvme1n1 WS   1571895296 131072   18.916
05:38:58.414 python3        1784369 nvme1n1 WS   1571895552 131072   18.993
05:38:58.414 python3        1784369 nvme1n1 WS   1571895808 90112    19.044
05:38:58.414 python3        1784367 nvme1n1 WS   1572065280 131072   19.146
05:38:58.415 python3        1784367 nvme1n1 WS   1572065536 131072   19.218
05:38:58.415 python3        1784367 nvme1n1 WS   1572065792 131072   19.293
05:38:58.415 python3        1784367 nvme1n1 WS   1572066048 131072   19.371
05:38:58.415 python3        1784367 nvme1n1 WS   1572066304 131072   19.447
05:38:58.415 python3        1784367 nvme1n1 WS   1572066560 131072   19.525
05:38:58.415 python3        1784367 nvme1n1 WS   1572066816 131072   19.601
05:38:58.415 python3        1784367 nvme1n1 WS   1572067072 131072   19.674
05:38:58.415 python3        1784367 nvme1n1 WS   1572067328 131072   19.754
05:38:58.415 python3        1784367 nvme1n1 WS   1572067584 131072   19.830
05:38:58.415 python3        1784367 nvme1n1 WS   1572067840 90112    19.885
05:38:58.415 python3        1784369 nvme1n1 WS   1571892992 131072   19.962
05:38:58.415 python3        1784369 nvme1n1 WS   1572069376 131072   20.035
05:38:58.415 python3        1784369 nvme1n1 WS   1572069632 131072   20.116
05:38:59.039 nvme           1833505 Unknown N    -1         512       0.037
05:39:00.042 nvme           1833515 Unknown N    -1         512       0.078
05:39:00.251 jbd2/nv        752     nvme1n1 WSM  878505888  131072    0.170
05:39:00.251 jbd2/nv        752     nvme1n1 WSM  878506144  131072    0.213
05:39:00.251 jbd2/nv        752     nvme1n1 WSM  878506400  45056     0.223
05:39:00.251 jbd2/nv        752     nvme1n1 WSM  878506488  4096      0.037
05:39:01.044 nvme           1833520 Unknown N    -1         512       0.036
05:39:01.152 kworker        1790484 nvme1n1 W    1757039296 8192      0.077
05:39:01.152 kworker        1790484 nvme1n1 W    1756262752 4096      0.082
05:39:01.152 kworker        1790484 nvme1n1 W    1177155048 16384     0.100
05:39:01.152 kworker        1790484 nvme1n1 W    1569165552 98304     0.147
05:39:01.152 kworker        1790484 nvme1n1 W    844518096  86016     0.199
05:39:01.152 kworker        1790484 nvme1n1 W    844532736  77824     0.255
05:39:01.153 kworker        1790484 nvme1n1 W    1757039040 131072    0.327
05:39:02.030 amoprof        1787544 nvme1n1 W    608448192  4096      0.055
