TIMESTAMP    COMM           PID     DISK    T    SECTOR     BYTES   LAT(ms)
04:20:42.732 nvme           1731188 Unknown N    -1         512       0.038
04:20:43.040 kworker        1666595 nvme1n1 W    1719341008 4096      0.054
04:20:43.735 nvme           1731240 Unknown N    -1         512       0.100
04:20:44.065 kworker        1730282 nvme0n1 W    33063496   16384     0.552
04:20:44.576 jbd2/nv        752     nvme1n1 WSM  877919984  110592    0.143
04:20:44.576 jbd2/nv        752     nvme1n1 WSM  877920200  4096      0.030
04:20:44.737 nvme           1731241 Unknown N    -1         512       0.101
04:20:45.740 nvme           1731242 Unknown N    -1         512       0.028
04:20:46.742 nvme           1731243 Unknown N    -1         512       0.083
04:20:47.744 nvme           1731244 Unknown N    -1         512       0.030
04:20:48.160 kworker        1730282 nvme1n1 W    1719353280 4096      0.055
04:20:48.746 nvme           1731245 Unknown N    -1         512       0.074
04:20:49.697 kworker        1730282 nvme1n1 W    1639456744 8192      0.099
04:20:49.697 kworker        1730282 nvme1n1 W    600126272  94208     0.148
04:20:49.697 kworker        1730282 nvme1n1 W    1561711536 131072    0.232
04:20:49.697 kworker        1730282 nvme1n1 W    1561711792 61440     0.267
04:20:49.697 kworker        1730282 nvme1n1 W    600126456  32768     0.288
04:20:49.697 kworker        1730282 nvme1n1 W    1561711912 131072    0.365
04:20:49.697 kworker        1730282 nvme1n1 W    1561712168 90112     0.418
04:20:49.697 kworker        1730282 nvme1n1 W    1534929000 77824     0.466
04:20:49.697 kworker        1730282 nvme1n1 W    600126520  45056     0.282
04:20:49.749 nvme           1731246 Unknown N    -1         512       0.024
04:20:49.976 jbd2/nv        752     nvme1n1 WSM  877920208  73728     0.109
04:20:49.976 jbd2/nv        752     nvme1n1 WSM  877920352  4096      0.031
04:20:50.751 nvme           1731247 Unknown N    -1         512       0.084
04:20:51.753 nvme           1731248 Unknown N    -1         512       0.072
04:20:52.740 amoprof        1271097 nvme1n1 W    600072752  4096      0.058
