TIMESTAMP    COMM           PID     DISK    T    SECTOR     BYTES   LAT(ms)
01:18:38.499 nvme           1532918 Unknown N    -1         512       0.036
01:18:39.501 nvme           1532983 Unknown N    -1         512       0.029
01:18:40.503 nvme           1532992 Unknown N    -1         512       0.038
01:18:41.056 kworker        1259302 nvme1n1 W    1625052568 8192      0.065
01:18:41.057 kworker        1513369 nvme0n1 W    37332560   4096      0.584
01:18:41.057 kworker        1513369 nvme0n1 W    8143096    131072    1.127
01:18:41.058 kworker        1513369 nvme0n1 W    36023808   262144    1.666
01:18:41.058 kworker        1513369 nvme0n1 W    36029952   131072    1.698
01:18:41.058 kworker        1513369 nvme0n1 W    8135416    262144    1.782
01:18:41.058 kworker        1513369 nvme0n1 W    36167072   16384     1.736
01:18:41.058 kworker        1513369 nvme0n1 W    36167520   16384     1.738
01:18:41.058 kworker        1513369 nvme0n1 W    36166400   131072    1.832
01:18:41.058 kworker        1513369 nvme0n1 W    36167968   4096      0.716
01:18:41.058 kworker        1513369 nvme0n1 W    36168384   32768     0.718
01:18:41.059 kworker        1513369 nvme0n1 W    36174336   65536     0.663
01:18:41.059 kworker        1513369 nvme0n1 W    36315792   40960     0.645
01:18:41.059 kworker        1513369 nvme0n1 W    36177280   65536     0.761
01:18:41.059 kworker        1513369 nvme0n1 W    36316928   131072    0.885
01:18:41.059 kworker        1513369 nvme0n1 W    36323072   16384     0.694
01:18:41.059 kworker        1513369 nvme0n1 W    36322384   4096      0.706
01:18:41.059 kworker        1513369 nvme0n1 W    36321792   131072    1.023
01:18:41.059 kworker        1513369 nvme0n1 W    36324096   65536     0.832
01:18:41.059 kworker        1513369 nvme0n1 W    7337984    4096      0.385
01:18:41.506 nvme           1533003 Unknown N    -1         512       0.079
01:18:41.568 jbd2/nv        752     nvme1n1 WSM  877579816  114688    0.144
01:18:41.568 jbd2/nv        752     nvme1n1 WSM  877580040  4096      0.029
01:18:42.508 nvme           1533007 Unknown N    -1         512       0.031
01:18:42.592 kworker        1259302 nvme1n1 W    1719340960 4096      0.053
01:18:42.592 kworker        1259302 nvme1n1 W    1719353232 4096      0.061
01:18:43.510 nvme           1533011 Unknown N    -1         512       0.106
01:18:43.617 kworker        1259302 nvme1n1 W    587561792  98304     0.169
01:18:43.617 kworker        1259302 nvme1n1 W    1486213632 131072    0.241
01:18:43.617 kworker        1259302 nvme1n1 W    1486213888 61440     0.276
01:18:43.617 kworker        1259302 nvme1n1 W    587561984  32768     0.295
01:18:43.617 kworker        1259302 nvme1n1 W    1486145536 131072    0.375
01:18:43.617 kworker        1259302 nvme1n1 W    1486145792 90112     0.432
01:18:43.617 kworker        1259302 nvme1n1 W    1176637240 77824     0.478
01:18:43.617 kworker        1259302 nvme1n1 W    587562048  45056     0.503
01:18:44.513 nvme           1533031 Unknown N    -1         512       0.080
01:18:45.153 kworker        1513369 nvme0n1 W    37217456   4096      0.512
01:18:45.515 nvme           1533040 Unknown N    -1         512       0.093
01:18:46.517 nvme           1533044 Unknown N    -1         512       0.033
01:18:46.798 jbd2/nv        752     nvme1n1 WSM  877580048  61440     0.100
01:18:46.798 jbd2/nv        752     nvme1n1 WSM  877580168  4096      0.031
01:18:47.519 nvme           1533054 Unknown N    -1         512       0.033
01:18:48.506 amoprof        1271097 nvme1n1 W    1488673992 4096      0.057
