TIMESTAMP    COMM           PID     DISK    T    SECTOR     BYTES   LAT(ms)
09:07:31.889 nvme           2187102 Unknown N    -1         512       0.031
09:07:32.385 kworker        1696237 nvme0n1 W    37710024   4096      0.904
09:07:32.385 kworker        1696237 nvme0n1 W    38458744   8192      1.022
09:07:32.385 kworker        2166224 nvme0n1 W    7337984    4096      0.957
09:07:32.385 kworker        2166224 nvme0n1 W    8128712    4096      0.958
09:07:32.385 kworker        2166224 nvme0n1 W    8128664    4096      1.017
09:07:32.385 kworker        2166224 nvme0n1 W    8128792    16384     1.075
09:07:32.385 kworker        2166224 nvme0n1 W    8128856    32768     1.261
09:07:32.387 kworker        2166224 nvme0n1 W    8129144    262144    3.092
09:07:32.388 kworker        2166224 nvme0n1 W    8129656    262144    2.750
09:07:32.388 kworker        2166224 nvme0n1 W    8130680    262144    3.009
09:07:32.389 kworker        2166224 nvme0n1 W    8131704    262144    3.876
09:07:32.390 kworker        2166224 nvme0n1 W    8130168    262144    4.408
09:07:32.390 kworker        2166224 nvme0n1 W    8131192    262144    5.305
09:07:32.390 kworker        2166224 nvme0n1 W    8132728    196608    3.219
09:07:32.391 kworker        2166224 nvme0n1 W    8132216    262144    5.702
09:07:32.391 kworker        2166224 nvme0n1 W    8133880    131072    3.009
09:07:32.392 kworker        2166224 nvme0n1 W    8133368    262144    4.585
09:07:32.393 kworker        2166224 nvme0n1 W    8134648    262144    4.468
09:07:32.393 kworker        2166224 nvme0n1 W    8137464    131072    2.250
09:07:32.393 kworker        2166224 nvme0n1 W    8139512    131072    2.052
09:07:32.394 kworker        2166224 nvme0n1 W    8135160    262144    4.099
09:07:32.394 kworker        2166224 nvme0n1 W    8140024    131072    2.523
09:07:32.394 kworker        2166224 nvme0n1 W    8135672    262144    4.782
09:07:32.395 kworker        2166224 nvme0n1 W    8136440    262144    4.049
09:07:32.395 kworker        2166224 nvme0n1 W    8142456    65536     1.816
09:07:32.395 kworker        2166224 nvme0n1 W    8144376    131072    1.863
09:07:32.395 kworker        2166224 nvme0n1 W    36014592   65536     2.002
09:07:32.395 kworker        2166224 nvme0n1 W    36019392   16384     1.512
09:07:32.395 kworker        2166224 nvme0n1 W    36016384   16384     1.576
09:07:32.396 kworker        2166224 nvme0n1 W    8142840    262144    3.228
09:07:32.397 kworker        2166224 nvme0n1 W    36029440   131072    2.231
09:07:32.397 kworker        2166224 nvme0n1 W    36023808   262144    2.393
09:07:32.397 kworker        2166224 nvme0n1 W    36029952   131072    2.538
09:07:32.397 kworker        2166224 nvme0n1 W    36161728   16384     1.818
09:07:32.397 kworker        2166224 nvme0n1 W    36162816   131072    2.191
09:07:32.398 kworker        2166224 nvme0n1 W    36164096   262144    3.125
09:07:32.398 kworker        2166224 nvme0n1 W    36164832   16384     2.442
09:07:32.399 kworker        2166224 nvme0n1 W    36167184   4096      1.545
09:07:32.399 kworker        2166224 nvme0n1 W    36165632   131072    2.533
09:07:32.399 kworker        2166224 nvme0n1 W    36168072   8192      1.374
09:07:32.399 kworker        2166224 nvme0n1 W    36167552   65536     1.527
09:07:32.399 kworker        2166224 nvme0n1 W    36168520   4096      0.499
09:07:32.399 kworker        2166224 nvme0n1 W    36169776   4096      0.548
09:07:32.399 kworker        2166224 nvme0n1 W    36169728   4096      0.558
09:07:32.399 kworker        2166224 nvme0n1 W    36169832   4096      0.563
09:07:32.399 kworker        2166224 nvme0n1 W    36168992   16384     0.638
09:07:32.400 kworker        2166224 nvme0n1 W    36166400   262144    2.734
09:07:32.400 kworker        2166224 nvme0n1 W    36169896   4096      1.054
09:07:32.400 kworker        2166224 nvme0n1 W    36170496   131072    1.217
09:07:32.400 kworker        2166224 nvme0n1 W    36171008   131072    1.338
09:07:32.401 kworker        2166224 nvme0n1 W    36169216   262144    2.001
09:07:32.401 kworker        2166224 nvme0n1 W    36172800   262144    2.178
09:07:32.401 kworker        2166224 nvme0n1 W    36174144   16384     1.636
09:07:32.402 kworker        2166224 nvme0n1 W    36174464   65536     1.485
09:07:32.402 kworker        2166224 nvme0n1 W    36171520   262144    2.811
09:07:32.402 kworker        2166224 nvme0n1 W    36173312   262144    2.611
09:07:32.402 kworker        2166224 nvme0n1 W    36175168   229376    2.107
09:07:32.402 kworker        2166224 nvme0n1 W    36177024   16384     1.872
09:07:32.403 kworker        2166224 nvme0n1 W    36177280   65536     1.710
09:07:32.403 kworker        2166224 nvme0n1 W    36309000   4096      1.043
09:07:32.403 kworker        2166224 nvme0n1 W    36177152   16384     1.721
09:07:32.403 kworker        2166224 nvme0n1 W    36176384   262144    2.691
09:07:32.403 kworker        2166224 nvme0n1 W    36309048   4096      1.017
09:07:32.404 kworker        2166224 nvme0n1 W    36309144   4096      1.025
09:07:32.404 kworker        2166224 nvme0n1 W    36309096   4096      1.028
09:07:32.404 kworker        2166224 nvme0n1 W    36309192   4096      0.521
09:07:32.404 kworker        2166224 nvme0n1 W    36309296   4096      0.618
09:07:32.404 kworker        2166224 nvme0n1 W    36309248   4096      0.621
09:07:32.404 kworker        2166224 nvme0n1 W    36177536   196608    1.752
09:07:32.404 kworker        2166224 nvme0n1 W    36310320   4096      0.751
09:07:32.404 kworker        2166224 nvme0n1 W    36309344   4096      0.757
09:07:32.404 kworker        2166224 nvme0n1 W    36309392   4096      0.762
09:07:32.405 kworker        2166224 nvme0n1 W    36310464   4096      0.856
09:07:32.405 kworker        2166224 nvme0n1 W    36310616   4096      0.882
09:07:32.405 kworker        2166224 nvme0n1 W    36310912   4096      0.894
09:07:32.405 kworker        2166224 nvme0n1 W    36310760   4096      0.901
09:07:32.405 kworker        2166224 nvme0n1 W    36311056   4096      0.908
09:07:32.405 kworker        2166224 nvme0n1 W    36311680   65536     0.994
09:07:32.405 kworker        2166224 nvme0n1 W    36315136   131072    1.130
09:07:32.406 kworker        2166224 nvme0n1 W    36309888   196608    2.214
09:07:32.406 kworker        2166224 nvme0n1 W    36315792   40960     1.207
09:07:32.406 kworker        2166224 nvme0n1 W    36316288   65536     1.409
09:07:32.406 kworker        2166224 nvme0n1 W    36316672   131072    1.792
09:07:32.407 kworker        2166224 nvme0n1 W    36317184   131072    1.923
09:07:32.407 kworker        2166224 nvme0n1 W    36317856   16384     1.270
09:07:32.407 kworker        2166224 nvme0n1 W    36318784   16384     1.271
09:07:32.408 kworker        2166224 nvme0n1 W    36320000   131072    1.870
09:07:32.408 kworker        2166224 nvme0n1 W    36320288   4096      1.592
09:07:32.408 kworker        2166224 nvme0n1 W    36320384   4096      1.057
09:07:32.408 kworker        2166224 nvme0n1 W    36320336   4096      1.602
09:07:32.408 kworker        2166224 nvme0n1 W    36320888   4096      1.064
09:07:32.408 kworker        2166224 nvme0n1 W    36320544   4096      1.072
09:07:32.408 kworker        2166224 nvme0n1 W    36320704   32768     1.072
09:07:32.408 kworker        2166224 nvme0n1 W    36322856   4096      0.463
09:07:32.408 kworker        2166224 nvme0n1 W    36319488   262144    2.488
09:07:32.408 kworker        2166224 nvme0n1 W    36322440   8192      0.552
09:07:32.408 kworker        2166224 nvme0n1 W    36320904   4096      0.564
09:07:32.409 kworker        2166224 nvme0n1 W    36323136   16384     1.434
09:07:32.409 kworker        2166224 nvme0n1 W    36323808   16384     1.435
09:07:32.409 kworker        2166224 nvme0n1 W    36321792   131072    1.522
09:07:32.409 kworker        2166224 nvme0n1 W    36323968   65536     1.097
09:07:32.410 kworker        2166224 nvme0n1 W    36324864   131072    1.819
09:07:32.410 kworker        2166224 nvme0n1 W    36228864   131072    1.942
09:07:32.410 kworker        2166224 nvme0n1 W    36229504   16384     1.067
09:07:32.410 kworker        2166224 nvme0n1 W    36321280   262144    2.551
09:07:32.410 kworker        2166224 nvme0n1 W    36324352   262144    2.176
09:07:32.411 kworker        2166224 nvme0n1 W    36232384   16384     1.343
09:07:32.411 kworker        2166224 nvme0n1 W    36231424   131072    1.467
09:07:32.411 kworker        2166224 nvme0n1 W    36232960   131072    1.073
09:07:32.411 kworker        2166224 nvme0n1 W    36236800   16384     1.051
09:07:32.412 kworker        2166224 nvme0n1 W    36230144   262144    2.416
09:07:32.412 kworker        2166224 nvme0n1 W    36236032   131072    1.327
09:07:32.412 kworker        2166224 nvme0n1 W    36237056   131072    1.459
09:07:32.412 kworker        2166224 nvme0n1 W    36237328   4096      1.060
09:07:32.412 kworker        2166224 nvme0n1 W    36237376   98304     1.207
09:07:32.412 kworker        2166224 nvme0n1 W    36237576   4096      0.684
09:07:32.412 kworker        2166224 nvme0n1 W    36237624   4096      0.705
09:07:32.412 kworker        2166224 nvme0n1 W    36237680   4096      0.705
09:07:32.412 kworker        2166224 nvme0n1 W    36237696   4096      0.626
09:07:32.413 kworker        2166224 nvme0n1 W    36237920   49152     0.829
09:07:32.892 nvme           2187106 Unknown N    -1         512       0.028
09:07:32.894 jbd2/nv        752     nvme1n1 WSM  878425176  131072    0.153
09:07:32.894 jbd2/nv        752     nvme1n1 WSM  878425432  4096      0.030
09:07:33.408 kworker        2166224 nvme1n1 WM   0          4096      0.109
09:07:33.408 kworker        2166224 nvme1n1 WM   48         4096      0.121
09:07:33.408 kworker        2166224 nvme1n1 WM   152        4096      0.122
09:07:33.408 kworker        2166224 nvme1n1 WM   224        4096      0.125
09:07:33.408 kworker        2166224 nvme1n1 WM   288        8192      0.133
09:07:33.408 kworker        2166224 nvme1n1 WM   736        8192      0.136
09:07:33.408 kworker        2166224 nvme1n1 WM   776        4096      0.139
09:07:33.408 kworker        2166224 nvme1n1 WM   83886208   4096      0.140
09:07:33.408 kworker        2166224 nvme1n1 WM   83886344   4096      0.142
09:07:33.408 kworker        2166224 nvme1n1 WM   310378544  4096      0.143
09:07:33.408 kworker        2166224 nvme1n1 WM   461373568  4096      0.146
09:07:33.408 kworker        2166224 nvme1n1 WM   461373696  8192      0.150
09:07:33.408 kworker        2166224 nvme1n1 WM   461373728  4096      0.152
09:07:33.408 kworker        2166224 nvme1n1 WM   461374248  4096      0.153
09:07:33.408 kworker        2166224 nvme1n1 WM   591396872  4096      0.155
09:07:33.408 kworker        2166224 nvme1n1 WM   591667272  8192      0.156
09:07:33.408 kworker        2166224 nvme1n1 WM   591667432  4096      0.076
09:07:33.408 kworker        2166224 nvme1n1 WM   591667744  4096      0.077
09:07:33.408 kworker        2166224 nvme1n1 WM   591668504  4096      0.088
09:07:33.408 kworker        2166224 nvme1n1 WM   591668648  4096      0.091
09:07:33.408 kworker        2166224 nvme1n1 WM   591668768  4096      0.093
09:07:33.408 kworker        2166224 nvme1n1 WM   591669072  4096      0.094
09:07:33.408 kworker        2166224 nvme1n1 WM   591669240  4096      0.098
09:07:33.408 kworker        2166224 nvme1n1 WM   591669392  4096      0.099
09:07:33.408 kworker        2166224 nvme1n1 WM   591669904  4096      0.101
09:07:33.408 kworker        2166224 nvme1n1 WM   612368400  8192      0.104
09:07:33.408 kworker        2166224 nvme1n1 WM   616562696  4096      0.108
09:07:33.408 kworker        2166224 nvme1n1 WM   616562832  4096      0.113
09:07:33.408 kworker        2166224 nvme1n1 WM   616573368  4096      0.116
09:07:33.408 kworker        2166224 nvme1n1 WM   616573448  4096      0.117
09:07:33.409 kworker        2166224 nvme1n1 WM   1484789216 4096      0.118
09:07:33.409 kworker        2166224 nvme1n1 WM   616574432  65536     0.154
09:07:33.409 kworker        2166224 nvme1n1 WM   1493172480 4096      0.081
09:07:33.409 kworker        2166224 nvme1n1 WM   1493172504 4096      0.084
09:07:33.409 kworker        2166224 nvme1n1 WM   1530920992 4096      0.084
09:07:33.409 kworker        2166224 nvme1n1 WM   1532037888 4096      0.086
09:07:33.409 kworker        2166224 nvme1n1 WM   1532038440 8192      0.087
09:07:33.409 kworker        2166224 nvme1n1 WM   1532100848 8192      0.087
09:07:33.409 kworker        2166224 nvme1n1 WM   1556086856 4096      0.092
09:07:33.409 kworker        2166224 nvme1n1 WM   1614807120 4096      0.099
09:07:33.409 kworker        2166224 nvme1n1 WM   1707383280 4096      0.099
09:07:33.409 kworker        2166224 nvme1n1 WM   1707589104 4096      0.099
09:07:33.409 kworker        2166224 nvme1n1 WM   1532038752 16384     0.108
09:07:33.894 nvme           2187107 Unknown N    -1         512       0.030
09:07:34.896 nvme           2187108 Unknown N    -1         512       0.026
09:07:35.898 nvme           2187113 Unknown N    -1         512       0.031
09:07:36.901 nvme           2187114 Unknown N    -1         512       0.027
09:07:37.773 dockerd        1436    nvme1n1 WS   616831160  4096      0.054
09:07:37.773 jbd2/nv        752     nvme1n1 WSM  878425440  40960     0.071
09:07:37.773 jbd2/nv        752     nvme1n1 WSM  878425520  4096      0.029
09:07:37.773 dockerd        1436    nvme1n1 WS   616831168  4096      0.031
09:07:37.774 jbd2/nv        752     nvme1n1 WSM  878425528  36864     0.056
09:07:37.774 jbd2/nv        752     nvme1n1 WSM  878425600  4096      0.026
09:07:37.803 contain        1195    nvme1n1 WS   1730873960 4096      0.060
09:07:37.803 contain        1195    nvme1n1 WS   1730874016 4096      0.069
09:07:37.803 contain        1195    nvme1n1 WS   1730874032 4096      0.070
09:07:37.803 contain        1195    nvme1n1 WS   1730874168 4096      0.075
09:07:37.803 contain        1195    nvme1n1 WS   1429520    4096      0.027
09:07:37.814 dockerd        1436    nvme1n1 WS   1757812056 4096      0.041
09:07:37.814 dockerd        1436    nvme1n1 WS   1757812096 12288     0.050
09:07:37.814 dockerd        1436    nvme1n1 WS   1323304    4096      0.027
09:07:37.839 dockerd        1436    nvme1n1 WS   1323328    4096      0.049
09:07:37.839 dockerd        1436    nvme1n1 WS   1528463928 4096      0.056
09:07:37.839 dockerd        1436    nvme1n1 WS   1757812088 4096      0.057
09:07:37.839 dockerd        1436    nvme1n1 WS   1757812120 8192      0.060
09:07:37.840 dockerd        1436    nvme1n1 WS   1323312    4096      0.028
09:07:37.840 dockerd        1436    nvme1n1 W    616868184  4096      0.028
09:07:37.840 dockerd        1436    nvme1n1 WS   1757812072 8192      0.035
09:07:37.840 dockerd        1436    nvme1n1 WS   1757812096 8192      0.043
09:07:37.840 dockerd        1436    nvme1n1 WS   1323304    4096      0.027
09:07:37.873 dockerd        1436    nvme1n1 WS   1323328    4096      0.050
09:07:37.873 dockerd        1436    nvme1n1 WS   1528463928 4096      0.056
09:07:37.873 dockerd        1436    nvme1n1 WS   1757812088 4096      0.057
09:07:37.873 dockerd        1436    nvme1n1 WS   1757812112 4096      0.057
09:07:37.873 dockerd        1436    nvme1n1 WS   1323312    4096      0.026
09:07:37.873 dockerd        1436    nvme1n1 WS   1757812056 4096      0.037
09:07:37.873 dockerd        1436    nvme1n1 WS   1757812080 4096      0.042
09:07:37.873 dockerd        1436    nvme1n1 WS   1757812096 8192      0.048
09:07:37.874 dockerd        1436    nvme1n1 WS   1323304    4096      0.027
09:07:37.874 kworker        2185392 nvme1n1 W    1618069568 12288     0.043
09:07:37.874 kworker        2166224 nvme1n1 W    616963840  4096      0.052
09:07:37.874 kworker        2166224 nvme1n1 W    1565495312 4096      0.058
09:07:37.874 kworker        2166224 nvme1n1 W    1622538784 4096      0.062
09:07:37.874 kworker        2166224 nvme1n1 W    616963848  4096      0.068
09:07:37.874 kworker        2145130 nvme1n1 W    616893360  16384     0.060
09:07:37.874 kworker        1696237 nvme1n1 W    1558536672 4096      0.045
09:07:37.874 kworker        1696237 nvme1n1 W    1614409656 28672     0.057
09:07:37.874 kworker        1696237 nvme1n1 W    613289144  61440     0.094
09:07:37.875 kworker        1696237 nvme1n1 W    616892128  4096      0.069
09:07:37.875 kworker        1696237 nvme1n1 W    613289264  126976    0.162
09:07:37.875 kworker        1696237 nvme1n1 W    613289512  126976    0.239
09:07:37.875 kworker        1696237 nvme1n1 W    1624091920 131072    0.319
09:07:37.875 kworker        1696237 nvme1n1 W    1624092176 61440     0.357
09:07:37.875 kworker        1696237 nvme1n1 W    613289760  32768     0.375
09:07:37.875 kworker        1696237 nvme1n1 W    1624105472 131072    0.460
09:07:37.875 kworker        1696237 nvme1n1 W    1624105728 90112     0.518
09:07:37.875 kworker        1696237 nvme1n1 W    1755607512 4096      0.238
09:07:37.875 kworker        1696237 nvme1n1 W    722932000  77824     0.286
09:07:37.875 kworker        1696237 nvme1n1 W    613289824  45056     0.311
09:07:37.875 kworker        1696237 nvme1n1 W    616892664  4096      0.186
09:07:37.875 kworker        1696237 nvme1n1 W    1756184528 94208     0.242
09:07:37.875 kworker        1696237 nvme1n1 W    613289912  28672     0.258
09:07:37.877 kworker        1696237 nvme1n1 W    1558540288 12288     0.082
09:07:37.877 kworker        1696237 nvme1n1 W    616965624  131072    0.167
09:07:37.877 kworker        1696237 nvme1n1 W    1624092296 131072    0.245
09:07:37.877 kworker        1696237 nvme1n1 W    1624092552 61440     0.282
09:07:37.877 kworker        1696237 nvme1n1 W    616965880  32768     0.303
09:07:37.877 kworker        1696237 nvme1n1 W    1624056752 131072    0.387
09:07:37.877 kworker        1696237 nvme1n1 W    1624057008 90112     0.444
09:07:37.877 kworker        1696237 nvme1n1 W    722932152  77824     0.490
09:07:37.877 kworker        1696237 nvme1n1 W    616965944  77824     0.270
09:07:37.877 jbd2/nv        752     nvme1n1 WSM  878425608  131072    0.155
09:07:37.877 jbd2/nv        752     nvme1n1 WSM  878425864  65536     0.168
09:07:37.877 jbd2/nv        752     nvme1n1 WSM  878425992  4096      0.029
09:07:37.878 jbd2/nv        752     nvme1n1 WSM  878426000  12288     0.038
09:07:37.878 jbd2/nv        752     nvme1n1 WSM  878426024  4096      0.030
09:07:37.878 dockerd        1436    nvme1n1 WSM  0          4096      0.077
09:07:37.878 dockerd        1436    nvme1n1 WSM  48         4096      0.081
09:07:37.878 dockerd        1436    nvme1n1 WSM  224        4096      0.086
09:07:37.878 dockerd        1436    nvme1n1 WSM  288        8192      0.088
09:07:37.878 dockerd        1436    nvme1n1 WSM  352        4096      0.090
09:07:37.878 dockerd        1436    nvme1n1 WSM  744        4096      0.092
09:07:37.878 dockerd        1436    nvme1n1 WSM  776        4096      0.093
09:07:37.878 dockerd        1436    nvme1n1 WSM  840        4096      0.095
09:07:37.878 dockerd        1436    nvme1n1 WSM  83886208   4096      0.099
09:07:37.878 dockerd        1436    nvme1n1 WSM  83886344   4096      0.099
09:07:37.878 dockerd        1436    nvme1n1 WSM  461373568  4096      0.106
09:07:37.878 dockerd        1436    nvme1n1 WSM  461373696  4096      0.107
09:07:37.878 dockerd        1436    nvme1n1 WSM  461374248  4096      0.109
09:07:37.878 dockerd        1436    nvme1n1 WSM  591396872  4096      0.111
09:07:37.878 dockerd        1436    nvme1n1 WSM  591667432  4096      0.112
09:07:37.878 dockerd        1436    nvme1n1 WSM  612368408  4096      0.112
09:07:37.878 dockerd        1436    nvme1n1 WSM  616562696  4096      0.069
09:07:37.878 dockerd        1436    nvme1n1 WSM  616573368  4096      0.070
09:07:37.878 dockerd        1436    nvme1n1 WSM  616573448  4096      0.075
09:07:37.878 dockerd        1436    nvme1n1 WSM  721420328  4096      0.076
09:07:37.878 dockerd        1436    nvme1n1 WSM  1484789216 4096      0.077
09:07:37.878 dockerd        1436    nvme1n1 WSM  1485401008 4096      0.079
09:07:37.878 dockerd        1436    nvme1n1 WSM  1493172480 4096      0.083
09:07:37.878 dockerd        1436    nvme1n1 WSM  1493172504 4096      0.088
09:07:37.878 dockerd        1436    nvme1n1 WSM  1532036064 4096      0.092
09:07:37.878 dockerd        1436    nvme1n1 WSM  1532037512 4096      0.092
09:07:37.878 dockerd        1436    nvme1n1 WSM  1556086856 4096      0.103
09:07:37.878 dockerd        1436    nvme1n1 WSM  1610612848 4096      0.103
09:07:37.878 dockerd        1436    nvme1n1 WSM  1614807136 4096      0.104
09:07:37.878 dockerd        1436    nvme1n1 WSM  1623195672 4096      0.104
09:07:37.878 dockerd        1436    nvme1n1 WSM  1707383280 4096      0.105
09:07:37.878 dockerd        1436    nvme1n1 WSM  616574432  53248     0.146
09:07:37.878 dockerd        1436    nvme1n1 WSM  1753219160 4096      0.038
09:07:37.879 dockerd        1436    nvme1n1 WS   616935768  4096      0.034
09:07:37.879 jbd2/nv        752     nvme1n1 WSM  878426032  57344     0.073
09:07:37.879 jbd2/nv        752     nvme1n1 WSM  878426144  4096      0.030
09:07:37.879 dockerd        1436    nvme1n1 WS   616935776  4096      0.028
09:07:37.879 jbd2/nv        752     nvme1n1 WSM  878426152  32768     0.055
09:07:37.879 jbd2/nv        752     nvme1n1 WSM  878426216  4096      0.033
09:07:37.880 dockerd        1436    nvme1n1 WS   616935784  4096      0.032
09:07:37.880 jbd2/nv        752     nvme1n1 WSM  878426224  36864     0.056
09:07:37.880 jbd2/nv        752     nvme1n1 WSM  878426296  4096      0.028
09:07:37.880 dockerd        1436    nvme1n1 WS   616935792  4096      0.031
09:07:37.880 jbd2/nv        752     nvme1n1 WSM  878426304  32768     0.056
09:07:37.880 jbd2/nv        752     nvme1n1 WSM  878426368  4096      0.027
09:07:37.880 contain        1195    nvme1n1 WS   1730873920 4096      0.045
09:07:37.880 contain        1195    nvme1n1 WS   1730874064 4096      0.052
09:07:37.880 contain        1195    nvme1n1 WS   1730874080 12288     0.057
09:07:37.881 contain        1195    nvme1n1 WS   1429528    4096      0.027
09:07:37.885 contain        1195    nvme1n1 WS   1730874016 4096      0.051
09:07:37.885 contain        1195    nvme1n1 WS   1730874032 4096      0.059
09:07:37.885 contain        1195    nvme1n1 WS   1730874048 4096      0.061
09:07:37.885 contain        1195    nvme1n1 WS   1730874104 8192      0.066
09:07:37.885 contain        1195    nvme1n1 WS   1730874136 4096      0.068
09:07:37.885 contain        1195    nvme1n1 WS   1429520    4096      0.026
09:07:37.886 contain        1195    nvme1n1 WS   311201600  4096      0.047
09:07:37.886 contain        1195    nvme1n1 WS   1725789816 4096      0.058
09:07:37.886 contain        1195    nvme1n1 WS   1725789864 4096      0.060
09:07:37.886 contain        1195    nvme1n1 WS   1725789944 16384     0.065
09:07:37.886 contain        1195    nvme1n1 WS   1707371880 4096      0.029
09:07:37.886 contain        1195    nvme1n1 WS   1725789792 4096      0.054
09:07:37.886 contain        1195    nvme1n1 WS   1725789848 4096      0.063
09:07:37.886 contain        1195    nvme1n1 WS   1725789872 4096      0.068
09:07:37.886 contain        1195    nvme1n1 WS   1725789888 4096      0.070
09:07:37.886 contain        1195    nvme1n1 WS   1725789928 8192      0.071
09:07:37.886 contain        1195    nvme1n1 WS   1725789976 4096      0.073
09:07:37.886 contain        1195    nvme1n1 WS   1707371888 4096      0.030
09:07:37.887 contain        1195    nvme1n1 WS   311201600  4096      0.031
09:07:37.887 contain        1195    nvme1n1 WS   1707371880 4096      0.036
09:07:37.903 nvme           2187159 Unknown N    -1         512       0.024
09:07:38.905 nvme           2187160 Unknown N    -1         512       0.029
09:07:39.907 nvme           2187161 Unknown N    -1         512       0.043
09:07:40.910 nvme           2187163 Unknown N    -1         512       0.094
09:07:41.089 kworker        2166224 nvme0n1 W    36981432   4096      0.463
09:07:41.897 amoprof        2179165 nvme1n1 W    616941480  4096      0.057
