TIMESTAMP    COMM           PID     DISK    T    SECTOR     BYTES   LAT(ms)
00:06:23.352 nvme           1430109 Unknown N    -1         512       0.036
00:06:24.354 nvme           1430174 Unknown N    -1         512       0.124
00:06:24.356 jbd2/nv        752     nvme1n1 WSM  877356368  131072    0.161
00:06:24.356 jbd2/nv        752     nvme1n1 WSM  877356624  16384     0.163
00:06:24.356 jbd2/nv        752     nvme1n1 WSM  877356656  4096      0.030
00:06:25.357 nvme           1430189 Unknown N    -1         512       0.032
00:06:26.359 nvme           1430194 Unknown N    -1         512       0.075
00:06:26.976 kworker        1272320 nvme1n1 WM   0          4096      0.114
00:06:26.976 kworker        1272320 nvme1n1 WM   152        4096      0.122
00:06:26.976 kworker        1272320 nvme1n1 WM   224        4096      0.122
00:06:26.976 kworker        1272320 nvme1n1 WM   280        8192      0.130
00:06:26.976 kworker        1272320 nvme1n1 WM   352        4096      0.132
00:06:26.976 kworker        1272320 nvme1n1 WM   776        4096      0.131
00:06:26.976 kworker        1272320 nvme1n1 WM   800        4096      0.131
00:06:26.976 kworker        1272320 nvme1n1 WM   840        4096      0.133
00:06:26.976 kworker        1272320 nvme1n1 WM   310378544  4096      0.135
00:06:26.976 kworker        1272320 nvme1n1 WM   310378568  8192      0.136
00:06:26.976 kworker        1272320 nvme1n1 WM   461373448  4096      0.138
00:06:26.976 kworker        1272320 nvme1n1 WM   461373568  4096      0.143
00:06:26.976 kworker        1272320 nvme1n1 WM   461373728  4096      0.144
00:06:26.976 kworker        1272320 nvme1n1 WM   461373792  8192      0.145
00:06:26.976 kworker        1272320 nvme1n1 WM   720        12288     0.154
00:06:26.976 kworker        1272320 nvme1n1 WM   461373760  12288     0.151
00:06:26.976 kworker        1272320 nvme1n1 WM   461373832  4096      0.076
00:06:26.976 kworker        1272320 nvme1n1 WM   461373848  4096      0.081
00:06:26.976 kworker        1272320 nvme1n1 WM   461374248  4096      0.082
00:06:26.976 kworker        1272320 nvme1n1 WM   570425392  4096      0.086
00:06:26.976 kworker        1272320 nvme1n1 WM   578813960  4096      0.087
00:06:26.976 kworker        1272320 nvme1n1 WM   579089416  4096      0.089
00:06:26.976 kworker        1272320 nvme1n1 WM   583008288  4096      0.091
00:06:26.976 kworker        1272320 nvme1n1 WM   583015744  4096      0.095
00:06:26.976 kworker        1272320 nvme1n1 WM   583015952  4096      0.098
00:06:26.976 kworker        1272320 nvme1n1 WM   587202568  4096      0.100
00:06:26.976 kworker        1272320 nvme1n1 WM   587202696  4096      0.106
00:06:26.976 kworker        1272320 nvme1n1 WM   721420328  4096      0.103
00:06:26.976 kworker        1272320 nvme1n1 WM   721420344  4096      0.104
00:06:26.976 kworker        1272320 nvme1n1 WM   721917248  4096      0.104
00:06:26.977 kworker        1272320 nvme1n1 WM   587209072  131072    0.190
00:06:26.977 kworker        1272320 nvme1n1 WM   587209328  16384     0.213
00:06:26.977 kworker        1272320 nvme1n1 WM   844081072  4096      0.071
00:06:26.977 kworker        1272320 nvme1n1 WM   1485058520 4096      0.070
00:06:26.977 kworker        1272320 nvme1n1 WM   1485075168 4096      0.074
00:06:26.977 kworker        1272320 nvme1n1 WM   1485160440 4096      0.076
00:06:26.977 kworker        1272320 nvme1n1 WM   1493844928 4096      0.080
00:06:26.977 kworker        1272320 nvme1n1 WM   1497366536 4096      0.080
00:06:26.977 kworker        1272320 nvme1n1 WM   1497668864 8192      0.085
00:06:26.977 kworker        1272320 nvme1n1 WM   1518338088 4096      0.085
00:06:26.977 kworker        1272320 nvme1n1 WM   1530921000 4096      0.091
00:06:26.977 kworker        1272320 nvme1n1 WM   1623195704 4096      0.092
00:06:26.977 kworker        1272320 nvme1n1 WM   1665138712 4096      0.096
00:06:26.977 kworker        1272320 nvme1n1 WM   1753219080 4096      0.097
00:06:26.977 kworker        1272320 nvme1n1 WM   905976640  20480     0.116
00:06:26.977 kworker        1272320 nvme1n1 WM   1497668888 36864     0.136
00:06:26.977 kworker        1272320 nvme1n1 WM   1753219128 4096      0.044
00:06:26.977 kworker        1272320 nvme1n1 WM   1756827632 4096      0.047
00:06:26.977 kworker        1272320 nvme1n1 WM   1756879584 4096      0.051
00:06:26.977 kworker        1272320 nvme1n1 WM   1757413376 4096      0.053
00:06:26.977 kworker        1272320 nvme1n1 W    1735378488 8192      0.055
00:06:26.977 kworker        1272320 nvme1n1 W    1755183432 4096      0.062
00:06:26.977 kworker        1272320 nvme1n1 W    1755181192 4096      0.068
00:06:26.977 kworker        1272320 nvme1n1 W    1666068416 8192      0.066
00:06:26.977 kworker        1272320 nvme1n1 W    723338992  90112     0.126
00:06:26.977 kworker        1272320 nvme1n1 W    723476048  90112     0.183
00:06:26.977 kworker        1272320 nvme1n1 W    584214368  118784    0.255
00:06:26.977 kworker        1272320 nvme1n1 W    584214600  24576     0.269
00:06:26.977 kworker        1272320 nvme1n1 W    722956400  77824     0.316
00:06:26.977 kworker        1272320 nvme1n1 W    722956552  77824     0.248
00:06:26.978 kworker        1272320 nvme1n1 W    723476808  90112     0.297
00:06:26.978 kworker        1272320 nvme1n1 W    722956704  77824     0.343
00:06:27.362 nvme           1430198 Unknown N    -1         512       0.035
00:06:28.364 nvme           1430208 Unknown N    -1         512       0.030
00:06:29.366 nvme           1430222 Unknown N    -1         512       0.075
00:06:30.369 nvme           1430234 Unknown N    -1         512       0.034
00:06:30.560 jbd2/nv        752     nvme1n1 WSM  877356664  102400    0.140
00:06:30.560 jbd2/nv        752     nvme1n1 WSM  877356864  4096      0.034
00:06:31.372 nvme           1430242 Unknown N    -1         512       0.037
00:06:32.097 kworker        1422190 nvme1n1 W    587466800  53248     0.140
00:06:32.097 kworker        1422190 nvme1n1 W    723481704  131072    0.210
00:06:32.097 kworker        1422190 nvme1n1 W    723481960  61440     0.245
00:06:32.097 kworker        1422190 nvme1n1 W    587466904  32768     0.265
00:06:32.097 kworker        1422190 nvme1n1 W    723482080  131072    0.345
00:06:32.097 kworker        1422190 nvme1n1 W    723482336  90112     0.399
00:06:32.097 kworker        1422190 nvme1n1 W    722956856  77824     0.447
00:06:32.097 kworker        1422190 nvme1n1 W    587466968  45056     0.473
00:06:32.375 nvme           1430246 Unknown N    -1         512       0.084
00:06:33.359 amoprof        1271097 nvme1n1 W    461765664  4096      0.060
