TIMESTAMP    COMM           PID     DISK    T    SECTOR     BYTES   LAT(ms)
12:43:25.881 nvme           2442645 Unknown N    -1         512       0.038
12:43:26.899 nvme           2442701 Unknown N    -1         512       0.036
12:43:27.910 nvme           2442706 Unknown N    -1         512       0.029
12:43:27.943 jbd2/nv        752     nvme1n1 WSM  877978496  110592    0.137
12:43:27.943 jbd2/nv        752     nvme1n1 WSM  877978712  4096      0.032
12:43:28.928 nvme           2442721 Unknown N    -1         512       0.034
12:43:29.945 nvme           2442731 Unknown N    -1         512       0.037
12:43:30.081 kworker        2439045 nvme1n1 W    625915768  90112     0.176
12:43:30.081 kworker        2439045 nvme1n1 W    625915944  122880    0.232
12:43:30.082 kworker        2439045 nvme1n1 W    625916184  131072    0.310
12:43:30.082 kworker        2439045 nvme1n1 W    625916440  114688    0.375
12:43:30.082 kworker        2439045 nvme1n1 W    724990088  73728     0.417
12:43:30.082 kworker        2439045 nvme1n1 W    625916664  131072    0.495
12:43:30.082 kworker        2439045 nvme1n1 W    625916920  69632     0.534
12:43:30.082 kworker        2439045 nvme1n1 W    724990232  77824     0.580
12:43:30.082 kworker        2439045 nvme1n1 W    625917056  118784    0.171
12:43:30.082 kworker        2439045 nvme1n1 W    625917288  114688    0.231
12:43:30.082 kworker        2439045 nvme1n1 W    1488113272 131072    0.314
12:43:30.082 kworker        2439045 nvme1n1 W    1488113528 61440     0.351
12:43:30.082 kworker        2439045 nvme1n1 W    625917512  32768     0.368
12:43:30.082 kworker        2439045 nvme1n1 W    625980768  131072    0.459
12:43:30.082 kworker        2439045 nvme1n1 W    625981024  90112     0.498
12:43:30.082 kworker        2439045 nvme1n1 W    724990384  77824     0.542
12:43:30.082 kworker        2439045 nvme1n1 W    625917576  36864     0.062
12:43:30.963 nvme           2442736 Unknown N    -1         512       0.034
12:43:31.980 nvme           2442741 Unknown N    -1         512       0.032
12:43:32.128 kworker        2439045 nvme1n1 W    1192355688 20480     0.070
12:43:32.999 nvme           2442746 Unknown N    -1         512       0.034
12:43:33.234 jbd2/nv        752     nvme1n1 WSM  877978720  69632     0.110
12:43:33.234 jbd2/nv        752     nvme1n1 WSM  877978856  4096      0.033
12:43:34.016 nvme           2442761 Unknown N    -1         512       0.035
12:43:35.030 nvme           2442771 Unknown N    -1         512       0.033
12:43:35.200 kworker        2431228 nvme1n1 W    625917648  8192      0.068
12:43:35.918 amoprof        2431765 nvme1n1 W    625585024  4096      0.061
