TIMESTAMP    COMM           PID     DISK    T    SECTOR     BYTES   LAT(ms)
04:41:52.660 nvme           1750643 Unknown N    -1         512       0.036
04:41:52.800 kworker        1696237 nvme1n1 W    1625054752 4096      0.048
04:41:53.662 nvme           1750695 Unknown N    -1         512       0.077
04:41:53.664 jbd2/nv        752     nvme1n1 WSM  877958848  114688    0.138
04:41:53.664 jbd2/nv        752     nvme1n1 WSM  877959072  4096      0.031
04:41:54.664 nvme           1750696 Unknown N    -1         512       0.031
04:41:55.667 nvme           1750697 Unknown N    -1         512       0.085
04:41:56.669 nvme           1750698 Unknown N    -1         512       0.085
04:41:57.671 nvme           1750699 Unknown N    -1         512       0.030
04:41:58.674 nvme           1750700 Unknown N    -1         512       0.027
04:41:59.457 kworker        1736627 nvme1n1 W    600156320  94208     0.161
04:41:59.457 kworker        1736627 nvme1n1 W    600184856  131072    0.235
04:41:59.457 kworker        1736627 nvme1n1 W    600185112  61440     0.272
04:41:59.457 kworker        1736627 nvme1n1 W    600156504  32768     0.292
04:41:59.457 kworker        1736627 nvme1n1 W    1565295104 131072    0.371
04:41:59.457 kworker        1736627 nvme1n1 W    1565295360 90112     0.424
04:41:59.457 kworker        1736627 nvme1n1 W    600185232  77824     0.470
04:41:59.457 kworker        1736627 nvme1n1 W    600156568  45056     0.498
04:41:59.676 nvme           1750701 Unknown N    -1         512       0.025
04:41:59.904 jbd2/nv        752     nvme1n1 WSM  877959080  53248     0.083
04:41:59.904 jbd2/nv        752     nvme1n1 WSM  877959184  4096      0.031
04:42:00.678 nvme           1750702 Unknown N    -1         512       0.029
04:42:01.680 nvme           1750703 Unknown N    -1         512       0.027
04:42:02.667 amoprof        1271097 nvme1n1 W    600293696  4096      0.055
