TIMESTAMP    COMM           PID     DISK    T    SECTOR     BYTES   LAT(ms)
02:44:20.677 nvme           1642647 Unknown N    -1         512       0.038
02:44:21.536 jbd2/nv        752     nvme1n1 WSM  877741712  102400    0.145
02:44:21.536 jbd2/nv        752     nvme1n1 WSM  877741912  4096      0.031
02:44:21.680 nvme           1642699 Unknown N    -1         512       0.026
02:44:22.682 nvme           1642700 Unknown N    -1         512       0.028
02:44:23.684 nvme           1642701 Unknown N    -1         512       0.027
02:44:24.096 kworker        1620720 nvme1n1 W    591911072  45056     0.087
02:44:24.687 nvme           1642702 Unknown N    -1         512       0.076
02:44:25.689 nvme           1642703 Unknown N    -1         512       0.095
02:44:26.691 nvme           1642704 Unknown N    -1         512       0.044
02:44:26.886 jbd2/nv        752     nvme1n1 WSM  877741920  32768     0.075
02:44:26.886 jbd2/nv        752     nvme1n1 WSM  877741984  4096      0.033
02:44:27.694 nvme           1642705 Unknown N    -1         512       0.032
02:44:28.696 nvme           1642706 Unknown N    -1         512       0.029
02:44:29.217 kworker        1620255 nvme1n1 W    591811792  53248     0.127
02:44:29.217 kworker        1620255 nvme1n1 W    1525983368 131072    0.199
02:44:29.217 kworker        1620255 nvme1n1 W    1525983624 61440     0.234
02:44:29.217 kworker        1620255 nvme1n1 W    591811896  32768     0.255
02:44:29.217 kworker        1620255 nvme1n1 W    1525983744 131072    0.334
02:44:29.217 kworker        1620255 nvme1n1 W    1525984000 90112     0.390
02:44:29.217 kworker        1620255 nvme1n1 W    1499328216 77824     0.436
02:44:29.217 kworker        1620255 nvme1n1 W    591811960  45056     0.463
02:44:29.698 nvme           1642707 Unknown N    -1         512       0.099
02:44:30.684 amoprof        1271097 nvme1n1 W    591736664  4096      0.052
