TIMESTAMP    COMM           PID     DISK    T    SECTOR     BYTES   LAT(ms)
01:09:37.979 nvme           1520302 Unknown N    -1         512       0.033
01:09:38.982 nvme           1520373 Unknown N    -1         512       0.034
01:09:39.984 nvme           1520382 Unknown N    -1         512       0.031
01:09:40.688 jbd2/nv        391     nvme0n1 WSM  4303064    90112     1.748
01:09:40.688 jbd2/nv        391     nvme0n1 WSM  4303240    4096      0.722
01:09:40.896 kworker        1513369 nvme1n1 W    1532246728 4096      0.061
01:09:40.896 jbd2/nv        752     nvme1n1 WSM  877562016  110592    0.134
01:09:40.896 jbd2/nv        752     nvme1n1 WSM  877562232  4096      0.032
01:09:40.896 kworker        1513369 nvme1n1 W    1532246736 4096      0.038
01:09:40.896 kworker        1513369 nvme1n1 W    1640698680 49152     0.072
01:09:40.986 nvme           1520386 Unknown N    -1         512       0.026
01:09:41.409 kworker        1473701 nvme0n1 WM   2103000    4096      1.046
01:09:41.409 kworker        1473701 nvme0n1 WM   2143848    4096      1.053
01:09:41.409 kworker        1473701 nvme0n1 WM   6309888    4096      1.053
01:09:41.409 kworker        1473701 nvme0n1 WM   6293672    4096      1.055
01:09:41.409 kworker        1473701 nvme0n1 WM   6293536    4096      1.058
01:09:41.409 kworker        1473701 nvme0n1 WM   6310376    4096      1.057
01:09:41.409 kworker        1473701 nvme0n1 WM   6310456    4096      1.057
01:09:41.409 kworker        1473701 nvme0n1 WM   6812944    4096      1.057
01:09:41.409 kworker        1473701 nvme0n1 WM   9093656    4096      1.057
01:09:41.409 kworker        1473701 nvme0n1 WM   6310392    8192      1.098
01:09:41.409 kworker        1473701 nvme0n1 WM   6815528    4096      1.098
01:09:41.409 kworker        1473701 nvme0n1 WM   6310504    8192      1.101
01:09:41.409 kworker        1473701 nvme0n1 WM   9089776    4096      1.100
01:09:41.409 kworker        1473701 nvme0n1 WM   10488672   4096      1.101
01:09:41.409 kworker        1473701 nvme0n1 WM   10500992   4096      1.102
01:09:41.409 kworker        1473701 nvme0n1 WM   2099200    16384     1.233
01:09:41.410 kworker        1473701 nvme0n1 WM   31459424   4096      0.790
01:09:41.410 kworker        1473701 nvme0n1 WM   18876424   4096      0.856
01:09:41.410 kworker        1473701 nvme0n1 WM   18876960   8192      0.857
01:09:41.410 kworker        1473701 nvme0n1 WM   14682136   8192      0.863
01:09:41.410 kworker        1473701 nvme0n1 WM   35653672   4096      0.861
01:09:41.410 kworker        1473701 nvme0n1 WM   18876544   4096      0.918
01:09:41.410 kworker        1473701 nvme0n1 WM   18878128   4096      0.919
01:09:41.410 kworker        1473701 nvme0n1 WM   31459360   4096      0.980
01:09:41.410 kworker        1473701 nvme0n1 WM   35653696   4096      0.981
01:09:41.989 nvme           1520396 Unknown N    -1         512       0.031
01:09:42.432 kworker        1500724 nvme1n1 W    1719340960 4096      0.057
01:09:42.432 kworker        1500724 nvme1n1 W    1719353232 4096      0.062
01:09:42.993 nvme           1520400 Unknown N    -1         512       0.031
01:09:43.995 nvme           1520414 Unknown N    -1         512       0.032
01:09:44.997 nvme           1520429 Unknown N    -1         512       0.030
01:09:45.999 nvme           1520433 Unknown N    -1         512       0.029
01:09:46.016 kworker        1500724 nvme1n1 W    587802584  4096      0.052
01:09:46.016 jbd2/nv        752     nvme1n1 WSM  877562240  57344     0.087
01:09:46.016 jbd2/nv        752     nvme1n1 WSM  877562352  4096      0.029
01:09:46.017 kworker        1500724 nvme1n1 W    587802592  49152     0.099
01:09:46.017 kworker        1500724 nvme1n1 W    1176653096 131072    0.181
01:09:46.017 kworker        1500724 nvme1n1 W    1176653352 61440     0.215
01:09:46.017 kworker        1500724 nvme1n1 W    587802688  32768     0.234
01:09:46.017 kworker        1500724 nvme1n1 W    1176736256 131072    0.312
01:09:46.017 kworker        1500724 nvme1n1 W    1176736512 90112     0.366
01:09:46.017 kworker        1500724 nvme1n1 W    1667202736 77824     0.413
01:09:46.017 kworker        1500724 nvme1n1 W    587802752  45056     0.440
01:09:46.528 kworker        1500724 nvme1n1 W    1625052472 8192      0.052
01:09:47.002 nvme           1520437 Unknown N    -1         512       0.031
01:09:47.987 amoprof        1271097 nvme1n1 W    587736584  4096      0.054
