TIMESTAMP    COMM           PID     DISK    T    SECTOR     BYTES   LAT(ms)
04:21:07.694 jbd2/nv        752     nvme1n1 WSM  877920688  98304     0.140
04:21:07.694 jbd2/nv        752     nvme1n1 WSM  877920880  4096      0.029
04:21:07.858 nvme           1731572 Unknown N    -1         512       0.030
04:21:08.861 nvme           1731624 Unknown N    -1         512       0.080
04:21:09.863 nvme           1731625 Unknown N    -1         512       0.029
04:21:10.176 kworker        1730282 nvme1n1 WM   0          4096      0.119
04:21:10.176 kworker        1730282 nvme1n1 WM   784        4096      0.119
04:21:10.176 kworker        1730282 nvme1n1 WM   595591176  4096      0.120
04:21:10.176 kworker        1730282 nvme1n1 WM   599785480  4096      0.120
04:21:10.176 kworker        1730282 nvme1n1 WM   599792984  4096      0.122
04:21:10.176 kworker        1730282 nvme1n1 WM   1485058520 4096      0.119
04:21:10.176 kworker        1730282 nvme1n1 WM   1530921080 4096      0.127
04:21:10.176 kworker        1730282 nvme1n1 WM   1551892528 4096      0.130
04:21:10.176 kworker        1730282 nvme1n1 WM   1553551280 8192      0.132
04:21:10.176 kworker        1730282 nvme1n1 WM   1553555408 8192      0.133
04:21:10.176 kworker        1730282 nvme1n1 WM   1553557648 8192      0.139
04:21:10.176 kworker        1730282 nvme1n1 WM   1553577520 4096      0.141
04:21:10.176 kworker        1730282 nvme1n1 WM   1553578416 4096      0.142
04:21:10.176 kworker        1730282 nvme1n1 WM   736        12288     0.157
04:21:10.176 kworker        1730282 nvme1n1 WM   599793000  20480     0.163
04:21:10.176 kworker        1730282 nvme1n1 WM   599793048  102400    0.230
04:21:10.176 kworker        1730282 nvme1n1 WM   1553578568 4096      0.052
04:21:10.176 kworker        1730282 nvme1n1 WM   1560281128 4096      0.052
04:21:10.176 kworker        1730282 nvme1n1 WM   1635778672 4096      0.057
04:21:10.176 kworker        1730282 nvme1n1 WM   1756866960 4096      0.059
04:21:10.176 kworker        1730282 nvme1n1 WM   1756950512 4096      0.061
04:21:10.176 kworker        1730282 nvme1n1 WM   1757038552 4096      0.065
04:21:10.176 kworker        1730282 nvme1n1 W    595918816  8192      0.034
04:21:10.866 nvme           1731626 Unknown N    -1         512       0.087
04:21:11.713 kworker        1730282 nvme0n1 WM   10488672   4096      0.710
04:21:11.713 kworker        1730282 nvme0n1 WM   9089776    4096      0.719
04:21:11.713 kworker        1730282 nvme0n1 WM   35653696   4096      0.766
04:21:11.713 kworker        1730282 nvme0n1 WM   2099224    4096      0.771
04:21:11.868 nvme           1731627 Unknown N    -1         512       0.027
04:21:12.870 nvme           1731628 Unknown N    -1         512       0.029
04:21:13.022 jbd2/nv        752     nvme1n1 WSM  877920888  61440     0.099
04:21:13.022 jbd2/nv        752     nvme1n1 WSM  877921008  4096      0.030
04:21:13.872 nvme           1731629 Unknown N    -1         512       0.028
04:21:14.273 kworker        1730282 nvme0n1 W    37876224   8192      0.812
04:21:14.273 jbd2/nv        391     nvme0n1 WSM  4209208    53248     1.244
04:21:14.274 jbd2/nv        391     nvme0n1 WSM  4209312    4096      0.727
04:21:14.875 nvme           1731630 Unknown N    -1         512       0.115
04:21:15.297 kworker        1730282 nvme1n1 W    600122272  102400    0.170
04:21:15.297 kworker        1730282 nvme1n1 W    1561805312 131072    0.241
04:21:15.297 kworker        1730282 nvme1n1 W    1561805568 61440     0.276
04:21:15.297 kworker        1730282 nvme1n1 W    600122472  32768     0.294
04:21:15.297 kworker        1730282 nvme1n1 W    1561727920 131072    0.373
04:21:15.297 kworker        1730282 nvme1n1 W    1561728176 90112     0.427
04:21:15.297 kworker        1730282 nvme1n1 W    1534929304 77824     0.475
04:21:15.297 kworker        1730282 nvme1n1 W    600122536  45056     0.501
04:21:15.877 nvme           1731631 Unknown N    -1         512       0.095
04:21:16.879 nvme           1731632 Unknown N    -1         512       0.030
04:21:17.866 amoprof        1271097 nvme1n1 W    600102600  4096      0.060
