TIMESTAMP    COMM           PID     DISK    T    SECTOR     BYTES   LAT(ms)
04:06:53.244 nvme           1718511 Unknown N    -1         512       0.038
04:06:54.246 nvme           1718563 Unknown N    -1         512       0.076
04:06:55.249 nvme           1718564 Unknown N    -1         512       0.090
04:06:55.290 jbd2/nv        752     nvme1n1 WSM  877893656  110592    0.137
04:06:55.290 jbd2/nv        752     nvme1n1 WSM  877893872  4096      0.038
04:06:56.251 nvme           1718565 Unknown N    -1         512       0.075
04:06:57.253 nvme           1718566 Unknown N    -1         512       0.042
04:06:58.255 nvme           1718567 Unknown N    -1         512       0.043
04:06:59.258 nvme           1718568 Unknown N    -1         512       0.073
04:07:00.257 kworker        1712748 nvme1n1 W    1639456576 8192      0.101
04:07:00.257 kworker        1712748 nvme1n1 W    600104992  94208     0.148
04:07:00.257 kworker        1712748 nvme1n1 W    1553836384 131072    0.233
04:07:00.257 kworker        1712748 nvme1n1 W    1553836640 61440     0.266
04:07:00.257 kworker        1712748 nvme1n1 W    600105176  32768     0.284
04:07:00.257 kworker        1712748 nvme1n1 W    1553836760 131072    0.362
04:07:00.257 kworker        1712748 nvme1n1 W    1553837016 90112     0.415
04:07:00.257 kworker        1712748 nvme1n1 W    1534928696 77824     0.462
04:07:00.257 kworker        1712748 nvme1n1 W    600105240  45056     0.280
04:07:00.260 nvme           1718569 Unknown N    -1         512       0.023
04:07:01.262 nvme           1718570 Unknown N    -1         512       0.083
04:07:01.527 jbd2/nv        752     nvme1n1 WSM  877893880  77824     0.116
04:07:01.527 jbd2/nv        752     nvme1n1 WSM  877894032  4096      0.031
04:07:02.265 nvme           1718571 Unknown N    -1         512       0.029
04:07:03.251 amoprof        1271097 nvme1n1 W    600092808  4096      0.058
