TIMESTAMP    COMM           PID     DISK    T    SECTOR     BYTES   LAT(ms)
06:19:56.406 nvme           1920211 Unknown N    -1         512       0.035
06:19:56.500 ib_pg_f        125949  nvme1n1 WS   1756372992 16384     0.062
06:19:56.500 ib_pg_f        125949  nvme1n1 WS   1755217704 16384     0.041
06:19:57.288 ib_log_        125949  nvme1n1 WS   1757422584 4096      0.053
06:19:57.408 nvme           1920266 Unknown N    -1         512       0.031
06:19:58.411 nvme           1920280 Unknown N    -1         512       0.079
06:19:59.413 nvme           1920295 Unknown N    -1         512       0.075
06:19:59.480 jbd2/nv        752     nvme1n1 WSM  877039848  131072    0.163
06:19:59.480 jbd2/nv        752     nvme1n1 WSM  877040104  86016     0.182
06:19:59.481 jbd2/nv        752     nvme1n1 WSM  877040272  4096      0.039
06:20:00.415 nvme           1920299 Unknown N    -1         512       0.034
06:20:01.417 nvme           1920307 Unknown N    -1         512       0.029
06:20:02.420 nvme           1920318 Unknown N    -1         512       0.033
06:20:02.952 python3        1784367 nvme1n1 WS   1660366848 131072    0.190
06:20:02.952 python3        1784367 nvme1n1 WS   1660367104 131072    0.278
06:20:02.952 python3        1784367 nvme1n1 WS   1660367360 131072    0.327
06:20:02.952 python3        1784367 nvme1n1 WS   1660367616 131072    0.426
06:20:02.952 python3        1784367 nvme1n1 WS   1660367872 131072    0.496
06:20:02.952 python3        1784367 nvme1n1 WS   1660368128 131072    0.548
06:20:02.952 python3        1784367 nvme1n1 WS   1660368384 131072    0.657
06:20:02.952 python3        1784366 nvme1n1 WS   1660370944 131072    0.717
06:20:02.952 python3        1784366 nvme1n1 WS   1660371200 131072    0.780
06:20:02.952 python3        1784367 nvme1n1 WS   1660368640 131072    0.854
06:20:02.953 python3        1784366 nvme1n1 WS   1660371456 131072    0.936
06:20:02.953 python3        1784366 nvme1n1 WS   1660371712 131072    1.017
06:20:02.953 python3        1784366 nvme1n1 WS   1660371968 131072    1.097
06:20:02.953 python3        1784367 nvme1n1 WS   1660368896 131072    1.185
06:20:02.953 python3        1784367 nvme1n1 WS   1660369152 131072    1.265
06:20:02.953 python3        1784366 nvme1n1 WS   1660372224 131072    1.345
06:20:02.953 python3        1784366 nvme1n1 WS   1660372480 131072    1.426
06:20:02.953 python3        1784367 nvme1n1 WS   1660369408 131072    1.512
06:20:02.953 python3        1784367 nvme1n1 WS   1660369664 131072    1.592
06:20:02.953 python3        1784367 nvme1n1 WS   1660369920 12288     1.600
06:20:02.953 python3        1784368 nvme1n1 WS   1660375040 131072    1.822
06:20:02.953 python3        1784368 nvme1n1 WS   1660375296 131072    1.824
06:20:02.953 python3        1784368 nvme1n1 WS   1660375552 131072    1.857
06:20:02.954 python3        1784368 nvme1n1 WS   1660375808 131072    1.923
06:20:02.954 python3        1784368 nvme1n1 WS   1660376064 131072    2.004
06:20:02.954 python3        1784368 nvme1n1 WS   1660376320 131072    2.084
06:20:02.954 python3        1784369 nvme1n1 WS   1660379136 131072    2.169
06:20:02.954 python3        1784369 nvme1n1 WS   1660379392 131072    2.237
06:20:02.954 python3        1784369 nvme1n1 WS   1660379648 131072    2.312
06:20:02.954 python3        1784369 nvme1n1 WS   1660379904 131072    2.387
06:20:02.954 python3        1784369 nvme1n1 WS   1660380160 131072    2.462
06:20:02.954 python3        1784369 nvme1n1 WS   1660380416 131072    2.536
06:20:02.954 python3        1784369 nvme1n1 WS   1660380672 131072    2.613
06:20:02.954 python3        1784369 nvme1n1 WS   1660380928 131072    2.669
06:20:02.954 python3        1784369 nvme1n1 WS   1660381184 131072    2.743
06:20:02.954 python3        1784366 nvme1n1 WS   1660372736 131072    2.858
06:20:02.955 python3        1784366 nvme1n1 WS   1660372992 131072    2.935
06:20:02.955 python3        1784366 nvme1n1 WS   1660373248 131072    3.012
06:20:02.955 python3        1784366 nvme1n1 WS   1660373504 131072    3.092
06:20:02.955 python3        1784366 nvme1n1 WS   1660373760 131072    3.172
06:20:02.955 python3        1784366 nvme1n1 WS   1660374016 131072    3.248
06:20:02.955 python3        1784366 nvme1n1 WS   1660374272 131072    3.326
06:20:02.955 python3        1784366 nvme1n1 WS   1660374528 131072    3.403
06:20:02.955 python3        1784366 nvme1n1 WS   1660374784 131072    3.465
06:20:02.955 python3        1784368 nvme1n1 WS   1660376576 131072    3.584
06:20:02.955 python3        1784368 nvme1n1 WS   1660376832 131072    3.667
06:20:02.955 python3        1784368 nvme1n1 WS   1660377088 131072    3.725
06:20:02.955 python3        1784368 nvme1n1 WS   1660377344 131072    3.800
06:20:02.956 python3        1784368 nvme1n1 WS   1660377600 131072    3.879
06:20:02.956 python3        1784368 nvme1n1 WS   1660377856 131072    3.956
06:20:02.956 python3        1784368 nvme1n1 WS   1660378112 12288     3.963
06:20:02.956 python3        1784367 nvme1n1 WS   1660383232 131072    4.036
06:20:02.956 python3        1784369 nvme1n1 WS   1660381440 131072    4.108
06:20:02.956 python3        1784369 nvme1n1 WS   1660381696 131072    4.187
06:20:02.956 python3        1784369 nvme1n1 WS   1660381952 131072    4.266
06:20:02.956 python3        1784369 nvme1n1 WS   1660382208 131072    4.343
06:20:02.956 python3        1784369 nvme1n1 WS   1660382464 131072    4.420
06:20:02.956 python3        1784369 nvme1n1 WS   1660382720 131072    4.498
06:20:02.956 python3        1784369 nvme1n1 WS   1660382976 131072    4.563
06:20:02.956 python3        1784369 nvme1n1 WS   1660391424 131072    4.639
06:20:02.956 python3        1784369 nvme1n1 WS   1660391680 131072    4.714
06:20:02.956 python3        1784366 nvme1n1 WS   1660387328 131072    4.827
06:20:02.957 python3        1784366 nvme1n1 WS   1660387584 131072    4.904
06:20:02.957 python3        1784367 nvme1n1 WS   1660383488 131072    4.988
06:20:02.957 python3        1784367 nvme1n1 WS   1660383744 131072    5.069
06:20:02.957 python3        1784367 nvme1n1 WS   1660384000 131072    5.145
06:20:02.957 python3        1784367 nvme1n1 WS   1660384256 131072    5.222
06:20:02.957 python3        1784367 nvme1n1 WS   1660384512 131072    5.301
06:20:02.957 python3        1784367 nvme1n1 WS   1660384768 131072    5.378
06:20:02.957 python3        1784367 nvme1n1 WS   1660385024 131072    5.440
06:20:02.957 python3        1784367 nvme1n1 WS   1660385280 131072    5.515
06:20:02.957 python3        1784367 nvme1n1 WS   1660385536 131072    5.594
06:20:02.957 python3        1784367 nvme1n1 WS   1660385792 131072    5.671
06:20:02.957 python3        1784367 nvme1n1 WS   1660386048 131072    5.747
06:20:02.958 python3        1784367 nvme1n1 WS   1660386304 131072    5.826
06:20:02.958 python3        1784367 nvme1n1 WS   1660386560 131072    5.904
06:20:02.958 python3        1784367 nvme1n1 WS   1660386816 131072    5.983
06:20:02.958 python3        1784367 nvme1n1 WS   1660387072 131072    6.044
06:20:02.958 python3        1784367 nvme1n1 WS   1660399616 131072    6.119
06:20:02.958 python3        1784367 nvme1n1 WS   1660399872 131072    6.195
06:20:02.958 python3        1784366 nvme1n1 WS   1660395520 131072    6.287
06:20:02.958 python3        1784366 nvme1n1 WS   1660395776 131072    6.359
06:20:02.958 python3        1784366 nvme1n1 WS   1660396032 131072    6.439
06:20:02.958 python3        1784366 nvme1n1 WS   1660396288 131072    6.515
06:20:02.958 python3        1784366 nvme1n1 WS   1660396544 131072    6.595
06:20:02.958 python3        1784366 nvme1n1 WS   1660396800 131072    6.671
06:20:02.959 python3        1784366 nvme1n1 WS   1660397056 131072    6.751
06:20:02.959 python3        1784366 nvme1n1 WS   1660397312 131072    6.841
06:20:02.959 python3        1784366 nvme1n1 WS   1660397568 131072    6.921
06:20:02.959 python3        1784366 nvme1n1 WS   1660397824 131072    6.995
06:20:02.959 python3        1784366 nvme1n1 WS   1660398080 131072    7.070
06:20:02.959 python3        1784366 nvme1n1 WS   1660398336 131072    7.148
06:20:02.959 python3        1784366 nvme1n1 WS   1660398592 12288     7.154
06:20:02.959 python3        1784369 nvme1n1 WS   1660403712 131072    7.241
06:20:02.959 python3        1784369 nvme1n1 WS   1660403968 131072    7.316
06:20:02.959 python3        1784369 nvme1n1 WS   1660404224 131072    7.387
06:20:02.959 python3        1784369 nvme1n1 WS   1660404480 131072    7.459
06:20:02.959 python3        1784369 nvme1n1 WS   1660404736 131072    7.534
06:20:02.959 python3        1784369 nvme1n1 WS   1660404992 131072    7.613
06:20:02.959 python3        1784369 nvme1n1 WS   1660405248 131072    7.688
06:20:02.960 python3        1784368 nvme1n1 WS   1660407808 131072    7.772
06:20:02.960 python3        1784368 nvme1n1 WS   1660408064 131072    7.842
06:20:02.960 python3        1784368 nvme1n1 WS   1660408320 131072    7.924
06:20:02.960 python3        1784368 nvme1n1 WS   1660408576 131072    8.012
06:20:02.960 python3        1784368 nvme1n1 WS   1660408832 131072    8.136
06:20:02.960 python3        1784368 nvme1n1 WS   1660409088 131072    8.201
06:20:02.960 python3        1784368 nvme1n1 WS   1660409344 131072    8.261
06:20:02.960 python3        1784368 nvme1n1 WS   1660409600 131072    8.300
06:20:02.960 python3        1784368 nvme1n1 WS   1660409856 131072    8.425
06:20:02.960 python3        1784368 nvme1n1 WS   1660410112 131072    8.551
06:20:02.961 python3        1784369 nvme1n1 WS   1660405504 131072    8.685
06:20:02.961 python3        1784369 nvme1n1 WS   1660405760 131072    8.759
06:20:02.961 python3        1784369 nvme1n1 WS   1660406016 131072    8.835
06:20:02.961 python3        1784369 nvme1n1 WS   1660406272 131072    8.907
06:20:02.961 python3        1784369 nvme1n1 WS   1660406528 131072    8.983
06:20:02.961 python3        1784369 nvme1n1 WS   1660406784 12288     8.989
06:20:02.961 python3        1784368 nvme1n1 WS   1660410368 131072    9.046
06:20:02.961 python3        1784368 nvme1n1 WS   1660410624 131072    9.118
06:20:02.961 python3        1784368 nvme1n1 WS   1660410880 131072    9.196
06:20:02.961 python3        1784368 nvme1n1 WS   1660411136 131072    9.275
06:20:02.961 python3        1784368 nvme1n1 WS   1660411392 131072    9.356
06:20:02.961 python3        1784368 nvme1n1 WS   1660411648 131072    9.409
06:20:02.961 python3        1784368 nvme1n1 WS   1660411904 131072    9.490
06:20:02.962 python3        1784368 nvme1n1 WS   1660412160 131072    9.568
06:20:03.423 nvme           1920332 Unknown N    -1         512       0.089
06:20:04.019 ib_log_        125949  nvme1n1 WS   1757427960 8192      0.060
06:20:04.095 ib_log_        125949  nvme1n1 WS   1757427968 4096      0.036
06:20:04.425 nvme           1920350 Unknown N    -1         512       0.093
06:20:04.500 ib_pg_f        125949  nvme1n1 WS   1755252736 81920     0.115
06:20:04.501 ib_pg_f        125949  nvme1n1 WS   1731136032 16384     0.044
06:20:04.501 ib_pg_f        125949  nvme1n1 WS   1755217736 16384     0.042
06:20:04.501 ib_pg_f        125949  nvme1n1 WS   1757027808 16384     0.046
06:20:04.501 ib_pg_f        125949  nvme1n1 WS   1756546400 16384     0.043
06:20:04.501 ib_pg_f        125949  nvme1n1 WS   1734883488 16384     0.045
06:20:04.898 kworker        1764183 nvme0n1 W    7337984    4096      0.643
06:20:04.898 kworker        1764183 nvme0n1 W    8128736    4096      0.749
06:20:04.898 kworker        1764183 nvme0n1 W    8128592    4096      0.811
06:20:04.898 kworker        1764183 nvme0n1 W    8128856    16384     0.933
06:20:04.898 kworker        1764183 nvme0n1 W    8128792    16384     0.937
06:20:04.898 kworker        1764183 nvme0n1 W    36230912   262144    2.257
06:20:04.899 kworker        1764183 nvme0n1 W    36230400   262144    2.913
06:20:04.900 kworker        1764183 nvme0n1 W    8129016    262144    2.922
06:20:04.900 kworker        1764183 nvme0n1 W    8129528    262144    2.390
06:20:04.900 kworker        1764183 nvme0n1 W    8131576    262144    2.395
06:20:04.900 kworker        1764183 nvme0n1 W    8131064    262144    2.472
06:20:04.901 kworker        1764183 nvme0n1 W    8130040    262144    2.697
06:20:04.901 kworker        1764183 nvme0n1 W    8130552    262144    2.930
06:20:04.902 kworker        1764183 nvme0n1 W    8132088    262144    2.531
06:20:04.903 kworker        1764183 nvme0n1 W    8133112    262144    2.533
06:20:04.903 kworker        1764183 nvme0n1 W    8134136    262144    2.475
06:20:04.903 kworker        1764183 nvme0n1 W    8132600    262144    3.038
06:20:04.903 kworker        1764183 nvme0n1 W    8135160    262144    2.470
06:20:04.903 kworker        1764183 nvme0n1 W    8134648    262144    2.411
06:20:04.904 kworker        1764183 nvme0n1 W    8133624    262144    2.845
06:20:04.904 kworker        1764183 nvme0n1 W    8135672    262144    3.089
06:20:04.904 kworker        1764183 nvme0n1 W    8142264    16384     0.963
06:20:04.905 kworker        1764183 nvme0n1 W    8143640    16384     0.747
06:20:04.905 kworker        1764183 nvme0n1 W    8138232    131072    2.290
06:20:04.906 kworker        1764183 nvme0n1 W    8136184    262144    3.209
06:20:04.906 kworker        1764183 nvme0n1 W    8137464    262144    3.251
06:20:04.906 kworker        1764183 nvme0n1 W    36014464   65536     1.271
06:20:04.906 kworker        1764183 nvme0n1 W    8144120    131072    2.109
06:20:04.906 kworker        1764183 nvme0n1 W    8140792    262144    2.868
06:20:04.906 kworker        1764183 nvme0n1 W    8142840    262144    2.841
06:20:04.907 kworker        1764183 nvme0n1 W    8144632    131072    1.966
06:20:04.908 kworker        1764183 nvme0n1 W    36016384   16384     1.201
06:20:04.908 kworker        1764183 nvme0n1 W    36017280   65536     1.203
06:20:04.908 kworker        1764183 nvme0n1 W    36023680   65536     1.322
06:20:04.908 kworker        1764183 nvme0n1 W    36020480   131072    1.820
06:20:04.908 kworker        1764183 nvme0n1 W    36019968   131072    2.009
06:20:04.908 kworker        1764183 nvme0n1 W    36015104   131072    2.128
06:20:04.909 kworker        1764183 nvme0n1 W    36021248   131072    2.254
06:20:04.909 kworker        1764183 nvme0n1 W    36028416   131072    1.441
06:20:04.909 kworker        1764183 nvme0n1 W    36026368   131072    1.901
06:20:04.910 kworker        1764183 nvme0n1 W    36029952   131072    1.758
06:20:04.910 kworker        1764183 nvme0n1 W    36029184   131072    2.030
06:20:04.910 kworker        1764183 nvme0n1 W    36162816   131072    1.843
06:20:04.910 kworker        1764183 nvme0n1 W    36027392   262144    2.885
06:20:04.910 kworker        1764183 nvme0n1 W    36164832   16384     0.480
06:20:04.911 kworker        1764183 nvme0n1 W    36164096   262144    2.832
06:20:04.911 kworker        1764183 nvme0n1 W    36164992   65536     1.531
06:20:04.912 kworker        1764183 nvme0n1 W    36168016   4096      0.719
06:20:04.912 kworker        1764183 nvme0n1 W    36165632   131072    1.959
06:20:04.912 kworker        1764183 nvme0n1 W    36168464   8192      1.092
06:20:04.912 kworker        1764183 nvme0n1 W    36167552   65536     1.280
06:20:04.912 kworker        1764183 nvme0n1 W    36167104   32768     1.343
06:20:04.913 kworker        1764183 nvme0n1 W    36169776   4096      0.779
06:20:04.913 kworker        1764183 nvme0n1 W    36166656   131072    2.277
06:20:04.913 kworker        1764183 nvme0n1 W    36169888   4096      1.278
06:20:04.913 kworker        1764183 nvme0n1 W    36169824   4096      1.281
06:20:04.914 kworker        1764183 nvme0n1 W    36170240   16384     1.147
06:20:04.914 kworker        1764183 nvme0n1 W    36170048   16384     1.268
06:20:04.915 kworker        1764183 nvme0n1 W    36169216   262144    3.155
06:20:04.915 kworker        1764183 nvme0n1 W    36174176   16384     1.414
06:20:04.915 kworker        1764183 nvme0n1 W    36170496   262144    2.541
06:20:04.916 kworker        1764183 nvme0n1 W    36172800   262144    2.533
06:20:04.916 kworker        1764183 nvme0n1 W    36176640   131072    1.328
06:20:04.916 kworker        1764183 nvme0n1 W    36171264   262144    3.191
06:20:04.916 kworker        1764183 nvme0n1 W    36174464   65536     1.878
06:20:04.916 kworker        1764183 nvme0n1 W    36173312   262144    3.086
06:20:04.917 kworker        1764183 nvme0n1 W    36177024   16384     0.972
06:20:04.917 kworker        1764183 nvme0n1 W    36175168   229376    2.554
06:20:04.917 kworker        1764183 nvme0n1 W    36177152   16384     1.039
06:20:04.917 kworker        1764183 nvme0n1 W    36308992   4096      0.966
06:20:04.917 kworker        1764183 nvme0n1 W    36309088   4096      0.424
06:20:04.917 kworker        1764183 nvme0n1 W    36176128   262144    2.579
06:20:04.918 kworker        1764183 nvme0n1 W    36177280   65536     1.527
06:20:04.918 kworker        1764183 nvme0n1 W    36309040   4096      1.041
06:20:04.918 kworker        1764183 nvme0n1 W    36309144   4096      1.036
06:20:04.918 kworker        1764183 nvme0n1 W    36309192   4096      1.037
06:20:04.918 kworker        1764183 nvme0n1 W    36309240   4096      1.038
06:20:04.918 kworker        1764183 nvme0n1 W    36309288   4096      1.040
06:20:04.919 kworker        1764183 nvme0n1 W    36177536   196608    2.462
06:20:04.919 kworker        1764183 nvme0n1 W    36309384   4096      1.039
06:20:04.919 kworker        1764183 nvme0n1 W    36309336   4096      1.105
06:20:04.919 kworker        1764183 nvme0n1 W    36310304   4096      0.975
06:20:04.919 kworker        1764183 nvme0n1 W    36309552   4096      1.043
06:20:04.919 kworker        1764183 nvme0n1 W    36310456   4096      0.979
06:20:04.919 kworker        1764183 nvme0n1 W    36310600   4096      0.981
06:20:04.919 kworker        1764183 nvme0n1 W    36310896   4096      0.543
06:20:04.920 kworker        1764183 nvme0n1 W    36310752   4096      0.917
06:20:04.920 kworker        1764183 nvme0n1 W    36311048   4096      0.906
06:20:04.920 kworker        1764183 nvme0n1 W    36309888   196608    2.529
06:20:04.920 kworker        1764183 nvme0n1 W    36315760   4096      0.667
06:20:04.921 kworker        1764183 nvme0n1 W    36312320   131072    1.961
06:20:04.921 kworker        1764183 nvme0n1 W    36314112   131072    1.586
06:20:04.921 kworker        1764183 nvme0n1 W    36314624   131072    1.640
06:20:04.921 kworker        1764183 nvme0n1 W    36315136   131072    1.692
06:20:04.921 kworker        1764183 nvme0n1 W    36318976   65536     0.934
06:20:04.922 kworker        1764183 nvme0n1 W    36317856   16384     1.122
06:20:04.922 kworker        1764183 nvme0n1 W    36320280   4096      0.705
06:20:04.922 kworker        1764183 nvme0n1 W    36320544   4096      0.378
06:20:04.923 kworker        1764183 nvme0n1 W    36316928   262144    3.128
06:20:04.923 kworker        1764183 nvme0n1 W    36320384   4096      1.030
06:20:04.923 kworker        1764183 nvme0n1 W    36320336   4096      1.033
06:20:04.923 kworker        1764183 nvme0n1 W    36320704   32768     1.275
06:20:04.924 kworker        1764183 nvme0n1 W    36319232   262144    3.107
06:20:04.924 kworker        1764183 nvme0n1 W    36320904   4096      0.962
06:20:04.924 kworker        1764183 nvme0n1 W    36320888   4096      0.964
06:20:04.924 kworker        1764183 nvme0n1 W    36319744   262144    3.337
06:20:04.925 kworker        1764183 nvme0n1 W    36323104   16384     0.923
06:20:04.925 kworker        1764183 nvme0n1 W    36322408   4096      0.987
06:20:04.925 kworker        1764183 nvme0n1 W    36322848   4096      1.048
06:20:04.925 kworker        1764183 nvme0n1 W    36323456   65536     1.156
06:20:04.926 kworker        1764183 nvme0n1 W    36321280   65536     1.547
06:20:04.926 kworker        1764183 nvme0n1 W    36227456   131072    1.416
06:20:04.927 kworker        1764183 nvme0n1 W    36321536   262144    3.222
06:20:04.927 kworker        1764183 nvme0n1 W    36324608   262144    3.342
06:20:05.289 ib_log_        125949  nvme1n1 WS   1757422584 4096      0.056
06:20:05.428 nvme           1920354 Unknown N    -1         512       0.028
06:20:05.682 jbd2/nv        752     nvme1n1 WSM  877040280  90112     0.124
06:20:05.682 jbd2/nv        752     nvme1n1 WSM  877040456  4096      0.032
06:20:06.413 amoprof        1787544 nvme1n1 W    846227832  4096      0.056
