TIMESTAMP    COMM           PID     DISK    T    SECTOR     BYTES   LAT(ms)
01:03:46.019 nvme           1512100 Unknown N    -1         512       0.036
01:03:47.021 nvme           1512155 Unknown N    -1         512       0.029
01:03:47.023 jbd2/nv        752     nvme1n1 WSM  877550232  131072    0.157
01:03:47.023 jbd2/nv        752     nvme1n1 WSM  877550488  4096      0.033
01:03:47.616 kworker        1259302 nvme1n1 W    1719340952 4096      0.046
01:03:48.023 nvme           1512165 Unknown N    -1         512       0.032
01:03:49.025 nvme           1512179 Unknown N    -1         512       0.029
01:03:50.028 nvme           1512188 Unknown N    -1         512       0.029
01:03:51.030 nvme           1512198 Unknown N    -1         512       0.032
01:03:52.032 nvme           1512202 Unknown N    -1         512       0.030
01:03:52.737 kworker        1500724 nvme1n1 W    587736128  98304     0.166
01:03:52.737 kworker        1500724 nvme1n1 W    1176557272 131072    0.234
01:03:52.737 kworker        1500724 nvme1n1 W    1176557528 61440     0.272
01:03:52.737 kworker        1500724 nvme1n1 W    587736320  32768     0.291
01:03:52.737 kworker        1500724 nvme1n1 W    1176557648 131072    0.367
01:03:52.737 kworker        1500724 nvme1n1 W    1176557904 90112     0.418
01:03:52.737 kworker        1500724 nvme1n1 W    1667051312 77824     0.464
01:03:52.737 kworker        1500724 nvme1n1 W    587736384  45056     0.489
01:03:53.034 nvme           1512206 Unknown N    -1         512       0.030
01:03:53.469 jbd2/nv        752     nvme1n1 WSM  877550496  61440     0.100
01:03:53.469 jbd2/nv        752     nvme1n1 WSM  877550616  4096      0.032
01:03:54.036 nvme           1512226 Unknown N    -1         512       0.030
01:03:55.038 nvme           1512235 Unknown N    -1         512       0.029
01:03:56.026 amoprof        1271097 nvme1n1 W    587772968  4096      0.059
