TIMESTAMP    COMM           PID     DISK    T    SECTOR     BYTES   LAT(ms)
01:29:32.525 nvme           1548170 Unknown N    -1         512       0.093
01:29:33.527 nvme           1548231 Unknown N    -1         512       0.032
01:29:33.529 jbd2/nv        752     nvme1n1 WSM  877601400  8192      0.057
01:29:33.529 jbd2/nv        752     nvme1n1 WSM  877601144  131072    0.148
01:29:33.529 jbd2/nv        752     nvme1n1 WSM  877601416  4096      0.029
01:29:33.856 kworker        1541567 nvme1n1 WM   0          4096      0.110
01:29:33.856 kworker        1541567 nvme1n1 WM   288        4096      0.120
01:29:33.856 kworker        1541567 nvme1n1 WM   568        4096      0.120
01:29:33.856 kworker        1541567 nvme1n1 WM   712        8192      0.119
01:29:33.856 kworker        1541567 nvme1n1 WM   736        4096      0.127
01:29:33.856 kworker        1541567 nvme1n1 WM   776        8192      0.128
01:29:33.856 kworker        1541567 nvme1n1 WM   461373728  4096      0.128
01:29:33.856 kworker        1541567 nvme1n1 WM   583015744  4096      0.131
01:29:33.856 kworker        1541567 nvme1n1 WM   587202568  8192      0.133
01:29:33.856 kworker        1541567 nvme1n1 WM   591396872  4096      0.135
01:29:33.856 kworker        1541567 nvme1n1 WM   591397000  4096      0.140
01:29:33.856 kworker        1541567 nvme1n1 WM   1174405184 4096      0.137
01:29:33.856 kworker        1541567 nvme1n1 WM   1484783656 4096      0.138
01:29:33.856 kworker        1541567 nvme1n1 WM   1484789216 4096      0.139
01:29:33.856 kworker        1541567 nvme1n1 WM   591403408  131072    0.226
01:29:33.856 kworker        1541567 nvme1n1 WM   591403664  24576     0.241
01:29:33.856 kworker        1541567 nvme1n1 WM   1485058520 4096      0.070
01:29:33.856 kworker        1541567 nvme1n1 WM   1493844928 4096      0.075
01:29:33.856 kworker        1541567 nvme1n1 WM   1497366536 4096      0.081
01:29:33.856 kworker        1541567 nvme1n1 WM   1497687312 8192      0.081
01:29:33.856 kworker        1541567 nvme1n1 WM   1497687376 4096      0.087
01:29:33.856 kworker        1541567 nvme1n1 WM   1497687464 4096      0.087
01:29:33.856 kworker        1541567 nvme1n1 WM   1530921000 4096      0.087
01:29:33.856 kworker        1541567 nvme1n1 WM   1530921080 4096      0.092
01:29:33.856 kworker        1541567 nvme1n1 WM   1623195704 4096      0.093
01:29:33.856 kworker        1541567 nvme1n1 WM   1635778672 4096      0.095
01:29:33.856 kworker        1541567 nvme1n1 WM   1639972880 4096      0.099
01:29:33.856 kworker        1541567 nvme1n1 WM   1756827520 4096      0.100
01:29:33.856 kworker        1541567 nvme1n1 WM   1756866960 4096      0.104
01:29:33.856 kworker        1541567 nvme1n1 WM   1497687392 28672     0.120
01:29:33.857 kworker        1541567 nvme1n1 WM   1756887712 4096      0.033
01:29:33.857 kworker        1541567 nvme1n1 W    587797808  8192      0.038
01:29:34.530 nvme           1548245 Unknown N    -1         512       0.077
01:29:35.532 nvme           1548254 Unknown N    -1         512       0.030
01:29:36.534 nvme           1548264 Unknown N    -1         512       0.087
01:29:37.536 nvme           1548268 Unknown N    -1         512       0.035
01:29:38.539 nvme           1548272 Unknown N    -1         512       0.033
01:29:38.976 jbd2/nv        752     nvme1n1 WSM  877601424  28672     0.091
01:29:38.976 jbd2/nv        752     nvme1n1 WSM  877601480  4096      0.032
01:29:38.976 kworker        1473701 nvme1n1 W    591681744  40960     0.081
01:29:38.977 kworker        1473701 nvme1n1 W    591681824  61440     0.120
01:29:38.977 kworker        1473701 nvme1n1 W    1486320048 131072    0.199
01:29:38.977 kworker        1473701 nvme1n1 W    1486320304 61440     0.233
01:29:38.977 kworker        1473701 nvme1n1 W    591681944  32768     0.251
01:29:38.977 kworker        1473701 nvme1n1 W    1486320424 131072    0.328
01:29:38.977 kworker        1473701 nvme1n1 W    1486320680 90112     0.381
01:29:38.977 kworker        1473701 nvme1n1 W    1176734008 77824     0.427
01:29:38.977 kworker        1473701 nvme1n1 W    591682008  45056     0.452
01:29:39.541 nvme           1548292 Unknown N    -1         512       0.038
01:29:40.543 nvme           1548301 Unknown N    -1         512       0.030
01:29:40.906 jbd2/nv        391     nvme0n1 WSM  4306752    28672     1.019
01:29:40.907 jbd2/nv        391     nvme0n1 WSM  4306808    4096      0.660
01:29:41.025 kworker        1541567 nvme0n1 W    37217464   4096      0.757
01:29:41.025 kworker        1473701 nvme0n1 W    37332568   4096      0.784
01:29:41.025 kworker        1513369 nvme0n1 W    36029952   131072    1.405
01:29:41.026 kworker        1513369 nvme0n1 W    8143096    131072    1.456
01:29:41.026 kworker        1513369 nvme0n1 W    36167072   16384     0.897
01:29:41.026 kworker        1513369 nvme0n1 W    8135672    131072    1.785
01:29:41.026 kworker        1513369 nvme0n1 W    36167520   16384     1.024
01:29:41.026 kworker        1513369 nvme0n1 W    8133112    131072    1.859
01:29:41.026 kworker        1513369 nvme0n1 W    36166400   131072    1.859
01:29:41.026 kworker        1513369 nvme0n1 W    36167976   4096      0.909
01:29:41.027 kworker        1513369 nvme0n1 W    36168384   32768     1.032
01:29:41.027 kworker        1513369 nvme0n1 W    36023808   262144    2.630
01:29:41.027 kworker        1513369 nvme0n1 W    36315792   40960     0.959
01:29:41.027 kworker        1513369 nvme0n1 W    36177280   65536     1.148
01:29:41.027 kworker        1513369 nvme0n1 W    36174336   65536     1.211
01:29:41.027 kworker        1513369 nvme0n1 W    36322384   4096      0.482
01:29:41.028 kworker        1513369 nvme0n1 W    36321792   131072    1.530
01:29:41.028 kworker        1513369 nvme0n1 W    36323072   16384     0.916
01:29:41.028 kworker        1513369 nvme0n1 W    7337984    4096      0.795
01:29:41.028 kworker        1513369 nvme0n1 W    36316928   131072    1.850
01:29:41.028 kworker        1513369 nvme0n1 W    36324096   65536     1.355
01:29:41.536 kworker        1473701 nvme1n1 W    1625052688 4096      0.055
01:29:41.546 nvme           1548305 Unknown N    -1         512       0.026
01:29:42.532 amoprof        1271097 nvme1n1 W    1526142112 4096      0.053
