TIMESTAMP    COMM           PID     DISK    T    SECTOR     BYTES   LAT(ms)
10:36:01.267 nvme           540626  Unknown N    -1         512       0.033
10:36:01.313 kworker        540496  nvme1n1 W    1755464208 8192      0.083
10:36:01.313 kworker        540496  nvme1n1 W    570809240  49152     0.115
10:36:01.313 kworker        540496  nvme1n1 W    570882576  126976    0.194
10:36:01.313 kworker        540496  nvme1n1 W    570809336  102400    0.255
10:36:01.313 kworker        540496  nvme1n1 W    570809536  122880    0.331
10:36:01.313 kworker        540496  nvme1n1 W    570809776  12288     0.339
10:36:01.313 kworker        540496  nvme1n1 W    570882824  81920     0.385
10:36:01.313 kworker        540496  nvme1n1 W    570809800  65536     0.427
10:36:01.313 kworker        540496  nvme1n1 W    1756165264 4096      0.283
10:36:01.313 kworker        540496  nvme1n1 W    570809928  12288     0.287
10:36:01.313 kworker        540496  nvme1n1 W    570780920  4096      0.168
10:36:01.313 kworker        540496  nvme1n1 W    570809952  57344     0.201
10:36:01.998 ib_log_        125924  nvme1n1 WS   1756043336 4096      0.052
10:36:01.998 ib_log_        125924  nvme1n1 WS   1756043344 8192      0.032
10:36:01.998 jbd2/nv        752     nvme1n1 WSM  878268680  131072    0.146
10:36:01.998 jbd2/nv        752     nvme1n1 WSM  878268936  28672     0.153
10:36:01.998 jbd2/nv        752     nvme1n1 WSM  878268992  4096      0.026
10:36:01.998 ib_log_        125924  nvme1n1 WS   1756043344 4096      0.026
10:36:01.999 ib_log_        125924  nvme1n1 WS   1756043344 8192      0.030
10:36:01.999 connect        125924  nvme1n1 WS   1731543936 4096      0.035
10:36:01.999 jbd2/nv        752     nvme1n1 WSM  878269000  12288     0.039
10:36:01.999 jbd2/nv        752     nvme1n1 WSM  878269024  4096      0.034
10:36:01.999 ib_log_        125924  nvme1n1 WS   1756043352 4096      0.027
10:36:01.999 ib_log_        125924  nvme1n1 WS   1756043352 4096      0.026
10:36:01.999 jbd2/nv        752     nvme1n1 WSM  878269032  36864     0.057
10:36:01.999 jbd2/nv        752     nvme1n1 WSM  878269104  4096      0.034
10:36:01.999 ib_log_        125924  nvme1n1 WS   1756043352 4096      0.029
10:36:01.999 ib_log_        125924  nvme1n1 WS   1756043352 4096      0.027
10:36:02.000 ib_log_        125924  nvme1n1 WS   1756043352 4096      0.027
10:36:02.008 ib_log_        125924  nvme1n1 WS   1756043352 4096      0.040
10:36:02.009 ib_log_        125924  nvme1n1 WS   1756043352 4096      0.034
10:36:02.009 ib_log_        125924  nvme1n1 WS   1756043360 8192      0.036
10:36:02.009 jbd2/nv        752     nvme1n1 WSM  878269112  53248     0.082
10:36:02.009 jbd2/nv        752     nvme1n1 WSM  878269216  4096      0.033
10:36:02.118 ib_log_        125924  nvme1n1 WS   1756043360 4096      0.055
10:36:02.269 nvme           540693  Unknown N    -1         512       0.074
10:36:02.561 ib_pg_f        125924  nvme1n1 WS   1740046336 131072    0.169
10:36:02.561 ib_pg_f        125924  nvme1n1 WS   1740046592 131072    0.236
10:36:02.562 ib_pg_f        125924  nvme1n1 WS   1740046848 131072    0.313
10:36:02.562 ib_pg_f        125924  nvme1n1 WS   1740047104 131072    0.396
10:36:02.562 ib_pg_f        125924  nvme1n1 WS   1740047360 131072    0.468
10:36:02.562 ib_pg_f        125924  nvme1n1 WS   1740047616 131072    0.549
10:36:02.562 ib_pg_f        125924  nvme1n1 WS   1740047872 131072    0.625
10:36:02.562 ib_pg_f        125924  nvme1n1 WS   1740048128 114688    0.690
10:36:02.562 ib_pg_f        125924  nvme1n1 WS   1755202432 16384     0.045
10:36:02.562 ib_pg_f        125924  nvme1n1 WS   1757716032 16384     0.053
10:36:02.562 ib_pg_f        125924  nvme1n1 WS   1757716192 16384     0.050
10:36:02.562 ib_pg_f        125924  nvme1n1 WS   1740408032 16384     0.050
10:36:02.562 ib_pg_f        125924  nvme1n1 WS   1757760192 16384     0.052
10:36:02.562 ib_pg_f        125924  nvme1n1 WS   1740077664 16384     0.055
10:36:02.562 ib_pg_f        125924  nvme1n1 WS   1755204512 16384     0.057
10:36:02.562 ib_pg_f        125924  nvme1n1 WS   1757691744 16384     0.049
10:36:02.562 ib_pg_f        125924  nvme1n1 WS   1755159136 16384     0.058
10:36:02.562 ib_pg_f        125924  nvme1n1 WS   1755202016 16384     0.060
10:36:02.562 ib_pg_f        125924  nvme1n1 WS   813984     16384     0.054
10:36:02.562 ib_pg_f        125924  nvme1n1 WS   814016     16384     0.055
10:36:02.562 ib_pg_f        125924  nvme1n1 WS   814048     16384     0.046
10:36:02.562 ib_pg_f        125924  nvme1n1 WS   814080     16384     0.048
10:36:02.562 ib_pg_f        125924  nvme1n1 WS   1437024    16384     0.060
10:36:02.562 ib_pg_f        125924  nvme1n1 WS   1436000    16384     0.057
10:36:02.562 ib_pg_f        125924  nvme1n1 WS   1436160    16384     0.067
10:36:02.562 ib_pg_f        125924  nvme1n1 WS   1436768    16384     0.053
10:36:02.562 ib_pg_f        125924  nvme1n1 WS   1757690592 16384     0.075
10:36:02.562 ib_pg_f        125924  nvme1n1 WS   1757760512 16384     0.075
10:36:02.562 ib_pg_f        125924  nvme1n1 WS   1756547840 16384     0.042
10:36:02.562 ib_pg_f        125924  nvme1n1 WS   1520145408 16384     0.054
10:36:02.562 ib_pg_f        125924  nvme1n1 WS   1520145440 16384     0.062
10:36:02.562 ib_pg_f        125924  nvme1n1 WS   1436640    16384     0.049
10:36:02.562 ib_pg_f        125924  nvme1n1 WS   1520145216 16384     0.047
10:36:02.562 ib_pg_f        125924  nvme1n1 WS   1520144384 16384     0.059
10:36:02.562 ib_pg_f        125924  nvme1n1 WS   1520107936 16384     0.060
10:36:02.562 ib_pg_f        125924  nvme1n1 WS   1520145376 16384     0.068
10:36:02.562 ib_pg_f        125924  nvme1n1 WS   813696     16384     0.058
10:36:02.562 ib_pg_f        125924  nvme1n1 WS   813728     16384     0.059
10:36:02.562 ib_pg_f        125924  nvme1n1 WS   813760     16384     0.055
10:36:02.562 ib_pg_f        125924  nvme1n1 WS   813792     16384     0.062
10:36:02.562 ib_pg_f        125924  nvme1n1 WS   813824     16384     0.064
10:36:02.562 ib_pg_f        125924  nvme1n1 WS   813888     16384     0.064
10:36:02.562 ib_pg_f        125924  nvme1n1 WS   813920     16384     0.065
10:36:02.562 ib_pg_f        125924  nvme1n1 WS   813952     16384     0.063
10:36:02.563 ib_pg_f        125924  nvme1n1 WS   813152     16384     0.070
10:36:02.563 ib_pg_f        125924  nvme1n1 WS   813184     16384     0.076
10:36:02.563 ib_pg_f        125924  nvme1n1 WS   813216     16384     0.075
10:36:02.563 ib_pg_f        125924  nvme1n1 WS   1755159104 16384     0.096
10:36:02.563 ib_pg_f        125924  nvme1n1 WS   1740408064 16384     0.087
10:36:02.563 ib_pg_f        125924  nvme1n1 WS   1740077696 16384     0.083
10:36:02.563 ib_pg_f        125924  nvme1n1 WS   1755204544 16384     0.084
10:36:02.563 ib_pg_f        125924  nvme1n1 WS   1755159168 16384     0.092
10:36:02.563 ib_pg_f        125924  nvme1n1 WS   1740407360 16384     0.067
10:36:02.563 ib_pg_f        125924  nvme1n1 WS   1740077728 16384     0.072
10:36:02.563 ib_pg_f        125924  nvme1n1 WS   1755099296 16384     0.056
10:36:02.563 ib_pg_f        125924  nvme1n1 WS   1756836384 16384     0.060
10:36:02.563 ib_pg_f        125924  nvme1n1 WS   1757151392 16384     0.060
10:36:02.563 ib_pg_f        125924  nvme1n1 WS   1437184    16384     0.053
10:36:02.563 ib_pg_f        125924  nvme1n1 WS   1757681504 16384     0.069
10:36:02.563 ib_pg_f        125924  nvme1n1 WS   1757691392 16384     0.073
10:36:02.563 ib_pg_f        125924  nvme1n1 WS   37650336   16384     0.070
10:36:02.563 ib_pg_f        125924  nvme1n1 WS   1757759488 16384     0.063
10:36:02.563 ib_pg_f        125924  nvme1n1 WS   1437504    16384     0.059
10:36:02.563 ib_pg_f        125924  nvme1n1 WS   1757689856 16384     0.073
10:36:02.563 ib_pg_f        125924  nvme1n1 WS   1756836768 16384     0.070
10:36:02.563 ib_pg_f        125924  nvme1n1 WS   1757759712 16384     0.064
10:36:02.563 ib_pg_f        125924  nvme1n1 WS   1756547808 16384     0.065
10:36:02.563 ib_pg_f        125924  nvme1n1 WS   1757691296 16384     0.061
10:36:02.563 ib_pg_f        125924  nvme1n1 WS   818976     16384     0.060
10:36:02.563 ib_pg_f        125924  nvme1n1 WS   1437088    16384     0.054
10:36:02.563 ib_pg_f        125924  nvme1n1 WS   1757759680 16384     0.053
10:36:03.272 nvme           540708  Unknown N    -1         512       0.032
10:36:03.880 ib_log_        125924  nvme1n1 WS   1756043360 4096      0.060
10:36:03.880 ib_log_        125924  nvme1n1 WS   1756037120 4096      0.036
10:36:04.274 nvme           540713  Unknown N    -1         512       0.075
10:36:04.561 ib_pg_f        125924  nvme1n1 WS   1740054528 16384     0.056
10:36:04.561 ib_pg_f        125924  nvme1n1 WS   1757760160 16384     0.043
10:36:04.880 ib_log_        125924  nvme1n1 WS   1756037120 4096      0.047
10:36:05.277 nvme           540723  Unknown N    -1         512       0.030
10:36:06.279 nvme           540727  Unknown N    -1         512       0.095
10:36:06.432 kworker        493089  nvme1n1 W    570810064  86016     0.124
10:36:07.282 nvme           540741  Unknown N    -1         512       0.118
10:36:07.968 jbd2/nv        752     nvme1n1 WSM  878269224  40960     0.086
10:36:07.968 jbd2/nv        752     nvme1n1 WSM  878269304  4096      0.031
10:36:08.285 nvme           540760  Unknown N    -1         512       0.075
10:36:08.564 jbd2/nv        391     nvme0n1 WSM  4209712    24576     0.667
10:36:08.564 jbd2/nv        391     nvme0n1 WSM  4209760    4096      0.497
10:36:09.287 nvme           540765  Unknown N    -1         512       0.081
10:36:09.505 kworker        540496  nvme0n1 WM   2103000    4096      0.523
10:36:09.505 kworker        540496  nvme0n1 WM   2099200    8192      0.546
10:36:09.505 kworker        540496  nvme0n1 WM   6309888    4096      0.546
10:36:09.505 kworker        540496  nvme0n1 WM   6310376    4096      0.547
10:36:09.505 kworker        540496  nvme0n1 WM   12326896   4096      0.548
10:36:09.505 kworker        540496  nvme0n1 WM   14682120   4096      0.554
10:36:09.505 kworker        540496  nvme0n1 WM   9089776    4096      0.557
10:36:09.505 kworker        540496  nvme0n1 WM   6310504    4096      0.559
10:36:10.290 nvme           540775  Unknown N    -1         512       0.079
10:36:11.292 nvme           540781  Unknown N    -1         512       0.075
10:36:11.552 kworker        540496  nvme1n1 W    1731547024 12288     0.075
10:36:12.294 nvme           540801  Unknown N    -1         512       0.075
10:36:13.297 nvme           540813  Unknown N    -1         512       0.089
10:36:13.660 ib_log_        125924  nvme1n1 WS   1756043360 4096      0.051
10:36:13.660 ib_log_        125924  nvme1n1 WS   1756043360 4096      0.029
10:36:13.660 connect        125924  nvme1n1 WS   1731543936 4096      0.035
10:36:13.660 jbd2/nv        752     nvme1n1 WSM  878269312  86016     0.103
10:36:13.660 jbd2/nv        752     nvme1n1 WSM  878269480  4096      0.033
10:36:13.660 ib_log_        125924  nvme1n1 WS   1756043360 4096      0.028
10:36:13.661 ib_log_        125924  nvme1n1 WS   1756043360 8192      0.031
10:36:13.661 ib_log_        125924  nvme1n1 WS   1756043376 8192      0.032
10:36:13.661 jbd2/nv        752     nvme1n1 WSM  878269488  8192      0.032
10:36:13.662 jbd2/nv        752     nvme1n1 WSM  878269504  4096      0.028
10:36:13.662 ib_log_        125924  nvme1n1 WS   1756043376 4096      0.029
10:36:13.662 jbd2/nv        752     nvme1n1 WSM  878269512  20480     0.043
10:36:13.662 jbd2/nv        752     nvme1n1 WSM  878269552  4096      0.028
10:36:13.662 connect        125924  nvme1n1 WS   1756663560 114688    0.123
10:36:13.662 jbd2/nv        752     nvme1n1 WSM  878269560  16384     0.041
10:36:13.662 jbd2/nv        752     nvme1n1 WSM  878269592  4096      0.027
10:36:13.662 connect        125924  nvme1n1 WS   1756707072 16384     0.043
10:36:13.662 jbd2/nv        752     nvme1n1 WSM  878269600  16384     0.041
10:36:13.662 jbd2/nv        752     nvme1n1 WSM  878269632  4096      0.026
10:36:13.662 ib_log_        125924  nvme1n1 WS   1756043376 4096      0.028
10:36:13.663 ib_log_        125924  nvme1n1 WS   1756043376 8192      0.031
10:36:13.663 ib_log_        125924  nvme1n1 WS   1756043384 4096      0.027
10:36:13.664 ib_log_        125924  nvme1n1 WS   1756043384 4096      0.029
10:36:13.664 ib_log_        125924  nvme1n1 WS   1756043392 8192      0.031
10:36:13.664 jbd2/nv        752     nvme1n1 WSM  878269640  12288     0.037
10:36:13.664 jbd2/nv        752     nvme1n1 WSM  878269664  4096      0.028
10:36:13.664 connect        125924  nvme1n1 WS   1731543936 4096      0.038
10:36:13.664 jbd2/nv        752     nvme1n1 WSM  878269672  12288     0.037
10:36:13.664 jbd2/nv        752     nvme1n1 WSM  878269696  4096      0.027
10:36:13.664 ib_log_        125924  nvme1n1 WS   1756043392 8192      0.031
10:36:13.665 ib_log_        125924  nvme1n1 WS   1756043400 4096      0.032
10:36:13.665 ib_log_        125924  nvme1n1 WS   1756043408 8192      0.042
10:36:13.665 jbd2/nv        752     nvme1n1 WSM  878269704  16384     0.058
10:36:13.665 jbd2/nv        752     nvme1n1 WSM  878269736  4096      0.026
10:36:13.665 connect        125924  nvme1n1 WS   1731543936 8192      0.034
10:36:13.665 jbd2/nv        752     nvme1n1 WSM  878269744  24576     0.045
10:36:13.665 jbd2/nv        752     nvme1n1 WSM  878269792  4096      0.026
10:36:13.666 ib_log_        125924  nvme1n1 WS   1756043408 4096      0.032
10:36:13.725 ib_log_        125924  nvme1n1 WS   1756043408 4096      0.038
10:36:13.726 ib_log_        125924  nvme1n1 WS   1756043408 4096      0.031
10:36:13.835 ib_log_        125924  nvme1n1 WS   1756043408 4096      0.049
10:36:14.113 kworker        540496  nvme0n1 W    14951880   8192      0.618
10:36:14.300 nvme           540819  Unknown N    -1         512       0.030
10:36:14.563 ib_pg_f        125924  nvme1n1 WS   1740046336 131072    0.177
10:36:14.563 ib_pg_f        125924  nvme1n1 WS   1740046592 131072    0.256
10:36:14.563 ib_pg_f        125924  nvme1n1 WS   1740046848 131072    0.321
10:36:14.563 ib_pg_f        125924  nvme1n1 WS   1740047104 131072    0.398
10:36:14.563 ib_pg_f        125924  nvme1n1 WS   1740047360 131072    0.476
10:36:14.563 ib_pg_f        125924  nvme1n1 WS   1740047616 131072    0.553
10:36:14.563 ib_pg_f        125924  nvme1n1 WS   1740047872 131072    0.629
10:36:14.563 ib_pg_f        125924  nvme1n1 WS   1740048128 65536     0.667
10:36:14.564 ib_pg_f        125924  nvme1n1 WS   1755099328 16384     0.046
10:36:14.564 ib_pg_f        125924  nvme1n1 WS   1757716032 16384     0.046
10:36:14.564 ib_pg_f        125924  nvme1n1 WS   1757716192 16384     0.050
10:36:14.564 ib_pg_f        125924  nvme1n1 WS   1740402880 16384     0.060
10:36:14.564 ib_pg_f        125924  nvme1n1 WS   1740408128 16384     0.069
10:36:14.564 ib_pg_f        125924  nvme1n1 WS   813152     16384     0.069
10:36:14.564 ib_pg_f        125924  nvme1n1 WS   813184     16384     0.057
10:36:14.564 ib_pg_f        125924  nvme1n1 WS   813216     16384     0.067
10:36:14.564 ib_pg_f        125924  nvme1n1 WS   1740077760 16384     0.069
10:36:14.564 ib_pg_f        125924  nvme1n1 WS   1740402912 16384     0.071
10:36:14.564 ib_pg_f        125924  nvme1n1 WS   1520107936 16384     0.068
10:36:14.564 ib_pg_f        125924  nvme1n1 WS   1520145376 16384     0.067
10:36:14.564 ib_pg_f        125924  nvme1n1 WS   813696     16384     0.064
10:36:14.564 ib_pg_f        125924  nvme1n1 WS   813728     16384     0.053
10:36:14.564 ib_pg_f        125924  nvme1n1 WS   813760     16384     0.051
10:36:14.564 ib_pg_f        125924  nvme1n1 WS   813792     16384     0.058
10:36:14.564 ib_pg_f        125924  nvme1n1 WS   813824     16384     0.060
10:36:14.564 ib_pg_f        125924  nvme1n1 WS   813888     16384     0.062
10:36:14.564 ib_pg_f        125924  nvme1n1 WS   813920     16384     0.057
10:36:14.564 ib_pg_f        125924  nvme1n1 WS   813952     16384     0.056
10:36:14.564 ib_pg_f        125924  nvme1n1 WS   1756547840 16384     0.056
10:36:14.564 ib_pg_f        125924  nvme1n1 WS   1520145408 16384     0.058
10:36:14.564 ib_pg_f        125924  nvme1n1 WS   1520145440 16384     0.062
10:36:14.564 ib_pg_f        125924  nvme1n1 WS   1436640    16384     0.056
10:36:14.564 ib_pg_f        125924  nvme1n1 WS   1520145216 16384     0.063
10:36:14.564 ib_pg_f        125924  nvme1n1 WS   1520144384 16384     0.056
10:36:14.564 ib_pg_f        125924  nvme1n1 WS   1436768    16384     0.051
10:36:14.564 ib_pg_f        125924  nvme1n1 WS   1757690592 16384     0.058
10:36:14.564 ib_pg_f        125924  nvme1n1 WS   1757760512 16384     0.061
10:36:14.564 ib_pg_f        125924  nvme1n1 WS   1437024    16384     0.073
10:36:14.564 ib_pg_f        125924  nvme1n1 WS   1436000    16384     0.064
10:36:14.564 ib_pg_f        125924  nvme1n1 WS   1436160    16384     0.061
10:36:14.564 ib_pg_f        125924  nvme1n1 WS   1757151456 16384     0.064
10:36:14.564 ib_pg_f        125924  nvme1n1 WS   1755099360 16384     0.066
10:36:14.564 ib_pg_f        125924  nvme1n1 WS   1740407872 16384     0.085
10:36:14.564 ib_pg_f        125924  nvme1n1 WS   1756663592 16384     0.046
10:36:14.564 ib_pg_f        125924  nvme1n1 WS   1756707072 16384     0.051
10:36:14.564 ib_pg_f        125924  nvme1n1 WS   1756663624 16384     0.060
10:36:14.564 ib_pg_f        125924  nvme1n1 WS   1756663656 16384     0.066
10:36:14.564 ib_pg_f        125924  nvme1n1 WS   1740402944 16384     0.072
10:36:14.564 ib_pg_f        125924  nvme1n1 WS   1756663688 16384     0.075
10:36:14.564 ib_pg_f        125924  nvme1n1 WS   1755204608 16384     0.079
10:36:14.564 ib_pg_f        125924  nvme1n1 WS   814048     16384     0.072
10:36:14.564 ib_pg_f        125924  nvme1n1 WS   814080     16384     0.067
10:36:14.564 ib_pg_f        125924  nvme1n1 WS   813984     16384     0.057
10:36:14.564 ib_pg_f        125924  nvme1n1 WS   814016     16384     0.049
10:36:14.564 ib_pg_f        125924  nvme1n1 WS   1740402976 16384     0.054
10:36:14.564 ib_pg_f        125924  nvme1n1 WS   1757760192 16384     0.051
10:36:14.564 ib_pg_f        125924  nvme1n1 WS   1757691744 16384     0.048
10:36:14.564 ib_pg_f        125924  nvme1n1 WS   1756547808 16384     0.052
10:36:14.564 ib_pg_f        125924  nvme1n1 WS   1757691296 16384     0.050
10:36:14.564 ib_pg_f        125924  nvme1n1 WS   1740077792 16384     0.063
10:36:14.564 ib_pg_f        125924  nvme1n1 WS   1740412864 16384     0.070
10:36:14.564 ib_pg_f        125924  nvme1n1 WS   1755202144 16384     0.072
10:36:14.564 ib_pg_f        125924  nvme1n1 WS   1755159360 16384     0.077
10:36:14.564 ib_pg_f        125924  nvme1n1 WS   1740403008 16384     0.080
10:36:14.564 ib_pg_f        125924  nvme1n1 WS   1740077888 16384     0.080
10:36:14.564 ib_pg_f        125924  nvme1n1 WS   1740403040 16384     0.081
10:36:14.564 ib_pg_f        125924  nvme1n1 WS   1756836384 16384     0.086
10:36:14.564 ib_pg_f        125924  nvme1n1 WS   1757151392 16384     0.092
10:36:14.882 ib_log_        125924  nvme1n1 WS   1756043408 4096      0.061
10:36:14.882 ib_log_        125924  nvme1n1 WS   1756037120 4096      0.034
10:36:15.302 nvme           540829  Unknown N    -1         512       0.077
10:36:16.305 nvme           540834  Unknown N    -1         512       0.032
10:36:16.563 ib_pg_f        125924  nvme1n1 WS   1740054528 16384     0.073
10:36:16.563 ib_pg_f        125924  nvme1n1 WS   1757760160 16384     0.064
10:36:16.672 kworker        540496  nvme1n1 WM   0          4096      0.112
10:36:16.672 kworker        540496  nvme1n1 WM   224        4096      0.139
10:36:16.672 kworker        540496  nvme1n1 WM   280        4096      0.141
10:36:16.672 kworker        540496  nvme1n1 WM   352        4096      0.142
10:36:16.672 kworker        540496  nvme1n1 WM   720        4096      0.143
10:36:16.672 kworker        540496  nvme1n1 WM   760        4096      0.144
10:36:16.672 kworker        540496  nvme1n1 WM   832        8192      0.158
10:36:16.672 kworker        540496  nvme1n1 WM   461373568  4096      0.160
10:36:16.672 kworker        540496  nvme1n1 WM   461373728  4096      0.162
10:36:16.672 kworker        540496  nvme1n1 WM   461373848  4096      0.162
10:36:16.673 kworker        540496  nvme1n1 WM   570425352  4096      0.167
10:36:16.673 kworker        540496  nvme1n1 WM   570425488  4096      0.168
10:36:16.673 kworker        540496  nvme1n1 WM   570425600  4096      0.169
10:36:16.673 kworker        540496  nvme1n1 WM   570425648  4096      0.170
10:36:16.673 kworker        540496  nvme1n1 WM   570432448  4096      0.171
10:36:16.673 kworker        540496  nvme1n1 WM   570433720  40960     0.171
10:36:16.673 kworker        540496  nvme1n1 WM   721917248  4096      0.089
10:36:16.673 kworker        540496  nvme1n1 WM   729808928  4096      0.102
10:36:16.673 kworker        540496  nvme1n1 WM   844081072  4096      0.104
10:36:16.673 kworker        540496  nvme1n1 WM   1497366536 4096      0.109
10:36:16.673 kworker        540496  nvme1n1 WM   1515146328 4096      0.107
10:36:16.673 kworker        540496  nvme1n1 WM   1577058384 4096      0.112
10:36:16.673 kworker        540496  nvme1n1 WM   1719475976 4096      0.124
10:36:16.673 kworker        540496  nvme1n1 WM   1719476680 4096      0.126
10:36:16.673 kworker        540496  nvme1n1 WM   1728053352 4096      0.127
10:36:16.673 kworker        540496  nvme1n1 WM   1753219136 4096      0.129
10:36:16.673 kworker        540496  nvme1n1 WM   1753219176 4096      0.130
10:36:16.673 kworker        540496  nvme1n1 WM   570433808  16384     0.147
10:36:16.673 kworker        540496  nvme1n1 WM   1497656288 12288     0.146
10:36:16.673 kworker        540496  nvme1n1 WM   1497656320 12288     0.148
10:36:16.883 ib_log_        125924  nvme1n1 WS   1756037120 4096      0.043
10:36:17.308 nvme           540854  Unknown N    -1         512       0.031
10:36:18.310 nvme           540863  Unknown N    -1         512       0.072
10:36:18.563 ib_log_        125924  nvme1n1 WS   1756043408 8192      0.053
10:36:18.564 ib_pg_f        125924  nvme1n1 WS   1740046336 131072    0.147
10:36:18.564 ib_pg_f        125924  nvme1n1 WS   1740046592 131072    0.217
10:36:18.564 ib_pg_f        125924  nvme1n1 WS   1740046848 131072    0.297
10:36:18.564 ib_pg_f        125924  nvme1n1 WS   1740047104 131072    0.376
10:36:18.564 ib_pg_f        125924  nvme1n1 WS   1740047360 131072    0.449
10:36:18.564 ib_pg_f        125924  nvme1n1 WS   1740047616 131072    0.525
10:36:18.565 ib_pg_f        125924  nvme1n1 WS   1740047872 131072    0.603
10:36:18.565 ib_pg_f        125924  nvme1n1 WS   1740048128 131072    0.658
10:36:18.565 ib_pg_f        125924  nvme1n1 WS   1740050432 131072    0.733
10:36:18.565 ib_pg_f        125924  nvme1n1 WS   1740050688 131072    0.809
10:36:18.565 ib_pg_f        125924  nvme1n1 WS   1740050944 131072    0.864
10:36:18.565 ib_pg_f        125924  nvme1n1 WS   1740051200 131072    0.944
10:36:18.565 ib_pg_f        125924  nvme1n1 WS   1740051456 131072    1.021
10:36:18.565 ib_pg_f        125924  nvme1n1 WS   1740051712 65536     1.058
10:36:18.565 ib_pg_f        125924  nvme1n1 WS   1740407488 16384     0.048
10:36:18.565 ib_pg_f        125924  nvme1n1 WS   1740077184 16384     0.055
10:36:18.565 ib_pg_f        125924  nvme1n1 WS   1740407552 16384     0.065
10:36:18.565 ib_pg_f        125924  nvme1n1 WS   1740077216 16384     0.070
10:36:18.565 ib_pg_f        125924  nvme1n1 WS   1740407680 16384     0.080
10:36:18.565 ib_pg_f        125924  nvme1n1 WS   1740077312 16384     0.086
10:36:18.565 ib_pg_f        125924  nvme1n1 WS   1740411776 16384     0.094
10:36:18.565 ib_pg_f        125924  nvme1n1 WS   1740077376 16384     0.101
10:36:18.565 ib_pg_f        125924  nvme1n1 WS   1740407744 16384     0.111
10:36:18.565 ib_pg_f        125924  nvme1n1 WS   1740077408 16384     0.098
10:36:18.565 ib_pg_f        125924  nvme1n1 WS   1740412800 16384     0.100
10:36:18.565 ib_pg_f        125924  nvme1n1 WS   1740077440 16384     0.108
10:36:18.565 ib_pg_f        125924  nvme1n1 WS   1740407936 16384     0.108
10:36:18.565 ib_pg_f        125924  nvme1n1 WS   1740077472 16384     0.113
10:36:18.565 ib_pg_f        125924  nvme1n1 WS   1740407776 16384     0.104
10:36:18.565 ib_pg_f        125924  nvme1n1 WS   1740077504 16384     0.102
10:36:18.565 ib_pg_f        125924  nvme1n1 WS   1740408000 16384     0.110
10:36:18.565 ib_pg_f        125924  nvme1n1 WS   1740077600 16384     0.111
10:36:18.565 ib_pg_f        125924  nvme1n1 WS   1740408032 16384     0.116
10:36:18.565 ib_pg_f        125924  nvme1n1 WS   1740077664 16384     0.124
10:36:18.565 ib_pg_f        125924  nvme1n1 WS   1740408064 16384     0.112
10:36:18.565 ib_pg_f        125924  nvme1n1 WS   1740077696 16384     0.116
10:36:18.565 ib_pg_f        125924  nvme1n1 WS   1740407360 16384     0.125
10:36:18.565 ib_pg_f        125924  nvme1n1 WS   1740077728 16384     0.126
10:36:18.565 ib_pg_f        125924  nvme1n1 WS   1740402880 16384     0.127
10:36:18.565 ib_pg_f        125924  nvme1n1 WS   1740077760 16384     0.139
10:36:18.565 ib_pg_f        125924  nvme1n1 WS   1740407872 16384     0.130
10:36:18.565 ib_pg_f        125924  nvme1n1 WS   1740077792 16384     0.132
10:36:18.565 ib_pg_f        125924  nvme1n1 WS   1740403008 16384     0.137
10:36:18.565 ib_pg_f        125924  nvme1n1 WS   1740077888 16384     0.137
10:36:18.566 ib_pg_f        125924  nvme1n1 WS   1740405792 16384     0.140
10:36:18.566 ib_pg_f        125924  nvme1n1 WS   1740107200 16384     0.146
10:36:18.566 ib_pg_f        125924  nvme1n1 WS   1740405856 16384     0.150
10:36:18.566 ib_pg_f        125924  nvme1n1 WS   1740107232 16384     0.140
10:36:18.566 ib_pg_f        125924  nvme1n1 WS   1740405920 16384     0.152
10:36:18.566 ib_pg_f        125924  nvme1n1 WS   1740107264 16384     0.151
10:36:18.566 ib_pg_f        125924  nvme1n1 WS   1740405984 16384     0.147
10:36:18.566 ib_pg_f        125924  nvme1n1 WS   1740107296 16384     0.147
10:36:18.566 ib_pg_f        125924  nvme1n1 WS   1740411520 16384     0.151
10:36:18.566 ib_pg_f        125924  nvme1n1 WS   1740107488 16384     0.153
10:36:18.566 ib_pg_f        125924  nvme1n1 WS   1740406464 16384     0.161
10:36:18.566 ib_pg_f        125924  nvme1n1 WS   1740107552 16384     0.163
10:36:18.566 ib_pg_f        125924  nvme1n1 WS   1740406528 16384     0.160
10:36:18.566 ib_pg_f        125924  nvme1n1 WS   1740107584 16384     0.163
10:36:18.566 ib_pg_f        125924  nvme1n1 WS   1740406592 16384     0.165
10:36:18.566 ib_pg_f        125924  nvme1n1 WS   1740107616 16384     0.168
10:36:18.566 ib_pg_f        125924  nvme1n1 WS   1740406656 16384     0.158
10:36:18.566 ib_pg_f        125924  nvme1n1 WS   1740107648 16384     0.161
10:36:18.566 ib_pg_f        125924  nvme1n1 WS   1740413216 16384     0.168
10:36:18.566 ib_pg_f        125924  nvme1n1 WS   1740107680 16384     0.169
10:36:18.566 ib_pg_f        125924  nvme1n1 WS   1740411552 16384     0.177
10:36:18.566 ib_pg_f        125924  nvme1n1 WS   1740402688 16384     0.182
10:36:18.566 ib_pg_f        125924  nvme1n1 WS   1740412704 16384     0.179
10:36:18.566 ib_pg_f        125924  nvme1n1 WS   1740402752 16384     0.184
10:36:18.566 ib_pg_f        125924  nvme1n1 WS   1740412736 16384     0.180
10:36:18.566 ib_pg_f        125924  nvme1n1 WS   1740402784 16384     0.184
10:36:18.566 ib_pg_f        125924  nvme1n1 WS   1740407008 16384     0.188
10:36:18.566 ib_pg_f        125924  nvme1n1 WS   1740402816 16384     0.190
10:36:18.566 ib_pg_f        125924  nvme1n1 WS   1755204480 16384     0.188
10:36:18.566 ib_pg_f        125924  nvme1n1 WS   1755158784 16384     0.192
10:36:18.566 ib_pg_f        125924  nvme1n1 WS   1755204448 16384     0.199
10:36:18.566 ib_pg_f        125924  nvme1n1 WS   1755158816 16384     0.190
10:36:18.566 ib_pg_f        125924  nvme1n1 WS   1755202304 16384     0.194
10:36:18.566 ib_pg_f        125924  nvme1n1 WS   1755158848 16384     0.205
10:36:18.566 ib_pg_f        125924  nvme1n1 WS   1755201792 16384     0.195
10:36:18.566 ib_pg_f        125924  nvme1n1 WS   1755158880 16384     0.201
10:36:18.566 ib_pg_f        125924  nvme1n1 WS   1755202400 16384     0.201
10:36:18.566 ib_pg_f        125924  nvme1n1 WS   1755159072 16384     0.207
10:36:18.566 ib_pg_f        125924  nvme1n1 WS   1755202016 16384     0.198
10:36:18.566 ib_pg_f        125924  nvme1n1 WS   1755159104 16384     0.204
10:36:18.566 ib_pg_f        125924  nvme1n1 WS   1755204512 16384     0.208
10:36:18.566 ib_pg_f        125924  nvme1n1 WS   1755159136 16384     0.209
10:36:18.566 ib_pg_f        125924  nvme1n1 WS   1755204544 16384     0.214
10:36:18.566 ib_pg_f        125924  nvme1n1 WS   1755159168 16384     0.219
10:36:18.566 ib_pg_f        125924  nvme1n1 WS   1755202144 16384     0.220
10:36:18.566 ib_pg_f        125924  nvme1n1 WS   1755159360 16384     0.216
10:36:18.566 ib_pg_f        125924  nvme1n1 WS   1755205568 16384     0.209
10:36:18.566 ib_pg_f        125924  nvme1n1 WS   1755215136 16384     0.216
10:36:18.566 ib_pg_f        125924  nvme1n1 WS   1755204064 16384     0.217
10:36:18.566 ib_pg_f        125924  nvme1n1 WS   1755215168 16384     0.219
10:36:18.566 ib_pg_f        125924  nvme1n1 WS   1755102176 16384     0.225
10:36:18.566 ib_pg_f        125924  nvme1n1 WS   1755215264 16384     0.229
10:36:18.566 ib_pg_f        125924  nvme1n1 WS   1755102304 16384     0.236
10:36:18.566 ib_pg_f        125924  nvme1n1 WS   1755215328 16384     0.226
10:36:18.566 ib_pg_f        125924  nvme1n1 WS   1755102368 16384     0.230
10:36:18.566 ib_pg_f        125924  nvme1n1 WS   1755215360 16384     0.238
10:36:18.566 ib_pg_f        125924  nvme1n1 WS   1755102432 16384     0.238
10:36:18.566 ib_pg_f        125924  nvme1n1 WS   1755215392 16384     0.244
10:36:18.566 ib_pg_f        125924  nvme1n1 WS   1755102496 16384     0.243
10:36:18.566 ib_pg_f        125924  nvme1n1 WS   1755215424 16384     0.241
10:36:18.566 ib_pg_f        125924  nvme1n1 WS   1755102560 16384     0.247
10:36:18.566 ib_pg_f        125924  nvme1n1 WS   1755215456 16384     0.247
10:36:18.566 ib_pg_f        125924  nvme1n1 WS   1755205600 16384     0.254
10:36:18.566 ib_pg_f        125924  nvme1n1 WS   1755215584 16384     0.253
10:36:18.566 ib_pg_f        125924  nvme1n1 WS   1755205632 16384     0.253
10:36:18.566 ib_pg_f        125924  nvme1n1 WS   1755215616 16384     0.258
10:36:18.566 ib_pg_f        125924  nvme1n1 WS   1755102880 16384     0.243
10:36:18.566 ib_pg_f        125924  nvme1n1 WS   1755215648 16384     0.244
10:36:18.566 ib_pg_f        125924  nvme1n1 WS   1755102944 16384     0.244
10:36:18.566 ib_pg_f        125924  nvme1n1 WS   1755215680 16384     0.244
10:36:18.566 ib_pg_f        125924  nvme1n1 WS   1755201536 16384     0.244
10:36:18.566 ib_pg_f        125924  nvme1n1 WS   1755099136 16384     0.250
10:36:18.566 ib_pg_f        125924  nvme1n1 WS   1755204192 16384     0.251
10:36:18.566 ib_pg_f        125924  nvme1n1 WS   1755099168 16384     0.254
10:36:18.566 ib_pg_f        125924  nvme1n1 WS   1755204224 16384     0.254
10:36:18.566 ib_pg_f        125924  nvme1n1 WS   1755099200 16384     0.258
10:36:18.566 ib_pg_f        125924  nvme1n1 WS   1755204288 16384     0.261
10:36:18.566 ib_pg_f        125924  nvme1n1 WS   1755099232 16384     0.258
10:36:18.673 jbd2/nv        752     nvme1n1 WSM  878269800  32768     0.064
10:36:18.673 jbd2/nv        752     nvme1n1 WSM  878269864  4096      0.028
10:36:18.883 ib_log_        125924  nvme1n1 WS   1756037120 4096      0.035
10:36:19.312 nvme           540874  Unknown N    -1         512       0.030
10:36:20.315 nvme           540878  Unknown N    -1         512       0.072
10:36:21.275 amoprof        389677  nvme1n1 W    570724104  4096      0.055
10:36:21.317 nvme           540884  Unknown N    -1         512       0.039
10:36:22.320 nvme           540904  Unknown N    -1         512       0.034
10:36:22.690 ib_log_        125924  nvme1n1 WS   1756043416 4096      0.056
10:36:22.690 ib_log_        125924  nvme1n1 WS   1756043416 4096      0.032
10:36:22.691 ib_log_        125924  nvme1n1 WS   1756043416 4096      0.031
10:36:22.691 ib_log_        125924  nvme1n1 WS   1756043424 8192      0.032
10:36:22.691 jbd2/nv        752     nvme1n1 WSM  878269872  36864     0.069
10:36:22.691 jbd2/nv        752     nvme1n1 WSM  878269944  4096      0.028
10:36:22.691 connect        125924  nvme1n1 WS   1731543944 4096      0.034
10:36:22.692 jbd2/nv        752     nvme1n1 WSM  878269952  8192      0.031
10:36:22.692 jbd2/nv        752     nvme1n1 WSM  878269968  4096      0.027
10:36:22.692 ib_log_        125924  nvme1n1 WS   1756043424 4096      0.028
10:36:22.692 ib_log_        125924  nvme1n1 WS   1756043424 4096      0.028
10:36:22.692 jbd2/nv        752     nvme1n1 WSM  878269976  36864     0.054
10:36:22.692 jbd2/nv        752     nvme1n1 WSM  878270048  4096      0.032
10:36:22.692 ib_log_        125924  nvme1n1 WS   1756043424 4096      0.029
10:36:22.692 ib_log_        125924  nvme1n1 WS   1756043424 4096      0.028
10:36:22.692 ib_log_        125924  nvme1n1 WS   1756043424 8192      0.031
10:36:22.738 ib_log_        125924  nvme1n1 WS   1756043432 4096      0.061
10:36:22.739 ib_log_        125924  nvme1n1 WS   1756043432 4096      0.060
10:36:22.849 ib_log_        125924  nvme1n1 WS   1756043432 4096      0.061
10:36:22.935 ib_log_        125924  nvme1n1 WS   1756043432 4096      0.047
10:36:22.935 ib_log_        125924  nvme1n1 WS   1756043432 4096      0.031
10:36:22.935 ib_log_        125924  nvme1n1 WS   1756043440 8192      0.032
10:36:22.935 jbd2/nv        752     nvme1n1 WSM  878270056  61440     0.082
10:36:22.935 jbd2/nv        752     nvme1n1 WSM  878270176  4096      0.027
10:36:22.935 connect        125924  nvme1n1 WS   1731543944 4096      0.033
10:36:22.935 jbd2/nv        752     nvme1n1 WSM  878270184  8192      0.030
10:36:22.935 jbd2/nv        752     nvme1n1 WSM  878270200  4096      0.030
10:36:22.935 ib_log_        125924  nvme1n1 WS   1756043440 4096      0.028
10:36:22.936 ib_log_        125924  nvme1n1 WS   1756043440 8192      0.032
10:36:22.937 ib_log_        125924  nvme1n1 WS   1756043448 4096      0.026
10:36:22.937 jbd2/nv        752     nvme1n1 WSM  878270208  24576     0.048
10:36:22.937 jbd2/nv        752     nvme1n1 WSM  878270256  4096      0.027
10:36:22.937 connect        125924  nvme1n1 WS   1756663560 114688    0.140
10:36:22.937 jbd2/nv        752     nvme1n1 WSM  878270264  16384     0.040
10:36:22.937 jbd2/nv        752     nvme1n1 WSM  878270296  4096      0.027
10:36:22.937 connect        125924  nvme1n1 WS   1756707072 16384     0.042
10:36:22.937 jbd2/nv        752     nvme1n1 WSM  878270304  16384     0.038
10:36:22.937 jbd2/nv        752     nvme1n1 WSM  878270336  4096      0.027
10:36:22.937 ib_log_        125924  nvme1n1 WS   1756043448 4096      0.029
10:36:22.937 ib_log_        125924  nvme1n1 WS   1756043456 8192      0.031
10:36:22.938 jbd2/nv        752     nvme1n1 WSM  878270344  8192      0.031
10:36:22.938 jbd2/nv        752     nvme1n1 WSM  878270360  4096      0.027
10:36:22.938 ib_log_        125924  nvme1n1 WS   1756043456 4096      0.028
10:36:22.938 ib_log_        125924  nvme1n1 WS   1756043456 4096      0.028
10:36:22.939 ib_log_        125924  nvme1n1 WS   1756043456 8192      0.032
10:36:22.939 ib_log_        125924  nvme1n1 WS   1756043464 4096      0.027
10:36:22.939 ib_log_        125924  nvme1n1 WS   1756043472 8192      0.035
10:36:22.939 jbd2/nv        752     nvme1n1 WSM  878270368  12288     0.043
10:36:22.939 jbd2/nv        752     nvme1n1 WSM  878270392  4096      0.033
10:36:22.939 connect        125924  nvme1n1 WS   1731543944 4096      0.038
10:36:22.939 jbd2/nv        752     nvme1n1 WSM  878270400  8192      0.040
10:36:22.939 jbd2/nv        752     nvme1n1 WSM  878270416  4096      0.039
10:36:22.939 ib_log_        125924  nvme1n1 WS   1756043472 4096      0.034
10:36:22.941 ib_log_        125924  nvme1n1 WS   1756043472 4096      0.040
10:36:22.941 ib_log_        125924  nvme1n1 WS   1756043472 8192      0.031
10:36:22.941 ib_log_        125924  nvme1n1 WS   1756043480 4096      0.028
10:36:22.941 connect        125924  nvme1n1 WS   1731543944 4096      0.036
10:36:22.941 jbd2/nv        752     nvme1n1 WSM  878270424  12288     0.038
10:36:22.941 jbd2/nv        752     nvme1n1 WSM  878270448  4096      0.027
10:36:22.942 ib_log_        125924  nvme1n1 WS   1756043480 4096      0.034
10:36:23.039 ib_log_        125924  nvme1n1 WS   1756043480 4096      0.054
10:36:23.040 ib_log_        125924  nvme1n1 WS   1756043480 4096      0.041
10:36:23.149 ib_log_        125924  nvme1n1 WS   1756043480 4096      0.041
10:36:23.322 nvme           540914  Unknown N    -1         512       0.094
10:36:23.565 ib_pg_f        125924  nvme1n1 WS   1740054528 131072    0.160
10:36:23.565 ib_pg_f        125924  nvme1n1 WS   1740054784 131072    0.231
10:36:23.565 ib_pg_f        125924  nvme1n1 WS   1740055040 131072    0.309
10:36:23.565 ib_pg_f        125924  nvme1n1 WS   1740055296 131072    0.387
10:36:23.565 ib_pg_f        125924  nvme1n1 WS   1740055552 131072    0.465
10:36:23.565 ib_pg_f        125924  nvme1n1 WS   1740055808 131072    0.547
10:36:23.565 ib_pg_f        125924  nvme1n1 WS   1740056064 131072    0.616
10:36:23.565 ib_pg_f        125924  nvme1n1 WS   1740056320 131072    0.681
10:36:23.565 ib_pg_f        125924  nvme1n1 WS   1740056576 131072    0.760
10:36:23.565 ib_pg_f        125924  nvme1n1 WS   1740056832 131072    0.834
10:36:23.565 ib_pg_f        125924  nvme1n1 WS   1740057088 114688    0.905
10:36:23.565 ib_pg_f        125924  nvme1n1 WS   1755099488 16384     0.049
10:36:23.565 ib_pg_f        125924  nvme1n1 WS   1757716032 16384     0.049
10:36:23.565 ib_pg_f        125924  nvme1n1 WS   1757716192 16384     0.053
10:36:23.565 ib_pg_f        125924  nvme1n1 WS   1740407424 16384     0.054
10:36:23.565 ib_pg_f        125924  nvme1n1 WS   1757760192 16384     0.062
10:36:23.565 ib_pg_f        125924  nvme1n1 WS   1740077952 16384     0.070
10:36:23.565 ib_pg_f        125924  nvme1n1 WS   1755202176 16384     0.072
10:36:23.565 ib_pg_f        125924  nvme1n1 WS   1757691744 16384     0.047
10:36:23.565 ib_pg_f        125924  nvme1n1 WS   1755159424 16384     0.053
10:36:23.565 ib_pg_f        125924  nvme1n1 WS   1755202720 16384     0.055
10:36:23.565 ib_pg_f        125924  nvme1n1 WS   813984     16384     0.052
10:36:23.565 ib_pg_f        125924  nvme1n1 WS   814016     16384     0.050
10:36:23.565 ib_pg_f        125924  nvme1n1 WS   814048     16384     0.046
10:36:23.566 ib_pg_f        125924  nvme1n1 WS   814080     16384     0.055
10:36:23.566 ib_pg_f        125924  nvme1n1 WS   1437024    16384     0.054
10:36:23.566 ib_pg_f        125924  nvme1n1 WS   1436000    16384     0.057
10:36:23.566 ib_pg_f        125924  nvme1n1 WS   1436160    16384     0.060
10:36:23.566 ib_pg_f        125924  nvme1n1 WS   1436768    16384     0.060
10:36:23.566 ib_pg_f        125924  nvme1n1 WS   1757690592 16384     0.066
10:36:23.566 ib_pg_f        125924  nvme1n1 WS   1757760512 16384     0.072
10:36:23.566 ib_pg_f        125924  nvme1n1 WS   1756547840 16384     0.077
10:36:23.566 ib_pg_f        125924  nvme1n1 WS   1520145408 16384     0.069
10:36:23.566 ib_pg_f        125924  nvme1n1 WS   1520145440 16384     0.068
10:36:23.566 ib_pg_f        125924  nvme1n1 WS   1436640    16384     0.064
10:36:23.566 ib_pg_f        125924  nvme1n1 WS   1520145216 16384     0.062
10:36:23.566 ib_pg_f        125924  nvme1n1 WS   1520144384 16384     0.048
10:36:23.566 ib_pg_f        125924  nvme1n1 WS   1520107936 16384     0.046
10:36:23.566 ib_pg_f        125924  nvme1n1 WS   1520145376 16384     0.047
10:36:23.566 ib_pg_f        125924  nvme1n1 WS   813696     16384     0.052
10:36:23.566 ib_pg_f        125924  nvme1n1 WS   813728     16384     0.053
10:36:23.566 ib_pg_f        125924  nvme1n1 WS   813760     16384     0.052
10:36:23.566 ib_pg_f        125924  nvme1n1 WS   813792     16384     0.061
10:36:23.566 ib_pg_f        125924  nvme1n1 WS   813824     16384     0.061
10:36:23.566 ib_pg_f        125924  nvme1n1 WS   813888     16384     0.071
10:36:23.566 ib_pg_f        125924  nvme1n1 WS   813920     16384     0.060
10:36:23.566 ib_pg_f        125924  nvme1n1 WS   813952     16384     0.060
10:36:23.566 ib_pg_f        125924  nvme1n1 WS   813152     16384     0.061
10:36:23.566 ib_pg_f        125924  nvme1n1 WS   813184     16384     0.065
10:36:23.566 ib_pg_f        125924  nvme1n1 WS   813216     16384     0.071
10:36:23.566 ib_pg_f        125924  nvme1n1 WS   1755159392 16384     0.079
10:36:23.566 ib_pg_f        125924  nvme1n1 WS   1740408192 16384     0.072
10:36:23.566 ib_pg_f        125924  nvme1n1 WS   1740077984 16384     0.075
10:36:23.566 ib_pg_f        125924  nvme1n1 WS   1755202208 16384     0.077
10:36:23.566 ib_pg_f        125924  nvme1n1 WS   1755159456 16384     0.082
10:36:23.566 ib_pg_f        125924  nvme1n1 WS   1757151392 16384     0.076
10:36:23.566 ib_pg_f        125924  nvme1n1 WS   1740408224 16384     0.076
10:36:23.566 ib_pg_f        125924  nvme1n1 WS   1740078016 16384     0.088
10:36:23.566 ib_pg_f        125924  nvme1n1 WS   1755099584 16384     0.088
10:36:23.566 ib_pg_f        125924  nvme1n1 WS   1756836384 16384     0.089
10:36:23.566 ib_pg_f        125924  nvme1n1 WS   1437184    16384     0.070
10:36:23.566 ib_pg_f        125924  nvme1n1 WS   1757681504 16384     0.069
10:36:23.566 ib_pg_f        125924  nvme1n1 WS   1757691392 16384     0.070
10:36:23.566 ib_pg_f        125924  nvme1n1 WS   1437504    16384     0.070
10:36:23.566 ib_pg_f        125924  nvme1n1 WS   1757689856 16384     0.076
10:36:23.566 ib_pg_f        125924  nvme1n1 WS   37650336   16384     0.045
10:36:23.566 ib_pg_f        125924  nvme1n1 WS   1757759488 16384     0.048
10:36:23.566 ib_pg_f        125924  nvme1n1 WS   1756836768 16384     0.054
10:36:23.566 ib_pg_f        125924  nvme1n1 WS   1757759712 16384     0.057
10:36:23.566 ib_pg_f        125924  nvme1n1 WS   1756547808 16384     0.050
10:36:23.566 ib_pg_f        125924  nvme1n1 WS   1757691296 16384     0.059
10:36:23.566 ib_pg_f        125924  nvme1n1 WS   818976     16384     0.061
10:36:23.566 ib_pg_f        125924  nvme1n1 WS   1437088    16384     0.065
10:36:23.566 ib_pg_f        125924  nvme1n1 WS   1757759680 16384     0.075
10:36:23.566 ib_pg_f        125924  nvme1n1 WS   1755099616 16384     0.074
10:36:23.566 ib_pg_f        125924  nvme1n1 WS   1740411840 16384     0.079
10:36:23.566 ib_pg_f        125924  nvme1n1 WS   1740403168 16384     0.083
10:36:23.566 ib_pg_f        125924  nvme1n1 WS   1740078048 16384     0.084
10:36:23.566 ib_pg_f        125924  nvme1n1 WS   1740403200 16384     0.085
10:36:23.566 ib_pg_f        125924  nvme1n1 WS   1757151456 16384     0.092
10:36:23.566 ib_pg_f        125924  nvme1n1 WS   1755099648 16384     0.093
10:36:23.566 ib_pg_f        125924  nvme1n1 WS   1740411872 16384     0.104
10:36:23.566 ib_pg_f        125924  nvme1n1 WS   1756663592 16384     0.044
10:36:23.566 ib_pg_f        125924  nvme1n1 WS   1756707072 16384     0.059
10:36:23.566 ib_pg_f        125924  nvme1n1 WS   1756663624 16384     0.074
10:36:23.566 ib_pg_f        125924  nvme1n1 WS   1756663656 16384     0.066
10:36:23.566 ib_pg_f        125924  nvme1n1 WS   1740403232 16384     0.071
10:36:23.566 ib_pg_f        125924  nvme1n1 WS   1756663688 16384     0.072
10:36:23.566 ib_pg_f        125924  nvme1n1 WS   1755099680 16384     0.075
10:36:23.566 ib_pg_f        125924  nvme1n1 WS   1740403264 16384     0.077
10:36:23.566 ib_pg_f        125924  nvme1n1 WS   1755099712 16384     0.081
10:36:23.566 ib_pg_f        125924  nvme1n1 WS   1740078080 16384     0.064
10:36:23.566 ib_pg_f        125924  nvme1n1 WS   1755099744 16384     0.069
10:36:23.566 ib_pg_f        125924  nvme1n1 WS   1740408288 16384     0.066
10:36:23.566 ib_pg_f        125924  nvme1n1 WS   1740078208 16384     0.071
10:36:23.566 ib_pg_f        125924  nvme1n1 WS   1755202784 16384     0.074
10:36:23.566 ib_pg_f        125924  nvme1n1 WS   1755159648 16384     0.078
10:36:23.566 ib_pg_f        125924  nvme1n1 WS   1755099776 16384     0.083
10:36:24.325 nvme           540925  Unknown N    -1         512       0.100
10:36:24.884 ib_log_        125924  nvme1n1 WS   1756043480 12288     0.078
10:36:24.884 jbd2/nv        752     nvme1n1 WSM  878270456  32768     0.062
10:36:24.884 jbd2/nv        752     nvme1n1 WSM  878270520  4096      0.030
10:36:24.885 ib_log_        125924  nvme1n1 WS   1756037120 4096      0.034
10:36:25.328 nvme           540929  Unknown N    -1         512       0.031
10:36:25.564 ib_pg_f        125924  nvme1n1 WS   1740046336 16384     0.070
10:36:25.564 ib_pg_f        125924  nvme1n1 WS   1757760160 16384     0.050
10:36:25.885 ib_log_        125924  nvme1n1 WS   1756037120 4096      0.057
10:36:26.330 nvme           540939  Unknown N    -1         512       0.026
10:36:27.332 nvme           540953  Unknown N    -1         512       0.028
10:36:28.336 nvme           540965  Unknown N    -1         512       0.089
10:36:29.339 nvme           540976  Unknown N    -1         512       0.075
10:36:30.341 nvme           540980  Unknown N    -1         512       0.087
10:36:30.496 jbd2/nv        752     nvme1n1 WSM  878270528  24576     0.080
10:36:30.496 jbd2/nv        752     nvme1n1 WSM  878270576  4096      0.035
10:36:31.288 amoprof        389677  nvme1n1 W    1755525632 131072    0.171
10:36:31.288 amoprof        389677  nvme1n1 W    1755525888 24576     0.179
