TIMESTAMP    COMM           PID     DISK    T    SECTOR     BYTES   LAT(ms)
00:29:17.766 nvme           1463002 Unknown N    -1         512       0.036
00:29:18.768 nvme           1463067 Unknown N    -1         512       0.031
00:29:19.770 nvme           1463082 Unknown N    -1         512       0.088
00:29:20.672 jbd2/nv        752     nvme1n1 WSM  877446600  122880    0.157
00:29:20.672 jbd2/nv        752     nvme1n1 WSM  877446840  4096      0.032
00:29:20.672 kworker        1461926 nvme1n1 W    1625051488 12288     0.053
00:29:20.773 nvme           1463086 Unknown N    -1         512       0.072
00:29:21.775 nvme           1463094 Unknown N    -1         512       0.034
00:29:22.778 nvme           1463104 Unknown N    -1         512       0.074
00:29:23.780 nvme           1463118 Unknown N    -1         512       0.032
00:29:24.256 kworker        1461926 nvme1n1 W    587495304  8192      0.095
00:29:24.256 kworker        1461926 nvme1n1 W    587495056  126976    0.179
00:29:24.257 kworker        1461926 nvme1n1 W    725003872  131072    0.254
00:29:24.257 kworker        1461926 nvme1n1 W    725004128  45056     0.281
00:29:24.257 kworker        1461926 nvme1n1 W    724899544  131072    0.356
00:29:24.257 kworker        1461926 nvme1n1 W    724899800  20480     0.369
00:29:24.257 kworker        1461926 nvme1n1 W    724920024  131072    0.447
00:29:24.257 kworker        1461926 nvme1n1 W    724920280  20480     0.460
00:29:24.257 kworker        1461926 nvme1n1 W    725010136  131072    0.354
00:29:24.257 kworker        1461926 nvme1n1 W    725010392  20480     0.347
00:29:24.257 kworker        1461926 nvme1n1 W    587495320  53248     0.100
00:29:24.257 kworker        1461926 nvme1n1 W    725017088  131072    0.184
00:29:24.257 kworker        1461926 nvme1n1 W    725017344  61440     0.211
00:29:24.257 kworker        1461926 nvme1n1 W    587495424  32768     0.229
00:29:24.257 kworker        1461926 nvme1n1 W    725017464  131072    0.318
00:29:24.257 kworker        1461926 nvme1n1 W    725017720  90112     0.365
00:29:24.257 kworker        1461926 nvme1n1 WM   0          4096      0.109
00:29:24.257 kworker        1461926 nvme1n1 WM   152        4096      0.116
00:29:24.257 kworker        1461926 nvme1n1 WM   720        4096      0.116
00:29:24.257 kworker        1461926 nvme1n1 WM   840        4096      0.117
00:29:24.257 kworker        1461926 nvme1n1 WM   310378544  4096      0.117
00:29:24.257 kworker        1461926 nvme1n1 WM   461373728  4096      0.118
00:29:24.257 kworker        1461926 nvme1n1 WM   583015744  4096      0.119
00:29:24.257 kworker        1461926 nvme1n1 WM   583015952  4096      0.125
00:29:24.257 kworker        1461926 nvme1n1 WM   587202576  4096      0.127
00:29:24.257 kworker        1461926 nvme1n1 WM   587202704  4096      0.128
00:29:24.257 kworker        1461926 nvme1n1 W    1532368560 77824     0.169
00:29:24.257 kworker        1461926 nvme1n1 W    587573392  45056     0.193
00:29:24.257 kworker        1461926 nvme1n1 WM   587213944  49152     0.214
00:29:24.257 kworker        1461926 nvme1n1 WM   587214088  57344     0.254
00:29:24.257 kworker        1461926 nvme1n1 WM   905977672  4096      0.067
00:29:24.257 kworker        1461926 nvme1n1 WM   905977688  8192      0.074
00:29:24.257 kworker        1461926 nvme1n1 WM   1485058520 4096      0.077
00:29:24.257 kworker        1461926 nvme1n1 WM   1485075168 4096      0.081
00:29:24.257 kworker        1461926 nvme1n1 WM   1485160440 4096      0.082
00:29:24.257 kworker        1461926 nvme1n1 WM   1497366536 4096      0.084
00:29:24.257 kworker        1461926 nvme1n1 WM   1497673136 8192      0.088
00:29:24.257 kworker        1461926 nvme1n1 WM   1530921080 4096      0.089
00:29:24.257 kworker        1461926 nvme1n1 WM   1753219128 4096      0.095
00:29:24.257 kworker        1461926 nvme1n1 WM   1756827632 4096      0.095
00:29:24.257 kworker        1461926 nvme1n1 WM   1756879584 4096      0.099
00:29:24.257 kworker        1461926 nvme1n1 WM   1757413376 4096      0.100
00:29:24.257 kworker        1461926 nvme1n1 WM   1497673160 24576     0.117
00:29:24.258 kworker        1461926 nvme1n1 W    587573480  53248     0.071
00:29:24.782 nvme           1463127 Unknown N    -1         512       0.099
00:29:25.785 nvme           1463137 Unknown N    -1         512       0.077
00:29:26.017 jbd2/nv        752     nvme1n1 WSM  877446848  77824     0.116
00:29:26.017 jbd2/nv        752     nvme1n1 WSM  877447000  4096      0.030
00:29:26.787 nvme           1463142 Unknown N    -1         512       0.033
00:29:27.694 ib_log_        125949  nvme1n1 WS   1757424576 4096      0.057
00:29:27.695 ib_log_        125949  nvme1n1 WS   1757424576 4096      0.031
00:29:27.695 ib_log_        125949  nvme1n1 WS   1757424576 4096      0.028
00:29:27.695 ib_log_        125949  nvme1n1 WS   1757424584 8192      0.030
00:29:27.696 jbd2/nv        752     nvme1n1 WSM  877447008  20480     0.053
00:29:27.696 jbd2/nv        752     nvme1n1 WSM  877447048  4096      0.029
00:29:27.696 connect        125949  nvme1n1 WS   1735313464 4096      0.035
00:29:27.696 jbd2/nv        752     nvme1n1 WSM  877447056  8192      0.031
00:29:27.696 jbd2/nv        752     nvme1n1 WSM  877447072  4096      0.026
00:29:27.696 ib_log_        125949  nvme1n1 WS   1757424584 4096      0.026
00:29:27.696 ib_log_        125949  nvme1n1 WS   1757424584 4096      0.028
00:29:27.696 jbd2/nv        752     nvme1n1 WSM  877447080  45056     0.065
00:29:27.696 jbd2/nv        752     nvme1n1 WSM  877447168  4096      0.026
00:29:27.696 ib_log_        125949  nvme1n1 WS   1757424584 4096      0.026
00:29:27.696 ib_log_        125949  nvme1n1 WS   1757424584 4096      0.030
00:29:27.697 ib_log_        125949  nvme1n1 WS   1757424584 4096      0.026
00:29:27.748 ib_log_        125949  nvme1n1 WS   1757424584 4096      0.038
00:29:27.749 ib_log_        125949  nvme1n1 WS   1757424584 8192      0.032
00:29:27.773 amoprof        1271097 nvme1n1 W    587568592  4096      0.046
