TIMESTAMP    COMM           PID     DISK    T    SECTOR     BYTES   LAT(ms)
11:41:49.515 nvme           2370880 Unknown N    -1         512       0.035
11:41:50.518 nvme           2370935 Unknown N    -1         512       0.031
11:41:51.392 kworker        2366592 nvme1n1 W    1506200232 20480     0.071
11:41:51.520 nvme           2370945 Unknown N    -1         512       0.036
11:41:52.085 jbd2/nv        752     nvme1n1 WSM  877402520  126976    0.157
11:41:52.085 jbd2/nv        752     nvme1n1 WSM  877402768  4096      0.032
11:41:52.523 nvme           2370949 Unknown N    -1         512       0.035
11:41:53.441 kworker        2366592 nvme1n1 W    1578622480 114688    0.189
11:41:53.441 kworker        2366592 nvme1n1 W    1498972160 131072    0.255
11:41:53.441 kworker        2366592 nvme1n1 W    1498972416 61440     0.289
11:41:53.441 kworker        2366592 nvme1n1 W    1578622704 32768     0.308
11:41:53.441 kworker        2366592 nvme1n1 W    1580046336 131072    0.387
11:41:53.441 kworker        2366592 nvme1n1 W    1580046592 90112     0.439
11:41:53.441 kworker        2366592 nvme1n1 W    722173136  77824     0.483
11:41:53.441 kworker        2366592 nvme1n1 W    1578622768 28672     0.501
11:41:53.525 nvme           2370963 Unknown N    -1         512       0.031
11:41:54.528 nvme           2370976 Unknown N    -1         512       0.036
11:41:55.530 nvme           2370983 Unknown N    -1         512       0.032
11:41:56.513 kworker        2366592 nvme0n1 W    15717088   4096      1.036
11:41:56.514 kworker        2354282 nvme0n1 W    8148208    131072    1.806
11:41:56.514 kworker        2354282 nvme0n1 W    8148720    131072    1.855
11:41:56.514 kworker        2354282 nvme0n1 W    8149488    131072    1.971
11:41:56.514 kworker        2354282 nvme0n1 W    8146672    131072    2.068
11:41:56.514 kworker        2354282 nvme0n1 W    8151536    131072    2.078
11:41:56.515 kworker        2354282 nvme0n1 W    8153592    4096      1.179
11:41:56.516 kworker        2354282 nvme0n1 W    8152048    262144    3.447
11:41:56.516 kworker        2354282 nvme0n1 W    8153624    4096      0.862
11:41:56.516 kworker        2354282 nvme0n1 W    8152816    262144    2.916
11:41:56.516 kworker        2354282 nvme0n1 W    8153608    4096      1.051
11:41:56.516 kworker        2354282 nvme0n1 W    8153640    4096      1.053
11:41:56.516 kworker        2354282 nvme0n1 W    8153656    4096      1.055
11:41:56.516 kworker        2354282 nvme0n1 W    8153328    131072    2.179
11:41:56.517 kworker        2354282 nvme0n1 W    8153776    16384     0.958
11:41:56.517 kworker        2354282 nvme0n1 W    8153840    16384     0.960
11:41:56.517 kworker        2354282 nvme0n1 W    7337992    4096      0.889
11:41:56.517 kworker        2354282 nvme0n1 W    8153688    8192      1.020
11:41:56.517 kworker        2354282 nvme0n1 W    8154096    65536     1.453
11:41:56.519 kworker        2354282 nvme0n1 W    8154608    262144    2.997
11:41:56.533 nvme           2370988 Unknown N    -1         512       0.030
11:41:57.535 nvme           2370992 Unknown N    -1         512       0.030
11:41:57.541 jbd2/nv        752     nvme1n1 WSM  877402776  65536     0.101
11:41:57.541 jbd2/nv        752     nvme1n1 WSM  877402904  4096      0.030
11:41:58.537 nvme           2371012 Unknown N    -1         512       0.033
11:41:58.560 kworker        2366592 nvme1n1 W    721976280  4096      0.072
11:41:58.560 kworker        2366592 nvme1n1 W    625266840  16384     0.083
11:41:58.560 kworker        2366592 nvme1n1 W    723515040  131072    0.156
11:41:58.560 kworker        2366592 nvme1n1 W    723515296  12288     0.162
11:41:59.524 amoprof        2366968 nvme1n1 W    625229568  4096      0.055
