TIMESTAMP    COMM           PID     DISK    T    SECTOR     BYTES   LAT(ms)
07:39:21.820 ib_log_        125932  nvme1n1 WS   1756080344 4096      0.059
07:39:21.820 ib_log_        125932  nvme1n1 WS   1756080352 8192      0.035
07:39:21.821 jbd2/nv        752     nvme1n1 WSM  878017792  131072    0.149
07:39:21.821 jbd2/nv        752     nvme1n1 WSM  878018048  40960     0.164
07:39:21.821 jbd2/nv        752     nvme1n1 WSM  878018128  4096      0.028
07:39:21.955 ib_pg_f        125932  nvme1n1 WS   1756891136 131072    0.170
07:39:21.955 ib_pg_f        125932  nvme1n1 WS   1756891392 131072    0.237
07:39:21.956 ib_pg_f        125932  nvme1n1 WS   1756891648 131072    0.314
07:39:21.956 ib_pg_f        125932  nvme1n1 WS   1756891904 65536     0.353
07:39:21.956 ib_pg_f        125932  nvme1n1 WS   1755249152 16384     0.051
07:39:21.956 ib_pg_f        125932  nvme1n1 WS   1755103808 16384     0.056
07:39:21.956 ib_pg_f        125932  nvme1n1 WS   1755247936 16384     0.065
07:39:21.956 ib_pg_f        125932  nvme1n1 WS   1755103840 16384     0.071
07:39:21.956 ib_pg_f        125932  nvme1n1 WS   1755247968 16384     0.078
07:39:21.956 ib_pg_f        125932  nvme1n1 WS   1755103872 16384     0.084
07:39:21.956 ib_pg_f        125932  nvme1n1 WS   1755243072 16384     0.092
07:39:21.956 ib_pg_f        125932  nvme1n1 WS   1755103904 16384     0.096
07:39:21.956 ib_pg_f        125932  nvme1n1 WS   1755173056 16384     0.106
07:39:21.956 ib_pg_f        125932  nvme1n1 WS   1755103936 16384     0.086
07:39:21.956 ib_pg_f        125932  nvme1n1 WS   1755243104 16384     0.090
07:39:21.956 ib_pg_f        125932  nvme1n1 WS   1755104032 16384     0.089
07:39:21.956 ib_pg_f        125932  nvme1n1 WS   1755243840 16384     0.089
07:39:21.956 ib_pg_f        125932  nvme1n1 WS   1755104096 16384     0.092
07:39:21.956 ib_pg_f        125932  nvme1n1 WS   1756431488 16384     0.092
07:39:21.956 ib_pg_f        125932  nvme1n1 WS   1755177472 16384     0.093
07:39:21.956 ib_pg_f        125932  nvme1n1 WS   1755176960 16384     0.091
07:39:21.956 ib_pg_f        125932  nvme1n1 WS   1756430464 16384     0.100
07:39:21.956 ib_pg_f        125932  nvme1n1 WS   1756431200 16384     0.095
07:39:21.956 ib_pg_f        125932  nvme1n1 WS   1755177504 16384     0.091
07:39:21.956 ib_pg_f        125932  nvme1n1 WS   1756430816 16384     0.092
07:39:21.956 ib_pg_f        125932  nvme1n1 WS   1755177536 16384     0.091
07:39:21.956 ib_pg_f        125932  nvme1n1 WS   1756435456 16384     0.089
07:39:21.956 ib_pg_f        125932  nvme1n1 WS   1755177568 16384     0.095
07:39:21.956 ib_pg_f        125932  nvme1n1 WS   1755259168 16384     0.097
07:39:21.956 ib_pg_f        125932  nvme1n1 WS   1755177760 16384     0.097
07:39:21.956 ib_pg_f        125932  nvme1n1 WS   1756430944 16384     0.096
07:39:21.956 ib_pg_f        125932  nvme1n1 WS   1755177792 16384     0.095
07:39:22.113 nvme           2077794 Unknown N    -1         512       0.035
07:39:22.875 ib_log_        125932  nvme1n1 WS   1756076288 4096      0.057
07:39:23.116 nvme           2077860 Unknown N    -1         512       0.027
07:39:23.424 kworker        2059453 nvme1n1 W    1757495808 8192      0.073
07:39:23.424 kworker        2059453 nvme1n1 W    1757495544 4096      0.077
07:39:23.424 kworker        2059453 nvme1n1 W    612872712  49152     0.099
07:39:23.424 kworker        2059453 nvme1n1 W    1757495552 131072    0.177
07:39:24.118 nvme           2077869 Unknown N    -1         512       0.076
07:39:25.120 nvme           2077879 Unknown N    -1         512       0.029
07:39:26.123 nvme           2077883 Unknown N    -1         512       0.029
07:39:27.125 nvme           2077893 Unknown N    -1         512       0.032
07:39:27.256 jbd2/nv        752     nvme1n1 WSM  878018136  90112     0.129
07:39:27.256 jbd2/nv        752     nvme1n1 WSM  878018312  4096      0.032
07:39:28.127 nvme           2077908 Unknown N    -1         512       0.036
07:39:28.545 kworker        1958706 nvme1n1 W    1486819960 122880    0.188
07:39:28.545 kworker        1958706 nvme1n1 W    1486820200 69632     0.217
07:39:28.545 kworker        1958706 nvme1n1 W    1559028656 131072    0.295
07:39:28.545 kworker        1958706 nvme1n1 W    1559028912 61440     0.341
07:39:28.545 kworker        1958706 nvme1n1 W    1486820336 32768     0.353
07:39:28.545 kworker        1958706 nvme1n1 W    1559029032 131072    0.437
07:39:28.545 kworker        1958706 nvme1n1 W    1559029288 90112     0.491
07:39:28.545 kworker        1958706 nvme1n1 W    1622854864 77824     0.536
07:39:28.545 kworker        1958706 nvme1n1 W    1486820400 114688    0.299
07:39:28.545 kworker        1958706 nvme1n1 W    1486820624 32768     0.316
07:39:29.129 nvme           2077917 Unknown N    -1         512       0.034
07:39:30.132 nvme           2077927 Unknown N    -1         512       0.031
07:39:31.134 nvme           2077931 Unknown N    -1         512       0.036
07:39:32.121 amoprof        1975872 nvme1n1 W    612933576  4096      0.060
