TIMESTAMP    COMM           PID     DISK    T    SECTOR     BYTES   LAT(ms)
06:20:08.917 nvme           1920538 Unknown N    -1         512       0.041
06:20:09.033 dockerd        1436    nvme1n1 WS   608787872  4096      0.060
06:20:09.034 jbd2/nv        752     nvme1n1 WSM  877040464  131072    0.154
06:20:09.034 jbd2/nv        752     nvme1n1 WSM  877040720  131072    0.205
06:20:09.034 jbd2/nv        752     nvme1n1 WSM  877040976  131072    0.260
06:20:09.034 jbd2/nv        752     nvme1n1 WSM  877041232  131072    0.318
06:20:09.034 jbd2/nv        752     nvme1n1 WSM  877041488  131072    0.374
06:20:09.034 jbd2/nv        752     nvme1n1 WSM  877041744  131072    0.434
06:20:09.034 jbd2/nv        752     nvme1n1 WSM  877042000  49152     0.377
06:20:09.034 jbd2/nv        752     nvme1n1 WSM  877042096  4096      0.028
06:20:09.035 dockerd        1436    nvme1n1 WS   608787880  4096      0.031
06:20:09.035 jbd2/nv        752     nvme1n1 WSM  877042104  40960     0.059
06:20:09.035 jbd2/nv        752     nvme1n1 WSM  877042184  4096      0.026
06:20:09.920 nvme           1920624 Unknown N    -1         512       0.035
06:20:10.922 nvme           1920628 Unknown N    -1         512       0.125
06:20:11.924 nvme           1920633 Unknown N    -1         512       0.032
06:20:12.752 dockerd        1436    nvme1n1 WS   1586225944 4096      0.060
06:20:12.752 jbd2/nv        752     nvme1n1 WSM  877042192  57344     0.085
06:20:12.752 jbd2/nv        752     nvme1n1 WSM  877042304  4096      0.027
06:20:12.752 dockerd        1436    nvme1n1 WS   1586225952 4096      0.030
06:20:12.753 jbd2/nv        752     nvme1n1 WSM  877042312  49152     0.069
06:20:12.753 jbd2/nv        752     nvme1n1 WSM  877042408  4096      0.028
06:20:12.926 nvme           1920696 Unknown N    -1         512       0.074
06:20:13.929 nvme           1920705 Unknown N    -1         512       0.090
06:20:14.113 kworker        1696237 nvme0n1 W    37877032   8192      1.109
06:20:14.793 python3        1784366 nvme1n1 WS   1661665280 131072    0.202
06:20:14.793 python3        1784366 nvme1n1 WS   1661665536 131072    0.269
06:20:14.793 python3        1784368 nvme1n1 WS   1661669376 131072    0.367
06:20:14.793 python3        1784368 nvme1n1 WS   1661669632 131072    0.405
06:20:14.793 python3        1784366 nvme1n1 WS   1661665792 131072    0.556
06:20:14.793 python3        1784368 nvme1n1 WS   1661669888 131072    0.616
06:20:14.794 python3        1784368 nvme1n1 WS   1661670144 131072    0.637
06:20:14.794 python3        1784368 nvme1n1 WS   1661670400 131072    0.726
06:20:14.794 python3        1784368 nvme1n1 WS   1661670656 131072    0.809
06:20:14.794 python3        1784368 nvme1n1 WS   1661670912 131072    0.883
06:20:14.794 python3        1784366 nvme1n1 WS   1661666048 131072    0.988
06:20:14.794 python3        1784366 nvme1n1 WS   1661666304 131072    1.058
06:20:14.794 python3        1784366 nvme1n1 WS   1661666560 131072    1.139
06:20:14.794 python3        1784366 nvme1n1 WS   1661666816 131072    1.219
06:20:14.794 python3        1784366 nvme1n1 WS   1661667072 131072    1.283
06:20:14.794 python3        1784368 nvme1n1 WS   1661671168 131072    1.359
06:20:14.794 python3        1784368 nvme1n1 WS   1661671424 131072    1.443
06:20:14.794 python3        1784368 nvme1n1 WS   1661671680 131072    1.522
06:20:14.795 python3        1784368 nvme1n1 WS   1661671936 131072    1.603
06:20:14.795 python3        1784366 nvme1n1 WS   1661667328 131072    1.696
06:20:14.795 python3        1784366 nvme1n1 WS   1661667584 131072    1.778
06:20:14.795 python3        1784366 nvme1n1 WS   1661667840 131072    1.857
06:20:14.795 python3        1784366 nvme1n1 WS   1661668096 131072    1.937
06:20:14.795 python3        1784366 nvme1n1 WS   1661668352 131072    2.017
06:20:14.795 python3        1784366 nvme1n1 WS   1661668608 131072    2.099
06:20:14.795 python3        1784366 nvme1n1 WS   1661668864 131072    2.176
06:20:14.795 python3        1784368 nvme1n1 WS   1661672192 131072    2.262
06:20:14.795 python3        1784368 nvme1n1 WS   1661672448 131072    2.336
06:20:14.795 python3        1784368 nvme1n1 WS   1661672704 131072    2.411
06:20:14.795 python3        1784368 nvme1n1 WS   1661672960 131072    2.486
06:20:14.795 python3        1784368 nvme1n1 WS   1661673216 131072    2.525
06:20:14.796 python3        1784366 nvme1n1 WS   1661669120 131072    2.601
06:20:14.796 python3        1784368 nvme1n1 WS   1661730816 131072    2.675
06:20:14.796 python3        1784368 nvme1n1 WS   1661731072 131072    2.752
06:20:14.796 python3        1784366 nvme1n1 WS   1661677568 131072    2.830
06:20:14.796 python3        1784366 nvme1n1 WS   1661677824 131072    2.905
06:20:14.796 python3        1784369 nvme1n1 WS   1661673472 131072    2.988
06:20:14.796 python3        1784369 nvme1n1 WS   1661673728 131072    3.054
06:20:14.796 python3        1784369 nvme1n1 WS   1661673984 131072    3.126
06:20:14.796 python3        1784369 nvme1n1 WS   1661674240 131072    3.199
06:20:14.796 python3        1784369 nvme1n1 WS   1661674496 131072    3.274
06:20:14.796 python3        1784369 nvme1n1 WS   1661674752 131072    3.348
06:20:14.796 python3        1784369 nvme1n1 WS   1661675008 131072    3.424
06:20:14.797 python3        1784367 nvme1n1 WS   1588625408 131072    3.525
06:20:14.797 python3        1784367 nvme1n1 WS   1588625664 131072    3.591
06:20:14.797 python3        1784367 nvme1n1 WS   1588625920 131072    3.666
06:20:14.797 python3        1784367 nvme1n1 WS   1588626176 131072    3.745
06:20:14.797 python3        1784367 nvme1n1 WS   1588626432 131072    3.816
06:20:14.797 python3        1784367 nvme1n1 WS   1588626688 131072    3.891
06:20:14.797 python3        1784367 nvme1n1 WS   1588626944 131072    3.966
06:20:14.797 python3        1784367 nvme1n1 WS   1588627200 131072    4.023
06:20:14.797 python3        1784367 nvme1n1 WS   1588627456 131072    4.103
06:20:14.797 python3        1784367 nvme1n1 WS   1588627712 131072    4.175
06:20:14.797 python3        1784367 nvme1n1 WS   1588627968 131072    4.251
06:20:14.797 python3        1784367 nvme1n1 WS   1588628224 131072    4.327
06:20:14.797 python3        1784367 nvme1n1 WS   1588628480 131072    4.404
06:20:14.798 python3        1784367 nvme1n1 WS   1588628736 131072    4.480
06:20:14.798 python3        1784367 nvme1n1 WS   1588628992 131072    4.556
06:20:14.798 python3        1784369 nvme1n1 WS   1661675264 131072    4.647
06:20:14.798 python3        1784369 nvme1n1 WS   1661675520 131072    4.721
06:20:14.798 python3        1784369 nvme1n1 WS   1661675776 131072    4.795
06:20:14.798 python3        1784369 nvme1n1 WS   1661676032 131072    4.872
06:20:14.798 python3        1784369 nvme1n1 WS   1661676288 131072    4.951
06:20:14.798 python3        1784369 nvme1n1 WS   1661676544 131072    5.026
06:20:14.798 python3        1784369 nvme1n1 WS   1661676800 131072    5.104
06:20:14.798 python3        1784369 nvme1n1 WS   1661677056 131072    5.178
06:20:14.798 python3        1784367 nvme1n1 WS   1588629248 131072    5.264
06:20:14.798 python3        1784367 nvme1n1 WS   1588629504 131072    5.340
06:20:14.798 python3        1784367 nvme1n1 WS   1588629760 131072    5.420
06:20:14.799 python3        1784366 nvme1n1 WS   1661681664 131072    5.498
06:20:14.799 python3        1784366 nvme1n1 WS   1661681920 131072    5.571
06:20:14.799 python3        1784366 nvme1n1 WS   1661682176 131072    5.648
06:20:14.799 python3        1784366 nvme1n1 WS   1661682432 131072    5.722
06:20:14.799 python3        1784366 nvme1n1 WS   1661682688 131072    5.798
06:20:14.799 python3        1784366 nvme1n1 WS   1661682944 131072    5.879
06:20:14.799 python3        1784366 nvme1n1 WS   1661683200 131072    5.957
06:20:14.799 python3        1784366 nvme1n1 WS   1661683456 131072    6.011
06:20:14.799 python3        1784366 nvme1n1 WS   1661683712 131072    6.085
06:20:14.799 python3        1784366 nvme1n1 WS   1661683968 131072    6.167
06:20:14.799 python3        1784366 nvme1n1 WS   1661684224 131072    6.243
06:20:14.799 python3        1784366 nvme1n1 WS   1661684480 131072    6.318
06:20:14.800 python3        1784366 nvme1n1 WS   1661684736 131072    6.395
06:20:14.800 python3        1784366 nvme1n1 WS   1661684992 131072    6.471
06:20:14.800 python3        1784366 nvme1n1 WS   1661685248 131072    6.549
06:20:14.800 python3        1784369 nvme1n1 WS   1661677312 131072    6.670
06:20:14.800 python3        1784369 nvme1n1 WS   1661689856 131072    6.749
06:20:14.800 python3        1784369 nvme1n1 WS   1661690112 131072    6.826
06:20:14.800 python3        1784369 nvme1n1 WS   1661685760 131072    6.939
06:20:14.800 python3        1784369 nvme1n1 WS   1661686016 131072    7.009
06:20:14.800 python3        1784369 nvme1n1 WS   1661686272 131072    7.085
06:20:14.800 python3        1784369 nvme1n1 WS   1661686528 131072    7.165
06:20:14.800 python3        1784369 nvme1n1 WS   1661686784 131072    7.240
06:20:14.800 python3        1784369 nvme1n1 WS   1661687040 131072    7.322
06:20:14.801 python3        1784369 nvme1n1 WS   1661687296 131072    7.394
06:20:14.801 python3        1784368 nvme1n1 WS   1661693952 131072    7.461
06:20:14.801 python3        1784368 nvme1n1 WS   1661694208 131072    7.534
06:20:14.801 python3        1784368 nvme1n1 WS   1661694464 131072    7.611
06:20:14.801 python3        1784368 nvme1n1 WS   1661694720 131072    7.685
06:20:14.801 python3        1784368 nvme1n1 WS   1661694976 131072    7.762
06:20:14.801 python3        1784368 nvme1n1 WS   1661695232 131072    7.836
06:20:14.801 python3        1784368 nvme1n1 WS   1661695488 131072    7.912
06:20:14.801 python3        1784368 nvme1n1 WS   1661695744 131072    7.975
06:20:14.801 python3        1784368 nvme1n1 WS   1661696000 131072    8.052
06:20:14.801 python3        1784369 nvme1n1 WS   1661687552 131072    8.171
06:20:14.801 python3        1784369 nvme1n1 WS   1661687808 131072    8.245
06:20:14.801 python3        1784369 nvme1n1 WS   1661688064 131072    8.322
06:20:14.802 python3        1784369 nvme1n1 WS   1661688320 131072    8.403
06:20:14.802 python3        1784369 nvme1n1 WS   1661688576 131072    8.479
06:20:14.802 python3        1784369 nvme1n1 WS   1661688832 131072    8.557
06:20:14.802 python3        1784369 nvme1n1 WS   1661689088 131072    8.634
06:20:14.802 python3        1784369 nvme1n1 WS   1661689344 131072    8.710
06:20:14.802 python3        1784366 nvme1n1 WS   1661685504 131072    8.815
06:20:14.802 python3        1784366 nvme1n1 WS   1661698048 131072    8.891
06:20:14.802 python3        1784366 nvme1n1 WS   1661698304 131072    8.968
06:20:14.802 python3        1784366 nvme1n1 WS   1661702144 131072    9.025
06:20:14.802 python3        1784366 nvme1n1 WS   1661702400 131072    9.097
06:20:14.802 python3        1784369 nvme1n1 WS   1661689600 131072    9.180
06:20:14.802 python3        1784369 nvme1n1 WS   1661706240 131072    9.253
06:20:14.803 python3        1784369 nvme1n1 WS   1661706496 131072    9.328
06:20:14.803 python3        1784366 nvme1n1 WS   1661702656 131072    9.414
06:20:14.803 python3        1784366 nvme1n1 WS   1661702912 131072    9.491
06:20:14.803 python3        1784366 nvme1n1 WS   1661703168 131072    9.568
06:20:14.803 python3        1784366 nvme1n1 WS   1661703424 131072    9.642
06:20:14.803 python3        1784366 nvme1n1 WS   1661703680 131072    9.720
06:20:14.803 python3        1784366 nvme1n1 WS   1661703936 131072    9.765
06:20:14.803 python3        1784368 nvme1n1 WS   1661696256 131072    9.894
06:20:14.803 python3        1784368 nvme1n1 WS   1661696512 131072    9.969
06:20:14.803 python3        1784368 nvme1n1 WS   1661696768 131072   10.046
06:20:14.803 python3        1784368 nvme1n1 WS   1661697024 131072   10.123
06:20:14.803 python3        1784368 nvme1n1 WS   1661697280 131072   10.200
06:20:14.803 python3        1784368 nvme1n1 WS   1661697536 45056    10.225
06:20:14.804 python3        1784366 nvme1n1 WS   1661704192 131072   10.271
06:20:14.804 python3        1784366 nvme1n1 WS   1661704448 131072   10.348
06:20:14.804 python3        1784366 nvme1n1 WS   1661704704 131072   10.425
06:20:14.804 python3        1784366 nvme1n1 WS   1661704960 131072   10.503
06:20:14.804 python3        1784366 nvme1n1 WS   1661705216 131072   10.581
06:20:14.804 python3        1784366 nvme1n1 WS   1661705472 131072   10.665
06:20:14.804 python3        1784366 nvme1n1 WS   1661705728 45056    10.690
06:20:14.804 python3        1784367 nvme1n1 WS   1661710336 131072   10.786
06:20:14.804 python3        1784367 nvme1n1 WS   1661710592 131072   10.856
06:20:14.804 python3        1784367 nvme1n1 WS   1661710848 131072   10.933
06:20:14.804 python3        1784367 nvme1n1 WS   1661711104 131072   11.011
06:20:14.804 python3        1784367 nvme1n1 WS   1661711360 131072   11.086
06:20:14.804 python3        1784367 nvme1n1 WS   1661711616 131072   11.163
06:20:14.804 python3        1784367 nvme1n1 WS   1661711872 131072   11.242
06:20:14.805 python3        1784367 nvme1n1 WS   1661714432 131072   11.334
06:20:14.805 python3        1784367 nvme1n1 WS   1661714688 131072   11.405
06:20:14.805 python3        1784367 nvme1n1 WS   1661714944 131072   11.485
06:20:14.805 python3        1784367 nvme1n1 WS   1661715200 131072   11.560
06:20:14.805 python3        1784367 nvme1n1 WS   1661715456 131072   11.669
06:20:14.805 python3        1784367 nvme1n1 WS   1661715712 131072   11.746
06:20:14.805 python3        1784367 nvme1n1 WS   1661715968 131072   11.827
06:20:14.805 python3        1784367 nvme1n1 WS   1661712128 131072   11.910
06:20:14.805 python3        1784367 nvme1n1 WS   1661712384 131072   11.984
06:20:14.805 python3        1784367 nvme1n1 WS   1661712640 131072   12.062
06:20:14.805 python3        1784367 nvme1n1 WS   1661712896 131072   12.143
06:20:14.806 python3        1784367 nvme1n1 WS   1661713152 131072   12.224
06:20:14.806 python3        1784367 nvme1n1 WS   1661713408 131072   12.305
06:20:14.806 python3        1784367 nvme1n1 WS   1661713664 131072   12.385
06:20:14.806 python3        1784367 nvme1n1 WS   1661713920 45056    12.410
06:20:14.806 python3        1784367 nvme1n1 WS   1661716224 131072   12.492
06:20:14.806 python3        1784367 nvme1n1 WS   1661716480 131072   12.568
06:20:14.806 python3        1784367 nvme1n1 WS   1661716736 131072   12.644
06:20:14.806 python3        1784368 nvme1n1 WS   1661718528 131072   12.783
06:20:14.806 python3        1784368 nvme1n1 WS   1661718784 131072   12.811
06:20:14.806 python3        1784368 nvme1n1 WS   1661719040 131072   12.893
06:20:14.806 python3        1784368 nvme1n1 WS   1661719296 131072   12.973
06:20:14.806 python3        1784368 nvme1n1 WS   1661719552 131072   13.052
06:20:14.806 python3        1784368 nvme1n1 WS   1661719808 131072   13.127
06:20:14.807 python3        1784368 nvme1n1 WS   1661720064 131072   13.206
06:20:14.807 python3        1784368 nvme1n1 WS   1661720320 131072   13.264
06:20:14.807 python3        1784368 nvme1n1 WS   1661720576 131072   13.341
06:20:14.807 python3        1784368 nvme1n1 WS   1661720832 131072   13.416
06:20:14.807 python3        1784368 nvme1n1 WS   1661721088 131072   13.494
06:20:14.807 python3        1784368 nvme1n1 WS   1661721344 131072   13.575
06:20:14.807 python3        1784368 nvme1n1 WS   1661721600 131072   13.654
06:20:14.807 python3        1784368 nvme1n1 WS   1661721856 131072   13.738
06:20:14.807 python3        1784367 nvme1n1 WS   1661716992 131072   13.867
06:20:14.807 python3        1784367 nvme1n1 WS   1661717248 131072   13.939
06:20:14.807 python3        1784367 nvme1n1 WS   1661717504 131072   14.016
06:20:14.807 python3        1784367 nvme1n1 WS   1661717760 131072   14.096
06:20:14.807 python3        1784367 nvme1n1 WS   1661718016 131072   14.176
06:20:14.808 python3        1784367 nvme1n1 WS   1661718272 131072   14.240
06:20:14.808 python3        1784367 nvme1n1 WS   1661722624 131072   14.317
06:20:14.808 python3        1784367 nvme1n1 WS   1661722880 131072   14.395
06:20:14.808 python3        1784369 nvme1n1 WS   1661734912 131072   14.510
06:20:14.808 python3        1784369 nvme1n1 WS   1661735168 131072   14.582
06:20:14.808 python3        1784369 nvme1n1 WS   1661735424 131072   14.660
06:20:14.808 python3        1784369 nvme1n1 WS   1661735680 131072   14.737
06:20:14.808 python3        1784369 nvme1n1 WS   1661735936 131072   14.821
06:20:14.808 python3        1784369 nvme1n1 WS   1661736192 131072   14.902
06:20:14.808 python3        1784369 nvme1n1 WS   1661736448 131072   14.980
06:20:14.808 python3        1784369 nvme1n1 WS   1661736704 131072   15.043
06:20:14.808 python3        1784369 nvme1n1 WS   1661736960 131072   15.120
06:20:14.809 python3        1784369 nvme1n1 WS   1661737216 131072   15.196
06:20:14.809 python3        1784369 nvme1n1 WS   1661737472 131072   15.273
06:20:14.809 python3        1784369 nvme1n1 WS   1661737728 131072   15.348
06:20:14.809 python3        1784368 nvme1n1 WS   1661722112 131072   15.427
06:20:14.809 python3        1784368 nvme1n1 WS   1661722368 131072   15.485
06:20:14.809 python3        1784368 nvme1n1 WS   1661726720 131072   15.564
06:20:14.809 python3        1784368 nvme1n1 WS   1661726976 131072   15.640
06:20:14.809 python3        1784369 nvme1n1 WS   1661737984 131072   15.743
06:20:14.809 python3        1784369 nvme1n1 WS   1661738240 131072   15.822
06:20:14.809 python3        1784369 nvme1n1 WS   1661738496 45056    15.850
06:20:14.932 nvme           1920709 Unknown N    -1         512       0.029
06:20:15.444 journal        229470  nvme0n1 WS   36168016   4096      1.114
06:20:15.444 journal        229470  nvme0n1 WS   7337984    4096      1.137
06:20:15.444 journal        229470  nvme0n1 WS   36168464   8192      1.227
06:20:15.444 journal        229470  nvme0n1 WS   36029952   131072    1.681
06:20:15.444 journal        229470  nvme0n1 WS   8129016    65536     1.741
06:20:15.445 journal        229470  nvme0n1 WS   36167104   32768     1.898
06:20:15.445 journal        229470  nvme0n1 WS   8143096    131072    2.042
06:20:15.445 journal        229470  nvme0n1 WS   8135672    131072    2.168
06:20:15.445 journal        229470  nvme0n1 WS   36167552   65536     2.202
06:20:15.445 journal        229470  nvme0n1 WS   36163072   131072    2.225
06:20:15.445 journal        229470  nvme0n1 WS   36174464   65536     2.368
06:20:15.445 journal        229470  nvme0n1 WS   36177280   65536     2.401
06:20:15.445 journal        229470  nvme0n1 WS   36315792   40960     2.504
06:20:15.445 journal        229470  nvme0n1 WS   36166656   131072    2.596
06:20:15.445 journal        229470  nvme0n1 WS   36317184   131072    2.773
06:20:15.446 journal        229470  nvme0n1 WS   36023808   262144    3.038
06:20:15.446 journal        229470  nvme0n1 WS   36323104   16384     1.377
06:20:15.446 journal        229470  nvme0n1 WS   36231168   131072    1.378
06:20:15.446 journal        229470  nvme0n1 WS   36322408   4096      1.501
06:20:15.447 journal        229470  nvme0n1 WS   36321792   131072    1.721
06:20:15.448 jbd2/nv        391     nvme0n1 WSM  4244544    98304     1.197
06:20:15.449 jbd2/nv        391     nvme0n1 WSM  4244736    4096      0.503
06:20:15.449 journal        229470  nvme0n1 WS   7337984    4096      0.678
06:20:15.450 jbd2/nv        391     nvme0n1 WSM  4244744    8192      0.707
06:20:15.451 jbd2/nv        391     nvme0n1 WSM  4244760    4096      0.679
06:20:15.489 systemd        229470  nvme0n1 WS   7337984    4096      0.817
06:20:15.490 jbd2/nv        391     nvme0n1 WSM  4244768    12288     0.774
06:20:15.491 jbd2/nv        391     nvme0n1 WSM  4244792    4096      0.724
06:20:15.934 nvme           1920724 Unknown N    -1         512       0.101
06:20:16.160 kworker        1764183 nvme1n1 W    1588032192 4096      0.057
06:20:16.160 kworker        1817148 nvme1n1 W    1642274528 28672     0.084
06:20:16.160 kworker        1774410 nvme1n1 W    608495304  4096      0.077
06:20:16.160 kworker        1774410 nvme1n1 W    1586225928 4096      0.083
06:20:16.160 kworker        1774410 nvme1n1 W    1534808208 8192      0.084
06:20:16.160 kworker        1774410 nvme1n1 WM   32         8192      0.089
06:20:16.160 kworker        1774410 nvme1n1 WM   288        8192      0.090
06:20:16.160 kworker        1696237 nvme1n1 W    461780816  4096      0.088
06:20:16.160 kworker        1696237 nvme1n1 W    1174752392 57344     0.123
06:20:16.160 kworker        1774410 nvme1n1 WM   408        4096      0.054
06:20:16.160 kworker        1774410 nvme1n1 WM   744        8192      0.060
06:20:16.160 kworker        1774410 nvme1n1 WM   792        4096      0.061
06:20:16.160 kworker        1774410 nvme1n1 WM   816        4096      0.068
06:20:16.160 kworker        1774410 nvme1n1 WM   832        4096      0.068
06:20:16.160 kworker        1774410 nvme1n1 WM   58720280   4096      0.069
06:20:16.160 kworker        1774410 nvme1n1 WM   67108968   4096      0.072
06:20:16.160 kworker        1774410 nvme1n1 WM   71303272   8192      0.072
06:20:16.160 kworker        1696237 nvme1n1 W    1719293944 4096      0.069
06:20:16.160 kworker        1696237 nvme1n1 W    1588032160 4096      0.041
06:20:16.160 kworker        1696237 nvme1n1 W    1586225960 49152     0.082
06:20:16.160 kworker        1696237 nvme1n1 W    1586226056 45056     0.108
06:20:16.160 kworker        1774410 nvme1n1 WM   75497600   4096      0.112
06:20:16.160 kworker        1774410 nvme1n1 WM   75497744   8192      0.117
06:20:16.160 kworker        1774410 nvme1n1 WM   461373448  4096      0.118
06:20:16.160 kworker        1774410 nvme1n1 WM   461373696  8192      0.124
06:20:16.160 kworker        1774410 nvme1n1 WM   461373736  4096      0.131
06:20:16.160 kworker        1774410 nvme1n1 WM   461373776  4096      0.132
06:20:16.160 kworker        1696237 nvme1n1 W    1588032184 4096      0.037
06:20:16.161 kworker        1774410 nvme1n1 WM   461373800  4096      0.085
06:20:16.161 kworker        1774410 nvme1n1 WM   461373816  4096      0.085
06:20:16.161 kworker        1774410 nvme1n1 WM   461373904  4096      0.093
06:20:16.161 kworker        1774410 nvme1n1 WM   591396872  4096      0.094
06:20:16.161 kworker        1774410 nvme1n1 WM   591659872  4096      0.084
06:20:16.161 kworker        1774410 nvme1n1 WM   591663008  4096      0.084
06:20:16.161 kworker        1774410 nvme1n1 WM   591667272  4096      0.088
06:20:16.161 kworker        1774410 nvme1n1 WM   591668768  4096      0.092
06:20:16.161 kworker        1774410 nvme1n1 WM   591669392  4096      0.098
06:20:16.161 kworker        1774410 nvme1n1 WM   591670944  4096      0.098
06:20:16.161 kworker        1774410 nvme1n1 WM   591675088  4096      0.099
06:20:16.161 kworker        1774410 nvme1n1 WM   591677200  4096      0.105
06:20:16.161 kworker        1774410 nvme1n1 WM   591677360  4096      0.105
06:20:16.161 kworker        1774410 nvme1n1 WM   591679528  4096      0.105
06:20:16.161 kworker        1774410 nvme1n1 WM   591681184  4096      0.109
06:20:16.161 kworker        1774410 nvme1n1 WM   591681392  4096      0.110
06:20:16.161 kworker        1774410 nvme1n1 WM   591682096  4096      0.073
06:20:16.161 kworker        1774410 nvme1n1 WM   591682288  4096      0.074
06:20:16.161 kworker        1774410 nvme1n1 WM   591682408  4096      0.079
06:20:16.161 kworker        1774410 nvme1n1 WM   591682584  4096      0.081
06:20:16.161 kworker        1774410 nvme1n1 WM   591683000  4096      0.083
06:20:16.161 kworker        1774410 nvme1n1 WM   591683048  4096      0.084
06:20:16.161 kworker        1774410 nvme1n1 WM   591683688  4096      0.088
06:20:16.161 kworker        1774410 nvme1n1 WM   591684024  8192      0.092
06:20:16.161 kworker        1774410 nvme1n1 WM   591684064  4096      0.096
06:20:16.161 kworker        1774410 nvme1n1 WM   591684760  4096      0.107
06:20:16.161 kworker        1774410 nvme1n1 WM   608174088  8192      0.108
06:20:16.161 kworker        1774410 nvme1n1 WM   608174232  4096      0.109
06:20:16.161 kworker        1774410 nvme1n1 WM   608174336  4096      0.109
06:20:16.161 kworker        1774410 nvme1n1 WM   608174416  4096      0.113
06:20:16.161 kworker        1774410 nvme1n1 WM   608174472  4096      0.114
06:20:16.161 kworker        1774410 nvme1n1 WM   608187136  40960     0.136
06:20:16.161 kworker        1774410 nvme1n1 WM   843055200  4096      0.065
06:20:16.161 kworker        1774410 nvme1n1 WM   1174405208 8192      0.069
06:20:16.161 kworker        1774410 nvme1n1 WM   1493172480 4096      0.074
06:20:16.161 kworker        1774410 nvme1n1 WM   1493172504 4096      0.075
06:20:16.161 kworker        1774410 nvme1n1 WM   1519290024 4096      0.081
06:20:16.161 kworker        1774410 nvme1n1 WM   1519845296 4096      0.085
06:20:16.161 kworker        1774410 nvme1n1 WM   1556086880 4096      0.094
06:20:16.161 kworker        1774410 nvme1n1 WM   1556348936 4096      0.096
06:20:16.161 kworker        1774410 nvme1n1 WM   1572864128 4096      0.108
06:20:16.161 kworker        1774410 nvme1n1 WM   1572864280 4096      0.109
06:20:16.161 kworker        1774410 nvme1n1 WM   1585447000 4096      0.110
06:20:16.161 kworker        1774410 nvme1n1 WM   1635508736 4096      0.111
06:20:16.161 kworker        1774410 nvme1n1 WM   1648361488 4096      0.113
06:20:16.161 kworker        1774410 nvme1n1 WM   608187224  16384     0.123
06:20:16.161 kworker        1774410 nvme1n1 WM   905978704  49152     0.146
06:20:16.161 kworker        1774410 nvme1n1 WM   1656750168 20480     0.152
06:20:16.161 kworker        1774410 nvme1n1 WM   1660944392 4096      0.074
06:20:16.161 kworker        1774410 nvme1n1 WM   1673527408 4096      0.074
06:20:16.161 kworker        1774410 nvme1n1 WM   1702887504 4096      0.079
06:20:16.161 kworker        1774410 nvme1n1 WM   1707081744 4096      0.080
06:20:16.161 kworker        1774410 nvme1n1 WM   1707383280 4096      0.087
06:20:16.161 kworker        1774410 nvme1n1 WM   1707589104 4096      0.088
06:20:16.161 kworker        1774410 nvme1n1 WM   1707807800 4096      0.092
06:20:16.161 kworker        1774410 nvme1n1 WM   1707850480 8192      0.097
06:20:16.161 kworker        1774410 nvme1n1 WM   1707850576 8192      0.102
06:20:16.161 kworker        1774410 nvme1n1 WM   1707850656 8192      0.106
06:20:16.161 kworker        1774410 nvme1n1 WM   1707850720 8192      0.113
06:20:16.161 kworker        1774410 nvme1n1 WM   1732247640 4096      0.115
06:20:16.161 kworker        1774410 nvme1n1 WM   1735431872 4096      0.119
06:20:16.161 kworker        1774410 nvme1n1 WM   1735448440 4096      0.120
06:20:16.161 kworker        1774410 nvme1n1 WM   1736717296 4096      0.124
06:20:16.161 kworker        1774410 nvme1n1 WM   1660944472 12288     0.136
06:20:16.161 kworker        1774410 nvme1n1 WM   1756377584 4096      0.071
06:20:16.161 kworker        1774410 nvme1n1 WM   1756377608 4096      0.072
06:20:16.161 kworker        1774410 nvme1n1 WM   1756377624 4096      0.077
06:20:16.161 kworker        1774410 nvme1n1 WM   1756377824 4096      0.079
06:20:16.161 kworker        1774410 nvme1n1 WM   1756377840 4096      0.081
06:20:16.161 kworker        1774410 nvme1n1 WM   1756377856 4096      0.086
06:20:16.161 kworker        1774410 nvme1n1 WM   1756377872 4096      0.086
06:20:16.161 kworker        1774410 nvme1n1 WM   1756383784 4096      0.087
06:20:16.161 kworker        1774410 nvme1n1 WM   1756389872 4096      0.091
06:20:16.161 kworker        1774410 nvme1n1 WM   1756390112 4096      0.095
06:20:16.161 kworker        1774410 nvme1n1 WM   1756390392 4096      0.100
06:20:16.161 kworker        1774410 nvme1n1 WM   1756391224 4096      0.101
06:20:16.161 kworker        1774410 nvme1n1 WM   1756407792 4096      0.101
06:20:16.161 kworker        1774410 nvme1n1 WM   1756414120 4096      0.107
06:20:16.161 kworker        1774410 nvme1n1 WM   1756414144 8192      0.108
06:20:16.161 kworker        1774410 nvme1n1 WM   1756414184 4096      0.112
06:20:16.161 kworker        1774410 nvme1n1 WM   1756414216 8192      0.077
06:20:16.161 kworker        1774410 nvme1n1 WM   1756414912 8192      0.082
06:20:16.161 kworker        1774410 nvme1n1 WM   1756414944 4096      0.086
06:20:16.161 kworker        1774410 nvme1n1 WM   1756414960 4096      0.092
06:20:16.161 kworker        1774410 nvme1n1 WM   1756415536 4096      0.093
06:20:16.161 kworker        1774410 nvme1n1 WM   1756415552 4096      0.093
06:20:16.161 kworker        1774410 nvme1n1 WM   1756415568 8192      0.097
06:20:16.161 kworker        1774410 nvme1n1 WM   1756415592 4096      0.098
06:20:16.161 kworker        1774410 nvme1n1 WM   1756415728 8192      0.107
06:20:16.161 kworker        1774410 nvme1n1 WM   1756439512 4096      0.108
06:20:16.161 kworker        1774410 nvme1n1 WM   1756439544 4096      0.114
06:20:16.161 kworker        1774410 nvme1n1 WM   1756440504 4096      0.115
06:20:16.161 kworker        1774410 nvme1n1 WM   1756440536 4096      0.115
06:20:16.161 kworker        1774410 nvme1n1 WM   1756440728 4096      0.118
06:20:16.161 kworker        1774410 nvme1n1 WM   1756440864 4096      0.118
06:20:16.161 kworker        1774410 nvme1n1 WM   1756441440 4096      0.123
06:20:16.162 kworker        1774410 nvme1n1 WM   1756450296 4096      0.072
06:20:16.162 kworker        1774410 nvme1n1 WM   1756450792 4096      0.073
06:20:16.162 kworker        1774410 nvme1n1 WM   1756489664 4096      0.077
06:20:16.162 kworker        1774410 nvme1n1 WM   1756492400 8192      0.081
06:20:16.162 kworker        1774410 nvme1n1 WM   1756492432 4096      0.087
06:20:16.162 kworker        1774410 nvme1n1 WM   1756492464 4096      0.088
06:20:16.162 kworker        1774410 nvme1n1 WM   1756520944 4096      0.094
06:20:16.162 kworker        1774410 nvme1n1 WM   1756521400 4096      0.095
06:20:16.162 kworker        1774410 nvme1n1 WM   1756527544 4096      0.095
06:20:16.162 kworker        1774410 nvme1n1 WM   1756528320 4096      0.100
06:20:16.162 kworker        1774410 nvme1n1 WM   1756528360 4096      0.102
06:20:16.162 kworker        1774410 nvme1n1 WM   1756528576 4096      0.107
06:20:16.162 kworker        1774410 nvme1n1 WM   1756549560 4096      0.108
06:20:16.162 kworker        1774410 nvme1n1 WM   1756551152 4096      0.108
06:20:16.162 kworker        1774410 nvme1n1 WM   1756598904 4096      0.112
06:20:16.162 kworker        1774410 nvme1n1 WM   1756598984 4096      0.113
06:20:16.162 kworker        1774410 nvme1n1 WM   1756599960 4096      0.071
06:20:16.162 kworker        1774410 nvme1n1 WM   1756601008 4096      0.072
06:20:16.162 kworker        1774410 nvme1n1 WM   1756662032 4096      0.076
06:20:16.162 kworker        1774410 nvme1n1 WM   1756662312 4096      0.079
06:20:16.162 kworker        1774410 nvme1n1 WM   1756662648 4096      0.081
06:20:16.162 kworker        1774410 nvme1n1 WM   1756662664 4096      0.082
06:20:16.162 kworker        1774410 nvme1n1 WM   1756670224 4096      0.087
06:20:16.162 kworker        1774410 nvme1n1 WM   1756670576 8192      0.091
06:20:16.162 kworker        1774410 nvme1n1 WM   1756670968 4096      0.096
06:20:16.162 kworker        1774410 nvme1n1 WM   1756671472 4096      0.102
06:20:16.162 kworker        1774410 nvme1n1 WM   1756680688 8192      0.105
06:20:16.162 kworker        1774410 nvme1n1 WM   1756682176 8192      0.109
06:20:16.162 kworker        1774410 nvme1n1 WM   1756686296 4096      0.111
06:20:16.162 kworker        1774410 nvme1n1 WM   1756692432 4096      0.115
06:20:16.162 kworker        1774410 nvme1n1 WM   1756708840 4096      0.116
06:20:16.162 kworker        1774410 nvme1n1 WM   1756709864 4096      0.116
06:20:16.162 kworker        1774410 nvme1n1 WM   1756710632 4096      0.066
06:20:16.162 kworker        1774410 nvme1n1 WM   1756723464 4096      0.067
06:20:16.162 kworker        1774410 nvme1n1 WM   1756723480 4096      0.074
06:20:16.162 kworker        1774410 nvme1n1 WM   1756754888 4096      0.075
06:20:16.162 kworker        1774410 nvme1n1 WM   1756757952 4096      0.075
06:20:16.162 kworker        1774410 nvme1n1 WM   1756757984 8192      0.079
06:20:16.162 kworker        1774410 nvme1n1 WM   1756762616 4096      0.086
06:20:16.162 kworker        1774410 nvme1n1 WM   1756772344 4096      0.087
06:20:16.162 kworker        1774410 nvme1n1 WM   1756772920 4096      0.092
06:20:16.162 kworker        1774410 nvme1n1 WM   1756772976 4096      0.094
06:20:16.162 kworker        1774410 nvme1n1 WM   1756776888 4096      0.098
06:20:16.162 kworker        1774410 nvme1n1 WM   1756777336 4096      0.099
06:20:16.162 kworker        1774410 nvme1n1 WM   1756778120 4096      0.099
06:20:16.162 kworker        1774410 nvme1n1 WM   1756777352 12288     0.105
06:20:16.162 kworker        1774410 nvme1n1 WM   1756777416 16384     0.115
06:20:16.162 kworker        1774410 nvme1n1 WM   1756778152 12288     0.130
06:20:16.162 kworker        1774410 nvme1n1 WM   1756779504 8192      0.075
06:20:16.162 kworker        1774410 nvme1n1 WM   1756780368 4096      0.077
06:20:16.162 kworker        1774410 nvme1n1 WM   1756780416 8192      0.083
06:20:16.162 kworker        1774410 nvme1n1 WM   1756780496 4096      0.084
06:20:16.162 kworker        1774410 nvme1n1 WM   1756783040 4096      0.090
06:20:16.162 kworker        1774410 nvme1n1 WM   1756791800 4096      0.091
06:20:16.162 kworker        1774410 nvme1n1 WM   1756792568 4096      0.095
06:20:16.162 kworker        1774410 nvme1n1 WM   1756792768 4096      0.097
06:20:16.162 kworker        1774410 nvme1n1 WM   1756792792 4096      0.099
06:20:16.162 kworker        1774410 nvme1n1 WM   1756792808 4096      0.104
06:20:16.162 kworker        1774410 nvme1n1 WM   1756792824 4096      0.106
06:20:16.162 kworker        1774410 nvme1n1 WM   1756807656 4096      0.109
06:20:16.162 kworker        1774410 nvme1n1 WM   1756807672 4096      0.111
06:20:16.162 kworker        1774410 nvme1n1 WM   1756811256 4096      0.115
06:20:16.162 kworker        1774410 nvme1n1 WM   1756815288 4096      0.116
06:20:16.162 kworker        1774410 nvme1n1 WM   1756815816 4096      0.116
06:20:16.162 kworker        1774410 nvme1n1 WM   1756824944 8192      0.075
06:20:16.162 kworker        1774410 nvme1n1 WM   1756827288 4096      0.079
06:20:16.162 kworker        1774410 nvme1n1 WM   1756827360 4096      0.083
06:20:16.162 kworker        1774410 nvme1n1 WM   1756827512 4096      0.084
06:20:16.162 kworker        1774410 nvme1n1 WM   1756827584 4096      0.088
06:20:16.162 kworker        1774410 nvme1n1 WM   1756828008 4096      0.092
06:20:16.162 kworker        1774410 nvme1n1 WM   1756828056 4096      0.097
06:20:16.162 kworker        1774410 nvme1n1 WM   1756828112 4096      0.098
06:20:16.162 kworker        1774410 nvme1n1 WM   1756828128 4096      0.098
06:20:16.162 kworker        1774410 nvme1n1 WM   1756831720 4096      0.104
06:20:16.162 kworker        1774410 nvme1n1 WM   1756831736 4096      0.106
06:20:16.162 kworker        1774410 nvme1n1 WM   1756840384 4096      0.106
06:20:16.162 kworker        1774410 nvme1n1 WM   1756840408 4096      0.110
06:20:16.162 kworker        1774410 nvme1n1 WM   1756840424 8192      0.114
06:20:16.162 kworker        1774410 nvme1n1 WM   1756843936 4096      0.118
06:20:16.162 kworker        1774410 nvme1n1 WM   1756843952 8192      0.122
06:20:16.162 kworker        1774410 nvme1n1 WM   1756846032 4096      0.070
06:20:16.162 kworker        1774410 nvme1n1 WM   1756846456 4096      0.072
06:20:16.162 kworker        1774410 nvme1n1 WM   1756846840 4096      0.077
06:20:16.162 kworker        1774410 nvme1n1 WM   1756847224 4096      0.079
06:20:16.162 kworker        1774410 nvme1n1 WM   1756847296 4096      0.081
06:20:16.162 kworker        1774410 nvme1n1 WM   1756847312 4096      0.082
06:20:16.162 kworker        1774410 nvme1n1 WM   1756847328 4096      0.087
06:20:16.162 kworker        1774410 nvme1n1 WM   1756848408 4096      0.088
06:20:16.162 kworker        1774410 nvme1n1 WM   1756848512 4096      0.092
06:20:16.162 kworker        1774410 nvme1n1 WM   1756848528 8192      0.096
06:20:16.162 kworker        1774410 nvme1n1 WM   1756848616 4096      0.105
06:20:16.162 kworker        1774410 nvme1n1 WM   1756852120 4096      0.107
06:20:16.162 kworker        1774410 nvme1n1 WM   1756852184 4096      0.109
06:20:16.162 kworker        1774410 nvme1n1 WM   1756864784 4096      0.112
06:20:16.162 kworker        1774410 nvme1n1 WM   1756864872 4096      0.113
06:20:16.162 kworker        1774410 nvme1n1 WM   1756866680 4096      0.113
06:20:16.163 kworker        1774410 nvme1n1 WM   1756866696 4096      0.062
06:20:16.163 kworker        1774410 nvme1n1 WM   1756866784 4096      0.067
06:20:16.163 kworker        1774410 nvme1n1 WM   1756866936 4096      0.073
06:20:16.163 kworker        1774410 nvme1n1 WM   1756866976 8192      0.073
06:20:16.163 kworker        1774410 nvme1n1 WM   1756867000 4096      0.076
06:20:16.163 kworker        1774410 nvme1n1 WM   1756868320 4096      0.078
06:20:16.163 kworker        1774410 nvme1n1 WM   1756869064 4096      0.084
06:20:16.163 kworker        1774410 nvme1n1 WM   1756872664 4096      0.084
06:20:16.163 kworker        1774410 nvme1n1 WM   1756872696 4096      0.089
06:20:16.163 kworker        1774410 nvme1n1 WM   1756879472 4096      0.091
06:20:16.163 kworker        1774410 nvme1n1 WM   1756886992 4096      0.095
06:20:16.163 kworker        1774410 nvme1n1 WM   1756887680 4096      0.095
06:20:16.163 kworker        1774410 nvme1n1 WM   1756950984 4096      0.096
06:20:16.163 kworker        1774410 nvme1n1 WM   1756887016 12288     0.101
06:20:16.936 nvme           1920729 Unknown N    -1         512       0.034
06:20:17.939 nvme           1920749 Unknown N    -1         512       0.035
06:20:18.206 jbd2/nv        752     nvme1n1 WSM  877042416  131072    0.159
06:20:18.206 jbd2/nv        752     nvme1n1 WSM  877042672  53248     0.166
06:20:18.206 jbd2/nv        752     nvme1n1 WSM  877042776  4096      0.031
06:20:18.924 amoprof        1787544 nvme1n1 W    1565770904 4096      0.052
