TIMESTAMP    COMM           PID     DISK    T    SECTOR     BYTES   LAT(ms)
02:57:32.560 nvme           1654769 Unknown N    -1         512       0.037
02:57:33.563 nvme           1654821 Unknown N    -1         512       0.077
02:57:34.565 nvme           1654822 Unknown N    -1         512       0.074
02:57:35.567 nvme           1654823 Unknown N    -1         512       0.031
02:57:36.570 nvme           1654824 Unknown N    -1         512       0.074
02:57:36.672 jbd2/nv        752     nvme1n1 WSM  877766576  94208     0.133
02:57:36.672 jbd2/nv        752     nvme1n1 WSM  877766760  4096      0.031
02:57:37.572 nvme           1654825 Unknown N    -1         512       0.031
02:57:37.698 kworker        1638303 nvme1n1 W    595904288  86016     0.152
02:57:37.698 kworker        1638303 nvme1n1 W    1526103168 131072    0.224
02:57:37.698 kworker        1638303 nvme1n1 W    1526103424 61440     0.259
02:57:37.698 kworker        1638303 nvme1n1 W    595904456  32768     0.281
02:57:37.698 kworker        1638303 nvme1n1 W    1533035440 131072    0.357
02:57:37.698 kworker        1638303 nvme1n1 W    1533035696 90112     0.409
02:57:37.698 kworker        1638303 nvme1n1 W    1499449296 77824     0.456
02:57:37.698 kworker        1638303 nvme1n1 W    595904520  45056     0.483
02:57:38.574 nvme           1654826 Unknown N    -1         512       0.123
02:57:39.232 kworker        1646728 nvme1n1 W    1625053632 8192      0.058
02:57:39.577 nvme           1654827 Unknown N    -1         512       0.075
02:57:40.579 nvme           1654828 Unknown N    -1         512       0.088
02:57:41.134 jbd2/nv        391     nvme0n1 WSM  4323640    8192      0.490
02:57:41.134 jbd2/nv        391     nvme0n1 WSM  4323656    4096      0.356
02:57:41.281 kworker        1646728 nvme0n1 W    37332624   4096      0.567
02:57:41.281 kworker        1638303 nvme0n1 W    8129272    131072    0.824
02:57:41.281 kworker        1638303 nvme0n1 W    36016136   4096      0.774
02:57:41.281 kworker        1638303 nvme0n1 W    8143096    131072    0.896
02:57:41.281 kworker        1638303 nvme0n1 W    36023808   262144    1.263
02:57:41.281 kworker        1638303 nvme0n1 W    36029952   131072    1.386
02:57:41.282 kworker        1638303 nvme0n1 W    36166400   131072    1.423
02:57:41.282 kworker        1638303 nvme0n1 W    8135672    131072    1.635
02:57:41.282 kworker        1638303 nvme0n1 W    36167976   4096      0.793
02:57:41.282 kworker        1638303 nvme0n1 W    36167072   16384     0.803
02:57:41.282 kworker        1638303 nvme0n1 W    36167520   16384     0.805
02:57:41.282 kworker        1638303 nvme0n1 W    36168384   32768     0.464
02:57:41.282 kworker        1638303 nvme0n1 W    36174336   65536     0.607
02:57:41.282 kworker        1638303 nvme0n1 W    36177280   65536     0.538
02:57:41.282 kworker        1638303 nvme0n1 W    36315792   40960     0.565
02:57:41.283 kworker        1638303 nvme0n1 W    36316928   131072    0.821
02:57:41.283 kworker        1638303 nvme0n1 W    36322384   4096      0.808
02:57:41.283 kworker        1638303 nvme0n1 W    36323072   16384     0.808
02:57:41.283 kworker        1638303 nvme0n1 W    36321792   131072    0.947
02:57:41.283 kworker        1638303 nvme0n1 W    7337984    4096      0.647
02:57:41.283 kworker        1638303 nvme0n1 W    36324224   65536     0.706
02:57:41.582 nvme           1654829 Unknown N    -1         512       0.081
02:57:41.901 jbd2/nv        752     nvme1n1 WSM  877766768  81920     0.118
02:57:41.901 jbd2/nv        752     nvme1n1 WSM  877766928  4096      0.031
02:57:42.567 amoprof        1271097 nvme1n1 W    591744952  4096      0.058
