TIMESTAMP    COMM           PID     DISK    T    SECTOR     BYTES   LAT(ms)
03:27:55.129 nvme           1682659 Unknown N    -1         512       0.035
03:27:56.132 nvme           1682711 Unknown N    -1         512       0.032
03:27:57.134 nvme           1682712 Unknown N    -1         512       0.073
03:27:57.856 jbd2/nv        752     nvme1n1 WSM  877821664  102400    0.138
03:27:57.856 jbd2/nv        752     nvme1n1 WSM  877821864  4096      0.030
03:27:58.136 nvme           1682713 Unknown N    -1         512       0.028
03:27:59.139 nvme           1682714 Unknown N    -1         512       0.073
03:28:00.141 nvme           1682715 Unknown N    -1         512       0.073
03:28:00.417 kworker        1666595 nvme1n1 W    1639456096 8192      0.099
03:28:00.417 kworker        1666595 nvme1n1 W    596001096  94208     0.146
03:28:00.417 kworker        1666595 nvme1n1 W    1533227952 131072    0.225
03:28:00.417 kworker        1666595 nvme1n1 W    1533228208 61440     0.259
03:28:00.417 kworker        1666595 nvme1n1 W    596001280  32768     0.280
03:28:00.417 kworker        1666595 nvme1n1 W    1533228328 131072    0.356
03:28:00.417 kworker        1666595 nvme1n1 W    1533228584 90112     0.410
03:28:00.417 kworker        1666595 nvme1n1 W    596014728  77824     0.458
03:28:00.417 kworker        1666595 nvme1n1 W    596001344  45056     0.278
03:28:01.143 nvme           1682716 Unknown N    -1         512       0.090
03:28:01.952 kworker        1666595 nvme1n1 W    1625053960 4096      0.053
03:28:02.146 nvme           1682717 Unknown N    -1         512       0.084
03:28:03.148 nvme           1682718 Unknown N    -1         512       0.031
03:28:03.413 jbd2/nv        752     nvme1n1 WSM  877821872  65536     0.103
03:28:03.413 jbd2/nv        752     nvme1n1 WSM  877822000  4096      0.035
03:28:04.150 nvme           1682719 Unknown N    -1         512       0.091
03:28:05.137 amoprof        1271097 nvme1n1 W    595925152  4096      0.055
