TIMESTAMP    COMM           PID     DISK    T    SECTOR     BYTES   LAT(ms)
03:14:55.614 nvme           1670764 Unknown N    -1         512       0.036
03:14:56.032 kworker        1666595 nvme1n1 W    1625053816 8192      0.057
03:14:56.617 nvme           1670816 Unknown N    -1         512       0.139
03:14:57.568 jbd2/nv        752     nvme1n1 WSM  877798576  126976    0.160
03:14:57.568 jbd2/nv        752     nvme1n1 WSM  877798824  4096      0.036
03:14:57.619 nvme           1670817 Unknown N    -1         512       0.030
03:14:58.621 nvme           1670818 Unknown N    -1         512       0.034
03:14:59.623 nvme           1670819 Unknown N    -1         512       0.038
03:15:00.626 nvme           1670820 Unknown N    -1         512       0.027
03:15:01.628 nvme           1670821 Unknown N    -1         512       0.028
03:15:02.177 kworker        1661618 nvme1n1 W    595859104  90112     0.168
03:15:02.177 kworker        1661618 nvme1n1 W    596073576  131072    0.234
03:15:02.177 kworker        1661618 nvme1n1 W    596073832  61440     0.270
03:15:02.177 kworker        1661618 nvme1n1 W    595859280  32768     0.289
03:15:02.177 kworker        1661618 nvme1n1 W    596073952  131072    0.367
03:15:02.177 kworker        1661618 nvme1n1 W    596074208  90112     0.421
03:15:02.177 kworker        1661618 nvme1n1 W    1499719784 77824     0.469
03:15:02.177 kworker        1661618 nvme1n1 W    595859344  45056     0.495
03:15:02.630 nvme           1670825 Unknown N    -1         512       0.030
03:15:02.861 jbd2/nv        752     nvme1n1 WSM  877798832  49152     0.095
03:15:02.861 jbd2/nv        752     nvme1n1 WSM  877798928  4096      0.039
03:15:03.632 nvme           1670826 Unknown N    -1         512       0.028
03:15:04.634 nvme           1670827 Unknown N    -1         512       0.029
03:15:05.621 amoprof        1271097 nvme1n1 W    595915912  4096      0.055
