TIMESTAMP    COMM           PID     DISK    T    SECTOR     BYTES   LAT(ms)
08:07:04.875 nvme           338537  Unknown N    -1         512       0.033
08:07:05.017 contain        1195    nvme1n1 WS   1730873720 8192      0.068
08:07:05.017 contain        1195    nvme1n1 WS   1730873808 12288     0.077
08:07:05.017 contain        1195    nvme1n1 WS   1429520    4096      0.030
08:07:05.018 contain        1195    nvme1n1 WS   1730873832 8192      0.047
08:07:05.018 contain        1195    nvme1n1 WS   1730873760 12288     0.055
08:07:05.018 contain        1195    nvme1n1 WS   1429528    4096      0.028
08:07:05.018 contain        1195    nvme1n1 WS   1725789904 4096      0.042
08:07:05.018 contain        1195    nvme1n1 WS   1725789968 4096      0.046
08:07:05.018 contain        1195    nvme1n1 WS   1725790000 4096      0.052
08:07:05.018 contain        1195    nvme1n1 WS   1725789920 16384     0.055
08:07:05.018 contain        1195    nvme1n1 WS   1707371888 4096      0.028
08:07:05.018 contain        1195    nvme1n1 WS   1730873528 4096      0.043
08:07:05.018 contain        1195    nvme1n1 WS   1730873656 4096      0.046
08:07:05.018 contain        1195    nvme1n1 WS   1730873808 12288     0.051
08:07:05.018 contain        1195    nvme1n1 WS   1730873848 36864     0.072
08:07:05.018 contain        1195    nvme1n1 WS   1429520    4096      0.031
08:07:05.020 kworker        294506  nvme1n1 W    1730458640 4096      0.040
08:07:05.020 kworker        330192  nvme1n1 W    1485150208 8192      0.119
08:07:05.020 kworker        330192  nvme1n1 W    844077784  4096      0.126
08:07:05.020 kworker        330192  nvme1n1 W    1485098344 4096      0.128
08:07:05.020 kworker        330192  nvme1n1 W    1757224616 12288     0.140
08:07:05.020 kworker        330192  nvme1n1 W    1730535680 16384     0.144
08:07:05.020 kworker        330192  nvme1n1 W    1757161576 12288     0.146
08:07:05.020 kworker        330192  nvme1n1 W    1485098168 90112     0.202
08:07:05.020 kworker        330192  nvme1n1 W    1485223072 81920     0.253
08:07:05.020 kworker        330192  nvme1n1 W    1752857088 122880    0.328
08:07:05.021 kworker        330192  nvme1n1 W    1485098352 122880    0.400
08:07:05.021 kworker        330192  nvme1n1 W    1485098592 110592    0.466
08:07:05.021 kworker        330192  nvme1n1 W    1485098808 94208     0.520
08:07:05.021 kworker        330192  nvme1n1 W    1729863616 12288     0.528
08:07:05.021 kworker        330192  nvme1n1 W    1485223232 81920     0.575
08:07:05.021 kworker        330192  nvme1n1 W    1174913024 81920     0.624
08:07:05.021 dockerd        1436    nvme1n1 WM   461373704  4096      0.583
08:07:05.021 dockerd        1436    nvme1n1 WM   1707589104 4096      0.585
08:07:05.021 jbd2/nv        752     nvme1n1 WSM  877277024  131072    0.565
08:07:05.021 jbd2/nv        752     nvme1n1 WSM  877277280  131072    0.605
08:07:05.021 jbd2/nv        752     nvme1n1 WSM  877277536  20480     0.626
08:07:05.021 jbd2/nv        752     nvme1n1 WSM  877277576  4096      0.035
08:07:05.021 jbd2/nv        752     nvme1n1 WSM  877277584  49152     0.069
08:07:05.021 jbd2/nv        752     nvme1n1 WSM  877277680  4096      0.028
08:07:05.022 dockerd        1436    nvme1n1 WSM  0          4096      0.114
08:07:05.022 dockerd        1436    nvme1n1 WSM  224        4096      0.120
08:07:05.022 dockerd        1436    nvme1n1 WSM  272        4096      0.120
08:07:05.022 dockerd        1436    nvme1n1 WSM  568        4096      0.121
08:07:05.022 dockerd        1436    nvme1n1 WSM  712        4096      0.126
08:07:05.022 dockerd        1436    nvme1n1 WSM  728        4096      0.127
08:07:05.022 dockerd        1436    nvme1n1 WSM  744        8192      0.126
08:07:05.022 dockerd        1436    nvme1n1 WSM  461373568  4096      0.131
08:07:05.022 dockerd        1436    nvme1n1 WSM  461373696  4096      0.132
08:07:05.022 dockerd        1436    nvme1n1 WSM  461374248  4096      0.132
08:07:05.022 dockerd        1436    nvme1n1 WSM  557842560  4096      0.142
08:07:05.022 dockerd        1436    nvme1n1 WSM  557842688  4096      0.143
08:07:05.022 dockerd        1436    nvme1n1 WSM  557842720  4096      0.147
08:07:05.022 dockerd        1436    nvme1n1 WSM  557842768  4096      0.152
08:07:05.022 dockerd        1436    nvme1n1 WSM  836230192  4096      0.151
08:07:05.022 dockerd        1436    nvme1n1 WSM  844060816  4096      0.157
08:07:05.022 dockerd        1436    nvme1n1 WSM  844060896  4096      0.157
08:07:05.022 dockerd        1436    nvme1n1 WSM  1174405128 4096      0.158
08:07:05.022 dockerd        1436    nvme1n1 WSM  1484783624 4096      0.162
08:07:05.022 dockerd        1436    nvme1n1 WSM  1484789216 4096      0.166
08:07:05.022 dockerd        1436    nvme1n1 WSM  1493172480 8192      0.170
08:07:05.022 dockerd        1436    nvme1n1 WSM  1518338096 4096      0.172
08:07:05.022 dockerd        1436    nvme1n1 WSM  1547698280 4096      0.176
08:07:05.022 dockerd        1436    nvme1n1 WSM  1551892488 4096      0.177
08:07:05.022 dockerd        1436    nvme1n1 WSM  1552176248 4096      0.179
08:07:05.022 dockerd        1436    nvme1n1 WSM  1552178064 4096      0.183
08:07:05.022 dockerd        1436    nvme1n1 WSM  1552179632 8192      0.183
08:07:05.022 dockerd        1436    nvme1n1 WSM  1564475408 4096      0.185
08:07:05.022 dockerd        1436    nvme1n1 WSM  1568669824 4096      0.188
08:07:05.022 dockerd        1436    nvme1n1 WSM  824        12288     0.207
08:07:05.022 dockerd        1436    nvme1n1 WSM  557843072  40960     0.225
08:07:05.022 dockerd        1436    nvme1n1 WSM  1568673464 8192      0.073
08:07:05.022 dockerd        1436    nvme1n1 WSM  1705582584 4096      0.076
08:07:05.022 dockerd        1436    nvme1n1 WSM  1705656312 4096      0.081
08:07:05.022 dockerd        1436    nvme1n1 WSM  1715470456 4096      0.082
08:07:05.022 dockerd        1436    nvme1n1 WSM  1719468240 8192      0.088
08:07:05.022 dockerd        1436    nvme1n1 WSM  1719470864 8192      0.093
08:07:05.022 dockerd        1436    nvme1n1 WSM  1719470928 8192      0.098
08:07:05.022 dockerd        1436    nvme1n1 WSM  1719471752 8192      0.104
08:07:05.022 dockerd        1436    nvme1n1 WSM  1728053296 4096      0.106
08:07:05.022 dockerd        1436    nvme1n1 WSM  1728053320 8192      0.109
08:07:05.022 dockerd        1436    nvme1n1 WSM  1736441872 4096      0.114
08:07:05.022 dockerd        1436    nvme1n1 WSM  1749024880 4096      0.119
08:07:05.022 dockerd        1436    nvme1n1 WSM  1753219144 4096      0.120
08:07:05.022 dockerd        1436    nvme1n1 WSM  1753219192 4096      0.121
08:07:05.023 contain        1195    nvme1n1 WS   1725789864 4096      0.053
08:07:05.023 contain        1195    nvme1n1 WS   1725789896 4096      0.062
08:07:05.023 contain        1195    nvme1n1 WS   1725789912 4096      0.063
08:07:05.023 contain        1195    nvme1n1 WS   1725789960 4096      0.067
08:07:05.023 contain        1195    nvme1n1 WS   1725789976 12288     0.067
08:07:05.023 contain        1195    nvme1n1 WS   1707371880 4096      0.027
08:07:05.023 contain        1195    nvme1n1 WS   1551466752 4096      0.057
08:07:05.023 contain        1195    nvme1n1 WS   1551466848 4096      0.061
08:07:05.023 contain        1195    nvme1n1 WS   1730873248 4096      0.066
08:07:05.023 contain        1195    nvme1n1 WS   1730873320 4096      0.069
08:07:05.023 contain        1195    nvme1n1 WS   1730873688 4096      0.070
08:07:05.023 contain        1195    nvme1n1 WS   1730873720 8192      0.074
08:07:05.023 contain        1195    nvme1n1 WS   1730873832 8192      0.074
08:07:05.023 contain        1195    nvme1n1 WS   1730873920 8192      0.078
08:07:05.023 contain        1195    nvme1n1 WS   1730873760 12288     0.086
08:07:05.023 contain        1195    nvme1n1 WS   1429528    4096      0.027
08:07:05.024 contain        1195    nvme1n1 WS   1730873528 4096      0.041
08:07:05.024 contain        1195    nvme1n1 WS   1730873656 4096      0.047
08:07:05.024 contain        1195    nvme1n1 WS   1730873808 12288     0.053
08:07:05.024 contain        1195    nvme1n1 WS   1429520    4096      0.028
08:07:05.024 contain        1195    nvme1n1 WS   1725789904 4096      0.048
08:07:05.024 contain        1195    nvme1n1 WS   1725789968 4096      0.054
08:07:05.024 contain        1195    nvme1n1 WS   1725790000 4096      0.055
08:07:05.024 contain        1195    nvme1n1 WS   1725789920 16384     0.063
08:07:05.024 contain        1195    nvme1n1 WS   1707371888 4096      0.030
08:07:05.024 contain        1195    nvme1n1 WS   1730873720 8192      0.044
08:07:05.024 contain        1195    nvme1n1 WS   1730873840 36864     0.063
08:07:05.025 contain        1195    nvme1n1 WS   1429528    4096      0.029
08:07:05.026 kworker        294506  nvme1n1 W    1565182560 8192      0.037
08:07:05.026 jbd2/nv        752     nvme1n1 WSM  877277688  118784    0.125
08:07:05.026 kworker        294506  nvme1n1 WS   1565182568 4096      0.028
08:07:05.026 jbd2/nv        752     nvme1n1 WSM  877277920  4096      0.030
08:07:05.026 jbd2/nv        752     nvme1n1 WSM  877277928  8192      0.033
08:07:05.026 jbd2/nv        752     nvme1n1 WSM  877277944  4096      0.027
08:07:05.026 dockerd        1436    nvme1n1 WSM  0          4096      0.089
08:07:05.026 dockerd        1436    nvme1n1 WSM  224        4096      0.093
08:07:05.026 dockerd        1436    nvme1n1 WSM  744        8192      0.105
08:07:05.026 dockerd        1436    nvme1n1 WSM  824        4096      0.107
08:07:05.026 dockerd        1436    nvme1n1 WSM  461373568  4096      0.113
08:07:05.026 dockerd        1436    nvme1n1 WSM  461373696  8192      0.114
08:07:05.026 dockerd        1436    nvme1n1 WSM  461374248  4096      0.121
08:07:05.026 dockerd        1436    nvme1n1 WSM  557843120  4096      0.130
08:07:05.026 dockerd        1436    nvme1n1 WSM  1493172480 8192      0.133
08:07:05.026 dockerd        1436    nvme1n1 WSM  1551892488 4096      0.138
08:07:05.026 dockerd        1436    nvme1n1 WSM  1552175968 4096      0.144
08:07:05.026 dockerd        1436    nvme1n1 WSM  1552176240 4096      0.146
08:07:05.026 dockerd        1436    nvme1n1 WSM  1552177456 4096      0.150
08:07:05.026 dockerd        1436    nvme1n1 WSM  1564475408 4096      0.159
08:07:05.026 dockerd        1436    nvme1n1 WSM  1568669824 4096      0.161
08:07:05.026 dockerd        1436    nvme1n1 WSM  1568673464 8192      0.162
08:07:05.026 dockerd        1436    nvme1n1 WSM  1705582584 4096      0.166
08:07:05.026 dockerd        1436    nvme1n1 WSM  1705656312 4096      0.171
08:07:05.026 dockerd        1436    nvme1n1 WSM  1707589104 4096      0.172
08:07:05.026 dockerd        1436    nvme1n1 WSM  1715470456 4096      0.175
08:07:05.026 dockerd        1436    nvme1n1 WSM  1719471168 4096      0.177
08:07:05.026 dockerd        1436    nvme1n1 WSM  1719471192 4096      0.180
08:07:05.026 dockerd        1436    nvme1n1 WSM  1719471216 4096      0.181
08:07:05.026 dockerd        1436    nvme1n1 WSM  1719471312 4096      0.185
08:07:05.027 dockerd        1436    nvme1n1 WS   1551202032 4096      0.040
08:07:05.027 jbd2/nv        752     nvme1n1 WSM  877277952  49152     0.068
08:07:05.027 jbd2/nv        752     nvme1n1 WSM  877278048  4096      0.029
08:07:05.027 dockerd        1436    nvme1n1 WS   1551202040 4096      0.030
08:07:05.027 jbd2/nv        752     nvme1n1 WSM  877278056  20480     0.044
08:07:05.027 jbd2/nv        752     nvme1n1 WSM  877278096  4096      0.028
08:07:05.031 dockerd        1436    nvme1n1 WS   1565182576 4096      0.044
08:07:05.031 jbd2/nv        752     nvme1n1 WSM  877278104  81920     0.099
08:07:05.031 jbd2/nv        752     nvme1n1 WSM  877278264  4096      0.028
08:07:05.031 dockerd        1436    nvme1n1 WS   830734360  4096      0.045
08:07:05.031 dockerd        1436    nvme1n1 WS   1757812072 12288     0.049
08:07:05.032 dockerd        1436    nvme1n1 WS   1323304    4096      0.034
08:07:05.032 contain        1195    nvme1n1 WS   1730873320 4096      0.053
08:07:05.032 contain        1195    nvme1n1 WS   1730873528 4096      0.059
08:07:05.032 contain        1195    nvme1n1 WS   1730873656 4096      0.060
08:07:05.032 contain        1195    nvme1n1 WS   1730873760 12288     0.063
08:07:05.032 contain        1195    nvme1n1 WS   1429520    4096      0.028
08:07:05.033 contain        1195    nvme1n1 WS   1730873808 16384     0.057
08:07:05.033 contain        1195    nvme1n1 WS   1730873872 20480     0.069
08:07:05.033 contain        1195    nvme1n1 WS   1429528    4096      0.031
08:07:05.034 contain        1195    nvme1n1 WS   1730872560 4096      0.044
08:07:05.034 contain        1195    nvme1n1 WS   1730873912 4096      0.048
08:07:05.034 contain        1195    nvme1n1 WS   1730873760 12288     0.053
08:07:05.034 contain        1195    nvme1n1 WS   1429520    4096      0.028
08:07:05.115 dockerd        1436    nvme1n1 W    1565182584 4096      0.043
08:07:05.120 dockerd        1436    nvme1n1 WS   1528463896 4096      0.048
08:07:05.120 dockerd        1436    nvme1n1 WS   1518910992 4096      0.055
08:07:05.120 dockerd        1436    nvme1n1 WS   1757812064 4096      0.060
08:07:05.120 dockerd        1436    nvme1n1 WS   1757812096 4096      0.061
08:07:05.120 dockerd        1436    nvme1n1 WS   1323312    4096      0.027
08:07:05.120 dockerd        1436    nvme1n1 WS   1539981576 4096      0.034
08:07:05.120 dockerd        1436    nvme1n1 WS   1757812072 12288     0.040
08:07:05.120 dockerd        1436    nvme1n1 WS   1323304    4096      0.028
08:07:05.122 dockerd        1436    nvme1n1 W    1755655680 4096      0.034
08:07:05.122 dockerd        1436    nvme1n1 WS   1755655688 4096      0.031
08:07:05.122 jbd2/nv        752     nvme1n1 WSM  877278272  90112     0.104
08:07:05.122 jbd2/nv        752     nvme1n1 WSM  877278448  4096      0.028
08:07:05.122 dockerd        1436    nvme1n1 WS   1323320    4096      0.042
08:07:05.122 dockerd        1436    nvme1n1 WS   1518910992 4096      0.048
08:07:05.122 dockerd        1436    nvme1n1 WS   1757812064 4096      0.052
08:07:05.122 dockerd        1436    nvme1n1 WS   1757812096 4096      0.053
08:07:05.122 dockerd        1436    nvme1n1 WS   1323312    4096      0.031
08:07:05.128 dockerd        1436    nvme1n1 WS   830734360  4096      0.045
08:07:05.129 dockerd        1436    nvme1n1 WS   1757812072 12288     0.053
08:07:05.129 dockerd        1436    nvme1n1 WS   1323304    4096      0.035
08:07:05.129 dockerd        1436    nvme1n1 WS   1528463896 4096      0.040
08:07:05.129 dockerd        1436    nvme1n1 WS   1518910992 4096      0.046
08:07:05.129 dockerd        1436    nvme1n1 WS   1757812064 4096      0.050
08:07:05.129 dockerd        1436    nvme1n1 WS   1757812096 4096      0.051
08:07:05.129 dockerd        1436    nvme1n1 WS   1323312    4096      0.031
08:07:05.129 dockerd        1436    nvme1n1 WS   1174913184 4096      0.031
08:07:05.129 jbd2/nv        752     nvme1n1 WSM  877278456  45056     0.069
08:07:05.129 jbd2/nv        752     nvme1n1 WSM  877278544  4096      0.028
08:07:05.137 dockerd        1436    nvme1n1 WS   1174913192 4096      0.039
08:07:05.137 jbd2/nv        752     nvme1n1 WSM  877278552  40960     0.067
08:07:05.138 jbd2/nv        752     nvme1n1 WSM  877278632  4096      0.027
08:07:05.138 dockerd        1436    nvme1n1 WS   1548679944 4096      0.035
08:07:05.138 jbd2/nv        752     nvme1n1 WSM  877278640  40960     0.058
08:07:05.138 jbd2/nv        752     nvme1n1 WSM  877278720  4096      0.027
08:07:05.224 contain        1195    nvme1n1 WS   1429528    4096      0.038
08:07:05.878 nvme           338851  Unknown N    -1         512       0.083
08:07:06.880 nvme           338868  Unknown N    -1         512       0.030
08:07:07.882 nvme           338881  Unknown N    -1         512       0.027
08:07:08.885 nvme           338885  Unknown N    -1         512       0.032
08:07:09.887 nvme           338895  Unknown N    -1         512       0.029
08:07:10.496 jbd2/nv        752     nvme1n1 WSM  877278728  131072    0.171
08:07:10.496 jbd2/nv        752     nvme1n1 WSM  877278984  45056     0.179
08:07:10.496 jbd2/nv        752     nvme1n1 WSM  877279072  4096      0.029
08:07:10.889 nvme           338899  Unknown N    -1         512       0.033
08:07:11.892 nvme           338919  Unknown N    -1         512       0.028
08:07:12.460 jbd2/nv        391     nvme0n1 WSM  4259560    81920     0.863
08:07:12.460 libuv-w        2068    nvme0n1 WS   15377720   4096      0.422
08:07:12.460 jbd2/nv        391     nvme0n1 WSM  4259720    4096      0.437
08:07:12.461 jbd2/nv        391     nvme0n1 WSM  4259728    16384     0.451
08:07:12.461 jbd2/nv        391     nvme0n1 WSM  4259760    4096      0.379
08:07:12.894 nvme           338934  Unknown N    -1         512       0.028
08:07:13.897 nvme           338938  Unknown N    -1         512       0.026
08:07:14.593 kworker        294506  nvme0n1 W    12506712   4096      0.520
08:07:14.593 kworker        259081  nvme0n1 W    14950952   8192      0.625
08:07:14.899 nvme           338950  Unknown N    -1         512       0.075
08:07:15.616 kworker        294506  nvme1n1 WM   0          4096      0.116
08:07:15.616 kworker        294506  nvme1n1 WM   224        4096      0.121
08:07:15.616 kworker        294506  nvme1n1 WM   568        4096      0.122
08:07:15.616 kworker        294506  nvme1n1 WM   824        4096      0.118
08:07:15.616 kworker        294506  nvme1n1 WM   840        4096      0.120
08:07:15.616 kworker        294506  nvme1n1 WM   461373568  4096      0.130
08:07:15.616 kworker        294506  nvme1n1 WM   461373696  8192      0.131
08:07:15.616 kworker        294506  nvme1n1 WM   461373728  4096      0.132
08:07:15.616 kworker        294506  nvme1n1 WM   461374248  4096      0.132
08:07:15.616 kworker        294506  nvme1n1 WM   905970064  4096      0.134
08:07:15.616 kworker        294506  nvme1n1 WM   1174405128 4096      0.137
08:07:15.616 kworker        294506  nvme1n1 WM   1493172480 4096      0.139
08:07:15.616 kworker        294506  nvme1n1 WM   1493172504 4096      0.142
08:07:15.616 kworker        294506  nvme1n1 WM   1530921112 4096      0.143
08:07:15.616 kworker        294506  nvme1n1 WM   1530935856 4096      0.143
08:07:15.616 kworker        294506  nvme1n1 WM   736        12288     0.153
08:07:15.616 kworker        294506  nvme1n1 WM   1547698200 4096      0.086
08:07:15.616 kworker        294506  nvme1n1 WM   1547698280 4096      0.086
08:07:15.616 kworker        294506  nvme1n1 WM   1551892488 4096      0.093
08:07:15.616 kworker        294506  nvme1n1 WM   1552175968 4096      0.093
08:07:15.616 kworker        294506  nvme1n1 WM   1552177456 4096      0.094
08:07:15.616 kworker        294506  nvme1n1 WM   1552179736 8192      0.099
08:07:15.616 kworker        294506  nvme1n1 WM   1560583672 4096      0.100
08:07:15.616 kworker        294506  nvme1n1 WM   1560835824 4096      0.106
08:07:15.616 kworker        294506  nvme1n1 WM   1561060184 4096      0.106
08:07:15.616 kworker        294506  nvme1n1 WM   1564475408 4096      0.107
08:07:15.616 kworker        294506  nvme1n1 WM   1568669824 4096      0.113
08:07:15.616 kworker        294506  nvme1n1 WM   1568673472 8192      0.114
08:07:15.616 kworker        294506  nvme1n1 WM   1707383280 4096      0.116
08:07:15.616 kworker        294506  nvme1n1 WM   1707589104 4096      0.119
08:07:15.616 kworker        294506  nvme1n1 WM   1715470456 4096      0.119
08:07:15.616 kworker        294506  nvme1n1 WM   1719470992 8192      0.123
08:07:15.617 kworker        294506  nvme1n1 WM   1719471072 8192      0.062
08:07:15.617 kworker        294506  nvme1n1 WM   1719471152 8192      0.068
08:07:15.617 kworker        294506  nvme1n1 WM   1719471192 4096      0.069
08:07:15.617 kworker        294506  nvme1n1 WM   1719471216 4096      0.073
08:07:15.617 kworker        294506  nvme1n1 WM   1719471312 4096      0.075
08:07:15.617 kworker        294506  nvme1n1 WM   1719471744 4096      0.078
08:07:15.617 kworker        294506  nvme1n1 WM   1719471904 4096      0.084
08:07:15.617 kworker        294506  nvme1n1 WM   1719471944 4096      0.084
08:07:15.617 kworker        294506  nvme1n1 WM   1737037968 4096      0.085
08:07:15.617 kworker        294506  nvme1n1 WM   1753219144 4096      0.085
08:07:15.901 nvme           338954  Unknown N    -1         512       0.029
08:07:16.904 nvme           338974  Unknown N    -1         512       0.027
08:07:17.480 libuv-w        2068    nvme0n1 WS   34615088   4096      0.554
08:07:17.480 jbd2/nv        752     nvme1n1 WSM  877279080  94208     0.134
08:07:17.481 jbd2/nv        752     nvme1n1 WSM  877279264  4096      0.030
08:07:17.481 jbd2/nv        391     nvme0n1 WSM  4259768    45056     0.760
08:07:17.481 jbd2/nv        391     nvme0n1 WSM  4259856    4096      0.332
08:07:17.906 nvme           338984  Unknown N    -1         512       0.030
08:07:18.908 nvme           338996  Unknown N    -1         512       0.027
08:07:19.713 kworker        330192  nvme0n1 W    2688552    8192      0.637
08:07:19.713 kworker        330192  nvme0n1 W    32513904   12288     0.665
08:07:19.911 nvme           339000  Unknown N    -1         512       0.032
08:07:20.913 nvme           339004  Unknown N    -1         512       0.029
08:07:21.916 nvme           339024  Unknown N    -1         512       0.028
08:07:22.510 libuv-w        2068    nvme0n1 WS   32556656   4096      0.551
08:07:22.511 jbd2/nv        391     nvme0n1 WSM  4259864    40960     0.510
08:07:22.511 jbd2/nv        391     nvme0n1 WSM  4259944    4096      0.330
08:07:22.784 jbd2/nv        752     nvme1n1 WSM  877279272  65536     0.100
08:07:22.784 jbd2/nv        752     nvme1n1 WSM  877279400  4096      0.028
08:07:22.918 nvme           339034  Unknown N    -1         512       0.066
08:07:23.920 nvme           339044  Unknown N    -1         512       0.045
08:07:24.883 amoprof        330498  nvme1n1 W    1728889968 4096      0.053
08:07:24.923 nvme           339050  Unknown N    -1         512       0.076
08:07:25.925 nvme           339060  Unknown N    -1         512       0.035
08:07:26.927 nvme           339076  Unknown N    -1         512       0.040
08:07:27.576 libuv-w        2068    nvme0n1 WS   15719976   4096      0.423
08:07:27.577 jbd2/nv        391     nvme0n1 WSM  4259952    32768     0.453
08:07:27.577 jbd2/nv        391     nvme0n1 WSM  4260016    4096      0.401
08:07:27.930 nvme           339089  Unknown N    -1         512       0.028
08:07:28.932 nvme           339099  Unknown N    -1         512       0.026
08:07:29.935 nvme           339104  Unknown N    -1         512       0.033
08:07:29.952 jbd2/nv        752     nvme1n1 WSM  877279408  81920     0.119
08:07:29.952 jbd2/nv        752     nvme1n1 WSM  877279568  4096      0.032
08:07:30.937 nvme           339114  Unknown N    -1         512       0.103
08:07:31.940 nvme           339128  Unknown N    -1         512       0.025
08:07:32.557 libuv-w        2068    nvme0n1 WS   32600504   4096      0.807
08:07:32.557 jbd2/nv        391     nvme0n1 WSM  4260024    36864     0.592
08:07:32.558 jbd2/nv        391     nvme0n1 WSM  4260096    4096      0.383
08:07:32.942 nvme           339143  Unknown N    -1         512       0.032
08:07:33.944 nvme           339150  Unknown N    -1         512       0.029
08:07:34.879 amoprof        330498  nvme1n1 W    1728889976 4096      0.058
