TIMESTAMP    COMM           PID     DISK    T    SECTOR     BYTES   LAT(ms)
02:18:59.873 kworker        1613847 nvme0n1 WM   2099224    4096      0.508
02:18:59.873 kworker        1613847 nvme0n1 WM   2103000    4096      0.527
02:18:59.873 kworker        1613847 nvme0n1 WM   6309888    4096      0.530
02:18:59.873 kworker        1613847 nvme0n1 WM   6310376    4096      0.531
02:18:59.873 kworker        1613847 nvme0n1 WM   6310504    4096      0.536
02:18:59.873 kworker        1613847 nvme0n1 WM   9089776    4096      0.553
02:18:59.873 kworker        1613847 nvme0n1 WM   2099200    4096      0.560
02:18:59.873 kworker        1613847 nvme0n1 WM   35653696   4096      0.560
02:18:59.873 kworker        1613847 nvme0n1 WM   10488672   4096      0.563
02:18:59.892 nvme           1616737 Unknown N    -1         512       0.037
02:19:00.894 nvme           1616792 Unknown N    -1         512       0.077
02:19:01.896 nvme           1616796 Unknown N    -1         512       0.028
02:19:02.898 nvme           1616800 Unknown N    -1         512       0.083
02:19:03.456 kworker        1613847 nvme1n1 W    587759080  65536     0.109
02:19:03.901 nvme           1616804 Unknown N    -1         512       0.030
02:19:04.020 jbd2/nv        752     nvme1n1 WSM  877694752  114688    0.139
02:19:04.020 jbd2/nv        752     nvme1n1 WSM  877694976  4096      0.031
02:19:04.904 nvme           1616808 Unknown N    -1         512       0.032
02:19:05.906 nvme           1616812 Unknown N    -1         512       0.074
02:19:06.908 nvme           1616816 Unknown N    -1         512       0.042
02:19:07.911 nvme           1616820 Unknown N    -1         512       0.074
02:19:08.577 kworker        1613848 nvme1n1 W    591719432  53248     0.131
02:19:08.577 kworker        1613848 nvme1n1 W    1499421072 131072    0.204
02:19:08.577 kworker        1613848 nvme1n1 W    1499421328 61440     0.239
02:19:08.577 kworker        1613848 nvme1n1 W    591719536  32768     0.259
02:19:08.577 kworker        1613848 nvme1n1 W    1499484160 131072    0.338
02:19:08.577 kworker        1613848 nvme1n1 W    1499484416 90112     0.392
02:19:08.577 kworker        1613848 nvme1n1 W    1486513824 77824     0.441
02:19:08.577 kworker        1613848 nvme1n1 W    591719600  45056     0.462
02:19:08.913 nvme           1616824 Unknown N    -1         512       0.091
02:19:09.899 amoprof        1271097 nvme1n1 W    587759208  4096      0.059
