TIMESTAMP    COMM           PID     DISK    T    SECTOR     BYTES   LAT(ms)
03:00:53.647 nvme           1657900 Unknown N    -1         512       0.035
03:00:54.650 nvme           1657952 Unknown N    -1         512       0.028
03:00:55.652 nvme           1657953 Unknown N    -1         512       0.028
03:00:56.654 nvme           1657954 Unknown N    -1         512       0.026
03:00:57.377 kworker        1635417 nvme1n1 W    1639455768 8192      0.104
03:00:57.377 kworker        1635417 nvme1n1 W    591820880  98304     0.155
03:00:57.377 kworker        1635417 nvme1n1 W    1533137408 131072    0.235
03:00:57.377 kworker        1635417 nvme1n1 W    1533137664 61440     0.271
03:00:57.377 kworker        1635417 nvme1n1 W    591821072  32768     0.289
03:00:57.377 kworker        1635417 nvme1n1 W    1533137784 131072    0.369
03:00:57.377 kworker        1635417 nvme1n1 W    1533138040 90112     0.423
03:00:57.377 kworker        1635417 nvme1n1 W    1499672320 77824     0.469
03:00:57.377 kworker        1635417 nvme1n1 W    591821136  28672     0.303
03:00:57.656 nvme           1657955 Unknown N    -1         512       0.028
03:00:57.789 jbd2/nv        752     nvme1n1 WSM  877773176  131072    0.159
03:00:57.789 jbd2/nv        752     nvme1n1 WSM  877773432  16384     0.161
03:00:57.789 jbd2/nv        752     nvme1n1 WSM  877773464  4096      0.028
03:00:58.659 nvme           1657956 Unknown N    -1         512       0.030
03:00:59.661 nvme           1657957 Unknown N    -1         512       0.027
03:01:00.663 nvme           1657958 Unknown N    -1         512       0.029
03:01:01.665 nvme           1657959 Unknown N    -1         512       0.025
03:01:02.496 kworker        1635417 nvme1n1 W    591821192  16384     0.066
03:01:02.667 nvme           1657961 Unknown N    -1         512       0.025
03:01:03.654 amoprof        1271097 nvme1n1 W    595856136  4096      0.054
