TIMESTAMP    COMM           PID     DISK    T    SECTOR     BYTES   LAT(ms)
06:13:03.890 nvme           1905047 Unknown N    -1         512       0.034
06:13:04.893 nvme           1905103 Unknown N    -1         512       0.031
06:13:05.410 python3        1784369 nvme1n1 WS   1653338112 131072    0.220
06:13:05.410 python3        1784367 nvme1n1 WS   1176788992 131072    0.293
06:13:05.410 python3        1784367 nvme1n1 WS   1176793088 131072    0.364
06:13:05.410 python3        1784367 nvme1n1 WS   1176793344 131072    0.445
06:13:05.410 python3        1784367 nvme1n1 WS   1176793600 131072    0.525
06:13:05.410 python3        1784367 nvme1n1 WS   1176793856 131072    0.599
06:13:05.410 python3        1784367 nvme1n1 WS   1176794112 131072    0.676
06:13:05.410 python3        1784369 nvme1n1 WS   1653338368 131072    0.771
06:13:05.410 python3        1784369 nvme1n1 WS   1653338624 131072    0.849
06:13:05.411 python3        1784369 nvme1n1 WS   1653338880 131072    0.929
06:13:05.411 python3        1784369 nvme1n1 WS   1653339136 131072    1.008
06:13:05.411 python3        1784367 nvme1n1 WS   1176789248 131072    1.106
06:13:05.411 python3        1784367 nvme1n1 WS   1176789504 131072    1.182
06:13:05.411 python3        1784367 nvme1n1 WS   1176789760 131072    1.262
06:13:05.411 python3        1784367 nvme1n1 WS   1176790016 131072    1.342
06:13:05.411 python3        1784369 nvme1n1 WS   1653339392 131072    1.423
06:13:05.411 python3        1784369 nvme1n1 WS   1653339648 131072    1.502
06:13:05.411 python3        1784369 nvme1n1 WS   1653339904 131072    1.566
06:13:05.411 python3        1784369 nvme1n1 WS   1653340160 131072    1.663
06:13:05.411 python3        1784369 nvme1n1 WS   1653340416 131072    1.724
06:13:05.411 python3        1784369 nvme1n1 WS   1653340672 131072    1.809
06:13:05.412 python3        1784369 nvme1n1 WS   1653340928 131072    1.888
06:13:05.412 python3        1784369 nvme1n1 WS   1653341184 131072    1.969
06:13:05.412 python3        1784369 nvme1n1 WS   1653341440 131072    2.049
06:13:05.412 python3        1784369 nvme1n1 WS   1653341696 131072    2.129
06:13:05.412 python3        1784369 nvme1n1 WS   1653341952 131072    2.186
06:13:05.412 python3        1784369 nvme1n1 WS   1653346304 131072    2.262
06:13:05.412 python3        1784369 nvme1n1 WS   1653346560 131072    2.336
06:13:05.412 python3        1784367 nvme1n1 WS   1176790272 131072    2.479
06:13:05.412 python3        1784367 nvme1n1 WS   1176790528 131072    2.553
06:13:05.412 python3        1784367 nvme1n1 WS   1176790784 131072    2.612
06:13:05.412 python3        1784367 nvme1n1 WS   1176791040 131072    2.689
06:13:05.412 python3        1784367 nvme1n1 WS   1176791296 131072    2.762
06:13:05.412 python3        1784367 nvme1n1 WS   1176791552 131072    2.835
06:13:05.413 python3        1784367 nvme1n1 WS   1176791808 131072    2.910
06:13:05.413 python3        1784367 nvme1n1 WS   1176792064 131072    2.987
06:13:05.413 python3        1784367 nvme1n1 WS   1176792320 131072    3.067
06:13:05.413 python3        1784367 nvme1n1 WS   1176792576 131072    3.139
06:13:05.413 python3        1784367 nvme1n1 WS   1176792832 131072    3.199
06:13:05.413 python3        1784367 nvme1n1 WS   1177292800 131072    3.279
06:13:05.413 python3        1784367 nvme1n1 WS   1177293056 131072    3.355
06:13:05.413 python3        1784367 nvme1n1 WS   1176794368 131072    3.504
06:13:05.413 python3        1784367 nvme1n1 WS   1176794624 131072    3.583
06:13:05.413 python3        1784367 nvme1n1 WS   1176794880 131072    3.655
06:13:05.413 python3        1784367 nvme1n1 WS   1176795136 131072    3.729
06:13:05.413 python3        1784367 nvme1n1 WS   1176795392 131072    3.807
06:13:05.414 python3        1784367 nvme1n1 WS   1176795648 126976    3.880
06:13:05.414 python3        1784368 nvme1n1 WS   1176895488 131072    3.977
06:13:05.414 python3        1784368 nvme1n1 WS   1176895744 131072    3.996
06:13:05.414 python3        1784368 nvme1n1 WS   1176896000 131072    4.052
06:13:05.414 python3        1784368 nvme1n1 WS   1176896256 131072    4.130
06:13:05.414 python3        1784368 nvme1n1 WS   1176896512 131072    4.206
06:13:05.414 python3        1784368 nvme1n1 WS   1176896768 131072    4.283
06:13:05.414 python3        1784368 nvme1n1 WS   1176897024 131072    4.359
06:13:05.414 python3        1784368 nvme1n1 WS   1176899584 131072    4.460
06:13:05.414 python3        1784368 nvme1n1 WS   1176899840 131072    4.528
06:13:05.414 python3        1784368 nvme1n1 WS   1176900096 131072    4.602
06:13:05.414 python3        1784368 nvme1n1 WS   1176900352 131072    4.678
06:13:05.414 python3        1784368 nvme1n1 WS   1176900608 131072    4.754
06:13:05.415 python3        1784368 nvme1n1 WS   1176900864 131072    4.833
06:13:05.415 python3        1784368 nvme1n1 WS   1176901120 131072    4.910
06:13:05.415 python3        1784368 nvme1n1 WS   1176901376 131072    4.982
06:13:05.415 python3        1784368 nvme1n1 WS   1176901632 131072    5.054
06:13:05.415 python3        1784368 nvme1n1 WS   1176901888 131072    5.130
06:13:05.415 python3        1784368 nvme1n1 WS   1176902144 126976    5.208
06:13:05.415 python3        1784368 nvme1n1 WS   1176897280 131072    5.296
06:13:05.415 python3        1784368 nvme1n1 WS   1176897536 131072    5.372
06:13:05.415 python3        1784368 nvme1n1 WS   1176897792 131072    5.448
06:13:05.415 python3        1784368 nvme1n1 WS   1176898048 131072    5.525
06:13:05.415 python3        1784366 nvme1n1 WS   1176903680 131072    5.617
06:13:05.415 python3        1784366 nvme1n1 WS   1176903936 131072    5.686
06:13:05.416 python3        1784366 nvme1n1 WS   1176904192 131072    5.762
06:13:05.416 python3        1784368 nvme1n1 WS   1176898304 131072    5.846
06:13:05.416 python3        1784368 nvme1n1 WS   1176898560 131072    5.923
06:13:05.416 python3        1784368 nvme1n1 WS   1176898816 131072    6.001
06:13:05.416 python3        1784368 nvme1n1 WS   1176899072 131072    6.079
06:13:05.416 python3        1784366 nvme1n1 WS   1176904448 131072    6.158
06:13:05.416 python3        1784366 nvme1n1 WS   1176904704 131072    6.233
06:13:05.416 python3        1784366 nvme1n1 WS   1176904960 131072    6.312
06:13:05.416 python3        1784366 nvme1n1 WS   1176905216 131072    6.386
06:13:05.416 python3        1784368 nvme1n1 WS   1176899328 131072    6.456
06:13:05.416 python3        1784366 nvme1n1 WS   74379264   131072    6.542
06:13:05.416 python3        1784368 nvme1n1 WS   1176907776 131072    6.613
06:13:05.416 python3        1784369 nvme1n1 WS   315150336  131072    6.712
06:13:05.417 python3        1784366 nvme1n1 WS   74379520   131072    6.768
06:13:05.417 python3        1784366 nvme1n1 WS   74379776   131072    6.845
06:13:05.417 python3        1784366 nvme1n1 WS   74380032   131072    6.941
06:13:05.417 python3        1784368 nvme1n1 WS   1176908032 131072    7.024
06:13:05.417 python3        1784369 nvme1n1 WS   315150592  131072    7.100
06:13:05.417 python3        1784369 nvme1n1 WS   315150848  131072    7.179
06:13:05.417 python3        1784366 nvme1n1 WS   1176905472 131072    7.254
06:13:05.417 python3        1784366 nvme1n1 WS   1176905728 131072    7.331
06:13:05.417 python3        1784366 nvme1n1 WS   1176905984 131072    7.410
06:13:05.417 python3        1784366 nvme1n1 WS   1176906240 131072    7.488
06:13:05.417 python3        1784366 nvme1n1 WS   1176906496 131072    7.567
06:13:05.417 python3        1784366 nvme1n1 WS   1176906752 131072    7.646
06:13:05.418 python3        1784366 nvme1n1 WS   1176907008 131072    7.721
06:13:05.418 python3        1784366 nvme1n1 WS   1176907264 131072    7.799
06:13:05.418 python3        1784369 nvme1n1 WS   315151104  131072    7.896
06:13:05.418 python3        1784369 nvme1n1 WS   315151360  131072    7.974
06:13:05.418 python3        1784369 nvme1n1 WS   315151616  131072    8.050
06:13:05.418 python3        1784369 nvme1n1 WS   315151872  131072    8.130
06:13:05.418 python3        1784369 nvme1n1 WS   315152128  131072    8.200
06:13:05.418 python3        1784369 nvme1n1 WS   315152384  131072    8.281
06:13:05.418 python3        1784369 nvme1n1 WS   315152640  131072    8.360
06:13:05.418 python3        1784366 nvme1n1 WS   74380288   131072    8.511
06:13:05.418 python3        1784366 nvme1n1 WS   74380544   131072    8.542
06:13:05.418 python3        1784366 nvme1n1 WS   74380800   131072    8.620
06:13:05.418 python3        1784366 nvme1n1 WS   74381056   131072    8.692
06:13:05.419 python3        1784366 nvme1n1 WS   74381312   131072    8.770
06:13:05.419 python3        1784366 nvme1n1 WS   74381568   131072    8.850
06:13:05.419 python3        1784366 nvme1n1 WS   74381824   126976    8.927
06:13:05.419 python3        1784369 nvme1n1 WS   315152896  126976    9.008
06:13:05.419 python3        1784366 nvme1n1 WS   1176907520 131072    9.129
06:13:05.419 python3        1784366 nvme1n1 WS   1176797184 131072    9.157
06:13:05.419 python3        1784366 nvme1n1 WS   1176797440 131072    9.246
06:13:05.895 nvme           1905115 Unknown N    -1         512       0.086
06:13:06.592 jbd2/nv        752     nvme1n1 WSM  876949072  131072    0.166
06:13:06.592 jbd2/nv        752     nvme1n1 WSM  876949328  106496    0.195
06:13:06.592 jbd2/nv        752     nvme1n1 WSM  876949536  4096      0.030
06:13:06.898 nvme           1905120 Unknown N    -1         512       0.078
06:13:07.616 kworker        1764183 nvme1n1 WM   0          4096      0.111
06:13:07.616 kworker        1764183 nvme1n1 WM   32         8192      0.118
06:13:07.616 kworker        1764183 nvme1n1 WM   152        4096      0.119
06:13:07.616 kworker        1764183 nvme1n1 WM   224        4096      0.121
06:13:07.616 kworker        1764183 nvme1n1 WM   352        4096      0.127
06:13:07.616 kworker        1764183 nvme1n1 WM   408        4096      0.129
06:13:07.616 kworker        1764183 nvme1n1 WM   440        4096      0.129
06:13:07.616 kworker        1764183 nvme1n1 WM   568        4096      0.130
06:13:07.616 kworker        1764183 nvme1n1 WM   752        8192      0.130
06:13:07.616 kworker        1764183 nvme1n1 WM   54526056   4096      0.131
06:13:07.616 kworker        1764183 nvme1n1 WM   67108952   4096      0.132
06:13:07.616 kworker        1764183 nvme1n1 WM   71303256   4096      0.135
06:13:07.616 kworker        1764183 nvme1n1 WM   71303456   4096      0.137
06:13:07.616 kworker        1764183 nvme1n1 WM   75497600   4096      0.138
06:13:07.616 kworker        1764183 nvme1n1 WM   280        12288     0.149
06:13:07.616 kworker        1764183 nvme1n1 WM   784        12288     0.150
06:13:07.616 kworker        1764183 nvme1n1 WM   75497736   4096      0.076
06:13:07.616 kworker        1764183 nvme1n1 WM   310872760  4096      0.077
06:13:07.616 kworker        1764183 nvme1n1 WM   310881784  4096      0.083
06:13:07.616 kworker        1764183 nvme1n1 WM   314572808  8192      0.084
06:13:07.616 kworker        1764183 nvme1n1 WM   461373568  4096      0.088
06:13:07.616 kworker        1764183 nvme1n1 WM   461373696  8192      0.090
06:13:07.616 kworker        1764183 nvme1n1 WM   461373728  4096      0.094
06:13:07.616 kworker        1764183 nvme1n1 WM   461373760  4096      0.095
06:13:07.616 kworker        1764183 nvme1n1 WM   461373776  8192      0.103
06:13:07.616 kworker        1764183 nvme1n1 WM   461373832  4096      0.104
06:13:07.616 kworker        1764183 nvme1n1 WM   461373848  4096      0.110
06:13:07.616 kworker        1764183 nvme1n1 WM   570425360  4096      0.111
06:13:07.616 kworker        1764183 nvme1n1 WM   591396872  4096      0.115
06:13:07.616 kworker        1764183 nvme1n1 WM   591663296  4096      0.117
06:13:07.616 kworker        1764183 nvme1n1 WM   591667576  4096      0.120
06:13:07.616 kworker        1764183 nvme1n1 WM   461374248  12288     0.126
06:13:07.617 kworker        1764183 nvme1n1 WM   591667744  4096      0.074
06:13:07.617 kworker        1764183 nvme1n1 WM   591668504  4096      0.075
06:13:07.617 kworker        1764183 nvme1n1 WM   591671720  4096      0.079
06:13:07.617 kworker        1764183 nvme1n1 WM   591672272  4096      0.082
06:13:07.617 kworker        1764183 nvme1n1 WM   599785488  4096      0.084
06:13:07.617 kworker        1764183 nvme1n1 WM   608174088  8192      0.090
06:13:07.617 kworker        1764183 nvme1n1 WM   608174224  4096      0.091
06:13:07.617 kworker        1764183 nvme1n1 WM   608174336  4096      0.091
06:13:07.617 kworker        1764183 nvme1n1 WM   608174416  4096      0.095
06:13:07.617 kworker        1764183 nvme1n1 WM   608174472  4096      0.096
06:13:07.617 kworker        1764183 nvme1n1 WM   721420296  4096      0.099
06:13:07.617 kworker        1764183 nvme1n1 WM   721917248  4096      0.103
06:13:07.617 kworker        1764183 nvme1n1 WM   843055136  4096      0.104
06:13:07.617 kworker        1764183 nvme1n1 WM   843055216  4096      0.107
06:13:07.617 kworker        1764183 nvme1n1 WM   905969800  4096      0.108
06:13:07.617 kworker        1764183 nvme1n1 WM   608185672  45056     0.136
06:13:07.617 kworker        1764183 nvme1n1 WM   905969920  4096      0.069
06:13:07.617 kworker        1764183 nvme1n1 WM   1174405176 4096      0.069
06:13:07.617 kworker        1764183 nvme1n1 WM   1174405192 4096      0.073
06:13:07.617 kworker        1764183 nvme1n1 WM   1174405208 4096      0.074
06:13:07.617 kworker        1764183 nvme1n1 WM   1493172480 4096      0.082
06:13:07.617 kworker        1764183 nvme1n1 WM   1493172504 4096      0.083
06:13:07.617 kworker        1764183 nvme1n1 WM   1572864128 4096      0.087
06:13:07.617 kworker        1764183 nvme1n1 WM   1572864280 4096      0.089
06:13:07.617 kworker        1764183 nvme1n1 WM   1589641336 4096      0.092
06:13:07.617 kworker        1764183 nvme1n1 WM   1631584368 4096      0.096
06:13:07.617 kworker        1764183 nvme1n1 WM   1635436192 4096      0.099
06:13:07.617 kworker        1764183 nvme1n1 WM   1635436208 8192      0.103
06:13:07.617 kworker        1764183 nvme1n1 WM   1635446248 4096      0.104
06:13:07.617 kworker        1764183 nvme1n1 WM   1635471280 8192      0.108
06:13:07.617 kworker        1764183 nvme1n1 WM   905977952  20480     0.127
06:13:07.617 kworker        1764183 nvme1n1 WM   1652555784 12288     0.128
06:13:07.617 kworker        1764183 nvme1n1 WM   1660944488 4096      0.069
06:13:07.617 kworker        1764183 nvme1n1 WM   1707383280 4096      0.070
06:13:07.617 kworker        1764183 nvme1n1 WM   1707589104 4096      0.078
06:13:07.617 kworker        1764183 nvme1n1 WM   1735442080 4096      0.079
06:13:07.617 kworker        1764183 nvme1n1 WM   1756377584 4096      0.080
06:13:07.617 kworker        1764183 nvme1n1 WM   1756377608 4096      0.080
06:13:07.617 kworker        1764183 nvme1n1 WM   1756377824 4096      0.098
06:13:07.617 kworker        1764183 nvme1n1 WM   1756389904 4096      0.098
06:13:07.617 kworker        1764183 nvme1n1 WM   1756391224 4096      0.100
06:13:07.617 kworker        1764183 nvme1n1 WM   1756414136 8192      0.100
06:13:07.617 kworker        1764183 nvme1n1 WM   1756414176 4096      0.103
06:13:07.617 kworker        1764183 nvme1n1 WM   1756414216 4096      0.105
06:13:07.617 kworker        1764183 nvme1n1 WM   1756415560 4096      0.108
06:13:07.617 kworker        1764183 nvme1n1 WM   1756439528 4096      0.108
06:13:07.617 kworker        1764183 nvme1n1 WM   1756439544 4096      0.110
06:13:07.617 kworker        1764183 nvme1n1 WM   1756440512 4096      0.111
06:13:07.617 kworker        1764183 nvme1n1 WM   1756440728 4096      0.070
06:13:07.617 kworker        1764183 nvme1n1 WM   1756450776 8192      0.076
06:13:07.617 kworker        1764183 nvme1n1 WM   1756450800 4096      0.077
06:13:07.617 kworker        1764183 nvme1n1 WM   1756492400 4096      0.080
06:13:07.617 kworker        1764183 nvme1n1 WM   1756492424 4096      0.082
06:13:07.617 kworker        1764183 nvme1n1 WM   1756492528 4096      0.085
06:13:07.617 kworker        1764183 nvme1n1 WM   1756528360 4096      0.089
06:13:07.617 kworker        1764183 nvme1n1 WM   1756528584 4096      0.092
06:13:07.617 kworker        1764183 nvme1n1 WM   1756598896 4096      0.097
06:13:07.617 kworker        1764183 nvme1n1 WM   1756599000 4096      0.099
06:13:07.617 kworker        1764183 nvme1n1 WM   1756600944 4096      0.103
06:13:07.617 kworker        1764183 nvme1n1 WM   1756662768 4096      0.105
06:13:07.617 kworker        1764183 nvme1n1 WM   1756723480 4096      0.106
06:13:07.617 kworker        1764183 nvme1n1 WM   1756754872 4096      0.111
06:13:07.617 kworker        1764183 nvme1n1 WM   1756754928 4096      0.111
06:13:07.617 kworker        1764183 nvme1n1 WM   1756757952 4096      0.112
06:13:07.617 kworker        1764183 nvme1n1 WM   1756766696 4096      0.068
06:13:07.617 kworker        1764183 nvme1n1 WM   1756772912 4096      0.069
06:13:07.617 kworker        1764183 nvme1n1 WM   1756776888 4096      0.074
06:13:07.617 kworker        1764183 nvme1n1 WM   1756777416 4096      0.074
06:13:07.617 kworker        1764183 nvme1n1 WM   1756777440 4096      0.078
06:13:07.617 kworker        1764183 nvme1n1 WM   1756778144 4096      0.079
06:13:07.617 kworker        1764183 nvme1n1 WM   1756780480 4096      0.083
06:13:07.617 kworker        1764183 nvme1n1 WM   1756792560 4096      0.083
06:13:07.617 kworker        1764183 nvme1n1 WM   1756807672 4096      0.088
06:13:07.617 kworker        1764183 nvme1n1 WM   1756827264 4096      0.092
06:13:07.617 kworker        1764183 nvme1n1 WM   1756827280 4096      0.098
06:13:07.617 kworker        1764183 nvme1n1 WM   1756833776 4096      0.099
06:13:07.617 kworker        1764183 nvme1n1 WM   1756840240 4096      0.099
06:13:07.617 kworker        1764183 nvme1n1 WM   1756843928 4096      0.105
06:13:07.617 kworker        1764183 nvme1n1 WM   1756846040 4096      0.106
06:13:07.617 kworker        1764183 nvme1n1 WM   1756847736 4096      0.106
06:13:07.617 kworker        1764183 nvme1n1 WM   1756848512 4096      0.057
06:13:07.617 kworker        1764183 nvme1n1 WM   1756848528 4096      0.058
06:13:07.617 kworker        1764183 nvme1n1 WM   1756852144 4096      0.062
06:13:07.617 kworker        1764183 nvme1n1 WM   1756864920 4096      0.065
06:13:07.617 kworker        1764183 nvme1n1 WM   1756866696 4096      0.067
06:13:07.617 kworker        1764183 nvme1n1 WM   1756867024 4096      0.073
06:13:07.617 kworker        1764183 nvme1n1 WM   1756868320 4096      0.074
06:13:07.617 kworker        1764183 nvme1n1 WM   1756872656 4096      0.075
06:13:07.617 kworker        1764183 nvme1n1 WM   1756887032 4096      0.077
06:13:07.617 kworker        1764183 nvme1n1 WM   1756887680 4096      0.079
06:13:07.900 nvme           1905134 Unknown N    -1         512       0.035
06:13:08.683 ib_log_        125924  nvme1n1 WS   1738280176 4096      0.054
06:13:08.683 ib_log_        125924  nvme1n1 WS   1738280176 4096      0.029
06:13:08.683 connect        125924  nvme1n1 WS   313170512  4096      0.037
06:13:08.683 jbd2/nv        752     nvme1n1 WSM  876949544  57344     0.081
06:13:08.683 jbd2/nv        752     nvme1n1 WSM  876949656  4096      0.028
06:13:08.684 ib_log_        125924  nvme1n1 WS   1738280176 4096      0.027
06:13:08.685 ib_log_        125924  nvme1n1 WS   1738280176 8192      0.031
06:13:08.685 ib_log_        125924  nvme1n1 WS   1738280192 8192      0.031
06:13:08.685 jbd2/nv        752     nvme1n1 WSM  876949664  8192      0.037
06:13:08.685 jbd2/nv        752     nvme1n1 WSM  876949680  4096      0.028
06:13:08.685 jbd2/nv        752     nvme1n1 WSM  876949688  20480     0.045
06:13:08.685 jbd2/nv        752     nvme1n1 WSM  876949728  4096      0.029
06:13:08.685 connect        125924  nvme1n1 WS   1684847888 114688    0.123
06:13:08.685 jbd2/nv        752     nvme1n1 WSM  876949736  16384     0.046
06:13:08.685 jbd2/nv        752     nvme1n1 WSM  876949768  4096      0.029
06:13:08.685 connect        125924  nvme1n1 WS   1705596672 16384     0.039
06:13:08.686 jbd2/nv        752     nvme1n1 WSM  876949776  24576     0.045
06:13:08.686 jbd2/nv        752     nvme1n1 WSM  876949824  4096      0.027
06:13:08.686 ib_log_        125924  nvme1n1 WS   1738280192 4096      0.028
06:13:08.686 ib_log_        125924  nvme1n1 WS   1738280192 4096      0.026
06:13:08.686 ib_log_        125924  nvme1n1 WS   1738280192 8192      0.031
06:13:08.686 ib_log_        125924  nvme1n1 WS   1738280200 4096      0.032
06:13:08.687 ib_log_        125924  nvme1n1 WS   1738280200 4096      0.028
06:13:08.687 ib_log_        125924  nvme1n1 WS   1738280208 8192      0.031
06:13:08.687 jbd2/nv        752     nvme1n1 WSM  876949832  12288     0.039
06:13:08.687 jbd2/nv        752     nvme1n1 WSM  876949856  4096      0.032
06:13:08.687 connect        125924  nvme1n1 WS   313170512  4096      0.039
06:13:08.687 jbd2/nv        752     nvme1n1 WSM  876949864  8192      0.031
06:13:08.687 jbd2/nv        752     nvme1n1 WSM  876949880  4096      0.029
06:13:08.688 ib_log_        125924  nvme1n1 WS   1738280216 4096      0.026
06:13:08.688 ib_log_        125924  nvme1n1 WS   1738280216 4096      0.028
06:13:08.688 ib_log_        125924  nvme1n1 WS   1738280216 12288     0.037
06:13:08.689 jbd2/nv        752     nvme1n1 WSM  876949888  12288     0.036
06:13:08.689 jbd2/nv        752     nvme1n1 WSM  876949912  4096      0.027
06:13:08.689 connect        125924  nvme1n1 WS   313170512  4096      0.032
06:13:08.689 jbd2/nv        752     nvme1n1 WSM  876949920  12288     0.036
06:13:08.689 jbd2/nv        752     nvme1n1 WSM  876949944  4096      0.027
06:13:08.689 ib_log_        125924  nvme1n1 WS   1738280224 4096      0.029
06:13:08.775 ib_log_        125924  nvme1n1 WS   1738280224 4096      0.048
06:13:08.776 ib_log_        125924  nvme1n1 WS   1738280224 4096      0.031
06:13:08.884 ib_log_        125924  nvme1n1 WS   1738280224 4096      0.047
06:13:08.902 nvme           1905150 Unknown N    -1         512       0.073
06:13:09.437 python3        1784366 nvme1n1 WS   315154432  131072    0.186
06:13:09.437 python3        1784366 nvme1n1 WS   315154688  131072    0.246
06:13:09.437 python3        1784366 nvme1n1 WS   315154944  131072    0.348
06:13:09.437 python3        1784366 nvme1n1 WS   315155200  131072    0.413
06:13:09.437 python3        1784366 nvme1n1 WS   315155456  131072    0.483
06:13:09.437 python3        1784366 nvme1n1 WS   315155712  131072    0.565
06:13:09.437 python3        1784366 nvme1n1 WS   315155968  131072    0.656
06:13:09.437 python3        1784366 nvme1n1 WS   315156224  131072    0.740
06:13:09.437 python3        1784366 nvme1n1 WS   315156480  131072    0.789
06:13:09.437 python3        1784366 nvme1n1 WS   315156736  131072    0.872
06:13:09.438 python3        1784366 nvme1n1 WS   315156992  131072    0.950
06:13:09.438 python3        1784366 nvme1n1 WS   315157248  131072    1.028
06:13:09.438 python3        1784366 nvme1n1 WS   315157504  131072    1.114
06:13:09.438 python3        1784366 nvme1n1 WS   315157760  131072    1.194
06:13:09.438 python3        1784366 nvme1n1 WS   315158016  131072    1.269
06:13:09.438 python3        1784366 nvme1n1 WS   315158272  131072    1.339
06:13:09.438 python3        1784366 nvme1n1 WS   315158528  131072    1.422
06:13:09.438 python3        1784366 nvme1n1 WS   315158784  131072    1.512
06:13:09.438 python3        1784366 nvme1n1 WS   315162624  131072    1.439
06:13:09.438 python3        1784366 nvme1n1 WS   315162880  131072    1.511
06:13:09.438 python3        1784366 nvme1n1 WS   315163136  131072    1.593
06:13:09.438 python3        1784366 nvme1n1 WS   315163392  131072    1.671
06:13:09.439 python3        1784366 nvme1n1 WS   315163648  131072    1.754
06:13:09.439 python3        1784366 nvme1n1 WS   315163904  131072    1.835
06:13:09.439 python3        1784366 nvme1n1 WS   315164160  131072    1.915
06:13:09.439 python3        1784366 nvme1n1 WS   315164416  131072    1.978
06:13:09.439 python3        1784366 nvme1n1 WS   315164672  131072    2.056
06:13:09.439 python3        1784366 nvme1n1 WS   315164928  131072    2.130
06:13:09.439 python3        1784366 nvme1n1 WS   315165184  131072    2.203
06:13:09.439 python3        1784366 nvme1n1 WS   315165440  131072    2.280
06:13:09.439 python3        1784367 nvme1n1 WS   74383360   131072    2.369
06:13:09.439 python3        1784367 nvme1n1 WS   74383616   131072    2.433
06:13:09.439 python3        1784366 nvme1n1 WS   315165696  131072    2.510
06:13:09.439 python3        1784366 nvme1n1 WS   315165952  131072    2.586
06:13:09.440 python3        1784366 nvme1n1 WS   315166208  131072    2.661
06:13:09.440 python3        1784367 nvme1n1 WS   74383872   131072    2.745
06:13:09.440 python3        1784367 nvme1n1 WS   74384128   131072    2.816
06:13:09.440 python3        1784367 nvme1n1 WS   74384384   131072    2.894
06:13:09.440 python3        1784368 nvme1n1 WS   74387456   131072    2.975
06:13:09.440 python3        1784368 nvme1n1 WS   74387712   131072    3.044
06:13:09.440 python3        1784368 nvme1n1 WS   74387968   131072    3.120
06:13:09.440 python3        1784368 nvme1n1 WS   74388224   131072    3.194
06:13:09.440 python3        1784368 nvme1n1 WS   74388480   131072    3.269
06:13:09.440 python3        1784368 nvme1n1 WS   74388736   131072    3.344
06:13:09.440 python3        1784368 nvme1n1 WS   74388992   131072    3.418
06:13:09.440 python3        1784367 nvme1n1 WS   74384640   131072    3.516
06:13:09.440 python3        1784367 nvme1n1 WS   74384896   131072    3.591
06:13:09.441 python3        1784367 nvme1n1 WS   74385152   131072    3.647
06:13:09.441 python3        1784366 nvme1n1 WS   315166464  131072    3.740
06:13:09.441 python3        1784366 nvme1n1 WS   315166720  131072    3.818
06:13:09.441 python3        1784366 nvme1n1 WS   315166976  131072    3.896
06:13:09.441 python3        1784367 nvme1n1 WS   74385408   131072    3.962
06:13:09.441 python3        1784367 nvme1n1 WS   74385664   131072    4.036
06:13:09.441 python3        1784367 nvme1n1 WS   74385920   131072    4.109
06:13:09.441 python3        1784367 nvme1n1 WS   74386176   131072    4.182
06:13:09.441 python3        1784367 nvme1n1 WS   74386432   131072    4.259
06:13:09.441 python3        1784367 nvme1n1 WS   74386688   131072    4.333
06:13:09.441 python3        1784367 nvme1n1 WS   74386944   131072    4.406
06:13:09.441 python3        1784368 nvme1n1 WS   74389248   131072    4.496
06:13:09.441 python3        1784368 nvme1n1 WS   74389504   131072    4.571
06:13:09.442 python3        1784368 nvme1n1 WS   74389760   131072    4.649
06:13:09.442 python3        1784368 nvme1n1 WS   74390016   131072    4.725
06:13:09.442 python3        1784368 nvme1n1 WS   74390272   131072    4.800
06:13:09.442 python3        1784368 nvme1n1 WS   74390528   131072    4.877
06:13:09.442 python3        1784368 nvme1n1 WS   74390784   131072    4.950
06:13:09.442 python3        1784368 nvme1n1 WS   74391040   131072    5.026
06:13:09.442 python3        1784368 nvme1n1 WS   74391296   131072    5.087
06:13:09.442 python3        1784368 nvme1n1 WS   74395648   131072    5.161
06:13:09.442 python3        1784368 nvme1n1 WS   74395904   131072    5.237
06:13:09.442 python3        1784367 nvme1n1 WS   74387200   131072    5.325
06:13:09.442 python3        1784367 nvme1n1 WS   74391552   131072    5.394
06:13:09.442 python3        1784367 nvme1n1 WS   74391808   131072    5.469
06:13:09.443 python3        1784369 nvme1n1 WS   1593704448 131072    5.463
06:13:09.443 python3        1784369 nvme1n1 WS   1593704704 131072    5.533
06:13:09.443 python3        1784369 nvme1n1 WS   1593704960 131072    5.607
06:13:09.443 python3        1784369 nvme1n1 WS   1593705216 131072    5.682
06:13:09.443 python3        1784369 nvme1n1 WS   1593705472 131072    5.757
06:13:09.443 python3        1784369 nvme1n1 WS   1593705728 131072    5.835
06:13:09.443 python3        1784369 nvme1n1 WS   1593705984 131072    5.909
06:13:09.443 python3        1784369 nvme1n1 WS   1593706240 131072    5.962
06:13:09.443 python3        1784369 nvme1n1 WS   1593706496 131072    6.038
06:13:09.443 python3        1784369 nvme1n1 WS   1593706752 131072    6.113
06:13:09.443 python3        1784369 nvme1n1 WS   1593707008 131072    6.191
06:13:09.443 python3        1784369 nvme1n1 WS   1593707264 131072    6.270
06:13:09.443 python3        1784369 nvme1n1 WS   1593707520 131072    6.337
06:13:09.444 python3        1784369 nvme1n1 WS   1593707776 131072    6.412
06:13:09.444 python3        1784369 nvme1n1 WS   1593708032 131072    6.498
06:13:09.444 python3        1784369 nvme1n1 WS   1593708288 131072    6.590
06:13:09.444 python3        1784369 nvme1n1 WS   1593708544 131072    6.663
06:13:09.444 python3        1784369 nvme1n1 WS   1593708800 131072    6.739
06:13:09.444 python3        1784368 nvme1n1 WS   1653350400 131072    6.809
06:13:09.444 python3        1784368 nvme1n1 WS   1653350656 131072    6.874
06:13:09.444 python3        1784368 nvme1n1 WS   1653350912 131072    6.949
06:13:09.444 python3        1784368 nvme1n1 WS   1653351168 131072    7.027
06:13:09.444 python3        1784368 nvme1n1 WS   1653351424 131072    7.099
06:13:09.444 python3        1784368 nvme1n1 WS   1653351680 131072    7.172
06:13:09.444 python3        1784368 nvme1n1 WS   1653351936 131072    7.244
06:13:09.445 python3        1784368 nvme1n1 WS   1653352192 131072    7.316
06:13:09.445 python3        1784368 nvme1n1 WS   1653352448 131072    7.384
06:13:09.445 python3        1784368 nvme1n1 WS   1653352704 131072    7.453
06:13:09.445 python3        1784368 nvme1n1 WS   1653352960 131072    7.527
06:13:09.445 python3        1784368 nvme1n1 WS   1653353216 131072    7.603
06:13:09.445 python3        1784368 nvme1n1 WS   1653353472 131072    7.679
06:13:09.445 python3        1784368 nvme1n1 WS   1653353728 131072    7.762
06:13:09.445 python3        1784368 nvme1n1 WS   1653353984 131072    7.826
06:13:09.445 python3        1784368 nvme1n1 WS   1653354240 131072    7.881
06:13:09.445 python3        1784368 nvme1n1 WS   1653358592 131072    7.955
06:13:09.445 python3        1784368 nvme1n1 WS   1653358848 131072    8.030
06:13:09.445 python3        1784366 nvme1n1 WS   1653354496 131072    8.108
06:13:09.445 python3        1784366 nvme1n1 WS   1653354752 131072    8.177
06:13:09.445 python3        1784366 nvme1n1 WS   1653355008 131072    8.250
06:13:09.446 python3        1784366 nvme1n1 WS   1653355264 131072    8.327
06:13:09.446 python3        1784366 nvme1n1 WS   1653355520 131072    8.401
06:13:09.446 python3        1784366 nvme1n1 WS   1653355776 131072    8.482
06:13:09.446 python3        1784366 nvme1n1 WS   1653356032 131072    8.557
06:13:09.446 python3        1784366 nvme1n1 WS   1653356288 131072    8.615
06:13:09.446 python3        1784366 nvme1n1 WS   1653356544 131072    8.689
06:13:09.446 python3        1784366 nvme1n1 WS   1653356800 131072    8.768
06:13:09.446 python3        1784366 nvme1n1 WS   1653362688 131072    8.879
06:13:09.446 python3        1784366 nvme1n1 WS   1653362944 131072    8.940
06:13:09.446 python3        1784366 nvme1n1 WS   1653363200 131072    9.017
06:13:09.446 python3        1784366 nvme1n1 WS   1653363456 131072    9.091
06:13:09.446 python3        1784366 nvme1n1 WS   1653363712 131072    9.171
06:13:09.447 python3        1784366 nvme1n1 WS   1653363968 131072    9.251
06:13:09.447 python3        1784366 nvme1n1 WS   1653364224 131072    9.331
06:13:09.447 python3        1784366 nvme1n1 WS   1653364480 131072    9.392
06:13:09.447 python3        1784366 nvme1n1 WS   1653357056 131072    9.492
06:13:09.447 python3        1784366 nvme1n1 WS   1653357312 131072    9.567
06:13:09.447 python3        1784366 nvme1n1 WS   1653357568 131072    9.643
06:13:09.447 python3        1784366 nvme1n1 WS   1653357824 131072    9.720
06:13:09.447 python3        1784366 nvme1n1 WS   1653358080 131072    9.798
06:13:09.447 python3        1784367 nvme1n1 WS   1653366784 131072    9.891
06:13:09.447 python3        1784367 nvme1n1 WS   1653367040 131072    9.958
06:13:09.447 python3        1784367 nvme1n1 WS   1653367296 131072   10.035
06:13:09.447 python3        1784367 nvme1n1 WS   1653367552 131072   10.109
06:13:09.447 python3        1784367 nvme1n1 WS   1653367808 131072   10.188
06:13:09.448 python3        1784367 nvme1n1 WS   1653368064 131072   10.263
06:13:09.448 python3        1784367 nvme1n1 WS   1653368320 131072   10.337
06:13:09.448 python3        1784367 nvme1n1 WS   1653368576 131072   10.399
06:13:09.448 python3        1784367 nvme1n1 WS   1653368832 131072   10.476
06:13:09.448 python3        1784367 nvme1n1 WS   1653369088 131072   10.556
06:13:09.448 python3        1784367 nvme1n1 WS   1653369344 131072   10.634
06:13:09.448 python3        1784367 nvme1n1 WS   1653369600 131072   10.713
06:13:09.448 python3        1784367 nvme1n1 WS   1653369856 131072   10.787
06:13:09.448 python3        1784367 nvme1n1 WS   1653370112 131072   10.861
06:13:09.448 python3        1784367 nvme1n1 WS   1653370368 131072   10.938
06:13:09.448 python3        1784366 nvme1n1 WS   1653364736 131072   11.065
06:13:09.448 python3        1784366 nvme1n1 WS   1653364992 131072   11.132
06:13:09.449 python3        1784366 nvme1n1 WS   1653365248 131072   11.204
06:13:09.449 python3        1784366 nvme1n1 WS   1653365504 131072   11.318
06:13:09.449 python3        1784366 nvme1n1 WS   1653365760 131072   11.393
06:13:09.449 python3        1784366 nvme1n1 WS   1653366016 131072   11.467
06:13:09.449 python3        1784366 nvme1n1 WS   1653366272 131072   11.544
06:13:09.449 python3        1784366 nvme1n1 WS   1653358336 131072   11.691
06:13:09.449 python3        1784366 nvme1n1 WS   1653370880 131072   11.730
06:13:09.449 python3        1784366 nvme1n1 WS   1653371136 131072   11.794
06:13:09.449 python3        1784366 nvme1n1 WS   1653366528 131072   11.838
06:13:09.449 python3        1784366 nvme1n1 WS   1653374976 131072   11.914
06:13:09.449 python3        1784366 nvme1n1 WS   1653375232 131072   11.990
06:13:09.449 python3        1784367 nvme1n1 WS   1653370624 131072   12.069
06:13:09.450 python3        1784367 nvme1n1 WS   1653379072 131072   12.146
06:13:09.450 python3        1784367 nvme1n1 WS   1653379328 131072   12.226
06:13:09.450 python3        1784367 nvme1n1 WS   1653383168 131072   12.290
06:13:09.450 python3        1784367 nvme1n1 WS   1653383424 131072   12.359
06:13:09.450 python3        1784367 nvme1n1 WS   1653383680 131072   12.435
06:13:09.450 python3        1784367 nvme1n1 WS   1653383936 131072   12.509
06:13:09.450 python3        1784367 nvme1n1 WS   1653384192 131072   12.587
06:13:09.450 python3        1784367 nvme1n1 WS   315170816  131072   12.677
06:13:09.450 python3        1784367 nvme1n1 WS   315171072  131072   12.754
06:13:09.450 python3        1784367 nvme1n1 WS   315171328  131072   12.828
06:13:09.450 python3        1784367 nvme1n1 WS   1653384448 131072   12.903
06:13:09.450 python3        1784367 nvme1n1 WS   1653384704 131072   12.977
06:13:09.450 python3        1784367 nvme1n1 WS   1653384960 131072   13.041
06:13:09.451 python3        1784367 nvme1n1 WS   1653385216 131072   13.117
06:13:09.451 python3        1784367 nvme1n1 WS   1653385472 131072   13.193
06:13:09.451 python3        1784367 nvme1n1 WS   1653385728 131072   13.266
06:13:09.451 python3        1784367 nvme1n1 WS   1653385984 131072   13.341
06:13:09.451 python3        1784367 nvme1n1 WS   315171584  131072   13.453
06:13:09.451 python3        1784367 nvme1n1 WS   315171840  131072   13.524
06:13:09.451 python3        1784367 nvme1n1 WS   315172096  131072   13.605
06:13:09.451 python3        1784367 nvme1n1 WS   315172352  131072   13.685
06:13:09.451 python3        1784367 nvme1n1 WS   315172608  131072   13.745
06:13:09.451 python3        1784367 nvme1n1 WS   315172864  131072   13.821
06:13:09.451 python3        1784367 nvme1n1 WS   315173120  131072   13.901
06:13:09.451 python3        1784367 nvme1n1 WS   315173376  131072   13.977
06:13:09.451 python3        1784367 nvme1n1 WS   315173632  131072   14.053
06:13:09.452 python3        1784367 nvme1n1 WS   315173888  131072   14.131
06:13:09.452 python3        1784367 nvme1n1 WS   315174144  131072   14.208
06:13:09.452 python3        1784367 nvme1n1 WS   315174400  131072   14.288
06:13:09.452 python3        1784367 nvme1n1 WS   1653386240 131072   14.382
06:13:09.452 python3        1784367 nvme1n1 WS   1653386496 131072   14.457
06:13:09.452 python3        1784367 nvme1n1 WS   1653386752 131072   14.531
06:13:09.452 python3        1784367 nvme1n1 WS   1653387008 131072   14.598
06:13:09.452 python3        1784367 nvme1n1 WS   1653387264 131072   14.675
06:13:09.452 python3        1784367 nvme1n1 WS   1653387520 131072   14.750
06:13:09.452 python3        1784367 nvme1n1 WS   315174656  131072   14.823
06:13:09.452 python3        1784367 nvme1n1 WS   315174912  131072   14.903
06:13:09.452 python3        1784367 nvme1n1 WS   315175168  131072   14.994
06:13:09.453 python3        1784368 nvme1n1 WS   315179008  131072   15.010
06:13:09.453 python3        1784368 nvme1n1 WS   315179264  131072   15.076
06:13:09.453 python3        1784368 nvme1n1 WS   315179520  131072   15.153
06:13:09.453 python3        1784368 nvme1n1 WS   315179776  131072   15.229
06:13:09.453 python3        1784368 nvme1n1 WS   315180032  131072   15.307
06:13:09.453 python3        1784368 nvme1n1 WS   315180288  131072   15.384
06:13:09.453 python3        1784368 nvme1n1 WS   315180544  131072   15.462
06:13:09.453 python3        1784368 nvme1n1 WS   315180800  131072   15.526
06:13:09.453 python3        1784368 nvme1n1 WS   315181056  131072   15.605
06:13:09.453 python3        1784368 nvme1n1 WS   315181312  131072   15.682
06:13:09.453 python3        1784368 nvme1n1 WS   315181568  131072   15.776
06:13:09.453 python3        1784368 nvme1n1 WS   315181824  131072   15.832
06:13:09.453 python3        1784368 nvme1n1 WS   315182080  131072   15.907
06:13:09.454 python3        1784368 nvme1n1 WS   315182336  131072   16.019
06:13:09.454 python3        1784368 nvme1n1 WS   315182592  131072   16.097
06:13:09.454 python3        1784368 nvme1n1 WS   315182848  131072   16.163
06:13:09.454 python3        1784368 nvme1n1 WS   315183104  131072   16.241
06:13:09.454 python3        1784368 nvme1n1 WS   315183360  131072   16.318
06:13:09.454 python3        1784369 nvme1n1 WS   1653391360 131072   16.437
06:13:09.454 python3        1784369 nvme1n1 WS   1653391616 131072   16.457
06:13:09.454 python3        1784369 nvme1n1 WS   1653391872 131072   16.530
06:13:09.454 python3        1784369 nvme1n1 WS   1653392128 131072   16.613
06:13:09.454 python3        1784369 nvme1n1 WS   1653392384 131072   16.690
06:13:09.454 python3        1784369 nvme1n1 WS   1653392640 131072   16.764
06:13:09.454 python3        1784369 nvme1n1 WS   1653392896 131072   16.842
06:13:09.455 python3        1784369 nvme1n1 WS   1653393152 131072   16.911
06:13:09.455 python3        1784369 nvme1n1 WS   1653393408 131072   16.995
06:13:09.455 python3        1784369 nvme1n1 WS   1653393664 131072   17.056
06:13:09.455 python3        1784369 nvme1n1 WS   1653393920 131072   17.128
06:13:09.455 python3        1784369 nvme1n1 WS   1653394176 131072   17.202
06:13:09.455 python3        1784369 nvme1n1 WS   1653394432 131072   17.281
06:13:09.455 python3        1784369 nvme1n1 WS   1653394688 131072   17.359
06:13:09.455 python3        1784369 nvme1n1 WS   1653394944 131072   17.435
06:13:09.455 python3        1784369 nvme1n1 WS   1653395200 131072   17.501
06:13:09.455 python3        1784369 nvme1n1 WS   1653399552 131072   17.580
06:13:09.455 python3        1784369 nvme1n1 WS   1653399808 131072   17.659
06:13:09.455 python3        1784368 nvme1n1 WS   1653395456 131072   17.734
06:13:09.456 python3        1784368 nvme1n1 WS   1653395712 131072   17.805
06:13:09.456 python3        1784368 nvme1n1 WS   1653395968 131072   17.879
06:13:09.456 python3        1784368 nvme1n1 WS   1653396224 131072   17.955
06:13:09.456 python3        1784368 nvme1n1 WS   1653396480 131072   18.033
06:13:09.456 python3        1784368 nvme1n1 WS   1653396736 131072   18.108
06:13:09.456 python3        1784368 nvme1n1 WS   1653396992 131072   18.186
06:13:09.456 python3        1784368 nvme1n1 WS   1653397248 131072   18.247
06:13:09.456 python3        1784368 nvme1n1 WS   1653397504 131072   18.331
06:13:09.456 python3        1784368 nvme1n1 WS   1653397760 131072   18.411
06:13:09.456 python3        1784368 nvme1n1 WS   1653398016 131072   18.477
06:13:09.456 python3        1784368 nvme1n1 WS   1653398272 131072   18.551
06:13:09.456 python3        1784368 nvme1n1 WS   1653398528 131072   18.625
06:13:09.456 python3        1784368 nvme1n1 WS   1653398784 131072   18.700
06:13:09.457 python3        1784368 nvme1n1 WS   1653399040 131072   18.776
06:13:09.457 python3        1784368 nvme1n1 WS   1653399296 131072   18.841
06:13:09.457 python3        1784368 nvme1n1 WS   1653403648 131072   18.919
06:13:09.457 python3        1784368 nvme1n1 WS   1653403904 131072   19.000
06:13:09.457 python3        1784369 nvme1n1 WS   74399744   131072   18.820
06:13:09.457 python3        1784369 nvme1n1 WS   74400000   131072   18.887
06:13:09.457 python3        1784369 nvme1n1 WS   74400256   131072   18.963
06:13:09.457 python3        1784369 nvme1n1 WS   74400512   131072   19.039
06:13:09.457 python3        1784369 nvme1n1 WS   74400768   131072   19.114
06:13:09.457 python3        1784369 nvme1n1 WS   74401024   131072   19.188
06:13:09.457 python3        1784369 nvme1n1 WS   74401280   131072   19.262
06:13:09.457 python3        1784369 nvme1n1 WS   74401536   131072   19.314
06:13:09.457 python3        1784369 nvme1n1 WS   74401792   131072   19.388
06:13:09.458 python3        1784369 nvme1n1 WS   74402048   131072   19.465
06:13:09.458 python3        1784369 nvme1n1 WS   74402304   131072   19.542
06:13:09.458 python3        1784369 nvme1n1 WS   74402560   131072   19.615
06:13:09.458 python3        1784369 nvme1n1 WS   74402816   131072   19.693
06:13:09.458 python3        1784369 nvme1n1 WS   74403072   131072   19.768
06:13:09.458 python3        1784369 nvme1n1 WS   74403328   131072   19.846
06:13:09.458 python3        1784369 nvme1n1 WS   74403584   131072   19.908
06:13:09.458 python3        1784369 nvme1n1 WS   74403840   131072   19.991
06:13:09.458 python3        1784369 nvme1n1 WS   74404096   131072   20.065
06:13:09.458 python3        1784369 nvme1n1 WS   315187200  131072   20.170
06:13:09.458 python3        1784369 nvme1n1 WS   315187456  131072   20.240
06:13:09.458 python3        1784369 nvme1n1 WS   315187712  131072   20.319
06:13:09.459 python3        1784369 nvme1n1 WS   315187968  131072   20.430
06:13:09.459 python3        1784369 nvme1n1 WS   315188224  131072   20.512
06:13:09.459 python3        1784369 nvme1n1 WS   315188480  131072   20.586
06:13:09.459 python3        1784369 nvme1n1 WS   315188736  131072   20.663
06:13:09.459 python3        1784369 nvme1n1 WS   315188992  131072   20.726
06:13:09.459 python3        1784369 nvme1n1 WS   315189248  131072   20.813
06:13:09.459 python3        1784369 nvme1n1 WS   315189504  131072   20.877
06:13:09.459 python3        1784369 nvme1n1 WS   315189760  131072   20.953
06:13:09.459 python3        1784369 nvme1n1 WS   315190016  131072   21.031
06:13:09.459 python3        1784369 nvme1n1 WS   315190272  131072   21.109
06:13:09.459 python3        1784369 nvme1n1 WS   315190528  131072   21.182
06:13:09.459 python3        1784369 nvme1n1 WS   315190784  131072   21.263
06:13:09.460 python3        1784369 nvme1n1 WS   315191040  131072   21.329
06:13:09.460 python3        1784366 nvme1n1 WS   1653407744 131072   20.571
06:13:09.460 python3        1784366 nvme1n1 WS   1653408000 131072   20.640
06:13:09.460 python3        1784366 nvme1n1 WS   1653408256 131072   20.714
06:13:09.460 python3        1784366 nvme1n1 WS   1653408512 131072   20.790
06:13:09.460 python3        1784366 nvme1n1 WS   1653408768 131072   20.868
06:13:09.460 python3        1784366 nvme1n1 WS   1653409024 131072   20.946
06:13:09.460 python3        1784366 nvme1n1 WS   1653409280 131072   21.019
06:13:09.460 python3        1784366 nvme1n1 WS   1653409536 131072   21.082
06:13:09.460 python3        1784366 nvme1n1 WS   1653409792 131072   21.161
06:13:09.460 python3        1784366 nvme1n1 WS   1653410048 131072   21.237
06:13:09.460 python3        1784366 nvme1n1 WS   1653410304 131072   21.315
06:13:09.460 python3        1784366 nvme1n1 WS   1653410560 131072   21.392
06:13:09.461 python3        1784369 nvme1n1 WS   315191296  131072   22.357
06:13:09.461 python3        1784369 nvme1n1 WS   315191552  131072   22.432
06:13:09.461 python3        1784366 nvme1n1 WS   1653410816 131072   21.625
06:13:09.461 python3        1784366 nvme1n1 WS   1653411072 131072   21.702
06:13:09.461 python3        1784366 nvme1n1 WS   1653411328 131072   21.783
06:13:09.461 python3        1784366 nvme1n1 WS   1653411584 61440    21.819
06:13:09.461 python3        1784366 nvme1n1 WS   74407936   131072   19.632
06:13:09.461 python3        1784366 nvme1n1 WS   74408192   131072   19.703
06:13:09.461 python3        1784366 nvme1n1 WS   74408448   131072   19.782
06:13:09.461 python3        1784366 nvme1n1 WS   74408704   131072   19.859
06:13:09.461 python3        1784366 nvme1n1 WS   74408960   131072   19.933
06:13:09.461 python3        1784366 nvme1n1 WS   74409216   131072   20.009
06:13:09.461 python3        1784366 nvme1n1 WS   74409472   131072   20.086
06:13:09.462 python3        1784366 nvme1n1 WS   74409728   131072   20.152
06:13:09.462 python3        1784366 nvme1n1 WS   74409984   131072   20.227
06:13:09.462 python3        1784366 nvme1n1 WS   74410240   131072   20.304
06:13:09.462 python3        1784366 nvme1n1 WS   74410496   131072   20.382
06:13:09.462 python3        1784366 nvme1n1 WS   74410752   131072   20.461
06:13:09.462 python3        1784366 nvme1n1 WS   74411008   131072   20.536
06:13:09.462 python3        1784366 nvme1n1 WS   74411264   131072   20.613
06:13:09.462 python3        1784366 nvme1n1 WS   74411520   131072   20.690
06:13:09.462 python3        1784366 nvme1n1 WS   74411776   131072   20.759
06:13:09.462 ib_pg_f        125924  nvme1n1 WS   1740046336 131072   19.881
06:13:09.462 ib_pg_f        125924  nvme1n1 WS   1740046592 131072   19.950
06:13:09.462 ib_pg_f        125924  nvme1n1 WS   1740046848 131072   20.025
06:13:09.463 ib_pg_f        125924  nvme1n1 WS   1740047104 131072   20.104
06:13:09.463 ib_pg_f        125924  nvme1n1 WS   1740047360 131072   20.177
06:13:09.463 ib_pg_f        125924  nvme1n1 WS   1740047616 131072   20.257
06:13:09.463 ib_pg_f        125924  nvme1n1 WS   1740047872 131072   20.337
06:13:09.463 ib_pg_f        125924  nvme1n1 WS   1740048128 65536    20.373
06:13:09.463 python3        1784366 nvme1n1 WS   74412032   131072   21.485
06:13:09.463 python3        1784366 nvme1n1 WS   74412288   131072   21.588
06:13:09.463 python3        1784368 nvme1n1 WS   74416128   131072   19.720
06:13:09.463 python3        1784368 nvme1n1 WS   74416384   131072   19.774
06:13:09.463 python3        1784368 nvme1n1 WS   74416640   131072   19.856
06:13:09.463 python3        1784368 nvme1n1 WS   74416896   131072   19.923
06:13:09.463 python3        1784368 nvme1n1 WS   74417152   131072   19.997
06:13:09.464 python3        1784368 nvme1n1 WS   74417408   131072   20.112
06:13:09.464 python3        1784368 nvme1n1 WS   74417664   131072   20.194
06:13:09.464 python3        1784368 nvme1n1 WS   74417920   131072   20.256
06:13:09.464 python3        1784368 nvme1n1 WS   74418176   131072   20.333
06:13:09.464 python3        1784368 nvme1n1 WS   74418432   131072   20.411
06:13:09.464 python3        1784368 nvme1n1 WS   74418688   131072   20.487
06:13:09.464 python3        1784368 nvme1n1 WS   74418944   131072   20.566
06:13:09.464 python3        1784367 nvme1n1 WS   600412160  131072   20.653
06:13:09.464 python3        1784367 nvme1n1 WS   600412416  131072   20.727
06:13:09.464 python3        1784367 nvme1n1 WS   600412672  131072   20.803
06:13:09.464 python3        1784367 nvme1n1 WS   600412928  131072   20.880
06:13:09.464 python3        1784368 nvme1n1 WS   74419200   131072   20.964
06:13:09.465 python3        1784368 nvme1n1 WS   74419456   131072   21.042
06:13:09.465 python3        1784368 nvme1n1 WS   74419712   131072   21.123
06:13:09.465 python3        1784368 nvme1n1 WS   74419968   61440    21.162
06:13:09.465 python3        1784367 nvme1n1 WS   600413184  131072   21.261
06:13:09.465 python3        1784367 nvme1n1 WS   600413440  131072   21.387
06:13:09.465 python3        1784367 nvme1n1 WS   600413696  131072   21.514
06:13:09.465 python3        1784367 nvme1n1 WS   600413952  131072   21.625
06:13:09.465 python3        1784367 nvme1n1 WS   600414208  131072   21.753
06:13:09.465 python3        1784367 nvme1n1 WS   600414464  131072   21.881
06:13:09.466 python3        1784367 nvme1n1 WS   600414720  131072   21.971
06:13:09.466 python3        1784367 nvme1n1 WS   600414976  131072   22.050
06:13:09.466 python3        1784367 nvme1n1 WS   600415232  131072   22.132
06:13:09.466 python3        1784367 nvme1n1 WS   600415488  131072   22.209
06:13:09.466 python3        1784367 nvme1n1 WS   600415744  131072   22.294
06:13:09.466 python3        1784367 nvme1n1 WS   600416000  61440    22.329
06:13:09.466 python3        1784369 nvme1n1 WS   1653411840 131072   21.525
06:13:09.466 python3        1784369 nvme1n1 WS   1653412096 131072   21.526
06:13:09.466 python3        1784369 nvme1n1 WS   1653412352 131072   21.583
06:13:09.466 python3        1784369 nvme1n1 WS   1653412608 131072   21.670
06:13:09.466 python3        1784369 nvme1n1 WS   1653412864 131072   21.746
06:13:09.466 python3        1784369 nvme1n1 WS   1653413120 131072   21.824
06:13:09.466 python3        1784369 nvme1n1 WS   1653413376 131072   21.902
06:13:09.467 python3        1784369 nvme1n1 WS   1653413632 131072   21.967
06:13:09.467 python3        1784369 nvme1n1 WS   1653413888 131072   22.040
06:13:09.467 python3        1784369 nvme1n1 WS   1653414144 131072   22.117
06:13:09.467 python3        1784369 nvme1n1 WS   1653414400 131072   22.196
06:13:09.467 python3        1784369 nvme1n1 WS   1653414656 131072   22.273
06:13:09.467 python3        1784369 nvme1n1 WS   1653414912 131072   22.350
06:13:09.467 python3        1784369 nvme1n1 WS   1653415168 131072   22.426
06:13:09.467 python3        1784369 nvme1n1 WS   1653415424 131072   22.507
06:13:09.467 python3        1784369 nvme1n1 WS   1653415680 61440    22.543
06:13:09.467 python3        1784368 nvme1n1 WS   1653415936 131072   20.926
06:13:09.467 python3        1784368 nvme1n1 WS   1653416192 131072   20.994
06:13:09.467 python3        1784368 nvme1n1 WS   1653416448 131072   21.074
06:13:09.467 python3        1784368 nvme1n1 WS   1653416704 131072   21.151
06:13:09.468 python3        1784368 nvme1n1 WS   1653416960 131072   21.226
06:13:09.468 python3        1784368 nvme1n1 WS   1653417216 131072   21.308
06:13:09.468 python3        1784368 nvme1n1 WS   1653417472 131072   21.386
06:13:09.468 python3        1784368 nvme1n1 WS   1653417728 131072   21.447
06:13:09.468 python3        1784368 nvme1n1 WS   1653417984 131072   21.524
06:13:09.468 python3        1784368 nvme1n1 WS   1653418240 131072   21.602
06:13:09.468 python3        1784368 nvme1n1 WS   1653418496 131072   21.677
06:13:09.468 python3        1784368 nvme1n1 WS   1653418752 131072   21.754
06:13:09.468 python3        1784368 nvme1n1 WS   1653419008 131072   21.833
06:13:09.468 python3        1784368 nvme1n1 WS   1653419264 131072   21.913
06:13:09.468 python3        1784368 nvme1n1 WS   1653419520 131072   21.993
06:13:09.468 python3        1784368 nvme1n1 WS   1653419776 131072   22.060
06:13:09.468 python3        1784368 nvme1n1 WS   1653420032 131072   22.147
06:13:09.469 python3        1784368 nvme1n1 WS   1653420288 131072   22.216
06:13:09.469 python3        1784366 nvme1n1 WS   315195392  131072   18.568
06:13:09.469 python3        1784366 nvme1n1 WS   315195648  131072   18.618
06:13:09.469 python3        1784366 nvme1n1 WS   315195904  131072   18.695
06:13:09.469 python3        1784366 nvme1n1 WS   315196160  131072   18.771
06:13:09.469 python3        1784366 nvme1n1 WS   315196416  131072   18.847
06:13:09.469 python3        1784366 nvme1n1 WS   315196672  131072   18.925
06:13:09.469 python3        1784366 nvme1n1 WS   315196928  131072   19.006
06:13:09.469 python3        1784366 nvme1n1 WS   315197184  131072   19.086
06:13:09.469 python3        1784366 nvme1n1 WS   315197440  20480    19.097
06:13:09.469 dockerd        1436    nvme1n1 WS   608535064  4096     19.060
06:13:09.469 python3        1784367 nvme1n1 WS   1653424128 131072   18.990
06:13:09.469 python3        1784367 nvme1n1 WS   1653424384 131072   19.039
06:13:09.470 python3        1784367 nvme1n1 WS   1653424640 131072   19.166
06:13:09.470 python3        1784367 nvme1n1 WS   1653424896 131072   19.290
06:13:09.470 python3        1784367 nvme1n1 WS   1653425152 131072   19.415
06:13:09.470 python3        1784367 nvme1n1 WS   1653425408 131072   19.502
06:13:09.470 python3        1784367 nvme1n1 WS   1653425664 131072   19.579
06:13:09.470 python3        1784367 nvme1n1 WS   1653425920 131072   19.642
06:13:09.470 python3        1784367 nvme1n1 WS   1653426176 131072   19.722
06:13:09.470 python3        1784367 nvme1n1 WS   1653426432 131072   19.794
06:13:09.470 python3        1784367 nvme1n1 WS   1653426688 131072   19.874
06:13:09.470 python3        1784367 nvme1n1 WS   1653426944 131072   19.951
06:13:09.471 python3        1784367 nvme1n1 WS   1653427200 131072   20.029
06:13:09.471 python3        1784367 nvme1n1 WS   1653427456 131072   20.109
06:13:09.471 python3        1784367 nvme1n1 WS   1653427712 131072   20.187
06:13:09.471 python3        1784367 nvme1n1 WS   1653427968 131072   20.254
06:13:09.471 python3        1784367 nvme1n1 WS   1653428224 131072   20.330
06:13:09.471 python3        1784367 nvme1n1 WS   1653428480 131072   20.410
06:13:09.471 python3        1784367 nvme1n1 WS   1653432320 131072   17.769
06:13:09.471 python3        1784367 nvme1n1 WS   1653432576 131072   17.844
06:13:09.471 python3        1784367 nvme1n1 WS   1653432832 131072   17.921
06:13:09.471 python3        1784367 nvme1n1 WS   1653433088 131072   17.996
06:13:09.471 python3        1784367 nvme1n1 WS   1653433344 131072   18.080
06:13:09.471 python3        1784367 nvme1n1 WS   1653433600 131072   18.151
06:13:09.471 python3        1784367 nvme1n1 WS   1653433856 131072   18.226
06:13:09.472 python3        1784367 nvme1n1 WS   1653434112 131072   18.298
06:13:09.472 python3        1784367 nvme1n1 WS   1653434368 20480    18.309
06:13:09.472 python3        1784368 nvme1n1 WS   1653436416 131072   17.108
06:13:09.472 python3        1784368 nvme1n1 WS   1653436672 131072   17.183
06:13:09.472 python3        1784368 nvme1n1 WS   1653436928 131072   17.263
06:13:09.472 python3        1784368 nvme1n1 WS   1653437184 131072   17.339
06:13:09.472 python3        1784368 nvme1n1 WS   1653437440 131072   17.417
06:13:09.472 python3        1784368 nvme1n1 WS   1653437696 131072   17.499
06:13:09.472 python3        1784368 nvme1n1 WS   1653437952 131072   17.578
06:13:09.472 python3        1784368 nvme1n1 WS   1653438208 131072   17.652
06:13:09.472 python3        1784368 nvme1n1 WS   1653438464 20480    17.663
06:13:09.472 python3        1784369 nvme1n1 WS   1653440512 131072   16.285
06:13:09.472 python3        1784369 nvme1n1 WS   1653440768 131072   16.357
06:13:09.472 python3        1784369 nvme1n1 WS   1653441024 131072   16.431
06:13:09.473 python3        1784369 nvme1n1 WS   1653441280 131072   16.504
06:13:09.473 python3        1784369 nvme1n1 WS   1653441536 131072   16.580
06:13:09.473 python3        1784369 nvme1n1 WS   1653441792 131072   16.660
06:13:09.473 python3        1784369 nvme1n1 WS   1653442048 131072   16.736
06:13:09.473 python3        1784369 nvme1n1 WS   1653442304 131072   16.796
06:13:09.473 python3        1784369 nvme1n1 WS   1653442560 131072   16.874
06:13:09.473 python3        1784369 nvme1n1 WS   1653442816 131072   16.949
06:13:09.473 python3        1784369 nvme1n1 WS   1653443072 131072   17.024
06:13:09.473 python3        1784369 nvme1n1 WS   1653443328 131072   17.102
06:13:09.473 python3        1784369 nvme1n1 WS   1653443584 131072   17.181
06:13:09.473 python3        1784369 nvme1n1 WS   1653443840 131072   17.259
06:13:09.473 python3        1784369 nvme1n1 WS   1653444096 131072   17.333
06:13:09.474 python3        1784369 nvme1n1 WS   1653444352 131072   17.403
06:13:09.474 python3        1784369 nvme1n1 WS   1653444608 131072   17.481
06:13:09.474 python3        1784369 nvme1n1 WS   1653444864 131072   17.590
06:13:09.474 python3        1784369 nvme1n1 WS   74420224   131072   14.879
06:13:09.474 python3        1784369 nvme1n1 WS   74420480   131072   14.953
06:13:09.474 python3        1784369 nvme1n1 WS   74420736   131072   15.029
06:13:09.474 python3        1784369 nvme1n1 WS   74420992   131072   15.104
06:13:09.474 python3        1784369 nvme1n1 WS   74421248   131072   15.180
06:13:09.474 python3        1784369 nvme1n1 WS   74421504   131072   15.256
06:13:09.474 python3        1784369 nvme1n1 WS   74421760   131072   15.333
06:13:09.474 python3        1784369 nvme1n1 WS   74422016   131072   15.421
06:13:09.474 python3        1784369 nvme1n1 WS   74422272   20480    15.433
06:13:09.474 ib_pg_f        125924  nvme1n1 WS   1740411808 16384    11.595
06:13:09.474 ib_pg_f        125924  nvme1n1 WS   1757716032 16384    11.608
06:13:09.474 ib_pg_f        125924  nvme1n1 WS   1757716192 16384    11.603
06:13:09.474 ib_pg_f        125924  nvme1n1 WS   1755202400 16384    11.596
06:13:09.474 ib_pg_f        125924  nvme1n1 WS   1755201984 16384    11.592
06:13:09.474 ib_pg_f        125924  nvme1n1 WS   813152     16384    11.585
06:13:09.474 ib_pg_f        125924  nvme1n1 WS   813184     16384    11.576
06:13:09.474 ib_pg_f        125924  nvme1n1 WS   813216     16384    11.572
06:13:09.474 ib_pg_f        125924  nvme1n1 WS   1755159072 16384    11.574
06:13:09.474 ib_pg_f        125924  nvme1n1 WS   1755202432 16384    11.570
06:13:09.475 ib_pg_f        125924  nvme1n1 WS   1520107936 16384    11.564
06:13:09.475 ib_pg_f        125924  nvme1n1 WS   1520145376 16384    11.563
06:13:09.475 ib_pg_f        125924  nvme1n1 WS   813696     16384    11.572
06:13:09.475 ib_pg_f        125924  nvme1n1 WS   813728     16384    11.566
06:13:09.475 ib_pg_f        125924  nvme1n1 WS   813760     16384    11.569
06:13:09.475 ib_pg_f        125924  nvme1n1 WS   813792     16384    11.580
06:13:09.475 ib_pg_f        125924  nvme1n1 WS   813824     16384    11.590
06:13:09.475 ib_pg_f        125924  nvme1n1 WS   813888     16384    11.595
06:13:09.475 ib_pg_f        125924  nvme1n1 WS   813920     16384    11.603
06:13:09.475 ib_pg_f        125924  nvme1n1 WS   813952     16384    11.618
06:13:09.475 ib_pg_f        125924  nvme1n1 WS   1756547840 16384    11.619
06:13:09.475 ib_pg_f        125924  nvme1n1 WS   1520145408 16384    11.626
06:13:09.475 ib_pg_f        125924  nvme1n1 WS   1520145440 16384    11.635
06:13:09.475 ib_pg_f        125924  nvme1n1 WS   1436640    16384    11.644
06:13:09.475 ib_pg_f        125924  nvme1n1 WS   1520145216 16384    11.652
06:13:09.475 ib_pg_f        125924  nvme1n1 WS   1520144384 16384    11.659
06:13:09.475 ib_pg_f        125924  nvme1n1 WS   1436768    16384    11.666
06:13:09.475 ib_pg_f        125924  nvme1n1 WS   1757690592 16384    11.673
06:13:09.475 ib_pg_f        125924  nvme1n1 WS   1757760512 16384    11.680
06:13:09.475 ib_pg_f        125924  nvme1n1 WS   1437024    16384    11.686
06:13:09.475 ib_pg_f        125924  nvme1n1 WS   1436000    16384    11.697
06:13:09.475 ib_pg_f        125924  nvme1n1 WS   1436160    16384    11.706
06:13:09.475 ib_pg_f        125924  nvme1n1 WS   1757151456 16384    11.715
06:13:09.475 ib_pg_f        125924  nvme1n1 WS   1740407296 16384    11.724
06:13:09.475 ib_pg_f        125924  nvme1n1 WS   1755207168 16384    11.732
06:13:09.475 ib_pg_f        125924  nvme1n1 WS   1684847920 16384    11.706
06:13:09.475 ib_pg_f        125924  nvme1n1 WS   1705596672 16384    11.716
06:13:09.475 ib_pg_f        125924  nvme1n1 WS   1684847952 16384    11.726
06:13:09.475 ib_pg_f        125924  nvme1n1 WS   1684847984 16384    11.737
06:13:09.475 ib_pg_f        125924  nvme1n1 WS   1755202048 16384    11.754
06:13:09.475 ib_pg_f        125924  nvme1n1 WS   1684848016 16384    11.759
06:13:09.475 ib_pg_f        125924  nvme1n1 WS   1740407328 16384    11.768
06:13:09.475 ib_pg_f        125924  nvme1n1 WS   814048     16384    11.774
06:13:09.475 ib_pg_f        125924  nvme1n1 WS   814080     16384    11.778
06:13:09.475 ib_pg_f        125924  nvme1n1 WS   813984     16384    11.782
06:13:09.475 ib_pg_f        125924  nvme1n1 WS   814016     16384    11.785
06:13:09.475 ib_pg_f        125924  nvme1n1 WS   1755202080 16384    11.796
06:13:09.475 ib_pg_f        125924  nvme1n1 WS   1757760192 16384    11.783
06:13:09.475 ib_pg_f        125924  nvme1n1 WS   1757691744 16384    11.793
06:13:09.475 ib_pg_f        125924  nvme1n1 WS   1756547808 16384    11.798
06:13:09.475 ib_pg_f        125924  nvme1n1 WS   1757691296 16384    11.810
06:13:09.475 ib_pg_f        125924  nvme1n1 WS   1755159104 16384    11.822
06:13:09.475 ib_pg_f        125924  nvme1n1 WS   1755099296 16384    11.840
06:13:09.475 ib_pg_f        125924  nvme1n1 WS   1740402880 16384    11.850
06:13:09.475 ib_pg_f        125924  nvme1n1 WS   1740077760 16384    11.862
06:13:09.475 ib_pg_f        125924  nvme1n1 WS   1755206368 16384    11.872
06:13:09.475 ib_pg_f        125924  nvme1n1 WS   1755159200 16384    11.883
06:13:09.475 ib_pg_f        125924  nvme1n1 WS   1755099328 16384    11.894
06:13:09.475 ib_pg_f        125924  nvme1n1 WS   1756836384 16384    11.902
06:13:09.475 ib_pg_f        125924  nvme1n1 WS   1757151392 16384    11.929
06:13:09.475 jbd2/nv        752     nvme1n1 WSM  876949952  131072    5.838
06:13:09.476 jbd2/nv        752     nvme1n1 WSM  876950208  110592    5.882
06:13:09.476 jbd2/nv        752     nvme1n1 WSM  876950424  4096      0.035
06:13:09.476 dockerd        1436    nvme1n1 WS   608535072  4096      0.033
06:13:09.476 jbd2/nv        752     nvme1n1 WSM  876950432  49152     0.067
06:13:09.476 jbd2/nv        752     nvme1n1 WSM  876950528  4096      0.037
06:13:09.905 nvme           1905161 Unknown N    -1         512       0.033
06:13:10.452 ib_log_        125924  nvme1n1 WS   1738280224 4096      0.057
06:13:10.452 ib_log_        125924  nvme1n1 WS   1738276864 4096      0.037
06:13:10.907 nvme           1905171 Unknown N    -1         512       0.082
06:13:11.442 ib_pg_f        125924  nvme1n1 WS   1740054528 16384     0.062
06:13:11.442 ib_pg_f        125924  nvme1n1 WS   1757760160 16384     0.052
06:13:11.452 ib_log_        125924  nvme1n1 WS   1738276864 4096      0.039
06:13:11.909 nvme           1905176 Unknown N    -1         512       0.032
06:13:12.912 nvme           1905190 Unknown N    -1         512       0.031
06:13:13.428 dockerd        1436    nvme1n1 WS   608504376  4096      0.055
06:13:13.428 jbd2/nv        752     nvme1n1 WSM  876950536  69632     0.096
06:13:13.428 jbd2/nv        752     nvme1n1 WSM  876950672  4096      0.029
06:13:13.428 dockerd        1436    nvme1n1 WS   608504384  4096      0.029
06:13:13.428 jbd2/nv        752     nvme1n1 WSM  876950680  40960     0.062
06:13:13.428 jbd2/nv        752     nvme1n1 WSM  876950760  4096      0.030
06:13:13.897 amoprof        1787544 nvme1n1 W    1677441680 4096      0.054
