TIMESTAMP    COMM           PID     DISK    T    SECTOR     BYTES   LAT(ms)
05:50:45.241 jbd2/nv        391     nvme0n1 WSM  4233928    40960     0.582
05:50:45.241 jbd2/nv        391     nvme0n1 WSM  4234008    4096      0.564
05:50:45.358 nvme           1859623 Unknown N    -1         512       0.033
05:50:45.744 python3        1784369 nvme1n1 WS   1678606336 131072    0.198
05:50:45.744 python3        1784369 nvme1n1 WS   1678606592 131072    0.252
05:50:45.744 python3        1784369 nvme1n1 WS   1678606848 131072    0.410
05:50:45.744 python3        1784369 nvme1n1 WS   1678607104 131072    0.409
05:50:45.744 python3        1784369 nvme1n1 WS   1678607360 131072    0.496
05:50:45.744 python3        1784369 nvme1n1 WS   1678607616 131072    0.575
05:50:45.744 python3        1784369 nvme1n1 WS   1678607872 131072    0.643
05:50:45.744 python3        1784369 nvme1n1 WS   1678608128 131072    0.710
05:50:45.744 python3        1784369 nvme1n1 WS   1678608384 131072    0.806
05:50:45.745 python3        1784367 nvme1n1 WS   1573511168 131072    0.885
05:50:45.745 python3        1784367 nvme1n1 WS   1573511424 131072    0.959
05:50:45.745 python3        1784369 nvme1n1 WS   1678608640 131072    1.036
05:50:45.745 python3        1784369 nvme1n1 WS   1678608896 131072    1.122
05:50:45.745 python3        1784369 nvme1n1 WS   1678609152 131072    1.200
05:50:45.745 python3        1784367 nvme1n1 WS   1573511680 131072    1.311
05:50:45.745 python3        1784367 nvme1n1 WS   1573511936 131072    1.365
05:50:45.745 python3        1784367 nvme1n1 WS   1573512192 131072    1.447
05:50:45.745 python3        1784367 nvme1n1 WS   1573512448 131072    1.532
05:50:45.745 python3        1784367 nvme1n1 WS   1573512704 131072    1.611
05:50:45.745 python3        1784367 nvme1n1 WS   1573512960 131072    1.673
05:50:45.745 python3        1784369 nvme1n1 WS   1678609408 131072    1.777
05:50:45.746 python3        1784369 nvme1n1 WS   1678609664 131072    1.860
05:50:45.746 python3        1784369 nvme1n1 WS   1678609920 131072    1.945
05:50:45.746 python3        1784369 nvme1n1 WS   1678610176 131072    2.009
05:50:45.746 python3        1784368 nvme1n1 WS   1678610432 131072    2.121
05:50:45.746 python3        1784368 nvme1n1 WS   1678610688 131072    2.189
05:50:45.746 python3        1784368 nvme1n1 WS   1678610944 131072    2.266
05:50:45.746 python3        1784368 nvme1n1 WS   1678611200 131072    2.341
05:50:45.746 python3        1784368 nvme1n1 WS   1678611456 131072    2.417
05:50:45.746 python3        1784368 nvme1n1 WS   1678611712 131072    2.493
05:50:45.746 python3        1784368 nvme1n1 WS   1678611968 131072    2.570
05:50:45.746 python3        1784369 nvme1n1 WS   1678614528 131072    2.641
05:50:45.746 python3        1784369 nvme1n1 WS   1678614784 131072    2.716
05:50:45.746 python3        1784367 nvme1n1 WS   1573513216 131072    2.797
05:50:45.747 python3        1784367 nvme1n1 WS   1573513472 131072    2.880
05:50:45.747 python3        1784367 nvme1n1 WS   1573513728 131072    2.943
05:50:45.747 python3        1784367 nvme1n1 WS   1573513984 131072    3.018
05:50:45.747 python3        1784367 nvme1n1 WS   1573514240 131072    3.093
05:50:45.747 python3        1784367 nvme1n1 WS   1573514496 131072    3.169
05:50:45.747 python3        1784367 nvme1n1 WS   1573514752 131072    3.243
05:50:45.747 python3        1784368 nvme1n1 WS   1678612224 131072    3.325
05:50:45.747 python3        1784368 nvme1n1 WS   1678612480 131072    3.397
05:50:45.747 python3        1784368 nvme1n1 WS   1678612736 131072    3.474
05:50:45.747 python3        1784368 nvme1n1 WS   1678612992 131072    3.555
05:50:45.747 python3        1784366 nvme1n1 WS   1573515264 131072    3.628
05:50:45.747 python3        1784366 nvme1n1 WS   1573515520 131072    3.700
05:50:45.747 python3        1784366 nvme1n1 WS   1573515776 131072    3.775
05:50:45.748 python3        1784366 nvme1n1 WS   1573516032 131072    3.850
05:50:45.748 python3        1784366 nvme1n1 WS   1573516288 131072    3.929
05:50:45.748 python3        1784366 nvme1n1 WS   1573516544 131072    4.005
05:50:45.748 python3        1784366 nvme1n1 WS   1573516800 131072    4.079
05:50:45.748 python3        1784368 nvme1n1 WS   1678613248 131072    4.176
05:50:45.748 python3        1784368 nvme1n1 WS   1678613504 131072    4.251
05:50:45.748 python3        1784368 nvme1n1 WS   1678613760 131072    4.325
05:50:45.748 python3        1784368 nvme1n1 WS   1678614016 131072    4.399
05:50:45.748 python3        1784368 nvme1n1 WS   1678614272 131072    4.456
05:50:45.748 python3        1784367 nvme1n1 WS   1573515008 131072    4.558
05:50:45.748 python3        1784367 nvme1n1 WS   1573519360 131072    4.631
05:50:45.748 python3        1784367 nvme1n1 WS   1573519616 131072    4.706
05:50:45.749 python3        1784366 nvme1n1 WS   1678618624 131072    4.768
05:50:45.749 python3        1784366 nvme1n1 WS   1678618880 131072    4.834
05:50:45.749 python3        1784366 nvme1n1 WS   1678619136 131072    4.908
05:50:45.749 python3        1784366 nvme1n1 WS   1678619392 131072    4.983
05:50:45.749 python3        1784366 nvme1n1 WS   1678619648 131072    5.059
05:50:45.749 python3        1784366 nvme1n1 WS   1678619904 131072    5.133
05:50:45.749 python3        1784366 nvme1n1 WS   1678620160 131072    5.208
05:50:45.749 python3        1784368 nvme1n1 WS   1678622720 131072    5.305
05:50:45.749 python3        1784368 nvme1n1 WS   1678622976 131072    5.382
05:50:45.749 python3        1784369 nvme1n1 WS   1573523456 131072    5.467
05:50:45.749 python3        1784369 nvme1n1 WS   1573523712 131072    5.534
05:50:45.749 python3        1784369 nvme1n1 WS   1573523968 131072    5.609
05:50:45.749 python3        1784369 nvme1n1 WS   1573524224 131072    5.684
05:50:45.750 python3        1784369 nvme1n1 WS   1573524480 131072    5.759
05:50:45.750 python3        1784369 nvme1n1 WS   1573524736 131072    5.836
05:50:45.750 python3        1784369 nvme1n1 WS   1573524992 131072    5.913
05:50:45.750 python3        1784369 nvme1n1 WS   1573525248 131072    5.975
05:50:45.750 python3        1784369 nvme1n1 WS   1573525504 131072    6.053
05:50:45.750 python3        1784369 nvme1n1 WS   1573525760 131072    6.129
05:50:45.750 python3        1784366 nvme1n1 WS   1573517056 131072    6.249
05:50:45.750 python3        1784366 nvme1n1 WS   1573517312 131072    6.328
05:50:45.750 python3        1784366 nvme1n1 WS   1573517568 131072    6.409
05:50:45.750 python3        1784366 nvme1n1 WS   1573517824 131072    6.486
05:50:45.750 python3        1784366 nvme1n1 WS   1573518080 131072    6.561
05:50:45.750 python3        1784366 nvme1n1 WS   1573518336 131072    6.639
05:50:45.750 python3        1784366 nvme1n1 WS   1573518592 131072    6.716
05:50:45.751 python3        1784366 nvme1n1 WS   1573518848 131072    6.792
05:50:45.751 python3        1784366 nvme1n1 WS   1573519104 131072    6.854
05:50:45.751 python3        1784366 nvme1n1 WS   1573527552 131072    6.965
05:50:45.751 python3        1784366 nvme1n1 WS   1573527808 131072    7.043
05:50:45.751 python3        1784367 nvme1n1 WS   1678626816 131072    7.208
05:50:45.751 python3        1784367 nvme1n1 WS   1678627072 131072    7.211
05:50:45.751 python3        1784369 nvme1n1 WS   1573526016 131072    7.281
05:50:45.751 python3        1784369 nvme1n1 WS   1573526272 131072    7.356
05:50:45.751 python3        1784369 nvme1n1 WS   1573526528 131072    7.436
05:50:45.751 python3        1784369 nvme1n1 WS   1573526784 131072    7.514
05:50:45.751 python3        1784369 nvme1n1 WS   1573527040 131072    7.590
05:50:45.751 python3        1784369 nvme1n1 WS   1573527296 131072    7.653
05:50:45.752 python3        1784369 nvme1n1 WS   1573531648 131072    7.732
05:50:45.752 python3        1784369 nvme1n1 WS   1573531904 131072    7.812
05:50:45.752 python3        1784367 nvme1n1 WS   1678627328 131072    7.923
05:50:45.752 python3        1784367 nvme1n1 WS   1678627584 131072    7.996
05:50:45.752 python3        1784367 nvme1n1 WS   1678627840 131072    8.074
05:50:45.752 python3        1784367 nvme1n1 WS   1678628096 131072    8.157
05:50:45.752 python3        1784367 nvme1n1 WS   1678628352 131072    8.230
05:50:45.752 python3        1784367 nvme1n1 WS   1678628608 131072    8.289
05:50:45.752 python3        1784367 nvme1n1 WS   1678628864 131072    8.365
05:50:45.752 python3        1784367 nvme1n1 WS   1678629120 131072    8.442
05:50:45.752 python3        1784367 nvme1n1 WS   1678629376 131072    8.520
05:50:45.752 python3        1784367 nvme1n1 WS   1678629632 131072    8.596
05:50:45.753 python3        1784367 nvme1n1 WS   1678629888 131072    8.672
05:50:45.753 python3        1784367 nvme1n1 WS   1678630144 131072    8.751
05:50:45.753 python3        1784367 nvme1n1 WS   1678630400 131072    8.829
05:50:45.753 python3        1784367 nvme1n1 WS   1678630656 131072    8.892
05:50:45.753 python3        1784367 nvme1n1 WS   1678643200 131072    8.972
05:50:45.753 python3        1784366 nvme1n1 WS   1678620416 131072    9.120
05:50:45.753 python3        1784366 nvme1n1 WS   1678620672 131072    9.194
05:50:45.753 python3        1784366 nvme1n1 WS   1678620928 131072    9.266
05:50:45.753 python3        1784366 nvme1n1 WS   1678621184 131072    9.343
05:50:45.753 python3        1784366 nvme1n1 WS   1678621440 131072    9.425
05:50:45.753 python3        1784366 nvme1n1 WS   1678621696 131072    9.501
05:50:45.753 python3        1784366 nvme1n1 WS   1678621952 131072    9.581
05:50:45.753 python3        1784366 nvme1n1 WS   1678622208 131072    9.658
05:50:45.754 python3        1784366 nvme1n1 WS   1678622464 131072    9.716
05:50:45.754 python3        1784366 nvme1n1 WS   1678639104 131072    9.796
05:50:45.754 python3        1784366 nvme1n1 WS   1678639360 131072    9.873
05:50:45.754 python3        1784366 nvme1n1 WS   1678630912 131072    9.973
05:50:45.754 python3        1784366 nvme1n1 WS   1678631168 131072   10.045
05:50:45.754 python3        1784366 nvme1n1 WS   1678631424 131072   10.127
05:50:45.754 python3        1784366 nvme1n1 WS   1678631680 131072   10.196
05:50:45.754 python3        1784366 nvme1n1 WS   1678631936 131072   10.276
05:50:45.754 python3        1784366 nvme1n1 WS   1678632192 131072   10.356
05:50:45.754 python3        1784366 nvme1n1 WS   1678632448 131072   10.430
05:50:45.754 python3        1784368 nvme1n1 WS   1678635008 131072   10.502
05:50:45.754 python3        1784368 nvme1n1 WS   1678635264 131072   10.575
05:50:45.755 python3        1784368 nvme1n1 WS   1678635520 131072   10.653
05:50:45.755 python3        1784368 nvme1n1 WS   1678635776 131072   10.727
05:50:45.755 python3        1784368 nvme1n1 WS   1678636032 131072   10.805
05:50:45.755 python3        1784367 nvme1n1 WS   1678643456 131072   10.933
05:50:45.755 python3        1784368 nvme1n1 WS   1678636288 131072   10.958
05:50:45.755 python3        1784368 nvme1n1 WS   1678636544 131072   11.035
05:50:45.755 python3        1784368 nvme1n1 WS   1678636800 131072   11.098
05:50:45.755 python3        1784368 nvme1n1 WS   1678637056 131072   11.177
05:50:45.755 python3        1784368 nvme1n1 WS   1678637312 131072   11.254
05:50:45.755 python3        1784368 nvme1n1 WS   1678637568 131072   11.330
05:50:45.755 python3        1784368 nvme1n1 WS   1678637824 131072   11.415
05:50:45.755 python3        1784368 nvme1n1 WS   1678638080 131072   11.484
05:50:45.755 python3        1784368 nvme1n1 WS   1678638336 131072   11.565
05:50:45.756 python3        1784368 nvme1n1 WS   1678638592 131072   11.640
05:50:45.756 python3        1784368 nvme1n1 WS   1678638848 131072   11.704
05:50:45.756 python3        1784368 nvme1n1 WS   1678667776 131072   11.818
05:50:45.756 python3        1784368 nvme1n1 WS   1678668032 131072   11.896
05:50:45.756 python3        1784366 nvme1n1 WS   1678632704 131072   12.035
05:50:45.756 python3        1784366 nvme1n1 WS   1678632960 131072   12.109
05:50:45.756 python3        1784366 nvme1n1 WS   1678633216 131072   12.185
05:50:45.756 python3        1784366 nvme1n1 WS   1678633472 131072   12.264
05:50:45.756 python3        1784366 nvme1n1 WS   1678633728 131072   12.344
05:50:45.756 python3        1784366 nvme1n1 WS   1678633984 131072   12.422
05:50:45.756 python3        1784366 nvme1n1 WS   1678634240 131072   12.497
05:50:45.756 python3        1784366 nvme1n1 WS   1678634496 131072   12.578
05:50:45.757 python3        1784366 nvme1n1 WS   1678634752 131072   12.643
05:50:45.757 python3        1784366 nvme1n1 WS   1678659584 131072   12.726
05:50:45.757 python3        1784366 nvme1n1 WS   1678659840 131072   12.802
05:50:45.757 python3        1784369 nvme1n1 WS   1678647296 131072   12.884
05:50:45.757 python3        1784369 nvme1n1 WS   1678647552 131072   12.958
05:50:45.757 python3        1784369 nvme1n1 WS   1678647808 131072   13.041
05:50:45.757 python3        1784369 nvme1n1 WS   1678648064 131072   13.119
05:50:45.757 python3        1784369 nvme1n1 WS   1678648320 131072   13.198
05:50:45.757 python3        1784369 nvme1n1 WS   1678648576 131072   13.277
05:50:45.757 python3        1784369 nvme1n1 WS   1678648832 131072   13.352
05:50:45.757 python3        1784368 nvme1n1 WS   1573535744 131072   13.496
05:50:45.757 python3        1784368 nvme1n1 WS   1573536000 131072   13.522
05:50:45.758 python3        1784368 nvme1n1 WS   1573536256 131072   13.599
05:50:45.758 python3        1784368 nvme1n1 WS   1573536512 131072   13.672
05:50:45.758 python3        1784368 nvme1n1 WS   1573536768 131072   13.749
05:50:45.758 python3        1784368 nvme1n1 WS   1573537024 131072   13.823
05:50:45.758 python3        1784367 nvme1n1 WS   1678651392 131072   13.928
05:50:45.758 python3        1784367 nvme1n1 WS   1678651648 131072   13.998
05:50:45.758 python3        1784367 nvme1n1 WS   1678651904 131072   14.076
05:50:45.758 python3        1784367 nvme1n1 WS   1678652160 131072   14.157
05:50:45.758 python3        1784367 nvme1n1 WS   1678652416 131072   14.231
05:50:45.758 python3        1784368 nvme1n1 WS   1678655488 131072   14.373
05:50:45.758 python3        1784368 nvme1n1 WS   1678655744 131072   14.398
05:50:45.758 python3        1784368 nvme1n1 WS   1678656000 131072   14.472
05:50:45.758 python3        1784368 nvme1n1 WS   1678656256 131072   14.551
05:50:45.759 python3        1784368 nvme1n1 WS   1678656512 131072   14.627
05:50:45.759 python3        1784367 nvme1n1 WS   1678652672 131072   14.708
05:50:45.759 python3        1784367 nvme1n1 WS   1678652928 131072   14.787
05:50:45.759 python3        1784367 nvme1n1 WS   1678653184 131072   14.836
05:50:45.759 python3        1784367 nvme1n1 WS   1678653440 131072   14.910
05:50:45.759 python3        1784367 nvme1n1 WS   1678653696 131072   14.987
05:50:45.759 python3        1784367 nvme1n1 WS   1678653952 131072   15.067
05:50:45.759 python3        1784367 nvme1n1 WS   1678654208 131072   15.146
05:50:45.759 python3        1784367 nvme1n1 WS   1678654464 131072   15.219
05:50:45.759 python3        1784367 nvme1n1 WS   1678654720 131072   15.297
05:50:45.759 python3        1784367 nvme1n1 WS   1678654976 131072   15.375
05:50:45.759 python3        1784367 nvme1n1 WS   1678655232 131072   15.439
05:50:45.760 python3        1784367 nvme1n1 WS   1678684160 131072   15.515
05:50:45.760 python3        1784367 nvme1n1 WS   1678684416 131072   15.593
05:50:45.760 python3        1784368 nvme1n1 WS   1678656768 131072   15.749
05:50:45.760 python3        1784368 nvme1n1 WS   1678657024 131072   15.823
05:50:45.760 python3        1784368 nvme1n1 WS   1678657280 131072   15.886
05:50:45.760 python3        1784368 nvme1n1 WS   1678657536 131072   15.965
05:50:45.760 python3        1784368 nvme1n1 WS   1678657792 36864    15.990
05:50:45.760 python3        1784368 nvme1n1 WS   1573537280 131072   16.097
05:50:45.760 python3        1784368 nvme1n1 WS   1573537536 131072   16.142
05:50:45.760 python3        1784368 nvme1n1 WS   1573537792 131072   16.220
05:50:45.760 python3        1784368 nvme1n1 WS   1573538048 131072   16.294
05:50:45.760 python3        1784368 nvme1n1 WS   1573538304 131072   16.371
05:50:45.760 python3        1784368 nvme1n1 WS   1573538560 131072   16.449
05:50:45.761 python3        1784368 nvme1n1 WS   1573538816 131072   16.526
05:50:45.761 python3        1784368 nvme1n1 WS   1573539072 131072   16.601
05:50:45.761 python3        1784368 nvme1n1 WS   1573539328 131072   16.705
05:50:45.761 python3        1784368 nvme1n1 WS   1573539584 131072   16.770
05:50:45.761 python3        1784368 nvme1n1 WS   1573539840 131072   16.850
05:50:45.761 python3        1784368 nvme1n1 WS   1573540096 131072   16.927
05:50:45.761 python3        1784369 nvme1n1 WS   1678663680 131072   17.088
05:50:45.761 python3        1784369 nvme1n1 WS   1678663936 131072   17.157
05:50:45.761 python3        1784369 nvme1n1 WS   1678664192 131072   17.222
05:50:45.761 python3        1784369 nvme1n1 WS   1678664448 131072   17.299
05:50:45.761 python3        1784369 nvme1n1 WS   1678664704 131072   17.377
05:50:45.761 python3        1784369 nvme1n1 WS   1678664960 131072   17.460
05:50:45.762 python3        1784369 nvme1n1 WS   1678665216 131072   17.536
05:50:45.762 python3        1784369 nvme1n1 WS   1678665472 131072   17.607
05:50:45.762 python3        1784369 nvme1n1 WS   1678665728 131072   17.686
05:50:45.762 python3        1784369 nvme1n1 WS   1678665984 36864    17.706
05:50:45.762 python3        1784369 nvme1n1 WS   1678649088 131072   17.813
05:50:45.762 python3        1784369 nvme1n1 WS   1678649344 131072   17.884
05:50:45.762 python3        1784369 nvme1n1 WS   1678649600 131072   17.963
05:50:45.762 python3        1784369 nvme1n1 WS   1678649856 131072   18.043
05:50:45.762 python3        1784369 nvme1n1 WS   1678650112 131072   18.119
05:50:45.762 python3        1784369 nvme1n1 WS   1678650368 131072   18.197
05:50:45.762 python3        1784369 nvme1n1 WS   1678650624 131072   18.271
05:50:45.762 python3        1784369 nvme1n1 WS   1678650880 131072   18.347
05:50:45.762 python3        1784369 nvme1n1 WS   1678651136 131072   18.409
05:50:45.762 python3        1784369 nvme1n1 WS   1678680064 131072   18.487
05:50:45.763 python3        1784369 nvme1n1 WS   1678680320 131072   18.565
05:50:45.763 python3        1784367 nvme1n1 WS   1678671872 131072   18.699
05:50:45.763 python3        1784367 nvme1n1 WS   1678672128 131072   18.767
05:50:45.763 python3        1784367 nvme1n1 WS   1678672384 131072   18.844
05:50:45.763 python3        1784367 nvme1n1 WS   1678672640 131072   18.922
05:50:45.763 python3        1784367 nvme1n1 WS   1678672896 131072   18.999
05:50:45.763 python3        1784367 nvme1n1 WS   1678673152 131072   19.078
05:50:45.763 python3        1784367 nvme1n1 WS   1678673408 131072   19.154
05:50:45.763 python3        1784367 nvme1n1 WS   1678673664 131072   19.223
05:50:45.763 python3        1784367 nvme1n1 WS   1678673920 131072   19.314
05:50:45.763 python3        1784367 nvme1n1 WS   1678674176 36864    19.322
05:50:45.763 python3        1784366 nvme1n1 WS   1678675968 131072   19.397
05:50:45.763 python3        1784366 nvme1n1 WS   1678676224 131072   19.471
05:50:45.764 python3        1784366 nvme1n1 WS   1678676480 131072   19.546
05:50:45.764 python3        1784366 nvme1n1 WS   1678676736 131072   19.626
05:50:45.764 python3        1784366 nvme1n1 WS   1678676992 131072   19.708
05:50:45.764 python3        1784366 nvme1n1 WS   1678677248 131072   19.787
05:50:45.764 python3        1784366 nvme1n1 WS   1678677504 131072   19.868
05:50:45.764 python3        1784366 nvme1n1 WS   1678677760 131072   19.936
05:50:45.764 python3        1784366 nvme1n1 WS   1678678016 131072   20.011
05:50:45.764 python3        1784366 nvme1n1 WS   1678678272 36864    20.029
05:50:46.361 nvme           1859685 Unknown N    -1         512       0.130
05:50:47.363 nvme           1859692 Unknown N    -1         512       0.075
05:50:48.246 ib_log_        125949  nvme1n1 WS   1757426856 4096      0.058
05:50:48.246 ib_log_        125949  nvme1n1 WS   1757426856 4096      0.038
05:50:48.246 ib_log_        125949  nvme1n1 WS   1757426856 8192      0.038
05:50:48.246 connect        125949  nvme1n1 WS   1735313640 4096      0.037
05:50:48.247 jbd2/nv        752     nvme1n1 WSM  878672528  131072    0.144
05:50:48.247 jbd2/nv        752     nvme1n1 WSM  878672784  61440     0.161
05:50:48.247 jbd2/nv        752     nvme1n1 WSM  878672904  4096      0.027
05:50:48.247 ib_log_        125949  nvme1n1 WS   1757426864 4096      0.033
05:50:48.247 ib_log_        125949  nvme1n1 WS   1757426864 4096      0.031
05:50:48.247 jbd2/nv        752     nvme1n1 WSM  878672912  45056     0.078
05:50:48.247 jbd2/nv        752     nvme1n1 WSM  878673000  4096      0.025
05:50:48.247 ib_log_        125949  nvme1n1 WS   1757426864 4096      0.032
05:50:48.248 ib_log_        125949  nvme1n1 WS   1757426864 4096      0.030
05:50:48.248 ib_log_        125949  nvme1n1 WS   1757426864 4096      0.032
05:50:48.339 ib_pg_f        125949  nvme1n1 WS   1755252736 131072    0.183
05:50:48.340 ib_pg_f        125949  nvme1n1 WS   1755252992 131072    0.241
05:50:48.340 ib_pg_f        125949  nvme1n1 WS   1755253248 131072    0.315
05:50:48.340 ib_pg_f        125949  nvme1n1 WS   1755253504 131072    0.395
05:50:48.340 ib_pg_f        125949  nvme1n1 WS   1755253760 131072    0.472
05:50:48.340 ib_pg_f        125949  nvme1n1 WS   1755254016 98304     0.528
05:50:48.340 ib_pg_f        125949  nvme1n1 WS   1757763904 16384     0.048
05:50:48.340 ib_pg_f        125949  nvme1n1 WS   1756912896 16384     0.046
05:50:48.340 ib_pg_f        125949  nvme1n1 WS   1756912928 16384     0.063
05:50:48.340 ib_log_        125949  nvme1n1 WS   1757426864 4096      0.054
05:50:48.340 ib_pg_f        125949  nvme1n1 WS   1757786528 16384     0.071
05:50:48.340 ib_pg_f        125949  nvme1n1 WS   1755217736 16384     0.079
05:50:48.340 ib_pg_f        125949  nvme1n1 WS   1756554080 16384     0.079
05:50:48.340 ib_pg_f        125949  nvme1n1 WS   1731137824 16384     0.069
05:50:48.340 ib_pg_f        125949  nvme1n1 WS   1757027808 16384     0.048
05:50:48.340 ib_pg_f        125949  nvme1n1 WS   1756545888 16384     0.045
05:50:48.340 ib_pg_f        125949  nvme1n1 WS   1731135744 16384     0.051
05:50:48.340 ib_pg_f        125949  nvme1n1 WS   1553552288 16384     0.053
05:50:48.340 ib_pg_f        125949  nvme1n1 WS   1553552320 16384     0.051
05:50:48.340 ib_pg_f        125949  nvme1n1 WS   1553552352 16384     0.056
05:50:48.340 ib_pg_f        125949  nvme1n1 WS   1553552384 16384     0.058
05:50:48.340 ib_pg_f        125949  nvme1n1 WS   1553692000 16384     0.053
05:50:48.340 ib_pg_f        125949  nvme1n1 WS   1553690976 16384     0.054
05:50:48.340 ib_pg_f        125949  nvme1n1 WS   1553691136 16384     0.062
05:50:48.340 ib_pg_f        125949  nvme1n1 WS   1553691744 16384     0.055
05:50:48.340 ib_pg_f        125949  nvme1n1 WS   1524265440 16384     0.054
05:50:48.340 ib_pg_f        125949  nvme1n1 WS   1527903872 16384     0.062
05:50:48.340 ib_pg_f        125949  nvme1n1 WS   1553701632 16384     0.056
05:50:48.340 ib_pg_f        125949  nvme1n1 WS   1755745280 16384     0.054
05:50:48.340 ib_pg_f        125949  nvme1n1 WS   1755745312 16384     0.061
05:50:48.340 ib_pg_f        125949  nvme1n1 WS   1755744256 16384     0.062
05:50:48.340 ib_pg_f        125949  nvme1n1 WS   1755745088 16384     0.057
05:50:48.340 ib_pg_f        125949  nvme1n1 WS   1553691616 16384     0.055
05:50:48.340 ib_pg_f        125949  nvme1n1 WS   1755742624 16384     0.058
05:50:48.340 ib_pg_f        125949  nvme1n1 WS   1755745248 16384     0.053
05:50:48.340 ib_pg_f        125949  nvme1n1 WS   1553552000 16384     0.052
05:50:48.340 ib_pg_f        125949  nvme1n1 WS   1553552032 16384     0.054
05:50:48.340 ib_pg_f        125949  nvme1n1 WS   1553552064 16384     0.061
05:50:48.340 ib_pg_f        125949  nvme1n1 WS   1553552096 16384     0.056
05:50:48.340 ib_pg_f        125949  nvme1n1 WS   1553552128 16384     0.057
05:50:48.340 ib_pg_f        125949  nvme1n1 WS   1553552192 16384     0.054
05:50:48.340 ib_pg_f        125949  nvme1n1 WS   1553552224 16384     0.058
05:50:48.340 ib_pg_f        125949  nvme1n1 WS   1553552256 16384     0.061
05:50:48.340 ib_pg_f        125949  nvme1n1 WS   1553551456 16384     0.065
05:50:48.340 ib_pg_f        125949  nvme1n1 WS   1553551488 16384     0.056
05:50:48.340 ib_pg_f        125949  nvme1n1 WS   1553551520 16384     0.064
05:50:48.340 ib_pg_f        125949  nvme1n1 WS   1756545856 16384     0.071
05:50:48.340 ib_pg_f        125949  nvme1n1 WS   1757787744 16384     0.073
05:50:48.340 ib_pg_f        125949  nvme1n1 WS   1756554112 16384     0.074
05:50:48.340 ib_pg_f        125949  nvme1n1 WS   1731135808 16384     0.087
05:50:48.340 ib_pg_f        125949  nvme1n1 WS   1756545920 16384     0.083
05:50:48.341 ib_pg_f        125949  nvme1n1 WS   1757788320 16384     0.081
05:50:48.341 ib_pg_f        125949  nvme1n1 WS   1756554144 16384     0.079
05:50:48.341 ib_log_        125949  nvme1n1 WS   1757426864 4096      0.033
05:50:48.341 ib_log_        125949  nvme1n1 WS   1757426872 8192      0.031
05:50:48.341 jbd2/nv        752     nvme1n1 WSM  878673008  65536     0.084
05:50:48.341 jbd2/nv        752     nvme1n1 WSM  878673136  4096      0.030
05:50:48.366 nvme           1859706 Unknown N    -1         512       0.077
05:50:48.450 ib_log_        125949  nvme1n1 WS   1757426872 4096      0.057
05:50:48.737 kworker        1774410 nvme0n1 W    15716736   4096      0.439
05:50:48.737 kworker        1817148 nvme1n1 W    722742504  122880    0.171
05:50:48.737 kworker        1817148 nvme1n1 W    722742744  122880    0.234
05:50:48.737 kworker        1817148 nvme1n1 W    722742984  102400    0.293
05:50:49.339 ib_pg_f        125949  nvme1n1 WS   1756372992 98304     0.130
05:50:49.339 ib_pg_f        125949  nvme1n1 WS   1757764000 16384     0.044
05:50:49.339 ib_pg_f        125949  nvme1n1 WS   1740155424 16384     0.040
05:50:49.339 ib_pg_f        125949  nvme1n1 WS   1734883488 16384     0.043
05:50:49.339 ib_pg_f        125949  nvme1n1 WS   1755217736 16384     0.049
05:50:49.339 ib_pg_f        125949  nvme1n1 WS   1553552384 16384     0.049
05:50:49.339 ib_pg_f        125949  nvme1n1 WS   1553552352 16384     0.046
05:50:49.368 nvme           1859721 Unknown N    -1         512       0.027
05:50:50.371 nvme           1859725 Unknown N    -1         512       0.031
05:50:50.598 ib_log_        125949  nvme1n1 WS   1757426872 4096      0.050
05:50:50.598 ib_log_        125949  nvme1n1 WS   1757426872 4096      0.031
05:50:50.598 connect        125949  nvme1n1 WS   1735313640 4096      0.038
05:50:50.599 jbd2/nv        752     nvme1n1 WSM  878673144  90112     0.109
05:50:50.599 jbd2/nv        752     nvme1n1 WSM  878673320  4096      0.030
05:50:50.599 ib_log_        125949  nvme1n1 WS   1757426872 4096      0.029
05:50:50.600 ib_log_        125949  nvme1n1 WS   1757426872 8192      0.038
05:50:50.600 ib_log_        125949  nvme1n1 WS   1757426888 8192      0.031
05:50:50.600 jbd2/nv        752     nvme1n1 WSM  878673328  8192      0.035
05:50:50.600 jbd2/nv        752     nvme1n1 WSM  878673344  4096      0.026
05:50:50.600 jbd2/nv        752     nvme1n1 WSM  878673352  20480     0.048
05:50:50.600 jbd2/nv        752     nvme1n1 WSM  878673392  4096      0.029
05:50:50.600 connect        125949  nvme1n1 WS   1731252944 114688    0.130
05:50:50.600 jbd2/nv        752     nvme1n1 WSM  878673400  16384     0.040
05:50:50.600 jbd2/nv        752     nvme1n1 WSM  878673432  4096      0.028
05:50:50.601 connect        125949  nvme1n1 WS   1735451616 16384     0.041
05:50:50.601 jbd2/nv        752     nvme1n1 WSM  878673440  20480     0.043
05:50:50.601 jbd2/nv        752     nvme1n1 WSM  878673480  4096      0.027
05:50:50.601 ib_log_        125949  nvme1n1 WS   1757426888 4096      0.032
05:50:50.601 ib_log_        125949  nvme1n1 WS   1757426888 4096      0.030
05:50:50.601 ib_log_        125949  nvme1n1 WS   1757426888 8192      0.030
05:50:50.601 ib_log_        125949  nvme1n1 WS   1757426896 4096      0.031
05:50:50.601 ib_log_        125949  nvme1n1 WS   1757426896 4096      0.029
05:50:50.602 ib_log_        125949  nvme1n1 WS   1757426896 4096      0.029
05:50:50.602 ib_log_        125949  nvme1n1 WS   1757426904 8192      0.030
05:50:50.602 jbd2/nv        752     nvme1n1 WSM  878673488  8192      0.033
05:50:50.602 jbd2/nv        752     nvme1n1 WSM  878673504  4096      0.026
05:50:50.602 connect        125949  nvme1n1 WS   1735313640 4096      0.033
05:50:50.602 jbd2/nv        752     nvme1n1 WSM  878673512  8192      0.030
05:50:50.602 jbd2/nv        752     nvme1n1 WSM  878673528  4096      0.027
05:50:50.602 ib_log_        125949  nvme1n1 WS   1757426912 4096      0.027
05:50:50.603 ib_log_        125949  nvme1n1 WS   1757426912 4096      0.030
05:50:50.603 ib_log_        125949  nvme1n1 WS   1757426920 8192      0.031
05:50:50.604 jbd2/nv        752     nvme1n1 WSM  878673536  12288     0.038
05:50:50.604 jbd2/nv        752     nvme1n1 WSM  878673560  4096      0.030
05:50:50.604 connect        125949  nvme1n1 WS   1735313640 8192      0.037
05:50:50.604 jbd2/nv        752     nvme1n1 WSM  878673568  20480     0.042
05:50:50.604 jbd2/nv        752     nvme1n1 WSM  878673608  4096      0.029
05:50:50.605 ib_log_        125949  nvme1n1 WS   1757426928 4096      0.031
05:50:50.643 ib_log_        125949  nvme1n1 WS   1757426928 4096      0.041
05:50:50.644 ib_log_        125949  nvme1n1 WS   1757426928 4096      0.031
05:50:50.752 ib_log_        125949  nvme1n1 WS   1757426928 4096      0.040
05:50:51.340 ib_pg_f        125949  nvme1n1 WS   1755252736 131072    0.181
05:50:51.340 ib_pg_f        125949  nvme1n1 WS   1755252992 131072    0.248
05:50:51.340 ib_pg_f        125949  nvme1n1 WS   1755253248 131072    0.324
05:50:51.340 ib_pg_f        125949  nvme1n1 WS   1755253504 131072    0.402
05:50:51.340 ib_pg_f        125949  nvme1n1 WS   1755253760 131072    0.482
05:50:51.340 ib_pg_f        125949  nvme1n1 WS   1755254016 131072    0.559
05:50:51.340 ib_pg_f        125949  nvme1n1 WS   1755254272 131072    0.639
05:50:51.341 ib_pg_f        125949  nvme1n1 WS   1755254528 131072    0.710
05:50:51.341 ib_pg_f        125949  nvme1n1 WS   1756379136 131072    0.793
05:50:51.341 ib_pg_f        125949  nvme1n1 WS   1757027808 16384     0.047
05:50:51.341 ib_pg_f        125949  nvme1n1 WS   1553552320 16384     0.046
05:50:51.341 ib_pg_f        125949  nvme1n1 WS   1755745280 16384     0.047
05:50:51.341 ib_pg_f        125949  nvme1n1 WS   1553552288 16384     0.050
05:50:51.341 ib_pg_f        125949  nvme1n1 WS   1553692160 16384     0.056
05:50:51.341 ib_pg_f        125949  nvme1n1 WS   1523850848 16384     0.051
05:50:51.341 ib_pg_f        125949  nvme1n1 WS   1757027776 16384     0.057
05:50:51.341 ib_pg_f        125949  nvme1n1 WS   1553690976 16384     0.049
05:50:51.341 ib_pg_f        125949  nvme1n1 WS   1755703200 16384     0.053
05:50:51.341 ib_pg_f        125949  nvme1n1 WS   1757759136 16384     0.061
05:50:51.341 ib_pg_f        125949  nvme1n1 WS   1755745312 16384     0.065
05:50:51.341 ib_pg_f        125949  nvme1n1 WS   1553692480 16384     0.068
05:50:51.341 ib_pg_f        125949  nvme1n1 WS   1524038528 16384     0.072
05:50:51.341 ib_pg_f        125949  nvme1n1 WS   1553691136 16384     0.077
05:50:51.341 ib_pg_f        125949  nvme1n1 WS   1553692000 16384     0.071
05:50:51.341 ib_pg_f        125949  nvme1n1 WS   1553551488 16384     0.069
05:50:51.341 ib_pg_f        125949  nvme1n1 WS   1524265440 16384     0.071
05:50:51.341 ib_pg_f        125949  nvme1n1 WS   1553551520 16384     0.076
05:50:51.341 ib_pg_f        125949  nvme1n1 WS   1553557280 16384     0.064
05:50:51.341 ib_pg_f        125949  nvme1n1 WS   1553692064 16384     0.061
05:50:51.341 ib_pg_f        125949  nvme1n1 WS   1757759200 16384     0.064
05:50:51.341 ib_pg_f        125949  nvme1n1 WS   1755744256 16384     0.062
05:50:51.341 ib_pg_f        125949  nvme1n1 WS   1553551456 16384     0.054
05:50:51.341 ib_pg_f        125949  nvme1n1 WS   1527903872 16384     0.043
05:50:51.341 ib_pg_f        125949  nvme1n1 WS   1553691744 16384     0.041
05:50:51.341 ib_pg_f        125949  nvme1n1 WS   1740155808 16384     0.052
05:50:51.341 ib_pg_f        125949  nvme1n1 WS   1757759264 16384     0.062
05:50:51.341 ib_pg_f        125949  nvme1n1 WS   1755745088 16384     0.064
05:50:51.341 ib_pg_f        125949  nvme1n1 WS   1553701600 16384     0.063
05:50:51.341 ib_pg_f        125949  nvme1n1 WS   1756912352 16384     0.061
05:50:51.341 ib_pg_f        125949  nvme1n1 WS   1553701632 16384     0.064
05:50:51.341 ib_pg_f        125949  nvme1n1 WS   1755745248 16384     0.061
05:50:51.341 ib_pg_f        125949  nvme1n1 WS   1553552000 16384     0.053
05:50:51.341 ib_pg_f        125949  nvme1n1 WS   1553552032 16384     0.054
05:50:51.341 ib_pg_f        125949  nvme1n1 WS   1553552064 16384     0.057
05:50:51.341 ib_pg_f        125949  nvme1n1 WS   1553552096 16384     0.061
05:50:51.341 ib_pg_f        125949  nvme1n1 WS   1553552128 16384     0.062
05:50:51.341 ib_pg_f        125949  nvme1n1 WS   1553552192 16384     0.057
05:50:51.341 ib_pg_f        125949  nvme1n1 WS   1553552224 16384     0.060
05:50:51.341 ib_pg_f        125949  nvme1n1 WS   1553552256 16384     0.056
05:50:51.341 ib_pg_f        125949  nvme1n1 WS   1755742624 16384     0.062
05:50:51.341 ib_pg_f        125949  nvme1n1 WS   1756912928 16384     0.071
05:50:51.341 ib_pg_f        125949  nvme1n1 WS   1756912896 16384     0.065
05:50:51.341 ib_pg_f        125949  nvme1n1 WS   1553691616 16384     0.067
05:50:51.341 ib_pg_f        125949  nvme1n1 WS   1757764032 16384     0.066
05:50:51.341 ib_pg_f        125949  nvme1n1 WS   1757787776 16384     0.066
05:50:51.341 ib_pg_f        125949  nvme1n1 WS   1756557792 16384     0.066
05:50:51.341 ib_pg_f        125949  nvme1n1 WS   1756554176 16384     0.071
05:50:51.341 ib_pg_f        125949  nvme1n1 WS   1756557824 16384     0.073
05:50:51.341 ib_pg_f        125949  nvme1n1 WS   1734883552 16384     0.070
05:50:51.341 ib_pg_f        125949  nvme1n1 WS   1757764064 16384     0.070
05:50:51.341 ib_pg_f        125949  nvme1n1 WS   1757787840 16384     0.075
05:50:51.341 ib_pg_f        125949  nvme1n1 WS   1731252976 16384     0.048
05:50:51.341 ib_pg_f        125949  nvme1n1 WS   1735451616 16384     0.053
05:50:51.341 ib_pg_f        125949  nvme1n1 WS   1731253008 16384     0.059
05:50:51.341 ib_pg_f        125949  nvme1n1 WS   1731253040 16384     0.070
05:50:51.341 ib_pg_f        125949  nvme1n1 WS   1756557856 16384     0.073
05:50:51.341 ib_pg_f        125949  nvme1n1 WS   1731253072 16384     0.075
05:50:51.342 ib_pg_f        125949  nvme1n1 WS   1757764096 16384     0.080
05:50:51.342 ib_pg_f        125949  nvme1n1 WS   1553552352 16384     0.084
05:50:51.342 ib_pg_f        125949  nvme1n1 WS   1553552384 16384     0.073
05:50:51.342 ib_pg_f        125949  nvme1n1 WS   1756557888 16384     0.076
05:50:51.342 ib_pg_f        125949  nvme1n1 WS   1755217736 16384     0.051
05:50:51.342 ib_pg_f        125949  nvme1n1 WS   1756554208 16384     0.051
05:50:51.342 ib_pg_f        125949  nvme1n1 WS   1756557920 16384     0.053
05:50:51.342 ib_pg_f        125949  nvme1n1 WS   1731135936 16384     0.047
05:50:51.342 ib_pg_f        125949  nvme1n1 WS   1756546112 16384     0.049
05:50:51.342 ib_pg_f        125949  nvme1n1 WS   1757786592 16384     0.054
05:50:51.342 ib_pg_f        125949  nvme1n1 WS   1756554304 16384     0.058
05:50:51.342 ib_pg_f        125949  nvme1n1 WS   1756557952 16384     0.064
05:50:51.342 ib_pg_f        125949  nvme1n1 WS   1740155424 16384     0.040
05:50:51.342 ib_pg_f        125949  nvme1n1 WS   1734883488 16384     0.045
05:50:51.373 nvme           1859734 Unknown N    -1         512       0.025
05:50:51.402 python3        1784366 nvme1n1 WS   1678688256 131072    0.176
05:50:51.402 python3        1784367 nvme1n1 WS   1678774272 131072    0.306
05:50:51.402 python3        1784366 nvme1n1 WS   1678688512 131072    0.318
05:50:51.402 python3        1784367 nvme1n1 WS   1678774528 131072    0.420
05:50:51.402 python3        1784366 nvme1n1 WS   1678688768 131072    0.474
05:50:51.402 python3        1784366 nvme1n1 WS   1678689024 131072    0.555
05:50:51.403 python3        1784367 nvme1n1 WS   1678774784 131072    0.640
05:50:51.403 python3        1784367 nvme1n1 WS   1678775040 131072    0.724
05:50:51.403 python3        1784366 nvme1n1 WS   1678689280 131072    0.812
05:50:51.403 python3        1784366 nvme1n1 WS   1678689536 131072    0.882
05:50:51.403 python3        1784366 nvme1n1 WS   1678689792 131072    0.962
05:50:51.403 python3        1784366 nvme1n1 WS   1678690048 131072    1.036
05:50:51.403 python3        1784367 nvme1n1 WS   1678775296 131072    1.136
05:50:51.403 python3        1784367 nvme1n1 WS   1678775552 131072    1.216
05:50:51.403 python3        1784367 nvme1n1 WS   1678775808 131072    1.304
05:50:51.403 python3        1784367 nvme1n1 WS   1678776064 131072    1.358
05:50:51.403 python3        1784366 nvme1n1 WS   1678690304 131072    1.439
05:50:51.403 python3        1784367 nvme1n1 WS   1678776320 131072    1.520
05:50:51.404 python3        1784366 nvme1n1 WS   1678690560 131072    1.599
05:50:51.404 python3        1784366 nvme1n1 WS   1678690816 131072    1.668
05:50:51.404 python3        1784366 nvme1n1 WS   1678691072 131072    1.747
05:50:51.404 python3        1784369 nvme1n1 WS   1678778368 131072    1.839
05:50:51.404 python3        1784367 nvme1n1 WS   1678776576 131072    1.914
05:50:51.404 python3        1784367 nvme1n1 WS   1678776832 131072    1.992
05:50:51.404 python3        1784367 nvme1n1 WS   1678777088 131072    2.070
05:50:51.404 python3        1784369 nvme1n1 WS   1678778624 131072    2.155
05:50:51.404 python3        1784369 nvme1n1 WS   1678778880 131072    2.228
05:50:51.404 python3        1784369 nvme1n1 WS   1678779136 131072    2.307
05:50:51.404 python3        1784366 nvme1n1 WS   1678691328 131072    2.391
05:50:51.404 python3        1784366 nvme1n1 WS   1678691584 131072    2.465
05:50:51.405 python3        1784366 nvme1n1 WS   1678691840 131072    2.541
05:50:51.405 python3        1784369 nvme1n1 WS   1678779392 131072    2.620
05:50:51.405 python3        1784369 nvme1n1 WS   1678779648 131072    2.694
05:50:51.405 python3        1784369 nvme1n1 WS   1678779904 131072    2.768
05:50:51.405 python3        1784367 nvme1n1 WS   1678777344 131072    2.849
05:50:51.405 python3        1784367 nvme1n1 WS   1678777600 131072    2.923
05:50:51.405 python3        1784367 nvme1n1 WS   1678777856 131072    2.995
05:50:51.405 python3        1784366 nvme1n1 WS   1678692096 131072    3.085
05:50:51.405 python3        1784366 nvme1n1 WS   1678692352 131072    3.152
05:50:51.405 python3        1784366 nvme1n1 WS   1678692608 131072    3.223
05:50:51.405 python3        1784369 nvme1n1 WS   1678780160 131072    3.293
05:50:51.405 python3        1784369 nvme1n1 WS   1678780416 131072    3.367
05:50:51.405 python3        1784369 nvme1n1 WS   1678780672 131072    3.443
05:50:51.406 python3        1784369 nvme1n1 WS   1678780928 131072    3.524
05:50:51.406 python3        1784369 nvme1n1 WS   1678781184 131072    3.602
05:50:51.406 python3        1784369 nvme1n1 WS   1678781440 131072    3.679
05:50:51.406 python3        1784369 nvme1n1 WS   1678781696 131072    3.760
05:50:51.406 python3        1784369 nvme1n1 WS   1678781952 131072    3.840
05:50:51.406 python3        1784367 nvme1n1 WS   1678778112 131072    3.926
05:50:51.406 python3        1784367 nvme1n1 WS   1679044608 131072    4.001
05:50:51.406 python3        1784367 nvme1n1 WS   1679044864 131072    4.080
05:50:51.406 python3        1784368 nvme1n1 WS   1678696448 131072    4.162
05:50:51.406 python3        1784368 nvme1n1 WS   1678696704 131072    4.248
05:50:51.406 python3        1784368 nvme1n1 WS   1678696960 131072    4.313
05:50:51.406 python3        1784368 nvme1n1 WS   1678697216 131072    4.389
05:50:51.407 python3        1784368 nvme1n1 WS   1678697472 131072    4.469
05:50:51.407 python3        1784368 nvme1n1 WS   1678697728 131072    4.545
05:50:51.407 python3        1784368 nvme1n1 WS   1678697984 131072    4.622
05:50:51.407 python3        1784367 nvme1n1 WS   1678700544 131072    4.723
05:50:51.407 python3        1784367 nvme1n1 WS   1678700800 131072    4.793
05:50:51.407 python3        1784367 nvme1n1 WS   1678701056 131072    4.867
05:50:51.407 python3        1784367 nvme1n1 WS   1678701312 131072    4.943
05:50:51.407 python3        1784367 nvme1n1 WS   1678701568 131072    5.021
05:50:51.407 python3        1784367 nvme1n1 WS   1678701824 131072    5.096
05:50:51.407 python3        1784367 nvme1n1 WS   1678702080 131072    5.176
05:50:51.407 python3        1784369 nvme1n1 WS   1678782208 131072    5.275
05:50:51.407 python3        1784369 nvme1n1 WS   1678794752 131072    5.349
05:50:51.407 python3        1784369 nvme1n1 WS   1678795008 57344     5.381
05:50:51.408 python3        1784366 nvme1n1 WS   1678782464 131072    5.472
05:50:51.408 python3        1784366 nvme1n1 WS   1678782720 131072    5.543
05:50:51.408 python3        1784366 nvme1n1 WS   1678782976 131072    5.624
05:50:51.408 python3        1784366 nvme1n1 WS   1678783232 131072    5.701
05:50:51.408 python3        1784366 nvme1n1 WS   1678783488 131072    5.774
05:50:51.408 python3        1784366 nvme1n1 WS   1678783744 131072    5.854
05:50:51.408 python3        1784366 nvme1n1 WS   1678784000 131072    5.933
05:50:51.408 python3        1784369 nvme1n1 WS   1678786560 131072    6.029
05:50:51.408 python3        1784369 nvme1n1 WS   1678786816 131072    6.104
05:50:51.408 python3        1784369 nvme1n1 WS   1678787072 131072    6.180
05:50:51.408 python3        1784369 nvme1n1 WS   1678787328 131072    6.256
05:50:51.408 python3        1784369 nvme1n1 WS   1678787584 131072    6.337
05:50:51.408 python3        1784369 nvme1n1 WS   1678787840 131072    6.415
05:50:51.409 python3        1784369 nvme1n1 WS   1678788096 131072    6.490
05:50:51.409 python3        1784368 nvme1n1 WS   1678790656 131072    6.582
05:50:51.409 python3        1784368 nvme1n1 WS   1678790912 131072    6.650
05:50:51.409 python3        1784368 nvme1n1 WS   1678698240 131072    6.725
05:50:51.409 python3        1784368 nvme1n1 WS   1678698496 131072    6.800
05:50:51.409 python3        1784368 nvme1n1 WS   1678698752 131072    6.908
05:50:51.409 python3        1784368 nvme1n1 WS   1678699008 131072    6.993
05:50:51.409 python3        1784368 nvme1n1 WS   1678699264 131072    7.079
05:50:51.409 python3        1784368 nvme1n1 WS   1678699520 131072    7.147
05:50:51.409 python3        1784368 nvme1n1 WS   1678699776 131072    7.224
05:50:51.409 python3        1784368 nvme1n1 WS   1678700032 131072    7.300
05:50:51.409 python3        1784368 nvme1n1 WS   1678700288 131072    7.367
05:50:51.410 python3        1784368 nvme1n1 WS   1678798848 131072    7.445
05:50:51.410 python3        1784368 nvme1n1 WS   1678799104 131072    7.527
05:50:51.410 python3        1784368 nvme1n1 WS   1678791168 131072    7.652
05:50:51.410 python3        1784368 nvme1n1 WS   1678791424 131072    7.727
05:50:51.410 python3        1784368 nvme1n1 WS   1678791680 131072    7.804
05:50:51.410 python3        1784368 nvme1n1 WS   1678791936 131072    7.882
05:50:51.410 python3        1784368 nvme1n1 WS   1678792192 131072    7.955
05:50:51.410 python3        1784368 nvme1n1 WS   1678792448 131072    8.019
05:50:51.410 python3        1784368 nvme1n1 WS   1678792704 131072    8.097
05:50:51.410 python3        1784368 nvme1n1 WS   1678792960 131072    8.177
05:50:51.410 python3        1784368 nvme1n1 WS   1678793216 131072    8.258
05:50:51.410 python3        1784368 nvme1n1 WS   1678793472 131072    8.337
05:50:51.411 python3        1784368 nvme1n1 WS   1678793728 131072    8.415
05:50:51.411 python3        1784368 nvme1n1 WS   1678793984 131072    8.499
05:50:51.411 python3        1784368 nvme1n1 WS   1678794240 131072    8.584
05:50:51.411 python3        1784367 nvme1n1 WS   1678702336 131072    8.715
05:50:51.411 python3        1784367 nvme1n1 WS   1678702592 131072    8.794
05:50:51.411 python3        1784367 nvme1n1 WS   1678702848 131072    8.874
05:50:51.411 python3        1784367 nvme1n1 WS   1678703104 131072    8.954
05:50:51.411 python3        1784367 nvme1n1 WS   1678703360 131072    9.033
05:50:51.411 python3        1784367 nvme1n1 WS   1678703616 131072    9.112
05:50:51.411 python3        1784367 nvme1n1 WS   1678703872 131072    9.194
05:50:51.411 python3        1784367 nvme1n1 WS   1678704128 131072    9.274
05:50:51.411 python3        1784367 nvme1n1 WS   1678704384 131072    9.340
05:50:51.412 python3        1784367 nvme1n1 WS   1679085568 131072    9.419
05:50:51.412 python3        1784367 nvme1n1 WS   1679085824 57344     9.452
05:50:51.412 python3        1784366 nvme1n1 WS   1678784256 131072    9.576
05:50:51.412 python3        1784366 nvme1n1 WS   1678784512 131072    9.650
05:50:51.412 python3        1784366 nvme1n1 WS   1678784768 131072    9.729
05:50:51.412 python3        1784366 nvme1n1 WS   1678785024 131072    9.805
05:50:51.412 python3        1784366 nvme1n1 WS   1678785280 131072    9.890
05:50:51.412 python3        1784366 nvme1n1 WS   1678785536 131072    9.972
05:50:51.412 python3        1784366 nvme1n1 WS   1678785792 131072   10.051
05:50:51.412 python3        1784366 nvme1n1 WS   1678786048 131072   10.128
05:50:51.412 python3        1784366 nvme1n1 WS   1678786304 131072   10.194
05:50:51.412 python3        1784366 nvme1n1 WS   1678802944 131072   10.272
05:50:51.412 python3        1784366 nvme1n1 WS   1678803200 57344    10.303
05:50:51.413 python3        1784369 nvme1n1 WS   1678788352 131072   10.416
05:50:51.413 python3        1784369 nvme1n1 WS   1678788608 131072   10.496
05:50:51.413 python3        1784369 nvme1n1 WS   1678788864 131072   10.573
05:50:51.413 python3        1784369 nvme1n1 WS   1678789120 131072   10.651
05:50:51.413 python3        1784369 nvme1n1 WS   1678789376 131072   10.728
05:50:51.413 python3        1784369 nvme1n1 WS   1678789632 131072   10.805
05:50:51.413 python3        1784369 nvme1n1 WS   1678789888 131072   10.883
05:50:51.413 python3        1784369 nvme1n1 WS   1678790144 131072   10.959
05:50:51.413 python3        1784369 nvme1n1 WS   1678790400 131072   11.023
05:50:51.413 python3        1784369 nvme1n1 WS   1678807040 131072   11.101
05:50:51.413 python3        1784369 nvme1n1 WS   1678807296 131072   11.181
05:50:51.413 python3        1784368 nvme1n1 WS   1678794496 131072   11.254
05:50:51.413 python3        1784368 nvme1n1 WS   1678811136 131072   11.332
05:50:51.414 python3        1784368 nvme1n1 WS   1678811392 57344    11.365
05:50:52.077 ib_log_        125949  nvme1n1 WS   1757426928 4096      0.050
05:50:52.077 ib_log_        125949  nvme1n1 WS   1757422584 4096      0.034
05:50:52.313 ib_log_        125934  nvme1n1 WS   21244352   4096      0.051
05:50:52.314 ib_log_        125934  nvme1n1 WS   21244352   8192      0.035
05:50:52.314 ib_log_        125934  nvme1n1 WS   21244360   4096      0.030
05:50:52.314 ib_log_        125934  nvme1n1 WS   21244368   8192      0.034
05:50:52.315 jbd2/nv        752     nvme1n1 WSM  878673616  98304     0.114
05:50:52.315 jbd2/nv        752     nvme1n1 WSM  878673808  4096      0.028
05:50:52.315 connect        125934  nvme1n1 WS   1741350432 4096      0.037
05:50:52.315 jbd2/nv        752     nvme1n1 WSM  878673816  8192      0.030
05:50:52.315 jbd2/nv        752     nvme1n1 WSM  878673832  4096      0.028
05:50:52.315 ib_log_        125934  nvme1n1 WS   21244368   4096      0.028
05:50:52.315 ib_log_        125934  nvme1n1 WS   21244368   4096      0.028
05:50:52.315 jbd2/nv        752     nvme1n1 WSM  878673840  45056     0.084
05:50:52.315 jbd2/nv        752     nvme1n1 WSM  878673928  4096      0.026
05:50:52.316 ib_log_        125934  nvme1n1 WS   21244368   4096      0.029
05:50:52.316 ib_log_        125934  nvme1n1 WS   21244368   4096      0.038
05:50:52.316 ib_log_        125934  nvme1n1 WS   21244368   4096      0.034
05:50:52.336 ib_log_        125934  nvme1n1 WS   21244368   4096      0.040
05:50:52.337 ib_log_        125934  nvme1n1 WS   21244368   8192      0.034
05:50:52.365 ib_pg_f        125934  nvme1n1 WS   1737209856 131072    0.159
05:50:52.365 ib_pg_f        125934  nvme1n1 WS   1737210112 131072    0.224
05:50:52.365 ib_pg_f        125934  nvme1n1 WS   1737210368 131072    0.298
05:50:52.365 ib_pg_f        125934  nvme1n1 WS   1737210624 131072    0.371
05:50:52.365 ib_pg_f        125934  nvme1n1 WS   1737210880 131072    0.449
05:50:52.366 ib_pg_f        125934  nvme1n1 WS   1737211136 131072    0.525
05:50:52.366 ib_pg_f        125934  nvme1n1 WS   1737211392 131072    0.599
05:50:52.366 ib_pg_f        125934  nvme1n1 WS   1737211648 114688    0.666
05:50:52.366 ib_pg_f        125934  nvme1n1 WS   1756444960 16384     0.048
05:50:52.366 ib_pg_f        125934  nvme1n1 WS   1757812384 16384     0.048
05:50:52.366 ib_pg_f        125934  nvme1n1 WS   1757680896 16384     0.050
05:50:52.366 ib_pg_f        125934  nvme1n1 WS   1730408864 16384     0.052
05:50:52.366 ib_pg_f        125934  nvme1n1 WS   1757759936 16384     0.058
05:50:52.366 ib_pg_f        125934  nvme1n1 WS   1556368192 16384     0.067
05:50:52.366 ib_pg_f        125934  nvme1n1 WS   1756481728 16384     0.061
05:50:52.366 ib_pg_f        125934  nvme1n1 WS   1757760384 16384     0.056
05:50:52.366 ib_pg_f        125934  nvme1n1 WS   1756427072 16384     0.064
05:50:52.366 ib_pg_f        125934  nvme1n1 WS   1756481696 16384     0.061
05:50:52.366 ib_pg_f        125934  nvme1n1 WS   1850272    16384     0.054
05:50:52.366 ib_pg_f        125934  nvme1n1 WS   1850304    16384     0.050
05:50:52.366 ib_pg_f        125934  nvme1n1 WS   1850336    16384     0.057
05:50:52.366 ib_pg_f        125934  nvme1n1 WS   1850368    16384     0.050
05:50:52.366 ib_pg_f        125934  nvme1n1 WS   1498164576 16384     0.049
05:50:52.366 ib_pg_f        125934  nvme1n1 WS   1498163552 16384     0.052
05:50:52.366 ib_pg_f        125934  nvme1n1 WS   1498163712 16384     0.056
05:50:52.366 ib_pg_f        125934  nvme1n1 WS   1498164320 16384     0.049
05:50:52.366 ib_pg_f        125934  nvme1n1 WS   1756907936 16384     0.044
05:50:52.366 ib_pg_f        125934  nvme1n1 WS   1756912128 16384     0.041
05:50:52.366 ib_pg_f        125934  nvme1n1 WS   1560554240 16384     0.049
05:50:52.366 ib_pg_f        125934  nvme1n1 WS   1520151552 16384     0.059
05:50:52.366 ib_pg_f        125934  nvme1n1 WS   1520151584 16384     0.059
05:50:52.366 ib_pg_f        125934  nvme1n1 WS   1520150528 16384     0.050
05:50:52.366 ib_pg_f        125934  nvme1n1 WS   1520151360 16384     0.051
05:50:52.366 ib_pg_f        125934  nvme1n1 WS   1498164192 16384     0.058
05:50:52.366 ib_pg_f        125934  nvme1n1 WS   1520140704 16384     0.053
05:50:52.366 ib_pg_f        125934  nvme1n1 WS   1520151520 16384     0.051
05:50:52.366 ib_pg_f        125934  nvme1n1 WS   1849984    16384     0.053
05:50:52.366 ib_pg_f        125934  nvme1n1 WS   1850016    16384     0.061
05:50:52.366 ib_pg_f        125934  nvme1n1 WS   1850048    16384     0.052
05:50:52.366 ib_pg_f        125934  nvme1n1 WS   1850080    16384     0.059
05:50:52.366 ib_pg_f        125934  nvme1n1 WS   1850112    16384     0.066
05:50:52.366 ib_pg_f        125934  nvme1n1 WS   1850176    16384     0.064
05:50:52.366 ib_pg_f        125934  nvme1n1 WS   1850208    16384     0.070
05:50:52.366 ib_pg_f        125934  nvme1n1 WS   1850240    16384     0.058
05:50:52.366 ib_pg_f        125934  nvme1n1 WS   1849440    16384     0.050
05:50:52.366 ib_pg_f        125934  nvme1n1 WS   1849472    16384     0.055
05:50:52.366 ib_pg_f        125934  nvme1n1 WS   1849504    16384     0.059
05:50:52.366 ib_pg_f        125934  nvme1n1 WS   1756427040 16384     0.056
05:50:52.366 ib_pg_f        125934  nvme1n1 WS   1730408832 16384     0.056
05:50:52.366 ib_pg_f        125934  nvme1n1 WS   1556368224 16384     0.064
05:50:52.366 ib_pg_f        125934  nvme1n1 WS   1756481760 16384     0.070
05:50:52.366 ib_pg_f        125934  nvme1n1 WS   1756427104 16384     0.067
05:50:52.366 ib_pg_f        125934  nvme1n1 WS   1730408896 16384     0.068
05:50:52.366 ib_pg_f        125934  nvme1n1 WS   1556368256 16384     0.072
05:50:52.366 ib_pg_f        125934  nvme1n1 WS   1756445056 16384     0.076
05:50:52.366 ib_pg_f        125934  nvme1n1 WS   1730452000 16384     0.079
05:50:52.366 ib_pg_f        125934  nvme1n1 WS   1756903584 16384     0.071
05:50:52.366 ib_pg_f        125934  nvme1n1 WS   1520031648 16384     0.065
05:50:52.366 ib_pg_f        125934  nvme1n1 WS   27213280   16384     0.066
05:50:52.366 ib_pg_f        125934  nvme1n1 WS   1757808288 16384     0.072
05:50:52.366 ib_pg_f        125934  nvme1n1 WS   1498164736 16384     0.057
05:50:52.366 ib_pg_f        125934  nvme1n1 WS   1756913056 16384     0.056
05:50:52.366 ib_pg_f        125934  nvme1n1 WS   2371360    16384     0.056
05:50:52.367 ib_pg_f        125934  nvme1n1 WS   1498164640 16384     0.048
05:50:52.367 ib_pg_f        125934  nvme1n1 WS   27213472   16384     0.052
05:50:52.367 ib_pg_f        125934  nvme1n1 WS   1498165056 16384     0.052
05:50:52.367 ib_pg_f        125934  nvme1n1 WS   1756907520 16384     0.064
05:50:52.367 ib_pg_f        125934  nvme1n1 WS   1730452384 16384     0.055
05:50:52.367 ib_pg_f        125934  nvme1n1 WS   27213792   16384     0.059
05:50:52.367 ib_pg_f        125934  nvme1n1 WS   1560554208 16384     0.054
05:50:52.367 ib_pg_f        125934  nvme1n1 WS   671424     16384     0.054
05:50:52.375 nvme           1859741 Unknown N    -1         512       0.057
05:50:52.446 ib_log_        125934  nvme1n1 WS   21244376   4096      0.047
05:50:53.340 ib_pg_f        125949  nvme1n1 WS   1756372992 16384     0.065
05:50:53.340 ib_pg_f        125949  nvme1n1 WS   1755217704 16384     0.042
05:50:53.378 nvme           1859755 Unknown N    -1         512       0.085
05:50:53.856 kworker        1817148 nvme1n1 W    1642271480 28672     0.082
05:50:53.857 kworker        1774410 nvme1n1 W    608521736  53248     0.128
05:50:53.857 kworker        1774410 nvme1n1 W    722048336  131072    0.203
05:50:53.857 kworker        1774410 nvme1n1 W    722048592  57344     0.237
05:50:53.857 kworker        1774410 nvme1n1 W    608521840  32768     0.258
05:50:53.857 kworker        1774410 nvme1n1 W    722147328  131072    0.340
05:50:53.857 kworker        1774410 nvme1n1 W    722147584  90112     0.393
05:50:53.857 kworker        1774410 nvme1n1 W    1635473736 77824     0.440
05:50:53.857 kworker        1774410 nvme1n1 W    608521904  45056     0.467
05:50:53.857 kworker        1774410 nvme1n1 W    721898240  131072    0.541
05:50:53.857 kworker        1774410 nvme1n1 W    1635444520 110592    0.606
05:50:53.857 kworker        1774410 nvme1n1 W    1635446032 110592    0.670
05:50:54.077 ib_log_        125949  nvme1n1 WS   1757422584 4096      0.054
05:50:54.365 ib_pg_f        125934  nvme1n1 WS   1737244672 16384     0.067
05:50:54.365 ib_pg_f        125934  nvme1n1 WS   1756903584 16384     0.041
05:50:54.381 nvme           1859770 Unknown N    -1         512       0.101
05:50:55.110 ib_log_        125934  nvme1n1 WS   21244376   4096      0.044
05:50:55.111 ib_log_        125934  nvme1n1 WS   21242704   4096      0.038
05:50:55.145 ib_log_        125932  nvme1n1 WS   1756077168 4096      0.050
05:50:55.339 ib_pg_f        125932  nvme1n1 WS   1756905472 16384     0.063
05:50:55.339 ib_pg_f        125932  nvme1n1 WS   1740058784 16384     0.039
05:50:55.365 ib_pg_f        125934  nvme1n1 WS   1737209856 16384     0.050
05:50:55.365 ib_pg_f        125934  nvme1n1 WS   1757759904 16384     0.039
05:50:55.367 amoprof        1787544 nvme1n1 W    722743184  4096      0.037
