TIMESTAMP    COMM           PID     DISK    T    SECTOR     BYTES   LAT(ms)
02:10:24.264 jbd2/nv        752     nvme1n1 WSM  877678336  102400    0.146
02:10:24.264 jbd2/nv        752     nvme1n1 WSM  877678536  4096      0.029
02:10:24.439 nvme           1605532 Unknown N    -1         512       0.100
02:10:25.442 nvme           1605592 Unknown N    -1         512       0.076
02:10:26.444 nvme           1605596 Unknown N    -1         512       0.029
02:10:27.446 nvme           1605606 Unknown N    -1         512       0.077
02:10:28.448 nvme           1605610 Unknown N    -1         512       0.029
02:10:29.451 nvme           1605624 Unknown N    -1         512       0.080
02:10:29.619 jbd2/nv        752     nvme1n1 WSM  877678544  45056     0.093
02:10:29.619 jbd2/nv        752     nvme1n1 WSM  877678632  4096      0.031
02:10:30.453 nvme           1605639 Unknown N    -1         512       0.087
02:10:30.944 kworker        1592471 nvme1n1 W    1625053128 4096      0.055
02:10:31.455 nvme           1605643 Unknown N    -1         512       0.091
02:10:31.457 kworker        1513369 nvme1n1 W    591864520  102400    0.165
02:10:31.457 kworker        1513369 nvme1n1 W    1499327408 131072    0.239
02:10:31.457 kworker        1513369 nvme1n1 W    1499327664 61440     0.276
02:10:31.457 kworker        1513369 nvme1n1 W    591864720  32768     0.295
02:10:31.457 kworker        1513369 nvme1n1 W    1499327784 131072    0.376
02:10:31.457 kworker        1513369 nvme1n1 W    1499328040 90112     0.429
02:10:31.457 kworker        1513369 nvme1n1 W    591792832  77824     0.478
02:10:31.457 kworker        1513369 nvme1n1 W    591864784  45056     0.506
02:10:31.705 jbd2/nv        391     nvme0n1 WSM  4314488    53248     1.176
02:10:31.705 jbd2/nv        391     nvme0n1 WSM  4314592    4096      0.625
02:10:31.969 kworker        1592471 nvme0n1 W    15391736   4096      0.824
02:10:31.969 kworker        1600330 nvme0n1 W    37332592   4096      0.835
02:10:31.969 kworker        1592471 nvme0n1 W    15391856   8192      0.885
02:10:31.970 kworker        1513369 nvme0n1 W    8131832    131072    1.788
02:10:31.970 kworker        1513369 nvme0n1 W    8134392    131072    1.766
02:10:31.970 kworker        1513369 nvme0n1 W    8131064    131072    1.988
02:10:31.970 kworker        1513369 nvme0n1 W    8132600    131072    2.314
02:10:31.970 kworker        1513369 nvme0n1 W    8143096    131072    1.496
02:10:31.971 kworker        1513369 nvme0n1 W    8135672    131072    2.196
02:10:31.971 kworker        1513369 nvme0n1 W    8129272    262144    3.112
02:10:31.971 kworker        1513369 nvme0n1 W    36015104   131072    1.574
02:10:31.972 kworker        1513369 nvme0n1 W    36029952   131072    1.433
02:10:31.972 kworker        1513369 nvme0n1 W    8144120    131072    2.023
02:10:31.972 kworker        1513369 nvme0n1 W    36164832   16384     0.858
02:10:31.972 kworker        1513369 nvme0n1 W    36162304   131072    2.043
02:10:31.973 kworker        1513369 nvme0n1 W    36167520   16384     0.783
02:10:31.973 kworker        1513369 nvme0n1 W    36023808   262144    2.865
02:10:31.973 kworker        1513369 nvme0n1 W    36167072   16384     0.972
02:10:31.973 kworker        1513369 nvme0n1 W    36162816   131072    1.907
02:10:31.973 kworker        1513369 nvme0n1 W    36166400   131072    1.589
02:10:31.973 kworker        1513369 nvme0n1 W    36165632   131072    1.660
02:10:31.973 kworker        1513369 nvme0n1 W    36167976   4096      0.839
02:10:31.974 kworker        1513369 nvme0n1 W    36168384   32768     1.150
02:10:31.974 kworker        1513369 nvme0n1 W    36174336   65536     1.392
02:10:31.974 kworker        1513369 nvme0n1 W    36177152   16384     1.122
02:10:31.974 kworker        1513369 nvme0n1 W    36177024   16384     1.133
02:10:31.975 kworker        1513369 nvme0n1 W    36177280   65536     1.111
02:10:31.975 kworker        1513369 nvme0n1 W    36169216   131072    2.163
02:10:31.975 kworker        1513369 nvme0n1 W    36310296   4096      0.892
02:10:31.975 kworker        1513369 nvme0n1 W    36175360   131072    2.227
02:10:31.975 kworker        1513369 nvme0n1 W    36310440   4096      0.962
02:10:31.976 kworker        1513369 nvme0n1 W    36310592   4096      0.823
02:10:31.976 kworker        1513369 nvme0n1 W    36310736   4096      0.961
02:10:31.976 kworker        1513369 nvme0n1 W    36311032   4096      0.848
02:10:31.976 kworker        1513369 nvme0n1 W    36309888   196608    2.522
02:10:31.976 kworker        1513369 nvme0n1 W    36310888   4096      1.036
02:10:31.976 kworker        1513369 nvme0n1 W    36315792   40960     1.052
02:10:31.976 kworker        1513369 nvme0n1 W    36176384   262144    3.334
02:10:31.977 kworker        1513369 nvme0n1 W    36317856   16384     1.083
02:10:31.977 kworker        1513369 nvme0n1 W    36322384   4096      0.836
02:10:31.977 kworker        1513369 nvme0n1 W    36315136   131072    1.964
02:10:31.977 kworker        1513369 nvme0n1 W    36323072   16384     1.112
02:10:31.978 kworker        1513369 nvme0n1 W    7337984    4096      0.722
02:10:31.978 kworker        1513369 nvme0n1 W    36316928   131072    2.037
02:10:31.978 kworker        1513369 nvme0n1 W    36319232   131072    1.609
02:10:31.978 kworker        1513369 nvme0n1 W    36321792   131072    1.970
02:10:31.978 kworker        1513369 nvme0n1 W    36324096   65536     1.481
02:10:32.457 nvme           1605647 Unknown N    -1         512       0.106
02:10:33.460 nvme           1605657 Unknown N    -1         512       0.030
02:10:34.446 amoprof        1271097 nvme1n1 W    591707368  4096      0.056
