TIMESTAMP    COMM           PID     DISK    T    SECTOR     BYTES   LAT(ms)
03:26:52.312 nvme           1681702 Unknown N    -1         512       0.036
03:26:53.315 nvme           1681754 Unknown N    -1         512       0.093
03:26:54.318 nvme           1681755 Unknown N    -1         512       0.082
03:26:54.365 jbd2/nv        752     nvme1n1 WSM  877819816  110592    0.146
03:26:54.365 jbd2/nv        752     nvme1n1 WSM  877820032  4096      0.030
03:26:55.320 nvme           1681756 Unknown N    -1         512       0.030
03:26:56.322 nvme           1681757 Unknown N    -1         512       0.073
03:26:57.325 nvme           1681758 Unknown N    -1         512       0.071
03:26:58.327 nvme           1681759 Unknown N    -1         512       0.072
03:26:58.976 kworker        1653881 nvme1n1 W    1625053944 8192      0.054
03:26:58.977 kworker        1661618 nvme1n1 W    596017704  90112     0.151
03:26:58.977 kworker        1661618 nvme1n1 W    1533101784 131072    0.228
03:26:58.977 kworker        1661618 nvme1n1 W    1533102040 61440     0.262
03:26:58.977 kworker        1661618 nvme1n1 W    596017880  32768     0.282
03:26:58.977 kworker        1661618 nvme1n1 W    1533102160 131072    0.361
03:26:58.977 kworker        1661618 nvme1n1 W    1533102416 90112     0.413
03:26:58.977 kworker        1661618 nvme1n1 W    596013968  77824     0.461
03:26:58.977 kworker        1661618 nvme1n1 W    596017944  45056     0.488
03:26:59.329 nvme           1681760 Unknown N    -1         512       0.075
03:27:00.332 nvme           1681761 Unknown N    -1         512       0.029
03:27:00.669 jbd2/nv        752     nvme1n1 WSM  877820040  61440     0.105
03:27:00.670 jbd2/nv        752     nvme1n1 WSM  877820160  4096      0.031
03:27:01.334 nvme           1681762 Unknown N    -1         512       0.078
03:27:02.320 amoprof        1271097 nvme1n1 W    591764752  4096      0.055
