TIMESTAMP    COMM           PID     DISK    T    SECTOR     BYTES   LAT(ms)
23:39:40.275 nvme           2718727 Unknown N    -1         512       0.036
23:39:41.078 jbd2/nv        391     nvme0n1 WSM  4273840    20480     1.039
23:39:41.079 jbd2/nv        391     nvme0n1 WSM  4273880    4096      0.931
23:39:41.280 nvme           2718788 Unknown N    -1         512       0.031
23:39:41.345 kworker        2697703 nvme1n1 W    1554126840 131072    0.161
23:39:41.345 kworker        2697703 nvme1n1 W    1554127096 53248     0.098
23:39:41.345 kworker        2697703 nvme1n1 W    1371715120 131072    0.170
23:39:41.345 kworker        2697703 nvme1n1 W    1371715376 24576     0.184
23:39:41.345 kworker        2697703 nvme1n1 W    1371715424 131072    0.275
23:39:41.345 kworker        2697703 nvme1n1 W    1371715680 24576     0.284
23:39:41.345 kworker        2678569 nvme0n1 W    36167232   4096      1.059
23:39:41.345 kworker        2678569 nvme0n1 W    36168560   4096      1.206
23:39:41.345 kworker        2678569 nvme0n1 W    36168120   4096      1.214
23:39:41.346 kworker        2678569 nvme0n1 W    36167552   65536     1.278
23:39:41.346 kworker        2678569 nvme0n1 W    8143096    131072    1.724
23:39:41.346 kworker        2678569 nvme0n1 W    8133368    131072    2.001
23:39:41.346 kworker        2678569 nvme0n1 W    8135672    131072    2.048
23:39:41.346 kworker        2678577 nvme0n1 W    36984744   4096      0.914
23:39:41.346 kworker        2678569 nvme0n1 W    36166656   131072    2.279
23:39:41.346 kworker        2697704 nvme0n1 W    38460144   4096      0.896
23:39:41.347 kworker        2678569 nvme0n1 W    36177408   65536     1.191
23:39:41.347 kworker        2678569 nvme0n1 W    36174464   65536     1.378
23:39:41.347 kworker        2678569 nvme0n1 W    36315792   57344     1.232
23:39:41.347 kworker        2678569 nvme0n1 W    36322480   4096      1.012
23:39:41.348 kworker        2678569 nvme0n1 W    36323168   16384     1.241
23:39:41.348 kworker        2678569 nvme0n1 W    36407304   4096      0.940
23:39:41.348 kworker        2678569 nvme0n1 W    36317184   131072    1.913
23:39:41.348 kworker        2678569 nvme0n1 W    36407352   4096      0.696
23:39:41.348 kworker        2678569 nvme0n1 W    36242688   131072    1.799
23:39:41.348 kworker        2678569 nvme0n1 W    36407400   4096      0.947
23:39:41.348 kworker        2678569 nvme0n1 W    36321792   131072    2.125
23:39:41.349 kworker        2678569 nvme0n1 W    36407504   4096      0.873
23:39:41.349 kworker        2678569 nvme0n1 W    36407448   4096      0.937
23:39:41.349 kworker        2678569 nvme0n1 W    7337984    4096      0.855
23:39:41.349 kworker        2678569 nvme0n1 W    36243200   131072    2.166
23:39:41.858 kworker        2678569 nvme0n1 WM   2103000    4096      0.865
23:39:41.858 kworker        2678569 nvme0n1 WM   2099200    4096      0.876
23:39:41.858 kworker        2678569 nvme0n1 WM   6310360    4096      0.875
23:39:41.858 kworker        2678569 nvme0n1 WM   6309888    4096      0.879
23:39:41.858 kworker        2678569 nvme0n1 WM   6310504    4096      0.880
23:39:41.858 kworker        2678569 nvme0n1 WM   12326896   4096      0.882
23:39:41.858 kworker        2678569 nvme0n1 WM   15197944   4096      0.884
23:39:41.858 kworker        2678569 nvme0n1 WM   14706016   4096      0.917
23:39:41.858 kworker        2678569 nvme0n1 WM   6310376    4096      0.922
23:39:42.284 nvme           2718797 Unknown N    -1         512       0.035
23:39:43.286 nvme           2718807 Unknown N    -1         512       0.031
23:39:44.291 nvme           2718816 Unknown N    -1         512       0.029
23:39:44.782 jbd2/nv        752     nvme1n1 WSM  878295368  126976    0.165
23:39:44.782 jbd2/nv        752     nvme1n1 WSM  878295616  4096      0.037
23:39:45.295 nvme           2718826 Unknown N    -1         512       0.034
23:39:45.440 kworker        2678569 nvme1n1 W    1622539024 4096      0.058
23:39:45.440 kworker        2678569 nvme1n1 W    1565495552 4096      0.067
23:39:46.301 nvme           2718830 Unknown N    -1         512       0.031
23:39:46.466 kworker        2678569 nvme1n1 W    630351928  45056     0.131
23:39:46.466 kworker        2678569 nvme1n1 W    1369795080 77824     0.167
23:39:46.466 kworker        2678569 nvme1n1 W    630352016  126976    0.243
23:39:46.466 kworker        2678569 nvme1n1 W    630352264  45056     0.267
23:39:46.466 kworker        2678569 nvme1n1 W    240287704  20480     0.280
23:39:46.466 kworker        2678569 nvme1n1 W    630352352  12288     0.287
23:39:46.466 kworker        2678569 nvme1n1 W    657090048  12288     0.293
23:39:46.466 kworker        2678569 nvme1n1 W    1369795232 73728     0.334
23:39:46.467 kworker        2678569 nvme1n1 W    657090072  8192      0.083
23:39:46.467 kworker        2678569 nvme1n1 W    630352376  4096      0.089
23:39:46.467 kworker        2678569 nvme1n1 W    657090640  8192      0.083
23:39:46.467 kworker        2678569 nvme1n1 W    657090088  94208     0.142
23:39:46.467 kworker        2678569 nvme1n1 W    1369795376 73728     0.188
23:39:46.467 kworker        2678569 nvme1n1 W    657090272  57344     0.222
23:39:46.467 kworker        2678569 nvme1n1 W    1372880472 106496    0.284
23:39:46.467 kworker        2678569 nvme1n1 W    657090384  131072    0.362
23:39:46.467 kworker        2678569 nvme1n1 W    1554423808 131072    0.350
23:39:46.467 kworker        2678569 nvme1n1 W    635267568  4096      0.078
23:39:46.467 kworker        2678569 nvme1n1 W    1554424064 53248     0.107
23:39:46.467 kworker        2678569 nvme1n1 W    656838304  24576     0.119
23:39:46.467 kworker        2678569 nvme1n1 W    656838352  45056     0.065
23:39:46.468 kworker        2678569 nvme1n1 W    635267576  4096      0.047
23:39:46.468 kworker        2678569 nvme1n1 W    1554448384 131072    0.147
23:39:46.468 kworker        2678569 nvme1n1 W    1554448640 81920     0.196
23:39:46.468 kworker        2678569 nvme1n1 W    1369721856 69632     0.241
23:39:47.305 nvme           2718844 Unknown N    -1         512       0.035
23:39:48.309 nvme           2718853 Unknown N    -1         512       0.030
23:39:49.312 nvme           2718860 Unknown N    -1         512       0.030
23:39:49.996 jbd2/nv        752     nvme1n1 WSM  878295880  4096      0.066
23:39:49.996 jbd2/nv        752     nvme1n1 WSM  878295624  131072    0.160
23:39:49.996 jbd2/nv        752     nvme1n1 WSM  878295888  4096      0.033
23:39:50.288 amoprof        2680098 nvme1n1 W    633738808  4096      0.049
