TIMESTAMP    COMM           PID     DISK    T    SECTOR     BYTES   LAT(ms)
01:44:00.410 nvme           1568512 Unknown N    -1         512       0.093
01:44:01.412 nvme           1568567 Unknown N    -1         512       0.030
01:44:02.414 nvme           1568571 Unknown N    -1         512       0.077
01:44:03.416 nvme           1568581 Unknown N    -1         512       0.029
01:44:04.256 kworker        1259302 nvme1n1 W    591701304  4096      0.054
01:44:04.256 jbd2/nv        752     nvme1n1 WSM  877628824  106496    0.128
01:44:04.256 jbd2/nv        752     nvme1n1 WSM  877629032  4096      0.030
01:44:04.257 kworker        1259302 nvme1n1 W    591701312  90112     0.130
01:44:04.257 kworker        1259302 nvme1n1 W    1486430864 131072    0.211
01:44:04.257 kworker        1259302 nvme1n1 W    1486431120 61440     0.246
01:44:04.257 kworker        1259302 nvme1n1 W    591701488  32768     0.265
01:44:04.257 kworker        1259302 nvme1n1 W    1486431240 131072    0.352
01:44:04.257 kworker        1259302 nvme1n1 W    1486431496 90112     0.398
01:44:04.257 kworker        1259302 nvme1n1 W    1486348896 77824     0.450
01:44:04.257 kworker        1259302 nvme1n1 W    591701552  28672     0.461
01:44:04.418 nvme           1568595 Unknown N    -1         512       0.070
01:44:05.421 nvme           1568607 Unknown N    -1         512       0.031
01:44:06.423 nvme           1568614 Unknown N    -1         512       0.091
01:44:07.425 nvme           1568618 Unknown N    -1         512       0.086
01:44:08.427 nvme           1568628 Unknown N    -1         512       0.030
01:44:09.376 kworker        1259302 nvme1n1 W    591722344  16384     0.079
01:44:09.376 jbd2/nv        752     nvme1n1 WSM  877629040  53248     0.102
01:44:09.376 jbd2/nv        752     nvme1n1 WSM  877629144  4096      0.031
01:44:09.429 nvme           1568642 Unknown N    -1         512       0.090
01:44:10.416 amoprof        1271097 nvme1n1 W    591694400  4096      0.057
