TIMESTAMP    COMM           PID     DISK    T    SECTOR     BYTES   LAT(ms)
06:31:49.120 nvme           1940708 Unknown N    -1         512       0.035
06:31:49.565 ib_log_        125924  nvme1n1 WS   1738280624 4096      0.054
06:31:49.658 ib_log_        125924  nvme1n1 WS   1738280624 4096      0.049
06:31:50.123 nvme           1940772 Unknown N    -1         512       0.034
06:31:50.544 ib_pg_f        125924  nvme1n1 WS   1740046336 81920     0.112
06:31:50.544 ib_pg_f        125924  nvme1n1 WS   1755207232 16384     0.046
06:31:50.544 ib_pg_f        125924  nvme1n1 WS   1757760192 16384     0.053
06:31:50.544 ib_pg_f        125924  nvme1n1 WS   1757691744 16384     0.051
06:31:50.544 ib_pg_f        125924  nvme1n1 WS   1755213952 16384     0.058
06:31:50.544 ib_pg_f        125924  nvme1n1 WS   1757151392 16384     0.058
06:31:50.564 ib_log_        125924  nvme1n1 WS   1738276864 4096      0.038
06:31:51.126 nvme           1940776 Unknown N    -1         512       0.035
06:31:52.128 nvme           1940787 Unknown N    -1         512       0.037
06:31:52.208 jbd2/nv        752     nvme1n1 WSM  877151992  4096      0.062
06:31:52.208 jbd2/nv        752     nvme1n1 WSM  877151736  131072    0.152
06:31:52.208 jbd2/nv        752     nvme1n1 WSM  877152000  4096      0.028
06:31:53.131 nvme           1940801 Unknown N    -1         512       0.036
06:31:54.133 nvme           1940810 Unknown N    -1         512       0.035
06:31:54.882 ib_log_        125941  nvme1n1 WS   1755988712 4096      0.056
06:31:54.883 ib_log_        125941  nvme1n1 WS   1755988712 4096      0.030
06:31:54.884 ib_log_        125941  nvme1n1 WS   1755988712 4096      0.030
06:31:54.884 ib_log_        125941  nvme1n1 WS   1755988720 8192      0.032
06:31:54.884 jbd2/nv        752     nvme1n1 WSM  877152008  20480     0.055
06:31:54.884 jbd2/nv        752     nvme1n1 WSM  877152048  4096      0.029
06:31:54.884 ib_log_        125941  nvme1n1 WS   1755988720 4096      0.026
06:31:54.884 connect        125941  nvme1n1 WS   1757353400 4096      0.033
06:31:54.884 jbd2/nv        752     nvme1n1 WSM  877152056  8192      0.031
06:31:54.884 jbd2/nv        752     nvme1n1 WSM  877152072  4096      0.028
06:31:54.884 ib_log_        125941  nvme1n1 WS   1755988720 4096      0.026
06:31:54.884 ib_log_        125941  nvme1n1 WS   1755988720 4096      0.026
06:31:54.885 jbd2/nv        752     nvme1n1 WSM  877152080  45056     0.082
06:31:54.885 jbd2/nv        752     nvme1n1 WSM  877152168  4096      0.034
06:31:54.885 ib_log_        125941  nvme1n1 WS   1755988720 4096      0.026
06:31:54.885 ib_log_        125941  nvme1n1 WS   1755988720 4096      0.026
06:31:54.885 ib_log_        125941  nvme1n1 WS   1755988720 4096      0.028
06:31:54.932 ib_log_        125941  nvme1n1 WS   1755988720 4096      0.038
06:31:54.933 ib_log_        125941  nvme1n1 WS   1755988720 8192      0.033
06:31:55.041 ib_log_        125941  nvme1n1 WS   1755988728 4096      0.043
06:31:55.136 nvme           1940820 Unknown N    -1         512       0.027
06:31:55.548 ib_pg_f        125941  nvme1n1 WS   1740075008 131072    0.177
06:31:55.548 ib_pg_f        125941  nvme1n1 WS   1740075264 131072    0.242
06:31:55.548 ib_pg_f        125941  nvme1n1 WS   1740075520 131072    0.317
06:31:55.548 ib_pg_f        125941  nvme1n1 WS   1740075776 131072    0.398
06:31:55.549 ib_pg_f        125941  nvme1n1 WS   1740076032 131072    0.481
06:31:55.549 ib_pg_f        125941  nvme1n1 WS   1740076288 131072    0.560
06:31:55.549 ib_pg_f        125941  nvme1n1 WS   1740076544 131072    0.636
06:31:55.549 ib_pg_f        125941  nvme1n1 WS   1740076800 114688    0.704
06:31:55.549 ib_pg_f        125941  nvme1n1 WS   311474304  16384     0.046
06:31:55.549 ib_pg_f        125941  nvme1n1 WS   1757681152 16384     0.053
06:31:55.549 ib_pg_f        125941  nvme1n1 WS   1757681344 16384     0.053
06:31:55.549 ib_pg_f        125941  nvme1n1 WS   1756477504 16384     0.058
06:31:55.549 ib_pg_f        125941  nvme1n1 WS   1757680832 16384     0.076
06:31:55.549 ib_pg_f        125941  nvme1n1 WS   1756418688 16384     0.078
06:31:55.549 ib_pg_f        125941  nvme1n1 WS   1532135520 16384     0.081
06:31:55.549 ib_pg_f        125941  nvme1n1 WS   1757680992 16384     0.085
06:31:55.549 ib_pg_f        125941  nvme1n1 WS   32780928   16384     0.098
06:31:55.549 ib_pg_f        125941  nvme1n1 WS   1532136736 16384     0.092
06:31:55.549 ib_pg_f        125941  nvme1n1 WS   1556374432 16384     0.091
06:31:55.549 ib_pg_f        125941  nvme1n1 WS   1556374464 16384     0.072
06:31:55.549 ib_pg_f        125941  nvme1n1 WS   1556374496 16384     0.087
06:31:55.549 ib_pg_f        125941  nvme1n1 WS   1556374528 16384     0.079
06:31:55.549 ib_pg_f        125941  nvme1n1 WS   1560814944 16384     0.074
06:31:55.549 ib_pg_f        125941  nvme1n1 WS   1560813920 16384     0.080
06:31:55.549 ib_pg_f        125941  nvme1n1 WS   1560814080 16384     0.080
06:31:55.549 ib_pg_f        125941  nvme1n1 WS   1560814688 16384     0.077
06:31:55.549 ib_pg_f        125941  nvme1n1 WS   1757758624 16384     0.079
06:31:55.549 ib_pg_f        125941  nvme1n1 WS   1757758720 16384     0.043
06:31:55.549 ib_pg_f        125941  nvme1n1 WS   1561262848 16384     0.049
06:31:55.549 ib_pg_f        125941  nvme1n1 WS   1755751424 16384     0.053
06:31:55.549 ib_pg_f        125941  nvme1n1 WS   1755751456 16384     0.061
06:31:55.549 ib_pg_f        125941  nvme1n1 WS   1755750400 16384     0.060
06:31:55.549 ib_pg_f        125941  nvme1n1 WS   1755751232 16384     0.064
06:31:55.549 ib_pg_f        125941  nvme1n1 WS   1560814560 16384     0.074
06:31:55.549 ib_pg_f        125941  nvme1n1 WS   1755748768 16384     0.073
06:31:55.549 ib_pg_f        125941  nvme1n1 WS   1755751392 16384     0.072
06:31:55.549 ib_pg_f        125941  nvme1n1 WS   1556374144 16384     0.079
06:31:55.549 ib_pg_f        125941  nvme1n1 WS   1556374176 16384     0.081
06:31:55.549 ib_pg_f        125941  nvme1n1 WS   1556374208 16384     0.086
06:31:55.549 ib_pg_f        125941  nvme1n1 WS   1556374240 16384     0.087
06:31:55.549 ib_pg_f        125941  nvme1n1 WS   1556374272 16384     0.084
06:31:55.549 ib_pg_f        125941  nvme1n1 WS   1556374336 16384     0.077
06:31:55.549 ib_pg_f        125941  nvme1n1 WS   1556374368 16384     0.078
06:31:55.549 ib_pg_f        125941  nvme1n1 WS   1556374400 16384     0.085
06:31:55.549 ib_pg_f        125941  nvme1n1 WS   1556373600 16384     0.087
06:31:55.549 ib_pg_f        125941  nvme1n1 WS   1556373632 16384     0.092
06:31:55.549 ib_pg_f        125941  nvme1n1 WS   1556373664 16384     0.096
06:31:55.549 ib_pg_f        125941  nvme1n1 WS   32780896   16384     0.102
06:31:55.549 ib_pg_f        125941  nvme1n1 WS   1756475584 16384     0.096
06:31:55.549 ib_pg_f        125941  nvme1n1 WS   1756418720 16384     0.098
06:31:55.549 ib_pg_f        125941  nvme1n1 WS   1532136768 16384     0.104
06:31:55.549 ib_pg_f        125941  nvme1n1 WS   32780960   16384     0.110
06:31:55.549 ib_pg_f        125941  nvme1n1 WS   1756477888 16384     0.115
06:31:55.549 ib_pg_f        125941  nvme1n1 WS   1756418752 16384     0.111
06:31:55.549 ib_pg_f        125941  nvme1n1 WS   311474400  16384     0.117
06:31:55.549 ib_pg_f        125941  nvme1n1 WS   1740286496 16384     0.115
06:31:55.549 ib_pg_f        125941  nvme1n1 WS   1737035936 16384     0.113
06:31:55.550 ib_pg_f        125941  nvme1n1 WS   1560815104 16384     0.115
06:31:55.550 ib_pg_f        125941  nvme1n1 WS   1757758208 16384     0.116
06:31:55.550 ib_pg_f        125941  nvme1n1 WS   1757714912 16384     0.120
06:31:55.550 ib_pg_f        125941  nvme1n1 WS   1755707296 16384     0.116
06:31:55.550 ib_pg_f        125941  nvme1n1 WS   1757761312 16384     0.120
06:31:55.550 ib_pg_f        125941  nvme1n1 WS   1560815424 16384     0.100
06:31:55.550 ib_pg_f        125941  nvme1n1 WS   1757758272 16384     0.102
06:31:55.550 ib_pg_f        125941  nvme1n1 WS   1556383520 16384     0.094
06:31:55.550 ib_pg_f        125941  nvme1n1 WS   1560815008 16384     0.093
06:31:55.550 ib_pg_f        125941  nvme1n1 WS   1757761344 16384     0.099
06:31:55.550 ib_pg_f        125941  nvme1n1 WS   1740286880 16384     0.094
06:31:55.550 ib_pg_f        125941  nvme1n1 WS   1757761408 16384     0.098
06:31:55.550 ib_pg_f        125941  nvme1n1 WS   1561262816 16384     0.097
06:31:55.550 ib_pg_f        125941  nvme1n1 WS   1757760960 16384     0.098
06:31:56.138 nvme           1940824 Unknown N    -1         512       0.038
06:31:56.409 ib_log_        125941  nvme1n1 WS   1755988728 4096      0.055
06:31:56.409 ib_log_        125941  nvme1n1 WS   1755987968 4096      0.038
06:31:56.577 kworker        1774410 nvme1n1 W    844599664  8192      0.123
06:31:56.577 kworker        1774410 nvme1n1 W    608823880  98304     0.174
06:31:56.577 kworker        1774410 nvme1n1 W    608824072  131072    0.254
06:31:56.577 kworker        1774410 nvme1n1 W    608824328  126976    0.332
06:31:56.577 kworker        1774410 nvme1n1 W    608824576  131072    0.410
06:31:56.577 kworker        1774410 nvme1n1 W    608824832  81920     0.458
06:31:56.577 kworker        1774410 nvme1n1 W    1176582576 131072    0.536
06:31:56.577 kworker        1774410 nvme1n1 W    1176582832 61440     0.575
06:31:56.577 kworker        1774410 nvme1n1 W    608824992  32768     0.595
06:31:56.577 kworker        1774410 nvme1n1 W    1176555472 131072    0.674
06:31:56.577 kworker        1774410 nvme1n1 W    1176555728 90112     0.727
06:31:56.578 kworker        1774410 nvme1n1 W    608904040  77824     0.772
06:31:56.578 kworker        1774410 nvme1n1 W    608825056  102400    0.836
06:31:56.683 ib_log_        125932  nvme1n1 WS   1756078480 4096      0.042
06:31:56.684 ib_log_        125932  nvme1n1 WS   1756078480 4096      0.030
06:31:56.685 ib_log_        125932  nvme1n1 WS   1756078480 8192      0.032
06:31:56.685 connect        125932  nvme1n1 WS   844577840  4096      0.037
06:31:56.685 jbd2/nv        752     nvme1n1 WSM  877152432  8192      0.037
06:31:56.685 jbd2/nv        752     nvme1n1 WSM  877152176  131072    0.137
06:31:56.685 jbd2/nv        752     nvme1n1 WSM  877152448  4096      0.027
06:31:56.685 ib_log_        125932  nvme1n1 WS   1756078488 4096      0.028
06:31:56.685 ib_log_        125932  nvme1n1 WS   1756078488 4096      0.026
06:31:56.685 jbd2/nv        752     nvme1n1 WSM  877152456  40960     0.057
06:31:56.685 jbd2/nv        752     nvme1n1 WSM  877152536  4096      0.025
06:31:56.686 ib_log_        125932  nvme1n1 WS   1756078488 4096      0.027
06:31:56.686 ib_log_        125932  nvme1n1 WS   1756078488 4096      0.026
06:31:56.686 ib_log_        125932  nvme1n1 WS   1756078496 8192      0.032
06:31:56.686 jbd2/nv        752     nvme1n1 WSM  877152544  8192      0.029
06:31:56.686 jbd2/nv        752     nvme1n1 WSM  877152560  4096      0.026
06:31:56.686 ib_log_        125932  nvme1n1 WS   1756078496 4096      0.027
06:31:56.728 ib_log_        125932  nvme1n1 WS   1756078496 4096      0.035
06:31:56.729 ib_log_        125932  nvme1n1 WS   1756078496 4096      0.029
06:31:56.837 ib_log_        125932  nvme1n1 WS   1756078496 4096      0.033
06:31:57.141 nvme           1940829 Unknown N    -1         512       0.033
06:31:57.548 ib_pg_f        125941  nvme1n1 WS   1740107776 16384     0.068
06:31:57.548 ib_pg_f        125941  nvme1n1 WS   1757680800 16384     0.043
06:31:57.566 ib_pg_f        125932  nvme1n1 WS   1756891136 131072    0.174
06:31:57.566 ib_pg_f        125932  nvme1n1 WS   1756891392 131072    0.242
06:31:57.566 ib_pg_f        125932  nvme1n1 WS   1756891648 131072    0.321
06:31:57.566 ib_pg_f        125932  nvme1n1 WS   1756891904 131072    0.396
06:31:57.566 ib_pg_f        125932  nvme1n1 WS   1756892160 131072    0.469
06:31:57.566 ib_pg_f        125932  nvme1n1 WS   1756892416 131072    0.547
06:31:57.566 ib_pg_f        125932  nvme1n1 WS   1756892672 131072    0.625
06:31:57.566 ib_pg_f        125932  nvme1n1 WS   1756892928 131072    0.699
06:31:57.566 ib_pg_f        125932  nvme1n1 WS   1756893184 16384     0.710
06:31:57.567 ib_pg_f        125932  nvme1n1 WS   1755173600 16384     0.043
06:31:57.567 ib_pg_f        125932  nvme1n1 WS   1757691136 16384     0.051
06:31:57.567 ib_pg_f        125932  nvme1n1 WS   1757759648 16384     0.054
06:31:57.567 ib_pg_f        125932  nvme1n1 WS   1756433376 16384     0.069
06:31:57.567 ib_pg_f        125932  nvme1n1 WS   1755217512 16384     0.066
06:31:57.567 ib_pg_f        125932  nvme1n1 WS   1755178208 16384     0.071
06:31:57.567 ib_pg_f        125932  nvme1n1 WS   1755244096 16384     0.072
06:31:57.567 ib_pg_f        125932  nvme1n1 WS   1757716416 16384     0.073
06:31:57.567 ib_pg_f        125932  nvme1n1 WS   1755104512 16384     0.081
06:31:57.567 ib_pg_f        125932  nvme1n1 WS   1755244064 16384     0.082
06:31:57.567 ib_pg_f        125932  nvme1n1 WS   1440672    16384     0.077
06:31:57.567 ib_pg_f        125932  nvme1n1 WS   1440704    16384     0.078
06:31:57.567 ib_pg_f        125932  nvme1n1 WS   1440736    16384     0.078
06:31:57.567 ib_pg_f        125932  nvme1n1 WS   1440768    16384     0.079
06:31:57.567 ib_pg_f        125932  nvme1n1 WS   13303136   16384     0.077
06:31:57.567 ib_pg_f        125932  nvme1n1 WS   13302112   16384     0.082
06:31:57.567 ib_pg_f        125932  nvme1n1 WS   13302272   16384     0.084
06:31:57.567 ib_pg_f        125932  nvme1n1 WS   13302880   16384     0.084
06:31:57.567 ib_pg_f        125932  nvme1n1 WS   1757758240 16384     0.083
06:31:57.567 ib_pg_f        125932  nvme1n1 WS   1757758368 16384     0.084
06:31:57.567 ib_pg_f        125932  nvme1n1 WS   1498170112 16384     0.084
06:31:57.567 ib_pg_f        125932  nvme1n1 WS   1740172288 16384     0.086
06:31:57.567 ib_pg_f        125932  nvme1n1 WS   1740172320 16384     0.087
06:31:57.567 ib_pg_f        125932  nvme1n1 WS   13302752   16384     0.087
06:31:57.567 ib_pg_f        125932  nvme1n1 WS   1740172096 16384     0.086
06:31:57.567 ib_pg_f        125932  nvme1n1 WS   1740171264 16384     0.090
06:31:57.567 ib_pg_f        125932  nvme1n1 WS   1740169632 16384     0.097
06:31:57.567 ib_pg_f        125932  nvme1n1 WS   1740172256 16384     0.087
06:31:57.567 ib_pg_f        125932  nvme1n1 WS   1440384    16384     0.087
06:31:57.567 ib_pg_f        125932  nvme1n1 WS   1440416    16384     0.090
06:31:57.567 ib_pg_f        125932  nvme1n1 WS   1440448    16384     0.093
06:31:57.567 ib_pg_f        125932  nvme1n1 WS   1440480    16384     0.094
06:31:57.567 ib_pg_f        125932  nvme1n1 WS   1440512    16384     0.098
06:31:57.567 ib_pg_f        125932  nvme1n1 WS   1440576    16384     0.090
06:31:57.567 ib_pg_f        125932  nvme1n1 WS   1440608    16384     0.089
06:31:57.567 ib_pg_f        125932  nvme1n1 WS   1440640    16384     0.094
06:31:57.567 ib_pg_f        125932  nvme1n1 WS   1439840    16384     0.093
06:31:57.567 ib_pg_f        125932  nvme1n1 WS   1439872    16384     0.096
06:31:57.567 ib_pg_f        125932  nvme1n1 WS   1439904    16384     0.098
06:31:57.567 ib_pg_f        125932  nvme1n1 WS   1755104480 16384     0.102
06:31:57.567 ib_pg_f        125932  nvme1n1 WS   1756435200 16384     0.104
06:31:57.567 ib_pg_f        125932  nvme1n1 WS   1755176960 16384     0.111
06:31:57.567 ib_pg_f        125932  nvme1n1 WS   1756433216 16384     0.106
06:31:57.567 ib_pg_f        125932  nvme1n1 WS   1755178240 16384     0.106
06:31:57.567 ib_pg_f        125932  nvme1n1 WS   1755248096 16384     0.112
06:31:57.567 ib_pg_f        125932  nvme1n1 WS   1755104544 16384     0.097
06:31:57.567 ib_pg_f        125932  nvme1n1 WS   1756433984 16384     0.103
06:31:57.567 ib_pg_f        125932  nvme1n1 WS   1755178272 16384     0.108
06:31:57.567 ib_pg_f        125932  nvme1n1 WS   1755173696 16384     0.119
06:31:57.567 ib_pg_f        125932  nvme1n1 WS   1740147232 16384     0.111
06:31:57.567 ib_pg_f        125932  nvme1n1 WS   1740058784 16384     0.108
06:31:57.567 ib_pg_f        125932  nvme1n1 WS   13303296   16384     0.110
06:31:57.567 ib_pg_f        125932  nvme1n1 WS   1757757632 16384     0.115
06:31:57.567 ib_pg_f        125932  nvme1n1 WS   1756946400 16384     0.125
06:31:57.567 ib_pg_f        125932  nvme1n1 WS   1740167072 16384     0.116
06:31:57.567 ib_pg_f        125932  nvme1n1 WS   1757690624 16384     0.115
06:31:57.567 ib_pg_f        125932  nvme1n1 WS   13303616   16384     0.114
06:31:57.567 ib_pg_f        125932  nvme1n1 WS   1757757728 16384     0.118
06:31:57.567 ib_pg_f        125932  nvme1n1 WS   1740147616 16384     0.110
06:31:57.567 ib_pg_f        125932  nvme1n1 WS   1757690784 16384     0.112
06:31:57.567 ib_pg_f        125932  nvme1n1 WS   1498170080 16384     0.112
06:31:57.567 ib_pg_f        125932  nvme1n1 WS   1757690048 16384     0.115
06:31:57.567 ib_pg_f        125932  nvme1n1 WS   1847072    16384     0.114
06:31:57.567 ib_pg_f        125932  nvme1n1 WS   13303200   16384     0.118
06:31:57.567 ib_pg_f        125932  nvme1n1 WS   1757690720 16384     0.118
06:31:57.884 python3        1784368 nvme1n1 WS   1630457856 131072    0.169
06:31:57.884 python3        1784368 nvme1n1 WS   1630458112 131072    0.233
06:31:57.884 python3        1784368 nvme1n1 WS   1630458368 131072    0.316
06:31:57.884 python3        1784368 nvme1n1 WS   1630458624 131072    0.430
06:31:57.884 python3        1784368 nvme1n1 WS   1630458880 131072    0.503
06:31:57.884 python3        1784368 nvme1n1 WS   1630459136 131072    0.571
06:31:57.884 python3        1784368 nvme1n1 WS   1630459392 131072    0.652
06:31:57.884 python3        1784368 nvme1n1 WS   1630459648 131072    0.696
06:31:57.884 python3        1784368 nvme1n1 WS   1630459904 131072    0.775
06:31:57.884 python3        1784368 nvme1n1 WS   1630460160 131072    0.853
06:31:57.884 python3        1784368 nvme1n1 WS   1630460416 131072    0.930
06:31:57.884 python3        1784368 nvme1n1 WS   1630460672 131072    1.013
06:31:57.884 python3        1784368 nvme1n1 WS   1630460928 131072    1.102
06:31:57.885 python3        1784368 nvme1n1 WS   1630461184 131072    1.173
06:31:57.885 python3        1784368 nvme1n1 WS   1630461440 131072    1.255
06:31:57.885 python3        1784366 nvme1n1 WS   61829120   131072    1.352
06:31:57.885 python3        1784366 nvme1n1 WS   61829376   131072    1.427
06:31:57.885 python3        1784366 nvme1n1 WS   61829632   131072    1.509
06:31:57.885 python3        1784366 nvme1n1 WS   61829888   131072    1.587
06:31:57.885 python3        1784366 nvme1n1 WS   61830144   131072    1.668
06:31:57.885 python3        1784366 nvme1n1 WS   61830400   131072    1.748
06:31:57.885 python3        1784366 nvme1n1 WS   61830656   131072    1.828
06:31:57.885 python3        1784366 nvme1n1 WS   1630461952 131072    1.922
06:31:57.885 python3        1784366 nvme1n1 WS   1630462208 131072    1.998
06:31:57.885 python3        1784366 nvme1n1 WS   1630462464 131072    2.079
06:31:57.886 python3        1784366 nvme1n1 WS   1630462720 131072    2.153
06:31:57.886 python3        1784369 nvme1n1 WS   1630466048 131072    2.240
06:31:57.886 python3        1784366 nvme1n1 WS   1630462976 131072    2.307
06:31:57.886 python3        1784366 nvme1n1 WS   1630463232 131072    2.382
06:31:57.886 python3        1784366 nvme1n1 WS   1630463488 131072    2.458
06:31:57.886 python3        1784366 nvme1n1 WS   1630463744 131072    2.526
06:31:57.886 python3        1784366 nvme1n1 WS   1630464000 131072    2.594
06:31:57.886 python3        1784366 nvme1n1 WS   1630464256 131072    2.667
06:31:57.886 python3        1784369 nvme1n1 WS   1630466304 131072    2.784
06:31:57.886 python3        1784369 nvme1n1 WS   1630466560 131072    2.850
06:31:57.886 python3        1784369 nvme1n1 WS   1630466816 131072    2.924
06:31:57.886 python3        1784369 nvme1n1 WS   1630467072 131072    2.998
06:31:57.887 python3        1784369 nvme1n1 WS   1630467328 131072    3.071
06:31:57.887 python3        1784369 nvme1n1 WS   1630467584 131072    3.147
06:31:57.887 python3        1784368 nvme1n1 WS   1630461696 131072    3.248
06:31:57.887 python3        1784368 nvme1n1 WS   1630470144 131072    3.318
06:31:57.887 python3        1784368 nvme1n1 WS   1630470400 131072    3.393
06:31:57.887 python3        1784366 nvme1n1 WS   61830912   131072    3.474
06:31:57.887 python3        1784366 nvme1n1 WS   61831168   131072    3.551
06:31:57.887 python3        1784366 nvme1n1 WS   61831424   131072    3.624
06:31:57.887 python3        1784366 nvme1n1 WS   61831680   131072    3.700
06:31:57.887 python3        1784366 nvme1n1 WS   61831936   131072    3.774
06:31:57.887 python3        1784366 nvme1n1 WS   61832192   131072    3.851
06:31:57.887 python3        1784366 nvme1n1 WS   61832448   131072    3.931
06:31:57.887 python3        1784366 nvme1n1 WS   61832704   131072    4.003
06:31:57.888 python3        1784366 nvme1n1 WS   1630464512 131072    4.077
06:31:57.888 python3        1784366 nvme1n1 WS   1630464768 131072    4.152
06:31:57.888 python3        1784366 nvme1n1 WS   1630465024 131072    4.227
06:31:57.888 python3        1784366 nvme1n1 WS   1630465280 131072    4.303
06:31:57.888 python3        1784366 nvme1n1 WS   1630465536 131072    4.380
06:31:57.888 python3        1784366 nvme1n1 WS   1630465792 131072    4.443
06:31:57.888 python3        1784366 nvme1n1 WS   1630474240 131072    4.522
06:31:57.888 python3        1784366 nvme1n1 WS   1630474496 131072    4.600
06:31:57.888 python3        1784366 nvme1n1 WS   61832960   131072    4.701
06:31:57.888 python3        1784366 nvme1n1 WS   61833216   131072    4.776
06:31:57.888 python3        1784366 nvme1n1 WS   61833472   131072    4.854
06:31:57.888 python3        1784369 nvme1n1 WS   1630467840 131072    4.937
06:31:57.888 python3        1784369 nvme1n1 WS   1630468096 131072    5.008
06:31:57.889 python3        1784369 nvme1n1 WS   1630468352 131072    5.080
06:31:57.889 python3        1784369 nvme1n1 WS   1630468608 131072    5.156
06:31:57.889 python3        1784369 nvme1n1 WS   1630468864 131072    5.231
06:31:57.889 python3        1784369 nvme1n1 WS   1630469120 131072    5.309
06:31:57.889 python3        1784369 nvme1n1 WS   1630469376 131072    5.387
06:31:57.889 python3        1784369 nvme1n1 WS   1630469632 131072    5.478
06:31:57.889 python3        1784369 nvme1n1 WS   1630469888 131072    5.533
06:31:57.889 python3        1784369 nvme1n1 WS   1630478336 131072    5.610
06:31:57.889 python3        1784369 nvme1n1 WS   1630478592 131072    5.689
06:31:57.889 python3        1784367 nvme1n1 WS   1630482432 131072    5.711
06:31:57.889 python3        1784367 nvme1n1 WS   1630482688 131072    5.778
06:31:57.889 python3        1784367 nvme1n1 WS   1630482944 131072    5.855
06:31:57.890 python3        1784367 nvme1n1 WS   1630483200 131072    5.935
06:31:57.890 python3        1784367 nvme1n1 WS   1630483456 131072    6.010
06:31:57.890 python3        1784367 nvme1n1 WS   1630483712 131072    6.087
06:31:57.890 python3        1784367 nvme1n1 WS   1630483968 131072    6.167
06:31:57.890 python3        1784366 nvme1n1 WS   1630486528 131072    6.312
06:31:57.890 python3        1784366 nvme1n1 WS   1630486784 131072    6.332
06:31:57.890 python3        1784367 nvme1n1 WS   1630484224 131072    6.399
06:31:57.890 python3        1784367 nvme1n1 WS   1630484480 131072    6.476
06:31:57.890 python3        1784367 nvme1n1 WS   1630484736 131072    6.553
06:31:57.890 python3        1784367 nvme1n1 WS   1630484992 126976    6.627
06:31:57.890 python3        1784366 nvme1n1 WS   1630487040 131072    6.713
06:31:57.890 python3        1784366 nvme1n1 WS   1630487296 131072    6.825
06:31:57.891 python3        1784366 nvme1n1 WS   1630487552 131072    6.900
06:31:57.891 python3        1784366 nvme1n1 WS   1630487808 131072    6.980
06:31:57.891 python3        1784366 nvme1n1 WS   1630488064 131072    7.055
06:31:57.891 python3        1784366 nvme1n1 WS   1630488320 131072    7.120
06:31:57.891 python3        1784366 nvme1n1 WS   1630488576 131072    7.198
06:31:57.891 python3        1784366 nvme1n1 WS   1630488832 131072    7.276
06:31:57.891 python3        1784366 nvme1n1 WS   1630489088 126976    7.350
06:31:57.891 python3        1784367 nvme1n1 WS   1630490624 131072    7.472
06:31:57.891 python3        1784367 nvme1n1 WS   1630490880 131072    7.487
06:31:57.891 python3        1784367 nvme1n1 WS   1630491136 131072    7.564
06:31:57.891 python3        1784367 nvme1n1 WS   1630491392 131072    7.644
06:31:57.891 python3        1784367 nvme1n1 WS   1630491648 131072    7.719
06:31:57.891 python3        1784367 nvme1n1 WS   1630491904 131072    7.795
06:31:57.892 python3        1784367 nvme1n1 WS   1630492160 131072    7.872
06:31:57.892 python3        1784367 nvme1n1 WS   1630492416 131072    7.938
06:31:57.892 python3        1784367 nvme1n1 WS   1630492672 131072    8.016
06:31:57.892 python3        1784367 nvme1n1 WS   1630492928 131072    8.092
06:31:57.892 python3        1784367 nvme1n1 WS   1630493184 131072    8.173
06:31:57.892 python3        1784367 nvme1n1 WS   1630493440 131072    8.259
06:31:57.892 python3        1784367 nvme1n1 WS   1630493696 131072    8.332
06:31:57.892 python3        1784369 nvme1n1 WS   1630498816 131072    8.425
06:31:57.892 python3        1784369 nvme1n1 WS   1630499072 131072    8.492
06:31:57.892 python3        1784368 nvme1n1 WS   1630494720 131072    8.569
06:31:57.892 python3        1784369 nvme1n1 WS   1630499328 131072    8.645
06:31:57.892 python3        1784368 nvme1n1 WS   1630494976 131072    8.722
06:31:57.893 python3        1784367 nvme1n1 WS   1630666752 131072    8.815
06:31:57.893 python3        1784368 nvme1n1 WS   1630502912 131072    8.892
06:31:57.893 python3        1784367 nvme1n1 WS   1630493952 131072    8.965
06:31:57.893 python3        1784367 nvme1n1 WS   1630494208 131072    9.045
06:31:57.893 python3        1784367 nvme1n1 WS   1630494464 131072    9.111
06:31:57.893 python3        1784367 nvme1n1 WS   1630507008 131072    9.190
06:31:57.893 python3        1784367 nvme1n1 WS   1630507264 131072    9.266
06:31:57.893 python3        1784367 nvme1n1 WS   1630667008 131072    9.381
06:31:57.893 python3        1784367 nvme1n1 WS   1630667264 131072    9.444
06:31:57.893 python3        1784367 nvme1n1 WS   1630667520 131072    9.521
06:31:57.893 python3        1784367 nvme1n1 WS   1630667776 131072    9.593
06:31:57.893 python3        1784367 nvme1n1 WS   1630668032 131072    9.670
06:31:57.893 python3        1784367 nvme1n1 WS   1630668288 131072    9.746
06:31:57.894 python3        1784367 nvme1n1 WS   1630668544 131072    9.795
06:31:57.894 python3        1784369 nvme1n1 WS   1630499584 131072    9.926
06:31:57.894 python3        1784368 nvme1n1 WS   1630495232 131072   10.005
06:31:57.894 python3        1784369 nvme1n1 WS   1630499840 131072   10.077
06:31:57.894 python3        1784368 nvme1n1 WS   1630495488 131072   10.158
06:31:57.894 python3        1784369 nvme1n1 WS   1630500096 131072   10.231
06:31:57.894 python3        1784368 nvme1n1 WS   1630495744 131072   10.307
06:31:57.894 python3        1784369 nvme1n1 WS   1630500352 131072   10.384
06:31:57.894 python3        1784368 nvme1n1 WS   1630496000 131072   10.459
06:31:57.894 python3        1784368 nvme1n1 WS   1630496256 131072   10.535
06:31:57.894 python3        1784369 nvme1n1 WS   1630500608 131072   10.594
06:31:57.894 python3        1784369 nvme1n1 WS   1630500864 131072   10.670
06:31:57.895 python3        1784368 nvme1n1 WS   1630496512 131072   10.745
06:31:57.895 python3        1784369 nvme1n1 WS   1630501120 131072   10.827
06:31:57.895 python3        1784368 nvme1n1 WS   1630503168 131072   10.960
06:31:57.895 python3        1784368 nvme1n1 WS   1630503424 131072   11.038
06:31:57.895 python3        1784368 nvme1n1 WS   1630503680 131072   11.114
06:31:57.895 python3        1784368 nvme1n1 WS   1630503936 131072   11.190
06:31:57.895 python3        1784368 nvme1n1 WS   1630504192 131072   11.268
06:31:57.895 python3        1784368 nvme1n1 WS   1630504448 131072   11.348
06:31:57.895 python3        1784368 nvme1n1 WS   1630504704 131072   11.417
06:31:57.895 python3        1784368 nvme1n1 WS   1630504960 131072   11.491
06:31:57.895 python3        1784368 nvme1n1 WS   1630505216 131072   11.570
06:31:57.895 python3        1784368 nvme1n1 WS   1630505472 126976   11.673
06:31:57.895 python3        1784369 nvme1n1 WS   1630501376 131072   11.735
06:31:57.896 python3        1784368 nvme1n1 WS   1630496768 131072   11.817
06:31:57.896 python3        1784369 nvme1n1 WS   1630501632 131072   11.893
06:31:57.896 python3        1784368 nvme1n1 WS   1630497024 131072   11.973
06:31:57.896 python3        1784369 nvme1n1 WS   1630501888 131072   12.047
06:31:57.896 python3        1784368 nvme1n1 WS   1630497280 131072   12.129
06:31:57.896 python3        1784368 nvme1n1 WS   1630497536 131072   12.206
06:31:57.896 python3        1784369 nvme1n1 WS   1630502144 131072   12.288
06:31:57.896 python3        1784369 nvme1n1 WS   1630502400 131072   12.363
06:31:57.896 python3        1784368 nvme1n1 WS   1630497792 131072   12.443
06:31:57.896 python3        1784368 nvme1n1 WS   1630498048 131072   12.517
06:31:57.896 python3        1784368 nvme1n1 WS   1630498304 131072   12.595
06:31:57.896 python3        1784369 nvme1n1 WS   1630502656 131072   12.661
06:31:57.897 python3        1784369 nvme1n1 WS   1630511104 131072   12.738
06:31:57.897 python3        1784368 nvme1n1 WS   1630498560 131072   12.818
06:31:57.897 python3        1784369 nvme1n1 WS   1630511360 131072   12.897
06:31:57.897 python3        1784367 nvme1n1 WS   1630668800 131072   13.023
06:31:57.897 python3        1784367 nvme1n1 WS   1630669056 131072   13.108
06:31:57.897 python3        1784367 nvme1n1 WS   1630669312 131072   13.183
06:31:57.897 python3        1784367 nvme1n1 WS   1630669568 131072   13.257
06:31:57.897 python3        1784367 nvme1n1 WS   1630669824 131072   13.337
06:31:57.897 python3        1784367 nvme1n1 WS   1630670080 131072   13.416
06:31:57.897 python3        1784367 nvme1n1 WS   1630670336 131072   13.493
06:31:57.897 python3        1784367 nvme1n1 WS   1630670592 131072   13.549
06:31:57.897 python3        1784367 nvme1n1 WS   1630670848 131072   13.624
06:31:57.898 python3        1784367 nvme1n1 WS   1630671104 131072   13.701
06:31:57.898 python3        1784368 nvme1n1 WS   1630515200 131072   13.797
06:31:57.898 python3        1784368 nvme1n1 WS   1630515456 131072   13.869
06:31:57.898 python3        1784369 nvme1n1 WS   1630519296 131072   13.918
06:31:57.898 python3        1784369 nvme1n1 WS   1630519552 131072   13.991
06:31:57.898 python3        1784369 nvme1n1 WS   1630519808 131072   14.064
06:31:57.898 python3        1784369 nvme1n1 WS   1630520064 131072   14.141
06:31:57.898 python3        1784369 nvme1n1 WS   1630520320 131072   14.217
06:31:57.898 python3        1784369 nvme1n1 WS   1630520576 131072   14.294
06:31:57.898 python3        1784369 nvme1n1 WS   1630520832 131072   14.373
06:31:57.898 python3        1784369 nvme1n1 WS   1630521088 131072   14.444
06:31:57.898 python3        1784369 nvme1n1 WS   1630521344 131072   14.519
06:31:57.898 python3        1784369 nvme1n1 WS   1630521600 131072   14.599
06:31:57.899 python3        1784369 nvme1n1 WS   1630521856 126976   14.679
06:31:58.143 nvme           1940849 Unknown N    -1         512       0.040
06:31:58.399 ib_log_        125932  nvme1n1 WS   1756078496 4096      0.055
06:31:58.399 ib_log_        125932  nvme1n1 WS   1756076288 4096      0.037
06:31:58.409 ib_log_        125941  nvme1n1 WS   1755987968 4096      0.038
06:31:58.446 python3        1784368 nvme1n1 WS   1630523392 131072    0.187
06:31:58.446 python3        1784368 nvme1n1 WS   1630523648 131072    0.244
06:31:58.446 python3        1784368 nvme1n1 WS   1630523904 131072    0.332
06:31:58.446 python3        1784368 nvme1n1 WS   1630524160 131072    0.438
06:31:58.446 python3        1784368 nvme1n1 WS   1630524416 131072    0.482
06:31:58.446 python3        1784368 nvme1n1 WS   1630524672 131072    0.550
06:31:58.446 python3        1784368 nvme1n1 WS   1630524928 131072    0.625
06:31:58.446 python3        1784367 nvme1n1 WS   1630527488 131072    0.712
06:31:58.446 python3        1784367 nvme1n1 WS   1630527744 131072    0.795
06:31:58.446 python3        1784367 nvme1n1 WS   1630528000 131072    0.860
06:31:58.446 python3        1784367 nvme1n1 WS   1630528256 131072    0.939
06:31:58.447 python3        1784368 nvme1n1 WS   1630525184 131072    1.019
06:31:58.447 python3        1784368 nvme1n1 WS   1630525440 131072    1.099
06:31:58.447 python3        1784368 nvme1n1 WS   1630525696 131072    1.194
06:31:58.447 python3        1784368 nvme1n1 WS   1630525952 131072    1.257
06:31:58.447 python3        1784368 nvme1n1 WS   1630526208 131072    1.344
06:31:58.447 python3        1784368 nvme1n1 WS   1630526464 131072    1.419
06:31:58.447 python3        1784367 nvme1n1 WS   1630528512 131072    1.515
06:31:58.447 python3        1784367 nvme1n1 WS   1630528768 131072    1.592
06:31:58.447 python3        1784367 nvme1n1 WS   1630529024 131072    1.669
06:31:58.447 python3        1784368 nvme1n1 WS   1630526720 131072    1.752
06:31:58.447 python3        1784368 nvme1n1 WS   1630526976 131072    1.831
06:31:58.447 python3        1784368 nvme1n1 WS   1630527232 131072    1.900
06:31:58.448 python3        1784368 nvme1n1 WS   1630531584 114688    1.974
06:31:58.448 python3        1784367 nvme1n1 WS   1630529280 131072    2.052
06:31:58.448 python3        1784367 nvme1n1 WS   1630529536 131072    2.127
06:31:58.448 python3        1784367 nvme1n1 WS   1630529792 131072    2.199
06:31:58.448 python3        1784367 nvme1n1 WS   1630530048 131072    2.275
06:31:58.448 python3        1784367 nvme1n1 WS   1630530304 131072    2.345
06:31:58.448 python3        1784367 nvme1n1 WS   1630530560 131072    2.417
06:31:58.448 python3        1784368 nvme1n1 WS   847089664  131072    2.499
06:31:58.448 python3        1784368 nvme1n1 WS   847089920  131072    2.569
06:31:58.448 python3        1784368 nvme1n1 WS   847090176  131072    2.642
06:31:58.448 python3        1784368 nvme1n1 WS   847090432  131072    2.716
06:31:58.448 python3        1784368 nvme1n1 WS   847090688  131072    2.791
06:31:58.448 python3        1784368 nvme1n1 WS   847090944  131072    2.863
06:31:58.449 python3        1784368 nvme1n1 WS   847091200  131072    2.940
06:31:58.449 python3        1784367 nvme1n1 WS   1630530816 131072    3.039
06:31:58.449 python3        1784367 nvme1n1 WS   1630531072 131072    3.111
06:31:58.449 python3        1784368 nvme1n1 WS   1630797824 131072    3.242
06:31:58.449 python3        1784368 nvme1n1 WS   1630798080 131072    3.254
06:31:58.449 python3        1784368 nvme1n1 WS   1630798336 131072    3.327
06:31:58.449 python3        1784366 nvme1n1 WS   76582912   131072    3.410
06:31:58.449 python3        1784369 nvme1n1 WS   1630674944 131072    3.491
06:31:58.449 python3        1784368 nvme1n1 WS   1630798592 131072    3.559
06:31:58.449 python3        1784368 nvme1n1 WS   1630798848 131072    3.634
06:31:58.449 python3        1784368 nvme1n1 WS   1630799104 131072    3.712
06:31:58.449 python3        1784368 nvme1n1 WS   1630799360 131072    3.784
06:31:58.449 python3        1784368 nvme1n1 WS   1630799616 131072    3.846
06:31:58.450 python3        1784368 nvme1n1 WS   1630799872 131072    3.920
06:31:58.450 python3        1784368 nvme1n1 WS   1630800128 131072    3.995
06:31:58.450 python3        1784368 nvme1n1 WS   1630800384 131072    4.072
06:31:58.450 python3        1784368 nvme1n1 WS   1630800640 131072    4.146
06:31:58.450 python3        1784368 nvme1n1 WS   1630800896 131072    4.222
06:31:58.450 python3        1784366 nvme1n1 WS   76583168   131072    4.344
06:31:58.450 python3        1784366 nvme1n1 WS   76583424   131072    4.416
06:31:58.450 python3        1784366 nvme1n1 WS   76583680   131072    4.490
06:31:58.450 python3        1784366 nvme1n1 WS   76583936   131072    4.564
06:31:58.450 python3        1784366 nvme1n1 WS   76584192   131072    4.639
06:31:58.450 python3        1784366 nvme1n1 WS   76584448   131072    4.715
06:31:58.450 python3        1784366 nvme1n1 WS   76584704   131072    4.778
06:31:58.450 python3        1784366 nvme1n1 WS   76584960   131072    4.851
06:31:58.451 python3        1784366 nvme1n1 WS   76585216   131072    4.928
06:31:58.451 python3        1784369 nvme1n1 WS   1630675200 131072    5.060
06:31:58.451 python3        1784369 nvme1n1 WS   1630675456 131072    5.131
06:31:58.451 python3        1784369 nvme1n1 WS   1630675712 131072    5.212
06:31:58.451 python3        1784369 nvme1n1 WS   1630675968 131072    5.290
06:31:58.451 python3        1784369 nvme1n1 WS   1630676224 131072    5.366
06:31:58.451 python3        1784369 nvme1n1 WS   1630676480 131072    5.445
06:31:58.451 python3        1784367 nvme1n1 WS   1630531328 131072    5.541
06:31:58.451 python3        1784367 nvme1n1 WS   1630699520 131072    5.615
06:31:58.451 python3        1784367 nvme1n1 WS   1630699776 131072    5.693
06:31:58.451 python3        1784368 nvme1n1 WS   847091456  131072    5.774
06:31:58.451 python3        1784368 nvme1n1 WS   847091712  131072    5.847
06:31:58.452 python3        1784368 nvme1n1 WS   847091968  131072    5.925
06:31:58.452 python3        1784368 nvme1n1 WS   847092224  131072    6.000
06:31:58.452 python3        1784368 nvme1n1 WS   847092480  131072    6.076
06:31:58.452 python3        1784368 nvme1n1 WS   847092736  131072    6.156
06:31:58.452 python3        1784368 nvme1n1 WS   847092992  131072    6.235
06:31:58.452 python3        1784368 nvme1n1 WS   847093248  131072    6.310
06:31:58.452 python3        1784366 nvme1n1 WS   1564106752 131072    6.410
06:31:58.452 python3        1784366 nvme1n1 WS   1564107008 131072    6.480
06:31:58.452 python3        1784366 nvme1n1 WS   1564107264 131072    6.559
06:31:58.452 python3        1784366 nvme1n1 WS   1564107520 131072    6.635
06:31:58.452 python3        1784366 nvme1n1 WS   1564107776 131072    6.716
06:31:58.452 python3        1784366 nvme1n1 WS   1564108032 131072    6.791
06:31:58.453 python3        1784366 nvme1n1 WS   1630679040 131072    6.940
06:31:58.453 python3        1784366 nvme1n1 WS   1630679296 131072    7.004
06:31:58.453 python3        1784366 nvme1n1 WS   1630679552 131072    7.078
06:31:58.453 python3        1784366 nvme1n1 WS   1630679808 131072    7.152
06:31:58.453 python3        1784366 nvme1n1 WS   1630680064 131072    7.229
06:31:58.453 python3        1784366 nvme1n1 WS   1630680320 131072    7.303
06:31:58.453 python3        1784366 nvme1n1 WS   1630680576 131072    7.383
06:31:58.453 python3        1784367 nvme1n1 WS   1630703616 131072    7.460
06:31:58.453 python3        1784367 nvme1n1 WS   1630703872 131072    7.534
06:31:58.453 python3        1784367 nvme1n1 WS   1630704128 131072    7.613
06:31:58.453 python3        1784367 nvme1n1 WS   1630704384 131072    7.687
06:31:58.453 python3        1784367 nvme1n1 WS   1630704640 131072    7.765
06:31:58.454 python3        1784367 nvme1n1 WS   1630704896 131072    7.840
06:31:58.454 python3        1784366 nvme1n1 WS   1630680832 131072    7.922
06:31:58.454 python3        1784367 nvme1n1 WS   1630705152 131072    8.002
06:31:58.454 python3        1784366 nvme1n1 WS   1630681088 131072    8.079
06:31:58.454 python3        1784366 nvme1n1 WS   1630681344 131072    8.156
06:31:58.454 python3        1784366 nvme1n1 WS   1630681600 131072    8.235
06:31:58.454 python3        1784366 nvme1n1 WS   1630681856 131072    8.311
06:31:58.454 python3        1784366 nvme1n1 WS   1630682112 131072    8.388
06:31:58.454 python3        1784366 nvme1n1 WS   76585472   131072    8.575
06:31:58.454 python3        1784366 nvme1n1 WS   76585728   131072    8.601
06:31:58.454 python3        1784366 nvme1n1 WS   76585984   131072    8.682
06:31:58.454 python3        1784366 nvme1n1 WS   76586240   131072    8.760
06:31:58.454 python3        1784366 nvme1n1 WS   76586496   131072    8.839
06:31:58.455 python3        1784366 nvme1n1 WS   76586752   131072    8.909
06:31:58.455 python3        1784366 nvme1n1 WS   76587008   131072    8.991
06:31:58.455 python3        1784366 nvme1n1 WS   76587264   131072    9.068
06:31:58.455 python3        1784368 nvme1n1 WS   847093504  131072    9.178
06:31:58.455 python3        1784368 nvme1n1 WS   847093760  131072    9.254
06:31:58.455 python3        1784368 nvme1n1 WS   847094016  131072    9.330
06:31:58.455 python3        1784366 nvme1n1 WS   1564108288 131072    9.421
06:31:58.455 python3        1784366 nvme1n1 WS   1564108544 131072    9.478
06:31:58.455 python3        1784366 nvme1n1 WS   1564108800 131072    9.554
06:31:58.455 python3        1784366 nvme1n1 WS   1564109056 131072    9.629
06:31:58.455 python3        1784366 nvme1n1 WS   1564109312 131072    9.705
06:31:58.455 python3        1784366 nvme1n1 WS   1564109568 131072    9.781
06:31:58.456 python3        1784366 nvme1n1 WS   1564109824 131072    9.858
06:31:58.456 python3        1784366 nvme1n1 WS   1564110080 131072    9.940
06:31:58.456 python3        1784366 nvme1n1 WS   1564110336 131072   10.020
06:31:58.456 python3        1784366 nvme1n1 WS   1564110592 131072   10.085
06:31:58.456 python3        1784366 nvme1n1 WS   1564110848 131072   10.165
06:31:58.456 python3        1784366 nvme1n1 WS   1564111104 131072   10.242
06:31:58.456 python3        1784368 nvme1n1 WS   1630801152 131072   10.387
06:31:58.456 python3        1784368 nvme1n1 WS   1630801408 131072   10.462
06:31:58.456 python3        1784368 nvme1n1 WS   1630801664 131072   10.527
06:31:58.456 python3        1784368 nvme1n1 WS   1630801920 131072   10.600
06:31:58.456 python3        1784368 nvme1n1 WS   1630802176 131072   10.676
06:31:58.456 python3        1784369 nvme1n1 WS   1630676736 131072   10.778
06:31:58.457 python3        1784369 nvme1n1 WS   1630676992 131072   10.853
06:31:58.457 python3        1784369 nvme1n1 WS   1630677248 131072   10.931
06:31:58.457 python3        1784369 nvme1n1 WS   1630677504 131072   11.006
06:31:58.457 python3        1784369 nvme1n1 WS   1630677760 131072   11.083
06:31:58.457 python3        1784369 nvme1n1 WS   1630678016 131072   11.163
06:31:58.457 python3        1784369 nvme1n1 WS   1630678272 131072   11.239
06:31:58.457 python3        1784369 nvme1n1 WS   1630678528 131072   11.314
06:31:58.457 python3        1784369 nvme1n1 WS   1630678784 131072   11.370
06:31:58.457 python3        1784369 nvme1n1 WS   1630711808 131072   11.444
06:31:58.457 python3        1784369 nvme1n1 WS   1630712064 131072   11.523
06:31:58.457 python3        1784369 nvme1n1 WS   1630707712 131072   11.647
06:31:58.457 python3        1784369 nvme1n1 WS   1630707968 131072   11.715
06:31:58.457 python3        1784369 nvme1n1 WS   1630708224 131072   11.793
06:31:58.458 python3        1784369 nvme1n1 WS   1630708480 131072   11.868
06:31:58.458 python3        1784369 nvme1n1 WS   1630708736 131072   11.982
06:31:58.458 python3        1784369 nvme1n1 WS   1630708992 131072   12.061
06:31:58.458 python3        1784369 nvme1n1 WS   1630709248 131072   12.139
06:31:58.458 python3        1784369 nvme1n1 WS   1630709504 131072   12.201
06:31:58.458 python3        1784369 nvme1n1 WS   1630709760 131072   12.281
06:31:58.458 python3        1784369 nvme1n1 WS   61837312   131072   12.452
06:31:58.458 python3        1784369 nvme1n1 WS   61837568   131072   12.473
06:31:58.458 python3        1784369 nvme1n1 WS   61837824   131072   12.531
06:31:58.458 python3        1784369 nvme1n1 WS   61838080   131072   12.610
06:31:58.458 python3        1784369 nvme1n1 WS   61838336   131072   12.684
06:31:58.458 python3        1784369 nvme1n1 WS   61838592   131072   12.764
06:31:58.459 python3        1784369 nvme1n1 WS   61838848   131072   12.843
06:31:58.459 python3        1784366 nvme1n1 WS   1630682368 131072   12.988
06:31:58.459 python3        1784367 nvme1n1 WS   1630705408 131072   13.011
06:31:58.459 python3        1784366 nvme1n1 WS   1630682624 131072   13.084
06:31:58.459 python3        1784367 nvme1n1 WS   1630705664 131072   13.163
06:31:58.459 python3        1784367 nvme1n1 WS   1630705920 131072   13.241
06:31:58.459 python3        1784367 nvme1n1 WS   1630706176 131072   13.317
06:31:58.459 python3        1784367 nvme1n1 WS   1630706432 131072   13.391
06:31:58.459 python3        1784367 nvme1n1 WS   1630706688 131072   13.467
06:31:58.459 python3        1784366 nvme1n1 WS   1630682880 131072   13.550
06:31:58.459 python3        1784366 nvme1n1 WS   1630715904 114688   13.618
06:31:58.459 python3        1784367 nvme1n1 WS   1630706944 131072   13.703
06:31:58.460 python3        1784367 nvme1n1 WS   1630707200 131072   13.785
06:31:58.460 python3        1784367 nvme1n1 WS   1630707456 131072   13.849
06:31:58.460 python3        1784367 nvme1n1 WS   1630728192 131072   13.928
06:31:58.460 python3        1784367 nvme1n1 WS   1630728448 131072   14.007
06:31:58.460 python3        1784369 nvme1n1 WS   1630710016 131072   14.134
06:31:58.460 python3        1784369 nvme1n1 WS   1630710272 131072   14.216
06:31:58.460 python3        1784369 nvme1n1 WS   1630710528 131072   14.290
06:31:58.460 python3        1784369 nvme1n1 WS   1630710784 131072   14.368
06:31:58.460 python3        1784369 nvme1n1 WS   1630711040 131072   14.447
06:31:58.460 python3        1784369 nvme1n1 WS   1630711296 131072   14.525
06:31:58.460 python3        1784369 nvme1n1 WS   1630711552 131072   14.594
06:31:58.460 python3        1784369 nvme1n1 WS   1630724096 114688   14.666
06:31:58.461 python3        1784369 nvme1n1 WS   61839104   131072   14.811
06:31:58.461 python3        1784369 nvme1n1 WS   61839360   131072   14.839
06:31:58.461 python3        1784369 nvme1n1 WS   61839616   131072   14.913
06:31:58.461 python3        1784369 nvme1n1 WS   61839872   131072   14.988
06:31:58.461 python3        1784369 nvme1n1 WS   61840128   131072   15.066
06:31:58.461 python3        1784369 nvme1n1 WS   61840384   131072   15.147
06:31:58.461 python3        1784369 nvme1n1 WS   61840640   131072   15.226
06:31:58.461 python3        1784369 nvme1n1 WS   61840896   131072   15.303
06:31:58.461 python3        1784369 nvme1n1 WS   61841152   131072   15.369
06:31:58.461 python3        1784369 nvme1n1 WS   61841408   131072   15.450
06:31:58.461 python3        1784369 nvme1n1 WS   61841664   131072   15.528
06:31:58.461 python3        1784367 nvme1n1 WS   1630720000 131072   15.620
06:31:58.461 python3        1784367 nvme1n1 WS   1630720256 131072   15.688
06:31:58.462 python3        1784367 nvme1n1 WS   1630720512 131072   15.764
06:31:58.462 python3        1784367 nvme1n1 WS   1630720768 131072   15.842
06:31:58.462 python3        1784367 nvme1n1 WS   1630721024 131072   15.920
06:31:58.462 python3        1784367 nvme1n1 WS   1630721280 131072   15.997
06:31:58.462 python3        1784367 nvme1n1 WS   1630721536 131072   16.077
06:31:58.462 python3        1784367 nvme1n1 WS   1630721792 131072   16.141
06:31:58.462 python3        1784367 nvme1n1 WS   1630722048 131072   16.218
06:31:58.462 python3        1784367 nvme1n1 WS   1630722304 131072   16.295
06:31:58.462 python3        1784367 nvme1n1 WS   1630722560 131072   16.371
06:31:58.462 python3        1784367 nvme1n1 WS   1630722816 131072   16.449
06:31:58.462 python3        1784367 nvme1n1 WS   1630723072 131072   16.528
06:31:58.462 python3        1784367 nvme1n1 WS   1630723328 131072   16.601
06:31:58.463 python3        1784367 nvme1n1 WS   1630723584 131072   16.680
06:31:58.463 python3        1784367 nvme1n1 WS   1630723840 131072   16.744
06:31:58.463 python3        1784367 nvme1n1 WS   1630535680 114688   16.815
06:31:59.128 amoprof        1787544 nvme1n1 W    608874824  4096      0.059
