TIMESTAMP    COMM           PID     DISK    T    SECTOR     BYTES   LAT(ms)
12:29:22.369 nvme           2426792 Unknown N    -1         512       0.038
12:29:23.233 kworker        2413243 nvme0n1 W    8144984    4096      0.937
12:29:23.234 kworker        2413243 nvme0n1 W    8144928    4096      1.082
12:29:23.234 kworker        2413243 nvme0n1 W    8144888    4096      1.092
12:29:23.234 kworker        2413243 nvme0n1 W    8145008    4096      1.090
12:29:23.234 kworker        2413243 nvme0n1 W    8145232    16384     1.089
12:29:23.234 kworker        2413243 nvme0n1 W    8145088    12288     1.138
12:29:23.234 kworker        2413243 nvme0n1 W    8145136    32768     1.259
12:29:23.236 kworker        2413243 nvme0n1 W    8145328    262144    3.211
12:29:23.236 kworker        2413243 nvme0n1 W    8145840    262144    2.492
12:29:23.236 kworker        2413243 nvme0n1 W    8146352    262144    2.797
12:29:23.237 kworker        2413243 nvme0n1 W    8147376    262144    2.971
12:29:23.237 kworker        2413243 nvme0n1 W    8148400    262144    3.322
12:29:23.237 kworker        2413243 nvme0n1 W    8146864    262144    3.750
12:29:23.238 kworker        2413243 nvme0n1 W    8147888    262144    4.896
12:29:23.240 kworker        2413243 nvme0n1 W    8149424    262144    3.477
12:29:23.240 kworker        2413243 nvme0n1 W    8148912    262144    5.829
12:29:23.240 kworker        2413243 nvme0n1 W    8149936    262144    4.294
12:29:23.240 kworker        2413243 nvme0n1 W    8150448    262144    3.920
12:29:23.241 kworker        2413243 nvme0n1 W    8150960    262144    4.139
12:29:23.241 kworker        2413243 nvme0n1 W    8151984    163840    3.677
12:29:23.241 kworker        2413243 nvme0n1 W    8153840    16384     1.362
12:29:23.241 kworker        2413243 nvme0n1 W    8154224    65536     1.737
12:29:23.242 kworker        2413243 nvme0n1 W    8151472    262144    4.265
12:29:23.242 kworker        2413243 nvme0n1 W    8156320    8192      0.898
12:29:23.242 kworker        2413243 nvme0n1 W    8157688    4096      0.815
12:29:23.242 kworker        2413243 nvme0n1 W    8157904    16384     0.829
12:29:23.242 kworker        2413243 nvme0n1 W    8155120    131072    1.786
12:29:23.242 kworker        2413243 nvme0n1 W    8157424    131072    1.433
12:29:23.242 kworker        2413243 nvme0n1 W    8158000    16384     0.615
12:29:23.243 kworker        2413243 nvme0n1 W    8158064    65536     0.838
12:29:23.243 kworker        2413243 nvme0n1 W    39159904   4096      0.594
12:29:23.243 kworker        2413243 nvme0n1 W    39159816   4096      0.604
12:29:23.243 kworker        2413243 nvme0n1 W    8154608    262144    2.525
12:29:23.243 kworker        2413243 nvme0n1 W    39159936   32768     0.634
12:29:23.243 kworker        2413243 nvme0n1 W    8159728    131072    1.387
12:29:23.243 kworker        2413243 nvme0n1 W    8159216    131072    1.402
12:29:23.244 kworker        2413243 nvme0n1 W    39161144   4096      0.788
12:29:23.244 kworker        2413243 nvme0n1 W    39161296   4096      0.796
12:29:23.244 kworker        2413243 nvme0n1 W    39161440   4096      0.667
12:29:23.244 kworker        2413243 nvme0n1 W    39161592   4096      0.689
12:29:23.244 kworker        2413243 nvme0n1 W    39161888   4096      0.395
12:29:23.244 kworker        2413243 nvme0n1 W    39161736   4096      0.449
12:29:23.244 kworker        2413243 nvme0n1 W    39160960   65536     1.066
12:29:23.244 kworker        2413243 nvme0n1 W    39162032   4096      0.372
12:29:23.244 kworker        2413243 nvme0n1 W    39162192   4096      0.501
12:29:23.244 kworker        2413243 nvme0n1 W    39162360   4096      0.465
12:29:23.244 kworker        2413243 nvme0n1 W    39162504   4096      0.467
12:29:23.244 kworker        2413243 nvme0n1 W    39162720   4096      0.527
12:29:23.244 kworker        2413243 nvme0n1 W    39162568   8192      0.530
12:29:23.245 kworker        2413243 nvme0n1 W    39163016   4096      0.546
12:29:23.245 kworker        2413243 nvme0n1 W    39162864   8192      0.608
12:29:23.245 kworker        2413243 nvme0n1 W    39163240   4096      0.537
12:29:23.245 kworker        2413243 nvme0n1 W    39163392   4096      0.540
12:29:23.245 kworker        2413243 nvme0n1 W    39163184   4096      0.545
12:29:23.245 kworker        2413243 nvme0n1 W    39160448   262144    2.628
12:29:23.245 kworker        2413243 nvme0n1 W    39163648   32768     0.934
12:29:23.246 kworker        2413243 nvme0n1 W    39165832   8192      0.864
12:29:23.246 kworker        2413243 nvme0n1 W    7337992    4096      0.974
12:29:23.246 kworker        2413243 nvme0n1 W    39164800   65536     1.222
12:29:23.247 kworker        2413243 nvme0n1 W    39165856   65536     1.809
12:29:23.247 kworker        2413243 nvme0n1 W    39163904   262144    2.837
12:29:23.248 kworker        2413243 nvme0n1 W    39165184   262144    3.082
12:29:23.387 nvme           2426858 Unknown N    -1         512       0.032
12:29:24.409 nvme           2426868 Unknown N    -1         512       0.034
12:29:25.257 jbd2/nv        752     nvme1n1 WSM  877850936  126976    0.166
12:29:25.257 jbd2/nv        752     nvme1n1 WSM  877851184  4096      0.032
12:29:25.430 nvme           2426873 Unknown N    -1         512       0.036
12:29:25.793 kworker        2406527 nvme1n1 W    1250936784 12288     0.112
12:29:25.793 kworker        2406527 nvme1n1 W    625665624  126976    0.180
12:29:25.793 kworker        2406527 nvme1n1 W    625665872  118784    0.254
12:29:25.793 kworker        2406527 nvme1n1 W    625666104  106496    0.317
12:29:25.793 kworker        2406527 nvme1n1 W    625666312  102400    0.375
12:29:25.793 kworker        2406527 nvme1n1 W    625666512  69632     0.416
12:29:25.793 kworker        2406527 nvme1n1 W    625666648  94208     0.471
12:29:25.793 kworker        2406527 nvme1n1 W    625666832  110592    0.536
12:29:25.793 kworker        2406527 nvme1n1 W    625494696  73728     0.292
12:29:25.793 kworker        2406527 nvme1n1 W    625667048  69632     0.330
12:29:25.793 kworker        2406527 nvme1n1 W    625494840  90112     0.381
12:29:25.794 kworker        2406527 nvme1n1 W    625667184  110592    0.140
12:29:25.794 kworker        2406527 nvme1n1 W    625667400  94208     0.197
12:29:25.794 kworker        2406527 nvme1n1 W    625667584  118784    0.266
12:29:25.794 kworker        2406527 nvme1n1 W    625667816  86016     0.322
12:29:25.794 kworker        2406527 nvme1n1 W    625852416  61440     0.356
12:29:25.794 kworker        2406527 nvme1n1 W    625667984  45056     0.382
12:29:25.794 kworker        2406527 nvme1n1 W    625852536  65536     0.421
12:29:25.794 kworker        2406527 nvme1n1 W    625668072  12288     0.286
12:29:26.445 nvme           2426878 Unknown N    -1         512       0.031
12:29:27.461 nvme           2426883 Unknown N    -1         512       0.032
12:29:27.842 kworker        2406527 nvme1n1 WM   0          4096      0.121
12:29:27.842 kworker        2406527 nvme1n1 WM   168        4096      0.132
12:29:27.842 kworker        2406527 nvme1n1 WM   352        4096      0.136
12:29:27.842 kworker        2406527 nvme1n1 WM   408        4096      0.136
12:29:27.842 kworker        2406527 nvme1n1 WM   440        4096      0.137
12:29:27.842 kworker        2406527 nvme1n1 WM   592        4096      0.149
12:29:27.842 kworker        2406527 nvme1n1 WM   608        8192      0.150
12:29:27.842 kworker        2406527 nvme1n1 WM   800        4096      0.151
12:29:27.842 kworker        2406527 nvme1n1 WM   832        4096      0.152
12:29:27.842 kworker        2406527 nvme1n1 WM   461373728  4096      0.150
12:29:27.842 kworker        2406527 nvme1n1 WM   624951304  4096      0.155
12:29:27.842 kworker        2406527 nvme1n1 WM   624951448  4096      0.156
12:29:27.842 kworker        2406527 nvme1n1 W    1192354776 20480     0.175
12:29:27.842 kworker        2406527 nvme1n1 WM   339738696  28672     0.170
12:29:27.842 kworker        2406527 nvme1n1 WM   343932936  28672     0.179
12:29:27.842 kworker        2406527 nvme1n1 WM   624965920  49152     0.203
12:29:27.842 kworker        2406527 nvme1n1 WM   721420392  4096      0.077
12:29:27.842 kworker        2406527 nvme1n1 WM   729808912  4096      0.084
12:29:27.842 kworker        2406527 nvme1n1 WM   843055184  4096      0.085
12:29:27.842 kworker        2406527 nvme1n1 WM   905969856  4096      0.096
12:29:27.842 kworker        2406527 nvme1n1 WM   905969920  4096      0.101
12:29:27.842 kworker        2406527 nvme1n1 WM   1224736856 4096      0.100
12:29:27.842 kworker        2406527 nvme1n1 WM   1262485520 4096      0.101
12:29:27.842 kworker        2406527 nvme1n1 WM   1276764088 4096      0.104
12:29:27.842 kworker        2406527 nvme1n1 WM   1276768560 4096      0.105
12:29:27.842 kworker        2406527 nvme1n1 WM   1276770688 4096      0.110
12:29:27.842 kworker        2406527 nvme1n1 WM   1276771064 4096      0.114
12:29:27.842 kworker        2406527 nvme1n1 WM   1276771176 4096      0.116
12:29:27.842 kworker        2406527 nvme1n1 WM   1276771504 4096      0.116
12:29:27.842 kworker        2406527 nvme1n1 WM   1276771680 4096      0.117
12:29:27.842 kworker        2406527 nvme1n1 WM   624966048  65536     0.154
12:29:27.842 kworker        2406527 nvme1n1 WM   906002952  102400    0.209
12:29:27.842 kworker        2406527 nvme1n1 WM   1276771808 4096      0.077
12:29:27.842 kworker        2406527 nvme1n1 WM   1276772000 4096      0.079
12:29:27.842 kworker        2406527 nvme1n1 WM   1276772080 4096      0.087
12:29:27.842 kworker        2406527 nvme1n1 WM   1279127680 4096      0.088
12:29:27.842 kworker        2406527 nvme1n1 WM   1279127712 4096      0.089
12:29:27.842 kworker        2406527 nvme1n1 WM   1279127744 4096      0.092
12:29:27.842 kworker        2406527 nvme1n1 WM   1279128096 8192      0.100
12:29:27.842 kworker        2406527 nvme1n1 WM   1279128136 4096      0.104
12:29:27.842 kworker        2406527 nvme1n1 WM   1279128320 8192      0.107
12:29:27.842 kworker        2406527 nvme1n1 WM   1279128400 4096      0.113
12:29:27.842 kworker        2406527 nvme1n1 WM   1279128416 4096      0.120
12:29:27.842 kworker        2406527 nvme1n1 WM   1279128520 4096      0.121
12:29:27.842 kworker        2406527 nvme1n1 WM   1279128720 4096      0.122
12:29:27.842 kworker        2406527 nvme1n1 WM   1279128744 4096      0.125
12:29:27.842 kworker        2406527 nvme1n1 WM   1279128808 4096      0.127
12:29:27.842 kworker        2406527 nvme1n1 WM   1279129688 4096      0.078
12:29:27.842 kworker        2406527 nvme1n1 WM   1279129848 4096      0.084
12:29:27.842 kworker        2406527 nvme1n1 WM   1279130112 4096      0.099
12:29:27.842 kworker        2406527 nvme1n1 WM   1279130296 4096      0.102
12:29:27.842 kworker        2406527 nvme1n1 WM   1279130496 4096      0.103
12:29:27.842 kworker        2406527 nvme1n1 WM   1279130768 4096      0.108
12:29:27.842 kworker        2406527 nvme1n1 WM   1279131072 4096      0.109
12:29:27.842 kworker        2406527 nvme1n1 WM   1279258616 4096      0.112
12:29:27.842 kworker        2406527 nvme1n1 WM   1279259248 4096      0.117
12:29:27.842 kworker        2406527 nvme1n1 WM   1279259544 4096      0.118
12:29:27.842 kworker        2406527 nvme1n1 WM   1279259776 4096      0.120
12:29:27.843 kworker        2406527 nvme1n1 WM   1279260088 4096      0.123
12:29:27.843 kworker        2406527 nvme1n1 WM   1279261016 4096      0.123
12:29:27.843 kworker        2406527 nvme1n1 WM   1279261240 4096      0.124
12:29:27.843 kworker        2406527 nvme1n1 WM   1279261304 4096      0.124
12:29:27.843 kworker        2406527 nvme1n1 WM   1279261464 4096      0.125
12:29:27.843 kworker        2406527 nvme1n1 WM   1279261688 4096      0.078
12:29:27.843 kworker        2406527 nvme1n1 WM   1279262176 4096      0.085
12:29:27.843 kworker        2406527 nvme1n1 WM   1279651752 4096      0.087
12:29:27.843 kworker        2406527 nvme1n1 WM   1279651888 4096      0.098
12:29:27.843 kworker        2406527 nvme1n1 WM   1279651968 4096      0.099
12:29:27.843 kworker        2406527 nvme1n1 WM   1279652120 4096      0.102
12:29:27.843 kworker        2406527 nvme1n1 WM   1279652152 4096      0.103
12:29:27.843 kworker        2406527 nvme1n1 WM   1279652184 4096      0.108
12:29:27.843 kworker        2406527 nvme1n1 WM   1279652200 4096      0.109
12:29:27.843 kworker        2406527 nvme1n1 WM   1279652328 4096      0.112
12:29:27.843 kworker        2406527 nvme1n1 WM   1279652344 4096      0.119
12:29:27.843 kworker        2406527 nvme1n1 WM   1279653120 4096      0.120
12:29:27.843 kworker        2406527 nvme1n1 WM   1279653136 8192      0.121
12:29:27.843 kworker        2406527 nvme1n1 WM   1279653216 4096      0.122
12:29:27.843 kworker        2406527 nvme1n1 WM   1279653368 8192      0.122
12:29:27.843 kworker        2406527 nvme1n1 WM   1279653600 4096      0.123
12:29:27.843 kworker        2406527 nvme1n1 WM   1279653968 4096      0.075
12:29:27.843 kworker        2406527 nvme1n1 WM   1279654304 4096      0.079
12:29:27.843 kworker        2406527 nvme1n1 WM   1279654400 4096      0.084
12:29:27.843 kworker        2406527 nvme1n1 WM   1279654568 4096      0.086
12:29:27.843 kworker        2406527 nvme1n1 WM   1279655160 4096      0.091
12:29:27.843 kworker        2406527 nvme1n1 WM   1279655208 4096      0.092
12:29:27.843 kworker        2406527 nvme1n1 WM   1279655408 4096      0.100
12:29:27.843 kworker        2406527 nvme1n1 WM   1279655440 4096      0.103
12:29:27.843 kworker        2406527 nvme1n1 WM   1279655856 4096      0.109
12:29:27.843 kworker        2406527 nvme1n1 WM   1279783288 4096      0.111
12:29:27.843 kworker        2406527 nvme1n1 WM   1279783336 4096      0.115
12:29:27.843 kworker        2406527 nvme1n1 WM   1279783352 4096      0.118
12:29:27.843 kworker        2406527 nvme1n1 WM   1279783736 4096      0.119
12:29:27.843 kworker        2406527 nvme1n1 WM   1279783752 8192      0.119
12:29:27.843 kworker        2406527 nvme1n1 WM   1279784264 4096      0.120
12:29:27.843 kworker        2406527 nvme1n1 WM   1279784448 4096      0.121
12:29:27.843 kworker        2406527 nvme1n1 WM   1279784856 4096      0.075
12:29:27.843 kworker        2406527 nvme1n1 WM   1279784880 4096      0.084
12:29:27.843 kworker        2406527 nvme1n1 WM   1279784896 4096      0.094
12:29:27.843 kworker        2406527 nvme1n1 WM   1279785592 4096      0.097
12:29:27.843 kworker        2406527 nvme1n1 WM   1279785824 4096      0.098
12:29:27.843 kworker        2406527 nvme1n1 WM   1279785840 4096      0.100
12:29:27.843 kworker        2406527 nvme1n1 WM   1279785976 4096      0.104
12:29:27.843 kworker        2406527 nvme1n1 WM   1279786200 4096      0.108
12:29:27.843 kworker        2406527 nvme1n1 WM   1279786352 4096      0.114
12:29:27.843 kworker        2406527 nvme1n1 WM   1279786432 4096      0.116
12:29:27.843 kworker        2406527 nvme1n1 WM   1282011216 4096      0.118
12:29:27.843 kworker        2406527 nvme1n1 WM   1282011488 4096      0.120
12:29:27.843 kworker        2406527 nvme1n1 WM   1282011536 4096      0.120
12:29:27.843 kworker        2406527 nvme1n1 WM   1282011640 4096      0.121
12:29:27.843 kworker        2406527 nvme1n1 WM   1282011680 4096      0.122
12:29:27.843 kworker        2406527 nvme1n1 WM   1282011768 4096      0.122
12:29:27.843 kworker        2406527 nvme1n1 WM   1282011936 4096      0.075
12:29:27.843 kworker        2406527 nvme1n1 WM   1282012000 4096      0.082
12:29:27.843 kworker        2406527 nvme1n1 WM   1282012104 4096      0.087
12:29:27.843 kworker        2406527 nvme1n1 WM   1282012120 4096      0.090
12:29:27.843 kworker        2406527 nvme1n1 WM   1282012232 4096      0.092
12:29:27.843 kworker        2406527 nvme1n1 WM   1282012320 4096      0.093
12:29:27.843 kworker        2406527 nvme1n1 WM   1282012384 4096      0.099
12:29:27.843 kworker        2406527 nvme1n1 WM   1282012664 4096      0.100
12:29:27.843 kworker        2406527 nvme1n1 WM   1282012696 4096      0.101
12:29:27.843 kworker        2406527 nvme1n1 WM   1282013512 4096      0.104
12:29:27.843 kworker        2406527 nvme1n1 WM   1282013744 4096      0.110
12:29:27.843 kworker        2406527 nvme1n1 WM   1282013856 4096      0.113
12:29:27.843 kworker        2406527 nvme1n1 WM   1282014024 4096      0.113
12:29:27.843 kworker        2406527 nvme1n1 WM   1282014088 4096      0.113
12:29:27.843 kworker        2406527 nvme1n1 WM   1282015040 4096      0.114
12:29:27.843 kworker        2406527 nvme1n1 WM   1282015056 4096      0.115
12:29:27.843 kworker        2406527 nvme1n1 WM   1282273392 4096      0.076
12:29:27.843 kworker        2406527 nvme1n1 WM   1282273408 4096      0.083
12:29:27.843 kworker        2406527 nvme1n1 WM   1282273472 4096      0.093
12:29:27.843 kworker        2406527 nvme1n1 WM   1282273504 4096      0.094
12:29:27.843 kworker        2406527 nvme1n1 WM   1282273952 4096      0.099
12:29:27.843 kworker        2406527 nvme1n1 WM   1282274104 4096      0.100
12:29:27.843 kworker        2406527 nvme1n1 WM   1282274120 4096      0.103
12:29:27.843 kworker        2406527 nvme1n1 WM   1282274168 4096      0.114
12:29:27.843 kworker        2406527 nvme1n1 WM   1282274200 4096      0.114
12:29:27.843 kworker        2406527 nvme1n1 WM   1282275736 4096      0.115
12:29:27.843 kworker        2406527 nvme1n1 WM   1282275864 4096      0.117
12:29:27.843 kworker        2406527 nvme1n1 WM   1282275968 4096      0.117
12:29:27.843 kworker        2406527 nvme1n1 WM   1282276032 4096      0.118
12:29:27.843 kworker        2406527 nvme1n1 WM   1282276080 4096      0.118
12:29:27.843 kworker        2406527 nvme1n1 WM   1282276544 4096      0.119
12:29:27.843 kworker        2406527 nvme1n1 WM   1282276560 4096      0.119
12:29:27.844 kworker        2406527 nvme1n1 WM   1282276680 4096      0.072
12:29:27.844 kworker        2406527 nvme1n1 WM   1282277024 4096      0.079
12:29:27.844 kworker        2406527 nvme1n1 WM   1282277040 4096      0.091
12:29:27.844 kworker        2406527 nvme1n1 WM   1282929240 4096      0.094
12:29:27.844 kworker        2406527 nvme1n1 WM   1282929648 4096      0.097
12:29:27.844 kworker        2406527 nvme1n1 WM   1282929816 4096      0.098
12:29:27.844 kworker        2406527 nvme1n1 WM   1282929912 4096      0.099
12:29:27.844 kworker        2406527 nvme1n1 WM   1283059576 4096      0.104
12:29:27.844 kworker        2406527 nvme1n1 WM   1283059808 4096      0.110
12:29:27.844 kworker        2406527 nvme1n1 WM   1283060088 4096      0.112
12:29:27.844 kworker        2406527 nvme1n1 WM   1283060176 4096      0.114
12:29:27.844 kworker        2406527 nvme1n1 WM   1283060400 4096      0.115
12:29:27.844 kworker        2406527 nvme1n1 WM   1283060416 4096      0.116
12:29:27.844 kworker        2406527 nvme1n1 WM   1283060432 4096      0.117
12:29:27.844 kworker        2406527 nvme1n1 WM   1283060864 4096      0.118
12:29:27.844 kworker        2406527 nvme1n1 WM   1283060896 4096      0.119
12:29:27.844 kworker        2406527 nvme1n1 WM   1283061176 4096      0.071
12:29:27.844 kworker        2406527 nvme1n1 WM   1283061456 4096      0.078
12:29:27.844 kworker        2406527 nvme1n1 WM   1283062432 4096      0.085
12:29:27.844 kworker        2406527 nvme1n1 WM   1283062656 4096      0.086
12:29:27.844 kworker        2406527 nvme1n1 WM   1283063632 4096      0.086
12:29:27.844 kworker        2406527 nvme1n1 WM   1283063664 4096      0.094
12:29:27.844 kworker        2406527 nvme1n1 WM   1283063680 4096      0.100
12:29:27.844 kworker        2406527 nvme1n1 WM   1283321936 4096      0.101
12:29:27.844 kworker        2406527 nvme1n1 WM   1283321952 4096      0.105
12:29:27.844 kworker        2406527 nvme1n1 WM   1283321976 4096      0.110
12:29:27.844 kworker        2406527 nvme1n1 WM   1283322216 4096      0.113
12:29:27.844 kworker        2406527 nvme1n1 WM   1283322680 4096      0.113
12:29:27.844 kworker        2406527 nvme1n1 WM   1283322760 4096      0.114
12:29:27.844 kworker        2406527 nvme1n1 WM   1283322848 4096      0.114
12:29:27.844 kworker        2406527 nvme1n1 WM   1283323296 4096      0.114
12:29:27.844 kworker        2406527 nvme1n1 WM   1283323592 4096      0.115
12:29:27.844 kworker        2406527 nvme1n1 WM   1283323728 4096      0.073
12:29:27.844 kworker        2406527 nvme1n1 WM   1283324440 8192      0.081
12:29:27.844 kworker        2406527 nvme1n1 WM   1283324920 4096      0.086
12:29:27.844 kworker        2406527 nvme1n1 WM   1283325048 4096      0.091
12:29:27.844 kworker        2406527 nvme1n1 WM   1283325208 4096      0.092
12:29:27.844 kworker        2406527 nvme1n1 WM   1283325376 4096      0.097
12:29:27.844 kworker        2406527 nvme1n1 WM   1283325832 4096      0.097
12:29:27.844 kworker        2406527 nvme1n1 WM   1283325944 4096      0.098
12:29:27.844 kworker        2406527 nvme1n1 WM   1283453144 4096      0.104
12:29:27.844 kworker        2406527 nvme1n1 WM   1283453424 4096      0.104
12:29:27.844 kworker        2406527 nvme1n1 WM   1283453440 4096      0.111
12:29:27.844 kworker        2406527 nvme1n1 WM   1283454544 4096      0.112
12:29:27.844 kworker        2406527 nvme1n1 WM   1283454568 4096      0.113
12:29:27.844 kworker        2406527 nvme1n1 WM   1283454584 4096      0.116
12:29:27.844 kworker        2406527 nvme1n1 WM   1283454832 4096      0.119
12:29:27.844 kworker        2406527 nvme1n1 WM   1283454952 4096      0.119
12:29:27.844 kworker        2406527 nvme1n1 WM   1283455672 4096      0.077
12:29:27.844 kworker        2406527 nvme1n1 WM   1283455688 4096      0.086
12:29:27.844 kworker        2406527 nvme1n1 WM   1283455792 4096      0.102
12:29:27.844 kworker        2406527 nvme1n1 WM   1283455984 4096      0.102
12:29:27.844 kworker        2406527 nvme1n1 WM   1283456232 4096      0.103
12:29:27.844 kworker        2406527 nvme1n1 WM   1283456328 4096      0.107
12:29:27.844 kworker        2406527 nvme1n1 WM   1283456392 4096      0.111
12:29:27.844 kworker        2406527 nvme1n1 WM   1283456480 4096      0.113
12:29:27.844 kworker        2406527 nvme1n1 WM   1283456712 8192      0.114
12:29:27.844 kworker        2406527 nvme1n1 WM   1283457056 4096      0.117
12:29:27.844 kworker        2406527 nvme1n1 WM   1283846096 8192      0.121
12:29:27.844 kworker        2406527 nvme1n1 WM   1283846576 4096      0.124
12:29:27.844 kworker        2406527 nvme1n1 WM   1283846680 4096      0.124
12:29:27.845 kworker        2406527 nvme1n1 WM   1283846760 4096      0.125
12:29:27.845 kworker        2406527 nvme1n1 WM   1283846824 4096      0.125
12:29:27.845 kworker        2406527 nvme1n1 WM   1283847368 4096      0.125
12:29:27.845 kworker        2406527 nvme1n1 WM   1283847384 4096      0.075
12:29:27.845 kworker        2406527 nvme1n1 WM   1283847400 4096      0.079
12:29:27.845 kworker        2406527 nvme1n1 WM   1283847488 4096      0.089
12:29:27.845 kworker        2406527 nvme1n1 WM   1283847584 4096      0.095
12:29:27.845 kworker        2406527 nvme1n1 WM   1283847744 8192      0.095
12:29:27.845 kworker        2406527 nvme1n1 WM   1283847800 4096      0.096
12:29:27.845 kworker        2406527 nvme1n1 WM   1283847832 4096      0.113
12:29:27.845 kworker        2406527 nvme1n1 WM   1283848072 4096      0.115
12:29:27.845 kworker        2406527 nvme1n1 WM   1283848344 4096      0.115
12:29:27.845 kworker        2406527 nvme1n1 WM   1283848376 4096      0.116
12:29:27.845 kworker        2406527 nvme1n1 WM   1283848744 4096      0.117
12:29:27.845 kworker        2406527 nvme1n1 WM   1283848768 4096      0.118
12:29:27.845 kworker        2406527 nvme1n1 WM   1283848784 4096      0.118
12:29:27.845 kworker        2406527 nvme1n1 WM   1283848952 4096      0.119
12:29:27.845 kworker        2406527 nvme1n1 WM   1283849080 4096      0.123
12:29:27.845 kworker        2406527 nvme1n1 WM   1283849200 4096      0.125
12:29:27.845 kworker        2406527 nvme1n1 WM   1283849376 4096      0.072
12:29:27.845 kworker        2406527 nvme1n1 WM   1283849392 4096      0.076
12:29:27.845 kworker        2406527 nvme1n1 WM   1283849520 4096      0.082
12:29:27.845 kworker        2406527 nvme1n1 WM   1283850072 4096      0.084
12:29:27.845 kworker        2406527 nvme1n1 WM   1283850088 8192      0.084
12:29:27.845 kworker        2406527 nvme1n1 WM   1283977296 4096      0.088
12:29:27.845 kworker        2406527 nvme1n1 WM   1283977720 4096      0.098
12:29:27.845 kworker        2406527 nvme1n1 WM   1283978024 4096      0.099
12:29:27.845 kworker        2406527 nvme1n1 WM   1283978248 4096      0.102
12:29:27.845 kworker        2406527 nvme1n1 WM   1283978504 4096      0.105
12:29:27.845 kworker        2406527 nvme1n1 WM   1283978536 4096      0.112
12:29:27.845 kworker        2406527 nvme1n1 WM   1283978648 4096      0.118
12:29:27.845 kworker        2406527 nvme1n1 WM   1283978760 4096      0.119
12:29:27.845 kworker        2406527 nvme1n1 WM   1283978944 4096      0.120
12:29:27.845 kworker        2406527 nvme1n1 WM   1283978960 4096      0.120
12:29:27.845 kworker        2406527 nvme1n1 WM   1283978976 4096      0.120
12:29:27.845 kworker        2406527 nvme1n1 WM   1283979280 4096      0.074
12:29:27.845 kworker        2406527 nvme1n1 WM   1283979392 4096      0.080
12:29:27.845 kworker        2406527 nvme1n1 WM   1283979704 4096      0.105
12:29:27.845 kworker        2406527 nvme1n1 WM   1283980512 4096      0.111
12:29:27.845 kworker        2406527 nvme1n1 WM   1283980736 4096      0.112
12:29:27.845 kworker        2406527 nvme1n1 WM   1283980768 4096      0.117
12:29:27.845 kworker        2406527 nvme1n1 WM   1283980912 4096      0.118
12:29:27.845 kworker        2406527 nvme1n1 WM   1284108216 4096      0.118
12:29:27.845 kworker        2406527 nvme1n1 WM   1284108320 4096      0.121
12:29:27.845 kworker        2406527 nvme1n1 WM   1284108392 4096      0.121
12:29:27.845 kworker        2406527 nvme1n1 WM   1284108648 4096      0.124
12:29:27.845 kworker        2406527 nvme1n1 WM   1284108776 4096      0.125
12:29:27.845 kworker        2406527 nvme1n1 WM   1284108920 8192      0.128
12:29:27.845 kworker        2406527 nvme1n1 WM   1284109112 4096      0.130
12:29:27.845 kworker        2406527 nvme1n1 WM   1284109128 4096      0.131
12:29:27.845 kworker        2406527 nvme1n1 WM   1284109592 8192      0.132
12:29:27.845 kworker        2406527 nvme1n1 WM   1284109776 4096      0.074
12:29:27.845 kworker        2406527 nvme1n1 WM   1284110256 4096      0.077
12:29:27.845 kworker        2406527 nvme1n1 WM   1284110832 4096      0.084
12:29:27.845 kworker        2406527 nvme1n1 WM   1284110960 4096      0.087
12:29:27.845 kworker        2406527 nvme1n1 WM   1284110976 4096      0.090
12:29:27.845 kworker        2406527 nvme1n1 WM   1284111056 4096      0.091
12:29:27.845 kworker        2406527 nvme1n1 WM   1284111400 4096      0.099
12:29:27.845 kworker        2406527 nvme1n1 WM   1284111456 4096      0.105
12:29:27.845 kworker        2406527 nvme1n1 WM   1284111488 4096      0.105
12:29:27.845 kworker        2406527 nvme1n1 WM   1284111600 4096      0.107
12:29:27.845 kworker        2406527 nvme1n1 WM   1284112336 4096      0.112
12:29:27.845 kworker        2406527 nvme1n1 WM   1284239704 4096      0.115
12:29:27.845 kworker        2406527 nvme1n1 WM   1284239784 4096      0.117
12:29:27.845 kworker        2406527 nvme1n1 WM   1284239832 4096      0.117
12:29:27.845 kworker        2406527 nvme1n1 WM   1284240184 4096      0.118
12:29:27.845 kworker        2406527 nvme1n1 WM   1284240224 8192      0.119
12:29:27.845 kworker        2406527 nvme1n1 WM   1284240296 4096      0.072
12:29:27.845 kworker        2406527 nvme1n1 WM   1284240704 4096      0.079
12:29:27.845 kworker        2406527 nvme1n1 WM   1284240904 4096      0.083
12:29:27.845 kworker        2406527 nvme1n1 WM   1284241360 4096      0.086
12:29:27.845 kworker        2406527 nvme1n1 WM   1284241584 4096      0.090
12:29:27.845 kworker        2406527 nvme1n1 WM   1284241664 4096      0.090
12:29:27.845 kworker        2406527 nvme1n1 WM   1284242608 4096      0.097
12:29:27.845 kworker        2406527 nvme1n1 WM   1284370624 4096      0.103
12:29:27.845 kworker        2406527 nvme1n1 WM   1284371008 4096      0.103
12:29:27.845 kworker        2406527 nvme1n1 WM   1284371328 4096      0.103
12:29:27.845 kworker        2406527 nvme1n1 WM   1284371360 4096      0.110
12:29:27.845 kworker        2406527 nvme1n1 WM   1284371520 4096      0.114
12:29:27.845 kworker        2406527 nvme1n1 WM   1284371552 4096      0.115
12:29:27.845 kworker        2406527 nvme1n1 WM   1284371760 4096      0.116
12:29:27.845 kworker        2406527 nvme1n1 WM   1284371928 4096      0.117
12:29:27.845 kworker        2406527 nvme1n1 WM   1284372032 4096      0.117
12:29:27.846 kworker        2406527 nvme1n1 WM   1284372128 4096      0.077
12:29:27.846 kworker        2406527 nvme1n1 WM   1284372240 4096      0.079
12:29:27.846 kworker        2406527 nvme1n1 WM   1284373144 4096      0.084
12:29:27.846 kworker        2406527 nvme1n1 WM   1284373360 4096      0.083
12:29:27.846 kworker        2406527 nvme1n1 WM   1284373376 4096      0.097
12:29:27.846 kworker        2406527 nvme1n1 WM   1284374008 4096      0.098
12:29:27.846 kworker        2406527 nvme1n1 WM   1284374184 4096      0.101
12:29:27.846 kworker        2406527 nvme1n1 WM   1284374280 4096      0.104
12:29:27.846 kworker        2406527 nvme1n1 WM   1284374440 4096      0.105
12:29:27.846 kworker        2406527 nvme1n1 WM   1284501808 4096      0.108
12:29:27.846 kworker        2406527 nvme1n1 WM   1284501824 4096      0.112
12:29:27.846 kworker        2406527 nvme1n1 WM   1284501920 4096      0.114
12:29:27.846 kworker        2406527 nvme1n1 WM   1284501936 4096      0.117
12:29:27.846 kworker        2406527 nvme1n1 WM   1284502320 4096      0.118
12:29:27.846 kworker        2406527 nvme1n1 WM   1284502424 4096      0.119
12:29:27.846 kworker        2406527 nvme1n1 WM   1284502440 4096      0.119
12:29:27.846 kworker        2406527 nvme1n1 WM   1284502872 4096      0.072
12:29:27.846 kworker        2406527 nvme1n1 WM   1284503152 4096      0.076
12:29:27.846 kworker        2406527 nvme1n1 WM   1284503192 4096      0.084
12:29:27.846 kworker        2406527 nvme1n1 WM   1284503240 4096      0.090
12:29:27.846 kworker        2406527 nvme1n1 WM   1284503392 4096      0.091
12:29:27.846 kworker        2406527 nvme1n1 WM   1284503592 4096      0.092
12:29:27.846 kworker        2406527 nvme1n1 WM   1284503752 4096      0.105
12:29:27.846 kworker        2406527 nvme1n1 WM   1284503832 4096      0.105
12:29:27.846 kworker        2406527 nvme1n1 WM   1284504200 4096      0.108
12:29:27.846 kworker        2406527 nvme1n1 WM   1284504424 4096      0.109
12:29:27.846 kworker        2406527 nvme1n1 WM   1284504800 4096      0.112
12:29:27.846 kworker        2406527 nvme1n1 WM   1284505208 4096      0.113
12:29:27.846 kworker        2406527 nvme1n1 WM   1284632920 4096      0.114
12:29:27.846 kworker        2406527 nvme1n1 WM   1284632952 4096      0.115
12:29:27.846 kworker        2406527 nvme1n1 WM   1284633256 4096      0.118
12:29:27.846 kworker        2406527 nvme1n1 WM   1284633464 4096      0.119
12:29:27.846 kworker        2406527 nvme1n1 WM   1284633512 4096      0.071
12:29:27.846 kworker        2406527 nvme1n1 WM   1284634040 4096      0.078
12:29:27.846 kworker        2406527 nvme1n1 WM   1284634424 4096      0.106
12:29:27.846 kworker        2406527 nvme1n1 WM   1284634536 4096      0.109
12:29:27.846 kworker        2406527 nvme1n1 WM   1284634848 4096      0.110
12:29:27.846 kworker        2406527 nvme1n1 WM   1284635048 4096      0.111
12:29:27.846 kworker        2406527 nvme1n1 WM   1284635424 4096      0.112
12:29:27.846 kworker        2406527 nvme1n1 WM   1284635848 4096      0.113
12:29:27.846 kworker        2406527 nvme1n1 WM   1284636192 4096      0.114
12:29:27.846 kworker        2406527 nvme1n1 WM   1284636512 4096      0.114
12:29:27.846 kworker        2406527 nvme1n1 WM   1284636528 4096      0.117
12:29:27.846 kworker        2406527 nvme1n1 WM   1284763736 4096      0.117
12:29:27.846 kworker        2406527 nvme1n1 WM   1284764224 4096      0.118
12:29:27.846 kworker        2406527 nvme1n1 WM   1284764320 4096      0.118
12:29:27.846 kworker        2406527 nvme1n1 WM   1284764360 4096      0.121
12:29:27.846 kworker        2406527 nvme1n1 WM   1284764496 4096      0.122
12:29:27.846 kworker        2406527 nvme1n1 WM   1284764656 4096      0.075
12:29:27.846 kworker        2406527 nvme1n1 WM   1284764848 8192      0.078
12:29:27.846 kworker        2406527 nvme1n1 WM   1284765976 8192      0.091
12:29:27.846 kworker        2406527 nvme1n1 WM   1284766200 4096      0.096
12:29:27.846 kworker        2406527 nvme1n1 WM   1284766216 4096      0.097
12:29:27.846 kworker        2406527 nvme1n1 WM   1284767072 4096      0.097
12:29:27.846 kworker        2406527 nvme1n1 WM   1284767168 4096      0.105
12:29:27.846 kworker        2406527 nvme1n1 WM   1284767384 4096      0.106
12:29:27.846 kworker        2406527 nvme1n1 WM   1284767400 4096      0.107
12:29:27.846 kworker        2406527 nvme1n1 WM   1284767416 4096      0.107
12:29:27.846 kworker        2406527 nvme1n1 WM   1284767432 4096      0.112
12:29:27.846 kworker        2406527 nvme1n1 WM   1284767448 4096      0.113
12:29:27.846 kworker        2406527 nvme1n1 WM   1284767544 4096      0.119
12:29:27.846 kworker        2406527 nvme1n1 WM   1284767560 4096      0.120
12:29:27.846 kworker        2406527 nvme1n1 WM   1284767576 4096      0.121
12:29:27.846 kworker        2406527 nvme1n1 WM   1660944472 8192      0.121
12:29:27.846 kworker        2406527 nvme1n1 WM   1732247608 4096      0.029
12:29:28.477 nvme           2426898 Unknown N    -1         512       0.039
12:29:29.494 nvme           2426908 Unknown N    -1         512       0.039
12:29:30.511 nvme           2426913 Unknown N    -1         512       0.031
12:29:30.769 jbd2/nv        752     nvme1n1 WSM  877851192  73728     0.118
12:29:30.769 jbd2/nv        752     nvme1n1 WSM  877851336  4096      0.032
12:29:30.913 kworker        2406527 nvme1n1 W    625852664  53248     0.140
12:29:30.913 kworker        2406527 nvme1n1 W    1734149416 131072    0.205
12:29:30.913 kworker        2406527 nvme1n1 W    1734149672 61440     0.238
12:29:30.913 kworker        2406527 nvme1n1 W    625852768  32768     0.261
12:29:30.913 kworker        2406527 nvme1n1 W    845900968  131072    0.334
12:29:30.913 kworker        2406527 nvme1n1 W    845901224  90112     0.388
12:29:30.913 kworker        2406527 nvme1n1 W    625495016  77824     0.430
12:29:30.913 kworker        2406527 nvme1n1 W    625852832  40960     0.451
12:29:30.913 kworker        2406527 nvme1n1 W    1664107512 131072    0.305
12:29:30.914 kworker        2406527 nvme1n1 W    1664107768 131072    0.384
12:29:30.914 kworker        2406527 nvme1n1 W    1664108024 131072    0.391
12:29:30.914 kworker        2406527 nvme1n1 W    1664108280 4096      0.118
12:29:30.914 kworker        2406527 nvme1n1 W    625852912  4096      0.121
12:29:30.914 kworker        2406527 nvme1n1 W    1580362384 131072    0.196
12:29:30.914 kworker        2406527 nvme1n1 W    1580362640 131072    0.270
12:29:30.914 kworker        2406527 nvme1n1 W    1580362896 77824     0.314
12:29:30.914 kworker        2406527 nvme1n1 W    1580364800 131072    0.392
12:29:30.914 kworker        2406527 nvme1n1 W    1580365056 131072    0.349
12:29:30.914 kworker        2406527 nvme1n1 W    1580365312 77824     0.392
12:29:31.526 nvme           2426918 Unknown N    -1         512       0.034
