TIMESTAMP    COMM           PID     DISK    T    SECTOR     BYTES   LAT(ms)
01:03:58.590 nvme           1512386 Unknown N    -1         512       0.035
01:03:59.593 nvme           1512457 Unknown N    -1         512       0.031
01:03:59.594 jbd2/nv        752     nvme1n1 WSM  877550624  110592    0.140
01:03:59.594 jbd2/nv        752     nvme1n1 WSM  877550840  4096      0.029
01:04:00.595 nvme           1512466 Unknown N    -1         512       0.036
01:04:00.928 kworker        1491569 nvme1n1 W    1625052408 8192      0.055
01:04:01.597 nvme           1512470 Unknown N    -1         512       0.074
01:04:02.599 nvme           1512481 Unknown N    -1         512       0.094
01:04:02.977 kworker        1491569 nvme1n1 W    1532246664 8192      0.101
01:04:02.977 kworker        1491569 nvme1n1 W    587801312  98304     0.151
01:04:02.977 kworker        1491569 nvme1n1 W    1176558080 131072    0.231
01:04:02.977 kworker        1491569 nvme1n1 W    1176558336 61440     0.267
01:04:02.977 kworker        1491569 nvme1n1 W    587801504  32768     0.285
01:04:02.977 kworker        1491569 nvme1n1 W    1176558456 131072    0.366
01:04:02.977 kworker        1491569 nvme1n1 W    1176558712 90112     0.420
01:04:02.977 kworker        1491569 nvme1n1 W    1667059504 77824     0.468
01:04:02.977 kworker        1491569 nvme1n1 W    587801568  36864     0.288
01:04:03.601 nvme           1512485 Unknown N    -1         512       0.099
01:04:04.603 nvme           1512499 Unknown N    -1         512       0.029
01:04:05.606 nvme           1512514 Unknown N    -1         512       0.036
01:04:05.837 jbd2/nv        752     nvme1n1 WSM  877550848  90112     0.141
01:04:05.837 jbd2/nv        752     nvme1n1 WSM  877551024  4096      0.030
01:04:06.608 nvme           1512518 Unknown N    -1         512       0.031
01:04:07.610 nvme           1512522 Unknown N    -1         512       0.028
01:04:08.096 kworker        1500724 nvme1n1 W    1640502744 8192      0.058
01:04:08.597 amoprof        1271097 nvme1n1 W    587717696  4096      0.054
