TIMESTAMP    COMM           PID     DISK    T    SECTOR     BYTES   LAT(ms)
05:48:27.732 ib_log_        125932  nvme1n1 WS   1756077112 4096      0.052
05:48:27.732 ib_log_        125932  nvme1n1 WS   1756077112 4096      0.030
05:48:27.732 ib_log_        125932  nvme1n1 WS   1756077120 8192      0.034
05:48:27.732 jbd2/nv        752     nvme1n1 WSM  878653120  98304     0.116
05:48:27.732 jbd2/nv        752     nvme1n1 WSM  878653312  4096      0.028
05:48:27.733 connect        125932  nvme1n1 WS   844577736  4096      0.036
05:48:27.733 jbd2/nv        752     nvme1n1 WSM  878653320  8192      0.031
05:48:27.733 jbd2/nv        752     nvme1n1 WSM  878653336  4096      0.027
05:48:27.733 ib_log_        125932  nvme1n1 WS   1756077120 4096      0.027
05:48:27.734 ib_log_        125932  nvme1n1 WS   1756077120 8192      0.033
05:48:27.734 jbd2/nv        752     nvme1n1 WSM  878653344  24576     0.060
05:48:27.734 jbd2/nv        752     nvme1n1 WSM  878653392  4096      0.030
05:48:27.734 connect        125932  nvme1n1 WS   1731202336 114688    0.130
05:48:27.734 jbd2/nv        752     nvme1n1 WSM  878653400  16384     0.040
05:48:27.734 jbd2/nv        752     nvme1n1 WSM  878653432  4096      0.027
05:48:27.734 connect        125932  nvme1n1 WS   1735442080 16384     0.041
05:48:27.735 jbd2/nv        752     nvme1n1 WSM  878653440  20480     0.042
05:48:27.735 jbd2/nv        752     nvme1n1 WSM  878653480  4096      0.028
05:48:27.735 ib_log_        125932  nvme1n1 WS   1756077128 4096      0.028
05:48:27.735 ib_log_        125932  nvme1n1 WS   1756077136 8192      0.030
05:48:27.735 jbd2/nv        752     nvme1n1 WSM  878653488  8192      0.031
05:48:27.735 jbd2/nv        752     nvme1n1 WSM  878653504  4096      0.027
05:48:27.735 ib_log_        125932  nvme1n1 WS   1756077136 4096      0.028
05:48:27.735 ib_log_        125932  nvme1n1 WS   1756077136 4096      0.031
05:48:27.736 ib_log_        125932  nvme1n1 WS   1756077136 8192      0.033
05:48:27.736 ib_log_        125932  nvme1n1 WS   1756077152 8192      0.033
05:48:27.736 jbd2/nv        752     nvme1n1 WSM  878653512  8192      0.031
05:48:27.736 jbd2/nv        752     nvme1n1 WSM  878653528  4096      0.026
05:48:27.736 connect        125932  nvme1n1 WS   844577736  4096      0.031
05:48:27.737 jbd2/nv        752     nvme1n1 WSM  878653536  8192      0.031
05:48:27.737 jbd2/nv        752     nvme1n1 WSM  878653552  4096      0.026
05:48:27.737 ib_log_        125932  nvme1n1 WS   1756077152 4096      0.028
05:48:27.738 ib_log_        125932  nvme1n1 WS   1756077152 8192      0.038
05:48:27.738 ib_log_        125932  nvme1n1 WS   1756077168 8192      0.045
05:48:27.738 jbd2/nv        752     nvme1n1 WSM  878653560  8192      0.031
05:48:27.738 jbd2/nv        752     nvme1n1 WSM  878653576  4096      0.027
05:48:27.738 connect        125932  nvme1n1 WS   844577736  8192      0.037
05:48:27.738 jbd2/nv        752     nvme1n1 WSM  878653584  20480     0.049
05:48:27.738 jbd2/nv        752     nvme1n1 WSM  878653624  4096      0.028
05:48:27.739 ib_log_        125932  nvme1n1 WS   1756077168 4096      0.029
05:48:27.769 ib_log_        125932  nvme1n1 WS   1756077168 4096      0.039
05:48:27.770 ib_log_        125932  nvme1n1 WS   1756077168 4096      0.031
05:48:27.828 nvme           1855973 Unknown N    -1         512       0.029
05:48:27.878 ib_log_        125932  nvme1n1 WS   1756077168 4096      0.042
05:48:28.326 ib_pg_f        125932  nvme1n1 WS   1756891136 131072    0.166
05:48:28.326 ib_pg_f        125932  nvme1n1 WS   1756891392 131072    0.238
05:48:28.326 ib_pg_f        125932  nvme1n1 WS   1756891648 131072    0.311
05:48:28.326 ib_pg_f        125932  nvme1n1 WS   1756891904 131072    0.391
05:48:28.326 ib_pg_f        125932  nvme1n1 WS   1756892160 131072    0.469
05:48:28.326 ib_pg_f        125932  nvme1n1 WS   1756892416 131072    0.550
05:48:28.326 ib_pg_f        125932  nvme1n1 WS   1756892672 131072    0.625
05:48:28.326 ib_pg_f        125932  nvme1n1 WS   1756892928 131072    0.705
05:48:28.326 ib_pg_f        125932  nvme1n1 WS   1755176672 16384     0.046
05:48:28.327 ib_pg_f        125932  nvme1n1 WS   1757691136 16384     0.047
05:48:28.327 ib_pg_f        125932  nvme1n1 WS   1757759648 16384     0.056
05:48:28.327 ib_pg_f        125932  nvme1n1 WS   1756435072 16384     0.066
05:48:28.327 ib_pg_f        125932  nvme1n1 WS   1755176960 16384     0.069
05:48:28.327 ib_pg_f        125932  nvme1n1 WS   1756433216 16384     0.074
05:48:28.327 ib_pg_f        125932  nvme1n1 WS   1755180832 16384     0.085
05:48:28.327 ib_pg_f        125932  nvme1n1 WS   1755262592 16384     0.075
05:48:28.327 ib_pg_f        125932  nvme1n1 WS   1439840    16384     0.072
05:48:28.327 ib_pg_f        125932  nvme1n1 WS   1439872    16384     0.070
05:48:28.327 ib_pg_f        125932  nvme1n1 WS   1439904    16384     0.064
05:48:28.327 ib_pg_f        125932  nvme1n1 WS   1755262656 16384     0.063
05:48:28.327 ib_pg_f        125932  nvme1n1 WS   1740169632 16384     0.065
05:48:28.327 ib_pg_f        125932  nvme1n1 WS   1740172256 16384     0.055
05:48:28.327 ib_pg_f        125932  nvme1n1 WS   1440384    16384     0.043
05:48:28.327 ib_pg_f        125932  nvme1n1 WS   1440416    16384     0.042
05:48:28.327 ib_pg_f        125932  nvme1n1 WS   1440448    16384     0.051
05:48:28.327 ib_pg_f        125932  nvme1n1 WS   1440480    16384     0.056
05:48:28.327 ib_pg_f        125932  nvme1n1 WS   1440512    16384     0.066
05:48:28.327 ib_pg_f        125932  nvme1n1 WS   1440576    16384     0.076
05:48:28.327 ib_pg_f        125932  nvme1n1 WS   1440608    16384     0.079
05:48:28.327 ib_pg_f        125932  nvme1n1 WS   1440640    16384     0.077
05:48:28.327 ib_pg_f        125932  nvme1n1 WS   1498170112 16384     0.070
05:48:28.327 ib_pg_f        125932  nvme1n1 WS   1740172288 16384     0.072
05:48:28.327 ib_pg_f        125932  nvme1n1 WS   1740172320 16384     0.074
05:48:28.327 ib_pg_f        125932  nvme1n1 WS   13302752   16384     0.074
05:48:28.327 ib_pg_f        125932  nvme1n1 WS   1740172096 16384     0.071
05:48:28.327 ib_pg_f        125932  nvme1n1 WS   1740171264 16384     0.062
05:48:28.327 ib_pg_f        125932  nvme1n1 WS   13302880   16384     0.063
05:48:28.327 ib_pg_f        125932  nvme1n1 WS   1757758240 16384     0.061
05:48:28.327 ib_pg_f        125932  nvme1n1 WS   1757758368 16384     0.059
05:48:28.327 ib_pg_f        125932  nvme1n1 WS   13303136   16384     0.056
05:48:28.327 ib_pg_f        125932  nvme1n1 WS   13302112   16384     0.060
05:48:28.327 ib_pg_f        125932  nvme1n1 WS   13302272   16384     0.058
05:48:28.327 ib_pg_f        125932  nvme1n1 WS   1740058848 16384     0.059
05:48:28.327 ib_pg_f        125932  nvme1n1 WS   1755176736 16384     0.058
05:48:28.327 ib_pg_f        125932  nvme1n1 WS   1755262688 16384     0.071
05:48:28.327 ib_pg_f        125932  nvme1n1 WS   1731202368 16384     0.040
05:48:28.327 ib_pg_f        125932  nvme1n1 WS   1735442080 16384     0.053
05:48:28.327 ib_pg_f        125932  nvme1n1 WS   1731202400 16384     0.058
05:48:28.327 ib_pg_f        125932  nvme1n1 WS   1731202432 16384     0.062
05:48:28.327 ib_pg_f        125932  nvme1n1 WS   1755262720 16384     0.063
05:48:28.327 ib_pg_f        125932  nvme1n1 WS   1731202464 16384     0.070
05:48:28.327 ib_pg_f        125932  nvme1n1 WS   1755176800 16384     0.074
05:48:28.327 ib_pg_f        125932  nvme1n1 WS   1440736    16384     0.070
05:48:28.327 ib_pg_f        125932  nvme1n1 WS   1440768    16384     0.060
05:48:28.327 ib_pg_f        125932  nvme1n1 WS   1440672    16384     0.054
05:48:28.327 ib_pg_f        125932  nvme1n1 WS   1440704    16384     0.046
05:48:28.327 ib_pg_f        125932  nvme1n1 WS   1755262784 16384     0.049
05:48:28.327 ib_pg_f        125932  nvme1n1 WS   1755217512 16384     0.042
05:48:28.327 ib_pg_f        125932  nvme1n1 WS   1757716416 16384     0.043
05:48:28.327 ib_pg_f        125932  nvme1n1 WS   1498170080 16384     0.048
05:48:28.327 ib_pg_f        125932  nvme1n1 WS   1757690048 16384     0.051
05:48:28.327 ib_pg_f        125932  nvme1n1 WS   1755180864 16384     0.060
05:48:28.327 ib_pg_f        125932  nvme1n1 WS   1755262848 16384     0.063
05:48:28.327 ib_pg_f        125932  nvme1n1 WS   1755249056 16384     0.065
05:48:28.327 ib_pg_f        125932  nvme1n1 WS   1755103232 16384     0.072
05:48:28.327 ib_pg_f        125932  nvme1n1 WS   1755247424 16384     0.076
05:48:28.327 ib_pg_f        125932  nvme1n1 WS   1755107264 16384     0.085
05:48:28.327 ib_pg_f        125932  nvme1n1 WS   1756434816 16384     0.081
05:48:28.327 ib_pg_f        125932  nvme1n1 WS   1755180960 16384     0.081
05:48:28.327 ib_pg_f        125932  nvme1n1 WS   1755262880 16384     0.082
05:48:28.327 ib_pg_f        125932  nvme1n1 WS   1740147232 16384     0.067
05:48:28.327 ib_pg_f        125932  nvme1n1 WS   1740058784 16384     0.062
05:48:28.492 python3        1784368 nvme1n1 WS   1675526144 131072    0.175
05:48:28.492 python3        1784368 nvme1n1 WS   1675526400 131072    0.256
05:48:28.492 python3        1784368 nvme1n1 WS   1675526656 131072    0.301
05:48:28.492 python3        1784368 nvme1n1 WS   1675526912 131072    0.381
05:48:28.492 python3        1784368 nvme1n1 WS   1675527168 131072    0.462
05:48:28.492 python3        1784368 nvme1n1 WS   1675527424 131072    0.539
05:48:28.493 python3        1784368 nvme1n1 WS   1675527680 131072    0.631
05:48:28.493 python3        1784368 nvme1n1 WS   1675527936 131072    0.678
05:48:28.493 python3        1784368 nvme1n1 WS   1675528192 131072    0.760
05:48:28.493 python3        1784368 nvme1n1 WS   1675528448 131072    0.841
05:48:28.493 python3        1784368 nvme1n1 WS   1675528704 131072    0.922
05:48:28.493 python3        1784368 nvme1n1 WS   1675528960 131072    1.006
05:48:28.493 python3        1784368 nvme1n1 WS   1675529216 131072    1.086
05:48:28.493 python3        1784368 nvme1n1 WS   1675529472 131072    1.167
05:48:28.493 python3        1784368 nvme1n1 WS   1675529728 131072    1.248
05:48:28.493 python3        1784366 nvme1n1 WS   1675530240 131072    1.307
05:48:28.493 python3        1784366 nvme1n1 WS   1675530496 131072    1.380
05:48:28.493 python3        1784366 nvme1n1 WS   1675530752 131072    1.460
05:48:28.494 python3        1784366 nvme1n1 WS   1675531008 131072    1.543
05:48:28.494 python3        1784366 nvme1n1 WS   1675531264 131072    1.622
05:48:28.494 python3        1784368 nvme1n1 WS   1675529984 131072    1.718
05:48:28.494 python3        1784368 nvme1n1 WS   1675534336 131072    1.801
05:48:28.494 python3        1784368 nvme1n1 WS   1675534592 131072    1.882
05:48:28.494 python3        1784366 nvme1n1 WS   1675531520 131072    1.958
05:48:28.494 python3        1784366 nvme1n1 WS   1675531776 131072    2.038
05:48:28.494 python3        1784366 nvme1n1 WS   1675532032 131072    2.092
05:48:28.494 python3        1784366 nvme1n1 WS   1675538432 131072    2.250
05:48:28.494 python3        1784366 nvme1n1 WS   1675538688 131072    2.271
05:48:28.494 python3        1784366 nvme1n1 WS   1675538944 131072    2.338
05:48:28.494 python3        1784366 nvme1n1 WS   1675539200 131072    2.412
05:48:28.494 python3        1784366 nvme1n1 WS   1675539456 131072    2.486
05:48:28.495 python3        1784366 nvme1n1 WS   1675539712 131072    2.562
05:48:28.495 python3        1784369 nvme1n1 WS   1675694080 131072    2.646
05:48:28.495 python3        1784369 nvme1n1 WS   1675694336 131072    2.714
05:48:28.495 python3        1784369 nvme1n1 WS   1675694592 131072    2.792
05:48:28.495 python3        1784369 nvme1n1 WS   1675694848 131072    2.867
05:48:28.495 python3        1784369 nvme1n1 WS   1675695104 131072    2.946
05:48:28.495 python3        1784369 nvme1n1 WS   1675695360 131072    3.021
05:48:28.495 python3        1784369 nvme1n1 WS   1675695616 131072    3.099
05:48:28.495 python3        1784366 nvme1n1 WS   1675539968 131072    3.196
05:48:28.495 python3        1784366 nvme1n1 WS   1675540224 131072    3.264
05:48:28.495 python3        1784366 nvme1n1 WS   1675540480 131072    3.341
05:48:28.495 python3        1784366 nvme1n1 WS   1675540736 131072    3.418
05:48:28.496 python3        1784366 nvme1n1 WS   1675540992 126976    3.493
05:48:28.496 python3        1784366 nvme1n1 WS   1675532288 131072    3.589
05:48:28.496 python3        1784366 nvme1n1 WS   1675532544 131072    3.666
05:48:28.496 python3        1784366 nvme1n1 WS   1675532800 131072    3.743
05:48:28.496 python3        1784366 nvme1n1 WS   1675533056 131072    3.820
05:48:28.496 python3        1784366 nvme1n1 WS   1675533312 131072    3.898
05:48:28.496 python3        1784366 nvme1n1 WS   1675533568 131072    3.977
05:48:28.496 python3        1784366 nvme1n1 WS   1675533824 131072    4.056
05:48:28.496 python3        1784366 nvme1n1 WS   1675534080 131072    4.117
05:48:28.496 python3        1784366 nvme1n1 WS   1675546624 131072    4.193
05:48:28.496 python3        1784366 nvme1n1 WS   1675546880 131072    4.270
05:48:28.496 python3        1784369 nvme1n1 WS   1675695872 131072    4.348
05:48:28.496 python3        1784369 nvme1n1 WS   1675696128 131072    4.426
05:48:28.497 python3        1784369 nvme1n1 WS   1675696384 131072    4.500
05:48:28.497 python3        1784369 nvme1n1 WS   1675696640 131072    4.577
05:48:28.497 python3        1784369 nvme1n1 WS   1675696896 131072    4.656
05:48:28.497 python3        1784369 nvme1n1 WS   1675697152 131072    4.731
05:48:28.497 python3        1784369 nvme1n1 WS   1675697408 131072    4.805
05:48:28.497 python3        1784369 nvme1n1 WS   1675697664 131072    4.887
05:48:28.497 python3        1784367 nvme1n1 WS   1675542528 131072    4.982
05:48:28.497 python3        1784367 nvme1n1 WS   1675542784 131072    5.050
05:48:28.497 python3        1784367 nvme1n1 WS   1675543040 131072    5.128
05:48:28.497 python3        1784367 nvme1n1 WS   1675543296 131072    5.205
05:48:28.497 python3        1784367 nvme1n1 WS   1675543552 131072    5.280
05:48:28.497 python3        1784367 nvme1n1 WS   1675543808 131072    5.356
05:48:28.498 python3        1784367 nvme1n1 WS   1675544064 131072    5.431
05:48:28.498 python3        1784369 nvme1n1 WS   1675698176 131072    5.575
05:48:28.498 python3        1784369 nvme1n1 WS   1675698432 131072    5.602
05:48:28.498 python3        1784369 nvme1n1 WS   1675698688 131072    5.679
05:48:28.498 python3        1784369 nvme1n1 WS   1675698944 131072    5.755
05:48:28.498 python3        1784369 nvme1n1 WS   1675699200 131072    5.829
05:48:28.498 python3        1784369 nvme1n1 WS   1675699456 131072    5.909
05:48:28.498 python3        1784369 nvme1n1 WS   1675699712 131072    5.986
05:48:28.498 python3        1784369 nvme1n1 WS   1675699968 131072    6.057
05:48:28.498 python3        1784369 nvme1n1 WS   1675700224 131072    6.135
05:48:28.498 python3        1784369 nvme1n1 WS   1675700480 131072    6.214
05:48:28.498 python3        1784369 nvme1n1 WS   1675700736 126976    6.289
05:48:28.499 python3        1784369 nvme1n1 WS   1675697920 131072    6.490
05:48:28.499 python3        1784369 nvme1n1 WS   1675702272 131072    6.512
05:48:28.499 python3        1784369 nvme1n1 WS   1675702528 131072    6.529
05:48:28.499 python3        1784367 nvme1n1 WS   1675544320 131072    6.611
05:48:28.499 python3        1784367 nvme1n1 WS   1675544576 131072    6.691
05:48:28.499 python3        1784367 nvme1n1 WS   1675544832 131072    6.768
05:48:28.499 python3        1784367 nvme1n1 WS   1675545088 126976    6.861
05:48:28.499 python3        1784367 nvme1n1 WS   52244480   131072    6.999
05:48:28.499 python3        1784367 nvme1n1 WS   52244736   131072    7.015
05:48:28.499 python3        1784367 nvme1n1 WS   52244992   131072    7.095
05:48:28.499 python3        1784367 nvme1n1 WS   52245248   131072    7.169
05:48:28.499 python3        1784367 nvme1n1 WS   52245504   131072    7.254
05:48:28.499 python3        1784367 nvme1n1 WS   52245760   131072    7.323
05:48:28.500 python3        1784367 nvme1n1 WS   52246016   131072    7.401
05:48:28.500 python3        1784368 nvme1n1 WS   1675550720 131072    7.473
05:48:28.500 python3        1784368 nvme1n1 WS   1675550976 131072    7.543
05:48:28.500 python3        1784368 nvme1n1 WS   1675551232 131072    7.621
05:48:28.500 python3        1784368 nvme1n1 WS   1675551488 131072    7.697
05:48:28.500 python3        1784368 nvme1n1 WS   1675551744 131072    7.776
05:48:28.500 python3        1784368 nvme1n1 WS   1675552000 131072    7.849
05:48:28.500 python3        1784368 nvme1n1 WS   1675552256 131072    7.924
05:48:28.500 python3        1784367 nvme1n1 WS   52246272   131072    8.026
05:48:28.500 python3        1784367 nvme1n1 WS   52246528   131072    8.102
05:48:28.500 python3        1784367 nvme1n1 WS   52246784   131072    8.180
05:48:28.500 python3        1784367 nvme1n1 WS   52247040   131072    8.261
05:48:28.500 python3        1784367 nvme1n1 WS   52247296   131072    8.341
05:48:28.501 python3        1784367 nvme1n1 WS   52247552   131072    8.419
05:48:28.501 python3        1784367 nvme1n1 WS   52247808   131072    8.500
05:48:28.501 python3        1784367 nvme1n1 WS   52248064   131072    8.578
05:48:28.501 python3        1784367 nvme1n1 WS   52248320   131072    8.646
05:48:28.501 python3        1784367 nvme1n1 WS   52248576   131072    8.725
05:48:28.501 python3        1784367 nvme1n1 WS   52248832   131072    8.803
05:48:28.501 python3        1784368 nvme1n1 WS   1675552512 131072    8.888
05:48:28.501 python3        1784368 nvme1n1 WS   1675552768 131072    8.963
05:48:28.501 python3        1784368 nvme1n1 WS   1675553024 131072    9.042
05:48:28.501 python3        1784368 nvme1n1 WS   1675553280 126976    9.117
05:48:28.831 nvme           1856033 Unknown N    -1         512       0.030
05:48:29.106 ib_log_        125932  nvme1n1 WS   1756077168 4096      0.052
05:48:29.106 ib_log_        125932  nvme1n1 WS   1756076288 4096      0.037
05:48:29.833 nvme           1856037 Unknown N    -1         512       0.038
05:48:30.326 ib_pg_f        125932  nvme1n1 WS   1756905472 16384     0.069
05:48:30.326 ib_pg_f        125932  nvme1n1 WS   1755217480 16384     0.042
05:48:30.836 nvme           1856053 Unknown N    -1         512       0.036
05:48:30.839 python3        1784368 nvme1n1 WS   1637285888 131072    0.169
05:48:30.839 python3        1784368 nvme1n1 WS   1637286144 131072    0.244
05:48:30.839 python3        1784368 nvme1n1 WS   1637286400 131072    0.369
05:48:30.839 python3        1784368 nvme1n1 WS   1637286656 131072    0.403
05:48:30.839 python3        1784368 nvme1n1 WS   1637286912 131072    0.492
05:48:30.839 python3        1784368 nvme1n1 WS   1637287168 131072    0.569
05:48:30.839 python3        1784368 nvme1n1 WS   1637287424 131072    0.632
05:48:30.839 python3        1784368 nvme1n1 WS   1637287680 131072    0.720
05:48:30.839 python3        1784368 nvme1n1 WS   1637287936 131072    0.776
05:48:30.839 python3        1784368 nvme1n1 WS   1637288192 131072    0.856
05:48:30.839 python3        1784368 nvme1n1 WS   1637288448 131072    0.938
05:48:30.839 python3        1784368 nvme1n1 WS   1637288704 131072    1.025
05:48:30.839 python3        1784368 nvme1n1 WS   1637288960 131072    1.098
05:48:30.840 python3        1784368 nvme1n1 WS   1637289216 131072    1.177
05:48:30.840 python3        1784368 nvme1n1 WS   1637289472 131072    1.262
05:48:30.840 python3        1784368 nvme1n1 WS   1637289728 131072    1.334
05:48:30.840 python3        1784368 nvme1n1 WS   1637289984 131072    1.412
05:48:30.840 python3        1784368 nvme1n1 WS   1637290240 131072    1.497
05:48:30.840 python3        1784366 nvme1n1 WS   1675554816 131072    1.470
05:48:30.840 python3        1784366 nvme1n1 WS   1675555072 131072    1.540
05:48:30.840 python3        1784366 nvme1n1 WS   1675555328 131072    1.621
05:48:30.840 python3        1784366 nvme1n1 WS   1675555584 131072    1.700
05:48:30.840 python3        1784366 nvme1n1 WS   1675555840 131072    1.777
05:48:30.840 python3        1784366 nvme1n1 WS   1675556096 131072    1.857
05:48:30.840 python3        1784366 nvme1n1 WS   1675556352 131072    1.936
05:48:30.841 python3        1784366 nvme1n1 WS   1675558912 131072    2.018
05:48:30.841 python3        1784367 nvme1n1 WS   1675563008 131072    2.147
05:48:30.841 python3        1784367 nvme1n1 WS   1675563264 131072    2.161
05:48:30.841 python3        1784366 nvme1n1 WS   1675559168 131072    2.239
05:48:30.841 python3        1784366 nvme1n1 WS   1675559424 131072    2.312
05:48:30.841 python3        1784366 nvme1n1 WS   1675559680 131072    2.407
05:48:30.841 python3        1784366 nvme1n1 WS   1675559936 131072    2.461
05:48:30.841 python3        1784367 nvme1n1 WS   1675563520 131072    2.549
05:48:30.841 python3        1784367 nvme1n1 WS   1675563776 131072    2.621
05:48:30.841 python3        1784367 nvme1n1 WS   1675564032 131072    2.701
05:48:30.841 python3        1784367 nvme1n1 WS   1675564288 131072    2.777
05:48:30.841 python3        1784369 nvme1n1 WS   52252672   131072    2.859
05:48:30.842 python3        1784367 nvme1n1 WS   1675564544 131072    2.928
05:48:30.842 python3        1784367 nvme1n1 WS   1675564800 131072    2.988
05:48:30.842 python3        1784367 nvme1n1 WS   1675565056 131072    3.063
05:48:30.842 python3        1784369 nvme1n1 WS   52252928   131072    3.164
05:48:30.842 python3        1784369 nvme1n1 WS   52253184   131072    3.240
05:48:30.842 python3        1784369 nvme1n1 WS   52253440   131072    3.316
05:48:30.842 python3        1784369 nvme1n1 WS   52253696   131072    3.390
05:48:30.842 python3        1784369 nvme1n1 WS   52253952   131072    3.464
05:48:30.842 python3        1784369 nvme1n1 WS   52254208   131072    3.540
05:48:30.842 python3        1784366 nvme1n1 WS   1675556608 131072    3.636
05:48:30.842 python3        1784366 nvme1n1 WS   1675556864 131072    3.713
05:48:30.842 python3        1784366 nvme1n1 WS   1675557120 131072    3.777
05:48:30.842 python3        1784366 nvme1n1 WS   1675557376 131072    3.853
05:48:30.843 python3        1784366 nvme1n1 WS   1675557632 131072    3.931
05:48:30.843 python3        1784366 nvme1n1 WS   1675557888 131072    4.004
05:48:30.843 python3        1784366 nvme1n1 WS   1675560192 131072    4.152
05:48:30.843 python3        1784366 nvme1n1 WS   1675560448 131072    4.180
05:48:30.843 python3        1784369 nvme1n1 WS   1675567104 131072    4.312
05:48:30.843 python3        1784369 nvme1n1 WS   1675567360 131072    4.336
05:48:30.843 python3        1784369 nvme1n1 WS   1675567616 131072    4.410
05:48:30.843 python3        1784369 nvme1n1 WS   1675567872 131072    4.486
05:48:30.843 python3        1784369 nvme1n1 WS   1675568128 131072    4.562
05:48:30.843 python3        1784369 nvme1n1 WS   1675568384 131072    4.643
05:48:30.843 python3        1784369 nvme1n1 WS   1675568640 131072    4.722
05:48:30.843 python3        1784369 nvme1n1 WS   1675568896 131072    4.776
05:48:30.843 python3        1784369 nvme1n1 WS   1675569152 131072    4.851
05:48:30.844 python3        1784369 nvme1n1 WS   1675569408 131072    4.927
05:48:30.844 python3        1784369 nvme1n1 WS   1675569664 131072    5.003
05:48:30.844 python3        1784369 nvme1n1 WS   1675569920 131072    5.076
05:48:30.844 python3        1784369 nvme1n1 WS   1675570176 131072    5.155
05:48:30.844 python3        1784369 nvme1n1 WS   1675570432 131072    5.233
05:48:30.844 python3        1784366 nvme1n1 WS   1675558144 131072    5.368
05:48:30.844 python3        1784366 nvme1n1 WS   1675558400 131072    5.426
05:48:30.844 python3        1784366 nvme1n1 WS   1675558656 131072    5.476
05:48:30.844 python3        1784366 nvme1n1 WS   1675575296 131072    5.550
05:48:30.844 python3        1784366 nvme1n1 WS   1675575552 131072    5.630
05:48:30.844 python3        1784367 nvme1n1 WS   1675565312 131072    5.751
05:48:30.844 python3        1784367 nvme1n1 WS   1675565568 131072    5.824
05:48:30.845 python3        1784367 nvme1n1 WS   1675565824 131072    5.902
05:48:30.845 python3        1784367 nvme1n1 WS   1675566080 131072    5.979
05:48:30.845 python3        1784367 nvme1n1 WS   1675566336 131072    6.053
05:48:30.845 python3        1784367 nvme1n1 WS   1675566592 131072    6.133
05:48:30.845 python3        1784367 nvme1n1 WS   1675566848 131072    6.198
05:48:30.845 python3        1784367 nvme1n1 WS   1675579392 131072    6.277
05:48:30.845 python3        1784367 nvme1n1 WS   1675579648 131072    6.356
05:48:30.845 python3        1784366 nvme1n1 WS   1675560704 131072    6.570
05:48:30.845 python3        1784366 nvme1n1 WS   1675560960 131072    6.578
05:48:30.845 python3        1784366 nvme1n1 WS   1675561216 131072    6.615
05:48:30.845 python3        1784366 nvme1n1 WS   1675561472 131072    6.690
05:48:30.845 python3        1784366 nvme1n1 WS   1675561728 131072    6.797
05:48:30.846 python3        1784366 nvme1n1 WS   1675561984 131072    6.874
05:48:30.846 python3        1784366 nvme1n1 WS   1675562240 131072    6.948
05:48:30.846 python3        1784366 nvme1n1 WS   1675562496 131072    7.024
05:48:30.846 python3        1784369 nvme1n1 WS   52254464   131072    7.144
05:48:30.846 python3        1784369 nvme1n1 WS   52254720   131072    7.213
05:48:30.846 python3        1784369 nvme1n1 WS   52254976   131072    7.288
05:48:30.846 python3        1784369 nvme1n1 WS   52255232   131072    7.364
05:48:30.846 python3        1784369 nvme1n1 WS   52255488   131072    7.442
05:48:30.846 python3        1784369 nvme1n1 WS   52255744   131072    7.521
05:48:30.846 python3        1784369 nvme1n1 WS   52256000   131072    7.597
05:48:30.846 python3        1784369 nvme1n1 WS   52256256   131072    7.671
05:48:30.846 python3        1784368 nvme1n1 WS   1675571200 131072    7.760
05:48:30.846 python3        1784368 nvme1n1 WS   1675571456 131072    7.835
05:48:30.847 python3        1784368 nvme1n1 WS   1675571712 131072    7.909
05:48:30.847 python3        1784368 nvme1n1 WS   1675571968 131072    7.986
05:48:30.847 python3        1784368 nvme1n1 WS   1675572224 131072    8.063
05:48:30.847 python3        1784368 nvme1n1 WS   1675572480 131072    8.142
05:48:30.847 python3        1784366 nvme1n1 WS   1733550080 131072    8.235
05:48:30.847 python3        1784366 nvme1n1 WS   1733550336 131072    8.318
05:48:30.847 python3        1784369 nvme1n1 WS   1675570688 131072    8.385
05:48:30.847 python3        1784369 nvme1n1 WS   1675570944 131072    8.449
05:48:30.847 python3        1784369 nvme1n1 WS   1675583488 131072    8.526
05:48:30.847 python3        1784369 nvme1n1 WS   1675583744 131072    8.608
05:48:30.847 python3        1784366 nvme1n1 WS   1733550592 131072    8.707
05:48:30.847 python3        1784366 nvme1n1 WS   1733550848 122880    8.779
05:48:30.848 python3        1784368 nvme1n1 WS   1675572736 131072    8.861
05:48:30.848 python3        1784368 nvme1n1 WS   1675572992 131072    8.923
05:48:30.848 python3        1784368 nvme1n1 WS   1675573248 131072    9.003
05:48:30.848 python3        1784368 nvme1n1 WS   1675573504 131072    9.082
05:48:30.848 python3        1784368 nvme1n1 WS   1675573760 131072    9.159
05:48:30.848 python3        1784368 nvme1n1 WS   1675574016 131072    9.235
05:48:30.848 python3        1784368 nvme1n1 WS   1675574272 131072    9.312
05:48:30.848 python3        1784368 nvme1n1 WS   1675574528 131072    9.392
05:48:30.848 python3        1784368 nvme1n1 WS   1675574784 131072    9.469
05:48:30.848 python3        1784369 nvme1n1 WS   52256512   131072    9.586
05:48:30.848 python3        1784369 nvme1n1 WS   52256768   131072    9.661
05:48:30.848 python3        1784369 nvme1n1 WS   52257024   131072    9.740
05:48:30.848 python3        1784368 nvme1n1 WS   1733552128 131072    9.827
05:48:30.849 python3        1784368 nvme1n1 WS   1733552384 131072    9.897
05:48:30.849 python3        1784368 nvme1n1 WS   1733552640 131072    9.979
05:48:30.849 python3        1784368 nvme1n1 WS   1733552896 122880   10.052
05:48:30.849 python3        1784366 nvme1n1 WS   1675562752 131072   10.178
05:48:30.849 python3        1784366 nvme1n1 WS   1675587584 131072   10.206
05:48:30.849 python3        1784366 nvme1n1 WS   1675587840 131072   10.278
05:48:30.849 python3        1784368 nvme1n1 WS   1675575040 131072   10.325
05:48:30.849 python3        1784368 nvme1n1 WS   1675591680 131072   10.402
05:48:30.849 python3        1784368 nvme1n1 WS   1675591936 131072   10.480
05:48:30.849 python3        1784369 nvme1n1 WS   69772288   131072   10.566
05:48:30.849 python3        1784369 nvme1n1 WS   69772544   131072   10.638
05:48:30.849 python3        1784369 nvme1n1 WS   69772800   131072   10.717
05:48:30.850 python3        1784369 nvme1n1 WS   69773056   122880   10.791
05:48:30.850 python3        1784367 nvme1n1 WS   1675595776 131072   10.845
05:48:30.850 python3        1784367 nvme1n1 WS   1675596032 131072   10.917
05:48:30.850 python3        1784367 nvme1n1 WS   1675596288 131072   10.995
05:48:30.850 python3        1784367 nvme1n1 WS   1675596544 131072   11.070
05:48:30.850 python3        1784367 nvme1n1 WS   1675596800 131072   11.145
05:48:30.850 python3        1784367 nvme1n1 WS   1675597056 131072   11.221
05:48:30.850 python3        1784367 nvme1n1 WS   1675597312 131072   11.297
05:48:30.850 python3        1784367 nvme1n1 WS   1675597568 131072   11.358
05:48:30.850 python3        1784367 nvme1n1 WS   1675597824 131072   11.437
05:48:30.850 python3        1784367 nvme1n1 WS   1675598080 131072   11.513
05:48:30.850 python3        1784367 nvme1n1 WS   1675598336 131072   11.595
05:48:30.850 python3        1784367 nvme1n1 WS   1675598592 131072   11.672
05:48:30.851 python3        1784367 nvme1n1 WS   1675598848 131072   11.751
05:48:30.851 python3        1784367 nvme1n1 WS   1675599104 131072   11.832
05:48:30.851 python3        1784367 nvme1n1 WS   1675599360 131072   11.913
05:48:30.851 python3        1784367 nvme1n1 WS   1675599616 131072   11.982
05:48:30.851 python3        1784367 nvme1n1 WS   1675599872 131072   12.060
05:48:30.851 python3        1784367 nvme1n1 WS   1733555200 131072   12.186
05:48:30.851 python3        1784367 nvme1n1 WS   1733555456 131072   12.253
05:48:30.851 python3        1784367 nvme1n1 WS   1733555712 131072   12.334
05:48:30.851 python3        1784367 nvme1n1 WS   1733555968 122880   12.405
05:48:30.851 python3        1784367 nvme1n1 WS   1675600128 131072   12.476
05:48:31.106 ib_log_        125932  nvme1n1 WS   1756076288 4096      0.057
05:48:31.583 python3        1784367 nvme1n1 WS   1675603968 131072    0.193
05:48:31.583 python3        1784367 nvme1n1 WS   1675604224 131072    0.307
05:48:31.584 python3        1784367 nvme1n1 WS   1675604480 131072    0.363
05:48:31.584 python3        1784367 nvme1n1 WS   1675604736 131072    0.423
05:48:31.584 python3        1784367 nvme1n1 WS   1675604992 131072    0.486
05:48:31.584 python3        1784367 nvme1n1 WS   1675605248 131072    0.561
05:48:31.584 python3        1784367 nvme1n1 WS   1675605504 131072    0.640
05:48:31.584 python3        1784368 nvme1n1 WS   1675608064 131072    0.744
05:48:31.584 python3        1784368 nvme1n1 WS   1675608320 131072    0.794
05:48:31.584 python3        1784368 nvme1n1 WS   1675608576 131072    0.876
05:48:31.584 python3        1784368 nvme1n1 WS   1675608832 131072    0.954
05:48:31.584 python3        1784368 nvme1n1 WS   1675609088 131072    1.033
05:48:31.584 python3        1784368 nvme1n1 WS   1675609344 131072    1.111
05:48:31.584 python3        1784368 nvme1n1 WS   1675609600 131072    1.193
05:48:31.584 python3        1784367 nvme1n1 WS   1675605760 131072    1.282
05:48:31.585 python3        1784367 nvme1n1 WS   1675606016 131072    1.369
05:48:31.585 python3        1784367 nvme1n1 WS   1675606272 131072    1.445
05:48:31.585 python3        1784367 nvme1n1 WS   1675606528 131072    1.525
05:48:31.585 python3        1784367 nvme1n1 WS   1675606784 131072    1.601
05:48:31.585 python3        1784367 nvme1n1 WS   1675607040 131072    1.691
05:48:31.585 python3        1784367 nvme1n1 WS   1675607296 131072    1.764
05:48:31.585 python3        1784367 nvme1n1 WS   1675607552 131072    1.844
05:48:31.585 python3        1784368 nvme1n1 WS   1675609856 131072    1.920
05:48:31.585 python3        1784368 nvme1n1 WS   1675610112 131072    1.999
05:48:31.585 python3        1784368 nvme1n1 WS   1675610368 131072    2.080
05:48:31.585 python3        1784368 nvme1n1 WS   1675610624 131072    2.158
05:48:31.585 python3        1784368 nvme1n1 WS   1675610880 131072    2.234
05:48:31.586 python3        1784367 nvme1n1 WS   1675607808 131072    2.311
05:48:31.586 python3        1784368 nvme1n1 WS   1675611136 131072    2.386
05:48:31.586 python3        1784368 nvme1n1 WS   1675611392 131072    2.454
05:48:31.586 python3        1784368 nvme1n1 WS   1675611648 131072    2.528
05:48:31.586 python3        1784367 nvme1n1 WS   1675620352 131072    2.610
05:48:31.586 python3        1784367 nvme1n1 WS   1675620608 131072    2.687
05:48:31.586 python3        1784366 nvme1n1 WS   1675616256 131072    2.758
05:48:31.586 python3        1784366 nvme1n1 WS   1675616512 131072    2.826
05:48:31.586 python3        1784366 nvme1n1 WS   1675616768 131072    2.899
05:48:31.586 python3        1784366 nvme1n1 WS   1675617024 131072    2.978
05:48:31.586 python3        1784366 nvme1n1 WS   1675617280 131072    3.048
05:48:31.586 python3        1784366 nvme1n1 WS   1675617536 131072    3.125
05:48:31.587 python3        1784368 nvme1n1 WS   1675612160 131072    3.251
05:48:31.587 python3        1784368 nvme1n1 WS   1675612416 131072    3.292
05:48:31.587 python3        1784368 nvme1n1 WS   1675612672 131072    3.361
05:48:31.587 python3        1784366 nvme1n1 WS   1675722752 131072    3.438
05:48:31.587 python3        1784368 nvme1n1 WS   1675612928 131072    3.517
05:48:31.587 python3        1784368 nvme1n1 WS   1675611904 131072    3.604
05:48:31.587 python3        1784368 nvme1n1 WS   1675726848 131072    3.679
05:48:31.587 python3        1784368 nvme1n1 WS   1675727104 131072    3.755
05:48:31.587 python3        1784366 nvme1n1 WS   1675617792 131072    3.828
05:48:31.587 python3        1784366 nvme1n1 WS   1675723008 131072    3.906
05:48:31.587 python3        1784368 nvme1n1 WS   1675613184 131072    3.982
05:48:31.587 python3        1784366 nvme1n1 WS   1675723264 131072    4.055
05:48:31.587 python3        1784368 nvme1n1 WS   1675613440 131072    4.131
05:48:31.588 python3        1784368 nvme1n1 WS   1675613696 131072    4.205
05:48:31.588 python3        1784366 nvme1n1 WS   1675723520 131072    4.283
05:48:31.588 python3        1784366 nvme1n1 WS   1675723776 131072    4.357
05:48:31.588 python3        1784367 nvme1n1 WS   52260864   131072    4.454
05:48:31.588 python3        1784367 nvme1n1 WS   52261120   131072    4.521
05:48:31.588 python3        1784367 nvme1n1 WS   52261376   131072    4.594
05:48:31.588 python3        1784367 nvme1n1 WS   52261632   131072    4.664
05:48:31.588 python3        1784367 nvme1n1 WS   52261888   131072    4.738
05:48:31.588 python3        1784367 nvme1n1 WS   52262144   131072    4.813
05:48:31.588 python3        1784367 nvme1n1 WS   52262400   131072    4.886
05:48:31.588 python3        1784366 nvme1n1 WS   1675724032 131072    4.983
05:48:31.588 python3        1784366 nvme1n1 WS   1675724288 131072    5.052
05:48:31.588 python3        1784368 nvme1n1 WS   1675613952 131072    5.114
05:48:31.589 python3        1784368 nvme1n1 WS   1675614208 131072    5.196
05:48:31.589 python3        1784368 nvme1n1 WS   1675614464 131072    5.264
05:48:31.589 python3        1784368 nvme1n1 WS   1675614720 131072    5.338
05:48:31.589 python3        1784366 nvme1n1 WS   1675724544 131072    5.415
05:48:31.589 python3        1784366 nvme1n1 WS   1675618048 131072    5.527
05:48:31.589 python3        1784366 nvme1n1 WS   1675618304 131072    5.600
05:48:31.589 python3        1784366 nvme1n1 WS   1675618560 131072    5.676
05:48:31.589 python3        1784366 nvme1n1 WS   1675618816 131072    5.751
05:48:31.589 python3        1784366 nvme1n1 WS   1675619072 131072    5.825
05:48:31.589 python3        1784366 nvme1n1 WS   1675619328 131072    5.899
05:48:31.589 python3        1784366 nvme1n1 WS   1675619584 131072    5.977
05:48:31.589 python3        1784366 nvme1n1 WS   1675619840 131072    6.051
05:48:31.590 python3        1784368 nvme1n1 WS   1675730944 131072    6.185
05:48:31.590 python3        1784368 nvme1n1 WS   1675731200 131072    6.217
05:48:31.590 python3        1784368 nvme1n1 WS   1675731456 131072    6.286
05:48:31.590 python3        1784368 nvme1n1 WS   1675731712 131072    6.360
05:48:31.590 python3        1784368 nvme1n1 WS   1675731968 131072    6.433
05:48:31.590 python3        1784368 nvme1n1 WS   1675732224 131072    6.511
05:48:31.590 python3        1784368 nvme1n1 WS   1675732480 131072    6.584
05:48:31.590 python3        1784368 nvme1n1 WS   1675614976 131072    6.712
05:48:31.590 python3        1784366 nvme1n1 WS   1675724800 131072    6.739
05:48:31.590 python3        1784368 nvme1n1 WS   1675615232 131072    6.815
05:48:31.590 python3        1784366 nvme1n1 WS   1675725056 131072    6.925
05:48:31.590 python3        1784368 nvme1n1 WS   1675615488 131072    7.002
05:48:31.590 python3        1784366 nvme1n1 WS   1675725312 131072    7.077
05:48:31.591 python3        1784368 nvme1n1 WS   1675615744 131072    7.157
05:48:31.591 python3        1784366 nvme1n1 WS   1675725568 131072    7.231
05:48:31.591 python3        1784366 nvme1n1 WS   1675725824 131072    7.305
05:48:31.591 python3        1784366 nvme1n1 WS   1675726080 131072    7.383
05:48:31.591 python3        1784366 nvme1n1 WS   1675726336 131072    7.459
05:48:31.591 python3        1784368 nvme1n1 WS   1675616000 131072    7.531
05:48:31.591 python3        1784368 nvme1n1 WS   1675743232 131072    7.603
05:48:31.591 python3        1784368 nvme1n1 WS   1675743488 131072    7.678
05:48:31.591 python3        1784366 nvme1n1 WS   1675726592 131072    7.754
05:48:31.591 python3        1784366 nvme1n1 WS   1675620096 131072    7.883
05:48:31.591 python3        1784366 nvme1n1 WS   1675739136 131072    7.971
05:48:31.591 python3        1784366 nvme1n1 WS   1675739392 131072    8.040
05:48:31.591 python3        1784367 nvme1n1 WS   52262656   131072    8.128
05:48:31.592 python3        1784367 nvme1n1 WS   52262912   131072    8.198
05:48:31.592 python3        1784367 nvme1n1 WS   52263168   131072    8.276
05:48:31.592 python3        1784367 nvme1n1 WS   52263424   131072    8.355
05:48:31.592 python3        1784367 nvme1n1 WS   52263680   131072    8.433
05:48:31.592 python3        1784367 nvme1n1 WS   52263936   131072    8.506
05:48:31.592 python3        1784367 nvme1n1 WS   52264192   131072    8.579
05:48:31.592 python3        1784367 nvme1n1 WS   52264448   131072    8.659
05:48:31.592 python3        1784368 nvme1n1 WS   1675732736 131072    8.754
05:48:31.592 python3        1784368 nvme1n1 WS   1675732992 131072    8.827
05:48:31.592 python3        1784368 nvme1n1 WS   1675733248 131072    8.899
05:48:31.592 python3        1784368 nvme1n1 WS   1675733504 131072    8.977
05:48:31.592 python3        1784368 nvme1n1 WS   1675733760 131072    9.054
05:48:31.593 python3        1784368 nvme1n1 WS   1675734016 131072    9.135
05:48:31.593 python3        1784368 nvme1n1 WS   1675734272 131072    9.211
05:48:31.593 python3        1784368 nvme1n1 WS   1675734528 131072    9.287
05:48:31.593 python3        1784369 nvme1n1 WS   52301824   131072    9.474
05:48:31.593 python3        1784369 nvme1n1 WS   52302080   131072    9.476
05:48:31.593 python3        1784369 nvme1n1 WS   52302336   131072    9.543
05:48:31.593 python3        1784369 nvme1n1 WS   52302592   131072    9.622
05:48:31.593 python3        1784369 nvme1n1 WS   52302848   131072    9.699
05:48:31.593 python3        1784369 nvme1n1 WS   52303104   131072    9.777
05:48:31.593 python3        1784369 nvme1n1 WS   52303360   131072    9.854
05:48:31.593 python3        1784369 nvme1n1 WS   1675735040 131072    9.954
05:48:31.593 python3        1784369 nvme1n1 WS   1675735296 131072   10.026
05:48:31.593 python3        1784369 nvme1n1 WS   1675735552 131072   10.101
05:48:31.594 python3        1784369 nvme1n1 WS   1675735808 131072   10.177
05:48:31.594 python3        1784369 nvme1n1 WS   1675736064 131072   10.258
05:48:31.594 python3        1784369 nvme1n1 WS   1675736320 131072   10.332
05:48:31.594 python3        1784369 nvme1n1 WS   1675736576 131072   10.410
05:48:31.594 python3        1784368 nvme1n1 WS   1675734784 131072   10.470
05:48:31.594 python3        1784368 nvme1n1 WS   1675751424 131072   10.550
05:48:31.594 python3        1784368 nvme1n1 WS   1675751680 131072   10.629
05:48:31.594 python3        1784366 nvme1n1 WS   1675747328 131072   10.717
05:48:31.594 python3        1784366 nvme1n1 WS   1675747584 131072   10.797
05:48:31.594 python3        1784369 nvme1n1 WS   52303616   131072   10.880
05:48:31.594 python3        1784369 nvme1n1 WS   52303872   131072   10.955
05:48:31.594 python3        1784369 nvme1n1 WS   52304128   131072   11.035
05:48:31.595 python3        1784369 nvme1n1 WS   52304384   131072   11.117
05:48:31.595 python3        1784369 nvme1n1 WS   52304640   131072   11.194
05:48:31.595 python3        1784369 nvme1n1 WS   52304896   131072   11.271
05:48:31.595 python3        1784369 nvme1n1 WS   52305152   131072   11.345
05:48:31.595 python3        1784369 nvme1n1 WS   52305408   131072   11.425
05:48:31.595 python3        1784369 nvme1n1 WS   52305664   131072   11.489
05:48:31.595 python3        1784369 nvme1n1 WS   52305920   131072   11.565
05:48:31.595 python3        1784369 nvme1n1 WS   52306176   131072   11.644
05:48:31.595 python3        1784369 nvme1n1 WS   1675736832 131072   11.824
05:48:31.595 python3        1784369 nvme1n1 WS   1675737088 131072   11.875
05:48:31.595 python3        1784369 nvme1n1 WS   1675737344 131072   11.951
05:48:31.595 python3        1784369 nvme1n1 WS   1675737600 131072   12.026
05:48:31.596 python3        1784369 nvme1n1 WS   1675737856 131072   12.103
05:48:31.596 python3        1784369 nvme1n1 WS   1675738112 131072   12.181
05:48:31.596 python3        1784369 nvme1n1 WS   1675738368 131072   12.259
05:48:31.596 python3        1784369 nvme1n1 WS   1675738624 131072   12.335
05:48:31.596 python3        1784369 nvme1n1 WS   1675738880 131072   12.398
05:48:31.596 python3        1784369 nvme1n1 WS   1675624448 131072   12.472
05:48:31.596 python3        1784369 nvme1n1 WS   1675624704 131072   12.553
05:48:31.596 python3        1784367 nvme1n1 WS   52264704   131072   12.680
05:48:31.596 python3        1784367 nvme1n1 WS   52264960   131072   12.750
05:48:31.596 python3        1784367 nvme1n1 WS   52265216   131072   12.823
05:48:31.596 python3        1784369 nvme1n1 WS   52269056   131072   12.832
05:48:31.596 python3        1784369 nvme1n1 WS   52269312   131072   12.899
05:48:31.596 python3        1784369 nvme1n1 WS   52269568   131072   12.973
05:48:31.597 python3        1784369 nvme1n1 WS   52269824   131072   13.048
05:48:31.597 python3        1784369 nvme1n1 WS   52270080   131072   13.130
05:48:31.597 python3        1784369 nvme1n1 WS   52270336   131072   13.210
05:48:31.597 python3        1784369 nvme1n1 WS   52270592   131072   13.286
05:48:31.597 python3        1784369 nvme1n1 WS   52270848   131072   13.343
05:48:31.597 python3        1784369 nvme1n1 WS   52271104   131072   13.422
05:48:31.597 python3        1784369 nvme1n1 WS   52271360   131072   13.498
05:48:31.597 python3        1784369 nvme1n1 WS   52271616   131072   13.579
05:48:31.597 python3        1784369 nvme1n1 WS   1675628544 131072   13.737
05:48:31.597 python3        1784369 nvme1n1 WS   1675628800 131072   13.752
05:48:31.597 python3        1784369 nvme1n1 WS   1675629056 131072   13.827
05:48:31.597 python3        1784369 nvme1n1 WS   1675629312 131072   13.904
05:48:31.598 python3        1784369 nvme1n1 WS   1675629568 131072   13.986
05:48:31.598 python3        1784369 nvme1n1 WS   1675629824 131072   14.064
05:48:31.598 python3        1784369 nvme1n1 WS   1675630080 131072   14.140
05:48:31.598 python3        1784366 nvme1n1 WS   1675632640 131072   14.282
05:48:31.598 python3        1784366 nvme1n1 WS   1675632896 131072   14.311
05:48:31.598 python3        1784366 nvme1n1 WS   1675633152 131072   14.383
05:48:31.598 python3        1784366 nvme1n1 WS   1675633408 131072   14.460
05:48:31.598 python3        1784366 nvme1n1 WS   1675633664 131072   14.538
05:48:31.598 python3        1784368 nvme1n1 WS   600363008  131072   14.627
05:48:31.598 python3        1784369 nvme1n1 WS   52271872   131072   14.783
05:48:31.598 python3        1784369 nvme1n1 WS   52272128   131072   14.785
05:48:31.598 python3        1784369 nvme1n1 WS   52272384   131072   14.853
05:48:31.598 python3        1784369 nvme1n1 WS   52272640   131072   14.927
05:48:31.599 python3        1784369 nvme1n1 WS   52272896   131072   14.998
05:48:31.599 python3        1784369 nvme1n1 WS   52273152   131072   15.074
05:48:31.599 python3        1784369 nvme1n1 WS   52273408   131072   15.153
05:48:31.599 python3        1784368 nvme1n1 WS   600363264  131072   15.260
05:48:31.599 python3        1784368 nvme1n1 WS   600363520  131072   15.334
05:48:31.599 python3        1784368 nvme1n1 WS   600363776  131072   15.409
05:48:31.599 python3        1784368 nvme1n1 WS   600364032  131072   15.482
05:48:31.599 python3        1784368 nvme1n1 WS   600364288  131072   15.559
05:48:31.599 python3        1784368 nvme1n1 WS   600364544  131072   15.636
05:48:31.599 python3        1784366 nvme1n1 WS   1675633920 131072   15.744
05:48:31.599 python3        1784366 nvme1n1 WS   1675634176 131072   15.820
05:48:31.599 python3        1784366 nvme1n1 WS   1675634432 131072   15.881
05:48:31.600 python3        1784366 nvme1n1 WS   1675634688 131072   15.958
05:48:31.600 python3        1784366 nvme1n1 WS   1675634944 131072   16.035
05:48:31.600 python3        1784366 nvme1n1 WS   1675635200 131072   16.114
05:48:31.600 python3        1784366 nvme1n1 WS   1675635456 131072   16.194
05:48:31.600 python3        1784366 nvme1n1 WS   1675635712 131072   16.269
05:48:31.600 python3        1784366 nvme1n1 WS   1675635968 131072   16.346
05:48:31.600 python3        1784366 nvme1n1 WS   1675636224 131072   16.421
05:48:31.600 python3        1784367 nvme1n1 WS   1675636736 131072   16.540
05:48:31.600 python3        1784367 nvme1n1 WS   1675636992 131072   16.609
05:48:31.600 python3        1784367 nvme1n1 WS   1675637248 131072   16.716
05:48:31.600 python3        1784367 nvme1n1 WS   1675637504 131072   16.795
05:48:31.600 python3        1784367 nvme1n1 WS   1675637760 131072   16.870
05:48:31.601 python3        1784367 nvme1n1 WS   1675638016 131072   16.949
05:48:31.601 python3        1784367 nvme1n1 WS   1675638272 131072   17.029
05:48:31.601 python3        1784367 nvme1n1 WS   1675638528 131072   17.087
05:48:31.601 python3        1784367 nvme1n1 WS   1675638784 131072   17.169
05:48:31.601 python3        1784367 nvme1n1 WS   1675639040 131072   17.243
05:48:31.601 python3        1784369 nvme1n1 WS   1675630336 131072   17.416
05:48:31.601 python3        1784369 nvme1n1 WS   1675630592 131072   17.443
05:48:31.601 python3        1784369 nvme1n1 WS   1675630848 131072   17.519
05:48:31.601 python3        1784369 nvme1n1 WS   1675631104 131072   17.595
05:48:31.601 python3        1784369 nvme1n1 WS   1675631360 131072   17.677
05:48:31.601 python3        1784369 nvme1n1 WS   1675631616 131072   17.752
05:48:31.601 python3        1784369 nvme1n1 WS   1675631872 131072   17.831
05:48:31.601 python3        1784369 nvme1n1 WS   1675632128 131072   17.911
05:48:31.602 python3        1784369 nvme1n1 WS   1675632384 131072   17.974
05:48:31.602 python3        1784369 nvme1n1 WS   1675640832 131072   18.051
05:48:31.602 python3        1784369 nvme1n1 WS   1675641088 131072   18.128
05:48:31.602 python3        1784367 nvme1n1 WS   1675639296 131072   18.209
05:48:31.602 python3        1784367 nvme1n1 WS   1675639552 131072   18.286
05:48:31.602 python3        1784367 nvme1n1 WS   1675639808 131072   18.363
05:48:31.602 python3        1784367 nvme1n1 WS   1675640064 131072   18.437
05:48:31.602 python3        1784367 nvme1n1 WS   1675640320 131072   18.520
05:48:31.602 python3        1784367 nvme1n1 WS   1675640576 131072   18.584
05:48:31.602 python3        1784367 nvme1n1 WS   1675653120 131072   18.660
05:48:31.602 python3        1784367 nvme1n1 WS   1675653376 131072   18.739
05:48:31.602 python3        1784366 nvme1n1 WS   1675636480 131072   18.851
05:48:31.603 python3        1784366 nvme1n1 WS   1675644928 131072   18.927
05:48:31.603 python3        1784366 nvme1n1 WS   1675645184 131072   19.004
05:48:31.603 python3        1784368 nvme1n1 WS   600364800  131072   19.081
05:48:31.603 python3        1784368 nvme1n1 WS   600365056  131072   19.155
05:48:31.603 python3        1784368 nvme1n1 WS   600365312  131072   19.232
05:48:31.603 python3        1784368 nvme1n1 WS   600365568  131072   19.307
05:48:31.603 python3        1784368 nvme1n1 WS   600365824  131072   19.385
05:48:31.603 python3        1784368 nvme1n1 WS   600366080  131072   19.458
05:48:31.603 python3        1784368 nvme1n1 WS   600366336  131072   19.532
05:48:31.603 python3        1784368 nvme1n1 WS   600366592  131072   19.605
05:48:31.603 python3        1784368 nvme1n1 WS   600366848  131072   19.660
05:48:31.603 python3        1784368 nvme1n1 WS   600367104  131072   19.740
05:48:31.603 python3        1784366 nvme1n1 WS   1675649024 131072   19.858
05:48:31.604 python3        1784366 nvme1n1 WS   1675649280 131072   19.930
05:48:31.604 python3        1784366 nvme1n1 WS   1675649536 131072   20.008
05:48:31.604 python3        1784366 nvme1n1 WS   1675649792 131072   20.085
05:48:31.604 python3        1784366 nvme1n1 WS   1675650048 131072   20.166
05:48:31.604 python3        1784366 nvme1n1 WS   1675650304 131072   20.246
05:48:31.604 python3        1784366 nvme1n1 WS   1675650560 131072   20.326
05:48:31.604 python3        1784366 nvme1n1 WS   1675650816 131072   20.385
05:48:31.604 python3        1784366 nvme1n1 WS   1675651072 131072   20.462
05:48:31.604 python3        1784366 nvme1n1 WS   1675651328 131072   20.539
05:48:31.604 python3        1784366 nvme1n1 WS   1675651584 131072   20.617
05:48:31.604 python3        1784366 nvme1n1 WS   1675651840 131072   20.695
05:48:31.604 python3        1784368 nvme1n1 WS   600367360  131072   20.792
05:48:31.605 python3        1784367 nvme1n1 WS   1675661312 131072   20.815
05:48:31.605 python3        1784367 nvme1n1 WS   1675661568 131072   20.834
05:48:31.605 python3        1784367 nvme1n1 WS   1675661824 131072   20.904
05:48:31.605 python3        1784367 nvme1n1 WS   1675662080 131072   20.984
05:48:31.605 python3        1784367 nvme1n1 WS   1675662336 131072   21.061
05:48:31.605 python3        1784367 nvme1n1 WS   1675662592 131072   21.136
05:48:31.605 python3        1784367 nvme1n1 WS   1675662848 131072   21.211
05:48:31.605 python3        1784367 nvme1n1 WS   1675663104 131072   21.269
05:48:31.605 python3        1784367 nvme1n1 WS   1675663360 131072   21.345
05:48:31.605 python3        1784367 nvme1n1 WS   1675663616 131072   21.451
05:48:31.605 python3        1784367 nvme1n1 WS   1675663872 131072   21.527
05:48:31.605 python3        1784367 nvme1n1 WS   1675664128 131072   21.602
05:48:31.606 python3        1784366 nvme1n1 WS   1675652096 131072   21.840
05:48:31.606 python3        1784366 nvme1n1 WS   1675652352 131072   21.920
05:48:31.606 python3        1784366 nvme1n1 WS   1675652608 131072   22.001
05:48:31.606 python3        1784366 nvme1n1 WS   1675652864 131072   22.067
05:48:31.606 python3        1784367 nvme1n1 WS   1675664384 131072   22.012
05:48:31.606 python3        1784367 nvme1n1 WS   1675664640 131072   22.089
05:48:31.606 python3        1784367 nvme1n1 WS   1675664896 131072   22.166
05:48:31.606 python3        1784367 nvme1n1 WS   1675665152 131072   22.231
05:48:31.606 python3        1784367 nvme1n1 WS   1675665408 131072   22.315
05:48:31.606 python3        1784367 nvme1n1 WS   1675665664 131072   22.394
05:48:31.606 python3        1784366 nvme1n1 WS   1675657216 131072   22.632
05:48:31.606 python3        1784366 nvme1n1 WS   1675657472 131072   22.710
05:48:31.607 python3        1784367 nvme1n1 WS   1684879360 131072   19.787
05:48:31.607 python3        1784367 nvme1n1 WS   1684879616 131072   19.859
05:48:31.607 python3        1784367 nvme1n1 WS   1684879872 131072   19.940
05:48:31.607 python3        1784367 nvme1n1 WS   1684880128 131072   20.012
05:48:31.607 python3        1784367 nvme1n1 WS   1684880384 131072   20.092
05:48:31.607 python3        1784367 nvme1n1 WS   1684880640 131072   20.157
05:48:31.607 python3        1784367 nvme1n1 WS   1684880896 131072   20.285
05:48:31.607 python3        1784367 nvme1n1 WS   1684881152 40960    20.323
05:48:31.607 python3        1784368 nvme1n1 WS   1675368448 131072   19.452
05:48:31.607 python3        1784368 nvme1n1 WS   1675368704 131072   19.551
05:48:31.607 python3        1784368 nvme1n1 WS   1675368960 131072   19.616
05:48:31.607 python3        1784368 nvme1n1 WS   1675369216 131072   19.690
05:48:31.608 python3        1784368 nvme1n1 WS   1675369472 131072   19.771
05:48:31.608 python3        1784368 nvme1n1 WS   1675369728 131072   19.853
05:48:31.608 python3        1784368 nvme1n1 WS   1675369984 131072   19.929
05:48:31.608 python3        1784368 nvme1n1 WS   1675370240 40960    19.955
05:48:31.608 python3        1784366 nvme1n1 WS   1684883456 131072   15.680
05:48:31.608 python3        1784366 nvme1n1 WS   1684883712 131072   15.759
05:48:31.608 python3        1784366 nvme1n1 WS   1684883968 131072   15.839
05:48:31.608 python3        1784366 nvme1n1 WS   1684884224 131072   15.922
05:48:31.608 python3        1784366 nvme1n1 WS   1684884480 131072   16.000
05:48:31.608 python3        1784366 nvme1n1 WS   1684884736 131072   16.077
05:48:31.608 python3        1784366 nvme1n1 WS   1684884992 131072   16.158
05:48:31.608 python3        1784366 nvme1n1 WS   1684885248 40960    16.181
05:48:31.608 python3        1784369 nvme1n1 WS   1675376640 131072   12.398
05:48:31.608 python3        1784369 nvme1n1 WS   1675376896 131072   12.474
05:48:31.609 python3        1784369 nvme1n1 WS   1675377152 131072   12.550
05:48:31.609 python3        1784369 nvme1n1 WS   1675377408 131072   12.631
05:48:31.609 python3        1784369 nvme1n1 WS   1675377664 131072   12.706
05:48:31.609 python3        1784369 nvme1n1 WS   1675377920 131072   12.789
05:48:31.609 python3        1784369 nvme1n1 WS   1675378176 131072   12.869
05:48:31.609 python3        1784369 nvme1n1 WS   1675378432 40960    12.893
05:48:31.838 nvme           1856060 Unknown N    -1         512       0.109
05:48:32.840 nvme           1856080 Unknown N    -1         512       0.031
05:48:32.963 jbd2/nv        752     nvme1n1 WSM  878653632  131072    0.169
05:48:32.963 jbd2/nv        752     nvme1n1 WSM  878653888  131072    0.208
05:48:32.963 jbd2/nv        752     nvme1n1 WSM  878654144  73728     0.229
05:48:32.963 jbd2/nv        752     nvme1n1 WSM  878654288  4096      0.034
05:48:33.842 nvme           1856089 Unknown N    -1         512       0.080
05:48:34.845 nvme           1856093 Unknown N    -1         512       0.078
05:48:35.395 dockerd        1436    nvme1n1 WS   608484944  4096      0.055
05:48:35.396 jbd2/nv        752     nvme1n1 WSM  878654296  40960     0.076
05:48:35.396 jbd2/nv        752     nvme1n1 WSM  878654376  4096      0.028
05:48:35.396 dockerd        1436    nvme1n1 WS   608484952  4096      0.031
05:48:35.396 jbd2/nv        752     nvme1n1 WSM  878654384  40960     0.061
05:48:35.396 jbd2/nv        752     nvme1n1 WSM  878654464  4096      0.029
05:48:35.848 nvme           1856152 Unknown N    -1         512       0.033
05:48:36.745 python3        1784366 nvme1n1 WS   1675669504 131072    0.216
05:48:36.745 python3        1784366 nvme1n1 WS   1675669760 131072    0.252
05:48:36.745 python3        1784366 nvme1n1 WS   1675670016 131072    0.333
05:48:36.745 python3        1784366 nvme1n1 WS   1675670272 131072    0.426
05:48:36.745 python3        1784366 nvme1n1 WS   1675670528 131072    0.505
05:48:36.745 python3        1784366 nvme1n1 WS   1675670784 131072    0.596
05:48:36.745 python3        1784366 nvme1n1 WS   1675671040 131072    0.656
05:48:36.745 python3        1784366 nvme1n1 WS   1675671296 131072    0.695
05:48:36.745 python3        1784366 nvme1n1 WS   1675671552 131072    0.775
05:48:36.745 python3        1784366 nvme1n1 WS   1675671808 131072    0.853
05:48:36.745 python3        1784366 nvme1n1 WS   1675672064 131072    0.938
05:48:36.746 python3        1784369 nvme1n1 WS   1675673600 131072    1.032
05:48:36.746 python3        1784368 nvme1n1 WS   71602176   131072    1.111
05:48:36.746 python3        1784369 nvme1n1 WS   1675673856 131072    1.187
05:48:36.746 python3        1784368 nvme1n1 WS   71602432   131072    1.267
05:48:36.746 python3        1784366 nvme1n1 WS   1675672320 131072    1.334
05:48:36.746 python3        1784369 nvme1n1 WS   1675674112 131072    1.421
05:48:36.746 python3        1784369 nvme1n1 WS   1675674368 131072    1.501
05:48:36.746 python3        1784366 nvme1n1 WS   1675672576 131072    1.583
05:48:36.746 python3        1784366 nvme1n1 WS   1675672832 131072    1.668
05:48:36.746 python3        1784368 nvme1n1 WS   71602688   131072    1.750
05:48:36.746 python3        1784368 nvme1n1 WS   71602944   131072    1.829
05:48:36.746 python3        1784366 nvme1n1 WS   1675673088 131072    1.909
05:48:36.747 python3        1784369 nvme1n1 WS   1675674624 131072    1.995
05:48:36.747 python3        1784369 nvme1n1 WS   1675674880 131072    2.073
05:48:36.747 python3        1784369 nvme1n1 WS   1675675136 131072    2.155
05:48:36.747 python3        1784368 nvme1n1 WS   71603200   131072    2.237
05:48:36.747 python3        1784368 nvme1n1 WS   71603456   131072    2.313
05:48:36.747 python3        1784368 nvme1n1 WS   71603712   131072    2.392
05:48:36.747 python3        1784366 nvme1n1 WS   1675673344 131072    2.453
05:48:36.747 python3        1784366 nvme1n1 WS   1675677696 131072    2.528
05:48:36.747 python3        1784366 nvme1n1 WS   1675677952 131072    2.607
05:48:36.747 python3        1784366 nvme1n1 WS   52277248   131072    2.597
05:48:36.747 python3        1784366 nvme1n1 WS   52277504   131072    2.685
05:48:36.747 python3        1784368 nvme1n1 WS   71603968   131072    2.836
05:48:36.747 python3        1784368 nvme1n1 WS   71604224   131072    2.911
05:48:36.748 python3        1784368 nvme1n1 WS   71604480   131072    2.988
05:48:36.748 python3        1784368 nvme1n1 WS   71604736   131072    3.066
05:48:36.748 python3        1784368 nvme1n1 WS   71604992   131072    3.144
05:48:36.748 python3        1784368 nvme1n1 WS   71605248   131072    3.215
05:48:36.748 python3        1784368 nvme1n1 WS   71605504   131072    3.289
05:48:36.748 python3        1784368 nvme1n1 WS   71605760   131072    3.367
05:48:36.748 python3        1784368 nvme1n1 WS   71606016   131072    3.414
05:48:36.748 python3        1784368 nvme1n1 WS   71606272   131072    3.488
05:48:36.748 python3        1784368 nvme1n1 WS   71606528   131072    3.563
05:48:36.748 python3        1784369 nvme1n1 WS   1675675392 131072    3.705
05:48:36.748 python3        1784369 nvme1n1 WS   1675675648 131072    3.778
05:48:36.748 python3        1784369 nvme1n1 WS   1675675904 131072    3.846
05:48:36.748 python3        1784369 nvme1n1 WS   1675676160 131072    3.919
05:48:36.749 python3        1784369 nvme1n1 WS   1675676416 131072    3.996
05:48:36.749 python3        1784369 nvme1n1 WS   1675676672 131072    4.075
05:48:36.749 python3        1784369 nvme1n1 WS   1675676928 131072    4.148
05:48:36.749 python3        1784369 nvme1n1 WS   1675677184 131072    4.225
05:48:36.749 python3        1784369 nvme1n1 WS   1675677440 131072    4.269
05:48:36.749 python3        1784369 nvme1n1 WS   1675681792 131072    4.346
05:48:36.749 python3        1784369 nvme1n1 WS   1675682048 131072    4.419
05:48:36.749 python3        1784368 nvme1n1 WS   1565827072 131072    4.557
05:48:36.749 python3        1784368 nvme1n1 WS   1565827328 131072    4.623
05:48:36.749 python3        1784368 nvme1n1 WS   1565827584 131072    4.696
05:48:36.749 python3        1784368 nvme1n1 WS   1565827840 131072    4.771
05:48:36.749 python3        1784368 nvme1n1 WS   1565828096 131072    4.844
05:48:36.749 python3        1784368 nvme1n1 WS   1565828352 131072    4.916
05:48:36.750 python3        1784368 nvme1n1 WS   1565828608 131072    4.973
05:48:36.750 python3        1784368 nvme1n1 WS   1565828864 131072    5.026
05:48:36.750 python3        1784368 nvme1n1 WS   1565829120 131072    5.101
05:48:36.750 python3        1784368 nvme1n1 WS   1565829376 131072    5.175
05:48:36.750 python3        1784368 nvme1n1 WS   1565829632 131072    5.255
05:48:36.750 python3        1784368 nvme1n1 WS   1565829888 131072    5.327
05:48:36.750 python3        1784368 nvme1n1 WS   1565830144 131072    5.404
05:48:36.750 python3        1784368 nvme1n1 WS   1565830400 131072    5.481
05:48:36.750 python3        1784369 nvme1n1 WS   1637294080 131072    5.679
05:48:36.750 python3        1784369 nvme1n1 WS   1637294336 131072    5.709
05:48:36.750 python3        1784369 nvme1n1 WS   1637294592 131072    5.759
05:48:36.750 python3        1784369 nvme1n1 WS   1637294848 131072    5.835
05:48:36.750 python3        1784369 nvme1n1 WS   1637295104 131072    5.911
05:48:36.751 python3        1784369 nvme1n1 WS   1637295360 131072    5.985
05:48:36.751 python3        1784369 nvme1n1 WS   1637295616 131072    6.059
05:48:36.751 python3        1784369 nvme1n1 WS   1637295872 131072    6.116
05:48:36.751 python3        1784369 nvme1n1 WS   1637296128 131072    6.193
05:48:36.751 python3        1784369 nvme1n1 WS   1637296384 131072    6.273
05:48:36.751 python3        1784369 nvme1n1 WS   1637296640 131072    6.354
05:48:36.751 python3        1784369 nvme1n1 WS   1637296896 131072    6.433
05:48:36.751 python3        1784369 nvme1n1 WS   1637297152 131072    6.507
05:48:36.751 python3        1784369 nvme1n1 WS   1637297408 131072    6.585
05:48:36.751 python3        1784369 nvme1n1 WS   1637297664 131072    6.679
05:48:36.751 python3        1784369 nvme1n1 WS   1637297920 131072    6.730
05:48:36.751 python3        1784369 nvme1n1 WS   1637298176 131072    6.808
05:48:36.752 python3        1784369 nvme1n1 WS   1637298432 131072    6.918
05:48:36.752 python3        1784368 nvme1n1 WS   1565830656 131072    7.025
05:48:36.752 python3        1784368 nvme1n1 WS   1565830912 131072    7.085
05:48:36.752 python3        1784368 nvme1n1 WS   1565831168 131072    7.161
05:48:36.752 python3        1784368 nvme1n1 WS   1565831424 131072    7.239
05:48:36.752 python3        1784367 nvme1n1 WS   52310016   131072    7.330
05:48:36.752 python3        1784367 nvme1n1 WS   52310272   131072    7.400
05:48:36.752 python3        1784367 nvme1n1 WS   52310528   131072    7.478
05:48:36.752 python3        1784367 nvme1n1 WS   52310784   131072    7.555
05:48:36.752 python3        1784367 nvme1n1 WS   52311040   131072    7.630
05:48:36.752 python3        1784367 nvme1n1 WS   52311296   131072    7.707
05:48:36.752 python3        1784367 nvme1n1 WS   52311552   131072    7.782
05:48:36.753 python3        1784366 nvme1n1 WS   52277760   131072    7.877
05:48:36.753 python3        1784366 nvme1n1 WS   52278016   131072    7.953
05:48:36.753 python3        1784366 nvme1n1 WS   52278272   131072    8.030
05:48:36.753 python3        1784366 nvme1n1 WS   52278528   131072    8.106
05:48:36.753 python3        1784366 nvme1n1 WS   52278784   131072    8.181
05:48:36.753 python3        1784368 nvme1n1 WS   1675685888 131072    8.293
05:48:36.753 python3        1784368 nvme1n1 WS   1675686144 131072    8.323
05:48:36.753 python3        1784368 nvme1n1 WS   1675686400 131072    8.398
05:48:36.753 python3        1784368 nvme1n1 WS   1675686656 131072    8.476
05:48:36.753 python3        1784366 nvme1n1 WS   52279040   131072    8.562
05:48:36.753 python3        1784366 nvme1n1 WS   52279296   131072    8.641
05:48:36.753 python3        1784367 nvme1n1 WS   52311808   131072    8.724
05:48:36.753 python3        1784367 nvme1n1 WS   52312064   131072    8.805
05:48:36.754 python3        1784368 nvme1n1 WS   1675686912 131072    8.887
05:48:36.754 python3        1784368 nvme1n1 WS   1675687168 131072    8.967
05:48:36.754 python3        1784368 nvme1n1 WS   1675687424 131072    9.044
05:48:36.754 python3        1784366 nvme1n1 WS   52279552   131072    9.133
05:48:36.754 python3        1784366 nvme1n1 WS   52279808   131072    9.212
05:48:36.754 python3        1784366 nvme1n1 WS   52280064   131072    9.290
05:48:36.754 python3        1784367 nvme1n1 WS   52312320   131072    9.376
05:48:36.754 python3        1784367 nvme1n1 WS   52312576   131072    9.452
05:48:36.754 python3        1784366 nvme1n1 WS   52280320   131072    9.530
05:48:36.754 python3        1784366 nvme1n1 WS   52280576   131072    9.605
05:48:36.754 python3        1784366 nvme1n1 WS   52280832   131072    9.683
05:48:36.754 python3        1784367 nvme1n1 WS   52312832   131072    9.764
05:48:36.755 python3        1784367 nvme1n1 WS   52313088   131072    9.842
05:48:36.755 python3        1784367 nvme1n1 WS   52313344   131072    9.916
05:48:36.755 python3        1784367 nvme1n1 WS   52313600   131072    9.990
05:48:36.755 python3        1784368 nvme1n1 WS   1675687680 131072   10.069
05:48:36.755 python3        1784368 nvme1n1 WS   1675687936 131072   10.148
05:48:36.755 python3        1784368 nvme1n1 WS   1675688192 131072   10.226
05:48:36.755 python3        1784368 nvme1n1 WS   1675688448 131072   10.303
05:48:36.755 python3        1784368 nvme1n1 WS   1675688704 131072   10.377
05:48:36.755 python3        1784368 nvme1n1 WS   1675688960 131072   10.453
05:48:36.755 python3        1784368 nvme1n1 WS   1675689216 131072   10.531
05:48:36.755 python3        1784368 nvme1n1 WS   1675689472 131072   10.610
05:48:36.755 python3        1784366 nvme1n1 WS   52281088   131072   10.710
05:48:36.756 python3        1784366 nvme1n1 WS   52281344   131072   10.789
05:48:36.756 python3        1784366 nvme1n1 WS   52281600   131072   10.869
05:48:36.756 python3        1784367 nvme1n1 WS   52313856   131072   10.941
05:48:36.756 python3        1784367 nvme1n1 WS   52314112   131072   11.016
05:48:36.756 python3        1784367 nvme1n1 WS   52314368   131072   11.097
05:48:36.756 python3        1784369 nvme1n1 WS   1675755520 131072   11.183
05:48:36.756 python3        1784369 nvme1n1 WS   1675755776 131072   11.259
05:48:36.756 python3        1784369 nvme1n1 WS   1675756032 131072   11.335
05:48:36.756 python3        1784369 nvme1n1 WS   1675756288 131072   11.414
05:48:36.756 python3        1784369 nvme1n1 WS   1675756544 131072   11.490
05:48:36.756 python3        1784369 nvme1n1 WS   1675756800 131072   11.567
05:48:36.756 python3        1784369 nvme1n1 WS   1675757056 131072   11.647
05:48:36.757 python3        1784369 nvme1n1 WS   1637220352 131072   11.759
05:48:36.757 python3        1784369 nvme1n1 WS   1637220608 131072   11.850
05:48:36.757 python3        1784369 nvme1n1 WS   1637220864 131072   11.926
05:48:36.757 python3        1784369 nvme1n1 WS   1637221120 131072   12.001
05:48:36.757 python3        1784369 nvme1n1 WS   1637221376 131072   12.080
05:48:36.757 python3        1784369 nvme1n1 WS   1637221632 131072   12.157
05:48:36.757 python3        1784369 nvme1n1 WS   1637221888 131072   12.235
05:48:36.757 python3        1784368 nvme1n1 WS   1675689728 131072   12.384
05:48:36.757 python3        1784368 nvme1n1 WS   1675759616 131072   12.401
05:48:36.757 python3        1784368 nvme1n1 WS   1675759872 131072   12.474
05:48:36.757 python3        1784369 nvme1n1 WS   1675757312 131072   12.548
05:48:36.757 python3        1784369 nvme1n1 WS   1675757568 131072   12.621
05:48:36.757 python3        1784369 nvme1n1 WS   1675757824 131072   12.702
05:48:36.758 python3        1784369 nvme1n1 WS   1675758080 90112    12.755
05:48:36.758 python3        1784369 nvme1n1 WS   1637222144 131072   12.826
05:48:36.758 python3        1784369 nvme1n1 WS   1637222400 131072   12.896
05:48:36.758 python3        1784369 nvme1n1 WS   1637222656 131072   12.970
05:48:36.758 python3        1784369 nvme1n1 WS   1637222912 131072   13.050
05:48:36.758 python3        1784369 nvme1n1 WS   1637223168 131072   13.132
05:48:36.758 python3        1784369 nvme1n1 WS   1637223424 131072   13.213
05:48:36.758 python3        1784369 nvme1n1 WS   1637223680 131072   13.294
05:48:36.758 python3        1784369 nvme1n1 WS   1637223936 131072   13.369
05:48:36.758 python3        1784369 nvme1n1 WS   1637224192 131072   13.435
05:48:36.758 python3        1784369 nvme1n1 WS   1637224448 131072   13.515
05:48:36.758 python3        1784369 nvme1n1 WS   1637224704 131072   13.599
05:48:36.759 python3        1784367 nvme1n1 WS   1675763712 131072   13.674
05:48:36.759 python3        1784367 nvme1n1 WS   1675763968 131072   13.749
05:48:36.759 python3        1784367 nvme1n1 WS   1675764224 131072   13.827
05:48:36.759 python3        1784367 nvme1n1 WS   1675764480 131072   13.907
05:48:36.759 python3        1784367 nvme1n1 WS   1675764736 131072   13.987
05:48:36.759 python3        1784367 nvme1n1 WS   1675764992 131072   14.063
05:48:36.759 python3        1784367 nvme1n1 WS   1675765248 131072   14.140
05:48:36.759 python3        1784366 nvme1n1 WS   1675771904 131072   14.260
05:48:36.759 python3        1784366 nvme1n1 WS   1675772160 131072   14.288
05:48:36.759 python3        1784366 nvme1n1 WS   1675772416 131072   14.369
05:48:36.759 python3        1784366 nvme1n1 WS   1675772672 131072   14.451
05:48:36.759 python3        1784366 nvme1n1 WS   1675767808 131072   14.532
05:48:36.759 python3        1784367 nvme1n1 WS   1675765504 131072   14.601
05:48:36.760 python3        1784367 nvme1n1 WS   1675765760 131072   14.680
05:48:36.760 python3        1784367 nvme1n1 WS   1675766016 131072   14.759
05:48:36.760 python3        1784367 nvme1n1 WS   1675766272 131072   14.834
05:48:36.760 python3        1784366 nvme1n1 WS   1675772928 131072   14.924
05:48:36.760 python3        1784366 nvme1n1 WS   1675773184 131072   14.998
05:48:36.760 python3        1784366 nvme1n1 WS   1675768064 131072   15.085
05:48:36.760 python3        1784366 nvme1n1 WS   1675768320 131072   15.156
05:48:36.760 python3        1784366 nvme1n1 WS   1675773440 131072   15.235
05:48:36.760 python3        1784367 nvme1n1 WS   1675766528 131072   15.314
05:48:36.760 python3        1784367 nvme1n1 WS   1675766784 131072   15.392
05:48:36.760 python3        1784367 nvme1n1 WS   1675767040 131072   15.466
05:48:36.760 python3        1784366 nvme1n1 WS   1675768576 131072   15.550
05:48:36.761 python3        1784366 nvme1n1 WS   1675768832 131072   15.625
05:48:36.761 python3        1784366 nvme1n1 WS   1675769088 131072   15.698
05:48:36.761 python3        1784366 nvme1n1 WS   1675769344 131072   15.777
05:48:36.761 python3        1784366 nvme1n1 WS   1675769600 131072   15.830
05:48:36.761 python3        1784366 nvme1n1 WS   1675769856 131072   15.906
05:48:36.761 python3        1784366 nvme1n1 WS   1675770112 131072   15.982
05:48:36.761 python3        1784366 nvme1n1 WS   1675770368 90112    16.036
05:48:36.761 python3        1784367 nvme1n1 WS   1675767296 131072   16.164
05:48:36.761 python3        1784367 nvme1n1 WS   1675767552 131072   16.229
05:48:36.761 python3        1784367 nvme1n1 WS   1675776000 131072   16.305
05:48:36.761 python3        1784367 nvme1n1 WS   1675776256 131072   16.382
05:48:36.761 python3        1784366 nvme1n1 WS   1675773696 131072   16.526
05:48:36.761 python3        1784366 nvme1n1 WS   1675773952 131072   16.555
05:48:36.762 python3        1784366 nvme1n1 WS   1675774208 131072   16.658
05:48:36.762 python3        1784366 nvme1n1 WS   1675774464 131072   16.736
05:48:36.762 python3        1784366 nvme1n1 WS   1675774720 131072   16.809
05:48:36.762 python3        1784366 nvme1n1 WS   1675774976 131072   16.892
05:48:36.762 python3        1784366 nvme1n1 WS   1675775232 131072   16.969
05:48:36.762 python3        1784366 nvme1n1 WS   1675775488 131072   17.050
05:48:36.762 python3        1784366 nvme1n1 WS   1675775744 131072   17.115
05:48:36.762 python3        1784366 nvme1n1 WS   1675780096 131072   17.198
05:48:36.762 python3        1784366 nvme1n1 WS   1675780352 131072   17.269
05:48:36.762 python3        1784367 nvme1n1 WS   1675784192 131072   17.158
05:48:36.762 python3        1784367 nvme1n1 WS   1675784448 131072   17.173
05:48:36.762 python3        1784367 nvme1n1 WS   1675784704 131072   17.251
05:48:36.763 python3        1784367 nvme1n1 WS   1675784960 131072   17.328
05:48:36.763 python3        1784367 nvme1n1 WS   1675785216 131072   17.407
05:48:36.763 python3        1784367 nvme1n1 WS   1675785472 131072   17.487
05:48:36.763 python3        1784367 nvme1n1 WS   1675785728 131072   17.563
05:48:36.763 python3        1784367 nvme1n1 WS   1675785984 131072   17.634
05:48:36.763 python3        1784367 nvme1n1 WS   1675786240 131072   17.713
05:48:36.763 python3        1784367 nvme1n1 WS   1675786496 131072   17.787
05:48:36.763 python3        1784367 nvme1n1 WS   1675786752 90112    17.842
05:48:36.763 python3        1784368 nvme1n1 WS   1675788288 131072   17.541
05:48:36.763 python3        1784368 nvme1n1 WS   1675788544 131072   17.611
05:48:36.763 python3        1784368 nvme1n1 WS   1675788800 131072   17.690
05:48:36.763 python3        1784368 nvme1n1 WS   1675789056 131072   17.767
05:48:36.763 python3        1784368 nvme1n1 WS   1675789312 131072   17.844
05:48:36.764 python3        1784368 nvme1n1 WS   1675789568 131072   17.918
05:48:36.764 python3        1784368 nvme1n1 WS   1675789824 131072   17.996
05:48:36.764 python3        1784368 nvme1n1 WS   1675790080 131072   18.063
05:48:36.764 python3        1784368 nvme1n1 WS   1675790336 131072   18.137
05:48:36.764 python3        1784368 nvme1n1 WS   1675790592 131072   18.214
05:48:36.764 python3        1784368 nvme1n1 WS   1675790848 90112    18.273
05:48:36.764 python3        1784367 nvme1n1 WS   52285440   131072   18.319
05:48:36.764 python3        1784367 nvme1n1 WS   52285696   131072   18.393
05:48:36.764 python3        1784367 nvme1n1 WS   52285952   131072   18.469
05:48:36.764 python3        1784367 nvme1n1 WS   52286208   131072   18.544
05:48:36.764 python3        1784367 nvme1n1 WS   52286464   131072   18.624
05:48:36.764 python3        1784367 nvme1n1 WS   52286720   131072   18.702
05:48:36.764 python3        1784367 nvme1n1 WS   52286976   131072   18.780
05:48:36.765 python3        1784367 nvme1n1 WS   52287232   131072   18.839
05:48:36.765 python3        1784367 nvme1n1 WS   52287488   131072   18.917
05:48:36.765 python3        1784367 nvme1n1 WS   52287744   131072   18.995
05:48:36.765 python3        1784367 nvme1n1 WS   52288000   131072   19.073
05:48:36.765 python3        1784367 nvme1n1 WS   52288256   131072   19.153
05:48:36.765 python3        1784367 nvme1n1 WS   52288512   131072   19.229
05:48:36.765 python3        1784367 nvme1n1 WS   52288768   131072   19.305
05:48:36.765 python3        1784367 nvme1n1 WS   52289024   131072   19.385
05:48:36.765 python3        1784367 nvme1n1 WS   52289280   131072   19.451
05:48:36.765 python3        1784367 nvme1n1 WS   52289536   131072   19.526
05:48:36.765 python3        1784367 nvme1n1 WS   52289792   131072   19.604
05:48:36.850 nvme           1856156 Unknown N    -1         512       0.032
05:48:37.665 kworker        1774410 nvme0n1 W    36484712   4096      0.550
05:48:37.738 ib_log_        125932  nvme1n1 WS   1756077168 4096      0.051
05:48:37.783 ib_log_        125932  nvme1n1 WS   1756077168 4096      0.042
05:48:37.792 python3        1784367 nvme1n1 WS   1637228544 131072    0.181
05:48:37.792 python3        1784367 nvme1n1 WS   1637228800 131072    0.262
05:48:37.792 python3        1784367 nvme1n1 WS   1637229056 131072    0.317
05:48:37.792 python3        1784367 nvme1n1 WS   1637229312 131072    0.403
05:48:37.792 python3        1784367 nvme1n1 WS   1637229568 131072    0.470
05:48:37.792 python3        1784367 nvme1n1 WS   1637229824 131072    0.596
05:48:37.792 python3        1784367 nvme1n1 WS   1637230080 131072    0.645
05:48:37.793 python3        1784369 nvme1n1 WS   1675792384 131072    0.760
05:48:37.793 python3        1784369 nvme1n1 WS   1675792640 131072    0.790
05:48:37.793 python3        1784369 nvme1n1 WS   1675792896 131072    0.869
05:48:37.793 python3        1784369 nvme1n1 WS   1675793152 131072    0.945
05:48:37.793 python3        1784369 nvme1n1 WS   1675793408 131072    1.026
05:48:37.793 python3        1784367 nvme1n1 WS   1637230336 131072    1.103
05:48:37.793 python3        1784369 nvme1n1 WS   1675793664 131072    1.189
05:48:37.793 python3        1784369 nvme1n1 WS   1675793920 131072    1.268
05:48:37.793 python3        1784367 nvme1n1 WS   1637230592 131072    1.351
05:48:37.793 python3        1784367 nvme1n1 WS   1637230848 131072    1.432
05:48:37.793 python3        1784367 nvme1n1 WS   1637231104 131072    1.511
05:48:37.793 python3        1784367 nvme1n1 WS   1637231360 131072    1.592
05:48:37.793 python3        1784367 nvme1n1 WS   1637231616 131072    1.673
05:48:37.794 python3        1784367 nvme1n1 WS   1637231872 131072    1.754
05:48:37.794 python3        1784367 nvme1n1 WS   1637232128 131072    1.837
05:48:37.794 python3        1784369 nvme1n1 WS   1675794176 131072    1.915
05:48:37.794 python3        1784369 nvme1n1 WS   1675794432 131072    1.995
05:48:37.794 python3        1784369 nvme1n1 WS   1675794688 131072    2.080
05:48:37.794 python3        1784369 nvme1n1 WS   1675794944 131072    2.158
05:48:37.794 python3        1784369 nvme1n1 WS   1675795200 131072    2.231
05:48:37.794 python3        1784369 nvme1n1 WS   1675795456 131072    2.305
05:48:37.794 python3        1784367 nvme1n1 WS   1637232384 131072    2.388
05:48:37.794 python3        1784367 nvme1n1 WS   1637232640 131072    2.463
05:48:37.794 python3        1784367 nvme1n1 WS   1637232896 131072    2.537
05:48:37.794 python3        1784369 nvme1n1 WS   1675795712 131072    2.611
05:48:37.795 python3        1784369 nvme1n1 WS   1675795968 131072    2.691
05:48:37.795 python3        1784367 nvme1n1 WS   1675796480 131072    2.769
05:48:37.795 python3        1784367 nvme1n1 WS   1675796736 131072    2.840
05:48:37.795 python3        1784367 nvme1n1 WS   1675796992 131072    2.917
05:48:37.795 python3        1784367 nvme1n1 WS   1675797248 131072    2.988
05:48:37.795 python3        1784367 nvme1n1 WS   1675797504 131072    3.063
05:48:37.795 python3        1784367 nvme1n1 WS   1675797760 131072    3.139
05:48:37.795 python3        1784367 nvme1n1 WS   1675798016 131072    3.215
05:48:37.795 python3        1784369 nvme1n1 WS   1675796224 131072    3.296
05:48:37.795 python3        1784369 nvme1n1 WS   1675800576 131072    3.371
05:48:37.795 python3        1784369 nvme1n1 WS   1675800832 131072    3.446
05:48:37.795 python3        1784367 nvme1n1 WS   1675798272 131072    3.503
05:48:37.795 python3        1784367 nvme1n1 WS   1675798528 131072    3.580
05:48:37.796 python3        1784367 nvme1n1 WS   1675798784 131072    3.650
05:48:37.796 python3        1784367 nvme1n1 WS   1675799040 131072    3.723
05:48:37.796 python3        1784367 nvme1n1 WS   1675799296 131072    3.798
05:48:37.796 python3        1784367 nvme1n1 WS   1675799552 131072    3.871
05:48:37.796 python3        1784367 nvme1n1 WS   1675799808 131072    3.943
05:48:37.796 python3        1784367 nvme1n1 WS   1675800064 131072    4.020
05:48:37.796 python3        1784367 nvme1n1 WS   1675800320 131072    4.080
05:48:37.796 python3        1784367 nvme1n1 WS   1675808768 131072    4.155
05:48:37.796 python3        1784368 nvme1n1 WS   1675804672 131072    4.248
05:48:37.796 python3        1784368 nvme1n1 WS   1675804928 131072    4.317
05:48:37.796 python3        1784367 nvme1n1 WS   1675809024 131072    4.391
05:48:37.796 python3        1784368 nvme1n1 WS   1675805184 131072    4.468
05:48:37.796 python3        1784368 nvme1n1 WS   1675805440 131072    4.544
05:48:37.797 python3        1784368 nvme1n1 WS   1675805696 131072    4.617
05:48:37.797 python3        1784368 nvme1n1 WS   1675805952 131072    4.690
05:48:37.797 python3        1784368 nvme1n1 WS   1675806208 131072    4.766
05:48:37.797 python3        1784366 nvme1n1 WS   1675894784 131072    4.842
05:48:37.797 python3        1784366 nvme1n1 WS   1675895040 131072    4.891
05:48:37.797 python3        1784366 nvme1n1 WS   1675895296 131072    4.967
05:48:37.797 python3        1784366 nvme1n1 WS   1675895552 131072    5.042
05:48:37.797 python3        1784366 nvme1n1 WS   1675895808 131072    5.119
05:48:37.797 python3        1784366 nvme1n1 WS   1675896064 131072    5.197
05:48:37.797 python3        1784366 nvme1n1 WS   1675896320 131072    5.272
05:48:37.797 python3        1784366 nvme1n1 WS   1675896576 131072    5.329
05:48:37.797 python3        1784366 nvme1n1 WS   1675896832 131072    5.407
05:48:37.797 python3        1784366 nvme1n1 WS   1675897088 131072    5.485
05:48:37.798 python3        1784366 nvme1n1 WS   1675897344 131072    5.564
05:48:37.798 python3        1784368 nvme1n1 WS   1675806464 131072    5.674
05:48:37.798 python3        1784368 nvme1n1 WS   1675806720 131072    5.742
05:48:37.798 python3        1784368 nvme1n1 WS   1675806976 131072    5.818
05:48:37.798 python3        1784368 nvme1n1 WS   1675807232 131072    5.892
05:48:37.798 python3        1784368 nvme1n1 WS   1675807488 131072    5.984
05:48:37.798 python3        1784368 nvme1n1 WS   1675807744 131072    6.045
05:48:37.798 python3        1784368 nvme1n1 WS   1675808000 131072    6.124
05:48:37.798 python3        1784368 nvme1n1 WS   1675812864 131072    6.214
05:48:37.798 python3        1784366 nvme1n1 WS   52293632   131072    6.286
05:48:37.798 python3        1784366 nvme1n1 WS   52293888   131072    6.360
05:48:37.798 python3        1784366 nvme1n1 WS   52294144   131072    6.437
05:48:37.799 python3        1784366 nvme1n1 WS   52294400   131072    6.515
05:48:37.799 python3        1784366 nvme1n1 WS   52294656   131072    6.593
05:48:37.799 python3        1784366 nvme1n1 WS   52294912   131072    6.669
05:48:37.799 python3        1784366 nvme1n1 WS   52295168   131072    6.778
05:48:37.799 python3        1784366 nvme1n1 WS   52295424   131072    6.840
05:48:37.799 python3        1784366 nvme1n1 WS   52295680   131072    6.915
05:48:37.799 python3        1784366 nvme1n1 WS   52295936   131072    6.993
05:48:37.799 python3        1784366 nvme1n1 WS   52296192   131072    7.069
05:48:37.799 python3        1784366 nvme1n1 WS   52296448   131072    7.145
05:48:37.799 python3        1784366 nvme1n1 WS   52296704   131072    7.222
05:48:37.799 python3        1784366 nvme1n1 WS   52296960   131072    7.298
05:48:37.799 python3        1784366 nvme1n1 WS   52297216   131072    7.379
05:48:37.800 python3        1784368 nvme1n1 WS   1675808256 131072    7.516
05:48:37.800 python3        1784368 nvme1n1 WS   1675808512 131072    7.568
05:48:37.800 python3        1784368 nvme1n1 WS   1675821056 131072    7.643
05:48:37.800 python3        1784368 nvme1n1 WS   1675821312 131072    7.721
05:48:37.800 python3        1784366 nvme1n1 WS   1675897600 131072    7.831
05:48:37.800 python3        1784366 nvme1n1 WS   1675897856 131072    7.910
05:48:37.800 python3        1784366 nvme1n1 WS   1675898112 131072    7.987
05:48:37.800 python3        1784366 nvme1n1 WS   1675898368 131072    8.066
05:48:37.800 python3        1784366 nvme1n1 WS   1675898624 131072    8.128
05:48:37.800 python3        1784366 nvme1n1 WS   1676021760 131072    8.206
05:48:37.800 python3        1784366 nvme1n1 WS   1676022016 131072    8.284
05:48:37.801 python3        1784366 nvme1n1 WS   52318208   131072    8.517
05:48:37.801 python3        1784366 nvme1n1 WS   52318464   131072    8.530
05:48:37.801 python3        1784366 nvme1n1 WS   52318720   131072    8.549
05:48:37.801 python3        1784366 nvme1n1 WS   52318976   131072    8.625
05:48:37.801 python3        1784366 nvme1n1 WS   52319232   131072    8.700
05:48:37.801 python3        1784366 nvme1n1 WS   52319488   131072    8.782
05:48:37.801 python3        1784366 nvme1n1 WS   52319744   131072    8.857
05:48:37.801 python3        1784366 nvme1n1 WS   52320000   131072    8.921
05:48:37.801 python3        1784366 nvme1n1 WS   52320256   131072    8.996
05:48:37.801 python3        1784366 nvme1n1 WS   52320512   131072    9.075
05:48:37.801 python3        1784366 nvme1n1 WS   52320768   131072    9.149
05:48:37.801 python3        1784366 nvme1n1 WS   52321024   131072    9.227
05:48:37.801 python3        1784366 nvme1n1 WS   52321280   131072    9.305
05:48:37.801 python3        1784366 nvme1n1 WS   52321536   131072    9.383
05:48:37.802 python3        1784366 nvme1n1 WS   52321792   131072    9.461
05:48:37.802 python3        1784368 nvme1n1 WS   1675813120 131072    9.605
05:48:37.802 python3        1784368 nvme1n1 WS   1675813376 131072    9.673
05:48:37.802 python3        1784368 nvme1n1 WS   1675813632 131072    9.744
05:48:37.802 python3        1784368 nvme1n1 WS   1675813888 131072    9.823
05:48:37.802 python3        1784368 nvme1n1 WS   1675814144 131072    9.897
05:48:37.802 python3        1784368 nvme1n1 WS   1675814400 131072    9.973
05:48:37.802 python3        1784368 nvme1n1 WS   1675814656 131072   10.030
05:48:37.802 python3        1784368 nvme1n1 WS   1675814912 131072   10.106
05:48:37.802 python3        1784368 nvme1n1 WS   1675815168 131072   10.181
05:48:37.802 python3        1784368 nvme1n1 WS   1675815424 131072   10.257
05:48:37.802 python3        1784369 nvme1n1 WS   1675816960 131072   10.460
05:48:37.802 python3        1784369 nvme1n1 WS   1675817216 131072   10.470
05:48:37.803 python3        1784369 nvme1n1 WS   1675817472 131072   10.544
05:48:37.803 python3        1784369 nvme1n1 WS   1675817728 131072   10.617
05:48:37.803 python3        1784369 nvme1n1 WS   1675817984 131072   10.695
05:48:37.803 python3        1784369 nvme1n1 WS   1675818240 131072   10.771
05:48:37.803 python3        1784369 nvme1n1 WS   1675818496 131072   10.847
05:48:37.803 python3        1784369 nvme1n1 WS   1675818752 131072   10.909
05:48:37.803 python3        1784369 nvme1n1 WS   1675819008 131072   10.980
05:48:37.803 python3        1784369 nvme1n1 WS   1675819264 131072   11.059
05:48:37.803 python3        1784369 nvme1n1 WS   1675819520 131072   11.135
05:48:37.803 python3        1784369 nvme1n1 WS   1675819776 131072   11.209
05:48:37.803 python3        1784369 nvme1n1 WS   1675820032 131072   11.284
05:48:37.803 python3        1784369 nvme1n1 WS   1675820288 131072   11.361
05:48:37.804 python3        1784369 nvme1n1 WS   1675820544 131072   11.438
05:48:37.804 python3        1784368 nvme1n1 WS   1675815680 131072   11.529
05:48:37.804 python3        1784368 nvme1n1 WS   1675815936 131072   11.591
05:48:37.804 python3        1784368 nvme1n1 WS   1675816192 131072   11.753
05:48:37.804 python3        1784368 nvme1n1 WS   1675816448 131072   11.877
05:48:37.804 python3        1784368 nvme1n1 WS   1675816704 131072   11.981
05:48:37.804 python3        1784368 nvme1n1 WS   1675829248 131072   12.107
05:48:37.804 python3        1784368 nvme1n1 WS   1675829504 131072   12.235
05:48:37.805 python3        1784366 nvme1n1 WS   52297472   131072   12.408
05:48:37.805 python3        1784366 nvme1n1 WS   52326400   131072   12.550
05:48:37.805 python3        1784366 nvme1n1 WS   52326656   131072   12.692
05:48:37.805 python3        1784369 nvme1n1 WS   52322304   131072   12.848
05:48:37.805 python3        1784369 nvme1n1 WS   52322560   131072   12.983
05:48:37.805 python3        1784369 nvme1n1 WS   52322816   131072   13.124
05:48:37.805 python3        1784369 nvme1n1 WS   52323072   131072   13.263
05:48:37.806 python3        1784369 nvme1n1 WS   52323328   131072   13.404
05:48:37.806 python3        1784369 nvme1n1 WS   52323584   131072   13.543
05:48:37.806 python3        1784369 nvme1n1 WS   52323840   131072   13.685
05:48:37.806 python3        1784369 nvme1n1 WS   52324096   131072   13.801
05:48:37.806 python3        1784369 nvme1n1 WS   52324352   131072   13.944
05:48:37.806 python3        1784369 nvme1n1 WS   52324608   131072   14.084
05:48:37.806 python3        1784369 nvme1n1 WS   52324864   131072   14.228
05:48:37.807 python3        1784369 nvme1n1 WS   52325120   131072   14.366
05:48:37.807 python3        1784369 nvme1n1 WS   1675820800 131072   14.584
05:48:37.807 python3        1784369 nvme1n1 WS   1675825152 131072   14.726
05:48:37.807 python3        1784369 nvme1n1 WS   1675825408 131072   14.873
05:48:37.807 python3        1784366 nvme1n1 WS   52322048   131072   15.087
05:48:37.807 python3        1784366 nvme1n1 WS   52428800   131072   15.165
05:48:37.807 python3        1784366 nvme1n1 WS   52429056   57344    15.202
05:48:37.807 python3        1784369 nvme1n1 WS   52325376   131072   15.216
05:48:37.807 python3        1784369 nvme1n1 WS   52325632   131072   15.292
05:48:37.808 python3        1784369 nvme1n1 WS   52325888   131072   15.371
05:48:37.808 python3        1784367 nvme1n1 WS   1675833344 131072   15.466
05:48:37.808 python3        1784367 nvme1n1 WS   1675833600 131072   15.541
05:48:37.808 python3        1784367 nvme1n1 WS   1675833856 131072   15.615
05:48:37.808 python3        1784367 nvme1n1 WS   1675834112 131072   15.693
05:48:37.808 python3        1784367 nvme1n1 WS   1675834368 131072   15.779
05:48:37.808 python3        1784367 nvme1n1 WS   1675834624 131072   15.847
05:48:37.808 python3        1784369 nvme1n1 WS   52326144   131072   15.925
05:48:37.808 python3        1784369 nvme1n1 WS   1675841536 131072   15.998
05:48:37.808 python3        1784369 nvme1n1 WS   1675841792 57344    16.031
05:48:37.808 python3        1784367 nvme1n1 WS   1675834880 131072   16.124
05:48:37.808 python3        1784368 nvme1n1 WS   1675837440 131072   16.184
05:48:37.808 python3        1784368 nvme1n1 WS   1675837696 131072   16.259
05:48:37.809 python3        1784367 nvme1n1 WS   1675835136 131072   16.339
05:48:37.809 python3        1784368 nvme1n1 WS   1675837952 131072   16.416
05:48:37.809 python3        1784368 nvme1n1 WS   1675838208 131072   16.490
05:48:37.809 python3        1784368 nvme1n1 WS   1675838464 131072   16.572
05:48:37.809 python3        1784367 nvme1n1 WS   1675835392 131072   16.659
05:48:37.809 python3        1784367 nvme1n1 WS   1675835648 131072   16.737
05:48:37.809 python3        1784367 nvme1n1 WS   1675835904 131072   16.806
05:48:37.809 python3        1784367 nvme1n1 WS   1675836160 131072   16.879
05:48:37.809 python3        1784367 nvme1n1 WS   1675836416 131072   16.956
05:48:37.809 python3        1784367 nvme1n1 WS   1675836672 131072   17.032
05:48:37.809 python3        1784367 nvme1n1 WS   1675836928 131072   17.104
05:48:37.809 python3        1784367 nvme1n1 WS   1675837184 131072   17.162
05:48:37.810 python3        1784367 nvme1n1 WS   1675845632 131072   17.236
05:48:37.810 python3        1784367 nvme1n1 WS   1675845888 57344    17.269
05:48:37.810 python3        1784368 nvme1n1 WS   1675838720 131072   17.399
05:48:37.810 python3        1784368 nvme1n1 WS   1675838976 131072   17.474
05:48:37.810 python3        1784368 nvme1n1 WS   1675839232 131072   17.534
05:48:37.810 python3        1784368 nvme1n1 WS   1675839488 131072   17.612
05:48:37.810 python3        1784368 nvme1n1 WS   1675839744 131072   17.689
05:48:37.810 python3        1784368 nvme1n1 WS   1675840000 131072   17.766
05:48:37.810 python3        1784368 nvme1n1 WS   1675840256 131072   17.843
05:48:37.810 python3        1784368 nvme1n1 WS   1675840512 131072   17.925
05:48:37.810 python3        1784368 nvme1n1 WS   1675840768 131072   18.002
05:48:37.810 python3        1784368 nvme1n1 WS   1675841024 131072   18.080
05:48:37.810 python3        1784368 nvme1n1 WS   1675841280 131072   18.146
05:48:37.811 python3        1784368 nvme1n1 WS   1675849728 131072   18.224
05:48:37.811 python3        1784368 nvme1n1 WS   1675849984 57344    18.259
05:48:37.835 amoprof        1787544 nvme1n1 W    608520816  4096      0.039
