TIMESTAMP    COMM           PID     DISK    T    SECTOR     BYTES   LAT(ms)
08:39:46.436 nvme           2158393 Unknown N    -1         512       0.034
08:39:47.439 nvme           2158445 Unknown N    -1         512       0.031
08:39:48.441 nvme           2158452 Unknown N    -1         512       0.086
08:39:48.638 jbd2/nv        391     nvme0n1 WSM  4279112    12288     0.904
08:39:48.639 jbd2/nv        391     nvme0n1 WSM  4279136    4096      0.973
08:39:48.896 kworker        2132741 nvme1n1 W    1618068320 16384     0.066
08:39:49.444 nvme           2158455 Unknown N    -1         512       0.031
08:39:49.508 jbd2/nv        752     nvme1n1 WSM  878293824  114688    0.155
08:39:49.508 jbd2/nv        752     nvme1n1 WSM  878294048  4096      0.030
08:39:50.446 nvme           2158456 Unknown N    -1         512       0.033
08:39:51.448 nvme           2158463 Unknown N    -1         512       0.034
08:39:51.457 kworker        2132741 nvme0n1 W    15716880   4096      1.056
08:39:52.451 nvme           2158464 Unknown N    -1         512       0.029
08:39:53.453 nvme           2158468 Unknown N    -1         512       0.030
08:39:53.504 kworker        2132741 nvme1n1 W    1616332328 131072    0.161
08:39:53.505 kworker        2132741 nvme1n1 W    1616332584 69632     0.117
08:39:53.505 kworker        2132741 nvme1n1 W    1636154496 131072    0.198
08:39:53.505 kworker        2132741 nvme1n1 W    1636154752 61440     0.240
08:39:53.505 kworker        2132741 nvme1n1 W    1616332720 32768     0.255
08:39:53.505 kworker        2132741 nvme1n1 W    1636154872 131072    0.339
08:39:53.505 kworker        2132741 nvme1n1 W    1636155128 90112     0.394
08:39:53.505 kworker        2132741 nvme1n1 W    1731545808 77824     0.442
08:39:53.505 kworker        2132741 nvme1n1 W    1616332784 45056     0.467
08:39:53.505 kworker        2132741 nvme1n1 W    1622949568 4096      0.266
08:39:53.505 kworker        2132741 nvme1n1 W    1616332872 40960     0.287
08:39:54.456 nvme           2158476 Unknown N    -1         512       0.034
08:39:55.458 nvme           2158477 Unknown N    -1         512       0.031
08:39:55.711 jbd2/nv        752     nvme1n1 WSM  878294056  61440     0.108
08:39:55.711 jbd2/nv        752     nvme1n1 WSM  878294176  4096      0.029
08:39:56.444 amoprof        1975872 nvme1n1 W    612954072  4096      0.052
