TIMESTAMP    COMM           PID     DISK    T    SECTOR     BYTES   LAT(ms)
07:23:57.286 nvme           2042498 Unknown N    -1         512       0.043
07:23:58.288 nvme           2042570 Unknown N    -1         512       0.029
07:23:59.231 python3        1784368 nvme1n1 WS   1610563584 131072    0.177
07:23:59.231 python3        1784368 nvme1n1 WS   1610563840 131072    0.252
07:23:59.231 python3        1784368 nvme1n1 WS   1610564096 131072    0.326
07:23:59.231 python3        1784368 nvme1n1 WS   1610564352 131072    0.414
07:23:59.231 python3        1784368 nvme1n1 WS   1610564608 131072    0.506
07:23:59.231 python3        1784368 nvme1n1 WS   1610564864 131072    0.605
07:23:59.231 python3        1784368 nvme1n1 WS   1610565120 131072    0.712
07:23:59.231 python3        1784368 nvme1n1 WS   1610565376 131072    0.704
07:23:59.231 python3        1784368 nvme1n1 WS   1610565632 131072    0.777
07:23:59.231 python3        1784368 nvme1n1 WS   1610565888 131072    0.868
07:23:59.232 python3        1784368 nvme1n1 WS   1610566144 131072    0.938
07:23:59.232 python3        1784368 nvme1n1 WS   1610566400 131072    1.024
07:23:59.232 python3        1784368 nvme1n1 WS   1610566656 131072    1.100
07:23:59.232 python3        1784368 nvme1n1 WS   1610566912 131072    1.190
07:23:59.232 python3        1784368 nvme1n1 WS   1610567168 131072    1.257
07:23:59.232 python3        1784367 nvme1n1 WS   1610567680 131072    1.346
07:23:59.232 python3        1784367 nvme1n1 WS   1610567936 131072    1.416
07:23:59.232 python3        1784367 nvme1n1 WS   1610568192 131072    1.493
07:23:59.232 python3        1784367 nvme1n1 WS   1610568448 131072    1.574
07:23:59.232 python3        1784368 nvme1n1 WS   1610567424 131072    1.662
07:23:59.232 python3        1784368 nvme1n1 WS   1610571776 131072    1.741
07:23:59.232 python3        1784367 nvme1n1 WS   1610568704 131072    1.824
07:23:59.233 python3        1784367 nvme1n1 WS   1610568960 131072    1.900
07:23:59.233 python3        1784367 nvme1n1 WS   1610569216 131072    1.982
07:23:59.233 python3        1784368 nvme1n1 WS   1610572032 131072    2.080
07:23:59.233 python3        1784367 nvme1n1 WS   1610569472 131072    2.131
07:23:59.233 python3        1784367 nvme1n1 WS   1610569728 131072    2.197
07:23:59.233 python3        1784367 nvme1n1 WS   1610569984 131072    2.272
07:23:59.233 python3        1784367 nvme1n1 WS   1610570240 131072    2.345
07:23:59.233 python3        1784367 nvme1n1 WS   1610570496 131072    2.417
07:23:59.233 python3        1784367 nvme1n1 WS   1610570752 131072    2.489
07:23:59.233 python3        1784367 nvme1n1 WS   1610571008 131072    2.566
07:23:59.233 python3        1784367 nvme1n1 WS   1610571264 131072    2.637
07:23:59.233 python3        1784367 nvme1n1 WS   1610571520 131072    2.689
07:23:59.233 python3        1784367 nvme1n1 WS   1610579968 131072    2.763
07:23:59.234 python3        1784367 nvme1n1 WS   1610580224 131072    2.838
07:23:59.234 python3        1784366 nvme1n1 WS   1576628224 131072    2.903
07:23:59.234 python3        1784366 nvme1n1 WS   1576628480 131072    2.972
07:23:59.234 python3        1784366 nvme1n1 WS   1576628736 131072    3.051
07:23:59.234 python3        1784366 nvme1n1 WS   1576628992 131072    3.123
07:23:59.234 python3        1784366 nvme1n1 WS   1576629248 131072    3.198
07:23:59.234 python3        1784368 nvme1n1 WS   1610575872 131072    3.296
07:23:59.234 python3        1784368 nvme1n1 WS   1610576128 131072    3.363
07:23:59.234 python3        1784368 nvme1n1 WS   1610576384 131072    3.438
07:23:59.234 python3        1784368 nvme1n1 WS   1610576640 131072    3.512
07:23:59.234 python3        1784368 nvme1n1 WS   1610576896 131072    3.586
07:23:59.234 python3        1784366 nvme1n1 WS   1576629504 131072    3.663
07:23:59.234 python3        1784366 nvme1n1 WS   1576629760 131072    3.735
07:23:59.235 python3        1784366 nvme1n1 WS   1576630016 131072    3.791
07:23:59.235 python3        1784366 nvme1n1 WS   1576630272 131072    3.870
07:23:59.235 python3        1784366 nvme1n1 WS   1576630528 131072    3.944
07:23:59.235 python3        1784366 nvme1n1 WS   1576630784 131072    4.017
07:23:59.235 python3        1784366 nvme1n1 WS   1576631040 131072    4.095
07:23:59.235 python3        1784366 nvme1n1 WS   1576631296 131072    4.171
07:23:59.235 python3        1784366 nvme1n1 WS   1576631552 131072    4.246
07:23:59.235 python3        1784366 nvme1n1 WS   1576631808 131072    4.320
07:23:59.235 python3        1784368 nvme1n1 WS   1610577152 131072    4.447
07:23:59.235 python3        1784368 nvme1n1 WS   1610577408 131072    4.525
07:23:59.235 python3        1784368 nvme1n1 WS   1610577664 131072    4.576
07:23:59.235 python3        1784368 nvme1n1 WS   1610577920 131072    4.653
07:23:59.235 python3        1784368 nvme1n1 WS   1610578176 131072    4.726
07:23:59.236 python3        1784368 nvme1n1 WS   1610578432 131072    4.803
07:23:59.236 python3        1784368 nvme1n1 WS   1610578688 131072    4.879
07:23:59.236 python3        1784368 nvme1n1 WS   1610578944 131072    4.957
07:23:59.236 python3        1784368 nvme1n1 WS   1610579200 131072    5.031
07:23:59.236 python3        1784368 nvme1n1 WS   1610579456 131072    5.106
07:23:59.236 python3        1784368 nvme1n1 WS   1610579712 131072    5.181
07:23:59.236 python3        1784368 nvme1n1 WS   1610588160 131072    5.243
07:23:59.236 python3        1784368 nvme1n1 WS   1610588416 131072    5.320
07:23:59.236 python3        1784366 nvme1n1 WS   1576632064 131072    5.406
07:23:59.236 python3        1784366 nvme1n1 WS   1576632320 131072    5.486
07:23:59.236 python3        1784366 nvme1n1 WS   1576632576 131072    5.558
07:23:59.236 python3        1784366 nvme1n1 WS   1610584064 131072    5.621
07:23:59.237 python3        1784366 nvme1n1 WS   1610584320 131072    5.691
07:23:59.237 python3        1784366 nvme1n1 WS   1610584576 131072    5.766
07:23:59.237 python3        1784366 nvme1n1 WS   1610584832 131072    5.837
07:23:59.237 python3        1784366 nvme1n1 WS   1610585088 131072    5.911
07:23:59.237 python3        1784366 nvme1n1 WS   1610585344 131072    5.986
07:23:59.237 python3        1784366 nvme1n1 WS   1610585600 131072    6.065
07:23:59.237 python3        1784366 nvme1n1 WS   1610592256 131072    6.154
07:23:59.237 python3        1784366 nvme1n1 WS   1610592512 131072    6.224
07:23:59.237 python3        1784366 nvme1n1 WS   1610592768 131072    6.299
07:23:59.237 python3        1784366 nvme1n1 WS   1610593024 131072    6.388
07:23:59.237 python3        1784366 nvme1n1 WS   1610593280 131072    6.459
07:23:59.237 python3        1784366 nvme1n1 WS   1610593536 131072    6.526
07:23:59.237 python3        1784366 nvme1n1 WS   1610593792 131072    6.600
07:23:59.238 python3        1784368 nvme1n1 WS   1610596352 131072    6.681
07:23:59.238 python3        1784368 nvme1n1 WS   1610596608 131072    6.784
07:23:59.238 python3        1784368 nvme1n1 WS   1610596864 131072    6.865
07:23:59.238 python3        1784368 nvme1n1 WS   1610597120 131072    6.932
07:23:59.238 python3        1784368 nvme1n1 WS   1610597376 131072    7.007
07:23:59.238 python3        1784368 nvme1n1 WS   1610597632 131072    7.082
07:23:59.238 python3        1784368 nvme1n1 WS   1610597888 131072    7.157
07:23:59.238 python3        1784368 nvme1n1 WS   1610598144 131072    7.209
07:23:59.238 python3        1784366 nvme1n1 WS   1610585856 131072    7.325
07:23:59.238 python3        1784366 nvme1n1 WS   1610586112 131072    7.400
07:23:59.238 python3        1784366 nvme1n1 WS   1610586368 131072    7.474
07:23:59.238 python3        1784366 nvme1n1 WS   1610586624 131072    7.548
07:23:59.238 python3        1784366 nvme1n1 WS   1610586880 131072    7.625
07:23:59.239 python3        1784366 nvme1n1 WS   1610587136 131072    7.699
07:23:59.239 python3        1784366 nvme1n1 WS   1610587392 131072    7.774
07:23:59.239 python3        1784366 nvme1n1 WS   1610587648 131072    7.853
07:23:59.239 python3        1784369 nvme1n1 WS   1610600448 131072    7.940
07:23:59.239 python3        1784369 nvme1n1 WS   1610600704 131072    8.010
07:23:59.239 python3        1784369 nvme1n1 WS   1610600960 131072    8.092
07:23:59.239 python3        1784369 nvme1n1 WS   1610601216 131072    8.160
07:23:59.239 python3        1784369 nvme1n1 WS   1610601472 131072    8.233
07:23:59.239 python3        1784369 nvme1n1 WS   1610601728 131072    8.310
07:23:59.239 python3        1784369 nvme1n1 WS   1610601984 131072    8.388
07:23:59.239 python3        1784366 nvme1n1 WS   1610594048 131072    8.482
07:23:59.239 python3        1784366 nvme1n1 WS   1610594304 131072    8.558
07:23:59.239 python3        1784366 nvme1n1 WS   1610594560 131072    8.630
07:23:59.240 python3        1784366 nvme1n1 WS   1610594816 131072    8.707
07:23:59.240 python3        1784366 nvme1n1 WS   1610595072 131072    8.786
07:23:59.240 python3        1784366 nvme1n1 WS   1610595328 131072    8.862
07:23:59.240 python3        1784366 nvme1n1 WS   1610595584 131072    8.938
07:23:59.240 python3        1784366 nvme1n1 WS   1610595840 131072    9.013
07:23:59.240 python3        1784368 nvme1n1 WS   1610598400 131072    9.087
07:23:59.240 python3        1784368 nvme1n1 WS   1610598656 131072    9.164
07:23:59.240 python3        1784368 nvme1n1 WS   1610598912 131072    9.237
07:23:59.240 python3        1784368 nvme1n1 WS   1610599168 131072    9.317
07:23:59.240 python3        1784368 nvme1n1 WS   1610599424 131072    9.394
07:23:59.240 python3        1784368 nvme1n1 WS   1610599680 131072    9.470
07:23:59.240 python3        1784368 nvme1n1 WS   1610599936 131072    9.547
07:23:59.241 python3        1784368 nvme1n1 WS   1610600192 131072    9.609
07:23:59.241 python3        1784368 nvme1n1 WS   1610887168 131072    9.685
07:23:59.241 python3        1784368 nvme1n1 WS   1610887424 131072    9.767
07:23:59.241 python3        1784366 nvme1n1 WS   1610587904 131072    9.882
07:23:59.241 python3        1784366 nvme1n1 WS   1610608640 131072    9.956
07:23:59.241 python3        1784366 nvme1n1 WS   1610608896 131072   10.040
07:23:59.241 python3        1784369 nvme1n1 WS   1610602240 131072   10.108
07:23:59.241 python3        1784369 nvme1n1 WS   1610602496 131072   10.185
07:23:59.241 python3        1784369 nvme1n1 WS   1610602752 131072   10.257
07:23:59.241 python3        1784369 nvme1n1 WS   1610603008 131072   10.340
07:23:59.241 python3        1784369 nvme1n1 WS   1610603264 131072   10.420
07:23:59.241 python3        1784369 nvme1n1 WS   1610603520 131072   10.500
07:23:59.241 python3        1784369 nvme1n1 WS   1610603776 131072   10.576
07:23:59.242 python3        1784369 nvme1n1 WS   1610604032 131072   10.656
07:23:59.242 python3        1784369 nvme1n1 WS   1610604288 131072   10.719
07:23:59.242 python3        1784366 nvme1n1 WS   1610596096 131072   10.913
07:23:59.242 python3        1784366 nvme1n1 WS   1610883072 131072   10.942
07:23:59.242 python3        1784366 nvme1n1 WS   1610883328 131072   10.985
07:23:59.242 python3        1784368 nvme1n1 WS   1576636416 131072   11.060
07:23:59.242 python3        1784368 nvme1n1 WS   1576636672 131072   11.128
07:23:59.242 python3        1784368 nvme1n1 WS   1576636928 131072   11.201
07:23:59.242 python3        1784368 nvme1n1 WS   1576637184 131072   11.275
07:23:59.242 python3        1784368 nvme1n1 WS   1576637440 131072   11.349
07:23:59.242 python3        1784368 nvme1n1 WS   1576637696 131072   11.427
07:23:59.242 python3        1784368 nvme1n1 WS   1576637952 131072   11.501
07:23:59.243 python3        1784369 nvme1n1 WS   1610604544 131072   11.628
07:23:59.243 python3        1784369 nvme1n1 WS   1610604800 131072   11.696
07:23:59.243 python3        1784369 nvme1n1 WS   1610605056 131072   11.773
07:23:59.243 python3        1784369 nvme1n1 WS   1610907648 131072   11.848
07:23:59.243 python3        1784369 nvme1n1 WS   1610907904 131072   11.923
07:23:59.243 python3        1784369 nvme1n1 WS   1610605312 131072   12.004
07:23:59.243 python3        1784369 nvme1n1 WS   1610605568 131072   12.077
07:23:59.243 python3        1784369 nvme1n1 WS   1610605824 131072   12.153
07:23:59.243 python3        1784369 nvme1n1 WS   1610606080 131072   12.212
07:23:59.243 python3        1784369 nvme1n1 WS   318595072  131072   12.329
07:23:59.243 python3        1784369 nvme1n1 WS   318595328  131072   12.401
07:23:59.243 python3        1784369 nvme1n1 WS   318595584  131072   12.461
07:23:59.244 python3        1784369 nvme1n1 WS   318595840  131072   12.538
07:23:59.244 python3        1784369 nvme1n1 WS   318596096  131072   12.612
07:23:59.244 python3        1784369 nvme1n1 WS   318596352  131072   12.686
07:23:59.244 python3        1784367 nvme1n1 WS   318599168  131072   12.780
07:23:59.244 python3        1784367 nvme1n1 WS   318599424  131072   12.857
07:23:59.244 python3        1784367 nvme1n1 WS   318599680  131072   12.930
07:23:59.244 python3        1784367 nvme1n1 WS   318599936  131072   13.002
07:23:59.244 python3        1784368 nvme1n1 WS   1576638208 131072   13.086
07:23:59.244 python3        1784368 nvme1n1 WS   1576638464 131072   13.162
07:23:59.244 python3        1784368 nvme1n1 WS   1576638720 131072   13.237
07:23:59.244 python3        1784368 nvme1n1 WS   1576638976 131072   13.314
07:23:59.244 python3        1784369 nvme1n1 WS   318596608  131072   13.392
07:23:59.244 python3        1784369 nvme1n1 WS   318596864  131072   13.448
07:23:59.245 python3        1784369 nvme1n1 WS   318597120  131072   13.525
07:23:59.245 python3        1784369 nvme1n1 WS   318597376  131072   13.601
07:23:59.245 python3        1784369 nvme1n1 WS   318597632  131072   13.680
07:23:59.245 python3        1784369 nvme1n1 WS   318597888  131072   13.756
07:23:59.245 python3        1784369 nvme1n1 WS   318598144  131072   13.834
07:23:59.245 python3        1784369 nvme1n1 WS   318598400  131072   13.907
07:23:59.245 python3        1784369 nvme1n1 WS   318598656  131072   13.985
07:23:59.245 python3        1784367 nvme1n1 WS   318600192  131072   14.106
07:23:59.245 python3        1784367 nvme1n1 WS   318600448  131072   14.184
07:23:59.245 python3        1784367 nvme1n1 WS   318600704  131072   14.262
07:23:59.245 python3        1784367 nvme1n1 WS   318600960  131072   14.321
07:23:59.245 python3        1784367 nvme1n1 WS   318601216  131072   14.398
07:23:59.245 python3        1784367 nvme1n1 WS   318601472  131072   14.475
07:23:59.246 python3        1784367 nvme1n1 WS   318601728  131072   14.553
07:23:59.246 python3        1784367 nvme1n1 WS   318601984  131072   14.630
07:23:59.246 python3        1784367 nvme1n1 WS   318602240  131072   14.706
07:23:59.246 python3        1784367 nvme1n1 WS   318602496  131072   14.784
07:23:59.246 python3        1784367 nvme1n1 WS   318602752  131072   14.861
07:23:59.246 python3        1784368 nvme1n1 WS   1576639232 131072   15.068
07:23:59.246 python3        1784368 nvme1n1 WS   1576639488 131072   15.069
07:23:59.246 python3        1784368 nvme1n1 WS   1576639744 131072   15.136
07:23:59.246 python3        1784368 nvme1n1 WS   1576640000 131072   15.209
07:23:59.246 python3        1784368 nvme1n1 WS   1576640256 131072   15.273
07:23:59.246 python3        1784368 nvme1n1 WS   1576644608 131072   15.351
07:23:59.246 python3        1784368 nvme1n1 WS   1576644864 131072   15.427
07:23:59.247 python3        1784367 nvme1n1 WS   1576640512 131072   15.546
07:23:59.247 python3        1784367 nvme1n1 WS   1576640768 131072   15.600
07:23:59.247 python3        1784367 nvme1n1 WS   1576641024 131072   15.673
07:23:59.247 python3        1784367 nvme1n1 WS   1576641280 131072   15.749
07:23:59.247 python3        1784367 nvme1n1 WS   1576641536 131072   15.825
07:23:59.247 python3        1784367 nvme1n1 WS   1576641792 131072   15.901
07:23:59.247 python3        1784367 nvme1n1 WS   1576642048 131072   15.975
07:23:59.247 python3        1784367 nvme1n1 WS   79450112   131072   16.124
07:23:59.247 python3        1784367 nvme1n1 WS   79450368   131072   16.149
07:23:59.247 python3        1784367 nvme1n1 WS   79450624   131072   16.226
07:23:59.247 python3        1784367 nvme1n1 WS   79450880   131072   16.315
07:23:59.247 python3        1784367 nvme1n1 WS   79451136   131072   16.375
07:23:59.248 python3        1784367 nvme1n1 WS   79451392   131072   16.485
07:23:59.248 python3        1784367 nvme1n1 WS   79451648   131072   16.559
07:23:59.248 python3        1784369 nvme1n1 WS   1610606336 131072   16.655
07:23:59.248 python3        1784369 nvme1n1 WS   1610606592 131072   16.730
07:23:59.248 python3        1784369 nvme1n1 WS   1610606848 131072   16.804
07:23:59.248 python3        1784369 nvme1n1 WS   1610607104 131072   16.882
07:23:59.248 python3        1784369 nvme1n1 WS   1610607360 131072   16.958
07:23:59.248 python3        1784369 nvme1n1 WS   1610607616 131072   17.034
07:23:59.248 python3        1784369 nvme1n1 WS   1610607872 131072   17.106
07:23:59.248 python3        1784369 nvme1n1 WS   1610608128 131072   17.182
07:23:59.248 python3        1784369 nvme1n1 WS   1610608384 131072   17.236
07:23:59.248 python3        1784369 nvme1n1 WS   1610911744 131072   17.314
07:23:59.248 python3        1784369 nvme1n1 WS   1610912000 131072   17.391
07:23:59.249 python3        1784369 nvme1n1 WS   318598912  131072   17.505
07:23:59.249 python3        1784369 nvme1n1 WS   318603264  131072   17.584
07:23:59.249 python3        1784369 nvme1n1 WS   318603520  131072   17.664
07:23:59.249 python3        1784366 nvme1n1 WS   1576648704 131072   17.798
07:23:59.249 python3        1784366 nvme1n1 WS   1576648960 131072   17.825
07:23:59.249 python3        1784366 nvme1n1 WS   1576649216 131072   17.900
07:23:59.249 python3        1784366 nvme1n1 WS   1576649472 131072   17.973
07:23:59.249 python3        1784366 nvme1n1 WS   1576649728 131072   18.051
07:23:59.249 python3        1784366 nvme1n1 WS   1576649984 131072   18.129
07:23:59.249 python3        1784366 nvme1n1 WS   1576650240 131072   18.216
07:23:59.249 python3        1784366 nvme1n1 WS   1576650496 131072   18.268
07:23:59.249 python3        1784366 nvme1n1 WS   1576650752 131072   18.336
07:23:59.250 python3        1784366 nvme1n1 WS   1576651008 131072   18.411
07:23:59.250 python3        1784366 nvme1n1 WS   1576651264 131072   18.486
07:23:59.250 python3        1784366 nvme1n1 WS   1576651520 131072   18.559
07:23:59.250 python3        1784366 nvme1n1 WS   1576651776 131072   18.632
07:23:59.250 python3        1784366 nvme1n1 WS   1576652032 131072   18.709
07:23:59.250 python3        1784366 nvme1n1 WS   1576652288 131072   18.788
07:23:59.250 python3        1784366 nvme1n1 WS   1576652544 131072   18.852
07:23:59.250 python3        1784367 nvme1n1 WS   318603008  131072   19.016
07:23:59.250 python3        1784367 nvme1n1 WS   318607360  131072   19.086
07:23:59.250 python3        1784367 nvme1n1 WS   318607616  131072   19.161
07:23:59.250 python3        1784367 nvme1n1 WS   79451904   131072   19.348
07:23:59.250 python3        1784367 nvme1n1 WS   79452160   131072   19.374
07:23:59.250 python3        1784367 nvme1n1 WS   79452416   131072   19.398
07:23:59.251 python3        1784367 nvme1n1 WS   79452672   131072   19.471
07:23:59.251 python3        1784367 nvme1n1 WS   79452928   131072   19.552
07:23:59.251 python3        1784367 nvme1n1 WS   79453184   131072   19.629
07:23:59.251 python3        1784367 nvme1n1 WS   79453440   131072   19.704
07:23:59.251 python3        1784367 nvme1n1 WS   79453696   131072   19.784
07:23:59.251 python3        1784367 nvme1n1 WS   79453952   131072   19.834
07:23:59.251 python3        1784367 nvme1n1 WS   79454208   131072   19.897
07:23:59.251 python3        1784367 nvme1n1 WS   79454464   131072   19.960
07:23:59.251 python3        1784367 nvme1n1 WS   1576642304 131072   20.090
07:23:59.251 python3        1784367 nvme1n1 WS   1576642560 131072   20.217
07:23:59.251 python3        1784367 nvme1n1 WS   1576642816 131072   20.345
07:23:59.252 python3        1784367 nvme1n1 WS   1576643072 131072   20.477
07:23:59.252 python3        1784367 nvme1n1 WS   1576643328 131072   20.589
07:23:59.252 python3        1784367 nvme1n1 WS   1576643584 131072   20.685
07:23:59.252 python3        1784367 nvme1n1 WS   1576643840 131072   20.762
07:23:59.252 python3        1784367 nvme1n1 WS   1576644096 131072   20.836
07:23:59.252 python3        1784367 nvme1n1 WS   1576644352 131072   20.897
07:23:59.252 python3        1784367 nvme1n1 WS   1576656896 131072   20.973
07:23:59.252 python3        1784367 nvme1n1 WS   1576657152 131072   21.049
07:23:59.252 python3        1784369 nvme1n1 WS   1576652800 131072   21.163
07:23:59.252 python3        1784369 nvme1n1 WS   1576653056 131072   21.239
07:23:59.252 python3        1784369 nvme1n1 WS   1576653312 131072   21.313
07:23:59.252 python3        1784369 nvme1n1 WS   1576653568 131072   21.391
07:23:59.253 python3        1784369 nvme1n1 WS   1576653824 131072   21.470
07:23:59.253 python3        1784369 nvme1n1 WS   1576654080 131072   21.582
07:23:59.253 python3        1784369 nvme1n1 WS   1576654336 131072   21.664
07:23:59.253 python3        1784369 nvme1n1 WS   1576654592 131072   21.720
07:23:59.253 python3        1784369 nvme1n1 WS   1576654848 131072   21.794
07:23:59.253 python3        1784369 nvme1n1 WS   1576655104 131072   21.869
07:23:59.253 python3        1784369 nvme1n1 WS   1576655360 131072   21.943
07:23:59.253 python3        1784369 nvme1n1 WS   1576655616 131072   22.025
07:23:59.253 python3        1784366 nvme1n1 WS   1576660992 131072   22.158
07:23:59.253 python3        1784366 nvme1n1 WS   1576661248 131072   22.178
07:23:59.253 python3        1784369 nvme1n1 WS   1576655872 131072   22.264
07:23:59.253 python3        1784369 nvme1n1 WS   1576656128 131072   22.341
07:23:59.254 python3        1784369 nvme1n1 WS   1576656384 131072   22.415
07:23:59.254 python3        1784369 nvme1n1 WS   1576656640 131072   22.479
07:23:59.254 python3        1784369 nvme1n1 WS   1576665088 131072   22.567
07:23:59.254 python3        1784369 nvme1n1 WS   1576665344 131072   22.636
07:23:59.254 python3        1784368 nvme1n1 WS   1576669184 131072   19.922
07:23:59.254 python3        1784368 nvme1n1 WS   1576669440 131072   19.950
07:23:59.254 python3        1784368 nvme1n1 WS   1576669696 131072   20.017
07:23:59.254 python3        1784368 nvme1n1 WS   1576669952 131072   20.093
07:23:59.254 python3        1784368 nvme1n1 WS   1576670208 131072   20.172
07:23:59.254 python3        1784368 nvme1n1 WS   1576670464 131072   20.246
07:23:59.254 python3        1784368 nvme1n1 WS   1576670720 131072   20.325
07:23:59.254 python3        1784368 nvme1n1 WS   1576670976 131072   20.383
07:23:59.254 python3        1784368 nvme1n1 WS   1576671232 131072   20.458
07:23:59.255 python3        1784368 nvme1n1 WS   1576671488 131072   20.541
07:23:59.255 python3        1784368 nvme1n1 WS   1576671744 131072   20.611
07:23:59.255 python3        1784368 nvme1n1 WS   1576672000 131072   20.686
07:23:59.255 python3        1784368 nvme1n1 WS   1576672256 131072   20.787
07:23:59.255 python3        1784368 nvme1n1 WS   1576672512 131072   20.914
07:23:59.255 python3        1784368 nvme1n1 WS   1576672768 131072   21.042
07:23:59.255 python3        1784368 nvme1n1 WS   1576673024 131072   21.151
07:23:59.255 python3        1784367 nvme1n1 WS   318611456  131072   20.833
07:23:59.255 python3        1784367 nvme1n1 WS   318611712  131072   20.896
07:23:59.255 python3        1784367 nvme1n1 WS   318611968  131072   20.973
07:23:59.256 python3        1784367 nvme1n1 WS   318612224  131072   21.048
07:23:59.256 python3        1784367 nvme1n1 WS   318612480  131072   21.128
07:23:59.256 python3        1784367 nvme1n1 WS   318612736  131072   21.207
07:23:59.256 python3        1784367 nvme1n1 WS   318612992  131072   21.283
07:23:59.256 python3        1784367 nvme1n1 WS   318613248  131072   21.340
07:23:59.256 python3        1784367 nvme1n1 WS   318613504  131072   21.416
07:23:59.256 python3        1784367 nvme1n1 WS   318613760  131072   21.490
07:23:59.256 python3        1784367 nvme1n1 WS   318614016  131072   21.568
07:23:59.256 python3        1784367 nvme1n1 WS   318614272  131072   21.649
07:23:59.256 python3        1784368 nvme1n1 WS   1576673280 131072   22.195
07:23:59.256 python3        1784368 nvme1n1 WS   1576673536 131072   22.270
07:23:59.256 python3        1784367 nvme1n1 WS   318614528  131072   21.879
07:23:59.256 python3        1784367 nvme1n1 WS   318614784  131072   21.960
07:23:59.257 python3        1784367 nvme1n1 WS   318615040  131072   22.050
07:23:59.257 python3        1784367 nvme1n1 WS   318615296  131072   22.166
07:23:59.257 python3        1784367 nvme1n1 WS   318615552  131072   22.241
07:23:59.257 python3        1784367 nvme1n1 WS   318615808  131072   22.306
07:23:59.257 python3        1784366 nvme1n1 WS   1576677376 131072   19.906
07:23:59.257 python3        1784366 nvme1n1 WS   1576677632 131072   20.031
07:23:59.257 python3        1784366 nvme1n1 WS   1576677888 131072   20.106
07:23:59.257 python3        1784366 nvme1n1 WS   1576678144 131072   20.186
07:23:59.257 python3        1784366 nvme1n1 WS   1576678400 131072   20.262
07:23:59.257 python3        1784366 nvme1n1 WS   1576678656 131072   20.337
07:23:59.258 python3        1784366 nvme1n1 WS   1576678912 131072   20.411
07:23:59.258 python3        1784366 nvme1n1 WS   1576679168 131072   20.471
07:23:59.258 python3        1784366 nvme1n1 WS   1576679424 131072   20.549
07:23:59.258 python3        1784366 nvme1n1 WS   1576679680 131072   20.629
07:23:59.258 python3        1784366 nvme1n1 WS   1576679936 131072   20.708
07:23:59.258 python3        1784366 nvme1n1 WS   1576680192 131072   20.826
07:23:59.258 python3        1784366 nvme1n1 WS   1576680448 131072   20.904
07:23:59.258 python3        1784366 nvme1n1 WS   1576680704 131072   20.983
07:23:59.258 python3        1784366 nvme1n1 WS   1576680960 131072   21.062
07:23:59.258 python3        1784366 nvme1n1 WS   1576681216 131072   21.128
07:23:59.258 python3        1784366 nvme1n1 WS   1576681472 131072   21.205
07:23:59.258 python3        1784366 nvme1n1 WS   1576681728 131072   21.282
07:23:59.259 python3        1784368 nvme1n1 WS   318619648  131072   21.334
07:23:59.259 python3        1784368 nvme1n1 WS   318619904  131072   21.318
07:23:59.259 python3        1784368 nvme1n1 WS   318620160  131072   21.383
07:23:59.259 python3        1784368 nvme1n1 WS   318620416  131072   21.469
07:23:59.259 python3        1784368 nvme1n1 WS   318620672  131072   21.539
07:23:59.259 python3        1784368 nvme1n1 WS   318620928  131072   21.616
07:23:59.259 python3        1784368 nvme1n1 WS   318621184  131072   21.692
07:23:59.259 python3        1784368 nvme1n1 WS   318621440  131072   21.756
07:23:59.259 python3        1784368 nvme1n1 WS   318621696  131072   21.835
07:23:59.259 python3        1784368 nvme1n1 WS   318621952  131072   21.922
07:23:59.259 python3        1784368 nvme1n1 WS   318622208  131072   21.999
07:23:59.259 python3        1784368 nvme1n1 WS   318622464  131072   22.073
07:23:59.259 python3        1784368 nvme1n1 WS   318622720  131072   22.153
07:23:59.260 python3        1784368 nvme1n1 WS   318622976  131072   22.233
07:23:59.260 python3        1784368 nvme1n1 WS   318623232  131072   22.311
07:23:59.260 python3        1784368 nvme1n1 WS   318623488  131072   22.380
07:23:59.260 python3        1784368 nvme1n1 WS   318623744  4096     22.392
07:23:59.260 python3        1784366 nvme1n1 WS   79458304   131072   18.063
07:23:59.260 python3        1784366 nvme1n1 WS   79458560   131072   18.139
07:23:59.260 python3        1784366 nvme1n1 WS   79458816   131072   18.219
07:23:59.260 python3        1784366 nvme1n1 WS   79459072   131072   18.309
07:23:59.260 python3        1784366 nvme1n1 WS   79459328   131072   18.435
07:23:59.260 python3        1784366 nvme1n1 WS   79459584   131072   18.562
07:23:59.260 python3        1784366 nvme1n1 WS   79459840   131072   18.689
07:23:59.261 python3        1784366 nvme1n1 WS   79460096   131072   18.799
07:23:59.261 python3        1784366 nvme1n1 WS   79460352   131072   18.925
07:23:59.261 python3        1784366 nvme1n1 WS   79460608   131072   19.052
07:23:59.261 python3        1784366 nvme1n1 WS   79462400   4096     19.034
07:23:59.261 python3        1784366 nvme1n1 WS   79460864   131072   19.184
07:23:59.261 python3        1784366 nvme1n1 WS   79461120   131072   19.304
07:23:59.261 python3        1784366 nvme1n1 WS   79461376   131072   19.385
07:23:59.261 python3        1784366 nvme1n1 WS   79461632   131072   19.460
07:23:59.261 python3        1784366 nvme1n1 WS   79461888   131072   19.535
07:23:59.261 python3        1784366 nvme1n1 WS   79462144   131072   19.609
07:23:59.262 python3        1784369 nvme1n1 WS   318627840  131072   17.760
07:23:59.262 python3        1784369 nvme1n1 WS   318628096  131072   17.791
07:23:59.262 python3        1784369 nvme1n1 WS   318628352  131072   17.871
07:23:59.262 python3        1784369 nvme1n1 WS   318628608  131072   17.951
07:23:59.262 python3        1784369 nvme1n1 WS   318628864  131072   18.032
07:23:59.262 python3        1784369 nvme1n1 WS   318629120  131072   18.111
07:23:59.262 python3        1784369 nvme1n1 WS   318629376  131072   18.193
07:23:59.262 python3        1784369 nvme1n1 WS   318629632  131072   18.255
07:23:59.262 python3        1784369 nvme1n1 WS   318629888  131072   18.335
07:23:59.262 python3        1784369 nvme1n1 WS   318630144  131072   18.410
07:23:59.262 python3        1784369 nvme1n1 WS   318630400  131072   18.489
07:23:59.262 python3        1784369 nvme1n1 WS   318630656  131072   18.568
07:23:59.262 python3        1784369 nvme1n1 WS   318630912  131072   18.647
07:23:59.263 python3        1784369 nvme1n1 WS   318631168  131072   18.723
07:23:59.263 python3        1784369 nvme1n1 WS   318631424  131072   18.800
07:23:59.263 python3        1784369 nvme1n1 WS   318631680  131072   18.865
07:23:59.263 python3        1784369 nvme1n1 WS   318631936  131072   18.941
07:23:59.263 python3        1784369 nvme1n1 WS   318632192  131072   19.016
07:23:59.263 python3        1784369 nvme1n1 WS   572686336  131072   13.817
07:23:59.263 python3        1784369 nvme1n1 WS   572686592  131072   13.841
07:23:59.263 python3        1784369 nvme1n1 WS   572686848  131072   13.910
07:23:59.263 python3        1784369 nvme1n1 WS   572687104  131072   13.998
07:23:59.263 python3        1784369 nvme1n1 WS   572687360  131072   14.082
07:23:59.263 python3        1784369 nvme1n1 WS   572687616  131072   14.158
07:23:59.263 python3        1784369 nvme1n1 WS   572687872  131072   14.239
07:23:59.264 python3        1784369 nvme1n1 WS   572688128  131072   14.296
07:23:59.264 python3        1784369 nvme1n1 WS   572688384  131072   14.377
07:23:59.264 python3        1784369 nvme1n1 WS   572688640  131072   14.453
07:23:59.264 python3        1784369 nvme1n1 WS   572690432  4096     14.436
07:23:59.264 python3        1784369 nvme1n1 WS   572688896  131072   14.536
07:23:59.264 python3        1784369 nvme1n1 WS   572689152  131072   14.612
07:23:59.264 python3        1784369 nvme1n1 WS   572689408  131072   14.697
07:23:59.264 python3        1784369 nvme1n1 WS   572689664  131072   14.770
07:23:59.264 python3        1784369 nvme1n1 WS   572689920  131072   14.849
07:23:59.264 python3        1784369 nvme1n1 WS   572690176  131072   14.921
07:23:59.264 python3        1784367 nvme1n1 WS   318636032  131072   13.186
07:23:59.264 python3        1784367 nvme1n1 WS   318636288  131072   13.261
07:23:59.264 python3        1784367 nvme1n1 WS   318636544  131072   13.338
07:23:59.265 python3        1784367 nvme1n1 WS   318636800  131072   13.416
07:23:59.265 python3        1784367 nvme1n1 WS   318637056  131072   13.499
07:23:59.265 python3        1784367 nvme1n1 WS   318637312  131072   13.626
07:23:59.265 python3        1784367 nvme1n1 WS   318637568  131072   13.753
07:23:59.265 python3        1784367 nvme1n1 WS   318637824  131072   13.863
07:23:59.265 python3        1784367 nvme1n1 WS   318638080  131072   13.989
07:23:59.265 python3        1784367 nvme1n1 WS   318640128  4096     13.970
07:23:59.265 python3        1784367 nvme1n1 WS   318638336  131072   14.120
07:23:59.265 python3        1784367 nvme1n1 WS   318638592  131072   14.247
07:23:59.266 python3        1784367 nvme1n1 WS   318638848  131072   14.377
07:23:59.266 python3        1784367 nvme1n1 WS   318639104  131072   14.461
07:23:59.266 python3        1784367 nvme1n1 WS   318639360  131072   14.540
07:23:59.266 python3        1784367 nvme1n1 WS   318639616  131072   14.621
07:23:59.266 python3        1784367 nvme1n1 WS   318639872  131072   14.696
07:23:59.291 nvme           2042579 Unknown N    -1         512       0.086
07:24:00.294 nvme           2042589 Unknown N    -1         512       0.033
07:24:01.297 nvme           2042593 Unknown N    -1         512       0.183
07:24:01.405 jbd2/nv        752     nvme1n1 WSM  877782224  131072    0.165
07:24:01.405 jbd2/nv        752     nvme1n1 WSM  877782480  131072    0.187
07:24:01.405 jbd2/nv        752     nvme1n1 WSM  877782736  12288     0.186
07:24:01.405 jbd2/nv        752     nvme1n1 WSM  877782760  4096      0.031
07:24:01.825 kworker        1976476 nvme0n1 W    37709856   8192      1.067
07:24:02.299 nvme           2042598 Unknown N    -1         512       0.085
07:24:03.301 nvme           2042621 Unknown N    -1         512       0.073
07:24:04.304 nvme           2042630 Unknown N    -1         512       0.031
07:24:05.306 nvme           2042634 Unknown N    -1         512       0.032
07:24:06.309 nvme           2042644 Unknown N    -1         512       0.082
07:24:07.287 jbd2/nv        752     nvme1n1 WSM  877782768  16384     0.070
07:24:07.287 jbd2/nv        752     nvme1n1 WSM  877782800  4096      0.040
07:24:07.293 amoprof        1975872 nvme1n1 W    612730304  4096      0.045
