TIMESTAMP    COMM           PID     DISK    T    SECTOR     BYTES   LAT(ms)
01:40:01.438 nvme           1562936 Unknown N    -1         512       0.085
01:40:02.440 nvme           1562999 Unknown N    -1         512       0.032
01:40:03.442 nvme           1563003 Unknown N    -1         512       0.029
01:40:03.616 jbd2/nv        752     nvme1n1 WSM  877621232  114688    0.147
01:40:03.616 jbd2/nv        752     nvme1n1 WSM  877621456  4096      0.031
01:40:04.444 nvme           1563017 Unknown N    -1         512       0.030
01:40:05.446 nvme           1563032 Unknown N    -1         512       0.033
01:40:06.449 nvme           1563036 Unknown N    -1         512       0.032
01:40:07.451 nvme           1563040 Unknown N    -1         512       0.030
01:40:08.453 nvme           1563050 Unknown N    -1         512       0.030
01:40:08.737 kworker        1259302 nvme1n1 W    591725592  94208     0.162
01:40:08.737 kworker        1259302 nvme1n1 W    1486501160 131072    0.227
01:40:08.737 kworker        1259302 nvme1n1 W    1486501416 61440     0.264
01:40:08.737 kworker        1259302 nvme1n1 W    591725776  32768     0.284
01:40:08.737 kworker        1259302 nvme1n1 W    1486487544 131072    0.363
01:40:08.737 kworker        1259302 nvme1n1 W    1486487800 90112     0.419
01:40:08.737 kworker        1259302 nvme1n1 W    1486214968 77824     0.464
01:40:08.737 kworker        1259302 nvme1n1 W    591725840  45056     0.492
01:40:09.455 nvme           1563064 Unknown N    -1         512       0.032
01:40:09.736 jbd2/nv        752     nvme1n1 WSM  877621464  57344     0.100
01:40:09.736 jbd2/nv        752     nvme1n1 WSM  877621576  4096      0.031
01:40:10.272 kworker        1259302 nvme1n1 W    1625052800 8192      0.053
01:40:10.457 nvme           1563073 Unknown N    -1         512       0.030
01:40:11.356 jbd2/nv        391     nvme0n1 WSM  4308960    36864     1.276
01:40:11.357 jbd2/nv        391     nvme0n1 WSM  4309032    4096      0.986
01:40:11.445 amoprof        1271097 nvme1n1 W    591737272  4096      0.058
