TIMESTAMP    COMM           PID     DISK    T    SECTOR     BYTES   LAT(ms)
03:27:42.559 nvme           1682469 Unknown N    -1         512       0.084
03:27:43.520 kworker        1661618 nvme1n1 W    1719340992 4096      0.060
03:27:43.520 kworker        1661618 nvme1n1 W    1719353272 4096      0.066
03:27:43.561 nvme           1682521 Unknown N    -1         512       0.036
03:27:44.564 nvme           1682522 Unknown N    -1         512       0.028
03:27:45.056 kworker        1666595 nvme1n1 WM   736        4096      0.109
03:27:45.056 kworker        1666595 nvme1n1 WM   776        8192      0.119
03:27:45.056 kworker        1666595 nvme1n1 WM   461373728  4096      0.120
03:27:45.056 kworker        1666595 nvme1n1 WM   595605016  4096      0.131
03:27:45.056 kworker        1666595 nvme1n1 WM   595605032  4096      0.133
03:27:45.056 kworker        1666595 nvme1n1 WM   595605248  8192      0.132
03:27:45.056 kworker        1666595 nvme1n1 WM   1485058520 4096      0.133
03:27:45.056 kworker        1666595 nvme1n1 WM   1493844928 4096      0.134
03:27:45.056 kworker        1666595 nvme1n1 WM   1520034544 4096      0.134
03:27:45.056 kworker        1666595 nvme1n1 WM   1520110048 8192      0.135
03:27:45.056 kworker        1666595 nvme1n1 WM   1530921024 4096      0.147
03:27:45.056 kworker        1666595 nvme1n1 WM   1623195704 4096      0.149
03:27:45.056 kworker        1666595 nvme1n1 WM   1635778672 4096      0.150
03:27:45.056 kworker        1666595 nvme1n1 WM   595605048  12288     0.160
03:27:45.056 kworker        1666595 nvme1n1 WM   595605080  81920     0.195
03:27:45.056 kworker        1666595 nvme1n1 WM   1520034504 12288     0.218
03:27:45.056 kworker        1666595 nvme1n1 WM   1756827520 4096      0.044
03:27:45.056 kworker        1666595 nvme1n1 WM   1756887712 4096      0.045
03:27:45.056 kworker        1666595 nvme1n1 W    591841256  36864     0.060
03:27:45.566 nvme           1682523 Unknown N    -1         512       0.085
03:27:46.568 nvme           1682524 Unknown N    -1         512       0.028
03:27:46.592 jbd2/nv        752     nvme1n1 WSM  877821344  110592    0.140
03:27:46.592 jbd2/nv        752     nvme1n1 WSM  877821560  4096      0.031
03:27:47.570 nvme           1682525 Unknown N    -1         512       0.032
03:27:48.573 nvme           1682526 Unknown N    -1         512       0.096
03:27:49.575 nvme           1682527 Unknown N    -1         512       0.027
03:27:50.176 kworker        1661618 nvme1n1 W    595916584  65536     0.138
03:27:50.177 kworker        1661618 nvme1n1 W    1533222168 131072    0.208
03:27:50.177 kworker        1661618 nvme1n1 W    1533222424 61440     0.247
03:27:50.177 kworker        1661618 nvme1n1 W    595916712  32768     0.267
03:27:50.177 kworker        1661618 nvme1n1 W    1533227520 131072    0.342
03:27:50.177 kworker        1661618 nvme1n1 W    1533227776 90112     0.397
03:27:50.177 kworker        1661618 nvme1n1 W    596014576  77824     0.443
03:27:50.177 kworker        1661618 nvme1n1 W    595916776  45056     0.467
03:27:50.577 nvme           1682528 Unknown N    -1         512       0.071
03:27:51.580 nvme           1682529 Unknown N    -1         512       0.027
03:27:51.896 jbd2/nv        752     nvme1n1 WSM  877821568  45056     0.088
03:27:51.896 jbd2/nv        752     nvme1n1 WSM  877821656  4096      0.030
03:27:52.566 amoprof        1271097 nvme1n1 W    595909144  4096      0.051
