TIMESTAMP    COMM           PID     DISK    T    SECTOR     BYTES   LAT(ms)
04:08:46.349 nvme           1720235 Unknown N    -1         512       0.039
04:08:47.352 nvme           1720287 Unknown N    -1         512       0.033
04:08:48.354 nvme           1720288 Unknown N    -1         512       0.030
04:08:48.396 jbd2/nv        752     nvme1n1 WSM  877897256  114688    0.144
04:08:48.396 jbd2/nv        752     nvme1n1 WSM  877897480  4096      0.030
04:08:49.356 nvme           1720289 Unknown N    -1         512       0.032
04:08:50.358 nvme           1720290 Unknown N    -1         512       0.032
04:08:51.361 nvme           1720291 Unknown N    -1         512       0.030
04:08:52.363 nvme           1720292 Unknown N    -1         512       0.029
04:08:52.896 kworker        1718369 nvme1n1 W    1625054392 8192      0.057
04:08:52.897 kworker        1703538 nvme1n1 W    1639456600 8192      0.090
04:08:52.897 kworker        1703538 nvme1n1 W    600093288  94208     0.143
04:08:52.897 kworker        1703538 nvme1n1 W    1553927520 131072    0.226
04:08:52.897 kworker        1703538 nvme1n1 W    1553927776 61440     0.264
04:08:52.897 kworker        1703538 nvme1n1 W    600093472  32768     0.280
04:08:52.897 kworker        1703538 nvme1n1 W    1553936896 131072    0.354
04:08:52.897 kworker        1703538 nvme1n1 W    1553937152 90112     0.409
04:08:52.897 kworker        1703538 nvme1n1 W    1534979744 77824     0.453
04:08:52.897 kworker        1703538 nvme1n1 W    600093536  45056     0.259
04:08:53.365 nvme           1720293 Unknown N    -1         512       0.031
04:08:54.368 nvme           1720294 Unknown N    -1         512       0.028
04:08:54.635 jbd2/nv        752     nvme1n1 WSM  877897488  90112     0.129
04:08:54.635 jbd2/nv        752     nvme1n1 WSM  877897664  4096      0.030
04:08:55.370 nvme           1720295 Unknown N    -1         512       0.033
04:08:56.356 amoprof        1271097 nvme1n1 W    595893592  4096      0.056
