TIMESTAMP    COMM           PID     DISK    T    SECTOR     BYTES   LAT(ms)
06:19:31.413 nvme           1919140 Unknown N    -1         512       0.036
06:19:32.416 nvme           1919195 Unknown N    -1         512       0.030
06:19:33.070 dockerd        1436    nvme1n1 WS   1586225824 4096      0.056
06:19:33.071 jbd2/nv        752     nvme1n1 WSM  877032424  131072    0.147
06:19:33.071 jbd2/nv        752     nvme1n1 WSM  877032680  32768     0.152
06:19:33.071 jbd2/nv        752     nvme1n1 WSM  877032744  4096      0.027
06:19:33.071 dockerd        1436    nvme1n1 WS   1586225832 4096      0.030
06:19:33.071 jbd2/nv        752     nvme1n1 WSM  877032752  49152     0.065
06:19:33.071 jbd2/nv        752     nvme1n1 WSM  877032848  4096      0.030
06:19:33.418 nvme           1919254 Unknown N    -1         512       0.107
06:19:34.168 dockerd        1436    nvme1n1 WS   608566856  4096      0.058
06:19:34.169 jbd2/nv        752     nvme1n1 WSM  877032856  57344     0.083
06:19:34.169 jbd2/nv        752     nvme1n1 WSM  877032968  4096      0.030
06:19:34.169 dockerd        1436    nvme1n1 WS   608566864  4096      0.030
06:19:34.169 jbd2/nv        752     nvme1n1 WSM  877032976  45056     0.063
06:19:34.169 jbd2/nv        752     nvme1n1 WSM  877033064  4096      0.029
06:19:34.215 contain        1195    nvme1n1 WS   1730873960 4096      0.052
06:19:34.215 contain        1195    nvme1n1 WS   1730874008 4096      0.062
06:19:34.215 contain        1195    nvme1n1 WS   1730874056 4096      0.063
06:19:34.215 contain        1195    nvme1n1 WS   1730874208 4096      0.063
06:19:34.215 contain        1195    nvme1n1 WS   1429528    4096      0.028
06:19:34.226 dockerd        1436    nvme1n1 WS   1323328    4096      0.044
06:19:34.226 dockerd        1436    nvme1n1 WS   1757812096 12288     0.049
06:19:34.226 dockerd        1436    nvme1n1 WS   1323312    4096      0.029
06:19:34.244 dockerd        1436    nvme1n1 WS   1528463928 4096      0.057
06:19:34.244 dockerd        1436    nvme1n1 WS   1757812080 8192      0.063
06:19:34.244 dockerd        1436    nvme1n1 WS   1757812120 4096      0.070
06:19:34.244 dockerd        1436    nvme1n1 WS   1323304    4096      0.029
06:19:34.245 dockerd        1436    nvme1n1 W    608566872  4096      0.030
06:19:34.245 dockerd        1436    nvme1n1 WS   1531537488 4096      0.033
06:19:34.245 dockerd        1436    nvme1n1 WS   1757812096 12288     0.040
06:19:34.245 dockerd        1436    nvme1n1 WS   1323312    4096      0.028
06:19:34.276 dockerd        1436    nvme1n1 WS   1528463928 4096      0.054
06:19:34.276 dockerd        1436    nvme1n1 WS   1757812080 8192      0.059
06:19:34.276 dockerd        1436    nvme1n1 WS   1757812120 4096      0.061
06:19:34.276 dockerd        1436    nvme1n1 WS   1323304    4096      0.028
06:19:34.277 dockerd        1436    nvme1n1 WS   1323328    4096      0.041
06:19:34.277 dockerd        1436    nvme1n1 WS   1757812096 12288     0.044
06:19:34.277 dockerd        1436    nvme1n1 WS   1323312    4096      0.028
06:19:34.280 kworker        1817148 nvme1n1 W    608789080  4096      0.064
06:19:34.280 kworker        1817148 nvme1n1 W    1625747704 4096      0.070
06:19:34.280 kworker        1817148 nvme1n1 W    1719341040 4096      0.072
06:19:34.280 kworker        1817148 nvme1n1 W    1719353312 4096      0.073
06:19:34.280 kworker        1817148 nvme1n1 W    1625747712 4096      0.074
06:19:34.280 kworker        1696237 nvme1n1 W    1642274480 28672     0.062
06:19:34.281 kworker        1764183 nvme1n1 W    608835904  4096      0.122
06:19:34.281 kworker        1764183 nvme1n1 W    844599520  4096      0.126
06:19:34.281 kworker        1764183 nvme1n1 W    1757303272 4096      0.103
06:19:34.281 kworker        1764183 nvme1n1 W    1175071248 69632     0.159
06:19:34.281 kworker        1764183 nvme1n1 W    608614232  131072    0.243
06:19:34.281 kworker        1764183 nvme1n1 W    608614488  118784    0.315
06:19:34.281 kworker        1764183 nvme1n1 W    608614720  131072    0.394
06:19:34.281 kworker        1764183 nvme1n1 W    608614976  131072    0.472
06:19:34.281 kworker        1764183 nvme1n1 W    608615232  73728     0.517
06:19:34.281 kworker        1764183 nvme1n1 W    1565367136 131072    0.595
06:19:34.281 kworker        1764183 nvme1n1 W    1565367392 61440     0.630
06:19:34.281 kworker        1764183 nvme1n1 W    608615376  32768     0.649
06:19:34.281 kworker        1764183 nvme1n1 W    730382848  131072    0.729
06:19:34.281 kworker        1764183 nvme1n1 W    730383104  90112     0.785
06:19:34.281 kworker        1764183 nvme1n1 W    1579799824 77824     0.835
06:19:34.281 kworker        1764183 nvme1n1 W    608615440  36864     0.856
06:19:34.281 kworker        1764183 nvme1n1 W    1719293944 4096      0.219
06:19:34.282 kworker        1764183 nvme1n1 W    1757340160 90112     0.282
06:19:34.282 kworker        1764183 nvme1n1 W    608615512  53248     0.302
06:19:34.282 kworker        1764183 nvme1n1 W    608615616  131072    0.379
06:19:34.282 kworker        1764183 nvme1n1 W    608615872  131072    0.461
06:19:34.282 kworker        1764183 nvme1n1 W    608616128  40960     0.494
06:19:34.282 kworker        1764183 nvme1n1 W    1565350896 131072    0.572
06:19:34.282 kworker        1764183 nvme1n1 W    1565351152 61440     0.610
06:19:34.282 kworker        1764183 nvme1n1 W    608616208  32768     0.631
06:19:34.282 kworker        1764183 nvme1n1 W    730394624  131072    0.713
06:19:34.282 kworker        1764183 nvme1n1 W    730394880  90112     0.538
06:19:34.282 kworker        1764183 nvme1n1 W    1579835224 77824     0.584
06:19:34.282 kworker        1764183 nvme1n1 W    608616272  49152     0.613
06:19:34.282 dockerd        1436    nvme1n1 WM   440        4096      0.495
06:19:34.282 dockerd        1436    nvme1n1 WM   792        8192      0.507
06:19:34.282 dockerd        1436    nvme1n1 WM   816        4096      0.508
06:19:34.282 dockerd        1436    nvme1n1 WM   75497744   4096      0.510
06:19:34.282 dockerd        1436    nvme1n1 WM   591670944  4096      0.512
06:19:34.282 dockerd        1436    nvme1n1 WM   608174232  4096      0.514
06:19:34.282 dockerd        1436    nvme1n1 WM   608174336  4096      0.520
06:19:34.282 dockerd        1436    nvme1n1 WM   905969808  4096      0.520
06:19:34.282 dockerd        1436    nvme1n1 WM   905969920  4096      0.521
06:19:34.282 dockerd        1436    nvme1n1 WM   905978696  8192      0.525
06:19:34.282 dockerd        1436    nvme1n1 WM   1635778576 4096      0.527
06:19:34.282 dockerd        1436    nvme1n1 WM   1656750176 8192      0.538
06:19:34.282 dockerd        1436    nvme1n1 WM   1660944472 4096      0.539
06:19:34.282 dockerd        1436    nvme1n1 WM   1707081744 4096      0.542
06:19:34.282 dockerd        1436    nvme1n1 WM   1707848128 4096      0.543
06:19:34.282 dockerd        1436    nvme1n1 WM   1707850088 4096      0.546
06:19:34.282 dockerd        1436    nvme1n1 WM   1735431872 4096      0.547
06:19:34.282 dockerd        1436    nvme1n1 WM   1756377856 4096      0.553
06:19:34.282 dockerd        1436    nvme1n1 WM   1756389856 4096      0.555
06:19:34.282 dockerd        1436    nvme1n1 WM   608187096  12288     0.564
06:19:34.282 dockerd        1436    nvme1n1 WM   1707812200 12288     0.564
06:19:34.282 jbd2/nv        752     nvme1n1 WSM  877033072  131072    0.638
06:19:34.282 dockerd        1436    nvme1n1 WM   1756414144 4096      0.153
06:19:34.282 dockerd        1436    nvme1n1 WM   1756600944 4096      0.159
06:19:34.282 dockerd        1436    nvme1n1 WM   1756662648 4096      0.160
06:19:34.282 jbd2/nv        752     nvme1n1 WSM  877033328  73728     0.655
06:19:34.282 dockerd        1436    nvme1n1 WM   1756848552 4096      0.165
06:19:34.282 dockerd        1436    nvme1n1 WM   1756888560 4096      0.165
06:19:34.282 dockerd        1436    nvme1n1 WM   1756909528 4096      0.166
06:19:34.282 kworker        1696237 nvme1n1 WS   461780808  4096      0.035
06:19:34.282 jbd2/nv        752     nvme1n1 WSM  877033472  4096      0.026
06:19:34.283 jbd2/nv        752     nvme1n1 WSM  877033480  49152     0.067
06:19:34.283 jbd2/nv        752     nvme1n1 WSM  877033576  4096      0.027
06:19:34.283 dockerd        1436    nvme1n1 WSM  0          4096      0.100
06:19:34.283 dockerd        1436    nvme1n1 WSM  224        4096      0.102
06:19:34.283 dockerd        1436    nvme1n1 WSM  296        4096      0.108
06:19:34.283 dockerd        1436    nvme1n1 WSM  352        4096      0.109
06:19:34.283 dockerd        1436    nvme1n1 WSM  568        4096      0.109
06:19:34.283 dockerd        1436    nvme1n1 WSM  752        8192      0.115
06:19:34.283 dockerd        1436    nvme1n1 WSM  776        8192      0.116
06:19:34.283 dockerd        1436    nvme1n1 WSM  840        4096      0.122
06:19:34.283 dockerd        1436    nvme1n1 WSM  461373448  4096      0.123
06:19:34.283 dockerd        1436    nvme1n1 WSM  461373568  4096      0.125
06:19:34.283 dockerd        1436    nvme1n1 WSM  461373696  4096      0.129
06:19:34.283 dockerd        1436    nvme1n1 WSM  591676192  4096      0.130
06:19:34.283 dockerd        1436    nvme1n1 WSM  608174088  8192      0.134
06:19:34.283 dockerd        1436    nvme1n1 WSM  608174416  4096      0.135
06:19:34.283 dockerd        1436    nvme1n1 WSM  729808912  4096      0.142
06:19:34.283 dockerd        1436    nvme1n1 WSM  730174144  4096      0.143
06:19:34.283 dockerd        1436    nvme1n1 WSM  1174405136 4096      0.148
06:19:34.283 dockerd        1436    nvme1n1 WSM  1484789216 4096      0.150
06:19:34.283 dockerd        1436    nvme1n1 WSM  1485401008 4096      0.156
06:19:34.283 dockerd        1436    nvme1n1 WSM  1493172480 4096      0.157
06:19:34.283 dockerd        1436    nvme1n1 WSM  1493172504 4096      0.158
06:19:34.283 dockerd        1436    nvme1n1 WSM  1564475416 4096      0.163
06:19:34.283 dockerd        1436    nvme1n1 WSM  1572864128 4096      0.169
06:19:34.283 dockerd        1436    nvme1n1 WSM  1572864280 4096      0.173
06:19:34.283 dockerd        1436    nvme1n1 WSM  1577058384 4096      0.173
06:19:34.283 dockerd        1436    nvme1n1 WSM  1585446928 4096      0.174
06:19:34.283 dockerd        1436    nvme1n1 WSM  1623195720 4096      0.175
06:19:34.283 dockerd        1436    nvme1n1 WSM  1631584368 4096      0.179
06:19:34.283 dockerd        1436    nvme1n1 WSM  1639972928 4096      0.179
06:19:34.283 dockerd        1436    nvme1n1 WSM  461374248  12288     0.193
06:19:34.283 dockerd        1436    nvme1n1 WSM  608187000  45056     0.216
06:19:34.283 dockerd        1436    nvme1n1 WSM  1707383280 4096      0.058
06:19:34.283 dockerd        1436    nvme1n1 WSM  1753219192 4096      0.063
06:19:34.284 dockerd        1436    nvme1n1 WS   1586225840 4096      0.034
06:19:34.284 jbd2/nv        752     nvme1n1 WSM  877033584  61440     0.076
06:19:34.284 jbd2/nv        752     nvme1n1 WSM  877033704  4096      0.027
06:19:34.284 dockerd        1436    nvme1n1 WS   1586225848 4096      0.030
06:19:34.284 jbd2/nv        752     nvme1n1 WSM  877033712  49152     0.065
06:19:34.284 jbd2/nv        752     nvme1n1 WSM  877033808  4096      0.028
06:19:34.285 dockerd        1436    nvme1n1 WS   1586225856 4096      0.031
06:19:34.285 jbd2/nv        752     nvme1n1 WSM  877033816  49152     0.065
06:19:34.285 jbd2/nv        752     nvme1n1 WSM  877033912  4096      0.029
06:19:34.285 dockerd        1436    nvme1n1 WS   1586225864 4096      0.029
06:19:34.285 jbd2/nv        752     nvme1n1 WSM  877033920  36864     0.056
06:19:34.285 jbd2/nv        752     nvme1n1 WSM  877033992  4096      0.031
06:19:34.286 contain        1195    nvme1n1 WS   1730874024 4096      0.038
06:19:34.286 contain        1195    nvme1n1 WS   1730874088 16384     0.051
06:19:34.286 contain        1195    nvme1n1 WS   1429520    4096      0.027
06:19:34.291 contain        1195    nvme1n1 WS   1730873888 4096      0.051
06:19:34.291 contain        1195    nvme1n1 WS   1730874008 4096      0.059
06:19:34.291 contain        1195    nvme1n1 WS   1730874056 4096      0.065
06:19:34.291 contain        1195    nvme1n1 WS   1730874072 4096      0.065
06:19:34.291 contain        1195    nvme1n1 WS   1730874120 8192      0.065
06:19:34.291 contain        1195    nvme1n1 WS   1429528    4096      0.027
06:19:34.292 contain        1195    nvme1n1 WS   1725789816 4096      0.060
06:19:34.292 contain        1195    nvme1n1 WS   1725789848 4096      0.064
06:19:34.292 contain        1195    nvme1n1 WS   1725789888 4096      0.065
06:19:34.292 contain        1195    nvme1n1 WS   1725789912 4096      0.066
06:19:34.292 contain        1195    nvme1n1 WS   1725789928 8192      0.070
06:19:34.292 contain        1195    nvme1n1 WS   1725789960 4096      0.072
06:19:34.293 contain        1195    nvme1n1 WS   1707371880 4096      0.027
06:19:34.293 contain        1195    nvme1n1 WS   1725789824 4096      0.041
06:19:34.293 contain        1195    nvme1n1 WS   1725789864 4096      0.045
06:19:34.293 contain        1195    nvme1n1 WS   1725789944 8192      0.050
06:19:34.293 contain        1195    nvme1n1 WS   1725789968 12288     0.051
06:19:34.293 contain        1195    nvme1n1 WS   1707371888 4096      0.028
06:19:34.293 contain        1195    nvme1n1 WS   311201600  4096      0.032
06:19:34.293 contain        1195    nvme1n1 WS   1707371880 4096      0.026
06:19:34.421 nvme           1919315 Unknown N    -1         512       0.083
06:19:35.423 nvme           1919319 Unknown N    -1         512       0.031
06:19:36.426 nvme           1919324 Unknown N    -1         512       0.104
06:19:37.428 nvme           1919334 Unknown N    -1         512       0.031
06:19:38.430 nvme           1919348 Unknown N    -1         512       0.077
06:19:39.433 nvme           1919357 Unknown N    -1         512       0.111
06:19:39.668 jbd2/nv        752     nvme1n1 WSM  877034256  8192      0.067
06:19:39.668 jbd2/nv        752     nvme1n1 WSM  877034000  131072    0.158
06:19:39.668 jbd2/nv        752     nvme1n1 WSM  877034272  4096      0.032
06:19:40.435 nvme           1919367 Unknown N    -1         512       0.032
06:19:41.345 kworker        1774410 nvme0n1 W    36980864   8192      0.813
06:19:41.421 amoprof        1787544 nvme1n1 W    608827448  4096      0.054
