TIMESTAMP    COMM           PID     DISK    T    SECTOR     BYTES   LAT(ms)
04:56:20.046 nvme           1763932 Unknown N    -1         512       0.037
04:56:21.049 nvme           1763984 Unknown N    -1         512       0.076
04:56:22.052 nvme           1763985 Unknown N    -1         512       0.031
04:56:22.099 jbd2/nv        752     nvme1n1 WSM  877984920  106496    0.145
04:56:22.099 jbd2/nv        752     nvme1n1 WSM  877985128  4096      0.029
04:56:23.054 nvme           1763986 Unknown N    -1         512       0.081
04:56:24.056 nvme           1763987 Unknown N    -1         512       0.028
04:56:24.737 kworker        1736627 nvme1n1 W    600124928  94208     0.164
04:56:24.737 kworker        1736627 nvme1n1 W    1565474088 131072    0.236
04:56:24.737 kworker        1736627 nvme1n1 W    1565474344 61440     0.273
04:56:24.737 kworker        1736627 nvme1n1 W    600125112  32768     0.294
04:56:24.737 kworker        1736627 nvme1n1 W    1565484760 131072    0.372
04:56:24.737 kworker        1736627 nvme1n1 W    1565485016 90112     0.427
04:56:24.737 kworker        1736627 nvme1n1 W    1561769688 77824     0.474
04:56:24.737 kworker        1736627 nvme1n1 W    600125176  36864     0.496
04:56:25.059 nvme           1763988 Unknown N    -1         512       0.086
04:56:26.061 nvme           1763989 Unknown N    -1         512       0.072
04:56:27.063 nvme           1763990 Unknown N    -1         512       0.073
04:56:28.065 nvme           1763991 Unknown N    -1         512       0.030
04:56:28.358 jbd2/nv        752     nvme1n1 WSM  877985136  57344     0.102
04:56:28.358 jbd2/nv        752     nvme1n1 WSM  877985248  4096      0.029
04:56:29.068 nvme           1763992 Unknown N    -1         512       0.029
04:56:29.856 kworker        1720485 nvme1n1 W    600125248  8192      0.059
04:56:30.054 amoprof        1271097 nvme1n1 W    596130904  4096      0.049
