TIMESTAMP    COMM           PID     DISK    T    SECTOR     BYTES   LAT(ms)
06:52:14.619 nvme           1970268 Unknown N    -1         512       0.036
06:52:15.136 kworker        1817148 nvme1n1 W    612646984  12288     0.072
06:52:15.136 jbd2/nv        752     nvme1n1 WSM  877299672  131072    0.150
06:52:15.137 jbd2/nv        752     nvme1n1 WSM  877299928  131072    0.190
06:52:15.137 jbd2/nv        752     nvme1n1 WSM  877300184  131072    0.241
06:52:15.137 jbd2/nv        752     nvme1n1 WSM  877300440  118784    0.273
06:52:15.137 jbd2/nv        752     nvme1n1 WSM  877300672  4096      0.029
06:52:15.570 python3        1784367 nvme1n1 WS   1605300224 131072    0.178
06:52:15.570 python3        1784367 nvme1n1 WS   1605300480 131072    0.246
06:52:15.570 python3        1784367 nvme1n1 WS   1605300736 131072    0.324
06:52:15.570 python3        1784367 nvme1n1 WS   1605300992 131072    0.439
06:52:15.570 python3        1784367 nvme1n1 WS   1605301248 131072    0.497
06:52:15.570 python3        1784367 nvme1n1 WS   1605301504 131072    0.588
06:52:15.570 python3        1784367 nvme1n1 WS   1605301760 131072    0.645
06:52:15.570 python3        1784367 nvme1n1 WS   1605302016 131072    0.708
06:52:15.570 python3        1784367 nvme1n1 WS   1605302272 131072    0.789
06:52:15.571 python3        1784367 nvme1n1 WS   1605302528 131072    0.870
06:52:15.571 python3        1784367 nvme1n1 WS   1605302784 131072    0.951
06:52:15.571 python3        1784367 nvme1n1 WS   1605303040 131072    1.030
06:52:15.571 python3        1784367 nvme1n1 WS   1605303296 131072    1.115
06:52:15.571 python3        1784367 nvme1n1 WS   1605303552 131072    1.198
06:52:15.571 python3        1784367 nvme1n1 WS   1605303808 131072    1.279
06:52:15.571 python3        1784367 nvme1n1 WS   1605304064 131072    1.346
06:52:15.571 python3        1784367 nvme1n1 WS   1605427200 131072    1.428
06:52:15.571 python3        1784367 nvme1n1 WS   1605427456 131072    1.508
06:52:15.571 python3        1784366 nvme1n1 WS   1664065280 73728     1.519
06:52:15.571 python3        1784367 nvme1n1 WS   69012736   73728     1.557
06:52:15.571 python3        1784368 nvme1n1 WS   66215936   131072    1.627
06:52:15.572 python3        1784368 nvme1n1 WS   66216192   131072    1.699
06:52:15.572 python3        1784368 nvme1n1 WS   66216448   131072    1.774
06:52:15.572 python3        1784368 nvme1n1 WS   66216704   131072    1.854
06:52:15.572 python3        1784368 nvme1n1 WS   66216960   131072    1.934
06:52:15.572 python3        1784368 nvme1n1 WS   66217216   131072    2.009
06:52:15.572 python3        1784368 nvme1n1 WS   66217472   131072    2.089
06:52:15.572 python3        1784369 nvme1n1 WS   69019392   73728     2.135
06:52:15.572 python3        1784368 nvme1n1 WS   66217728   131072    2.200
06:52:15.572 python3        1784368 nvme1n1 WS   66217984   131072    2.280
06:52:15.572 python3        1784368 nvme1n1 WS   66218240   131072    2.360
06:52:15.572 python3        1784368 nvme1n1 WS   66218496   131072    2.433
06:52:15.572 python3        1784368 nvme1n1 WS   66218752   131072    2.514
06:52:15.572 python3        1784368 nvme1n1 WS   66219008   131072    2.592
06:52:15.573 python3        1784368 nvme1n1 WS   66219264   131072    2.669
06:52:15.573 python3        1784368 nvme1n1 WS   66219520   131072    2.746
06:52:15.573 python3        1784366 nvme1n1 WS   318054400  131072    2.903
06:52:15.573 python3        1784366 nvme1n1 WS   318054656  131072    2.910
06:52:15.573 python3        1784366 nvme1n1 WS   318054912  131072    2.990
06:52:15.573 python3        1784366 nvme1n1 WS   318055168  131072    3.065
06:52:15.573 python3        1784366 nvme1n1 WS   318055424  131072    3.144
06:52:15.573 python3        1784366 nvme1n1 WS   318055680  131072    3.223
06:52:15.573 python3        1784366 nvme1n1 WS   318055936  131072    3.302
06:52:15.573 python3        1784368 nvme1n1 WS   66219776   131072    3.376
06:52:15.573 python3        1784368 nvme1n1 WS   66220032   131072    3.455
06:52:15.573 python3        1784368 nvme1n1 WS   66220288   131072    3.534
06:52:15.574 python3        1784366 nvme1n1 WS   318056192  131072    3.649
06:52:15.574 python3        1784368 nvme1n1 WS   1664066304 73728     3.660
06:52:15.574 python3        1784366 nvme1n1 WS   318056448  131072    3.730
06:52:15.574 python3        1784369 nvme1n1 WS   1568432128 131072    3.861
06:52:15.574 python3        1784369 nvme1n1 WS   1568432384 131072    3.890
06:52:15.574 python3        1784369 nvme1n1 WS   1568432640 131072    3.965
06:52:15.574 python3        1784369 nvme1n1 WS   1568432896 131072    4.049
06:52:15.574 python3        1784369 nvme1n1 WS   1568433152 131072    4.122
06:52:15.574 python3        1784366 nvme1n1 WS   318056704  131072    4.217
06:52:15.574 python3        1784366 nvme1n1 WS   318056960  131072    4.295
06:52:15.574 python3        1784366 nvme1n1 WS   318057216  131072    4.372
06:52:15.574 python3        1784366 nvme1n1 WS   318057472  131072    4.454
06:52:15.574 python3        1784366 nvme1n1 WS   318057728  131072    4.534
06:52:15.575 python3        1784366 nvme1n1 WS   318057984  131072    4.613
06:52:15.575 python3        1784369 nvme1n1 WS   1568433408 131072    4.698
06:52:15.575 python3        1784369 nvme1n1 WS   1568433664 131072    4.778
06:52:15.575 python3        1784366 nvme1n1 WS   318058240  131072    4.843
06:52:15.575 python3        1784366 nvme1n1 WS   318058496  131072    4.918
06:52:15.575 python3        1784366 nvme1n1 WS   318058752  131072    4.999
06:52:15.575 python3        1784369 nvme1n1 WS   1568433920 131072    5.077
06:52:15.575 python3        1784369 nvme1n1 WS   1568434176 131072    5.158
06:52:15.575 python3        1784369 nvme1n1 WS   1568434432 131072    5.237
06:52:15.575 python3        1784369 nvme1n1 WS   1568434688 131072    5.317
06:52:15.575 python3        1784369 nvme1n1 WS   1568434944 131072    5.377
06:52:15.575 python3        1784369 nvme1n1 WS   1568435200 131072    5.454
06:52:15.576 python3        1784369 nvme1n1 WS   1568435456 131072    5.530
06:52:15.576 python3        1784369 nvme1n1 WS   1568435712 131072    5.611
06:52:15.576 python3        1784369 nvme1n1 WS   1568435968 131072    5.677
06:52:15.576 python3        1784369 nvme1n1 WS   1568436224 131072    5.753
06:52:15.576 python3        1784369 nvme1n1 WS   1568436480 131072    5.831
06:52:15.621 nvme           1970326 Unknown N    -1         512       0.036
06:52:16.623 nvme           1970337 Unknown N    -1         512       0.082
06:52:16.895 jbd2/nv        391     nvme0n1 WSM  4251336    28672     1.266
06:52:16.896 jbd2/nv        391     nvme0n1 WSM  4251392    4096      0.985
06:52:17.453 ib_log_        125949  nvme1n1 WS   1756070216 4096      0.056
06:52:17.626 nvme           1970342 Unknown N    -1         512       0.082
06:52:17.665 ib_pg_f        125949  nvme1n1 WS   1755252736 131072    0.155
06:52:17.665 ib_pg_f        125949  nvme1n1 WS   1755252992 131072    0.230
06:52:17.665 ib_pg_f        125949  nvme1n1 WS   1755253248 131072    0.303
06:52:17.666 ib_pg_f        125949  nvme1n1 WS   1755253504 131072    0.379
06:52:17.666 ib_pg_f        125949  nvme1n1 WS   1755253760 131072    0.456
06:52:17.666 ib_pg_f        125949  nvme1n1 WS   1755254016 131072    0.535
06:52:17.666 ib_pg_f        125949  nvme1n1 WS   1755254272 98304     0.595
06:52:17.666 ib_pg_f        125949  nvme1n1 WS   1757782720 16384     0.050
06:52:17.666 ib_pg_f        125949  nvme1n1 WS   1756551296 16384     0.055
06:52:17.666 ib_pg_f        125949  nvme1n1 WS   1757782272 16384     0.064
06:52:17.666 ib_pg_f        125949  nvme1n1 WS   1756551360 16384     0.070
06:52:17.666 ib_pg_f        125949  nvme1n1 WS   1757788032 16384     0.076
06:52:17.666 ib_pg_f        125949  nvme1n1 WS   1756551392 16384     0.082
06:52:17.666 ib_pg_f        125949  nvme1n1 WS   1757782912 16384     0.092
06:52:17.666 ib_pg_f        125949  nvme1n1 WS   1756551424 16384     0.098
06:52:17.666 ib_pg_f        125949  nvme1n1 WS   1757783008 16384     0.093
06:52:17.666 ib_pg_f        125949  nvme1n1 WS   1756551616 16384     0.098
06:52:17.666 ib_pg_f        125949  nvme1n1 WS   1757788224 16384     0.099
06:52:17.666 ib_pg_f        125949  nvme1n1 WS   1756554976 16384     0.101
06:52:17.666 ib_pg_f        125949  nvme1n1 WS   1756558976 16384     0.091
06:52:17.666 ib_pg_f        125949  nvme1n1 WS   1756555008 16384     0.091
06:52:17.666 ib_pg_f        125949  nvme1n1 WS   1756559040 16384     0.092
06:52:17.666 ib_pg_f        125949  nvme1n1 WS   1756555040 16384     0.094
06:52:17.666 ib_pg_f        125949  nvme1n1 WS   1756559232 16384     0.096
06:52:17.666 ib_pg_f        125949  nvme1n1 WS   1756555136 16384     0.095
06:52:17.666 ib_pg_f        125949  nvme1n1 WS   1757782016 16384     0.104
06:52:17.666 ib_pg_f        125949  nvme1n1 WS   1756555200 16384     0.112
06:52:17.666 ib_pg_f        125949  nvme1n1 WS   1757782080 16384     0.111
06:52:17.666 ib_pg_f        125949  nvme1n1 WS   1756555232 16384     0.094
06:52:17.666 ib_pg_f        125949  nvme1n1 WS   1757788608 16384     0.090
06:52:17.666 ib_pg_f        125949  nvme1n1 WS   1756555264 16384     0.094
06:52:17.666 ib_pg_f        125949  nvme1n1 WS   1757786848 16384     0.095
06:52:17.666 ib_pg_f        125949  nvme1n1 WS   1756555296 16384     0.100
06:52:17.666 ib_pg_f        125949  nvme1n1 WS   1757788576 16384     0.097
06:52:17.666 ib_pg_f        125949  nvme1n1 WS   1756555328 16384     0.105
06:52:17.666 ib_pg_f        125949  nvme1n1 WS   1731137728 16384     0.078
06:52:17.666 ib_pg_f        125949  nvme1n1 WS   1756559488 16384     0.081
06:52:17.666 ib_pg_f        125949  nvme1n1 WS   1731134432 16384     0.082
06:52:17.666 ib_pg_f        125949  nvme1n1 WS   1756559520 16384     0.091
06:52:17.666 ib_pg_f        125949  nvme1n1 WS   1731138176 16384     0.080
06:52:17.666 ib_pg_f        125949  nvme1n1 WS   1756559552 16384     0.080
06:52:17.666 ib_pg_f        125949  nvme1n1 WS   1731138208 16384     0.084
06:52:17.666 ib_pg_f        125949  nvme1n1 WS   1756559584 16384     0.089
06:52:17.666 ib_pg_f        125949  nvme1n1 WS   1731137312 16384     0.096
06:52:17.666 ib_pg_f        125949  nvme1n1 WS   1756559616 16384     0.095
06:52:17.666 ib_pg_f        125949  nvme1n1 WS   1731136352 16384     0.100
06:52:17.666 ib_pg_f        125949  nvme1n1 WS   1756559648 16384     0.091
06:52:17.666 ib_pg_f        125949  nvme1n1 WS   1731134208 16384     0.097
06:52:17.666 ib_pg_f        125949  nvme1n1 WS   1756559680 16384     0.099
06:52:17.666 ib_pg_f        125949  nvme1n1 WS   1731134528 16384     0.100
06:52:17.666 ib_pg_f        125949  nvme1n1 WS   1756559776 16384     0.110
06:52:17.666 ib_pg_f        125949  nvme1n1 WS   1757765152 16384     0.111
06:52:17.666 ib_pg_f        125949  nvme1n1 WS   1756546752 16384     0.117
06:52:17.666 ib_pg_f        125949  nvme1n1 WS   1757765472 16384     0.112
06:52:17.666 ib_pg_f        125949  nvme1n1 WS   1756546944 16384     0.109
06:52:17.666 ib_pg_f        125949  nvme1n1 WS   1731137248 16384     0.104
06:52:17.666 ib_pg_f        125949  nvme1n1 WS   1756546976 16384     0.110
06:52:17.666 ib_pg_f        125949  nvme1n1 WS   1731137216 16384     0.110
06:52:17.666 ib_pg_f        125949  nvme1n1 WS   1756547008 16384     0.109
06:52:17.666 ib_pg_f        125949  nvme1n1 WS   1757765600 16384     0.110
06:52:17.666 ib_pg_f        125949  nvme1n1 WS   1756547040 16384     0.110
06:52:17.697 kworker        1817148 nvme0n1 WM   2099224    4096      1.143
06:52:17.697 kworker        1817148 nvme0n1 WM   6310376    4096      1.160
06:52:17.697 kworker        1817148 nvme0n1 WM   6310504    4096      1.162
06:52:17.697 kworker        1817148 nvme0n1 WM   2103000    4096      1.166
06:52:17.697 kworker        1817148 nvme0n1 WM   6309888    4096      1.168
06:52:17.697 kworker        1817148 nvme0n1 WM   10488672   4096      1.168
06:52:17.697 kworker        1817148 nvme0n1 WM   12330120   4096      1.170
06:52:17.697 kworker        1817148 nvme0n1 WM   35653672   4096      1.172
06:52:18.538 ib_log_        125949  nvme1n1 WS   1756069888 4096      0.058
06:52:18.628 nvme           1970362 Unknown N    -1         512       0.027
06:52:19.631 nvme           1970371 Unknown N    -1         512       0.079
06:52:20.070 ib_log_        125934  nvme1n1 WS   21246688   8192      0.061
06:52:20.070 ib_log_        125924  nvme1n1 WS   1738281872 8192      0.041
06:52:20.072 ib_log_        125949  nvme1n1 WS   1756070216 4096      0.034
06:52:20.072 ib_log_        125949  nvme1n1 WS   1756070224 8192      0.032
06:52:20.073 jbd2/nv        752     nvme1n1 WSM  877300680  131072    0.148
06:52:20.073 jbd2/nv        752     nvme1n1 WSM  877300936  12288     0.149
06:52:20.073 jbd2/nv        752     nvme1n1 WSM  877300960  4096      0.029
06:52:20.073 ib_log_        125941  nvme1n1 WS   1755990024 4096      0.035
06:52:20.073 ib_log_        125941  nvme1n1 WS   1755990032 8192      0.031
06:52:20.073 jbd2/nv        752     nvme1n1 WSM  877300968  8192      0.030
06:52:20.073 jbd2/nv        752     nvme1n1 WSM  877300984  4096      0.028
06:52:20.149 ib_log_        125949  nvme1n1 WS   1756070224 4096      0.035
06:52:20.163 ib_log_        125934  nvme1n1 WS   21246696   4096      0.037
06:52:20.165 ib_log_        125941  nvme1n1 WS   1755990032 4096      0.036
06:52:20.179 ib_log_        125924  nvme1n1 WS   1738281880 4096      0.033
06:52:20.256 kworker        1696237 nvme1n1 W    1563142800 40960     0.083
06:52:20.256 kworker        1958706 nvme1n1 W    609006952  131072    0.145
06:52:20.257 kworker        1958706 nvme1n1 W    609007208  16384     0.080
06:52:20.257 kworker        1958706 nvme1n1 W    1520377232 131072    0.167
06:52:20.257 kworker        1958706 nvme1n1 W    1520377488 61440     0.204
06:52:20.257 kworker        1958706 nvme1n1 W    609007240  32768     0.223
06:52:20.257 kworker        1958706 nvme1n1 W    1755332608 131072    0.303
06:52:20.257 kworker        1958706 nvme1n1 W    1755332864 90112     0.354
06:52:20.257 kworker        1958706 nvme1n1 W    1561368344 77824     0.401
06:52:20.257 kworker        1958706 nvme1n1 W    609007304  98304     0.458
06:52:20.257 kworker        1958706 nvme1n1 W    609007496  90112     0.512
06:52:20.633 nvme           1970375 Unknown N    -1         512       0.100
06:52:20.662 ib_pg_f        125941  nvme1n1 WS   1740107776 81920     0.107
06:52:20.662 ib_pg_f        125941  nvme1n1 WS   1756423712 16384     0.043
06:52:20.662 ib_pg_f        125941  nvme1n1 WS   1757680832 16384     0.048
06:52:20.662 ib_pg_f        125941  nvme1n1 WS   1757680992 16384     0.050
06:52:20.662 ib_pg_f        125941  nvme1n1 WS   1756419776 16384     0.054
06:52:20.662 ib_pg_f        125941  nvme1n1 WS   1737035936 16384     0.058
06:52:20.662 ib_pg_f        125924  nvme1n1 WS   1740054528 81920     0.098
06:52:20.662 ib_pg_f        125924  nvme1n1 WS   1740414432 16384     0.043
06:52:20.662 ib_pg_f        125924  nvme1n1 WS   1757760192 16384     0.042
06:52:20.662 ib_pg_f        125924  nvme1n1 WS   1757691744 16384     0.052
06:52:20.662 ib_pg_f        125924  nvme1n1 WS   1740106336 16384     0.050
06:52:20.662 ib_pg_f        125924  nvme1n1 WS   1757151392 16384     0.052
06:52:20.665 ib_pg_f        125949  nvme1n1 WS   1756372992 81920     0.101
06:52:20.665 ib_pg_f        125949  nvme1n1 WS   1757782432 16384     0.047
06:52:20.665 ib_pg_f        125949  nvme1n1 WS   1755217736 16384     0.050
06:52:20.665 ib_pg_f        125949  nvme1n1 WS   1757027808 16384     0.049
06:52:20.665 ib_pg_f        125949  nvme1n1 WS   1756551648 16384     0.051
06:52:20.665 ib_pg_f        125949  nvme1n1 WS   1734883488 16384     0.051
06:52:20.706 ib_pg_f        125934  nvme1n1 WS   1737209856 81920     0.096
06:52:20.706 ib_pg_f        125934  nvme1n1 WS   1730409984 16384     0.048
06:52:20.706 ib_pg_f        125934  nvme1n1 WS   1757759936 16384     0.044
06:52:20.706 ib_pg_f        125934  nvme1n1 WS   1757760384 16384     0.046
06:52:20.706 ib_pg_f        125934  nvme1n1 WS   1556363488 16384     0.051
06:52:20.706 ib_pg_f        125934  nvme1n1 WS   1756903584 16384     0.055
06:52:20.730 ib_log_        125924  nvme1n1 WS   1738276864 4096      0.034
06:52:21.433 fwupd          1970395 Unknown N    -1         4096      0.047
06:52:21.443 fwupd          1970395 nvme0n1 RA   2048       4096      0.741
06:52:21.443 fwupd          1970395 nvme0n1 RA   2080       4096      0.623
06:52:21.444 fwupd          1970395 nvme0n1 RA   2112       4096      0.548
06:52:21.444 fwupd          1970395 nvme0n1 RA   2176       4096      0.582
06:52:21.445 fwupd          1970395 nvme0n1 RA   2304       4096      0.528
06:52:21.445 fwupd          1970395 nvme0n1 RA   2560       4096      0.615
06:52:21.446 fwupd          1970395 nvme0n1 RA   3072       4096      0.596
06:52:21.447 fwupd          1970395 nvme0n1 RA   4096       4096      0.612
06:52:21.447 fwupd          1970395 nvme0n1 RA   6144       4096      0.593
06:52:21.448 fwupd          1970395 nvme0n1 RA   10112      4096      0.529
06:52:21.448 fwupd          1970395 nvme0n1 RA   10224      4096      0.550
06:52:21.449 fwupd          1970395 nvme0n1 RA   2056       4096      0.530
06:52:21.450 fwupd          1970395 nvme0n1 RA   10232      4096      0.553
06:52:21.450 fwupd          1970395 nvme0n1 RA   9976       4096      0.547
06:52:21.451 fwupd          1970395 nvme0n1 RA   2072       4096      0.535
06:52:21.451 fwupd          1970395 nvme0n1 RA   2104       4096      0.542
06:52:21.452 fwupd          1970395 nvme0n1 RA   2168       4096      0.539
06:52:21.452 fwupd          1970395 nvme0n1 RA   2064       4096      0.596
06:52:21.462 fwupd          1970395 Unknown N    -1         4096      0.131
06:52:21.464 (udev-w        1970403 nvme0n1 RA   2048       4096      0.582
06:52:21.465 (udev-w        1970403 nvme0n1 RA   2080       4096      0.594
06:52:21.465 (udev-w        1970403 nvme0n1 RA   2112       4096      0.592
06:52:21.466 (udev-w        1970403 nvme0n1 RA   2176       4096      0.538
06:52:21.466 (udev-w        1970403 nvme0n1 RA   2304       4096      0.563
06:52:21.467 (udev-w        1970403 nvme0n1 RA   2560       4096      0.585
06:52:21.467 (udev-w        1970403 nvme0n1 RA   3072       4096      0.537
06:52:21.467 udisksd        1127    Unknown N    -1         4096      0.039
06:52:21.468 udisksd        1127    Unknown N    -1         4096      0.026
06:52:21.468 (udev-w        1970403 nvme0n1 RA   4096       4096      0.544
06:52:21.469 (udev-w        1970403 nvme0n1 RA   6144       4096      0.644
06:52:21.469 (udev-w        1970403 nvme0n1 RA   10112      4096      0.597
06:52:21.470 (udev-w        1970403 nvme0n1 RA   10224      4096      0.580
06:52:21.470 (udev-w        1970403 nvme0n1 RA   2056       4096      0.549
06:52:21.471 (udev-w        1970403 nvme0n1 RA   10232      4096      0.548
06:52:21.472 (udev-w        1970403 nvme0n1 RA   9976       4096      0.573
06:52:21.472 (udev-w        1970403 nvme0n1 RA   2072       4096      0.535
06:52:21.473 (udev-w        1970403 nvme0n1 RA   2104       4096      0.527
06:52:21.473 (udev-w        1970403 nvme0n1 RA   2168       4096      0.580
06:52:21.474 (udev-w        1970403 nvme0n1 RA   2064       4096      0.526
06:52:21.476 probe-b        1970409 nvme0n1 RA   2048       4096      0.583
06:52:21.477 probe-b        1970409 nvme0n1 RA   2080       4096      0.631
06:52:21.478 probe-b        1970409 nvme0n1 RA   2112       4096      0.577
06:52:21.478 probe-b        1970409 nvme0n1 RA   2176       4096      0.517
06:52:21.479 probe-b        1970409 nvme0n1 RA   2304       4096      0.537
06:52:21.479 probe-b        1970409 nvme0n1 RA   2560       4096      0.539
06:52:21.480 probe-b        1970409 nvme0n1 RA   3072       4096      0.529
06:52:21.480 probe-b        1970409 nvme0n1 RA   4096       4096      0.518
06:52:21.481 probe-b        1970409 nvme0n1 RA   6144       4096      0.563
06:52:21.481 probe-b        1970409 nvme0n1 RA   10112      4096      0.553
06:52:21.482 probe-b        1970409 nvme0n1 RA   10224      4096      0.574
06:52:21.483 probe-b        1970409 nvme0n1 RA   2056       4096      0.589
06:52:21.483 probe-b        1970409 nvme0n1 RA   10232      4096      0.522
06:52:21.484 probe-b        1970409 nvme0n1 RA   9976       4096      1.005
06:52:21.485 probe-b        1970409 nvme0n1 RA   2072       4096      0.841
06:52:21.486 probe-b        1970409 nvme0n1 RA   2104       4096      0.552
06:52:21.486 probe-b        1970409 nvme0n1 RA   2168       4096      0.507
06:52:21.487 probe-b        1970409 nvme0n1 RA   2064       4096      0.515
06:52:21.539 ib_log_        125949  nvme1n1 WS   1756069888 4096      0.051
06:52:21.555 ib_log_        125934  nvme1n1 WS   21242704   4096      0.035
06:52:21.585 ib_log_        125941  nvme1n1 WS   1755987968 4096      0.037
06:52:21.636 nvme           1970413 Unknown N    -1         512       0.022
06:52:22.638 nvme           1970418 Unknown N    -1         512       0.094
06:52:23.640 nvme           1970432 Unknown N    -1         512       0.030
06:52:24.154 python3        1784368 nvme1n1 WS   78450688   131072    0.212
06:52:24.154 python3        1784368 nvme1n1 WS   78450944   131072    0.278
06:52:24.154 python3        1784368 nvme1n1 WS   78451200   131072    0.412
06:52:24.154 python3        1784368 nvme1n1 WS   78451456   131072    0.428
06:52:24.154 python3        1784368 nvme1n1 WS   78451712   131072    0.538
06:52:24.154 python3        1784366 nvme1n1 WS   318062592  131072    0.614
06:52:24.154 python3        1784366 nvme1n1 WS   318062848  131072    0.681
06:52:24.154 python3        1784366 nvme1n1 WS   1605431296 131072    0.773
06:52:24.154 python3        1784366 nvme1n1 WS   1605431552 131072    0.841
06:52:24.154 python3        1784366 nvme1n1 WS   1605431808 131072    0.922
06:52:24.154 python3        1784366 nvme1n1 WS   1605432064 131072    1.005
06:52:24.154 python3        1784366 nvme1n1 WS   1605432320 131072    1.082
06:52:24.155 python3        1784366 nvme1n1 WS   1605432576 131072    1.164
06:52:24.155 python3        1784366 nvme1n1 WS   1605432832 131072    1.243
06:52:24.155 python3        1784366 nvme1n1 WS   1605433088 131072    1.312
06:52:24.155 python3        1784366 nvme1n1 WS   1605433344 131072    1.389
06:52:24.155 python3        1784366 nvme1n1 WS   1605433600 131072    1.470
06:52:24.155 python3        1784366 nvme1n1 WS   1605433856 131072    1.550
06:52:24.155 python3        1784366 nvme1n1 WS   1605434112 131072    1.631
06:52:24.155 python3        1784366 nvme1n1 WS   1605434368 131072    1.715
06:52:24.155 python3        1784366 nvme1n1 WS   1605434624 131072    1.795
06:52:24.155 python3        1784366 nvme1n1 WS   318063104  131072    1.929
06:52:24.155 python3        1784366 nvme1n1 WS   318063360  131072    2.007
06:52:24.155 python3        1784366 nvme1n1 WS   318063616  131072    2.087
06:52:24.156 python3        1784366 nvme1n1 WS   318063872  131072    2.164
06:52:24.156 python3        1784366 nvme1n1 WS   318064128  131072    2.241
06:52:24.156 python3        1784366 nvme1n1 WS   318064384  131072    2.298
06:52:24.156 python3        1784366 nvme1n1 WS   318064640  131072    2.373
06:52:24.156 python3        1784366 nvme1n1 WS   318064896  131072    2.450
06:52:24.156 python3        1784366 nvme1n1 WS   318065152  131072    2.527
06:52:24.156 python3        1784366 nvme1n1 WS   318065408  131072    2.603
06:52:24.156 python3        1784366 nvme1n1 WS   318065664  131072    2.681
06:52:24.156 python3        1784366 nvme1n1 WS   318065920  131072    2.754
06:52:24.156 python3        1784368 nvme1n1 WS   78451968   131072    2.885
06:52:24.156 python3        1784368 nvme1n1 WS   78452224   131072    2.957
06:52:24.156 python3        1784368 nvme1n1 WS   78452480   131072    3.018
06:52:24.156 python3        1784368 nvme1n1 WS   78452736   131072    3.096
06:52:24.157 python3        1784368 nvme1n1 WS   78452992   131072    3.165
06:52:24.157 python3        1784368 nvme1n1 WS   78453248   131072    3.241
06:52:24.157 python3        1784368 nvme1n1 WS   78453504   131072    3.318
06:52:24.157 python3        1784368 nvme1n1 WS   78453760   131072    3.392
06:52:24.157 python3        1784368 nvme1n1 WS   78454016   131072    3.466
06:52:24.157 python3        1784368 nvme1n1 WS   78454272   131072    3.542
06:52:24.157 python3        1784366 nvme1n1 WS   1605434880 131072    3.664
06:52:24.157 python3        1784366 nvme1n1 WS   1605435136 131072    3.677
06:52:24.157 python3        1784366 nvme1n1 WS   1605435392 131072    3.754
06:52:24.157 python3        1784366 nvme1n1 WS   1605435648 131072    3.833
06:52:24.157 python3        1784366 nvme1n1 WS   318066176  131072    3.989
06:52:24.157 python3        1784366 nvme1n1 WS   318066432  131072    3.994
06:52:24.157 python3        1784366 nvme1n1 WS   318066688  131072    4.070
06:52:24.158 python3        1784366 nvme1n1 WS   318066944  131072    4.144
06:52:24.158 python3        1784368 nvme1n1 WS   78454528   131072    4.237
06:52:24.158 python3        1784368 nvme1n1 WS   78454784   131072    4.308
06:52:24.158 python3        1784368 nvme1n1 WS   78455040   131072    4.386
06:52:24.158 python3        1784369 nvme1n1 WS   572440576  131072    4.575
06:52:24.158 python3        1784369 nvme1n1 WS   572440832  131072    4.577
06:52:24.158 python3        1784369 nvme1n1 WS   572441088  131072    4.618
06:52:24.158 python3        1784369 nvme1n1 WS   572441344  131072    4.696
06:52:24.158 python3        1784369 nvme1n1 WS   572441600  131072    4.773
06:52:24.158 python3        1784369 nvme1n1 WS   572441856  131072    4.850
06:52:24.158 python3        1784369 nvme1n1 WS   572442112  131072    4.926
06:52:24.158 python3        1784369 nvme1n1 WS   572442368  131072    4.991
06:52:24.159 python3        1784369 nvme1n1 WS   572442624  131072    5.066
06:52:24.159 python3        1784369 nvme1n1 WS   572442880  131072    5.142
06:52:24.159 python3        1784369 nvme1n1 WS   572443136  131072    5.220
06:52:24.159 python3        1784369 nvme1n1 WS   572443392  131072    5.299
06:52:24.159 python3        1784369 nvme1n1 WS   572443648  131072    5.378
06:52:24.159 python3        1784369 nvme1n1 WS   572443904  131072    5.455
06:52:24.159 python3        1784369 nvme1n1 WS   572444160  131072    5.531
06:52:24.159 python3        1784369 nvme1n1 WS   572444416  131072    5.596
06:52:24.159 python3        1784369 nvme1n1 WS   572444672  131072    5.676
06:52:24.159 python3        1784369 nvme1n1 WS   572444928  131072    5.756
06:52:24.159 python3        1784369 nvme1n1 WS   1605439488 131072    5.833
06:52:24.159 python3        1784369 nvme1n1 WS   1605439744 131072    5.906
06:52:24.159 python3        1784369 nvme1n1 WS   1605440000 131072    5.985
06:52:24.160 python3        1784369 nvme1n1 WS   1605440256 131072    6.062
06:52:24.160 python3        1784369 nvme1n1 WS   1605440512 131072    6.138
06:52:24.160 python3        1784369 nvme1n1 WS   1605440768 131072    6.215
06:52:24.160 python3        1784369 nvme1n1 WS   1605441024 131072    6.293
06:52:24.160 python3        1784369 nvme1n1 WS   1605441280 131072    6.355
06:52:24.160 python3        1784369 nvme1n1 WS   1605441536 131072    6.437
06:52:24.160 python3        1784369 nvme1n1 WS   1605441792 131072    6.505
06:52:24.160 python3        1784369 nvme1n1 WS   1605442048 131072    6.580
06:52:24.160 python3        1784369 nvme1n1 WS   1605442304 131072    6.657
06:52:24.160 python3        1784367 nvme1n1 WS   1605443584 131072    6.742
06:52:24.160 python3        1784367 nvme1n1 WS   1605443840 131072    6.815
06:52:24.160 python3        1784369 nvme1n1 WS   1605442560 131072    6.932
06:52:24.161 python3        1784369 nvme1n1 WS   1605442816 131072    7.009
06:52:24.161 python3        1784369 nvme1n1 WS   1605443072 131072    7.087
06:52:24.161 python3        1784369 nvme1n1 WS   1605443328 131072    7.150
06:52:24.161 python3        1784369 nvme1n1 WS   1605451776 131072    7.227
06:52:24.161 python3        1784369 nvme1n1 WS   1605452032 131072    7.303
06:52:24.161 python3        1784367 nvme1n1 WS   1605444096 131072    7.406
06:52:24.161 python3        1784367 nvme1n1 WS   1605444352 131072    7.483
06:52:24.161 python3        1784367 nvme1n1 WS   1605444608 131072    7.559
06:52:24.161 python3        1784367 nvme1n1 WS   1605444864 131072    7.635
06:52:24.161 python3        1784367 nvme1n1 WS   1605445120 131072    7.713
06:52:24.161 python3        1784367 nvme1n1 WS   1605445376 131072    7.773
06:52:24.161 python3        1784367 nvme1n1 WS   1605445632 131072    7.851
06:52:24.162 python3        1784367 nvme1n1 WS   1605445888 131072    7.931
06:52:24.162 python3        1784367 nvme1n1 WS   1605446144 131072    8.009
06:52:24.162 python3        1784367 nvme1n1 WS   1605446400 131072    8.083
06:52:24.162 python3        1784367 nvme1n1 WS   1605446656 131072    8.162
06:52:24.162 python3        1784367 nvme1n1 WS   1605446912 131072    8.236
06:52:24.162 python3        1784367 nvme1n1 WS   1605447168 131072    8.312
06:52:24.162 python3        1784366 nvme1n1 WS   1622507008 131072    8.416
06:52:24.162 python3        1784366 nvme1n1 WS   1622507264 90112     8.465
06:52:24.162 python3        1784368 nvme1n1 WS   1605447680 131072    8.591
06:52:24.162 python3        1784368 nvme1n1 WS   1605447936 131072    8.626
06:52:24.162 python3        1784368 nvme1n1 WS   1605448192 131072    8.687
06:52:24.162 python3        1784368 nvme1n1 WS   1622512128 131072    8.763
06:52:24.162 python3        1784368 nvme1n1 WS   1605448448 131072    8.841
06:52:24.162 python3        1784368 nvme1n1 WS   1622512384 90112     8.895
06:52:24.163 python3        1784368 nvme1n1 WS   1605448704 131072    8.974
06:52:24.163 python3        1784368 nvme1n1 WS   1605448960 131072    9.051
06:52:24.163 python3        1784368 nvme1n1 WS   1605449216 131072    9.124
06:52:24.163 python3        1784368 nvme1n1 WS   1605449472 131072    9.184
06:52:24.163 python3        1784368 nvme1n1 WS   1605449728 131072    9.260
06:52:24.163 python3        1784368 nvme1n1 WS   1605449984 131072    9.338
06:52:24.163 python3        1784368 nvme1n1 WS   1605450240 131072    9.412
06:52:24.163 python3        1784368 nvme1n1 WS   1605450496 131072    9.490
06:52:24.163 python3        1784368 nvme1n1 WS   1605450752 131072    9.564
06:52:24.163 python3        1784368 nvme1n1 WS   1605451008 131072    9.662
06:52:24.163 python3        1784368 nvme1n1 WS   1605451264 131072    9.726
06:52:24.163 python3        1784368 nvme1n1 WS   1605451520 131072    9.790
06:52:24.164 python3        1784368 nvme1n1 WS   1605459968 131072    9.868
06:52:24.164 python3        1784368 nvme1n1 WS   1605460224 131072    9.950
06:52:24.164 python3        1784367 nvme1n1 WS   1605447424 131072   10.088
06:52:24.164 python3        1784367 nvme1n1 WS   1605455872 131072   10.164
06:52:24.164 python3        1784367 nvme1n1 WS   1605456128 131072   10.241
06:52:24.164 python3        1784369 nvme1n1 WS   1622515200 131072   10.308
06:52:24.164 python3        1784369 nvme1n1 WS   1622515456 90112    10.353
06:52:24.164 python3        1784367 nvme1n1 WS   66224128   131072   10.392
06:52:24.164 python3        1784367 nvme1n1 WS   66224384   131072   10.457
06:52:24.164 python3        1784367 nvme1n1 WS   66224640   131072   10.531
06:52:24.164 python3        1784367 nvme1n1 WS   66224896   131072   10.605
06:52:24.164 python3        1784367 nvme1n1 WS   66225152   131072   10.682
06:52:24.164 python3        1784367 nvme1n1 WS   66225408   131072   10.762
06:52:24.165 python3        1784367 nvme1n1 WS   66225664   131072   10.836
06:52:24.165 python3        1784367 nvme1n1 WS   66225920   131072   10.891
06:52:24.165 python3        1784367 nvme1n1 WS   1622516224 131072   11.028
06:52:24.165 python3        1784367 nvme1n1 WS   1622516480 90112    11.073
06:52:24.165 python3        1784367 nvme1n1 WS   66226176   131072   11.109
06:52:24.165 python3        1784367 nvme1n1 WS   66226432   131072   11.183
06:52:24.165 python3        1784367 nvme1n1 WS   66226688   131072   11.261
06:52:24.165 python3        1784367 nvme1n1 WS   66226944   131072   11.340
06:52:24.165 python3        1784367 nvme1n1 WS   66227200   131072   11.413
06:52:24.165 python3        1784367 nvme1n1 WS   66227456   131072   11.488
06:52:24.165 python3        1784367 nvme1n1 WS   66227712   131072   11.573
06:52:24.165 python3        1784367 nvme1n1 WS   66227968   131072   11.635
06:52:24.165 python3        1784367 nvme1n1 WS   66228224   131072   11.711
06:52:24.166 python3        1784367 nvme1n1 WS   66228480   131072   11.789
06:52:24.626 amoprof        1787544 nvme1n1 W    612631456  4096      0.056
