TIMESTAMP    COMM           PID     DISK    T    SECTOR     BYTES   LAT(ms)
00:54:07.762 nvme           1498527 Unknown N    -1         512       0.086
00:54:08.765 nvme           1498592 Unknown N    -1         512       0.041
00:54:08.766 jbd2/nv        752     nvme1n1 WSM  877530056  131072    0.162
00:54:08.766 jbd2/nv        752     nvme1n1 WSM  877530312  16384     0.165
00:54:08.766 jbd2/nv        752     nvme1n1 WSM  877530344  4096      0.030
00:54:09.767 nvme           1498602 Unknown N    -1         512       0.094
00:54:10.769 nvme           1498611 Unknown N    -1         512       0.038
00:54:10.871 jbd2/nv        391     nvme0n1 WSM  4300128    32768     1.137
00:54:10.872 jbd2/nv        391     nvme0n1 WSM  4300192    4096      0.868
00:54:11.771 nvme           1498621 Unknown N    -1         512       0.078
00:54:12.773 nvme           1498625 Unknown N    -1         512       0.029
00:54:13.776 nvme           1498639 Unknown N    -1         512       0.032
00:54:13.975 jbd2/nv        752     nvme1n1 WSM  877530352  12288     0.059
00:54:13.975 jbd2/nv        752     nvme1n1 WSM  877530376  4096      0.030
00:54:14.177 kworker        1461926 nvme1n1 W    587558816  49152     0.124
00:54:14.177 kworker        1461926 nvme1n1 W    587800576  45056     0.148
00:54:14.177 kworker        1461926 nvme1n1 W    1667214648 131072    0.222
00:54:14.177 kworker        1461926 nvme1n1 W    1667214904 61440     0.258
00:54:14.177 kworker        1461926 nvme1n1 W    587800664  32768     0.276
00:54:14.177 kworker        1461926 nvme1n1 W    1667219968 131072    0.351
00:54:14.177 kworker        1461926 nvme1n1 W    1667220224 90112     0.405
00:54:14.177 kworker        1461926 nvme1n1 W    844761352  77824     0.451
00:54:14.177 kworker        1461926 nvme1n1 W    587800728  45056     0.279
00:54:14.177 kworker        1473701 nvme0n1 W    37875008   8192      0.988
00:54:14.778 nvme           1498649 Unknown N    -1         512       0.031
00:54:15.780 nvme           1498658 Unknown N    -1         512       0.028
00:54:16.782 nvme           1498668 Unknown N    -1         512       0.034
00:54:17.769 amoprof        1271097 nvme1n1 W    587519264  4096      0.059
