TIMESTAMP    COMM           PID     DISK    T    SECTOR     BYTES   LAT(ms)
04:31:24.171 nvme           1741046 Unknown N    -1         512       0.081
04:31:24.576 kworker        1736627 nvme1n1 W    1625054640 4096      0.057
04:31:24.576 jbd2/nv        752     nvme1n1 WSM  877939944  122880    0.140
04:31:24.576 jbd2/nv        752     nvme1n1 WSM  877940184  4096      0.029
04:31:25.174 nvme           1741098 Unknown N    -1         512       0.031
04:31:26.176 nvme           1741099 Unknown N    -1         512       0.028
04:31:27.178 nvme           1741100 Unknown N    -1         512       0.075
04:31:28.181 nvme           1741101 Unknown N    -1         512       0.072
04:31:29.184 nvme           1741102 Unknown N    -1         512       0.027
04:31:29.697 kworker        1736627 nvme1n1 W    1641455720 8192      0.100
04:31:29.697 kworker        1736627 nvme1n1 W    595975976  90112     0.147
04:31:29.697 kworker        1736627 nvme1n1 W    600246648  131072    0.226
04:31:29.697 kworker        1736627 nvme1n1 W    600246904  61440     0.264
04:31:29.697 kworker        1736627 nvme1n1 W    595976152  20480     0.276
04:31:29.697 kworker        1736627 nvme1n1 W    600248320  12288     0.285
04:31:29.697 kworker        1736627 nvme1n1 W    600247024  131072    0.360
04:31:29.697 kworker        1736627 nvme1n1 W    600247280  90112     0.414
04:31:29.697 kworker        1736627 nvme1n1 W    1553973064 77824     0.245
04:31:29.697 kworker        1736627 nvme1n1 W    600248344  45056     0.270
04:31:30.186 nvme           1741103 Unknown N    -1         512       0.031
04:31:30.377 jbd2/nv        752     nvme1n1 WSM  877940192  73728     0.112
04:31:30.377 jbd2/nv        752     nvme1n1 WSM  877940336  4096      0.029
04:31:31.188 nvme           1741104 Unknown N    -1         512       0.031
04:31:32.190 nvme           1741105 Unknown N    -1         512       0.074
04:31:33.193 nvme           1741106 Unknown N    -1         512       0.075
04:31:34.178 amoprof        1271097 nvme1n1 W    596085016  4096      0.053
