TIMESTAMP    COMM           PID     DISK    T    SECTOR     BYTES   LAT(ms)
02:25:04.295 nvme           1623395 Unknown N    -1         512       0.034
02:25:05.297 nvme           1623450 Unknown N    -1         512       0.077
02:25:06.300 nvme           1623454 Unknown N    -1         512       0.030
02:25:06.344 jbd2/nv        752     nvme1n1 WSM  877705672  106496    0.140
02:25:06.344 jbd2/nv        752     nvme1n1 WSM  877705880  4096      0.031
02:25:06.976 kworker        1578934 nvme1n1 W    1639455328 8192      0.061
02:25:06.976 kworker        1578934 nvme1n1 W    591827048  45056     0.080
02:25:07.302 nvme           1623458 Unknown N    -1         512       0.070
02:25:08.305 nvme           1623462 Unknown N    -1         512       0.030
02:25:09.307 nvme           1623466 Unknown N    -1         512       0.079
02:25:10.309 nvme           1623470 Unknown N    -1         512       0.033
02:25:10.443 journal        229470  nvme0n1 WS   7337984    4096      0.550
02:25:10.444 journal        229470  nvme0n1 WS   8130808    131072    1.074
02:25:10.444 journal        229470  nvme0n1 WS   8131832    131072    1.135
02:25:10.444 journal        229470  nvme0n1 WS   8129528    131072    1.299
02:25:10.444 journal        229470  nvme0n1 WS   8134392    131072    1.643
02:25:10.445 journal        229470  nvme0n1 WS   8137208    131072    1.862
02:25:10.445 journal        229470  nvme0n1 WS   8133624    131072    2.023
02:25:10.445 journal        229470  nvme0n1 WS   36023392   16384     2.023
02:25:10.445 journal        229470  nvme0n1 WS   8132344    262144    2.211
02:25:10.445 journal        229470  nvme0n1 WS   36023808   262144    2.569
02:25:10.445 journal        229470  nvme0n1 WS   8135416    262144    2.645
02:25:10.446 journal        229470  nvme0n1 WS   36024576   131072    2.815
02:25:10.446 journal        229470  nvme0n1 WS   36025856   131072    3.022
02:25:10.446 journal        229470  nvme0n1 WS   36028416   131072    3.056
02:25:10.446 journal        229470  nvme0n1 WS   36029440   131072    3.158
02:25:10.446 journal        229470  nvme0n1 WS   8142840    262144    3.579
02:25:10.446 journal        229470  nvme0n1 WS   36029952   131072    0.933
02:25:10.446 journal        229470  nvme0n1 WS   36167976   4096      0.847
02:25:10.447 journal        229470  nvme0n1 WS   36167520   16384     0.990
02:25:10.447 journal        229470  nvme0n1 WS   36167072   16384     0.999
02:25:10.447 journal        229470  nvme0n1 WS   36166400   131072    1.094
02:25:10.447 journal        229470  nvme0n1 WS   36168384   32768     1.009
02:25:10.447 journal        229470  nvme0n1 WS   36169088   65536     1.074
02:25:10.447 journal        229470  nvme0n1 WS   36174336   65536     1.244
02:25:10.447 journal        229470  nvme0n1 WS   36315792   40960     1.292
02:25:10.447 journal        229470  nvme0n1 WS   36177280   65536     1.304
02:25:10.447 journal        229470  nvme0n1 WS   36315136   131072    1.434
02:25:10.447 journal        229470  nvme0n1 WS   36316928   131072    0.874
02:25:10.447 journal        229470  nvme0n1 WS   36322384   4096      0.867
02:25:10.448 journal        229470  nvme0n1 WS   36323704   4096      0.937
02:25:10.448 journal        229470  nvme0n1 WS   36321792   131072    0.992
02:25:10.448 journal        229470  nvme0n1 WS   36323072   16384     0.984
02:25:10.448 journal        229470  nvme0n1 WS   36323968   65536     1.000
02:25:10.448 journal        229470  nvme0n1 WS   36324224   65536     1.024
02:25:10.448 jbd2/nv        391     nvme0n1 WSM  4318368    53248     0.514
02:25:10.449 jbd2/nv        391     nvme0n1 WSM  4318472    4096      0.416
02:25:10.449 journal        229470  nvme0n1 WS   7337984    4096      0.329
02:25:10.449 jbd2/nv        391     nvme0n1 WSM  4318480    8192      0.369
02:25:10.450 jbd2/nv        391     nvme0n1 WSM  4318496    4096      0.383
02:25:11.072 kworker        1578934 nvme1n1 W    1625053280 8192      0.056
02:25:11.311 nvme           1623475 Unknown N    -1         512       0.045
02:25:12.096 kworker        1578934 nvme1n1 W    591827136  8192      0.055
02:25:12.096 jbd2/nv        752     nvme1n1 WSM  877705888  65536     0.090
02:25:12.096 jbd2/nv        752     nvme1n1 WSM  877706016  4096      0.030
02:25:12.096 kworker        1578934 nvme1n1 W    591827152  45056     0.093
02:25:12.097 kworker        1578934 nvme1n1 W    1499624744 131072    0.174
02:25:12.097 kworker        1578934 nvme1n1 W    1499625000 61440     0.212
02:25:12.097 kworker        1578934 nvme1n1 W    591827240  32768     0.233
02:25:12.097 kworker        1578934 nvme1n1 W    1499605680 131072    0.311
02:25:12.097 kworker        1613847 nvme0n1 WM   2101384    4096      0.609
02:25:12.097 kworker        1613847 nvme0n1 WM   2102592    4096      0.635
02:25:12.097 kworker        1613847 nvme0n1 WM   2103000    4096      0.637
02:25:12.097 kworker        1613847 nvme0n1 WM   6310504    4096      0.638
02:25:12.097 kworker        1613847 nvme0n1 WM   9089776    4096      0.651
02:25:12.097 kworker        1613847 nvme0n1 WM   6310376    4096      0.656
02:25:12.097 kworker        1613847 nvme0n1 WM   10488672   4096      0.660
02:25:12.097 kworker        1613847 nvme0n1 WM   18876432   4096      0.661
02:25:12.097 kworker        1578934 nvme1n1 W    1499605936 90112     0.365
02:25:12.097 kworker        1613847 nvme0n1 WM   14705952   4096      0.673
02:25:12.097 kworker        1613847 nvme0n1 WM   35653696   4096      0.675
02:25:12.097 kworker        1613847 nvme0n1 WM   2099208    12288     0.687
02:25:12.097 kworker        1578934 nvme1n1 W    1486614680 77824     0.414
02:25:12.097 kworker        1578934 nvme1n1 W    591827304  45056     0.440
02:25:12.314 nvme           1623479 Unknown N    -1         512       0.043
02:25:13.316 nvme           1623483 Unknown N    -1         512       0.027
02:25:14.145 kworker        1578934 nvme0n1 W    37875544   8192      0.541
02:25:14.302 amoprof        1271097 nvme1n1 W    1535111120 4096      0.054
