TIMESTAMP    COMM           PID     DISK    T    SECTOR     BYTES   LAT(ms)
08:24:34.400 nvme           2141858 Unknown N    -1         512       0.034
08:24:35.402 nvme           2141910 Unknown N    -1         512       0.034
08:24:35.404 jbd2/nv        752     nvme1n1 WSM  878248200  4096      0.057
08:24:35.404 jbd2/nv        752     nvme1n1 WSM  878247944  131072    0.153
08:24:35.404 jbd2/nv        752     nvme1n1 WSM  878248208  4096      0.034
08:24:36.405 nvme           2141917 Unknown N    -1         512       0.032
08:24:37.024 kworker        2132741 nvme1n1 W    1623749656 8192      0.056
08:24:37.407 nvme           2141921 Unknown N    -1         512       0.033
08:24:38.409 nvme           2141929 Unknown N    -1         512       0.032
08:24:39.412 nvme           2141930 Unknown N    -1         512       0.030
08:24:40.414 nvme           2141931 Unknown N    -1         512       0.033
08:24:41.065 pool-ud        1127    Unknown N    -1         4096      0.051
08:24:41.065 pool-ud        1127    Unknown N    -1         512       0.013
08:24:41.065 pool-ud        1127    Unknown N    -1         4096      0.033
08:24:41.065 pool-ud        1127    Unknown N    -1         512       0.014
08:24:41.121 kworker        2132741 nvme0n1 W    38458632   4096      1.016
08:24:41.121 kworker        2111994 nvme0n1 W    36981248   4096      1.028
08:24:41.122 kworker        1696237 nvme0n1 W    8129016    65536     1.532
08:24:41.122 kworker        1696237 nvme0n1 W    8133368    131072    1.713
08:24:41.122 kworker        1696237 nvme0n1 W    8130040    131072    1.780
08:24:41.122 kworker        1696237 nvme0n1 W    8134904    131072    1.780
08:24:41.122 kworker        1696237 nvme0n1 W    8135672    131072    1.998
08:24:41.123 kworker        1696237 nvme0n1 W    8143096    131072    1.423
08:24:41.123 kworker        1696237 nvme0n1 W    8129528    262144    2.956
08:24:41.123 kworker        1696237 nvme0n1 W    8136696    131072    2.251
08:24:41.123 kworker        1696237 nvme0n1 W    36026368   131072    1.408
08:24:41.124 kworker        1696237 nvme0n1 W    36029440   131072    1.889
08:24:41.124 kworker        1696237 nvme0n1 W    36167184   4096      0.654
08:24:41.124 kworker        1696237 nvme0n1 W    36025856   262144    2.443
08:24:41.124 kworker        1696237 nvme0n1 W    36166656   131072    1.720
08:24:41.124 kworker        1696237 nvme0n1 W    36168072   4096      0.970
08:24:41.124 kworker        1696237 nvme0n1 W    36029952   131072    1.912
08:24:41.125 kworker        1696237 nvme0n1 W    36023808   262144    2.949
08:24:41.125 kworker        1696237 nvme0n1 W    36167552   65536     1.469
08:24:41.125 kworker        1696237 nvme0n1 W    36168520   4096      0.796
08:24:41.125 kworker        1696237 nvme0n1 W    36177152   16384     0.949
08:24:41.126 kworker        1696237 nvme0n1 W    36174464   65536     1.527
08:24:41.126 kworker        1696237 nvme0n1 W    36322440   4096      0.694
08:24:41.126 kworker        1696237 nvme0n1 W    36177280   65536     1.569
08:24:41.126 kworker        1696237 nvme0n1 W    36315792   40960     1.314
08:24:41.126 kworker        1696237 nvme0n1 W    36315136   131072    1.879
08:24:41.126 kworker        1696237 nvme0n1 W    36323136   16384     0.838
08:24:41.127 kworker        1696237 nvme0n1 W    36321792   131072    1.810
08:24:41.127 kworker        1696237 nvme0n1 W    36317184   131072    1.997
08:24:41.127 kworker        1696237 nvme0n1 W    36236800   16384     0.725
08:24:41.127 kworker        1696237 nvme0n1 W    36323968   65536     1.458
08:24:41.127 kworker        1696237 nvme0n1 W    7337984    4096      0.672
08:24:41.127 kworker        1696237 nvme0n1 W    36231424   131072    1.830
08:24:41.128 kworker        1696237 nvme0n1 W    36236896   16384     1.231
08:24:41.128 kworker        1696237 nvme0n1 W    36232960   131072    2.162
08:24:41.417 nvme           2141939 Unknown N    -1         512       0.028
08:24:41.615 jbd2/nv        752     nvme1n1 WSM  878248216  28672     0.074
08:24:41.615 jbd2/nv        752     nvme1n1 WSM  878248272  4096      0.032
08:24:42.145 kworker        1696237 nvme1n1 W    616866000  98304     0.168
08:24:42.145 kworker        1696237 nvme1n1 W    1580417536 131072    0.238
08:24:42.145 kworker        1696237 nvme1n1 W    1580417792 61440     0.274
08:24:42.145 kworker        1696237 nvme1n1 W    616866192  32768     0.295
08:24:42.145 kworker        1696237 nvme1n1 W    1591280128 131072    0.371
08:24:42.145 kworker        1696237 nvme1n1 W    1591280384 90112     0.424
08:24:42.145 kworker        1696237 nvme1n1 W    1731476152 77824     0.470
08:24:42.145 kworker        1696237 nvme1n1 W    616866256  45056     0.496
08:24:42.419 nvme           2141940 Unknown N    -1         512       0.031
08:24:43.422 nvme           2141942 Unknown N    -1         512       0.028
08:24:44.407 amoprof        1975872 nvme1n1 W    613243424  4096      0.057
