TIMESTAMP    COMM           PID     DISK    T    SECTOR     BYTES   LAT(ms)
08:17:54.460 nvme           2133547 Unknown N    -1         512       0.033
08:17:55.462 nvme           2133602 Unknown N    -1         512       0.083
08:17:56.465 nvme           2133612 Unknown N    -1         512       0.034
08:17:57.467 nvme           2133616 Unknown N    -1         512       0.030
08:17:57.537 jbd2/nv        752     nvme1n1 WSM  878219536  131072    0.183
08:17:57.537 jbd2/nv        752     nvme1n1 WSM  878219792  4096      0.030
08:17:57.665 kworker        1696237 nvme1n1 W    1614405168 110592    0.152
08:17:57.665 kworker        1696237 nvme1n1 W    1614405384 126976    0.206
08:17:57.665 kworker        1696237 nvme1n1 W    1618178048 53248     0.237
08:17:58.469 nvme           2133631 Unknown N    -1         512       0.079
08:17:59.472 nvme           2133646 Unknown N    -1         512       0.029
08:18:00.474 nvme           2133650 Unknown N    -1         512       0.083
08:18:01.476 nvme           2133657 Unknown N    -1         512       0.032
08:18:02.479 nvme           2133664 Unknown N    -1         512       0.090
08:18:02.705 jbd2/nv        752     nvme1n1 WSM  878219800  40960     0.087
08:18:02.705 jbd2/nv        752     nvme1n1 WSM  878219880  4096      0.032
08:18:02.785 kworker        2111994 nvme1n1 W    613052192  53248     0.127
08:18:02.785 kworker        2111994 nvme1n1 W    1580311040 131072    0.200
08:18:02.785 kworker        2111994 nvme1n1 W    1580311296 61440     0.234
08:18:02.785 kworker        2111994 nvme1n1 W    613052296  32768     0.253
08:18:02.785 kworker        2111994 nvme1n1 W    1580255208 131072    0.331
08:18:02.785 kworker        2111994 nvme1n1 W    1580255464 90112     0.387
08:18:02.785 kworker        2111994 nvme1n1 W    722574424  77824     0.431
08:18:02.785 kworker        2111994 nvme1n1 W    613052360  28672     0.448
08:18:02.785 kworker        2111994 nvme1n1 W    1618182144 16384     0.111
08:18:02.785 kworker        2111994 nvme1n1 W    722574576  81920     0.158
08:18:02.785 kworker        2111994 nvme1n1 W    722403576  69632     0.203
08:18:02.785 kworker        2111994 nvme1n1 W    1618182176 65536     0.242
08:18:03.481 nvme           2133679 Unknown N    -1         512       0.088
08:18:04.467 amoprof        1975872 nvme1n1 W    616850728  4096      0.053
