TIMESTAMP    COMM           PID     DISK    T    SECTOR     BYTES   LAT(ms)
10:04:21.562 nvme           2271668 Unknown N    -1         512       0.034
10:04:22.382 jbd2/nv        752     nvme1n1 WSM  876903952  131072    0.163
10:04:22.382 jbd2/nv        752     nvme1n1 WSM  876904208  81920     0.184
10:04:22.382 jbd2/nv        752     nvme1n1 WSM  876904368  4096      0.030
10:04:22.565 nvme           2271724 Unknown N    -1         512       0.030
10:04:22.816 kworker        2265329 nvme1n1 W    1351344640 4096      0.050
10:04:23.567 nvme           2271738 Unknown N    -1         512       0.040
10:04:24.570 nvme           2271756 Unknown N    -1         512       0.105
10:04:25.572 nvme           2271760 Unknown N    -1         512       0.033
10:04:26.575 nvme           2271770 Unknown N    -1         512       0.074
10:04:27.437 jbd2/nv        752     nvme1n1 WSM  876904376  98304     0.133
10:04:27.437 jbd2/nv        752     nvme1n1 WSM  876904568  4096      0.030
10:04:27.577 nvme           2271775 Unknown N    -1         512       0.075
10:04:27.937 kworker        2236122 nvme1n1 W    11124528   4096      0.102
10:04:27.937 kworker        2236122 nvme1n1 W    21249360   8192      0.119
10:04:27.937 kworker        2236122 nvme1n1 W    21249104   131072    0.187
10:04:27.937 kworker        2236122 nvme1n1 W    1312551592 94208     0.240
10:04:27.937 kworker        2236122 nvme1n1 W    723786704  131072    0.318
10:04:27.937 kworker        2236122 nvme1n1 W    723786960  61440     0.355
10:04:27.937 kworker        2236122 nvme1n1 W    1312551776 32768     0.375
10:04:27.937 kworker        2236122 nvme1n1 W    723787080  131072    0.457
10:04:27.937 kworker        2236122 nvme1n1 W    723787336  90112     0.275
10:04:27.937 kworker        2236122 nvme1n1 W    1738466968 77824     0.334
10:04:27.937 kworker        2236122 nvme1n1 W    1312551840 45056     0.348
10:04:28.580 nvme           2271789 Unknown N    -1         512       0.032
10:04:29.582 nvme           2271804 Unknown N    -1         512       0.076
10:04:30.584 nvme           2271808 Unknown N    -1         512       0.033
10:04:31.570 amoprof        2179165 nvme1n1 W    617006840  4096      0.058
