TIMESTAMP    COMM           PID     DISK    T    SECTOR     BYTES   LAT(ms)
10:29:01.779 ib_log_        125924  nvme1n1 WS   1756041160 4096      0.055
10:29:01.779 ib_log_        125924  nvme1n1 WS   1756037120 4096      0.039
10:29:02.506 ib_pg_f        125924  nvme1n1 WS   1740054528 16384     0.057
10:29:02.506 ib_pg_f        125924  nvme1n1 WS   1757760160 16384     0.043
10:29:02.612 nvme           534068  Unknown N    -1         512       0.028
10:29:02.779 ib_log_        125924  nvme1n1 WS   1756037120 4096      0.052
10:29:03.615 nvme           534132  Unknown N    -1         512       0.075
10:29:04.618 nvme           534136  Unknown N    -1         512       0.086
10:29:05.057 jbd2/nv        752     nvme1n1 WSM  878240720  131072    0.183
10:29:05.057 jbd2/nv        752     nvme1n1 WSM  878240976  77824     0.184
10:29:05.057 jbd2/nv        752     nvme1n1 WSM  878241128  4096      0.037
10:29:05.621 nvme           534146  Unknown N    -1         512       0.069
10:29:06.623 nvme           534154  Unknown N    -1         512       0.072
10:29:07.625 nvme           534174  Unknown N    -1         512       0.088
10:29:08.245 jbd2/nv        391     nvme0n1 WSM  4208592    28672     0.837
10:29:08.246 jbd2/nv        391     nvme0n1 WSM  4208648    4096      0.503
10:29:08.628 nvme           534184  Unknown N    -1         512       0.083
10:29:08.641 kworker        509414  nvme0n1 WM   2099200    8192      0.548
10:29:08.641 kworker        509414  nvme0n1 WM   2103000    4096      0.559
10:29:08.641 kworker        509414  nvme0n1 WM   6309888    4096      0.561
10:29:08.641 kworker        509414  nvme0n1 WM   6310376    4096      0.579
10:29:08.641 kworker        509414  nvme0n1 WM   6310504    4096      0.581
10:29:08.641 kworker        509414  nvme0n1 WM   9089776    4096      0.583
10:29:08.641 kworker        509414  nvme0n1 WM   10488672   4096      0.584
10:29:08.641 kworker        509414  nvme0n1 WM   12326896   4096      0.585
10:29:08.641 kworker        509414  nvme0n1 WM   14682120   4096      0.586
10:29:09.631 nvme           534195  Unknown N    -1         512       0.074
10:29:10.297 ib_log_        125924  nvme1n1 WS   1756041160 4096      0.056
10:29:10.297 ib_log_        125924  nvme1n1 WS   1756041160 4096      0.029
10:29:10.297 connect        125924  nvme1n1 WS   1731543776 4096      0.036
10:29:10.298 jbd2/nv        752     nvme1n1 WSM  878241136  49152     0.077
10:29:10.298 jbd2/nv        752     nvme1n1 WSM  878241232  4096      0.029
10:29:10.298 ib_log_        125924  nvme1n1 WS   1756041160 4096      0.027
10:29:10.299 ib_log_        125924  nvme1n1 WS   1756041160 4096      0.029
10:29:10.299 ib_log_        125924  nvme1n1 WS   1756041168 8192      0.031
10:29:10.299 jbd2/nv        752     nvme1n1 WSM  878241240  8192      0.032
10:29:10.299 jbd2/nv        752     nvme1n1 WSM  878241256  4096      0.032
10:29:10.299 jbd2/nv        752     nvme1n1 WSM  878241264  20480     0.043
10:29:10.299 jbd2/nv        752     nvme1n1 WSM  878241304  4096      0.027
10:29:10.299 connect        125924  nvme1n1 WS   1756663560 114688    0.133
10:29:10.299 jbd2/nv        752     nvme1n1 WSM  878241312  16384     0.040
10:29:10.299 jbd2/nv        752     nvme1n1 WSM  878241344  4096      0.027
10:29:10.300 connect        125924  nvme1n1 WS   1756707072 16384     0.044
10:29:10.300 jbd2/nv        752     nvme1n1 WSM  878241352  16384     0.041
10:29:10.300 jbd2/nv        752     nvme1n1 WSM  878241384  4096      0.028
10:29:10.300 ib_log_        125924  nvme1n1 WS   1756041176 12288     0.043
10:29:10.300 jbd2/nv        752     nvme1n1 WSM  878241392  8192      0.031
10:29:10.300 jbd2/nv        752     nvme1n1 WSM  878241408  4096      0.028
10:29:10.300 ib_log_        125924  nvme1n1 WS   1756041184 4096      0.029
10:29:10.300 ib_log_        125924  nvme1n1 WS   1756041184 4096      0.027
10:29:10.301 ib_log_        125924  nvme1n1 WS   1756041184 8192      0.032
10:29:10.301 ib_log_        125924  nvme1n1 WS   1756041200 8192      0.031
10:29:10.301 jbd2/nv        752     nvme1n1 WSM  878241416  12288     0.037
10:29:10.301 jbd2/nv        752     nvme1n1 WSM  878241440  4096      0.027
10:29:10.302 connect        125924  nvme1n1 WS   1731543776 4096      0.033
10:29:10.302 jbd2/nv        752     nvme1n1 WSM  878241448  12288     0.038
10:29:10.302 jbd2/nv        752     nvme1n1 WSM  878241472  4096      0.029
10:29:10.302 ib_log_        125924  nvme1n1 WS   1756041200 4096      0.027
10:29:10.303 ib_log_        125924  nvme1n1 WS   1756041200 8192      0.033
10:29:10.303 ib_log_        125924  nvme1n1 WS   1756041208 4096      0.028
10:29:10.303 connect        125924  nvme1n1 WS   1731543776 4096      0.033
10:29:10.303 jbd2/nv        752     nvme1n1 WSM  878241480  16384     0.042
10:29:10.303 jbd2/nv        752     nvme1n1 WSM  878241512  4096      0.030
10:29:10.304 ib_log_        125924  nvme1n1 WS   1756041208 4096      0.037
10:29:10.315 ib_log_        125924  nvme1n1 WS   1756041208 4096      0.042
10:29:10.316 ib_log_        125924  nvme1n1 WS   1756041208 4096      0.036
10:29:10.425 ib_log_        125924  nvme1n1 WS   1756041208 4096      0.052
10:29:10.508 ib_pg_f        125924  nvme1n1 WS   1740046336 131072    0.152
10:29:10.508 ib_pg_f        125924  nvme1n1 WS   1740046592 131072    0.226
10:29:10.508 ib_pg_f        125924  nvme1n1 WS   1740046848 131072    0.301
10:29:10.508 ib_pg_f        125924  nvme1n1 WS   1740047104 131072    0.377
10:29:10.508 ib_pg_f        125924  nvme1n1 WS   1740047360 131072    0.459
10:29:10.508 ib_pg_f        125924  nvme1n1 WS   1740047616 131072    0.536
10:29:10.508 ib_pg_f        125924  nvme1n1 WS   1740047872 131072    0.611
10:29:10.508 ib_pg_f        125924  nvme1n1 WS   1740048128 65536     0.649
10:29:10.508 ib_pg_f        125924  nvme1n1 WS   1755103168 16384     0.055
10:29:10.508 ib_pg_f        125924  nvme1n1 WS   1757716032 16384     0.056
10:29:10.508 ib_pg_f        125924  nvme1n1 WS   1757716192 16384     0.047
10:29:10.508 ib_pg_f        125924  nvme1n1 WS   1740406848 16384     0.059
10:29:10.508 ib_pg_f        125924  nvme1n1 WS   1740406816 16384     0.065
10:29:10.509 ib_pg_f        125924  nvme1n1 WS   813152     16384     0.078
10:29:10.509 ib_pg_f        125924  nvme1n1 WS   813184     16384     0.093
10:29:10.509 ib_pg_f        125924  nvme1n1 WS   813216     16384     0.087
10:29:10.509 ib_pg_f        125924  nvme1n1 WS   1740107744 16384     0.087
10:29:10.509 ib_pg_f        125924  nvme1n1 WS   1740406880 16384     0.090
10:29:10.509 ib_pg_f        125924  nvme1n1 WS   1520107936 16384     0.090
10:29:10.509 ib_pg_f        125924  nvme1n1 WS   1520145376 16384     0.091
10:29:10.509 ib_pg_f        125924  nvme1n1 WS   813696     16384     0.089
10:29:10.509 ib_pg_f        125924  nvme1n1 WS   813728     16384     0.095
10:29:10.509 ib_pg_f        125924  nvme1n1 WS   813760     16384     0.081
10:29:10.509 ib_pg_f        125924  nvme1n1 WS   813792     16384     0.086
10:29:10.509 ib_pg_f        125924  nvme1n1 WS   813824     16384     0.087
10:29:10.509 ib_pg_f        125924  nvme1n1 WS   813888     16384     0.090
10:29:10.509 ib_pg_f        125924  nvme1n1 WS   813920     16384     0.081
10:29:10.509 ib_pg_f        125924  nvme1n1 WS   813952     16384     0.076
10:29:10.509 ib_pg_f        125924  nvme1n1 WS   1756547840 16384     0.082
10:29:10.509 ib_pg_f        125924  nvme1n1 WS   1520145408 16384     0.081
10:29:10.509 ib_pg_f        125924  nvme1n1 WS   1520145440 16384     0.090
10:29:10.509 ib_pg_f        125924  nvme1n1 WS   1436640    16384     0.087
10:29:10.509 ib_pg_f        125924  nvme1n1 WS   1520145216 16384     0.089
10:29:10.509 ib_pg_f        125924  nvme1n1 WS   1520144384 16384     0.090
10:29:10.509 ib_pg_f        125924  nvme1n1 WS   1436768    16384     0.093
10:29:10.509 ib_pg_f        125924  nvme1n1 WS   1757690592 16384     0.093
10:29:10.509 ib_pg_f        125924  nvme1n1 WS   1757760512 16384     0.095
10:29:10.509 ib_pg_f        125924  nvme1n1 WS   1437024    16384     0.090
10:29:10.509 ib_pg_f        125924  nvme1n1 WS   1436000    16384     0.087
10:29:10.509 ib_pg_f        125924  nvme1n1 WS   1436160    16384     0.094
10:29:10.509 ib_pg_f        125924  nvme1n1 WS   1757151456 16384     0.090
10:29:10.509 ib_pg_f        125924  nvme1n1 WS   1755205152 16384     0.093
10:29:10.509 ib_pg_f        125924  nvme1n1 WS   1740411552 16384     0.097
10:29:10.509 ib_pg_f        125924  nvme1n1 WS   1756663592 16384     0.068
10:29:10.509 ib_pg_f        125924  nvme1n1 WS   1756707072 16384     0.073
10:29:10.509 ib_pg_f        125924  nvme1n1 WS   1756663624 16384     0.080
10:29:10.509 ib_pg_f        125924  nvme1n1 WS   1756663656 16384     0.094
10:29:10.509 ib_pg_f        125924  nvme1n1 WS   1740406944 16384     0.095
10:29:10.509 ib_pg_f        125924  nvme1n1 WS   1756663688 16384     0.090
10:29:10.509 ib_pg_f        125924  nvme1n1 WS   1755201568 16384     0.096
10:29:10.509 ib_pg_f        125924  nvme1n1 WS   814048     16384     0.096
10:29:10.509 ib_pg_f        125924  nvme1n1 WS   814080     16384     0.096
10:29:10.509 ib_pg_f        125924  nvme1n1 WS   813984     16384     0.113
10:29:10.509 ib_pg_f        125924  nvme1n1 WS   814016     16384     0.109
10:29:10.509 ib_pg_f        125924  nvme1n1 WS   1740406976 16384     0.109
10:29:10.509 ib_pg_f        125924  nvme1n1 WS   1757760192 16384     0.101
10:29:10.509 ib_pg_f        125924  nvme1n1 WS   1757691744 16384     0.107
10:29:10.509 ib_pg_f        125924  nvme1n1 WS   1756547808 16384     0.101
10:29:10.509 ib_pg_f        125924  nvme1n1 WS   1757691296 16384     0.105
10:29:10.509 ib_pg_f        125924  nvme1n1 WS   1740402688 16384     0.110
10:29:10.509 ib_pg_f        125924  nvme1n1 WS   1740411616 16384     0.111
10:29:10.509 ib_pg_f        125924  nvme1n1 WS   1755204288 16384     0.110
10:29:10.509 ib_pg_f        125924  nvme1n1 WS   1755099232 16384     0.111
10:29:10.509 ib_pg_f        125924  nvme1n1 WS   1740412736 16384     0.100
10:29:10.509 ib_pg_f        125924  nvme1n1 WS   1740402784 16384     0.100
10:29:10.509 ib_pg_f        125924  nvme1n1 WS   1740411648 16384     0.104
10:29:10.509 ib_pg_f        125924  nvme1n1 WS   1756836384 16384     0.103
10:29:10.509 ib_pg_f        125924  nvme1n1 WS   1757151392 16384     0.103
10:29:10.634 nvme           534200  Unknown N    -1         512       0.100
10:29:10.781 ib_log_        125924  nvme1n1 WS   1756041208 4096      0.050
10:29:10.781 ib_log_        125924  nvme1n1 WS   1756037120 4096      0.034
10:29:11.636 nvme           534208  Unknown N    -1         512       0.026
10:29:11.712 kworker        509414  nvme1n1 W    570861728  94208     0.123
10:29:12.508 ib_pg_f        125924  nvme1n1 WS   1740054528 16384     0.074
10:29:12.508 ib_pg_f        125924  nvme1n1 WS   1757760160 16384     0.044
10:29:12.638 nvme           534229  Unknown N    -1         512       0.139
10:29:12.781 ib_log_        125924  nvme1n1 WS   1756037120 4096      0.056
10:29:13.640 nvme           534239  Unknown N    -1         512       0.024
10:29:14.273 kworker        493089  nvme0n1 W    14951840   4096      0.628
10:29:14.642 nvme           534249  Unknown N    -1         512       0.072
10:29:15.311 jbd2/nv        752     nvme1n1 WSM  878241520  65536     0.108
10:29:15.311 jbd2/nv        752     nvme1n1 WSM  878241648  4096      0.047
10:29:15.645 nvme           534253  Unknown N    -1         512       0.072
10:29:16.647 nvme           534273  Unknown N    -1         512       0.074
10:29:16.832 kworker        509414  nvme1n1 WM   0          4096      0.144
10:29:16.832 kworker        509414  nvme1n1 WM   224        4096      0.165
10:29:16.832 kworker        509414  nvme1n1 WM   280        4096      0.166
10:29:16.832 kworker        509414  nvme1n1 WM   352        4096      0.167
10:29:16.832 kworker        509414  nvme1n1 WM   408        4096      0.168
10:29:16.832 kworker        509414  nvme1n1 WM   720        4096      0.169
10:29:16.832 kworker        509414  nvme1n1 WM   832        8192      0.169
10:29:16.832 kworker        509414  nvme1n1 WM   461373448  4096      0.170
10:29:16.832 kworker        509414  nvme1n1 WM   461373568  4096      0.182
10:29:16.832 kworker        509414  nvme1n1 WM   461373728  4096      0.184
10:29:16.832 kworker        509414  nvme1n1 WM   461373832  4096      0.186
10:29:16.832 kworker        509414  nvme1n1 WM   461373848  4096      0.187
10:29:16.832 kworker        509414  nvme1n1 WM   461374248  4096      0.188
10:29:16.832 kworker        509414  nvme1n1 WM   570425352  4096      0.189
10:29:16.832 kworker        509414  nvme1n1 WM   570425480  4096      0.191
10:29:16.832 kworker        509414  nvme1n1 WM   461373760  12288     0.200
10:29:16.833 kworker        509414  nvme1n1 WM   570425600  4096      0.109
10:29:16.833 kworker        509414  nvme1n1 WM   570425648  4096      0.109
10:29:16.833 kworker        509414  nvme1n1 WM   570432448  4096      0.110
10:29:16.833 kworker        509414  nvme1n1 WM   721917248  4096      0.110
10:29:16.833 kworker        509414  nvme1n1 WM   729808928  4096      0.112
10:29:16.833 kworker        509414  nvme1n1 WM   843055152  4096      0.113
10:29:16.833 kworker        509414  nvme1n1 WM   844081072  4096      0.113
10:29:16.833 kworker        509414  nvme1n1 WM   1497366536 4096      0.112
10:29:16.833 kworker        509414  nvme1n1 WM   1497652816 8192      0.112
10:29:16.833 kworker        509414  nvme1n1 WM   1497655600 4096      0.111
10:29:16.833 kworker        509414  nvme1n1 WM   1515146328 4096      0.114
10:29:16.833 kworker        509414  nvme1n1 WM   1719476680 4096      0.114
10:29:16.833 kworker        509414  nvme1n1 WM   1728053352 4096      0.114
10:29:16.833 kworker        509414  nvme1n1 WM   1732247632 4096      0.114
10:29:16.833 kworker        509414  nvme1n1 WM   570433176  61440     0.161
10:29:16.833 kworker        509414  nvme1n1 WM   1497652840 12288     0.163
10:29:16.833 kworker        509414  nvme1n1 WM   1753219136 4096      0.039
10:29:16.833 kworker        509414  nvme1n1 WM   1753219176 4096      0.041
10:29:17.649 nvme           534281  Unknown N    -1         512       0.122
10:29:18.652 nvme           534287  Unknown N    -1         512       0.086
10:29:19.327 ib_log_        125924  nvme1n1 WS   1756041208 4096      0.045
10:29:19.327 ib_log_        125924  nvme1n1 WS   1756041208 4096      0.029
10:29:19.327 ib_log_        125924  nvme1n1 WS   1756041216 8192      0.044
10:29:19.327 jbd2/nv        752     nvme1n1 WSM  878241656  20480     0.055
10:29:19.328 jbd2/nv        752     nvme1n1 WSM  878241696  4096      0.028
10:29:19.328 ib_log_        125924  nvme1n1 WS   1756041216 4096      0.029
10:29:19.329 ib_log_        125924  nvme1n1 WS   1756041216 8192      0.030
10:29:19.329 connect        125924  nvme1n1 WS   1731543776 4096      0.034
10:29:19.329 jbd2/nv        752     nvme1n1 WSM  878241704  12288     0.035
10:29:19.329 jbd2/nv        752     nvme1n1 WSM  878241728  4096      0.026
10:29:19.329 ib_log_        125924  nvme1n1 WS   1756041224 4096      0.031
10:29:19.329 ib_log_        125924  nvme1n1 WS   1756041224 4096      0.028
10:29:19.329 jbd2/nv        752     nvme1n1 WSM  878241736  36864     0.055
10:29:19.329 jbd2/nv        752     nvme1n1 WSM  878241808  4096      0.029
10:29:19.329 ib_log_        125924  nvme1n1 WS   1756041224 4096      0.027
10:29:19.329 ib_log_        125924  nvme1n1 WS   1756041224 4096      0.028
10:29:19.330 ib_log_        125924  nvme1n1 WS   1756041224 4096      0.027
10:29:19.427 ib_log_        125924  nvme1n1 WS   1756041224 4096      0.047
10:29:19.428 ib_log_        125924  nvme1n1 WS   1756041224 4096      0.030
10:29:19.428 ib_log_        125924  nvme1n1 WS   1756041232 8192      0.031
10:29:19.428 jbd2/nv        752     nvme1n1 WSM  878241816  53248     0.077
10:29:19.428 jbd2/nv        752     nvme1n1 WSM  878241920  4096      0.029
10:29:19.509 ib_pg_f        125924  nvme1n1 WS   1740046336 131072    0.150
10:29:19.509 ib_pg_f        125924  nvme1n1 WS   1740046592 131072    0.220
10:29:19.509 ib_pg_f        125924  nvme1n1 WS   1740046848 131072    0.300
10:29:19.509 ib_pg_f        125924  nvme1n1 WS   1740047104 131072    0.378
10:29:19.509 ib_pg_f        125924  nvme1n1 WS   1740047360 131072    0.454
10:29:19.509 ib_pg_f        125924  nvme1n1 WS   1740047616 131072    0.534
10:29:19.509 ib_pg_f        125924  nvme1n1 WS   1740047872 131072    0.613
10:29:19.509 ib_pg_f        125924  nvme1n1 WS   1740048128 114688    0.682
10:29:19.509 ib_pg_f        125924  nvme1n1 WS   1755204320 16384     0.048
10:29:19.510 ib_pg_f        125924  nvme1n1 WS   1757716032 16384     0.049
10:29:19.510 ib_pg_f        125924  nvme1n1 WS   1757716192 16384     0.054
10:29:19.510 ib_pg_f        125924  nvme1n1 WS   1757151392 16384     0.068
10:29:19.510 ib_pg_f        125924  nvme1n1 WS   1740407488 16384     0.072
10:29:19.510 ib_pg_f        125924  nvme1n1 WS   1757760192 16384     0.089
10:29:19.510 ib_pg_f        125924  nvme1n1 WS   1740077184 16384     0.085
10:29:19.510 ib_pg_f        125924  nvme1n1 WS   1755205888 16384     0.089
10:29:19.510 ib_pg_f        125924  nvme1n1 WS   1757691744 16384     0.088
10:29:19.510 ib_pg_f        125924  nvme1n1 WS   1755158656 16384     0.094
10:29:19.510 ib_pg_f        125924  nvme1n1 WS   1755205184 16384     0.101
10:29:19.510 ib_pg_f        125924  nvme1n1 WS   813984     16384     0.090
10:29:19.510 ib_pg_f        125924  nvme1n1 WS   814016     16384     0.091
10:29:19.510 ib_pg_f        125924  nvme1n1 WS   814048     16384     0.087
10:29:19.510 ib_pg_f        125924  nvme1n1 WS   814080     16384     0.087
10:29:19.510 ib_pg_f        125924  nvme1n1 WS   1437024    16384     0.094
10:29:19.510 ib_pg_f        125924  nvme1n1 WS   1436000    16384     0.094
10:29:19.510 ib_pg_f        125924  nvme1n1 WS   1436160    16384     0.090
10:29:19.510 ib_pg_f        125924  nvme1n1 WS   1436768    16384     0.087
10:29:19.510 ib_pg_f        125924  nvme1n1 WS   1757690592 16384     0.087
10:29:19.510 ib_pg_f        125924  nvme1n1 WS   1757760512 16384     0.087
10:29:19.510 ib_pg_f        125924  nvme1n1 WS   1756547840 16384     0.090
10:29:19.510 ib_pg_f        125924  nvme1n1 WS   1520145408 16384     0.085
10:29:19.510 ib_pg_f        125924  nvme1n1 WS   1520145440 16384     0.092
10:29:19.510 ib_pg_f        125924  nvme1n1 WS   1520144384 16384     0.094
10:29:19.510 ib_pg_f        125924  nvme1n1 WS   1520145216 16384     0.087
10:29:19.510 ib_pg_f        125924  nvme1n1 WS   1436640    16384     0.085
10:29:19.510 ib_pg_f        125924  nvme1n1 WS   1520107936 16384     0.091
10:29:19.510 ib_pg_f        125924  nvme1n1 WS   1520145376 16384     0.095
10:29:19.510 ib_pg_f        125924  nvme1n1 WS   813696     16384     0.093
10:29:19.510 ib_pg_f        125924  nvme1n1 WS   813728     16384     0.097
10:29:19.510 ib_pg_f        125924  nvme1n1 WS   813760     16384     0.099
10:29:19.510 ib_pg_f        125924  nvme1n1 WS   813792     16384     0.092
10:29:19.510 ib_pg_f        125924  nvme1n1 WS   813824     16384     0.093
10:29:19.510 ib_pg_f        125924  nvme1n1 WS   813888     16384     0.097
10:29:19.510 ib_pg_f        125924  nvme1n1 WS   813920     16384     0.102
10:29:19.510 ib_pg_f        125924  nvme1n1 WS   813952     16384     0.106
10:29:19.510 ib_pg_f        125924  nvme1n1 WS   813152     16384     0.113
10:29:19.510 ib_pg_f        125924  nvme1n1 WS   813184     16384     0.107
10:29:19.510 ib_pg_f        125924  nvme1n1 WS   813216     16384     0.119
10:29:19.510 ib_pg_f        125924  nvme1n1 WS   1755099264 16384     0.114
10:29:19.510 ib_pg_f        125924  nvme1n1 WS   1740407552 16384     0.112
10:29:19.510 ib_pg_f        125924  nvme1n1 WS   1740077216 16384     0.113
10:29:19.510 ib_pg_f        125924  nvme1n1 WS   1755202528 16384     0.117
10:29:19.510 ib_pg_f        125924  nvme1n1 WS   1755158688 16384     0.128
10:29:19.510 ib_pg_f        125924  nvme1n1 WS   1740407040 16384     0.130
10:29:19.510 ib_pg_f        125924  nvme1n1 WS   1740077248 16384     0.134
10:29:19.510 ib_pg_f        125924  nvme1n1 WS   1755202272 16384     0.135
10:29:19.510 ib_pg_f        125924  nvme1n1 WS   1756836384 16384     0.135
10:29:19.510 ib_pg_f        125924  nvme1n1 WS   37650336   16384     0.138
10:29:19.510 ib_pg_f        125924  nvme1n1 WS   1757759488 16384     0.139
10:29:19.510 ib_pg_f        125924  nvme1n1 WS   1757691392 16384     0.143
10:29:19.510 ib_pg_f        125924  nvme1n1 WS   1437184    16384     0.125
10:29:19.510 ib_pg_f        125924  nvme1n1 WS   1757681504 16384     0.129
10:29:19.510 ib_pg_f        125924  nvme1n1 WS   818976     16384     0.119
10:29:19.510 ib_pg_f        125924  nvme1n1 WS   1437088    16384     0.113
10:29:19.510 ib_pg_f        125924  nvme1n1 WS   1757759680 16384     0.116
10:29:19.510 ib_pg_f        125924  nvme1n1 WS   1437504    16384     0.113
10:29:19.510 ib_pg_f        125924  nvme1n1 WS   1757689856 16384     0.116
10:29:19.510 ib_pg_f        125924  nvme1n1 WS   1756836768 16384     0.112
10:29:19.510 ib_pg_f        125924  nvme1n1 WS   1757759712 16384     0.117
10:29:19.510 ib_pg_f        125924  nvme1n1 WS   1756547808 16384     0.116
10:29:19.510 ib_pg_f        125924  nvme1n1 WS   1757691296 16384     0.119
10:29:19.537 ib_log_        125924  nvme1n1 WS   1756041232 4096      0.045
10:29:19.655 nvme           534297  Unknown N    -1         512       0.069
10:29:20.657 nvme           534301  Unknown N    -1         512       0.091
10:29:21.509 ib_pg_f        125924  nvme1n1 WS   1740054528 16384     0.091
10:29:21.509 ib_pg_f        125924  nvme1n1 WS   1757151392 16384     0.063
10:29:21.660 nvme           534321  Unknown N    -1         512       0.031
10:29:21.783 ib_log_        125924  nvme1n1 WS   1756041232 4096      0.045
10:29:21.783 ib_log_        125924  nvme1n1 WS   1756037120 4096      0.035
10:29:21.952 kworker        387953  nvme1n1 W    1579762360 4096      0.046
10:29:22.164 ib_log_        125924  nvme1n1 WS   1756041232 4096      0.046
10:29:22.164 ib_log_        125924  nvme1n1 WS   1756041232 4096      0.028
10:29:22.165 connect        125924  nvme1n1 WS   1731543776 4096      0.038
10:29:22.165 jbd2/nv        752     nvme1n1 WSM  878241928  65536     0.096
10:29:22.165 jbd2/nv        752     nvme1n1 WSM  878242056  4096      0.036
10:29:22.165 ib_log_        125924  nvme1n1 WS   1756041232 4096      0.033
10:29:22.166 ib_log_        125924  nvme1n1 WS   1756041232 8192      0.033
10:29:22.166 ib_log_        125924  nvme1n1 WS   1756041248 8192      0.031
10:29:22.166 jbd2/nv        752     nvme1n1 WSM  878242064  8192      0.033
10:29:22.166 jbd2/nv        752     nvme1n1 WSM  878242080  4096      0.027
10:29:22.166 ib_log_        125924  nvme1n1 WS   1756041248 4096      0.029
10:29:22.167 jbd2/nv        752     nvme1n1 WSM  878242088  20480     0.042
10:29:22.167 jbd2/nv        752     nvme1n1 WSM  878242128  4096      0.026
10:29:22.167 connect        125924  nvme1n1 WS   1756663560 114688    0.128
10:29:22.167 jbd2/nv        752     nvme1n1 WSM  878242136  16384     0.042
10:29:22.167 jbd2/nv        752     nvme1n1 WSM  878242168  4096      0.032
10:29:22.167 connect        125924  nvme1n1 WS   1756707072 16384     0.041
10:29:22.167 jbd2/nv        752     nvme1n1 WSM  878242176  16384     0.041
10:29:22.167 jbd2/nv        752     nvme1n1 WSM  878242208  4096      0.027
10:29:22.167 ib_log_        125924  nvme1n1 WS   1756041248 4096      0.034
10:29:22.167 ib_log_        125924  nvme1n1 WS   1756041248 4096      0.029
10:29:22.168 ib_log_        125924  nvme1n1 WS   1756041248 8192      0.030
10:29:22.168 ib_log_        125924  nvme1n1 WS   1756041256 4096      0.028
10:29:22.169 ib_log_        125924  nvme1n1 WS   1756041256 12288     0.037
10:29:22.169 jbd2/nv        752     nvme1n1 WSM  878242216  12288     0.036
10:29:22.169 jbd2/nv        752     nvme1n1 WSM  878242240  4096      0.027
10:29:22.170 ib_log_        125924  nvme1n1 WS   1756041264 8192      0.031
10:29:22.170 connect        125924  nvme1n1 WS   1731543776 4096      0.030
10:29:22.170 jbd2/nv        752     nvme1n1 WSM  878242248  12288     0.036
10:29:22.170 jbd2/nv        752     nvme1n1 WSM  878242272  4096      0.028
10:29:22.170 ib_log_        125924  nvme1n1 WS   1756041272 4096      0.027
10:29:22.171 ib_log_        125924  nvme1n1 WS   1756041272 4096      0.027
10:29:22.171 connect        125924  nvme1n1 WS   1731543776 8192      0.034
10:29:22.171 ib_log_        125924  nvme1n1 WS   1756041272 4096      0.026
10:29:22.171 jbd2/nv        752     nvme1n1 WSM  878242280  24576     0.051
10:29:22.171 ib_log_        125924  nvme1n1 WS   1756041280 8192      0.045
10:29:22.171 jbd2/nv        752     nvme1n1 WSM  878242328  4096      0.027
10:29:22.171 jbd2/nv        752     nvme1n1 WSM  878242336  12288     0.037
10:29:22.171 jbd2/nv        752     nvme1n1 WSM  878242360  4096      0.028
10:29:22.172 ib_log_        125924  nvme1n1 WS   1756041280 4096      0.036
10:29:22.231 ib_log_        125924  nvme1n1 WS   1756041280 4096      0.062
10:29:22.232 ib_log_        125924  nvme1n1 WS   1756041280 4096      0.036
10:29:22.342 ib_log_        125924  nvme1n1 WS   1756041280 4096      0.044
10:29:22.509 ib_pg_f        125924  nvme1n1 WS   1740046336 131072    0.178
10:29:22.509 ib_pg_f        125924  nvme1n1 WS   1740046592 131072    0.242
10:29:22.509 ib_pg_f        125924  nvme1n1 WS   1740046848 131072    0.317
10:29:22.509 ib_pg_f        125924  nvme1n1 WS   1740047104 131072    0.392
10:29:22.509 ib_pg_f        125924  nvme1n1 WS   1740047360 131072    0.467
10:29:22.509 ib_pg_f        125924  nvme1n1 WS   1740047616 131072    0.548
10:29:22.510 ib_pg_f        125924  nvme1n1 WS   1740047872 131072    0.626
10:29:22.510 ib_pg_f        125924  nvme1n1 WS   1740048128 81920     0.674
10:29:22.510 ib_pg_f        125924  nvme1n1 WS   1757760160 16384     0.053
10:29:22.510 ib_pg_f        125924  nvme1n1 WS   1755204384 16384     0.055
10:29:22.510 ib_pg_f        125924  nvme1n1 WS   1757716032 16384     0.062
10:29:22.510 ib_pg_f        125924  nvme1n1 WS   1757716192 16384     0.067
10:29:22.510 ib_pg_f        125924  nvme1n1 WS   1740411744 16384     0.073
10:29:22.510 ib_pg_f        125924  nvme1n1 WS   1740412768 16384     0.078
10:29:22.510 ib_pg_f        125924  nvme1n1 WS   813152     16384     0.082
10:29:22.510 ib_pg_f        125924  nvme1n1 WS   813184     16384     0.085
10:29:22.510 ib_pg_f        125924  nvme1n1 WS   813216     16384     0.099
10:29:22.510 ib_pg_f        125924  nvme1n1 WS   1740077280 16384     0.096
10:29:22.510 ib_pg_f        125924  nvme1n1 WS   1740407648 16384     0.092
10:29:22.510 ib_pg_f        125924  nvme1n1 WS   1520107936 16384     0.102
10:29:22.510 ib_pg_f        125924  nvme1n1 WS   1520145376 16384     0.093
10:29:22.510 ib_pg_f        125924  nvme1n1 WS   813696     16384     0.090
10:29:22.510 ib_pg_f        125924  nvme1n1 WS   813728     16384     0.086
10:29:22.510 ib_pg_f        125924  nvme1n1 WS   813760     16384     0.091
10:29:22.510 ib_pg_f        125924  nvme1n1 WS   813792     16384     0.098
10:29:22.510 ib_pg_f        125924  nvme1n1 WS   813824     16384     0.085
10:29:22.510 ib_pg_f        125924  nvme1n1 WS   813888     16384     0.087
10:29:22.510 ib_pg_f        125924  nvme1n1 WS   813920     16384     0.081
10:29:22.510 ib_pg_f        125924  nvme1n1 WS   813952     16384     0.072
10:29:22.510 ib_pg_f        125924  nvme1n1 WS   1756547840 16384     0.069
10:29:22.510 ib_pg_f        125924  nvme1n1 WS   1520145408 16384     0.071
10:29:22.510 ib_pg_f        125924  nvme1n1 WS   1520145440 16384     0.070
10:29:22.510 ib_pg_f        125924  nvme1n1 WS   1436640    16384     0.071
10:29:22.510 ib_pg_f        125924  nvme1n1 WS   1520145216 16384     0.082
10:29:22.510 ib_pg_f        125924  nvme1n1 WS   1520144384 16384     0.075
10:29:22.510 ib_pg_f        125924  nvme1n1 WS   1436768    16384     0.074
10:29:22.510 ib_pg_f        125924  nvme1n1 WS   1757690592 16384     0.079
10:29:22.510 ib_pg_f        125924  nvme1n1 WS   1757760512 16384     0.079
10:29:22.510 ib_pg_f        125924  nvme1n1 WS   1437024    16384     0.081
10:29:22.510 ib_pg_f        125924  nvme1n1 WS   1436000    16384     0.081
10:29:22.510 ib_pg_f        125924  nvme1n1 WS   1436160    16384     0.071
10:29:22.510 ib_pg_f        125924  nvme1n1 WS   1757151456 16384     0.072
10:29:22.510 ib_pg_f        125924  nvme1n1 WS   1755202560 16384     0.079
10:29:22.510 ib_pg_f        125924  nvme1n1 WS   1740407680 16384     0.079
10:29:22.510 ib_pg_f        125924  nvme1n1 WS   1756663592 16384     0.058
10:29:22.510 ib_pg_f        125924  nvme1n1 WS   1756707072 16384     0.059
10:29:22.510 ib_pg_f        125924  nvme1n1 WS   1756663624 16384     0.064
10:29:22.510 ib_pg_f        125924  nvme1n1 WS   1756663656 16384     0.071
10:29:22.510 ib_pg_f        125924  nvme1n1 WS   1740407584 16384     0.073
10:29:22.510 ib_pg_f        125924  nvme1n1 WS   1756663688 16384     0.076
10:29:22.510 ib_pg_f        125924  nvme1n1 WS   1755201728 16384     0.081
10:29:22.510 ib_pg_f        125924  nvme1n1 WS   814048     16384     0.081
10:29:22.510 ib_pg_f        125924  nvme1n1 WS   814080     16384     0.084
10:29:22.510 ib_pg_f        125924  nvme1n1 WS   813984     16384     0.083
10:29:22.510 ib_pg_f        125924  nvme1n1 WS   814016     16384     0.082
10:29:22.510 ib_pg_f        125924  nvme1n1 WS   1740407712 16384     0.086
10:29:22.510 ib_pg_f        125924  nvme1n1 WS   1757760192 16384     0.091
10:29:22.510 ib_pg_f        125924  nvme1n1 WS   1757691744 16384     0.083
10:29:22.510 ib_pg_f        125924  nvme1n1 WS   1756547808 16384     0.080
10:29:22.510 ib_pg_f        125924  nvme1n1 WS   1757691296 16384     0.089
10:29:22.510 ib_pg_f        125924  nvme1n1 WS   1740077312 16384     0.092
10:29:22.510 ib_pg_f        125924  nvme1n1 WS   1740407072 16384     0.094
10:29:22.510 ib_pg_f        125924  nvme1n1 WS   1755201792 16384     0.093
10:29:22.510 ib_pg_f        125924  nvme1n1 WS   1755158880 16384     0.097
10:29:22.510 ib_pg_f        125924  nvme1n1 WS   1740407744 16384     0.099
10:29:22.510 ib_pg_f        125924  nvme1n1 WS   1740077408 16384     0.102
10:29:22.510 ib_pg_f        125924  nvme1n1 WS   1740407104 16384     0.104
10:29:22.510 ib_pg_f        125924  nvme1n1 WS   1756836384 16384     0.104
10:29:22.510 ib_pg_f        125924  nvme1n1 WS   1757151392 16384     0.108
10:29:22.621 amoprof        389677  nvme1n1 W    570884464  4096      0.040
10:29:22.662 nvme           534333  Unknown N    -1         512       0.071
10:29:23.664 nvme           534341  Unknown N    -1         512       0.029
10:29:23.784 ib_log_        125924  nvme1n1 WS   1756041280 4096      0.056
10:29:23.784 ib_log_        125924  nvme1n1 WS   1756037120 4096      0.045
10:29:24.509 ib_pg_f        125924  nvme1n1 WS   1740054528 16384     0.076
10:29:24.509 ib_pg_f        125924  nvme1n1 WS   1757760160 16384     0.055
10:29:24.666 nvme           534348  Unknown N    -1         512       0.074
10:29:24.784 ib_log_        125924  nvme1n1 WS   1756037120 4096      0.053
10:29:25.669 nvme           534352  Unknown N    -1         512       0.087
10:29:26.671 nvme           534372  Unknown N    -1         512       0.075
10:29:27.177 jbd2/nv        752     nvme1n1 WSM  878242368  53248     0.091
10:29:27.178 jbd2/nv        752     nvme1n1 WSM  878242472  4096      0.043
10:29:27.674 nvme           534384  Unknown N    -1         512       0.075
10:29:28.676 nvme           534395  Unknown N    -1         512       0.114
10:29:29.679 nvme           534399  Unknown N    -1         512       0.072
10:29:30.682 nvme           534403  Unknown N    -1         512       0.072
10:29:31.194 ib_log_        125924  nvme1n1 WS   1756041280 4096      0.050
10:29:31.195 ib_log_        125924  nvme1n1 WS   1756041280 4096      0.031
10:29:31.195 ib_log_        125924  nvme1n1 WS   1756041280 8192      0.032
10:29:31.195 connect        125924  nvme1n1 WS   1731543784 4096      0.034
10:29:31.196 jbd2/nv        752     nvme1n1 WSM  878242480  20480     0.049
10:29:31.196 jbd2/nv        752     nvme1n1 WSM  878242520  4096      0.028
10:29:31.196 ib_log_        125924  nvme1n1 WS   1756041288 4096      0.033
10:29:31.196 ib_log_        125924  nvme1n1 WS   1756041288 4096      0.027
10:29:31.196 jbd2/nv        752     nvme1n1 WSM  878242528  32768     0.051
10:29:31.196 jbd2/nv        752     nvme1n1 WSM  878242592  4096      0.029
10:29:31.196 ib_log_        125924  nvme1n1 WS   1756041288 4096      0.028
10:29:31.196 ib_log_        125924  nvme1n1 WS   1756041288 4096      0.030
10:29:31.196 ib_log_        125924  nvme1n1 WS   1756041288 4096      0.028
10:29:31.196 ib_log_        125924  nvme1n1 WS   1756041296 8192      0.030
10:29:31.196 jbd2/nv        752     nvme1n1 WSM  878242600  49152     0.069
10:29:31.196 jbd2/nv        752     nvme1n1 WSM  878242696  4096      0.031
10:29:31.243 ib_log_        125924  nvme1n1 WS   1756041296 4096      0.035
10:29:31.244 ib_log_        125924  nvme1n1 WS   1756041296 4096      0.038
10:29:31.353 ib_log_        125924  nvme1n1 WS   1756041296 4096      0.040
10:29:31.510 ib_pg_f        125924  nvme1n1 WS   1740046336 131072    0.170
10:29:31.510 ib_pg_f        125924  nvme1n1 WS   1740046592 131072    0.240
10:29:31.510 ib_pg_f        125924  nvme1n1 WS   1740046848 131072    0.317
10:29:31.511 ib_pg_f        125924  nvme1n1 WS   1740047104 131072    0.394
10:29:31.511 ib_pg_f        125924  nvme1n1 WS   1740047360 131072    0.470
10:29:31.511 ib_pg_f        125924  nvme1n1 WS   1740047616 131072    0.550
10:29:31.511 ib_pg_f        125924  nvme1n1 WS   1740047872 131072    0.627
10:29:31.511 ib_pg_f        125924  nvme1n1 WS   1740048128 114688    0.697
10:29:31.511 ib_pg_f        125924  nvme1n1 WS   1755201824 16384     0.056
10:29:31.511 ib_pg_f        125924  nvme1n1 WS   1757716032 16384     0.048
10:29:31.511 ib_pg_f        125924  nvme1n1 WS   1757716192 16384     0.049
10:29:31.511 ib_pg_f        125924  nvme1n1 WS   1740407936 16384     0.051
10:29:31.511 ib_pg_f        125924  nvme1n1 WS   1757760192 16384     0.048
10:29:31.511 ib_pg_f        125924  nvme1n1 WS   1740077472 16384     0.048
10:29:31.511 ib_pg_f        125924  nvme1n1 WS   1755205216 16384     0.050
10:29:31.511 ib_pg_f        125924  nvme1n1 WS   1757691744 16384     0.049
10:29:31.511 ib_pg_f        125924  nvme1n1 WS   1755158944 16384     0.050
10:29:31.511 ib_pg_f        125924  nvme1n1 WS   1755202592 16384     0.049
10:29:31.511 ib_pg_f        125924  nvme1n1 WS   813984     16384     0.050
10:29:31.511 ib_pg_f        125924  nvme1n1 WS   814016     16384     0.061
10:29:31.511 ib_pg_f        125924  nvme1n1 WS   814048     16384     0.053
10:29:31.511 ib_pg_f        125924  nvme1n1 WS   814080     16384     0.053
10:29:31.511 ib_pg_f        125924  nvme1n1 WS   1437024    16384     0.050
10:29:31.511 ib_pg_f        125924  nvme1n1 WS   1436000    16384     0.049
10:29:31.511 ib_pg_f        125924  nvme1n1 WS   1436160    16384     0.048
10:29:31.511 ib_pg_f        125924  nvme1n1 WS   1436768    16384     0.045
10:29:31.511 ib_pg_f        125924  nvme1n1 WS   1757690592 16384     0.050
10:29:31.511 ib_pg_f        125924  nvme1n1 WS   1757760512 16384     0.048
10:29:31.512 ib_pg_f        125924  nvme1n1 WS   1756547840 16384     0.051
10:29:31.512 ib_pg_f        125924  nvme1n1 WS   1520145408 16384     0.047
10:29:31.512 ib_pg_f        125924  nvme1n1 WS   1520145440 16384     0.046
10:29:31.512 ib_pg_f        125924  nvme1n1 WS   1436640    16384     0.051
10:29:31.512 ib_pg_f        125924  nvme1n1 WS   1520145216 16384     0.056
10:29:31.512 ib_pg_f        125924  nvme1n1 WS   1520144384 16384     0.050
10:29:31.512 ib_pg_f        125924  nvme1n1 WS   1520107936 16384     0.054
10:29:31.512 ib_pg_f        125924  nvme1n1 WS   1520145376 16384     0.043
10:29:31.512 ib_pg_f        125924  nvme1n1 WS   813696     16384     0.046
10:29:31.512 ib_pg_f        125924  nvme1n1 WS   813728     16384     0.053
10:29:31.512 ib_pg_f        125924  nvme1n1 WS   813760     16384     0.053
10:29:31.512 ib_pg_f        125924  nvme1n1 WS   813792     16384     0.056
10:29:31.512 ib_pg_f        125924  nvme1n1 WS   813824     16384     0.078
10:29:31.512 ib_pg_f        125924  nvme1n1 WS   813888     16384     0.072
10:29:31.512 ib_pg_f        125924  nvme1n1 WS   813920     16384     0.069
10:29:31.512 ib_pg_f        125924  nvme1n1 WS   813952     16384     0.074
10:29:31.512 ib_pg_f        125924  nvme1n1 WS   813152     16384     0.072
10:29:31.512 ib_pg_f        125924  nvme1n1 WS   813184     16384     0.084
10:29:31.512 ib_pg_f        125924  nvme1n1 WS   813216     16384     0.085
10:29:31.512 ib_pg_f        125924  nvme1n1 WS   1755158912 16384     0.095
10:29:31.512 ib_pg_f        125924  nvme1n1 WS   1740407776 16384     0.099
10:29:31.512 ib_pg_f        125924  nvme1n1 WS   1740077504 16384     0.094
10:29:31.512 ib_pg_f        125924  nvme1n1 WS   1755202368 16384     0.094
10:29:31.512 ib_pg_f        125924  nvme1n1 WS   1755158976 16384     0.100
10:29:31.512 ib_pg_f        125924  nvme1n1 WS   1740407200 16384     0.116
10:29:31.512 ib_pg_f        125924  nvme1n1 WS   1740077536 16384     0.111
10:29:31.512 ib_pg_f        125924  nvme1n1 WS   1755201920 16384     0.117
10:29:31.512 ib_pg_f        125924  nvme1n1 WS   1756836384 16384     0.115
10:29:31.512 ib_pg_f        125924  nvme1n1 WS   1757151392 16384     0.112
10:29:31.512 ib_pg_f        125924  nvme1n1 WS   1437184    16384     0.123
10:29:31.512 ib_pg_f        125924  nvme1n1 WS   1757681504 16384     0.120
10:29:31.512 ib_pg_f        125924  nvme1n1 WS   1757691392 16384     0.117
10:29:31.512 ib_pg_f        125924  nvme1n1 WS   37650336   16384     0.110
10:29:31.512 ib_pg_f        125924  nvme1n1 WS   1757759488 16384     0.111
10:29:31.512 ib_pg_f        125924  nvme1n1 WS   1437504    16384     0.115
10:29:31.512 ib_pg_f        125924  nvme1n1 WS   1757689856 16384     0.106
10:29:31.512 ib_pg_f        125924  nvme1n1 WS   1756836768 16384     0.103
10:29:31.512 ib_pg_f        125924  nvme1n1 WS   1757759712 16384     0.103
10:29:31.512 ib_pg_f        125924  nvme1n1 WS   1756547808 16384     0.102
10:29:31.512 ib_pg_f        125924  nvme1n1 WS   1757691296 16384     0.105
10:29:31.512 ib_pg_f        125924  nvme1n1 WS   818976     16384     0.085
10:29:31.512 ib_pg_f        125924  nvme1n1 WS   1437088    16384     0.085
10:29:31.512 ib_pg_f        125924  nvme1n1 WS   1757759680 16384     0.088
10:29:31.684 nvme           534423  Unknown N    -1         512       0.076
10:29:31.785 ib_log_        125924  nvme1n1 WS   1756041296 4096      0.058
10:29:31.786 ib_log_        125924  nvme1n1 WS   1756037120 4096      0.044
10:29:32.196 kworker        509414  nvme1n1 W    1756165264 4096      0.176
10:29:32.196 kworker        509414  nvme1n1 W    730274800  4096      0.164
10:29:32.196 kworker        509414  nvme1n1 W    1731546840 12288     0.195
10:29:32.196 kworker        509414  nvme1n1 W    1579763368 69632     0.255
10:29:32.196 kworker        509414  nvme1n1 W    570880272  118784    0.263
10:29:32.196 kworker        509414  nvme1n1 W    1579763504 77824     0.301
10:29:32.196 kworker        509414  nvme1n1 W    1579763656 122880    0.365
10:29:32.196 kworker        509414  nvme1n1 W    1579763896 12288     0.365
10:29:32.196 kworker        509414  nvme1n1 W    570780560  81920     0.397
10:29:32.196 kworker        509414  nvme1n1 W    1579763920 81920     0.450
10:29:32.633 amoprof        389677  nvme1n1 W    1755324160 131072    0.152
