TIMESTAMP    COMM           PID     DISK    T    SECTOR     BYTES   LAT(ms)
08:23:56.891 nvme           2141180 Unknown N    -1         512       0.040
08:23:57.894 nvme           2141238 Unknown N    -1         512       0.075
08:23:58.896 nvme           2141240 Unknown N    -1         512       0.029
08:23:59.899 nvme           2141241 Unknown N    -1         512       0.076
08:23:59.967 jbd2/nv        752     nvme1n1 WSM  878246336  131072    0.165
08:23:59.967 jbd2/nv        752     nvme1n1 WSM  878246592  20480     0.174
08:23:59.967 jbd2/nv        752     nvme1n1 WSM  878246632  4096      0.033
08:24:00.901 nvme           2141248 Unknown N    -1         512       0.088
08:24:01.185 kworker        2136953 nvme1n1 W    1623749648 8192      0.116
08:24:01.185 kworker        2136953 nvme1n1 W    612957656  131072    0.188
08:24:01.185 kworker        2136953 nvme1n1 W    612957912  118784    0.264
08:24:01.185 kworker        2136953 nvme1n1 W    1580349032 131072    0.330
08:24:01.185 kworker        2136953 nvme1n1 W    1580349288 61440     0.366
08:24:01.185 kworker        2136953 nvme1n1 W    612958144  32768     0.386
08:24:01.185 kworker        2136953 nvme1n1 W    1591255552 131072    0.467
08:24:01.185 kworker        2136953 nvme1n1 W    1591255808 90112     0.524
08:24:01.185 kworker        2136953 nvme1n1 W    1731493736 77824     0.354
08:24:01.185 kworker        2136953 nvme1n1 W    616869888  28672     0.372
08:24:01.904 nvme           2141249 Unknown N    -1         512       0.034
08:24:02.906 nvme           2141250 Unknown N    -1         512       0.029
08:24:03.909 nvme           2141258 Unknown N    -1         512       0.108
08:24:04.911 nvme           2141259 Unknown N    -1         512       0.078
08:24:05.913 nvme           2141266 Unknown N    -1         512       0.074
08:24:06.166 jbd2/nv        752     nvme1n1 WSM  878246640  81920     0.126
08:24:06.166 jbd2/nv        752     nvme1n1 WSM  878246800  4096      0.034
08:24:06.304 kworker        2132741 nvme1n1 W    613067560  16384     0.067
08:24:06.304 kworker        2132741 nvme1n1 W    722548592  69632     0.102
08:24:06.304 kworker        2132741 nvme1n1 W    613067592  110592    0.167
08:24:06.899 amoprof        1975872 nvme1n1 W    613076128  4096      0.050
