TIMESTAMP    COMM           PID     DISK    T    SECTOR     BYTES   LAT(ms)
01:33:31.153 jbd2/nv        752     nvme1n1 WSM  877608688  102400    0.142
01:33:31.153 jbd2/nv        752     nvme1n1 WSM  877608888  4096      0.038
01:33:31.320 nvme           1553842 Unknown N    -1         512       0.031
01:33:32.322 nvme           1553897 Unknown N    -1         512       0.036
01:33:33.325 nvme           1553902 Unknown N    -1         512       0.028
01:33:34.327 nvme           1553922 Unknown N    -1         512       0.081
01:33:34.496 kworker        1473701 nvme1n1 W    1532247024 8192      0.066
01:33:34.496 kworker        1473701 nvme1n1 W    587737256  32768     0.079
01:33:35.329 nvme           1553931 Unknown N    -1         512       0.031
01:33:36.331 nvme           1553935 Unknown N    -1         512       0.078
01:33:36.495 jbd2/nv        752     nvme1n1 WSM  877608896  73728     0.125
01:33:36.495 jbd2/nv        752     nvme1n1 WSM  877609040  4096      0.029
01:33:37.333 nvme           1553945 Unknown N    -1         512       0.033
01:33:38.335 nvme           1553949 Unknown N    -1         512       0.098
01:33:39.337 nvme           1553963 Unknown N    -1         512       0.029
01:33:39.616 kworker        1259302 nvme1n1 W    1488674248 53248     0.131
01:33:39.617 kworker        1259302 nvme1n1 W    1486379008 131072    0.197
01:33:39.617 kworker        1259302 nvme1n1 W    1486379264 61440     0.234
01:33:39.617 kworker        1259302 nvme1n1 W    1488674352 32768     0.256
01:33:39.617 kworker        1259302 nvme1n1 W    1486379384 131072    0.334
01:33:39.617 kworker        1259302 nvme1n1 W    1486379640 90112     0.385
01:33:39.617 kworker        1259302 nvme1n1 W    1486162720 77824     0.433
01:33:39.617 kworker        1259302 nvme1n1 W    1488674416 45056     0.458
01:33:40.340 nvme           1553978 Unknown N    -1         512       0.035
01:33:40.937 jbd2/nv        391     nvme0n1 WSM  4307904    40960     1.355
01:33:40.938 jbd2/nv        391     nvme0n1 WSM  4307984    4096      1.044
01:33:41.327 amoprof        1271097 nvme1n1 W    1639644328 4096      0.051
