TIMESTAMP    COMM           PID     DISK    T    SECTOR     BYTES   LAT(ms)
04:15:15.910 nvme           1726198 Unknown N    -1         512       0.095
04:15:16.896 kworker        1696237 nvme1n1 W    1488256464 8192      0.056
04:15:16.896 jbd2/nv        752     nvme1n1 WSM  877909424  131072    0.147
04:15:16.896 jbd2/nv        752     nvme1n1 WSM  877909680  12288     0.152
04:15:16.896 jbd2/nv        752     nvme1n1 WSM  877909704  4096      0.034
04:15:16.913 nvme           1726250 Unknown N    -1         512       0.070
04:15:17.915 nvme           1726251 Unknown N    -1         512       0.094
04:15:18.917 nvme           1726253 Unknown N    -1         512       0.028
04:15:19.919 nvme           1726254 Unknown N    -1         512       0.031
04:15:20.922 nvme           1726255 Unknown N    -1         512       0.086
04:15:21.924 nvme           1726256 Unknown N    -1         512       0.034
04:15:22.017 kworker        1720485 nvme1n1 W    600057432  45056     0.094
04:15:22.017 kworker        1720485 nvme1n1 W    600057520  8192      0.068
04:15:22.017 jbd2/nv        752     nvme1n1 WSM  877909712  32768     0.081
04:15:22.017 jbd2/nv        752     nvme1n1 WSM  877909776  4096      0.036
04:15:22.018 kworker        1720485 nvme1n1 W    600057536  4096      0.070
04:15:22.018 kworker        1720485 nvme1n1 W    596020536  65536     0.107
04:15:22.018 kworker        1720485 nvme1n1 W    1553819296 131072    0.188
04:15:22.018 kworker        1720485 nvme1n1 W    1553819552 61440     0.222
04:15:22.018 kworker        1720485 nvme1n1 W    596020664  32768     0.240
04:15:22.018 kworker        1720485 nvme1n1 W    1553819672 131072    0.325
04:15:22.018 kworker        1720485 nvme1n1 W    1553819928 90112     0.384
04:15:22.018 kworker        1720485 nvme1n1 W    1534912616 77824     0.431
04:15:22.018 kworker        1720485 nvme1n1 WM   0          4096      0.170
04:15:22.018 kworker        1720485 nvme1n1 WM   712        4096      0.176
04:15:22.018 kworker        1720485 nvme1n1 WM   776        8192      0.176
04:15:22.018 kworker        1720485 nvme1n1 WM   840        4096      0.180
04:15:22.018 kworker        1720485 nvme1n1 WM   461373728  4096      0.184
04:15:22.018 kworker        1720485 nvme1n1 WM   583015744  4096      0.188
04:15:22.018 kworker        1720485 nvme1n1 WM   599785608  4096      0.190
04:15:22.018 kworker        1720485 nvme1n1 WM   599791872  8192      0.193
04:15:22.018 kworker        1720485 nvme1n1 WM   1484783720 4096      0.192
04:15:22.018 kworker        1720485 nvme1n1 W    596020728  45056     0.226
04:15:22.018 kworker        1720485 nvme1n1 WM   599791784  12288     0.229
04:15:22.018 kworker        1720485 nvme1n1 WM   599791816  24576     0.243
04:15:22.018 kworker        1720485 nvme1n1 WM   599791944  57344     0.292
04:15:22.018 kworker        1720485 nvme1n1 WM   1484789216 4096      0.071
04:15:22.018 kworker        1720485 nvme1n1 WM   1485058520 4096      0.072
04:15:22.018 kworker        1720485 nvme1n1 WM   1493844928 4096      0.076
04:15:22.018 kworker        1720485 nvme1n1 WM   1497663216 4096      0.079
04:15:22.018 kworker        1720485 nvme1n1 WM   1551892520 4096      0.081
04:15:22.018 kworker        1720485 nvme1n1 WM   1553227680 8192      0.085
04:15:22.018 kworker        1720485 nvme1n1 WM   1553227704 4096      0.090
04:15:22.018 kworker        1720485 nvme1n1 WM   1553280928 8192      0.093
04:15:22.018 kworker        1720485 nvme1n1 WM   1553329136 8192      0.099
04:15:22.018 kworker        1720485 nvme1n1 WM   1623195704 4096      0.101
04:15:22.018 kworker        1720485 nvme1n1 WM   1635778672 4096      0.107
04:15:22.018 kworker        1720485 nvme1n1 WM   1753219184 4096      0.107
04:15:22.018 kworker        1720485 nvme1n1 WM   1756414232 4096      0.110
04:15:22.018 kworker        1720485 nvme1n1 WM   1756912096 4096      0.112
04:15:22.018 kworker        1720485 nvme1n1 WM   1553248224 16384     0.122
04:15:22.018 kworker        1720485 nvme1n1 WM   1756912120 4096      0.031
04:15:22.018 kworker        1720485 nvme1n1 WM   1756950520 4096      0.032
04:15:22.926 nvme           1726257 Unknown N    -1         512       0.078
04:15:23.928 nvme           1726258 Unknown N    -1         512       0.027
04:15:24.931 nvme           1726259 Unknown N    -1         512       0.076
04:15:25.918 amoprof        1271097 nvme1n1 W    595930656  4096      0.057
