TIMESTAMP    COMM           PID     DISK    T    SECTOR     BYTES   LAT(ms)
02:35:57.953 nvme           1634967 Unknown N    -1         512       0.091
02:35:58.956 nvme           1635019 Unknown N    -1         512       0.030
02:35:59.958 nvme           1635020 Unknown N    -1         512       0.080
02:35:59.998 jbd2/nv        752     nvme1n1 WSM  877725912  102400    0.141
02:35:59.998 jbd2/nv        752     nvme1n1 WSM  877726112  4096      0.036
02:36:00.960 nvme           1635021 Unknown N    -1         512       0.029
02:36:01.963 nvme           1635022 Unknown N    -1         512       0.028
02:36:02.338 kworker        1613847 nvme1n1 W    595874184  86016     0.156
02:36:02.338 kworker        1613847 nvme1n1 W    1499647160 131072    0.224
02:36:02.338 kworker        1613847 nvme1n1 W    1499647416 61440     0.259
02:36:02.338 kworker        1613847 nvme1n1 W    595874352  32768     0.280
02:36:02.338 kworker        1613847 nvme1n1 W    1525981696 131072    0.356
02:36:02.338 kworker        1613847 nvme1n1 W    1525981952 90112     0.410
02:36:02.338 kworker        1613847 nvme1n1 W    1486511704 77824     0.457
02:36:02.338 kworker        1613847 nvme1n1 W    595874416  36864     0.479
02:36:02.965 nvme           1635023 Unknown N    -1         512       0.029
02:36:03.967 nvme           1635024 Unknown N    -1         512       0.027
02:36:04.969 nvme           1635025 Unknown N    -1         512       0.076
02:36:05.972 nvme           1635026 Unknown N    -1         512       0.028
02:36:06.236 jbd2/nv        752     nvme1n1 WSM  877726120  69632     0.111
02:36:06.236 jbd2/nv        752     nvme1n1 WSM  877726256  4096      0.032
02:36:06.974 nvme           1635027 Unknown N    -1         512       0.083
02:36:07.456 kworker        1620255 nvme1n1 W    591867128  8192      0.053
02:36:07.961 amoprof        1271097 nvme1n1 W    591816544  4096      0.050
