TIMESTAMP    COMM           PID     DISK    T    SECTOR     BYTES   LAT(ms)
05:03:02.206 nvme           1770139 Unknown N    -1         512       0.114
05:03:03.209 nvme           1770191 Unknown N    -1         512       0.075
05:03:04.211 nvme           1770192 Unknown N    -1         512       0.027
05:03:04.252 jbd2/nv        752     nvme1n1 WSM  877997128  98304     0.132
05:03:04.252 jbd2/nv        752     nvme1n1 WSM  877997320  4096      0.033
05:03:05.213 nvme           1770193 Unknown N    -1         512       0.030
05:03:06.215 nvme           1770194 Unknown N    -1         512       0.028
05:03:07.217 nvme           1770196 Unknown N    -1         512       0.032
05:03:08.220 nvme           1770197 Unknown N    -1         512       0.029
05:03:09.217 kworker        1696237 nvme1n1 W    596028392  90112     0.156
05:03:09.217 kworker        1696237 nvme1n1 W    1570182440 131072    0.226
05:03:09.217 kworker        1696237 nvme1n1 W    1570182696 61440     0.263
05:03:09.217 kworker        1696237 nvme1n1 W    596028568  32768     0.281
05:03:09.217 kworker        1696237 nvme1n1 W    1570099928 131072    0.364
05:03:09.217 kworker        1696237 nvme1n1 W    1570100184 90112     0.418
05:03:09.217 kworker        1696237 nvme1n1 W    1561831984 77824     0.467
05:03:09.217 kworker        1696237 nvme1n1 W    596028632  45056     0.493
05:03:09.222 nvme           1770198 Unknown N    -1         512       0.073
05:03:10.224 nvme           1770199 Unknown N    -1         512       0.028
05:03:10.494 jbd2/nv        752     nvme1n1 WSM  877997328  53248     0.101
05:03:10.494 jbd2/nv        752     nvme1n1 WSM  877997432  4096      0.031
05:03:11.227 nvme           1770200 Unknown N    -1         512       0.074
05:03:12.213 amoprof        1271097 nvme1n1 W    600212248  4096      0.054
