TIMESTAMP    COMM           PID     DISK    T    SECTOR     BYTES   LAT(ms)
07:37:41.936 ib_pg_f        125924  nvme1n1 WS   1740054528 98304     0.137
07:37:41.936 ib_pg_f        125924  nvme1n1 WS   1755202400 16384     0.045
07:37:41.936 ib_pg_f        125924  nvme1n1 WS   1622949264 16384     0.046
07:37:41.936 ib_pg_f        125924  nvme1n1 WS   1755159072 16384     0.051
07:37:41.936 ib_pg_f        125924  nvme1n1 WS   1740411808 16384     0.053
07:37:41.936 ib_pg_f        125924  nvme1n1 WS   1756836384 16384     0.051
07:37:41.936 ib_pg_f        125924  nvme1n1 WS   1757151392 16384     0.048
07:37:42.027 ib_log_        125924  nvme1n1 WS   1756741632 4096      0.044
07:37:42.132 nvme           2075395 Unknown N    -1         512       3.899
07:37:43.136 nvme           2075461 Unknown N    -1         512       0.041
07:37:43.825 ib_log_        125941  nvme1n1 WS   1755991144 4096      0.055
07:37:43.934 ib_pg_f        125941  nvme1n1 WS   1740107776 32768     0.067
07:37:43.934 ib_pg_f        125941  nvme1n1 WS   1756472000 16384     0.046
07:37:43.934 ib_pg_f        125941  nvme1n1 WS   1756416128 16384     0.049
07:37:44.096 kworker        1958706 nvme1n1 W    1622538760 4096      0.064
07:37:44.096 kworker        1958706 nvme1n1 W    1719353336 4096      0.070
07:37:44.139 nvme           2075476 Unknown N    -1         512       0.030
07:37:44.914 ib_log_        125941  nvme1n1 WS   1755987968 4096      0.054
07:37:45.141 nvme           2075480 Unknown N    -1         512       0.030
07:37:46.143 nvme           2075491 Unknown N    -1         512       0.029
07:37:46.145 kworker        1958706 nvme1n1 W    1622615768 8192      0.123
07:37:46.145 kworker        1958706 nvme1n1 W    612998432  73728     0.160
07:37:46.145 kworker        1958706 nvme1n1 W    1565398896 73728     0.212
07:37:46.145 kworker        1958706 nvme1n1 W    1565433712 73728     0.257
07:37:46.145 kworker        1958706 nvme1n1 W    1565435760 73728     0.299
07:37:46.145 kworker        1958706 nvme1n1 W    612998576  106496    0.382
07:37:46.145 kworker        1958706 nvme1n1 W    1559080536 131072    0.448
07:37:46.145 kworker        1958706 nvme1n1 W    1559080792 61440     0.484
07:37:46.145 kworker        1958706 nvme1n1 W    612998784  32768     0.504
07:37:46.145 kworker        1958706 nvme1n1 W    1559097856 131072    0.581
07:37:46.145 kworker        1958706 nvme1n1 W    1559098112 90112     0.639
07:37:46.145 kworker        1958706 nvme1n1 W    1622854712 77824     0.685
07:37:46.145 kworker        1958706 nvme1n1 W    612998848  28672     0.701
07:37:46.236 jbd2/nv        752     nvme1n1 WSM  878011040  131072    0.151
07:37:46.236 jbd2/nv        752     nvme1n1 WSM  878011296  28672     0.162
07:37:46.236 jbd2/nv        752     nvme1n1 WSM  878011352  4096      0.029
07:37:46.622 jbd2/nv        391     nvme0n1 WSM  4268640    24576     0.611
07:37:46.622 jbd2/nv        391     nvme0n1 WSM  4268688    4096      0.534
07:37:47.145 nvme           2075495 Unknown N    -1         512       0.031
07:37:48.148 nvme           2075510 Unknown N    -1         512       0.031
07:37:49.150 nvme           2075528 Unknown N    -1         512       0.033
07:37:50.152 nvme           2075532 Unknown N    -1         512       0.030
07:37:51.155 nvme           2075536 Unknown N    -1         512       0.120
07:37:51.264 kworker        1958706 nvme1n1 W    1757552184 4096      0.079
07:37:51.264 kworker        1958706 nvme1n1 W    1757552448 8192      0.085
07:37:51.264 kworker        1958706 nvme1n1 W    612998904  16384     0.096
07:37:51.264 kworker        1958706 nvme1n1 W    1757552192 131072    0.162
07:37:51.264 kworker        1958706 nvme1n1 W    612998936  28672     0.178
07:37:51.265 kworker        1696237 nvme0n1 W    15716824   8192      0.533
07:37:51.912 jbd2/nv        752     nvme1n1 WSM  878011360  40960     0.084
07:37:51.912 jbd2/nv        752     nvme1n1 WSM  878011440  4096      0.030
07:37:52.139 amoprof        1975872 nvme1n1 W    613003840  4096      0.056
