TIMESTAMP    COMM           PID     DISK    T    SECTOR     BYTES   LAT(ms)
03:23:05.847 nvme           1678244 Unknown N    -1         512       0.033
03:23:06.850 nvme           1678296 Unknown N    -1         512       0.032
03:23:07.852 nvme           1678297 Unknown N    -1         512       0.029
03:23:07.894 jbd2/nv        752     nvme1n1 WSM  877812976  102400    0.136
03:23:07.894 jbd2/nv        752     nvme1n1 WSM  877813176  4096      0.031
03:23:08.576 kworker        1666595 nvme1n1 WM   0          4096      0.105
03:23:08.576 kworker        1666595 nvme1n1 WM   288        4096      0.110
03:23:08.576 kworker        1666595 nvme1n1 WM   728        4096      0.118
03:23:08.576 kworker        1666595 nvme1n1 WM   784        4096      0.120
03:23:08.576 kworker        1666595 nvme1n1 WM   583015744  4096      0.120
03:23:08.576 kworker        1666595 nvme1n1 WM   591396872  4096      0.122
03:23:08.576 kworker        1666595 nvme1n1 WM   595591176  4096      0.123
03:23:08.576 kworker        1666595 nvme1n1 WM   595591320  4096      0.123
03:23:08.576 kworker        1666595 nvme1n1 WM   595604048  4096      0.124
03:23:08.576 kworker        1666595 nvme1n1 WM   1484789216 4096      0.124
03:23:08.576 kworker        1666595 nvme1n1 WM   1485058520 4096      0.126
03:23:08.576 kworker        1666595 nvme1n1 WM   1518338096 4096      0.126
03:23:08.576 kworker        1666595 nvme1n1 WM   1520036800 4096      0.126
03:23:08.576 kworker        1666595 nvme1n1 WM   1520066792 4096      0.127
03:23:08.576 kworker        1666595 nvme1n1 WM   595604064  45056     0.151
03:23:08.576 kworker        1666595 nvme1n1 WM   595604160  98304     0.217
03:23:08.576 kworker        1666595 nvme1n1 WM   1520066808 4096      0.052
03:23:08.576 kworker        1666595 nvme1n1 WM   1520086976 8192      0.057
03:23:08.576 kworker        1666595 nvme1n1 WM   1635778672 4096      0.060
03:23:08.576 kworker        1666595 nvme1n1 WM   1756912112 8192      0.067
03:23:08.576 kworker        1666595 nvme1n1 WM   1757049288 4096      0.068
03:23:08.576 kworker        1666595 nvme1n1 WM   1520087008 12288     0.076
03:23:08.576 kworker        1666595 nvme1n1 WM   1520106376 12288     0.082
03:23:08.577 kworker        1666595 nvme1n1 W    595970176  49152     0.069
03:23:08.854 nvme           1678298 Unknown N    -1         512       0.030
03:23:09.857 nvme           1678299 Unknown N    -1         512       0.027
03:23:10.859 nvme           1678300 Unknown N    -1         512       0.027
03:23:11.456 jbd2/nv        391     nvme0n1 WSM  4196920    32768     1.196
03:23:11.457 jbd2/nv        391     nvme0n1 WSM  4196984    4096      0.829
03:23:11.861 nvme           1678301 Unknown N    -1         512       0.030
03:23:12.161 kworker        1672356 nvme0n1 WM   2099200    4096      0.975
03:23:12.161 kworker        1672356 nvme0n1 WM   2103000    4096      1.001
03:23:12.161 kworker        1672356 nvme0n1 WM   6309888    4096      1.003
03:23:12.161 kworker        1672356 nvme0n1 WM   6310376    4096      1.005
03:23:12.161 kworker        1672356 nvme0n1 WM   10488672   4096      1.006
03:23:12.161 kworker        1672356 nvme0n1 WM   6310504    4096      1.009
03:23:12.161 kworker        1672356 nvme0n1 WM   2099224    4096      1.048
03:23:12.161 kworker        1672356 nvme0n1 WM   35653696   4096      1.047
03:23:12.161 kworker        1672356 nvme0n1 WM   9089776    4096      1.050
03:23:12.161 kworker        1672356 nvme0n1 WM   14705952   4096      1.051
03:23:12.863 nvme           1678302 Unknown N    -1         512       0.027
03:23:13.696 kworker        1672356 nvme1n1 W    595962088  4096      0.054
03:23:13.696 jbd2/nv        752     nvme1n1 WSM  877813184  36864     0.080
03:23:13.696 jbd2/nv        752     nvme1n1 WSM  877813256  4096      0.032
03:23:13.697 kworker        1672356 nvme1n1 W    595962096  49152     0.100
03:23:13.697 kworker        1672356 nvme1n1 W    596113808  131072    0.181
03:23:13.697 kworker        1672356 nvme1n1 W    596114064  61440     0.218
03:23:13.697 kworker        1672356 nvme1n1 W    595962192  32768     0.236
03:23:13.697 kworker        1672356 nvme1n1 W    596114184  131072    0.314
03:23:13.697 kworker        1672356 nvme1n1 W    596114440  90112     0.369
03:23:13.697 kworker        1672356 nvme1n1 W    596114616  77824     0.416
03:23:13.697 kworker        1672356 nvme1n1 W    595962256  45056     0.442
03:23:13.866 nvme           1678303 Unknown N    -1         512       0.030
03:23:14.209 kworker        1672356 nvme0n1 W    37875888   4096      1.008
03:23:14.868 nvme           1678304 Unknown N    -1         512       0.028
03:23:15.856 amoprof        1271097 nvme1n1 W    595927280  4096      0.056
