TIMESTAMP    COMM           PID     DISK    T    SECTOR     BYTES   LAT(ms)
02:52:56.039 jbd2/nv        752     nvme1n1 WSM  877757640  126976    0.160
02:52:56.039 jbd2/nv        752     nvme1n1 WSM  877757888  4096      0.030
02:52:56.086 nvme           1650522 Unknown N    -1         512       0.034
02:52:56.608 kworker        1646728 nvme1n1 W    1625053576 8192      0.056
02:52:57.089 nvme           1650574 Unknown N    -1         512       0.075
02:52:58.091 nvme           1650575 Unknown N    -1         512       0.028
02:52:59.094 nvme           1650576 Unknown N    -1         512       0.029
02:53:00.096 nvme           1650577 Unknown N    -1         512       0.027
02:53:01.098 nvme           1650578 Unknown N    -1         512       0.028
02:53:01.216 kworker        1646728 nvme1n1 W    595923448  8192      0.060
02:53:01.216 jbd2/nv        752     nvme1n1 WSM  877757896  69632     0.095
02:53:01.216 jbd2/nv        752     nvme1n1 WSM  877758032  4096      0.029
02:53:01.217 kworker        1646728 nvme1n1 W    595923464  86016     0.130
02:53:01.217 kworker        1646728 nvme1n1 W    1526074232 131072    0.208
02:53:01.217 kworker        1646728 nvme1n1 W    1526074488 61440     0.244
02:53:01.217 kworker        1646728 nvme1n1 W    595923632  32768     0.263
02:53:01.217 kworker        1646728 nvme1n1 W    1526074608 131072    0.342
02:53:01.217 kworker        1646728 nvme1n1 W    1526074864 90112     0.396
02:53:01.217 kworker        1646728 nvme1n1 W    1499433520 77824     0.442
02:53:01.217 kworker        1646728 nvme1n1 W    595923696  45056     0.468
02:53:02.100 nvme           1650579 Unknown N    -1         512       0.031
02:53:03.102 nvme           1650580 Unknown N    -1         512       0.073
02:53:04.105 nvme           1650581 Unknown N    -1         512       0.085
02:53:05.107 nvme           1650582 Unknown N    -1         512       0.076
02:53:06.094 amoprof        1271097 nvme1n1 W    595854752  4096      0.054
