TIMESTAMP    COMM           PID     DISK    T    SECTOR     BYTES   LAT(ms)
09:27:59.624 nvme           2214945 Unknown N    -1         512       0.036
09:28:00.627 nvme           2214997 Unknown N    -1         512       0.027
09:28:01.629 nvme           2214999 Unknown N    -1         512       0.024
09:28:02.631 nvme           2215000 Unknown N    -1         512       0.024
09:28:02.710 jbd2/nv        752     nvme1n1 WSM  878536112  131072    0.168
09:28:02.710 jbd2/nv        752     nvme1n1 WSM  878536368  20480     0.173
09:28:02.710 jbd2/nv        752     nvme1n1 WSM  878536408  4096      0.029
09:28:03.634 nvme           2215001 Unknown N    -1         512       0.026
09:28:04.636 nvme           2215002 Unknown N    -1         512       0.027
09:28:05.638 nvme           2215003 Unknown N    -1         512       0.024
09:28:06.640 nvme           2215005 Unknown N    -1         512       0.024
09:28:06.783 dockerd        1436    nvme1n1 WS   617222208  4096      0.051
09:28:06.783 jbd2/nv        752     nvme1n1 WSM  878536416  36864     0.068
09:28:06.783 jbd2/nv        752     nvme1n1 WSM  878536488  4096      0.029
09:28:06.783 dockerd        1436    nvme1n1 WS   617222216  4096      0.032
09:28:06.783 jbd2/nv        752     nvme1n1 WSM  878536496  32768     0.052
09:28:06.783 jbd2/nv        752     nvme1n1 WSM  878536560  4096      0.028
09:28:06.823 contain        1195    nvme1n1 WS   1730873776 4096      0.063
09:28:06.823 contain        1195    nvme1n1 WS   1730873920 8192      0.071
09:28:06.823 contain        1195    nvme1n1 WS   1730874136 4096      0.073
09:28:06.823 contain        1195    nvme1n1 WS   1429520    4096      0.030
09:28:06.834 dockerd        1436    nvme1n1 WS   830734344  4096      0.054
09:28:06.834 dockerd        1436    nvme1n1 WS   1757812072 4096      0.062
09:28:06.834 dockerd        1436    nvme1n1 WS   1757812088 8192      0.066
09:28:06.834 dockerd        1436    nvme1n1 WS   1323304    4096      0.032
09:28:06.844 dockerd        1436    nvme1n1 WS   1539981568 4096      0.051
09:28:06.844 dockerd        1436    nvme1n1 WS   1528463896 4096      0.057
09:28:06.844 dockerd        1436    nvme1n1 WS   1757812080 4096      0.058
09:28:06.844 dockerd        1436    nvme1n1 WS   1757812120 8192      0.061
09:28:06.844 dockerd        1436    nvme1n1 WS   1323312    4096      0.028
09:28:06.845 dockerd        1436    nvme1n1 W    1558550008 4096      0.030
09:28:06.845 dockerd        1436    nvme1n1 WS   1757812072 4096      0.034
09:28:06.845 dockerd        1436    nvme1n1 WS   1757812088 12288     0.040
09:28:06.845 dockerd        1436    nvme1n1 WS   1323304    4096      0.026
09:28:06.871 dockerd        1436    nvme1n1 WS   1539981568 4096      0.061
09:28:06.871 dockerd        1436    nvme1n1 WS   1528463896 4096      0.077
09:28:06.871 dockerd        1436    nvme1n1 WS   1757812080 4096      0.079
09:28:06.871 dockerd        1436    nvme1n1 WS   1757812112 4096      0.082
09:28:06.871 dockerd        1436    nvme1n1 WS   1323312    4096      0.029
09:28:06.872 dockerd        1436    nvme1n1 WS   830734344  4096      0.036
09:28:06.872 dockerd        1436    nvme1n1 WS   1757812088 12288     0.043
09:28:06.872 dockerd        1436    nvme1n1 WS   1323304    4096      0.027
09:28:06.875 kworker        2196707 nvme1n1 W    1618070192 12288     0.054
09:28:06.875 kworker        2132741 nvme1n1 W    616918488  8192      0.056
09:28:06.875 kworker        2185392 nvme1n1 W    1558570296 16384     0.058
09:28:06.875 kworker        2211508 nvme1n1 W    616918480  4096      0.077
09:28:06.875 kworker        2211508 nvme1n1 W    1623694648 4096      0.078
09:28:06.875 kworker        2211508 nvme1n1 W    616985168  4096      0.076
09:28:06.876 kworker        2211508 nvme1n1 W    616876896  98304     0.136
09:28:06.876 kworker        2211508 nvme1n1 W    1757594776 53248     0.165
09:28:06.876 kworker        2211508 nvme1n1 W    616877088  131072    0.253
09:28:06.876 kworker        2211508 nvme1n1 W    616877344  86016     0.300
09:28:06.876 kworker        2211508 nvme1n1 W    616877512  53248     0.332
09:28:06.876 kworker        2211508 nvme1n1 W    1664698328 131072    0.328
09:28:06.876 kworker        2211508 nvme1n1 W    1664698584 61440     0.237
09:28:06.876 kworker        2211508 nvme1n1 W    616877616  32768     0.256
09:28:06.876 kworker        2211508 nvme1n1 W    1664698704 131072    0.343
09:28:06.876 kworker        2211508 nvme1n1 W    1664698960 90112     0.397
09:28:06.876 kworker        2211508 nvme1n1 W    1559113104 77824     0.282
09:28:06.876 kworker        2211508 nvme1n1 W    616877680  49152     0.310
09:28:06.876 dockerd        1436    nvme1n1 WM   280        4096      0.240
09:28:06.876 dockerd        1436    nvme1n1 WM   352        4096      0.254
09:28:06.876 dockerd        1436    nvme1n1 WM   461373704  4096      0.256
09:28:06.876 dockerd        1436    nvme1n1 WM   570425360  4096      0.259
09:28:06.876 dockerd        1436    nvme1n1 WM   591662632  4096      0.260
09:28:06.876 dockerd        1436    nvme1n1 WM   591663008  4096      0.261
09:28:06.876 dockerd        1436    nvme1n1 WM   591664888  4096      0.263
09:28:06.876 dockerd        1436    nvme1n1 WM   591666224  4096      0.267
09:28:06.876 dockerd        1436    nvme1n1 WM   591666736  4096      0.268
09:28:06.876 dockerd        1436    nvme1n1 WM   591667432  4096      0.269
09:28:06.876 jbd2/nv        752     nvme1n1 WSM  878536568  131072    0.301
09:28:06.876 jbd2/nv        752     nvme1n1 WSM  878536824  32768     0.303
09:28:06.876 dockerd        1436    nvme1n1 WM   591667576  4096      0.074
09:28:06.876 dockerd        1436    nvme1n1 WM   591667744  4096      0.076
09:28:06.876 dockerd        1436    nvme1n1 WM   591668504  4096      0.084
09:28:06.876 dockerd        1436    nvme1n1 WM   591668648  4096      0.086
09:28:06.876 dockerd        1436    nvme1n1 WM   616562840  4096      0.087
09:28:06.876 dockerd        1436    nvme1n1 WM   616573368  4096      0.089
09:28:06.876 dockerd        1436    nvme1n1 WM   616578784  4096      0.095
09:28:06.876 dockerd        1436    nvme1n1 WM   616876880  8192      0.095
09:28:06.876 dockerd        1436    nvme1n1 WM   721420352  4096      0.102
09:28:06.876 dockerd        1436    nvme1n1 WM   1532109352 4096      0.104
09:28:06.876 dockerd        1436    nvme1n1 WM   1551892488 4096      0.106
09:28:06.876 dockerd        1436    nvme1n1 WM   1707589104 4096      0.112
09:28:06.876 dockerd        1436    nvme1n1 WM   616578848  12288     0.118
09:28:06.876 dockerd        1436    nvme1n1 WM   1552182928 12288     0.120
09:28:06.876 kworker        2185392 nvme1n1 WS   1558570328 4096      0.055
09:28:06.876 jbd2/nv        752     nvme1n1 WSM  878536888  4096      0.040
09:28:06.876 jbd2/nv        752     nvme1n1 WSM  878536896  24576     0.047
09:28:06.876 jbd2/nv        752     nvme1n1 WSM  878536944  4096      0.028
09:28:06.877 dockerd        1436    nvme1n1 WSM  0          4096      0.076
09:28:06.877 dockerd        1436    nvme1n1 WSM  48         4096      0.079
09:28:06.877 dockerd        1436    nvme1n1 WSM  224        4096      0.084
09:28:06.877 dockerd        1436    nvme1n1 WSM  288        8192      0.086
09:28:06.877 dockerd        1436    nvme1n1 WSM  744        4096      0.091
09:28:06.877 dockerd        1436    nvme1n1 WSM  776        4096      0.092
09:28:06.877 dockerd        1436    nvme1n1 WSM  800        4096      0.093
09:28:06.877 dockerd        1436    nvme1n1 WSM  840        4096      0.094
09:28:06.877 dockerd        1436    nvme1n1 WSM  83886208   4096      0.097
09:28:06.877 dockerd        1436    nvme1n1 WSM  83886344   8192      0.103
09:28:06.877 dockerd        1436    nvme1n1 WSM  461373568  4096      0.106
09:28:06.877 dockerd        1436    nvme1n1 WSM  461373696  4096      0.112
09:28:06.877 dockerd        1436    nvme1n1 WSM  461374248  4096      0.115
09:28:06.877 dockerd        1436    nvme1n1 WSM  591396872  4096      0.119
09:28:06.877 dockerd        1436    nvme1n1 WSM  591663072  4096      0.123
09:28:06.877 dockerd        1436    nvme1n1 WSM  616562696  8192      0.124
09:28:06.877 dockerd        1436    nvme1n1 WSM  616573448  4096      0.065
09:28:06.877 dockerd        1436    nvme1n1 WSM  616578840  4096      0.065
09:28:06.877 dockerd        1436    nvme1n1 WSM  1484789216 4096      0.074
09:28:06.877 dockerd        1436    nvme1n1 WSM  1485401008 4096      0.075
09:28:06.877 dockerd        1436    nvme1n1 WSM  1493172480 4096      0.078
09:28:06.877 dockerd        1436    nvme1n1 WSM  1493172504 4096      0.081
09:28:06.877 dockerd        1436    nvme1n1 WSM  1532036064 4096      0.085
09:28:06.877 dockerd        1436    nvme1n1 WSM  1556086856 4096      0.088
09:28:06.877 dockerd        1436    nvme1n1 WSM  1556086872 4096      0.089
09:28:06.877 dockerd        1436    nvme1n1 WSM  1614807136 4096      0.089
09:28:06.877 dockerd        1436    nvme1n1 WSM  1660944496 4096      0.094
09:28:06.877 dockerd        1436    nvme1n1 WSM  1707383280 4096      0.094
09:28:06.877 dockerd        1436    nvme1n1 WSM  1757413376 4096      0.095
09:28:06.877 dockerd        1436    nvme1n1 WSM  616578792  20480     0.110
09:28:06.878 dockerd        1436    nvme1n1 WS   1558556072 4096      0.038
09:28:06.878 jbd2/nv        752     nvme1n1 WSM  878536952  57344     0.073
09:28:06.878 jbd2/nv        752     nvme1n1 WSM  878537064  4096      0.026
09:28:06.878 dockerd        1436    nvme1n1 WS   1558556080 4096      0.032
09:28:06.878 jbd2/nv        752     nvme1n1 WSM  878537072  45056     0.060
09:28:06.878 jbd2/nv        752     nvme1n1 WSM  878537160  4096      0.026
09:28:06.878 dockerd        1436    nvme1n1 WS   1558556088 4096      0.036
09:28:06.879 jbd2/nv        752     nvme1n1 WSM  878537168  45056     0.062
09:28:06.879 jbd2/nv        752     nvme1n1 WSM  878537256  4096      0.027
09:28:06.879 dockerd        1436    nvme1n1 WS   1558556096 4096      0.034
09:28:06.879 jbd2/nv        752     nvme1n1 WSM  878537264  32768     0.057
09:28:06.879 jbd2/nv        752     nvme1n1 WSM  878537328  4096      0.030
09:28:06.879 contain        1195    nvme1n1 WS   1730873952 4096      0.059
09:28:06.879 contain        1195    nvme1n1 WS   1730874000 4096      0.067
09:28:06.879 contain        1195    nvme1n1 WS   1730874088 4096      0.068
09:28:06.879 contain        1195    nvme1n1 WS   1730874112 4096      0.073
09:28:06.879 contain        1195    nvme1n1 WS   1730874128 4096      0.074
09:28:06.879 contain        1195    nvme1n1 WS   1429528    4096      0.032
09:28:06.884 contain        1195    nvme1n1 WS   1730873824 4096      0.059
09:28:06.884 contain        1195    nvme1n1 WS   1730874136 4096      0.066
09:28:06.884 contain        1195    nvme1n1 WS   1730874160 4096      0.067
09:28:06.884 contain        1195    nvme1n1 WS   1730873920 12288     0.074
09:28:06.884 contain        1195    nvme1n1 WS   1429520    4096      0.027
09:28:06.885 contain        1195    nvme1n1 WS   311201600  4096      0.049
09:28:06.885 contain        1195    nvme1n1 WS   1725789792 4096      0.056
09:28:06.885 contain        1195    nvme1n1 WS   1725789848 4096      0.057
09:28:06.885 contain        1195    nvme1n1 WS   1725789944 16384     0.060
09:28:06.885 contain        1195    nvme1n1 WS   1707371880 4096      0.027
09:28:06.885 contain        1195    nvme1n1 WS   1725789816 8192      0.046
09:28:06.885 contain        1195    nvme1n1 WS   1725789872 4096      0.051
09:28:06.885 contain        1195    nvme1n1 WS   1725789888 4096      0.055
09:28:06.885 contain        1195    nvme1n1 WS   1725789928 8192      0.057
09:28:06.885 contain        1195    nvme1n1 WS   1725789976 4096      0.060
09:28:06.885 contain        1195    nvme1n1 WS   1707371888 4096      0.028
09:28:06.885 contain        1195    nvme1n1 WS   311201600  4096      0.033
09:28:06.885 contain        1195    nvme1n1 WS   1707371880 4096      0.027
09:28:07.643 nvme           2215053 Unknown N    -1         512       0.027
09:28:08.645 nvme           2215054 Unknown N    -1         512       0.025
09:28:09.632 amoprof        2179165 nvme1n1 W    616937624  4096      0.056
