TIMESTAMP    COMM           PID     DISK    T    SECTOR     BYTES   LAT(ms)
00:50:46.360 ib_log_        125924  nvme1n1 WS   1738277256 4096      0.054
00:50:46.360 ib_log_        125924  nvme1n1 WS   1738277264 8192      0.034
00:50:46.360 jbd2/nv        752     nvme1n1 WSM  877523064  131072    0.149
00:50:46.360 jbd2/nv        752     nvme1n1 WSM  877523320  28672     0.155
00:50:46.360 jbd2/nv        752     nvme1n1 WSM  877523376  4096      0.035
00:50:46.360 ib_log_        125924  nvme1n1 WS   1738277264 4096      0.029
00:50:46.361 ib_log_        125924  nvme1n1 WS   1738277264 8192      0.037
00:50:46.361 connect        125924  nvme1n1 WS   313170288  4096      0.034
00:50:46.361 jbd2/nv        752     nvme1n1 WSM  877523384  12288     0.038
00:50:46.361 jbd2/nv        752     nvme1n1 WSM  877523408  4096      0.027
00:50:46.361 ib_log_        125924  nvme1n1 WS   1738277272 4096      0.027
00:50:46.361 ib_log_        125924  nvme1n1 WS   1738277272 4096      0.027
00:50:46.362 jbd2/nv        752     nvme1n1 WSM  877523416  40960     0.058
00:50:46.362 jbd2/nv        752     nvme1n1 WSM  877523496  4096      0.027
00:50:46.362 ib_log_        125924  nvme1n1 WS   1738277272 4096      0.027
00:50:46.362 ib_log_        125924  nvme1n1 WS   1738277272 4096      0.029
00:50:46.362 ib_log_        125924  nvme1n1 WS   1738277272 4096      0.027
00:50:46.400 ib_log_        125924  nvme1n1 WS   1738277272 4096      0.051
00:50:46.401 ib_log_        125924  nvme1n1 WS   1738277272 4096      0.039
00:50:46.401 ib_log_        125924  nvme1n1 WS   1738277280 8192      0.032
00:50:46.401 jbd2/nv        752     nvme1n1 WSM  877523504  45056     0.071
00:50:46.401 jbd2/nv        752     nvme1n1 WSM  877523592  4096      0.026
00:50:46.477 ib_pg_f        125924  nvme1n1 WS   1740046336 131072    0.176
00:50:46.477 ib_pg_f        125924  nvme1n1 WS   1740046592 131072    0.238
00:50:46.477 ib_pg_f        125924  nvme1n1 WS   1740046848 131072    0.315
00:50:46.477 ib_pg_f        125924  nvme1n1 WS   1740047104 131072    0.389
00:50:46.477 ib_pg_f        125924  nvme1n1 WS   1740047360 131072    0.467
00:50:46.477 ib_pg_f        125924  nvme1n1 WS   1740047616 131072    0.543
00:50:46.477 ib_pg_f        125924  nvme1n1 WS   1740047872 131072    0.619
00:50:46.477 ib_pg_f        125924  nvme1n1 WS   1740048128 114688    0.689
00:50:46.478 ib_pg_f        125924  nvme1n1 WS   1755201952 16384     0.052
00:50:46.478 ib_pg_f        125924  nvme1n1 WS   1757716032 16384     0.052
00:50:46.478 ib_pg_f        125924  nvme1n1 WS   1757716192 16384     0.056
00:50:46.478 ib_pg_f        125924  nvme1n1 WS   1740414272 16384     0.061
00:50:46.478 ib_pg_f        125924  nvme1n1 WS   1757760192 16384     0.077
00:50:46.478 ib_pg_f        125924  nvme1n1 WS   1740077600 16384     0.083
00:50:46.478 ib_pg_f        125924  nvme1n1 WS   1755202400 16384     0.089
00:50:46.478 ib_pg_f        125924  nvme1n1 WS   1757691744 16384     0.086
00:50:46.478 ib_pg_f        125924  nvme1n1 WS   1755159072 16384     0.092
00:50:46.478 ib_pg_f        125924  nvme1n1 WS   1755202624 16384     0.102
00:50:46.478 ib_pg_f        125924  nvme1n1 WS   813984     16384     0.099
00:50:46.478 ib_pg_f        125924  nvme1n1 WS   814016     16384     0.099
00:50:46.478 ib_pg_f        125924  nvme1n1 WS   814048     16384     0.104
00:50:46.478 ib_pg_f        125924  nvme1n1 WS   814080     16384     0.093
00:50:46.478 ib_pg_f        125924  nvme1n1 WS   1437024    16384     0.091
00:50:46.478 ib_pg_f        125924  nvme1n1 WS   1436000    16384     0.093
00:50:46.478 ib_pg_f        125924  nvme1n1 WS   1436160    16384     0.096
00:50:46.478 ib_pg_f        125924  nvme1n1 WS   1436768    16384     0.096
00:50:46.478 ib_pg_f        125924  nvme1n1 WS   1757690592 16384     0.042
00:50:46.478 ib_pg_f        125924  nvme1n1 WS   1757760512 16384     0.045
00:50:46.478 ib_pg_f        125924  nvme1n1 WS   1756547840 16384     0.052
00:50:46.478 ib_pg_f        125924  nvme1n1 WS   1520145408 16384     0.055
00:50:46.478 ib_pg_f        125924  nvme1n1 WS   1520145440 16384     0.058
00:50:46.478 ib_pg_f        125924  nvme1n1 WS   1436640    16384     0.069
00:50:46.478 ib_pg_f        125924  nvme1n1 WS   1520145216 16384     0.073
00:50:46.478 ib_pg_f        125924  nvme1n1 WS   1520144384 16384     0.077
00:50:46.478 ib_pg_f        125924  nvme1n1 WS   1520107936 16384     0.079
00:50:46.478 ib_pg_f        125924  nvme1n1 WS   1520145376 16384     0.083
00:50:46.478 ib_pg_f        125924  nvme1n1 WS   813696     16384     0.091
00:50:46.478 ib_pg_f        125924  nvme1n1 WS   813728     16384     0.083
00:50:46.478 ib_pg_f        125924  nvme1n1 WS   813760     16384     0.079
00:50:46.478 ib_pg_f        125924  nvme1n1 WS   813792     16384     0.097
00:50:46.478 ib_pg_f        125924  nvme1n1 WS   813824     16384     0.105
00:50:46.478 ib_pg_f        125924  nvme1n1 WS   813888     16384     0.103
00:50:46.478 ib_pg_f        125924  nvme1n1 WS   813920     16384     0.095
00:50:46.478 ib_pg_f        125924  nvme1n1 WS   813952     16384     0.092
00:50:46.478 ib_pg_f        125924  nvme1n1 WS   813152     16384     0.092
00:50:46.478 ib_pg_f        125924  nvme1n1 WS   813184     16384     0.103
00:50:46.478 ib_pg_f        125924  nvme1n1 WS   813216     16384     0.100
00:50:46.478 ib_pg_f        125924  nvme1n1 WS   1755159040 16384     0.098
00:50:46.478 ib_pg_f        125924  nvme1n1 WS   1740414816 16384     0.104
00:50:46.478 ib_pg_f        125924  nvme1n1 WS   1740077632 16384     0.115
00:50:46.478 ib_pg_f        125924  nvme1n1 WS   1755207168 16384     0.097
00:50:46.478 ib_pg_f        125924  nvme1n1 WS   1755159104 16384     0.101
00:50:46.478 ib_pg_f        125924  nvme1n1 WS   1740414304 16384     0.106
00:50:46.478 ib_pg_f        125924  nvme1n1 WS   1740077664 16384     0.111
00:50:46.478 ib_pg_f        125924  nvme1n1 WS   1755202048 16384     0.107
00:50:46.478 ib_pg_f        125924  nvme1n1 WS   1756836384 16384     0.104
00:50:46.478 ib_pg_f        125924  nvme1n1 WS   1757151392 16384     0.110
00:50:46.478 ib_pg_f        125924  nvme1n1 WS   1437184    16384     0.109
00:50:46.478 ib_pg_f        125924  nvme1n1 WS   1757681504 16384     0.103
00:50:46.478 ib_pg_f        125924  nvme1n1 WS   1757691392 16384     0.108
00:50:46.478 ib_pg_f        125924  nvme1n1 WS   37650336   16384     0.107
00:50:46.478 ib_pg_f        125924  nvme1n1 WS   1757759488 16384     0.113
00:50:46.478 ib_pg_f        125924  nvme1n1 WS   1437504    16384     0.111
00:50:46.478 ib_pg_f        125924  nvme1n1 WS   1757689856 16384     0.114
00:50:46.478 ib_pg_f        125924  nvme1n1 WS   1756836768 16384     0.108
00:50:46.478 ib_pg_f        125924  nvme1n1 WS   1757759712 16384     0.110
00:50:46.478 ib_pg_f        125924  nvme1n1 WS   1756547808 16384     0.109
00:50:46.478 ib_pg_f        125924  nvme1n1 WS   1757691296 16384     0.110
00:50:46.478 ib_pg_f        125924  nvme1n1 WS   818976     16384     0.111
00:50:46.478 ib_pg_f        125924  nvme1n1 WS   1437088    16384     0.109
00:50:46.478 ib_pg_f        125924  nvme1n1 WS   1757759680 16384     0.113
00:50:46.510 ib_log_        125924  nvme1n1 WS   1738277280 4096      0.055
00:50:46.602 nvme           1493841 Unknown N    -1         512       0.049
00:50:47.604 nvme           1493902 Unknown N    -1         512       0.035
00:50:47.840 kworker        1461926 nvme1n1 W    1719353224 4096      0.058
00:50:48.241 systemd        229470  nvme0n1 WS   7337992    4096      1.011
00:50:48.242 jbd2/nv        391     nvme0n1 WSM  4299608    40960     1.339
00:50:48.243 jbd2/nv        391     nvme0n1 WSM  4299688    4096      0.797
00:50:48.477 ib_pg_f        125924  nvme1n1 WS   1740054528 16384     0.063
00:50:48.477 ib_pg_f        125924  nvme1n1 WS   1757151392 16384     0.041
00:50:48.607 nvme           1493906 Unknown N    -1         512       0.076
00:50:49.376 kworker        1461926 nvme1n1 W    1532246504 8192      0.063
00:50:49.376 kworker        1461926 nvme1n1 W    587570840  45056     0.080
00:50:49.409 ib_log_        125924  nvme1n1 WS   1738277280 4096      0.050
00:50:49.409 ib_log_        125924  nvme1n1 WS   1738276864 4096      0.038
00:50:49.477 ib_pg_f        125924  nvme1n1 WS   1740046336 16384     0.059
00:50:49.477 ib_pg_f        125924  nvme1n1 WS   1757760160 16384     0.041
00:50:49.609 nvme           1493921 Unknown N    -1         512       0.050
00:50:50.410 ib_log_        125924  nvme1n1 WS   1738276864 4096      0.053
00:50:50.611 nvme           1493936 Unknown N    -1         512       0.034
00:50:51.613 nvme           1493940 Unknown N    -1         512       0.074
00:50:51.770 jbd2/nv        752     nvme1n1 WSM  877523600  98304     0.129
00:50:51.770 jbd2/nv        752     nvme1n1 WSM  877523792  4096      0.030
00:50:52.616 nvme           1493944 Unknown N    -1         512       0.032
00:50:53.618 nvme           1493954 Unknown N    -1         512       0.075
00:50:54.497 kworker        1461926 nvme1n1 W    587517440  53248     0.135
00:50:54.497 kworker        1461926 nvme1n1 W    1667118432 131072    0.202
00:50:54.497 kworker        1461926 nvme1n1 W    1667118688 61440     0.236
00:50:54.497 kworker        1461926 nvme1n1 W    587517544  32768     0.259
00:50:54.497 kworker        1461926 nvme1n1 W    1667162624 131072    0.335
00:50:54.497 kworker        1461926 nvme1n1 W    1667162880 90112     0.390
00:50:54.497 kworker        1461926 nvme1n1 W    844701456  77824     0.439
00:50:54.497 kworker        1461926 nvme1n1 W    587517608  45056     0.465
00:50:54.620 nvme           1493968 Unknown N    -1         512       0.026
00:50:55.520 kworker        1491569 nvme1n1 W    1625052272 4096      0.055
00:50:55.622 nvme           1493977 Unknown N    -1         512       0.097
00:50:56.609 amoprof        1271097 nvme1n1 W    587558392  4096      0.055
