TIMESTAMP    COMM           PID     DISK    T    SECTOR     BYTES   LAT(ms)
05:43:39.580 python3        1784368 nvme1n1 WS   1640968192 131072    0.211
05:43:39.580 python3        1784368 nvme1n1 WS   1640968448 131072    0.294
05:43:39.581 python3        1784368 nvme1n1 WS   1640968704 131072    0.322
05:43:39.581 python3        1784368 nvme1n1 WS   1640968960 131072    0.404
05:43:39.581 python3        1784368 nvme1n1 WS   1640969216 131072    0.490
05:43:39.581 python3        1784368 nvme1n1 WS   1640969472 131072    0.563
05:43:39.581 python3        1784368 nvme1n1 WS   1640969728 131072    0.643
05:43:39.581 python3        1784368 nvme1n1 WS   1640969984 131072    0.709
05:43:39.581 python3        1784368 nvme1n1 WS   1640970240 131072    0.785
05:43:39.581 python3        1784368 nvme1n1 WS   1640970496 131072    0.867
05:43:39.581 python3        1784368 nvme1n1 WS   1640970752 131072    0.946
05:43:39.581 python3        1784368 nvme1n1 WS   1640971008 131072    1.028
05:43:39.581 python3        1784368 nvme1n1 WS   1640971264 131072    1.113
05:43:39.581 python3        1784368 nvme1n1 WS   1640971520 131072    1.191
05:43:39.582 python3        1784368 nvme1n1 WS   1640971776 131072    1.275
05:43:39.582 python3        1784368 nvme1n1 WS   1640972032 131072    1.337
05:43:39.582 python3        1784368 nvme1n1 WS   1641021440 131072    1.419
05:43:39.582 python3        1784368 nvme1n1 WS   1641021696 131072    1.502
05:43:39.582 python3        1784368 nvme1n1 WS   1640972288 131072    1.582
05:43:39.582 python3        1784368 nvme1n1 WS   1640972544 131072    1.657
05:43:39.582 python3        1784368 nvme1n1 WS   1640972800 131072    1.736
05:43:39.582 python3        1784368 nvme1n1 WS   1640973056 131072    1.817
05:43:39.582 python3        1784368 nvme1n1 WS   1640973312 131072    1.899
05:43:39.582 python3        1784368 nvme1n1 WS   1640973568 131072    1.980
05:43:39.582 python3        1784368 nvme1n1 WS   1640973824 131072    2.059
05:43:39.582 python3        1784366 nvme1n1 WS   1640980480 131072    2.146
05:43:39.583 python3        1784369 nvme1n1 WS   1640984576 131072    2.221
05:43:39.583 python3        1784369 nvme1n1 WS   1640984832 131072    2.289
05:43:39.583 python3        1784369 nvme1n1 WS   1640985088 131072    2.366
05:43:39.583 python3        1784369 nvme1n1 WS   1640985344 131072    2.442
05:43:39.583 python3        1784369 nvme1n1 WS   1640985600 131072    2.518
05:43:39.583 python3        1784369 nvme1n1 WS   1640985856 131072    2.596
05:43:39.583 python3        1784369 nvme1n1 WS   1640986112 131072    2.671
05:43:39.583 python3        1784366 nvme1n1 WS   1640980736 131072    2.763
05:43:39.583 python3        1784366 nvme1n1 WS   1640980992 131072    2.840
05:43:39.583 python3        1784366 nvme1n1 WS   1640981248 131072    2.917
05:43:39.583 python3        1784366 nvme1n1 WS   1640981504 131072    3.009
05:43:39.583 python3        1784366 nvme1n1 WS   1640981760 131072    3.071
05:43:39.583 python3        1784366 nvme1n1 WS   1640982016 131072    3.146
05:43:39.584 python3        1784366 nvme1n1 WS   1640976384 131072    3.247
05:43:39.584 python3        1784366 nvme1n1 WS   1640976640 131072    3.314
05:43:39.584 python3        1784366 nvme1n1 WS   1640976896 131072    3.388
05:43:39.584 python3        1784366 nvme1n1 WS   1640977152 131072    3.461
05:43:39.584 python3        1784366 nvme1n1 WS   1640977408 131072    3.538
05:43:39.584 python3        1784367 nvme1n1 WS   1625190400 131072    3.619
05:43:39.584 python3        1784366 nvme1n1 WS   1640977664 131072    3.699
05:43:39.584 python3        1784367 nvme1n1 WS   1625190656 131072    3.777
05:43:39.584 python3        1784366 nvme1n1 WS   1640977920 131072    3.858
05:43:39.584 python3        1784367 nvme1n1 WS   1625190912 131072    3.936
05:43:39.584 python3        1784369 nvme1n1 WS   1625305088 131072    4.036
05:43:39.584 python3        1784369 nvme1n1 WS   1625305344 131072    4.107
05:43:39.584 python3        1784369 nvme1n1 WS   1625305600 131072    4.183
05:43:39.585 python3        1784369 nvme1n1 WS   1625305856 131072    4.262
05:43:39.585 python3        1784369 nvme1n1 WS   1625306112 131072    4.341
05:43:39.585 python3        1784368 nvme1n1 WS   1640974080 131072    4.436
05:43:39.585 python3        1784368 nvme1n1 WS   1640974336 131072    4.511
05:43:39.585 python3        1784368 nvme1n1 WS   1640974592 131072    4.592
05:43:39.585 python3        1784367 nvme1n1 WS   1640988672 131072    4.685
05:43:39.585 python3        1784367 nvme1n1 WS   1640988928 131072    4.756
05:43:39.585 python3        1784368 nvme1n1 WS   1640974848 131072    4.830
05:43:39.585 python3        1784368 nvme1n1 WS   1640975104 131072    4.906
05:43:39.585 python3        1784368 nvme1n1 WS   1640975360 131072    4.984
05:43:39.585 python3        1784368 nvme1n1 WS   1640975616 131072    5.065
05:43:39.585 python3        1784368 nvme1n1 WS   1640975872 131072    5.142
05:43:39.585 python3        1784368 nvme1n1 WS   1640976128 24576     5.157
05:43:39.586 python3        1784369 nvme1n1 WS   1625306368 131072    5.250
05:43:39.586 python3        1784369 nvme1n1 WS   1625306624 131072    5.328
05:43:39.586 python3        1784369 nvme1n1 WS   1625306880 131072    5.386
05:43:39.586 python3        1784369 nvme1n1 WS   1625307136 131072    5.463
05:43:39.586 python3        1784369 nvme1n1 WS   1625307392 131072    5.540
05:43:39.586 python3        1784369 nvme1n1 WS   1625307648 131072    5.618
05:43:39.586 python3        1784369 nvme1n1 WS   1625307904 131072    5.693
05:43:39.586 python3        1784369 nvme1n1 WS   1625308160 131072    5.769
05:43:39.586 python3        1784369 nvme1n1 WS   1625308416 131072    5.849
05:43:39.586 python3        1784369 nvme1n1 WS   1625308672 131072    5.927
05:43:39.586 python3        1784369 nvme1n1 WS   1625308928 24576     5.939
05:43:39.586 python3        1784367 nvme1n1 WS   1625191168 131072    6.132
05:43:39.586 python3        1784367 nvme1n1 WS   1625191424 131072    6.151
05:43:39.587 python3        1784367 nvme1n1 WS   1625191680 131072    6.215
05:43:39.587 python3        1784367 nvme1n1 WS   1625191936 131072    6.290
05:43:39.587 python3        1784366 nvme1n1 WS   1640978176 131072    6.357
05:43:39.587 python3        1784366 nvme1n1 WS   1640978432 131072    6.433
05:43:39.587 python3        1784366 nvme1n1 WS   1640978688 131072    6.507
05:43:39.587 python3        1784366 nvme1n1 WS   1640978944 131072    6.583
05:43:39.587 python3        1784366 nvme1n1 WS   1640979200 131072    6.657
05:43:39.587 python3        1784366 nvme1n1 WS   1640979456 131072    6.729
05:43:39.587 python3        1784367 nvme1n1 WS   1625192192 131072    6.837
05:43:39.587 python3        1784366 nvme1n1 WS   1640979712 131072    6.913
05:43:39.587 python3        1784367 nvme1n1 WS   1625192448 131072    6.992
05:43:39.587 python3        1784366 nvme1n1 WS   1640979968 131072    7.070
05:43:39.587 python3        1784366 nvme1n1 WS   1640980224 24576     7.084
05:43:39.588 python3        1784367 nvme1n1 WS   1625192704 131072    7.169
05:43:39.588 python3        1784367 nvme1n1 WS   1640989184 131072    7.308
05:43:39.588 python3        1784367 nvme1n1 WS   1640989440 131072    7.377
05:43:39.588 python3        1784367 nvme1n1 WS   1640989696 131072    7.456
05:43:39.588 python3        1784367 nvme1n1 WS   1640989952 131072    7.533
05:43:39.588 python3        1784367 nvme1n1 WS   1640990208 131072    7.612
05:43:39.588 python3        1784367 nvme1n1 WS   1640990464 131072    7.667
05:43:39.588 python3        1784367 nvme1n1 WS   1640990720 131072    7.743
05:43:39.588 python3        1784367 nvme1n1 WS   1640990976 131072    7.825
05:43:39.588 python3        1784367 nvme1n1 WS   1640991232 131072    7.901
05:43:39.588 python3        1784367 nvme1n1 WS   1640991488 131072    7.977
05:43:39.588 python3        1784367 nvme1n1 WS   1640991744 131072    8.054
05:43:39.589 python3        1784367 nvme1n1 WS   1640992000 131072    8.127
05:43:39.589 python3        1784367 nvme1n1 WS   1640992256 131072    8.201
05:43:39.589 python3        1784366 nvme1n1 WS   1640982272 131072    8.392
05:43:39.589 python3        1784366 nvme1n1 WS   1640982528 131072    8.422
05:43:39.589 python3        1784366 nvme1n1 WS   1640982784 131072    8.499
05:43:39.589 python3        1784366 nvme1n1 WS   1640983040 131072    8.579
05:43:39.589 python3        1784366 nvme1n1 WS   1640983296 131072    8.658
05:43:39.589 python3        1784366 nvme1n1 WS   1640983552 131072    8.739
05:43:39.589 python3        1784366 nvme1n1 WS   1640983808 131072    8.818
05:43:39.589 python3        1784366 nvme1n1 WS   1640984064 131072    8.899
05:43:39.589 python3        1784366 nvme1n1 WS   1640984320 131072    8.963
05:43:39.589 python3        1784366 nvme1n1 WS   1640992768 131072    9.044
05:43:39.589 python3        1784366 nvme1n1 WS   1640993024 131072    9.122
05:43:39.590 python3        1784369 nvme1n1 WS   1640986368 131072    9.255
05:43:39.590 python3        1784369 nvme1n1 WS   1640986624 131072    9.323
05:43:39.590 python3        1784369 nvme1n1 WS   1640986880 131072    9.400
05:43:39.590 python3        1784369 nvme1n1 WS   1640987136 131072    9.481
05:43:39.590 python3        1784369 nvme1n1 WS   1640987392 131072    9.563
05:43:39.590 python3        1784369 nvme1n1 WS   1640987648 131072    9.640
05:43:39.590 python3        1784369 nvme1n1 WS   1640987904 131072    9.722
05:43:39.590 python3        1784369 nvme1n1 WS   1640988160 131072    9.799
05:43:39.590 python3        1784369 nvme1n1 WS   1640988416 131072    9.860
05:43:39.590 python3        1784369 nvme1n1 WS   1640996864 131072    9.943
05:43:39.590 python3        1784369 nvme1n1 WS   1640997120 131072   10.017
05:43:39.590 python3        1784367 nvme1n1 WS   1625192960 131072   10.098
05:43:39.591 python3        1784367 nvme1n1 WS   1625193216 131072   10.171
05:43:39.591 python3        1784367 nvme1n1 WS   1625193472 131072   10.249
05:43:39.591 python3        1784367 nvme1n1 WS   1625193728 131072   10.328
05:43:39.591 python3        1784367 nvme1n1 WS   1625193984 131072   10.405
05:43:39.591 python3        1784367 nvme1n1 WS   1625194240 131072   10.472
05:43:39.591 python3        1784367 nvme1n1 WS   1625194496 131072   10.546
05:43:39.591 python3        1784367 nvme1n1 WS   1625194752 131072   10.626
05:43:39.591 python3        1784367 nvme1n1 WS   1640992512 24576    10.664
05:43:39.833 nvme           1843394 Unknown N    -1         512       0.037
05:43:40.836 nvme           1843453 Unknown N    -1         512       0.032
05:43:40.935 python3        1784367 nvme1n1 WS   1641000960 131072    0.200
05:43:40.935 python3        1784369 nvme1n1 WS   1625198592 131072    0.289
05:43:40.935 python3        1784367 nvme1n1 WS   1641001216 131072    0.346
05:43:40.935 python3        1784367 nvme1n1 WS   1641001472 131072    0.438
05:43:40.935 python3        1784367 nvme1n1 WS   1641001728 131072    0.499
05:43:40.936 python3        1784369 nvme1n1 WS   1625198848 131072    0.603
05:43:40.936 python3        1784369 nvme1n1 WS   1625199104 131072    0.693
05:43:40.936 python3        1784369 nvme1n1 WS   1625199360 131072    0.737
05:43:40.936 python3        1784369 nvme1n1 WS   1625199616 131072    0.823
05:43:40.936 python3        1784369 nvme1n1 WS   1625199872 131072    0.895
05:43:40.936 python3        1784369 nvme1n1 WS   1625200128 131072    0.981
05:43:40.936 python3        1784367 nvme1n1 WS   1641001984 131072    1.072
05:43:40.936 python3        1784367 nvme1n1 WS   1641002240 131072    1.157
05:43:40.936 python3        1784367 nvme1n1 WS   1641002496 131072    1.228
05:43:40.936 python3        1784367 nvme1n1 WS   1641002752 131072    1.284
05:43:40.936 python3        1784367 nvme1n1 WS   1641003008 131072    1.368
05:43:40.936 python3        1784367 nvme1n1 WS   1641003264 131072    1.446
05:43:40.937 python3        1784367 nvme1n1 WS   1641003520 131072    1.530
05:43:40.937 python3        1784369 nvme1n1 WS   1625200384 131072    1.621
05:43:40.937 python3        1784369 nvme1n1 WS   1625200640 131072    1.699
05:43:40.937 python3        1784369 nvme1n1 WS   1625200896 131072    1.781
05:43:40.937 python3        1784367 nvme1n1 WS   1641003776 131072    1.861
05:43:40.937 python3        1784367 nvme1n1 WS   1641004032 131072    1.939
05:43:40.937 python3        1784367 nvme1n1 WS   1641004288 131072    2.025
05:43:40.937 python3        1784367 nvme1n1 WS   1641004544 131072    2.098
05:43:40.937 python3        1784369 nvme1n1 WS   1625201152 131072    2.190
05:43:40.937 python3        1784369 nvme1n1 WS   1625201408 131072    2.264
05:43:40.937 python3        1784369 nvme1n1 WS   1625201664 131072    2.338
05:43:40.937 python3        1784369 nvme1n1 WS   1625201920 131072    2.413
05:43:40.938 python3        1784369 nvme1n1 WS   1625202176 131072    2.486
05:43:40.938 python3        1784369 nvme1n1 WS   1625202432 131072    2.544
05:43:40.938 python3        1784369 nvme1n1 WS   1625202688 131072    2.616
05:43:40.938 python3        1784369 nvme1n1 WS   1625202944 131072    2.691
05:43:40.938 python3        1784367 nvme1n1 WS   1641004800 131072    2.770
05:43:40.938 python3        1784366 nvme1n1 WS   1641005056 131072    2.855
05:43:40.938 python3        1784367 nvme1n1 WS   1641009152 131072    2.926
05:43:40.938 python3        1784367 nvme1n1 WS   1641009408 131072    3.004
05:43:40.938 python3        1784366 nvme1n1 WS   1641005312 131072    3.085
05:43:40.938 python3        1784366 nvme1n1 WS   1641005568 131072    3.162
05:43:40.938 python3        1784366 nvme1n1 WS   1641005824 131072    3.235
05:43:40.938 python3        1784366 nvme1n1 WS   1641006080 131072    3.309
05:43:40.938 python3        1784366 nvme1n1 WS   1641006336 131072    3.384
05:43:40.939 python3        1784366 nvme1n1 WS   1641006592 131072    3.461
05:43:40.939 python3        1784366 nvme1n1 WS   1641006848 131072    3.514
05:43:40.939 python3        1784366 nvme1n1 WS   1641007104 131072    3.593
05:43:40.939 python3        1784366 nvme1n1 WS   1641007360 131072    3.665
05:43:40.939 python3        1784366 nvme1n1 WS   1641007616 131072    3.741
05:43:40.939 python3        1784366 nvme1n1 WS   1641007872 131072    3.818
05:43:40.939 python3        1784366 nvme1n1 WS   1641008128 131072    3.894
05:43:40.939 python3        1784366 nvme1n1 WS   1641008384 131072    3.967
05:43:40.939 python3        1784366 nvme1n1 WS   1641008640 131072    4.044
05:43:40.939 python3        1784366 nvme1n1 WS   1641008896 131072    4.102
05:43:40.939 python3        1784366 nvme1n1 WS   1641017344 131072    4.193
05:43:40.939 python3        1784366 nvme1n1 WS   1641017600 131072    4.256
05:43:40.939 python3        1784366 nvme1n1 WS   1641013248 131072    4.350
05:43:40.940 python3        1784366 nvme1n1 WS   1641013504 131072    4.421
05:43:40.940 python3        1784366 nvme1n1 WS   1641013760 131072    4.495
05:43:40.940 python3        1784366 nvme1n1 WS   1641014016 131072    4.571
05:43:40.940 python3        1784366 nvme1n1 WS   1641014272 131072    4.647
05:43:40.940 python3        1784366 nvme1n1 WS   1641014528 131072    4.720
05:43:40.940 python3        1784366 nvme1n1 WS   1641014784 131072    4.797
05:43:40.940 python3        1784366 nvme1n1 WS   1641015040 131072    4.857
05:43:40.940 python3        1784366 nvme1n1 WS   1641015296 131072    4.935
05:43:40.940 python3        1784366 nvme1n1 WS   1641015552 131072    5.011
05:43:40.940 python3        1784366 nvme1n1 WS   1641015808 131072    5.088
05:43:40.940 python3        1784366 nvme1n1 WS   1641016064 131072    5.166
05:43:40.940 python3        1784366 nvme1n1 WS   1641016320 131072    5.241
05:43:40.941 python3        1784366 nvme1n1 WS   1641016576 131072    5.324
05:43:40.941 python3        1784366 nvme1n1 WS   1641016832 131072    5.394
05:43:40.941 python3        1784369 nvme1n1 WS   1625206784 131072    5.487
05:43:40.941 python3        1784369 nvme1n1 WS   1625207040 131072    5.558
05:43:40.941 python3        1784369 nvme1n1 WS   1625207296 131072    5.631
05:43:40.941 python3        1784369 nvme1n1 WS   1625207552 131072    5.708
05:43:40.941 python3        1784369 nvme1n1 WS   1625207808 131072    5.784
05:43:40.941 python3        1784369 nvme1n1 WS   1625208064 131072    5.866
05:43:40.941 python3        1784369 nvme1n1 WS   1625208320 131072    5.943
05:43:40.941 python3        1784369 nvme1n1 WS   1625208576 131072    6.001
05:43:40.941 python3        1784369 nvme1n1 WS   1625208832 131072    6.071
05:43:40.941 python3        1784369 nvme1n1 WS   1625209088 131072    6.148
05:43:40.941 python3        1784366 nvme1n1 WS   1641017088 131072    6.255
05:43:40.942 python3        1784366 nvme1n1 WS   1641025536 131072    6.334
05:43:40.942 python3        1784366 nvme1n1 WS   1641025792 131072    6.415
05:43:40.942 python3        1784369 nvme1n1 WS   1625209344 131072    6.472
05:43:40.942 python3        1784369 nvme1n1 WS   1625209600 131072    6.549
05:43:40.942 python3        1784369 nvme1n1 WS   1625209856 131072    6.630
05:43:40.942 python3        1784369 nvme1n1 WS   1625210112 131072    6.707
05:43:40.942 python3        1784369 nvme1n1 WS   1625210368 131072    6.818
05:43:40.942 python3        1784369 nvme1n1 WS   1625210624 131072    6.884
05:43:40.942 python3        1784368 nvme1n1 WS   1636339712 131072    7.028
05:43:40.942 python3        1784368 nvme1n1 WS   1636339968 131072    7.044
05:43:40.942 python3        1784368 nvme1n1 WS   1636340224 131072    7.115
05:43:40.942 python3        1784368 nvme1n1 WS   1636340480 131072    7.191
05:43:40.943 python3        1784368 nvme1n1 WS   1636340736 131072    7.266
05:43:40.943 python3        1784368 nvme1n1 WS   1636340992 131072    7.345
05:43:40.943 python3        1784368 nvme1n1 WS   1636341248 131072    7.416
05:43:40.943 python3        1784369 nvme1n1 WS   1625210880 131072    7.520
05:43:40.943 python3        1784369 nvme1n1 WS   1625211136 131072    7.597
05:43:40.943 python3        1784368 nvme1n1 WS   1636343808 131072    7.721
05:43:40.943 python3        1784368 nvme1n1 WS   1636344064 131072    7.723
05:43:40.943 python3        1784368 nvme1n1 WS   1636344320 131072    7.791
05:43:40.943 python3        1784368 nvme1n1 WS   1636344576 131072    7.866
05:43:40.943 python3        1784368 nvme1n1 WS   1636344832 131072    7.945
05:43:40.943 python3        1784368 nvme1n1 WS   1636345088 131072    8.026
05:43:40.943 python3        1784368 nvme1n1 WS   1636345344 131072    8.102
05:43:40.944 python3        1784366 nvme1n1 WS   1636347904 131072    8.200
05:43:40.944 python3        1784366 nvme1n1 WS   1636348160 131072    8.269
05:43:40.944 python3        1784366 nvme1n1 WS   1636348416 131072    8.345
05:43:40.944 python3        1784366 nvme1n1 WS   1636348672 131072    8.422
05:43:40.944 python3        1784366 nvme1n1 WS   1636348928 131072    8.500
05:43:40.944 python3        1784366 nvme1n1 WS   1636349184 131072    8.576
05:43:40.944 python3        1784366 nvme1n1 WS   1636349440 131072    8.653
05:43:40.944 python3        1784368 nvme1n1 WS   1636341504 131072    8.746
05:43:40.944 python3        1784368 nvme1n1 WS   1636341760 131072    8.823
05:43:40.944 python3        1784368 nvme1n1 WS   1636342016 131072    8.896
05:43:40.944 python3        1784368 nvme1n1 WS   1636342272 131072    8.969
05:43:40.944 python3        1784368 nvme1n1 WS   1636342528 131072    9.047
05:43:40.944 python3        1784368 nvme1n1 WS   1636342784 131072    9.119
05:43:40.945 python3        1784367 nvme1n1 WS   1625309184 131072    9.249
05:43:40.945 python3        1784367 nvme1n1 WS   1625309440 131072    9.278
05:43:40.945 python3        1784368 nvme1n1 WS   1636343040 131072    9.358
05:43:40.945 python3        1784368 nvme1n1 WS   1636343296 131072    9.434
05:43:40.945 python3        1784368 nvme1n1 WS   1636343552 131072    9.481
05:43:40.945 python3        1784368 nvme1n1 WS   1636352000 131072    9.560
05:43:40.945 python3        1784368 nvme1n1 WS   1636352256 131072    9.635
05:43:40.945 python3        1784368 nvme1n1 WS   1636345600 131072    9.826
05:43:40.945 python3        1784368 nvme1n1 WS   1636345856 131072    9.842
05:43:40.945 python3        1784368 nvme1n1 WS   1636346112 131072    9.905
05:43:40.945 python3        1784368 nvme1n1 WS   1636346368 131072    9.982
05:43:40.945 python3        1784368 nvme1n1 WS   1636346624 131072   10.062
05:43:40.946 python3        1784368 nvme1n1 WS   1636346880 131072   10.139
05:43:40.946 python3        1784368 nvme1n1 WS   1636347136 131072   10.216
05:43:40.946 python3        1784368 nvme1n1 WS   1636347392 131072   10.291
05:43:40.946 python3        1784368 nvme1n1 WS   1636347648 131072   10.353
05:43:40.946 python3        1784368 nvme1n1 WS   1636356096 131072   10.434
05:43:40.946 python3        1784368 nvme1n1 WS   1636356352 131072   10.514
05:43:40.946 python3        1784367 nvme1n1 WS   1625214976 131072   10.690
05:43:40.946 python3        1784367 nvme1n1 WS   1625215232 131072   10.716
05:43:40.946 python3        1784367 nvme1n1 WS   1625215488 131072   10.784
05:43:40.946 python3        1784367 nvme1n1 WS   1625215744 131072   10.861
05:43:40.946 python3        1784367 nvme1n1 WS   1625216000 131072   10.933
05:43:40.946 python3        1784367 nvme1n1 WS   1625216256 131072   11.008
05:43:40.946 python3        1784367 nvme1n1 WS   1625216512 131072   11.083
05:43:40.947 python3        1784367 nvme1n1 WS   1625309696 131072   11.259
05:43:40.947 python3        1784367 nvme1n1 WS   1625309952 131072   11.283
05:43:40.947 python3        1784367 nvme1n1 WS   1625310208 131072   11.340
05:43:40.947 python3        1784367 nvme1n1 WS   1625310464 131072   11.414
05:43:40.947 python3        1784367 nvme1n1 WS   1625310720 131072   11.496
05:43:40.947 python3        1784367 nvme1n1 WS   1625310976 131072   11.546
05:43:40.947 python3        1784367 nvme1n1 WS   1625311232 131072   11.651
05:43:40.947 python3        1784366 nvme1n1 WS   1636349696 131072   11.779
05:43:40.947 python3        1784366 nvme1n1 WS   1636349952 131072   11.851
05:43:40.947 python3        1784366 nvme1n1 WS   1636350208 131072   11.935
05:43:40.947 python3        1784366 nvme1n1 WS   1636350464 131072   12.004
05:43:40.947 python3        1784366 nvme1n1 WS   1636350720 131072   12.082
05:43:40.948 python3        1784366 nvme1n1 WS   1636350976 131072   12.159
05:43:40.948 python3        1784366 nvme1n1 WS   1636351232 131072   12.237
05:43:40.948 python3        1784366 nvme1n1 WS   1636351488 81920    12.284
05:43:40.948 python3        1784367 nvme1n1 WS   1625311488 131072   12.339
05:43:40.948 python3        1784367 nvme1n1 WS   1625311744 131072   12.423
05:43:40.948 python3        1784367 nvme1n1 WS   1625312000 131072   12.498
05:43:40.948 python3        1784367 nvme1n1 WS   1625312256 131072   12.578
05:43:40.948 python3        1784367 nvme1n1 WS   1625312512 131072   12.659
05:43:40.948 python3        1784367 nvme1n1 WS   1625312768 131072   12.736
05:43:40.948 python3        1784367 nvme1n1 WS   1625313024 131072   12.801
05:43:40.948 python3        1784367 nvme1n1 WS   1625448448 131072   12.878
05:43:40.948 python3        1784367 nvme1n1 WS   1625448704 131072   12.957
05:43:40.949 python3        1784367 nvme1n1 WS   1625216768 131072   13.070
05:43:40.949 python3        1784367 nvme1n1 WS   1625217024 131072   13.149
05:43:40.949 python3        1784367 nvme1n1 WS   1625217280 131072   13.226
05:43:40.949 python3        1784367 nvme1n1 WS   1625217536 131072   13.303
05:43:40.949 python3        1784367 nvme1n1 WS   1625217792 131072   13.375
05:43:40.949 python3        1784367 nvme1n1 WS   1625218048 131072   13.450
05:43:40.949 python3        1784367 nvme1n1 WS   1625218304 131072   13.525
05:43:40.949 python3        1784367 nvme1n1 WS   1625218560 81920    13.573
05:43:40.949 python3        1784369 nvme1n1 WS   51699712   131072   13.643
05:43:40.949 python3        1784369 nvme1n1 WS   51699968   131072   13.670
05:43:40.949 python3        1784369 nvme1n1 WS   51700224   131072   13.747
05:43:40.949 python3        1784369 nvme1n1 WS   51700480   131072   13.826
05:43:40.949 python3        1784369 nvme1n1 WS   51700736   131072   13.907
05:43:40.950 python3        1784369 nvme1n1 WS   51700992   131072   13.985
05:43:40.950 python3        1784369 nvme1n1 WS   51701248   131072   14.063
05:43:40.950 python3        1784369 nvme1n1 WS   51701504   131072   14.125
05:43:40.950 python3        1784369 nvme1n1 WS   51701760   131072   14.202
05:43:40.950 python3        1784369 nvme1n1 WS   51702016   131072   14.278
05:43:40.950 python3        1784369 nvme1n1 WS   51702272   131072   14.352
05:43:40.950 python3        1784369 nvme1n1 WS   51702528   131072   14.428
05:43:40.950 python3        1784369 nvme1n1 WS   51702784   131072   14.509
05:43:40.950 python3        1784369 nvme1n1 WS   51703040   131072   14.588
05:43:40.950 python3        1784369 nvme1n1 WS   51703296   81920    14.640
05:43:40.950 python3        1784368 nvme1n1 WS   723595264  131072   14.748
05:43:40.950 python3        1784368 nvme1n1 WS   723595520  131072   14.822
05:43:40.950 python3        1784368 nvme1n1 WS   723595776  131072   14.901
05:43:40.951 python3        1784368 nvme1n1 WS   723596032  131072   14.977
05:43:40.951 python3        1784368 nvme1n1 WS   723596288  131072   15.065
05:43:40.951 python3        1784368 nvme1n1 WS   723596544  131072   15.138
05:43:40.951 python3        1784368 nvme1n1 WS   723596800  131072   15.214
05:43:40.951 python3        1784368 nvme1n1 WS   723597056  131072   15.279
05:43:40.951 python3        1784368 nvme1n1 WS   723597312  131072   15.354
05:43:40.951 python3        1784368 nvme1n1 WS   723597568  131072   15.433
05:43:40.951 python3        1784368 nvme1n1 WS   723597824  131072   15.512
05:43:40.951 python3        1784368 nvme1n1 WS   723598080  131072   15.591
05:43:40.951 python3        1784368 nvme1n1 WS   723598336  131072   15.671
05:43:40.951 python3        1784368 nvme1n1 WS   723598592  131072   15.749
05:43:40.951 python3        1784368 nvme1n1 WS   723598848  81920    15.797
05:43:41.838 nvme           1843457 Unknown N    -1         512       0.038
05:43:42.753 kworker        1817148 nvme0n1 W    36980768   4096      0.945
05:43:42.840 nvme           1843477 Unknown N    -1         512       0.031
05:43:43.206 jbd2/nv        752     nvme1n1 WSM  878578808  131072    0.167
05:43:43.206 jbd2/nv        752     nvme1n1 WSM  878579064  131072    0.206
05:43:43.207 jbd2/nv        752     nvme1n1 WSM  878579320  69632     0.224
05:43:43.207 jbd2/nv        752     nvme1n1 WSM  878579456  4096      0.029
05:43:43.742 ib_log_        125932  nvme1n1 WS   1756076584 4096      0.058
05:43:43.742 ib_log_        125932  nvme1n1 WS   1756076584 4096      0.031
05:43:43.742 ib_log_        125932  nvme1n1 WS   1756076592 8192      0.032
05:43:43.742 jbd2/nv        752     nvme1n1 WSM  878579464  16384     0.051
05:43:43.742 jbd2/nv        752     nvme1n1 WSM  878579496  4096      0.027
05:43:43.743 ib_log_        125932  nvme1n1 WS   1756076592 8192      0.034
05:43:43.743 connect        125932  nvme1n1 WS   844577688  8192      0.042
05:43:43.744 jbd2/nv        752     nvme1n1 WSM  878579504  24576     0.048
05:43:43.744 jbd2/nv        752     nvme1n1 WSM  878579552  4096      0.027
05:43:43.744 ib_log_        125932  nvme1n1 WS   1756076600 4096      0.029
05:43:43.744 ib_log_        125932  nvme1n1 WS   1756076600 4096      0.028
05:43:43.744 jbd2/nv        752     nvme1n1 WSM  878579560  36864     0.055
05:43:43.744 jbd2/nv        752     nvme1n1 WSM  878579632  4096      0.026
05:43:43.744 ib_log_        125932  nvme1n1 WS   1756076600 4096      0.028
05:43:43.744 ib_log_        125932  nvme1n1 WS   1756076600 4096      0.030
05:43:43.744 ib_log_        125932  nvme1n1 WS   1756076600 4096      0.027
05:43:43.771 ib_log_        125932  nvme1n1 WS   1756076600 4096      0.046
05:43:43.772 ib_log_        125932  nvme1n1 WS   1756076600 4096      0.032
05:43:43.772 ib_log_        125932  nvme1n1 WS   1756076608 8192      0.032
05:43:43.772 jbd2/nv        752     nvme1n1 WSM  878579640  57344     0.081
05:43:43.772 jbd2/nv        752     nvme1n1 WSM  878579752  4096      0.027
05:43:43.843 nvme           1843486 Unknown N    -1         512       0.034
05:43:43.880 ib_log_        125932  nvme1n1 WS   1756076608 4096      0.047
05:43:44.303 ib_pg_f        125932  nvme1n1 WS   1756891136 131072    0.172
05:43:44.303 ib_pg_f        125932  nvme1n1 WS   1756891392 131072    0.239
05:43:44.303 ib_pg_f        125932  nvme1n1 WS   1756891648 131072    0.315
05:43:44.303 ib_pg_f        125932  nvme1n1 WS   1756891904 131072    0.390
05:43:44.303 ib_pg_f        125932  nvme1n1 WS   1756892160 131072    0.467
05:43:44.304 ib_pg_f        125932  nvme1n1 WS   1756892416 131072    0.542
05:43:44.304 ib_pg_f        125932  nvme1n1 WS   1756892672 131072    0.620
05:43:44.304 ib_pg_f        125932  nvme1n1 WS   1756892928 114688    0.687
05:43:44.304 ib_pg_f        125932  nvme1n1 WS   1755259936 16384     0.046
05:43:44.304 ib_pg_f        125932  nvme1n1 WS   1757691136 16384     0.051
05:43:44.304 ib_pg_f        125932  nvme1n1 WS   1757759648 16384     0.054
05:43:44.304 ib_pg_f        125932  nvme1n1 WS   1755247488 16384     0.058
05:43:44.304 ib_pg_f        125932  nvme1n1 WS   1755217512 16384     0.069
05:43:44.304 ib_pg_f        125932  nvme1n1 WS   1755104832 16384     0.070
05:43:44.304 ib_pg_f        125932  nvme1n1 WS   1756432000 16384     0.078
05:43:44.304 ib_pg_f        125932  nvme1n1 WS   1757716416 16384     0.077
05:43:44.304 ib_pg_f        125932  nvme1n1 WS   1755178560 16384     0.080
05:43:44.304 ib_pg_f        125932  nvme1n1 WS   1756434752 16384     0.084
05:43:44.304 ib_pg_f        125932  nvme1n1 WS   1440672    16384     0.086
05:43:44.304 ib_pg_f        125932  nvme1n1 WS   1440704    16384     0.080
05:43:44.304 ib_pg_f        125932  nvme1n1 WS   1440736    16384     0.094
05:43:44.304 ib_pg_f        125932  nvme1n1 WS   1440768    16384     0.086
05:43:44.304 ib_pg_f        125932  nvme1n1 WS   13303136   16384     0.082
05:43:44.304 ib_pg_f        125932  nvme1n1 WS   13302112   16384     0.080
05:43:44.304 ib_pg_f        125932  nvme1n1 WS   13302272   16384     0.078
05:43:44.304 ib_pg_f        125932  nvme1n1 WS   13302880   16384     0.080
05:43:44.304 ib_pg_f        125932  nvme1n1 WS   1757758240 16384     0.078
05:43:44.304 ib_pg_f        125932  nvme1n1 WS   1757758368 16384     0.078
05:43:44.304 ib_pg_f        125932  nvme1n1 WS   1498170112 16384     0.058
05:43:44.304 ib_pg_f        125932  nvme1n1 WS   1740172288 16384     0.063
05:43:44.304 ib_pg_f        125932  nvme1n1 WS   1740172320 16384     0.064
05:43:44.304 ib_pg_f        125932  nvme1n1 WS   13302752   16384     0.065
05:43:44.304 ib_pg_f        125932  nvme1n1 WS   1740172096 16384     0.072
05:43:44.304 ib_pg_f        125932  nvme1n1 WS   1740171264 16384     0.072
05:43:44.304 ib_pg_f        125932  nvme1n1 WS   1740169632 16384     0.076
05:43:44.304 ib_pg_f        125932  nvme1n1 WS   1740172256 16384     0.075
05:43:44.304 ib_pg_f        125932  nvme1n1 WS   1440384    16384     0.078
05:43:44.304 ib_pg_f        125932  nvme1n1 WS   1440416    16384     0.076
05:43:44.304 ib_pg_f        125932  nvme1n1 WS   1440448    16384     0.079
05:43:44.304 ib_pg_f        125932  nvme1n1 WS   1440480    16384     0.081
05:43:44.304 ib_pg_f        125932  nvme1n1 WS   1440512    16384     0.086
05:43:44.304 ib_pg_f        125932  nvme1n1 WS   1440576    16384     0.088
05:43:44.304 ib_pg_f        125932  nvme1n1 WS   1440608    16384     0.092
05:43:44.304 ib_pg_f        125932  nvme1n1 WS   1440640    16384     0.095
05:43:44.304 ib_pg_f        125932  nvme1n1 WS   1439840    16384     0.088
05:43:44.304 ib_pg_f        125932  nvme1n1 WS   1439872    16384     0.092
05:43:44.304 ib_pg_f        125932  nvme1n1 WS   1439904    16384     0.098
05:43:44.304 ib_pg_f        125932  nvme1n1 WS   1755178528 16384     0.105
05:43:44.304 ib_pg_f        125932  nvme1n1 WS   1755247520 16384     0.099
05:43:44.304 ib_pg_f        125932  nvme1n1 WS   1755104864 16384     0.097
05:43:44.304 ib_pg_f        125932  nvme1n1 WS   1756434048 16384     0.103
05:43:44.304 ib_pg_f        125932  nvme1n1 WS   1755178592 16384     0.107
05:43:44.304 ib_pg_f        125932  nvme1n1 WS   1755248192 16384     0.112
05:43:44.304 ib_pg_f        125932  nvme1n1 WS   1755104896 16384     0.112
05:43:44.304 ib_pg_f        125932  nvme1n1 WS   1755260032 16384     0.117
05:43:44.304 ib_pg_f        125932  nvme1n1 WS   1740147232 16384     0.118
05:43:44.304 ib_pg_f        125932  nvme1n1 WS   1740058784 16384     0.122
05:43:44.304 ib_pg_f        125932  nvme1n1 WS   1740167072 16384     0.110
05:43:44.304 ib_pg_f        125932  nvme1n1 WS   1757690624 16384     0.112
05:43:44.304 ib_pg_f        125932  nvme1n1 WS   1756946400 16384     0.118
05:43:44.304 ib_pg_f        125932  nvme1n1 WS   13303296   16384     0.119
05:43:44.304 ib_pg_f        125932  nvme1n1 WS   1757757632 16384     0.122
05:43:44.304 ib_pg_f        125932  nvme1n1 WS   1740147616 16384     0.115
05:43:44.304 ib_pg_f        125932  nvme1n1 WS   1757690784 16384     0.114
05:43:44.304 ib_pg_f        125932  nvme1n1 WS   13303616   16384     0.113
05:43:44.304 ib_pg_f        125932  nvme1n1 WS   1757757728 16384     0.115
05:43:44.304 ib_pg_f        125932  nvme1n1 WS   1498170080 16384     0.115
05:43:44.304 ib_pg_f        125932  nvme1n1 WS   1757690048 16384     0.126
05:43:44.304 ib_pg_f        125932  nvme1n1 WS   1847072    16384     0.115
05:43:44.305 ib_pg_f        125932  nvme1n1 WS   13303200   16384     0.113
05:43:44.305 ib_pg_f        125932  nvme1n1 WS   1757690720 16384     0.117
05:43:44.845 nvme           1843490 Unknown N    -1         512       0.038
05:43:45.057 jbd2/nv        391     nvme0n1 WSM  4231696    90112     1.810
05:43:45.058 jbd2/nv        391     nvme0n1 WSM  4231872    4096      0.767
05:43:45.063 ib_log_        125932  nvme1n1 WS   1756076608 4096      0.047
05:43:45.064 ib_log_        125932  nvme1n1 WS   1756076288 4096      0.038
05:43:45.847 nvme           1843501 Unknown N    -1         512       0.034
05:43:45.989 ib_log_        125932  nvme1n1 WS   1756076608 4096      0.049
05:43:45.989 ib_log_        125932  nvme1n1 WS   1756076608 4096      0.029
05:43:45.989 connect        125932  nvme1n1 WS   844577696  4096      0.037
05:43:45.989 jbd2/nv        752     nvme1n1 WSM  878579760  69632     0.090
05:43:45.989 jbd2/nv        752     nvme1n1 WSM  878579896  4096      0.027
05:43:45.989 ib_log_        125932  nvme1n1 WS   1756076608 4096      0.028
05:43:45.990 ib_log_        125932  nvme1n1 WS   1756076608 8192      0.032
05:43:45.990 jbd2/nv        752     nvme1n1 WSM  878579904  24576     0.049
05:43:45.990 jbd2/nv        752     nvme1n1 WSM  878579952  4096      0.027
05:43:45.991 connect        125932  nvme1n1 WS   1728652744 114688    0.128
05:43:45.991 jbd2/nv        752     nvme1n1 WSM  878579960  16384     0.039
05:43:45.991 jbd2/nv        752     nvme1n1 WSM  878579992  4096      0.025
05:43:45.991 connect        125932  nvme1n1 WS   1728898048 16384     0.041
05:43:45.991 jbd2/nv        752     nvme1n1 WSM  878580000  20480     0.045
05:43:45.991 jbd2/nv        752     nvme1n1 WSM  878580040  4096      0.027
05:43:45.991 ib_log_        125932  nvme1n1 WS   1756076616 4096      0.031
05:43:45.991 ib_log_        125932  nvme1n1 WS   1756076624 8192      0.032
05:43:45.991 jbd2/nv        752     nvme1n1 WSM  878580048  8192      0.036
05:43:45.991 jbd2/nv        752     nvme1n1 WSM  878580064  4096      0.043
05:43:45.991 ib_log_        125932  nvme1n1 WS   1756076624 4096      0.028
05:43:45.992 ib_log_        125932  nvme1n1 WS   1756076624 8192      0.034
05:43:45.993 ib_log_        125932  nvme1n1 WS   1756076632 12288     0.041
05:43:45.993 jbd2/nv        752     nvme1n1 WSM  878580072  8192      0.033
05:43:45.993 jbd2/nv        752     nvme1n1 WSM  878580088  4096      0.026
05:43:45.993 connect        125932  nvme1n1 WS   844577696  4096      0.033
05:43:45.993 jbd2/nv        752     nvme1n1 WSM  878580096  8192      0.029
05:43:45.993 jbd2/nv        752     nvme1n1 WSM  878580112  4096      0.026
05:43:45.993 ib_log_        125932  nvme1n1 WS   1756076640 4096      0.027
05:43:45.994 ib_log_        125932  nvme1n1 WS   1756076640 16384     0.044
05:43:45.994 jbd2/nv        752     nvme1n1 WSM  878580120  8192      0.035
05:43:45.994 jbd2/nv        752     nvme1n1 WSM  878580136  4096      0.026
05:43:45.994 ib_log_        125932  nvme1n1 WS   1756076656 4096      0.028
05:43:45.994 connect        125932  nvme1n1 WS   844577696  4096      0.030
05:43:45.994 jbd2/nv        752     nvme1n1 WSM  878580144  8192      0.031
05:43:45.994 jbd2/nv        752     nvme1n1 WSM  878580160  4096      0.026
05:43:45.995 ib_log_        125932  nvme1n1 WS   1756076656 4096      0.028
05:43:46.073 ib_log_        125932  nvme1n1 WS   1756076656 4096      0.035
05:43:46.074 ib_log_        125932  nvme1n1 WS   1756076656 4096      0.029
05:43:46.183 ib_log_        125932  nvme1n1 WS   1756076656 4096      0.037
05:43:46.303 ib_pg_f        125932  nvme1n1 WS   1756905472 131072    0.149
05:43:46.303 ib_pg_f        125932  nvme1n1 WS   1756905728 131072    0.223
05:43:46.303 ib_pg_f        125932  nvme1n1 WS   1756905984 131072    0.300
05:43:46.304 ib_pg_f        125932  nvme1n1 WS   1756906240 131072    0.379
05:43:46.304 ib_pg_f        125932  nvme1n1 WS   1756906496 131072    0.454
05:43:46.304 ib_pg_f        125932  nvme1n1 WS   1756906752 131072    0.531
05:43:46.304 ib_pg_f        125932  nvme1n1 WS   1756907008 131072    0.605
05:43:46.304 ib_pg_f        125932  nvme1n1 WS   1756907264 81920     0.656
05:43:46.304 ib_pg_f        125932  nvme1n1 WS   1755217480 16384     0.045
05:43:46.304 ib_pg_f        125932  nvme1n1 WS   1755260064 16384     0.054
05:43:46.304 ib_pg_f        125932  nvme1n1 WS   1757691136 16384     0.065
05:43:46.304 ib_pg_f        125932  nvme1n1 WS   1757759648 16384     0.061
05:43:46.304 ib_pg_f        125932  nvme1n1 WS   1755248608 16384     0.066
05:43:46.304 ib_pg_f        125932  nvme1n1 WS   1755174080 16384     0.067
05:43:46.304 ib_pg_f        125932  nvme1n1 WS   1439840    16384     0.068
05:43:46.304 ib_pg_f        125932  nvme1n1 WS   1439872    16384     0.067
05:43:46.304 ib_pg_f        125932  nvme1n1 WS   1439904    16384     0.069
05:43:46.304 ib_pg_f        125932  nvme1n1 WS   1755104928 16384     0.070
05:43:46.304 ib_pg_f        125932  nvme1n1 WS   1755174112 16384     0.075
05:43:46.304 ib_pg_f        125932  nvme1n1 WS   1740169632 16384     0.073
05:43:46.304 ib_pg_f        125932  nvme1n1 WS   1740172256 16384     0.070
05:43:46.304 ib_pg_f        125932  nvme1n1 WS   1440384    16384     0.064
05:43:46.304 ib_pg_f        125932  nvme1n1 WS   1440416    16384     0.061
05:43:46.304 ib_pg_f        125932  nvme1n1 WS   1440448    16384     0.064
05:43:46.304 ib_pg_f        125932  nvme1n1 WS   1440480    16384     0.072
05:43:46.304 ib_pg_f        125932  nvme1n1 WS   1440512    16384     0.072
05:43:46.304 ib_pg_f        125932  nvme1n1 WS   1440576    16384     0.074
05:43:46.304 ib_pg_f        125932  nvme1n1 WS   1440608    16384     0.075
05:43:46.304 ib_pg_f        125932  nvme1n1 WS   1440640    16384     0.077
05:43:46.304 ib_pg_f        125932  nvme1n1 WS   1498170112 16384     0.078
05:43:46.304 ib_pg_f        125932  nvme1n1 WS   1740172288 16384     0.078
05:43:46.304 ib_pg_f        125932  nvme1n1 WS   1740172320 16384     0.081
05:43:46.304 ib_pg_f        125932  nvme1n1 WS   13302752   16384     0.083
05:43:46.304 ib_pg_f        125932  nvme1n1 WS   1740172096 16384     0.083
05:43:46.304 ib_pg_f        125932  nvme1n1 WS   1740171264 16384     0.087
05:43:46.304 ib_pg_f        125932  nvme1n1 WS   13302880   16384     0.086
05:43:46.304 ib_pg_f        125932  nvme1n1 WS   1757758240 16384     0.089
05:43:46.304 ib_pg_f        125932  nvme1n1 WS   1757758368 16384     0.087
05:43:46.304 ib_pg_f        125932  nvme1n1 WS   13303136   16384     0.089
05:43:46.304 ib_pg_f        125932  nvme1n1 WS   13302112   16384     0.087
05:43:46.304 ib_pg_f        125932  nvme1n1 WS   13302272   16384     0.081
05:43:46.304 ib_pg_f        125932  nvme1n1 WS   1740058848 16384     0.081
05:43:46.304 ib_pg_f        125932  nvme1n1 WS   1755260096 16384     0.085
05:43:46.304 ib_pg_f        125932  nvme1n1 WS   1755244224 16384     0.090
05:43:46.304 ib_pg_f        125932  nvme1n1 WS   1728652776 16384     0.053
05:43:46.304 ib_pg_f        125932  nvme1n1 WS   1728898048 16384     0.056
05:43:46.304 ib_pg_f        125932  nvme1n1 WS   1728652808 16384     0.066
05:43:46.304 ib_pg_f        125932  nvme1n1 WS   1728652840 16384     0.069
05:43:46.304 ib_pg_f        125932  nvme1n1 WS   1755174144 16384     0.074
05:43:46.304 ib_pg_f        125932  nvme1n1 WS   1728652872 16384     0.075
05:43:46.304 ib_pg_f        125932  nvme1n1 WS   1755260128 16384     0.082
05:43:46.304 ib_pg_f        125932  nvme1n1 WS   1440736    16384     0.082
05:43:46.304 ib_pg_f        125932  nvme1n1 WS   1440768    16384     0.096
05:43:46.304 ib_pg_f        125932  nvme1n1 WS   1440672    16384     0.086
05:43:46.304 ib_pg_f        125932  nvme1n1 WS   1440704    16384     0.081
05:43:46.305 ib_pg_f        125932  nvme1n1 WS   1755174176 16384     0.083
05:43:46.305 ib_pg_f        125932  nvme1n1 WS   1755217512 16384     0.081
05:43:46.305 ib_pg_f        125932  nvme1n1 WS   1757716416 16384     0.083
05:43:46.305 ib_pg_f        125932  nvme1n1 WS   1498170080 16384     0.086
05:43:46.305 ib_pg_f        125932  nvme1n1 WS   1757690048 16384     0.087
05:43:46.305 ib_pg_f        125932  nvme1n1 WS   1755104960 16384     0.083
05:43:46.305 ib_pg_f        125932  nvme1n1 WS   1755174208 16384     0.077
05:43:46.305 ib_pg_f        125932  nvme1n1 WS   1756432064 16384     0.087
05:43:46.305 ib_pg_f        125932  nvme1n1 WS   1755178784 16384     0.085
05:43:46.305 ib_pg_f        125932  nvme1n1 WS   1755248992 16384     0.087
05:43:46.305 ib_pg_f        125932  nvme1n1 WS   1755105056 16384     0.089
05:43:46.305 ib_pg_f        125932  nvme1n1 WS   1755174240 16384     0.092
05:43:46.305 ib_pg_f        125932  nvme1n1 WS   1740147232 16384     0.096
05:43:46.305 ib_pg_f        125932  nvme1n1 WS   1740058784 16384     0.098
05:43:46.389 python3        1784369 nvme1n1 WS   1636360192 131072    0.190
05:43:46.389 python3        1784369 nvme1n1 WS   1636360448 131072    0.279
05:43:46.389 python3        1784369 nvme1n1 WS   1636360704 131072    0.372
05:43:46.389 python3        1784369 nvme1n1 WS   1636360960 131072    0.427
05:43:46.389 python3        1784369 nvme1n1 WS   1636361216 131072    0.489
05:43:46.389 python3        1784369 nvme1n1 WS   1636361472 131072    0.563
05:43:46.389 python3        1784369 nvme1n1 WS   1636361728 131072    0.653
05:43:46.390 python3        1784369 nvme1n1 WS   1636361984 131072    0.707
05:43:46.390 python3        1784369 nvme1n1 WS   1636362240 131072    0.787
05:43:46.390 python3        1784369 nvme1n1 WS   1636362496 131072    0.869
05:43:46.390 python3        1784369 nvme1n1 WS   1636362752 131072    0.949
05:43:46.390 python3        1784369 nvme1n1 WS   1636363008 131072    1.030
05:43:46.390 python3        1784369 nvme1n1 WS   1636363264 131072    1.113
05:43:46.390 python3        1784369 nvme1n1 WS   1636363520 131072    1.193
05:43:46.390 python3        1784369 nvme1n1 WS   1636363776 131072    1.276
05:43:46.390 python3        1784369 nvme1n1 WS   1636364032 61440     1.313
05:43:46.390 python3        1784366 nvme1n1 WS   1625112576 131072    1.344
05:43:46.390 python3        1784366 nvme1n1 WS   600354816  131072    1.428
05:43:46.390 python3        1784366 nvme1n1 WS   1625112832 131072    1.500
05:43:46.390 python3        1784366 nvme1n1 WS   1625113088 131072    1.580
05:43:46.391 python3        1784366 nvme1n1 WS   600355072  131072    1.669
05:43:46.391 python3        1784366 nvme1n1 WS   600355328  131072    1.747
05:43:46.391 python3        1784366 nvme1n1 WS   1625113344 131072    1.828
05:43:46.391 python3        1784366 nvme1n1 WS   1625113600 131072    1.907
05:43:46.391 python3        1784366 nvme1n1 WS   1625113856 131072    1.987
05:43:46.391 python3        1784366 nvme1n1 WS   600355584  131072    2.074
05:43:46.391 python3        1784366 nvme1n1 WS   600355840  131072    2.147
05:43:46.391 python3        1784366 nvme1n1 WS   600356096  131072    2.222
05:43:46.391 python3        1784367 nvme1n1 WS   1636364288 131072    2.361
05:43:46.391 python3        1784367 nvme1n1 WS   1636364544 131072    2.388
05:43:46.391 python3        1784367 nvme1n1 WS   1636364800 131072    2.451
05:43:46.391 python3        1784367 nvme1n1 WS   1636365056 131072    2.528
05:43:46.392 python3        1784367 nvme1n1 WS   1636365312 131072    2.602
05:43:46.392 python3        1784367 nvme1n1 WS   1636365568 131072    2.677
05:43:46.392 python3        1784367 nvme1n1 WS   1636365824 131072    2.756
05:43:46.392 python3        1784366 nvme1n1 WS   1625114112 131072    2.851
05:43:46.392 python3        1784366 nvme1n1 WS   1625114368 131072    2.906
05:43:46.392 python3        1784366 nvme1n1 WS   600356352  131072    3.011
05:43:46.392 python3        1784366 nvme1n1 WS   600356608  131072    3.064
05:43:46.392 python3        1784369 nvme1n1 WS   1636368384 131072    3.150
05:43:46.392 python3        1784366 nvme1n1 WS   1625114624 131072    3.203
05:43:46.392 python3        1784366 nvme1n1 WS   1625114880 131072    3.281
05:43:46.392 python3        1784366 nvme1n1 WS   1625115136 131072    3.356
05:43:46.392 python3        1784366 nvme1n1 WS   1625115392 131072    3.438
05:43:46.392 python3        1784366 nvme1n1 WS   1625115648 131072    3.513
05:43:46.393 python3        1784366 nvme1n1 WS   1625115904 131072    3.590
05:43:46.393 python3        1784366 nvme1n1 WS   1625116160 131072    3.666
05:43:46.393 python3        1784366 nvme1n1 WS   1625116416 61440     3.702
05:43:46.393 python3        1784369 nvme1n1 WS   1636368640 131072    3.805
05:43:46.393 python3        1784369 nvme1n1 WS   1636368896 131072    3.878
05:43:46.393 python3        1784369 nvme1n1 WS   1636369152 131072    3.954
05:43:46.393 python3        1784369 nvme1n1 WS   1636369408 131072    4.031
05:43:46.393 python3        1784369 nvme1n1 WS   1636369664 131072    4.106
05:43:46.393 python3        1784369 nvme1n1 WS   1636369920 131072    4.182
05:43:46.393 python3        1784366 nvme1n1 WS   600356864  131072    4.276
05:43:46.393 python3        1784366 nvme1n1 WS   600357120  131072    4.352
05:43:46.393 python3        1784366 nvme1n1 WS   600357376  131072    4.428
05:43:46.393 python3        1784366 nvme1n1 WS   600357632  131072    4.507
05:43:46.394 python3        1784366 nvme1n1 WS   600357888  131072    4.583
05:43:46.394 python3        1784366 nvme1n1 WS   600358144  131072    4.661
05:43:46.394 python3        1784366 nvme1n1 WS   600358400  131072    4.735
05:43:46.394 python3        1784367 nvme1n1 WS   1636366080 131072    4.884
05:43:46.394 python3        1784367 nvme1n1 WS   1636366336 131072    4.901
05:43:46.394 python3        1784367 nvme1n1 WS   1636366592 131072    4.979
05:43:46.394 python3        1784367 nvme1n1 WS   1636366848 131072    5.054
05:43:46.394 python3        1784367 nvme1n1 WS   1636367104 131072    5.131
05:43:46.394 python3        1784367 nvme1n1 WS   1636367360 131072    5.204
05:43:46.394 python3        1784367 nvme1n1 WS   1636367616 131072    5.278
05:43:46.394 python3        1784367 nvme1n1 WS   1636367872 131072    5.354
05:43:46.394 python3        1784367 nvme1n1 WS   1636368128 131072    5.413
05:43:46.395 python3        1784366 nvme1n1 WS   600358656  131072    5.506
05:43:46.395 python3        1784366 nvme1n1 WS   600358912  131072    5.583
05:43:46.395 python3        1784366 nvme1n1 WS   600359168  131072    5.661
05:43:46.395 python3        1784369 nvme1n1 WS   1636370176 131072    5.754
05:43:46.395 python3        1784369 nvme1n1 WS   1636370432 131072    5.816
05:43:46.395 python3        1784369 nvme1n1 WS   1636370688 131072    5.895
05:43:46.395 python3        1784369 nvme1n1 WS   1636370944 131072    5.974
05:43:46.395 python3        1784369 nvme1n1 WS   1636371200 131072    6.051
05:43:46.395 python3        1784369 nvme1n1 WS   1636371456 131072    6.130
05:43:46.395 python3        1784367 nvme1n1 WS   1636372480 131072    6.210
05:43:46.395 python3        1784367 nvme1n1 WS   1636372736 131072    6.288
05:43:46.395 python3        1784369 nvme1n1 WS   1636371712 131072    6.366
05:43:46.395 python3        1784369 nvme1n1 WS   1636371968 131072    6.443
05:43:46.396 python3        1784369 nvme1n1 WS   1636372224 131072    6.497
05:43:46.396 python3        1784369 nvme1n1 WS   1636376576 131072    6.576
05:43:46.396 python3        1784369 nvme1n1 WS   1636376832 131072    6.656
05:43:46.396 python3        1784367 nvme1n1 WS   51703808   131072    6.744
05:43:46.396 python3        1784367 nvme1n1 WS   51704064   131072    6.811
05:43:46.396 python3        1784367 nvme1n1 WS   51704320   131072    6.890
05:43:46.396 python3        1784367 nvme1n1 WS   51704576   131072    6.965
05:43:46.396 python3        1784367 nvme1n1 WS   51704832   131072    7.042
05:43:46.396 python3        1784367 nvme1n1 WS   51705088   131072    7.121
05:43:46.396 python3        1784368 nvme1n1 WS   1625116672 131072    7.202
05:43:46.396 python3        1784367 nvme1n1 WS   51705344   131072    7.277
05:43:46.396 python3        1784367 nvme1n1 WS   51705600   131072    7.334
05:43:46.397 python3        1784367 nvme1n1 WS   51705856   131072    7.410
05:43:46.397 python3        1784367 nvme1n1 WS   51706112   131072    7.486
05:43:46.397 python3        1784367 nvme1n1 WS   51706368   131072    7.569
05:43:46.397 python3        1784367 nvme1n1 WS   51706624   131072    7.646
05:43:46.397 python3        1784367 nvme1n1 WS   51706880   131072    7.725
05:43:46.397 python3        1784367 nvme1n1 WS   51707136   131072    7.802
05:43:46.397 python3        1784367 nvme1n1 WS   51707392   131072    7.881
05:43:46.397 python3        1784367 nvme1n1 WS   51707648   61440     7.917
05:43:46.397 python3        1784368 nvme1n1 WS   1625116928 131072    8.042
05:43:46.397 python3        1784368 nvme1n1 WS   1625117184 131072    8.117
05:43:46.397 python3        1784368 nvme1n1 WS   1625117440 131072    8.209
05:43:46.397 python3        1784368 nvme1n1 WS   1625117696 131072    8.276
05:43:46.397 python3        1784368 nvme1n1 WS   1625117952 131072    8.356
05:43:46.398 python3        1784368 nvme1n1 WS   1625118208 131072    8.435
05:43:46.398 python3        1784368 nvme1n1 WS   1625118464 131072    8.497
05:43:46.398 python3        1784368 nvme1n1 WS   1625118720 131072    8.576
05:43:46.398 python3        1784368 nvme1n1 WS   1625118976 131072    8.654
05:43:46.398 python3        1784368 nvme1n1 WS   1625119232 131072    8.731
05:43:46.398 python3        1784368 nvme1n1 WS   1625119488 131072    8.808
05:43:46.398 python3        1784368 nvme1n1 WS   1625119744 131072    8.885
05:43:46.398 python3        1784368 nvme1n1 WS   1625120000 131072    8.962
05:43:46.398 python3        1784368 nvme1n1 WS   1625120256 131072    9.037
05:43:46.398 python3        1784368 nvme1n1 WS   1625120512 131072    9.100
05:43:46.398 python3        1784368 nvme1n1 WS   1625165824 131072    9.178
05:43:46.398 python3        1784368 nvme1n1 WS   1625166080 131072    9.256
05:43:46.399 python3        1784368 nvme1n1 WS   1625161728 131072    9.417
05:43:46.399 python3        1784368 nvme1n1 WS   1625161984 131072    9.419
05:43:46.399 python3        1784368 nvme1n1 WS   1625162240 131072    9.479
05:43:46.399 python3        1784368 nvme1n1 WS   1625162496 131072    9.555
05:43:46.399 python3        1784368 nvme1n1 WS   1625162752 131072    9.636
05:43:46.399 python3        1784368 nvme1n1 WS   1625163008 131072    9.712
05:43:46.399 python3        1784368 nvme1n1 WS   1625163264 131072    9.789
05:43:46.399 python3        1784368 nvme1n1 WS   1625163520 131072    9.848
05:43:46.399 python3        1784368 nvme1n1 WS   1625163776 131072    9.926
05:43:46.399 python3        1784368 nvme1n1 WS   1625164032 131072   10.004
05:43:46.399 python3        1784368 nvme1n1 WS   1625164288 131072   10.083
05:43:46.399 python3        1784368 nvme1n1 WS   1625164544 131072   10.161
05:43:46.399 python3        1784368 nvme1n1 WS   1625164800 131072   10.240
05:43:46.400 python3        1784368 nvme1n1 WS   1625165056 131072   10.316
05:43:46.400 python3        1784368 nvme1n1 WS   1625165312 131072   10.398
05:43:46.400 python3        1784368 nvme1n1 WS   1625165568 61440    10.435
05:43:46.850 nvme           1843510 Unknown N    -1         512       0.036
05:43:47.260 python3        1784367 nvme1n1 WS   1636380672 131072    0.189
05:43:47.260 python3        1784367 nvme1n1 WS   1636380928 131072    0.266
05:43:47.260 python3        1784367 nvme1n1 WS   1636381184 131072    0.324
05:43:47.260 python3        1784367 nvme1n1 WS   1636381440 131072    0.420
05:43:47.260 python3        1784367 nvme1n1 WS   1636381696 131072    0.474
05:43:47.260 python3        1784367 nvme1n1 WS   1636381952 131072    0.559
05:43:47.260 python3        1784367 nvme1n1 WS   1636382208 131072    0.645
05:43:47.260 python3        1784369 nvme1n1 WS   1636384768 131072    0.712
05:43:47.260 python3        1784369 nvme1n1 WS   1636385024 131072    0.792
05:43:47.261 python3        1784369 nvme1n1 WS   1636385280 131072    0.869
05:43:47.261 python3        1784369 nvme1n1 WS   1636385536 131072    0.947
05:43:47.261 python3        1784369 nvme1n1 WS   1636385792 131072    1.026
05:43:47.261 python3        1784367 nvme1n1 WS   1636382464 131072    1.116
05:43:47.261 python3        1784367 nvme1n1 WS   1636382720 131072    1.198
05:43:47.261 python3        1784367 nvme1n1 WS   1636382976 131072    1.277
05:43:47.261 python3        1784367 nvme1n1 WS   1636383232 131072    1.359
05:43:47.261 python3        1784369 nvme1n1 WS   1636386048 131072    1.448
05:43:47.261 python3        1784369 nvme1n1 WS   1636386304 131072    1.529
05:43:47.261 python3        1784367 nvme1n1 WS   1636383488 131072    1.612
05:43:47.261 python3        1784367 nvme1n1 WS   1636383744 131072    1.693
05:43:47.262 python3        1784367 nvme1n1 WS   1636384000 131072    1.775
05:43:47.262 python3        1784367 nvme1n1 WS   1636384256 131072    1.856
05:43:47.262 python3        1784369 nvme1n1 WS   1636386560 131072    1.928
05:43:47.262 python3        1784369 nvme1n1 WS   1636386816 131072    2.009
05:43:47.262 python3        1784369 nvme1n1 WS   1636387072 131072    2.087
05:43:47.262 python3        1784369 nvme1n1 WS   1636387328 131072    2.161
05:43:47.262 python3        1784367 nvme1n1 WS   1636384512 131072    2.246
05:43:47.262 python3        1784367 nvme1n1 WS   1636388864 131072    2.322
05:43:47.262 python3        1784367 nvme1n1 WS   1636389120 131072    2.397
05:43:47.262 python3        1784369 nvme1n1 WS   1636387584 131072    2.476
05:43:47.262 python3        1784369 nvme1n1 WS   1636387840 131072    2.548
05:43:47.262 python3        1784369 nvme1n1 WS   1636388096 131072    2.623
05:43:47.262 python3        1784369 nvme1n1 WS   1636388352 131072    2.701
05:43:47.263 python3        1784369 nvme1n1 WS   1636388608 131072    2.759
05:43:47.263 python3        1784369 nvme1n1 WS   1636392960 131072    2.834
05:43:47.263 python3        1784369 nvme1n1 WS   1636393216 131072    2.911
05:43:47.263 python3        1784366 nvme1n1 WS   1625219072 131072    2.975
05:43:47.263 python3        1784366 nvme1n1 WS   1625219328 131072    3.039
05:43:47.263 python3        1784366 nvme1n1 WS   1625219584 131072    3.115
05:43:47.263 python3        1784366 nvme1n1 WS   1625219840 131072    3.193
05:43:47.263 python3        1784366 nvme1n1 WS   1625220096 131072    3.267
05:43:47.263 python3        1784366 nvme1n1 WS   1625220352 131072    3.342
05:43:47.263 python3        1784366 nvme1n1 WS   1625220608 131072    3.419
05:43:47.263 python3        1784366 nvme1n1 WS   1728664576 131072    3.503
05:43:47.263 python3        1784366 nvme1n1 WS   1728664832 53248     3.526
05:43:47.263 python3        1784367 nvme1n1 WS   1625223168 131072    3.596
05:43:47.264 python3        1784367 nvme1n1 WS   1625223424 131072    3.664
05:43:47.264 python3        1784367 nvme1n1 WS   1625223680 131072    3.740
05:43:47.264 python3        1784367 nvme1n1 WS   1625223936 131072    3.815
05:43:47.264 python3        1784367 nvme1n1 WS   1625224192 131072    3.892
05:43:47.264 python3        1784367 nvme1n1 WS   1625224448 131072    3.965
05:43:47.264 python3        1784367 nvme1n1 WS   1625224704 131072    4.041
05:43:47.264 python3        1784366 nvme1n1 WS   1625220864 131072    4.147
05:43:47.264 python3        1784366 nvme1n1 WS   1625221120 131072    4.223
05:43:47.264 python3        1784366 nvme1n1 WS   1625221376 131072    4.298
05:43:47.264 python3        1784366 nvme1n1 WS   1625221632 131072    4.380
05:43:47.264 python3        1784366 nvme1n1 WS   1625221888 131072    4.455
05:43:47.264 python3        1784366 nvme1n1 WS   1625222144 131072    4.532
05:43:47.264 python3        1784366 nvme1n1 WS   1625222400 131072    4.611
05:43:47.265 python3        1784366 nvme1n1 WS   1625222656 131072    4.692
05:43:47.265 python3        1784366 nvme1n1 WS   1636397056 131072    4.793
05:43:47.265 python3        1784366 nvme1n1 WS   1636397312 131072    4.863
05:43:47.265 python3        1784366 nvme1n1 WS   1636397568 131072    4.940
05:43:47.265 python3        1784366 nvme1n1 WS   1636397824 131072    5.017
05:43:47.265 python3        1784366 nvme1n1 WS   1636398080 131072    5.091
05:43:47.265 python3        1784366 nvme1n1 WS   1636398336 131072    5.164
05:43:47.265 python3        1784366 nvme1n1 WS   1636398592 131072    5.237
05:43:47.265 python3        1784366 nvme1n1 WS   1625222912 131072    5.426
05:43:47.265 python3        1784367 nvme1n1 WS   1728668672 131072    5.441
05:43:47.265 python3        1784367 nvme1n1 WS   1728668928 53248     5.443
05:43:47.265 python3        1784366 nvme1n1 WS   1625079808 131072    5.504
05:43:47.265 python3        1784366 nvme1n1 WS   1625080064 131072    5.579
05:43:47.266 python3        1784367 nvme1n1 WS   1625224960 131072    5.650
05:43:47.266 python3        1784367 nvme1n1 WS   1625225216 131072    5.725
05:43:47.266 python3        1784367 nvme1n1 WS   1625225472 131072    5.806
05:43:47.266 python3        1784367 nvme1n1 WS   1625225728 131072    5.881
05:43:47.266 python3        1784367 nvme1n1 WS   1625225984 131072    5.958
05:43:47.266 python3        1784367 nvme1n1 WS   1625226240 131072    6.037
05:43:47.266 python3        1784367 nvme1n1 WS   1625226496 131072    6.113
05:43:47.266 python3        1784367 nvme1n1 WS   1625226752 131072    6.190
05:43:47.266 python3        1784367 nvme1n1 WS   1625227008 131072    6.252
05:43:47.266 python3        1784366 nvme1n1 WS   1636398848 131072    6.363
05:43:47.266 python3        1784366 nvme1n1 WS   1636399104 131072    6.436
05:43:47.266 python3        1784366 nvme1n1 WS   1636399360 131072    6.512
05:43:47.267 python3        1784366 nvme1n1 WS   1636399616 131072    6.588
05:43:47.267 python3        1784366 nvme1n1 WS   1636399872 131072    6.668
05:43:47.267 python3        1784366 nvme1n1 WS   1636400128 131072    6.779
05:43:47.267 python3        1784366 nvme1n1 WS   1636400384 131072    6.856
05:43:47.267 python3        1784366 nvme1n1 WS   1636400640 131072    6.934
05:43:47.267 python3        1784369 nvme1n1 WS   1593237504 131072    7.094
05:43:47.267 python3        1784369 nvme1n1 WS   1593237760 131072    7.121
05:43:47.267 python3        1784369 nvme1n1 WS   1593238016 131072    7.191
05:43:47.267 python3        1784369 nvme1n1 WS   1593238272 131072    7.268
05:43:47.267 python3        1784369 nvme1n1 WS   1593238528 131072    7.345
05:43:47.267 python3        1784369 nvme1n1 WS   1593238784 131072    7.426
05:43:47.267 python3        1784369 nvme1n1 WS   1593239040 131072    7.497
05:43:47.268 python3        1784367 nvme1n1 WS   1625227264 131072    7.565
05:43:47.268 python3        1784367 nvme1n1 WS   1625227520 131072    7.648
05:43:47.268 python3        1784369 nvme1n1 WS   1728669696 131072    7.711
05:43:47.268 python3        1784369 nvme1n1 WS   1728669952 53248     7.734
05:43:47.268 python3        1784369 nvme1n1 WS   1593239296 131072    7.811
05:43:47.268 python3        1784369 nvme1n1 WS   1593239552 131072    7.885
05:43:47.268 python3        1784369 nvme1n1 WS   1593239808 131072    7.964
05:43:47.268 python3        1784369 nvme1n1 WS   1593240064 131072    8.042
05:43:47.268 python3        1784369 nvme1n1 WS   1593240320 131072    8.117
05:43:47.268 python3        1784369 nvme1n1 WS   1593240576 131072    8.196
05:43:47.268 python3        1784369 nvme1n1 WS   1593240832 131072    8.275
05:43:47.268 python3        1784369 nvme1n1 WS   1593241088 131072    8.354
05:43:47.268 python3        1784366 nvme1n1 WS   1636400896 131072    8.450
05:43:47.269 python3        1784366 nvme1n1 WS   1636401152 131072    8.526
05:43:47.269 python3        1784366 nvme1n1 WS   1636401408 131072    8.602
05:43:47.269 python3        1784369 nvme1n1 WS   1593241344 131072    8.659
05:43:47.269 python3        1784369 nvme1n1 WS   1593241600 131072    8.734
05:43:47.269 python3        1784369 nvme1n1 WS   1593241856 131072    8.810
05:43:47.269 python3        1784368 nvme1n1 WS   1636405248 131072    8.951
05:43:47.269 python3        1784368 nvme1n1 WS   1636405504 131072    8.979
05:43:47.269 python3        1784368 nvme1n1 WS   1636405760 131072    9.048
05:43:47.269 python3        1784368 nvme1n1 WS   1636406016 131072    9.125
05:43:47.269 python3        1784368 nvme1n1 WS   1636406272 131072    9.202
05:43:47.269 python3        1784368 nvme1n1 WS   1636406528 131072    9.281
05:43:47.269 python3        1784368 nvme1n1 WS   1636406784 131072    9.356
05:43:47.269 python3        1784368 nvme1n1 WS   1636407040 131072    9.414
05:43:47.270 python3        1784368 nvme1n1 WS   1636407296 131072    9.491
05:43:47.270 python3        1784368 nvme1n1 WS   1636407552 131072    9.567
05:43:47.270 python3        1784368 nvme1n1 WS   1636407808 131072    9.646
05:43:47.270 python3        1784368 nvme1n1 WS   1636408064 131072    9.723
05:43:47.270 python3        1784368 nvme1n1 WS   1636408320 131072    9.802
05:43:47.270 python3        1784368 nvme1n1 WS   1636408576 131072    9.878
05:43:47.270 python3        1784368 nvme1n1 WS   1636408832 131072    9.953
05:43:47.270 python3        1784368 nvme1n1 WS   1636409088 131072   10.023
05:43:47.270 python3        1784368 nvme1n1 WS   1636409344 131072   10.098
05:43:47.270 python3        1784368 nvme1n1 WS   1636409600 131072   10.176
05:43:47.270 python3        1784368 nvme1n1 WS   1728675840 131072   10.148
05:43:47.270 python3        1784368 nvme1n1 WS   1728676096 53248    10.171
05:43:47.270 python3        1784368 nvme1n1 WS   1636413440 131072   10.230
05:43:47.271 python3        1784368 nvme1n1 WS   1636413696 131072   10.309
05:43:47.271 python3        1784368 nvme1n1 WS   1636413952 131072   10.381
05:43:47.271 python3        1784368 nvme1n1 WS   1636414208 131072   10.458
05:43:47.271 python3        1784368 nvme1n1 WS   1636414464 131072   10.537
05:43:47.271 python3        1784368 nvme1n1 WS   1636414720 131072   10.614
05:43:47.271 python3        1784368 nvme1n1 WS   1636414976 131072   10.693
05:43:47.271 python3        1784368 nvme1n1 WS   1636415232 131072   10.750
05:43:47.271 python3        1784368 nvme1n1 WS   1636415488 131072   10.825
05:43:47.271 python3        1784368 nvme1n1 WS   1636415744 131072   10.900
05:43:47.271 python3        1784368 nvme1n1 WS   1636416000 131072   10.975
05:43:47.271 python3        1784368 nvme1n1 WS   1636416256 131072   11.053
05:43:47.271 python3        1784368 nvme1n1 WS   1636416512 131072   11.128
05:43:47.271 python3        1784368 nvme1n1 WS   1636416768 131072   11.206
05:43:47.272 python3        1784368 nvme1n1 WS   1636417024 131072   11.289
05:43:47.272 python3        1784368 nvme1n1 WS   1636417280 131072   11.360
05:43:47.272 python3        1784368 nvme1n1 WS   1636417536 131072   11.438
05:43:47.272 python3        1784368 nvme1n1 WS   1636417792 131072   11.518
05:43:47.852 nvme           1843524 Unknown N    -1         512       0.042
05:43:48.064 ib_log_        125932  nvme1n1 WS   1756076656 4096      0.054
05:43:48.064 ib_log_        125932  nvme1n1 WS   1756076288 4096      0.037
05:43:48.303 ib_pg_f        125932  nvme1n1 WS   1756891136 16384     0.071
05:43:48.303 ib_pg_f        125932  nvme1n1 WS   1755217480 16384     0.043
05:43:48.854 nvme           1843540 Unknown N    -1         512       0.039
05:43:49.065 ib_log_        125932  nvme1n1 WS   1756076288 4096      0.053
05:43:49.684 python3        1784366 nvme1n1 WS   1636421632 131072    0.173
05:43:49.684 python3        1784366 nvme1n1 WS   1636421888 131072    0.256
05:43:49.684 python3        1784366 nvme1n1 WS   1636422144 131072    0.357
05:43:49.684 python3        1784366 nvme1n1 WS   1636422400 131072    0.410
05:43:49.684 python3        1784366 nvme1n1 WS   1636422656 131072    0.495
05:43:49.684 python3        1784366 nvme1n1 WS   1636422912 131072    0.569
05:43:49.684 python3        1784366 nvme1n1 WS   1636423168 131072    0.637
05:43:49.684 python3        1784366 nvme1n1 WS   1636423424 131072    0.692
05:43:49.684 python3        1784366 nvme1n1 WS   1636423680 131072    0.776
05:43:49.685 python3        1784366 nvme1n1 WS   1636423936 131072    0.857
05:43:49.685 python3        1784366 nvme1n1 WS   1636424192 131072    0.936
05:43:49.685 python3        1784366 nvme1n1 WS   1636424448 131072    1.021
05:43:49.685 python3        1784366 nvme1n1 WS   1636424704 131072    1.098
05:43:49.685 python3        1784366 nvme1n1 WS   1636424960 131072    1.174
05:43:49.685 python3        1784366 nvme1n1 WS   1636425216 131072    1.252
05:43:49.685 python3        1784366 nvme1n1 WS   1636425472 131072    1.321
05:43:49.685 python3        1784366 nvme1n1 WS   1636425728 131072    1.404
05:43:49.685 python3        1784366 nvme1n1 WS   1636425984 131072    1.487
05:43:49.685 python3        1784367 nvme1n1 WS   1641029632 131072    1.616
05:43:49.685 python3        1784367 nvme1n1 WS   1641029888 131072    1.625
05:43:49.685 python3        1784367 nvme1n1 WS   1641030144 131072    1.706
05:43:49.686 python3        1784367 nvme1n1 WS   1641030400 131072    1.787
05:43:49.686 python3        1784367 nvme1n1 WS   1641030656 131072    1.870
05:43:49.686 python3        1784367 nvme1n1 WS   1641030912 131072    1.947
05:43:49.686 python3        1784367 nvme1n1 WS   1641031168 131072    2.029
05:43:49.686 python3        1784367 nvme1n1 WS   1641031424 131072    2.084
05:43:49.686 python3        1784367 nvme1n1 WS   1641031680 131072    2.158
05:43:49.686 python3        1784367 nvme1n1 WS   1641031936 131072    2.237
05:43:49.686 python3        1784367 nvme1n1 WS   1641032192 131072    2.308
05:43:49.686 python3        1784367 nvme1n1 WS   1641032448 131072    2.383
05:43:49.686 python3        1784367 nvme1n1 WS   1641032704 131072    2.458
05:43:49.686 python3        1784367 nvme1n1 WS   1641032960 131072    2.534
05:43:49.686 python3        1784367 nvme1n1 WS   1641033216 131072    2.609
05:43:49.687 python3        1784368 nvme1n1 WS   1636429824 131072    2.754
05:43:49.687 python3        1784368 nvme1n1 WS   1636430080 131072    2.773
05:43:49.687 python3        1784368 nvme1n1 WS   1636430336 131072    2.832
05:43:49.687 python3        1784368 nvme1n1 WS   1636430592 131072    2.908
05:43:49.687 python3        1784368 nvme1n1 WS   1636430848 131072    2.984
05:43:49.687 python3        1784368 nvme1n1 WS   1636431104 131072    3.056
05:43:49.687 python3        1784368 nvme1n1 WS   1636431360 131072    3.132
05:43:49.687 python3        1784367 nvme1n1 WS   1641033472 131072    3.221
05:43:49.687 python3        1784367 nvme1n1 WS   1641033728 131072    3.295
05:43:49.687 python3        1784367 nvme1n1 WS   1641033984 131072    3.371
05:43:49.687 python3        1784369 nvme1n1 WS   1636433920 131072    3.461
05:43:49.687 python3        1784369 nvme1n1 WS   1636434176 131072    3.525
05:43:49.687 python3        1784369 nvme1n1 WS   1636434432 131072    3.600
05:43:49.687 python3        1784369 nvme1n1 WS   1636434688 131072    3.674
05:43:49.688 python3        1784369 nvme1n1 WS   1636434944 131072    3.747
05:43:49.688 python3        1784369 nvme1n1 WS   1636435200 131072    3.822
05:43:49.688 python3        1784369 nvme1n1 WS   1636435456 131072    3.899
05:43:49.688 python3        1784368 nvme1n1 WS   1636431616 131072    3.970
05:43:49.688 python3        1784368 nvme1n1 WS   1636431872 131072    4.043
05:43:49.688 python3        1784368 nvme1n1 WS   1636432128 131072    4.118
05:43:49.688 python3        1784368 nvme1n1 WS   1636432384 131072    4.193
05:43:49.688 python3        1784368 nvme1n1 WS   1636432640 131072    4.267
05:43:49.688 python3        1784368 nvme1n1 WS   1636432896 131072    4.343
05:43:49.688 python3        1784368 nvme1n1 WS   1636433152 131072    4.417
05:43:49.688 python3        1784368 nvme1n1 WS   1636433408 131072    4.491
05:43:49.688 python3        1784368 nvme1n1 WS   1636433664 131072    4.553
05:43:49.688 python3        1784369 nvme1n1 WS   1636435712 131072    4.654
05:43:49.689 python3        1784369 nvme1n1 WS   1636435968 131072    4.732
05:43:49.689 python3        1784369 nvme1n1 WS   1636436224 131072    4.810
05:43:49.689 python3        1784369 nvme1n1 WS   1636436480 131072    4.890
05:43:49.689 python3        1784369 nvme1n1 WS   1636436736 131072    4.965
05:43:49.689 python3        1784369 nvme1n1 WS   1636436992 131072    5.041
05:43:49.689 python3        1784369 nvme1n1 WS   1636437248 131072    5.122
05:43:49.689 python3        1784369 nvme1n1 WS   1636437504 131072    5.200
05:43:49.689 python3        1784369 nvme1n1 WS   1641037824 131072    5.298
05:43:49.689 python3        1784369 nvme1n1 WS   1641038080 131072    5.364
05:43:49.689 python3        1784369 nvme1n1 WS   1641038336 131072    5.438
05:43:49.689 python3        1784368 nvme1n1 WS   1636438016 131072    5.519
05:43:49.689 python3        1784368 nvme1n1 WS   1636438272 131072    5.599
05:43:49.690 python3        1784369 nvme1n1 WS   1641038592 131072    5.676
05:43:49.690 python3        1784369 nvme1n1 WS   1641038848 131072    5.753
05:43:49.690 python3        1784369 nvme1n1 WS   1641039104 131072    5.833
05:43:49.690 python3        1784369 nvme1n1 WS   1641039360 131072    5.908
05:43:49.690 python3        1784369 nvme1n1 WS   1641039616 131072    5.951
05:43:49.690 python3        1784369 nvme1n1 WS   1636437760 131072    6.067
05:43:49.690 python3        1784369 nvme1n1 WS   1636442112 131072    6.148
05:43:49.690 python3        1784369 nvme1n1 WS   1636442368 131072    6.228
05:43:49.690 python3        1784367 nvme1n1 WS   1636720640 131072    6.360
05:43:49.690 python3        1784367 nvme1n1 WS   1636720896 131072    6.381
05:43:49.690 python3        1784367 nvme1n1 WS   1636721152 131072    6.437
05:43:49.690 python3        1784367 nvme1n1 WS   1636721408 131072    6.512
05:43:49.691 python3        1784367 nvme1n1 WS   1636721664 131072    6.591
05:43:49.691 python3        1784367 nvme1n1 WS   1636721920 131072    6.669
05:43:49.691 python3        1784367 nvme1n1 WS   1636722176 131072    6.748
05:43:49.691 python3        1784367 nvme1n1 WS   1636722432 131072    6.840
05:43:49.691 python3        1784367 nvme1n1 WS   1636722688 131072    6.921
05:43:49.691 python3        1784367 nvme1n1 WS   1636722944 131072    6.995
05:43:49.691 python3        1784369 nvme1n1 WS   1641039872 131072    7.107
05:43:49.691 python3        1784369 nvme1n1 WS   1641040128 131072    7.181
05:43:49.691 python3        1784369 nvme1n1 WS   1641040384 131072    7.259
05:43:49.691 python3        1784369 nvme1n1 WS   1641040640 131072    7.334
05:43:49.691 python3        1784369 nvme1n1 WS   1641040896 131072    7.411
05:43:49.691 python3        1784369 nvme1n1 WS   1641041152 131072    7.488
05:43:49.692 python3        1784369 nvme1n1 WS   1641041408 131072    7.567
05:43:49.692 python3        1784367 nvme1n1 WS   1636723200 131072    7.617
05:43:49.692 python3        1784367 nvme1n1 WS   1636723456 131072    7.694
05:43:49.692 python3        1784367 nvme1n1 WS   1636723712 131072    7.774
05:43:49.692 python3        1784367 nvme1n1 WS   1636723968 131072    7.849
05:43:49.692 python3        1784367 nvme1n1 WS   1636724224 131072    7.925
05:43:49.692 python3        1784369 nvme1n1 WS   1641041664 131072    8.013
05:43:49.692 python3        1784369 nvme1n1 WS   1641046016 131072    8.088
05:43:49.692 python3        1784369 nvme1n1 WS   1641046272 131072    8.166
05:43:49.692 python3        1784368 nvme1n1 WS   1641041920 131072    8.260
05:43:49.692 python3        1784368 nvme1n1 WS   1641042176 131072    8.328
05:43:49.692 python3        1784368 nvme1n1 WS   1641042432 131072    8.404
05:43:49.692 python3        1784368 nvme1n1 WS   1641042688 131072    8.480
05:43:49.693 python3        1784368 nvme1n1 WS   1641042944 131072    8.557
05:43:49.693 python3        1784368 nvme1n1 WS   1641043200 131072    8.632
05:43:49.693 python3        1784368 nvme1n1 WS   1641043456 131072    8.707
05:43:49.693 python3        1784367 nvme1n1 WS   1636724480 131072    8.783
05:43:49.693 python3        1784367 nvme1n1 WS   1636814848 131072    8.862
05:43:49.693 python3        1784367 nvme1n1 WS   1636815104 131072    8.940
05:43:49.693 python3        1784368 nvme1n1 WS   1641043712 131072    9.012
05:43:49.693 python3        1784368 nvme1n1 WS   1641043968 131072    9.086
05:43:49.693 python3        1784368 nvme1n1 WS   1641044224 131072    9.160
05:43:49.693 python3        1784368 nvme1n1 WS   1641044480 131072    9.233
05:43:49.693 python3        1784368 nvme1n1 WS   1641044736 131072    9.306
05:43:49.693 python3        1784368 nvme1n1 WS   1641044992 131072    9.383
05:43:49.694 python3        1784368 nvme1n1 WS   1641045248 131072    9.458
05:43:49.694 python3        1784368 nvme1n1 WS   1641045504 131072    9.535
05:43:49.694 python3        1784368 nvme1n1 WS   1641045760 131072    9.590
05:43:49.694 python3        1784368 nvme1n1 WS   1641050112 131072    9.666
05:43:49.694 python3        1784368 nvme1n1 WS   1641050368 131072    9.746
05:43:49.694 python3        1784366 nvme1n1 WS   1641054208 131072    9.581
05:43:49.694 python3        1784366 nvme1n1 WS   1641054464 131072    9.581
05:43:49.694 python3        1784366 nvme1n1 WS   1641054720 131072    9.636
05:43:49.694 python3        1784366 nvme1n1 WS   1641054976 131072    9.712
05:43:49.694 python3        1784366 nvme1n1 WS   1641055232 131072    9.791
05:43:49.694 python3        1784366 nvme1n1 WS   1641055488 131072    9.865
05:43:49.694 python3        1784366 nvme1n1 WS   1641055744 131072    9.946
05:43:49.694 python3        1784366 nvme1n1 WS   1641056000 131072   10.009
05:43:49.695 python3        1784366 nvme1n1 WS   1641056256 131072   10.087
05:43:49.695 python3        1784366 nvme1n1 WS   1641056512 131072   10.161
05:43:49.695 python3        1784366 nvme1n1 WS   1641056768 131072   10.239
05:43:49.695 python3        1784366 nvme1n1 WS   1641057024 131072   10.319
05:43:49.695 python3        1784366 nvme1n1 WS   1641057280 131072   10.398
05:43:49.695 python3        1784366 nvme1n1 WS   1641057536 131072   10.474
05:43:49.695 python3        1784366 nvme1n1 WS   1641057792 131072   10.549
05:43:49.695 python3        1784366 nvme1n1 WS   1641058048 131072   10.614
05:43:49.695 python3        1784366 nvme1n1 WS   1641066496 131072   10.690
05:43:49.695 python3        1784366 nvme1n1 WS   1641066752 131072   10.767
05:43:49.695 python3        1784369 nvme1n1 WS   1641058304 131072   10.863
05:43:49.695 python3        1784369 nvme1n1 WS   1641058560 131072   10.927
05:43:49.695 python3        1784369 nvme1n1 WS   1641058816 131072   11.003
05:43:49.696 python3        1784369 nvme1n1 WS   1641059072 131072   11.082
05:43:49.696 python3        1784369 nvme1n1 WS   1641059328 131072   11.161
05:43:49.696 python3        1784369 nvme1n1 WS   1641059584 131072   11.261
05:43:49.696 python3        1784366 nvme1n1 WS   1641062400 131072   11.362
05:43:49.696 python3        1784366 nvme1n1 WS   1641062656 131072   11.434
05:43:49.696 python3        1784366 nvme1n1 WS   1641062912 131072   11.510
05:43:49.696 python3        1784366 nvme1n1 WS   1641063168 131072   11.588
05:43:49.696 python3        1784366 nvme1n1 WS   1641063424 131072   11.668
05:43:49.696 python3        1784366 nvme1n1 WS   1641063680 131072   11.746
05:43:49.696 python3        1784366 nvme1n1 WS   1641063936 131072   11.827
05:43:49.696 python3        1784366 nvme1n1 WS   1641064192 131072   11.891
05:43:49.696 python3        1784366 nvme1n1 WS   1641064448 131072   11.965
05:43:49.697 python3        1784369 nvme1n1 WS   1641059840 131072   12.067
05:43:49.697 python3        1784369 nvme1n1 WS   1641060096 131072   12.133
05:43:49.697 python3        1784369 nvme1n1 WS   1641060352 131072   12.213
05:43:49.697 python3        1784369 nvme1n1 WS   1641060608 131072   12.292
05:43:49.697 python3        1784369 nvme1n1 WS   1641060864 131072   12.370
05:43:49.697 python3        1784366 nvme1n1 WS   1641064704 131072   12.453
05:43:49.697 python3        1784366 nvme1n1 WS   1641064960 131072   12.532
05:43:49.697 python3        1784366 nvme1n1 WS   1641065216 131072   12.611
05:43:49.697 python3        1784366 nvme1n1 WS   1641065472 86016    12.663
05:43:49.697 python3        1784369 nvme1n1 WS   1641061120 131072   12.751
05:43:49.697 python3        1784369 nvme1n1 WS   1641061376 86016    12.801
05:43:49.697 python3        1784367 nvme1n1 WS   1641070592 131072   12.745
05:43:49.698 python3        1784367 nvme1n1 WS   1641070848 131072   12.815
05:43:49.698 python3        1784367 nvme1n1 WS   1641071104 131072   12.891
05:43:49.698 python3        1784367 nvme1n1 WS   1641071360 131072   12.967
05:43:49.698 python3        1784367 nvme1n1 WS   1641071616 131072   13.045
05:43:49.698 python3        1784367 nvme1n1 WS   1641071872 131072   13.120
05:43:49.698 python3        1784367 nvme1n1 WS   1641072128 131072   13.197
05:43:49.698 python3        1784368 nvme1n1 WS   1641074688 131072   13.320
05:43:49.698 python3        1784368 nvme1n1 WS   1641074944 131072   13.347
05:43:49.698 python3        1784368 nvme1n1 WS   1641075200 131072   13.424
05:43:49.698 python3        1784368 nvme1n1 WS   1641075456 131072   13.502
05:43:49.698 python3        1784368 nvme1n1 WS   1641075712 131072   13.577
05:43:49.698 python3        1784368 nvme1n1 WS   1641075968 131072   13.662
05:43:49.698 python3        1784368 nvme1n1 WS   1641076224 131072   13.739
05:43:49.699 python3        1784367 nvme1n1 WS   1641072384 131072   13.823
05:43:49.699 python3        1784367 nvme1n1 WS   1641072640 131072   13.894
05:43:49.699 python3        1784367 nvme1n1 WS   1641072896 131072   13.969
05:43:49.699 python3        1784367 nvme1n1 WS   1641073152 131072   14.049
05:43:49.699 python3        1784367 nvme1n1 WS   1641073408 131072   14.127
05:43:49.699 python3        1784367 nvme1n1 WS   1641073664 86016    14.176
05:43:49.699 python3        1784368 nvme1n1 WS   1641076480 131072   14.267
05:43:49.699 python3        1784368 nvme1n1 WS   1641076736 131072   14.343
05:43:49.699 python3        1784368 nvme1n1 WS   1641076992 131072   14.421
05:43:49.699 python3        1784368 nvme1n1 WS   1641077248 131072   14.499
05:43:49.699 python3        1784368 nvme1n1 WS   1641077504 131072   14.569
05:43:49.699 python3        1784368 nvme1n1 WS   1641077760 86016    14.620
05:43:49.840 amoprof        1787544 nvme1n1 W    608484864  4096      0.055
