TIMESTAMP    COMM           PID     DISK    T    SECTOR     BYTES   LAT(ms)
02:09:21.590 nvme           1604063 Unknown N    -1         512       0.113
02:09:22.593 nvme           1604118 Unknown N    -1         512       0.137
02:09:23.595 nvme           1604128 Unknown N    -1         512       0.032
02:09:24.597 nvme           1604142 Unknown N    -1         512       0.077
02:09:24.896 kworker        1513369 nvme1n1 W    1639455136 8192      0.067
02:09:24.896 jbd2/nv        752     nvme1n1 WSM  877676544  114688    0.135
02:09:24.896 jbd2/nv        752     nvme1n1 WSM  877676768  4096      0.031
02:09:24.896 kworker        1513369 nvme1n1 W    591723024  32768     0.056
02:09:25.599 nvme           1604151 Unknown N    -1         512       0.099
02:09:26.601 nvme           1604161 Unknown N    -1         512       0.085
02:09:27.604 nvme           1604165 Unknown N    -1         512       0.033
02:09:28.480 kworker        1592471 nvme1n1 W    1625053112 8192      0.059
02:09:28.606 nvme           1604169 Unknown N    -1         512       0.072
02:09:29.608 nvme           1604189 Unknown N    -1         512       0.034
02:09:30.016 kworker        1592471 nvme1n1 W    1574120960 4096      0.060
02:09:30.016 jbd2/nv        752     nvme1n1 WSM  877676776  57344     0.094
02:09:30.016 jbd2/nv        752     nvme1n1 WSM  877676888  4096      0.033
02:09:30.017 kworker        1592471 nvme1n1 W    1574120968 49152     0.107
02:09:30.017 kworker        1592471 nvme1n1 W    1499391272 131072    0.185
02:09:30.017 kworker        1592471 nvme1n1 W    1499391528 61440     0.220
02:09:30.017 kworker        1592471 nvme1n1 W    1574121064 32768     0.239
02:09:30.017 kworker        1592471 nvme1n1 W    1499286264 131072    0.314
02:09:30.017 kworker        1592471 nvme1n1 W    1499286520 90112     0.370
02:09:30.017 kworker        1592471 nvme1n1 W    591792072  77824     0.416
02:09:30.017 kworker        1592471 nvme1n1 W    1574121128 45056     0.443
02:09:30.610 nvme           1604198 Unknown N    -1         512       0.075
02:09:31.597 amoprof        1271097 nvme1n1 W    591901048  4096      0.053
