TIMESTAMP    COMM           PID     DISK    T    SECTOR     BYTES   LAT(ms)
09:15:15.400 nvme           2197909 Unknown N    -1         512       0.035
09:15:15.744 kworker        2145130 nvme1n1 W    1616334360 20480     0.070
09:15:16.402 nvme           2197962 Unknown N    -1         512       0.033
09:15:17.405 nvme           2197963 Unknown N    -1         512       0.028
09:15:17.694 journal        229470  nvme0n1 WS   7337984    4096      1.166
09:15:17.694 journal        229470  nvme0n1 WS   8130296    131072    1.409
09:15:17.694 journal        229470  nvme0n1 WS   8129016    65536     1.654
09:15:17.694 journal        229470  nvme0n1 WS   8131576    131072    1.805
09:15:17.695 journal        229470  nvme0n1 WS   8133368    131072    1.959
09:15:17.695 journal        229470  nvme0n1 WS   8129272    131072    2.028
09:15:17.695 journal        229470  nvme0n1 WS   8139000    131072    2.021
09:15:17.695 journal        229470  nvme0n1 WS   36019968   131072    2.263
09:15:17.695 journal        229470  nvme0n1 WS   36024576   131072    2.356
09:15:17.695 journal        229470  nvme0n1 WS   36025856   131072    2.508
09:15:17.695 journal        229470  nvme0n1 WS   8135672    131072    2.520
09:15:17.695 journal        229470  nvme0n1 WS   36029952   131072    2.568
09:15:17.696 journal        229470  nvme0n1 WS   8129784    262144    2.900
09:15:17.696 journal        229470  nvme0n1 WS   8134904    262144    3.394
09:15:17.696 journal        229470  nvme0n1 WS   36023808   262144    3.390
09:15:17.696 journal        229470  nvme0n1 WS   36168080   4096      0.682
09:15:17.696 journal        229470  nvme0n1 WS   8142840    262144    3.573
09:15:17.696 journal        229470  nvme0n1 WS   36167192   4096      1.045
09:15:17.696 journal        229470  nvme0n1 WS   36168528   4096      1.043
09:15:17.696 journal        229470  nvme0n1 WS   36315792   40960     1.088
09:15:17.697 journal        229470  nvme0n1 WS   36169088   65536     1.288
09:15:17.697 journal        229470  nvme0n1 WS   36174464   65536     1.289
09:15:17.697 journal        229470  nvme0n1 WS   36177280   65536     1.349
09:15:17.697 journal        229470  nvme0n1 WS   36167552   65536     1.542
09:15:17.697 journal        229470  nvme0n1 WS   36315136   131072    1.713
09:15:17.697 journal        229470  nvme0n1 WS   36317184   131072    1.772
09:15:17.697 journal        229470  nvme0n1 WS   36166656   131072    2.093
09:15:17.697 journal        229470  nvme0n1 WS   36312576   131072    2.095
09:15:17.698 journal        229470  nvme0n1 WS   36323704   4096      0.747
09:15:17.698 journal        229470  nvme0n1 WS   36232352   16384     0.869
09:15:17.698 journal        229470  nvme0n1 WS   36322448   4096      0.935
09:15:17.698 journal        229470  nvme0n1 WS   36323968   65536     0.994
09:15:17.698 journal        229470  nvme0n1 WS   36323136   16384     1.058
09:15:17.698 journal        229470  nvme0n1 WS   36238336   131072    1.675
09:15:17.699 journal        229470  nvme0n1 WS   36321792   131072    1.960
09:15:17.699 journal        229470  nvme0n1 WS   36231424   131072    2.048
09:15:17.700 jbd2/nv        391     nvme0n1 WSM  4287088    61440     1.140
09:15:17.701 jbd2/nv        391     nvme0n1 WSM  4287208    4096      0.752
09:15:17.702 journal        229470  nvme0n1 WS   7337984    4096      0.900
09:15:17.703 jbd2/nv        391     nvme0n1 WSM  4287216    8192      0.917
09:15:17.704 jbd2/nv        391     nvme0n1 WSM  4287232    4096      0.890
09:15:17.777 systemd        229470  nvme0n1 WS   7337984    4096      0.979
09:15:17.779 jbd2/nv        391     nvme0n1 WSM  4287240    12288     1.085
09:15:17.779 jbd2/nv        391     nvme0n1 WSM  4287264    4096      0.867
09:15:18.407 nvme           2197969 Unknown N    -1         512       0.027
09:15:18.817 kworker        2166224 nvme0n1 WM   2099224    4096      1.012
09:15:18.817 kworker        2166224 nvme0n1 WM   2099208    4096      1.089
09:15:18.817 kworker        2166224 nvme0n1 WM   2101384    4096      1.091
09:15:18.817 kworker        2166224 nvme0n1 WM   2102384    4096      1.092
09:15:18.817 kworker        2166224 nvme0n1 WM   2102280    4096      1.095
09:15:18.817 kworker        2166224 nvme0n1 WM   2235488    4096      1.095
09:15:18.817 kworker        2166224 nvme0n1 WM   9089776    4096      1.096
09:15:18.817 kworker        2166224 nvme0n1 WM   6310376    4096      1.099
09:15:18.817 kworker        2166224 nvme0n1 WM   6310504    4096      1.101
09:15:18.817 kworker        2166224 nvme0n1 WM   14682120   4096      1.101
09:15:18.817 kworker        2166224 nvme0n1 WM   12326896   4096      1.104
09:15:18.817 kworker        2166224 nvme0n1 WM   14682192   4096      1.145
09:15:18.817 kworker        2166224 nvme0n1 WM   35653696   4096      1.147
09:15:18.817 kworker        2166224 nvme0n1 WM   14705944   8192      1.150
09:15:19.409 nvme           2197970 Unknown N    -1         512       0.030
09:15:19.529 jbd2/nv        752     nvme1n1 WSM  878469952  126976    0.152
09:15:19.529 jbd2/nv        752     nvme1n1 WSM  878470200  4096      0.031
09:15:20.412 nvme           2197971 Unknown N    -1         512       0.029
09:15:20.865 kworker        2145130 nvme1n1 W    616908224  118784    0.187
09:15:20.865 kworker        2145130 nvme1n1 W    616908456  32768     0.202
09:15:20.865 kworker        2145130 nvme1n1 W    1624019832 131072    0.276
09:15:20.865 kworker        2145130 nvme1n1 W    1624020088 61440     0.311
09:15:20.865 kworker        2145130 nvme1n1 W    616908520  32768     0.328
09:15:20.865 kworker        2145130 nvme1n1 W    1664384488 131072    0.405
09:15:20.865 kworker        2145130 nvme1n1 W    1664384744 90112     0.457
09:15:20.865 kworker        2145130 nvme1n1 W    1623596808 77824     0.507
09:15:20.865 kworker        2145130 nvme1n1 W    616908584  45056     0.275
09:15:21.414 nvme           2197976 Unknown N    -1         512       0.033
09:15:22.416 nvme           2197977 Unknown N    -1         512       0.028
09:15:23.418 nvme           2197978 Unknown N    -1         512       0.028
09:15:23.978 dockerd        1436    nvme1n1 WS   612973712  4096      0.058
09:15:23.978 jbd2/nv        752     nvme1n1 WSM  878470208  90112     0.110
09:15:23.978 jbd2/nv        752     nvme1n1 WSM  878470384  4096      0.029
09:15:23.978 dockerd        1436    nvme1n1 WS   612973720  4096      0.030
09:15:23.979 jbd2/nv        752     nvme1n1 WSM  878470392  36864     0.061
09:15:23.979 jbd2/nv        752     nvme1n1 WSM  878470464  4096      0.032
09:15:24.009 contain        1195    nvme1n1 WS   1730873944 4096      0.062
09:15:24.009 contain        1195    nvme1n1 WS   1730874032 4096      0.071
09:15:24.009 contain        1195    nvme1n1 WS   1730874048 4096      0.072
09:15:24.009 contain        1195    nvme1n1 WS   1730874176 4096      0.077
09:15:24.009 contain        1195    nvme1n1 WS   1429528    4096      0.028
09:15:24.020 dockerd        1436    nvme1n1 WS   1323328    4096      0.046
09:15:24.020 dockerd        1436    nvme1n1 WS   1757812064 4096      0.052
09:15:24.020 dockerd        1436    nvme1n1 WS   1757812104 8192      0.057
09:15:24.020 dockerd        1436    nvme1n1 WS   1323312    4096      0.027
09:15:24.031 dockerd        1436    nvme1n1 WS   1518910992 4096      0.047
09:15:24.031 dockerd        1436    nvme1n1 WS   1757812056 4096      0.054
09:15:24.031 dockerd        1436    nvme1n1 WS   1757812096 4096      0.060
09:15:24.031 dockerd        1436    nvme1n1 WS   1757812120 8192      0.061
09:15:24.031 dockerd        1436    nvme1n1 WS   1323304    4096      0.026
09:15:24.032 dockerd        1436    nvme1n1 W    616908672  4096      0.029
09:15:24.032 dockerd        1436    nvme1n1 WS   1757812064 4096      0.036
09:15:24.032 dockerd        1436    nvme1n1 WS   1757812080 8192      0.045
09:15:24.032 dockerd        1436    nvme1n1 WS   1757812104 4096      0.048
09:15:24.032 dockerd        1436    nvme1n1 WS   1323312    4096      0.027
09:15:24.068 dockerd        1436    nvme1n1 WS   1518910992 4096      0.065
09:15:24.068 dockerd        1436    nvme1n1 WS   1757812056 4096      0.071
09:15:24.068 dockerd        1436    nvme1n1 WS   1757812096 4096      0.073
09:15:24.068 dockerd        1436    nvme1n1 WS   1757812112 4096      0.074
09:15:24.068 dockerd        1436    nvme1n1 WS   1323304    4096      0.030
09:15:24.068 dockerd        1436    nvme1n1 WS   1323328    4096      0.039
09:15:24.068 dockerd        1436    nvme1n1 WS   1757812080 8192      0.052
09:15:24.069 dockerd        1436    nvme1n1 WS   1757812104 4096      0.054
09:15:24.069 dockerd        1436    nvme1n1 WS   1323312    4096      0.031
09:15:24.069 kworker        2145130 nvme1n1 W    1565495312 8192      0.049
09:15:24.069 kworker        2145130 nvme1n1 W    1622538784 4096      0.060
09:15:24.069 kworker        2145130 nvme1n1 W    616928936  4096      0.061
09:15:24.069 kworker        2185392 nvme1n1 W    1618069816 8192      0.057
09:15:24.069 kworker        2166224 nvme1n1 W    1616334400 131072    0.146
09:15:24.070 kworker        2166224 nvme1n1 W    1616334840 4096      0.066
09:15:24.070 kworker        2166224 nvme1n1 W    1616334656 94208     0.142
09:15:24.070 kworker        2166224 nvme1n1 W    1624020208 131072    0.220
09:15:24.070 kworker        2166224 nvme1n1 W    1624020464 61440     0.258
09:15:24.070 kworker        2166224 nvme1n1 W    617164800  28672     0.276
09:15:24.070 kworker        2166224 nvme1n1 W    1664390632 131072    0.353
09:15:24.070 kworker        2166224 nvme1n1 W    1664390888 90112     0.406
09:15:24.070 kworker        2166224 nvme1n1 W    1623597832 77824     0.454
09:15:24.070 kworker        2166224 nvme1n1 W    1579733920 4096      0.064
09:15:24.070 kworker        2166224 nvme1n1 W    617164856  110592    0.140
09:15:24.070 kworker        2166224 nvme1n1 W    617165072  131072    0.225
09:15:24.070 kworker        2166224 nvme1n1 W    617165328  65536     0.262
09:15:24.071 kworker        2166224 nvme1n1 W    1624020584 131072    0.340
09:15:24.071 kworker        2166224 nvme1n1 W    1624020840 61440     0.379
09:15:24.071 kworker        2166224 nvme1n1 W    617165456  32768     0.398
09:15:24.071 kworker        2166224 nvme1n1 W    1664426496 131072    0.483
09:15:24.071 kworker        2166224 nvme1n1 W    1664426752 90112     0.365
09:15:24.071 kworker        2166224 nvme1n1 W    1623601928 77824     0.418
09:15:24.071 kworker        2166224 nvme1n1 W    616957512  4096      0.252
09:15:24.071 kworker        2166224 nvme1n1 W    617165520  49152     0.283
09:15:24.071 kworker        2166224 nvme1n1 W    617165616  8192      0.209
09:15:24.071 kworker        2166224 nvme1n1 W    1757590408 49152     0.239
09:15:24.071 dockerd        1436    nvme1n1 WM   152        4096      0.145
09:15:24.071 dockerd        1436    nvme1n1 WM   744        4096      0.150
09:15:24.071 dockerd        1436    nvme1n1 WM   310378544  4096      0.155
09:15:24.071 dockerd        1436    nvme1n1 WM   612368392  8192      0.157
09:15:24.071 dockerd        1436    nvme1n1 WM   616562840  4096      0.160
09:15:24.071 dockerd        1436    nvme1n1 WM   616573368  4096      0.166
09:15:24.071 dockerd        1436    nvme1n1 WM   616831152  8192      0.165
09:15:24.071 dockerd        1436    nvme1n1 WM   616831232  8192      0.166
09:15:24.071 jbd2/nv        752     nvme1n1 WSM  878470472  131072    0.251
09:15:24.071 dockerd        1436    nvme1n1 WM   616576000  32768     0.268
09:15:24.071 dockerd        1436    nvme1n1 WM   616576160  12288     0.281
09:15:24.071 jbd2/nv        752     nvme1n1 WSM  878470728  65536     0.298
09:15:24.071 dockerd        1436    nvme1n1 WM   616851712  4096      0.139
09:15:24.071 dockerd        1436    nvme1n1 WM   1532037888 4096      0.149
09:15:24.071 dockerd        1436    nvme1n1 WM   1556086856 4096      0.150
09:15:24.071 dockerd        1436    nvme1n1 WM   1614807104 4096      0.151
09:15:24.071 jbd2/nv        752     nvme1n1 WSM  878470856  4096      0.027
09:15:24.071 jbd2/nv        752     nvme1n1 WSM  878470864  20480     0.043
09:15:24.071 jbd2/nv        752     nvme1n1 WSM  878470904  4096      0.028
09:15:24.071 dockerd        1436    nvme1n1 WSM  0          4096      0.075
09:15:24.071 dockerd        1436    nvme1n1 WSM  48         4096      0.076
09:15:24.071 dockerd        1436    nvme1n1 WSM  224        4096      0.084
09:15:24.071 dockerd        1436    nvme1n1 WSM  288        8192      0.084
09:15:24.071 dockerd        1436    nvme1n1 WSM  752        4096      0.087
09:15:24.071 dockerd        1436    nvme1n1 WSM  776        4096      0.091
09:15:24.071 dockerd        1436    nvme1n1 WSM  800        4096      0.091
09:15:24.071 dockerd        1436    nvme1n1 WSM  840        4096      0.092
09:15:24.071 dockerd        1436    nvme1n1 WSM  83886208   4096      0.096
09:15:24.071 dockerd        1436    nvme1n1 WSM  83886344   4096      0.100
09:15:24.071 dockerd        1436    nvme1n1 WSM  461373568  4096      0.107
09:15:24.071 dockerd        1436    nvme1n1 WSM  461373696  4096      0.110
09:15:24.071 dockerd        1436    nvme1n1 WSM  461373728  4096      0.113
09:15:24.071 dockerd        1436    nvme1n1 WSM  461374248  4096      0.117
09:15:24.071 dockerd        1436    nvme1n1 WSM  591396872  4096      0.118
09:15:24.071 dockerd        1436    nvme1n1 WSM  591667432  4096      0.119
09:15:24.072 dockerd        1436    nvme1n1 WSM  616562696  8192      0.081
09:15:24.072 dockerd        1436    nvme1n1 WSM  616573448  4096      0.089
09:15:24.072 dockerd        1436    nvme1n1 WSM  1484789216 4096      0.088
09:15:24.072 dockerd        1436    nvme1n1 WSM  1485401008 4096      0.089
09:15:24.072 dockerd        1436    nvme1n1 WSM  1493172480 4096      0.089
09:15:24.072 dockerd        1436    nvme1n1 WSM  1493172504 4096      0.095
09:15:24.072 dockerd        1436    nvme1n1 WSM  1532036064 4096      0.096
09:15:24.072 dockerd        1436    nvme1n1 WSM  1556901856 4096      0.097
09:15:24.072 dockerd        1436    nvme1n1 WSM  1564475416 4096      0.102
09:15:24.072 dockerd        1436    nvme1n1 WSM  1614807080 4096      0.103
09:15:24.072 dockerd        1436    nvme1n1 WSM  1614807136 4096      0.104
09:15:24.072 dockerd        1436    nvme1n1 WSM  1623195656 4096      0.107
09:15:24.072 dockerd        1436    nvme1n1 WSM  1623195672 4096      0.113
09:15:24.072 dockerd        1436    nvme1n1 WSM  1660944488 4096      0.114
09:15:24.072 dockerd        1436    nvme1n1 WSM  1707383280 4096      0.115
09:15:24.072 dockerd        1436    nvme1n1 WSM  616576064  49152     0.149
09:15:24.072 dockerd        1436    nvme1n1 WSM  1757413376 4096      0.051
09:15:24.072 dockerd        1436    nvme1n1 WS   616933360  4096      0.038
09:15:24.073 jbd2/nv        752     nvme1n1 WSM  878470912  57344     0.076
09:15:24.073 jbd2/nv        752     nvme1n1 WSM  878471024  4096      0.028
09:15:24.073 dockerd        1436    nvme1n1 WS   616933368  4096      0.031
09:15:24.073 jbd2/nv        752     nvme1n1 WSM  878471032  40960     0.060
09:15:24.073 jbd2/nv        752     nvme1n1 WSM  878471112  4096      0.029
09:15:24.073 dockerd        1436    nvme1n1 WS   616933376  4096      0.035
09:15:24.073 jbd2/nv        752     nvme1n1 WSM  878471120  40960     0.060
09:15:24.073 jbd2/nv        752     nvme1n1 WSM  878471200  4096      0.027
09:15:24.074 dockerd        1436    nvme1n1 WS   616933384  4096      0.035
09:15:24.074 jbd2/nv        752     nvme1n1 WSM  878471208  32768     0.053
09:15:24.074 jbd2/nv        752     nvme1n1 WSM  878471272  4096      0.029
09:15:24.074 contain        1195    nvme1n1 WS   1730874080 20480     0.049
09:15:24.074 contain        1195    nvme1n1 WS   1429520    4096      0.030
09:15:24.078 contain        1195    nvme1n1 WS   1730873992 4096      0.061
09:15:24.078 contain        1195    nvme1n1 WS   1730874032 4096      0.067
09:15:24.078 contain        1195    nvme1n1 WS   1730874048 4096      0.069
09:15:24.078 contain        1195    nvme1n1 WS   1730874064 4096      0.070
09:15:24.078 contain        1195    nvme1n1 WS   1730874120 4096      0.075
09:15:24.078 contain        1195    nvme1n1 WS   1730874144 4096      0.082
09:15:24.078 contain        1195    nvme1n1 WS   1429528    4096      0.028
09:15:24.079 contain        1195    nvme1n1 WS   311201600  4096      0.057
09:15:24.079 contain        1195    nvme1n1 WS   1725789816 4096      0.057
09:15:24.079 contain        1195    nvme1n1 WS   1725789864 8192      0.064
09:15:24.079 contain        1195    nvme1n1 WS   1725789888 4096      0.065
09:15:24.079 contain        1195    nvme1n1 WS   1725789928 8192      0.065
09:15:24.079 contain        1195    nvme1n1 WS   1707371880 4096      0.029
09:15:24.079 contain        1195    nvme1n1 WS   1725789792 4096      0.040
09:15:24.079 contain        1195    nvme1n1 WS   1725789912 4096      0.044
09:15:24.079 contain        1195    nvme1n1 WS   1725789944 20480     0.050
09:15:24.080 contain        1195    nvme1n1 WS   1707371888 4096      0.033
09:15:24.080 contain        1195    nvme1n1 WS   311201600  4096      0.030
09:15:24.080 contain        1195    nvme1n1 WS   1707371880 4096      0.027
09:15:24.420 nvme           2198023 Unknown N    -1         512       0.029
09:15:25.407 amoprof        2179165 nvme1n1 W    617116248  4096      0.050
