TIMESTAMP    COMM           PID     DISK    T    SECTOR     BYTES   LAT(ms)
00:39:05.157 nvme           1477117 Unknown N    -1         512       0.040
00:39:05.334 ib_log_        125924  nvme1n1 WS   1738276864 4096      0.057
00:39:06.159 nvme           1477175 Unknown N    -1         512       0.084
00:39:07.162 nvme           1477183 Unknown N    -1         512       0.075
00:39:07.936 jbd2/nv        752     nvme1n1 WSM  877487352  131072    0.165
00:39:07.936 jbd2/nv        752     nvme1n1 WSM  877487608  36864     0.176
00:39:07.936 kworker        1461926 nvme1n1 W    584244568  28672     0.177
00:39:07.936 jbd2/nv        752     nvme1n1 WSM  877487680  4096      0.031
00:39:07.937 kworker        1461926 nvme1n1 W    584244624  110592    0.149
00:39:07.937 kworker        1461926 nvme1n1 W    844767224  131072    0.229
00:39:07.937 kworker        1461926 nvme1n1 W    844767480  102400    0.299
00:39:07.937 kworker        1461926 nvme1n1 W    844769264  131072    0.376
00:39:07.937 kworker        1461926 nvme1n1 W    844769520  81920     0.426
00:39:07.937 kworker        1461926 nvme1n1 W    584244840  69632     0.467
00:39:07.937 kworker        1461926 nvme1n1 W    844769680  131072    0.548
00:39:07.937 kworker        1461926 nvme1n1 W    844769936  118784    0.623
00:39:07.937 kworker        1461926 nvme1n1 W    584244976  20480     0.371
00:39:07.937 kworker        1461926 nvme1n1 W    844770168  131072    0.453
00:39:07.937 kworker        1461926 nvme1n1 W    844770424  81920     0.391
00:39:08.164 nvme           1477193 Unknown N    -1         512       0.030
00:39:09.166 nvme           1477207 Unknown N    -1         512       0.031
00:39:10.169 nvme           1477216 Unknown N    -1         512       0.076
00:39:11.009 kworker        1473701 nvme0n1 W    15716680   4096      1.016
00:39:11.094 jbd2/nv        391     nvme0n1 WSM  4296672    32768     1.268
00:39:11.095 jbd2/nv        391     nvme0n1 WSM  4296736    4096      1.048
00:39:11.171 nvme           1477226 Unknown N    -1         512       0.123
00:39:11.522 kworker        1473701 nvme0n1 W    8129016    65536     1.599
00:39:11.522 kworker        1473701 nvme0n1 W    8134136    131072    1.913
00:39:11.522 kworker        1473701 nvme0n1 W    8135160    131072    1.973
00:39:11.522 kworker        1473701 nvme0n1 W    8131064    131072    2.038
00:39:11.522 kworker        1473701 nvme0n1 W    8129528    131072    2.101
00:39:11.522 kworker        1473701 nvme0n1 W    36023392   16384     2.161
00:39:11.522 kworker        1473701 nvme0n1 W    8143096    131072    2.266
00:39:11.523 kworker        1473701 nvme0n1 W    36023456   16384     2.376
00:39:11.523 kworker        1473701 nvme0n1 W    36022528   131072    2.808
00:39:11.523 kworker        1473701 nvme0n1 W    8135672    131072    3.149
00:39:11.524 kworker        1473701 nvme0n1 W    36025856   262144    3.749
00:39:11.524 kworker        1473701 nvme0n1 W    8136696    131072    3.827
00:39:11.524 kworker        1473701 nvme0n1 W    36023808   262144    3.854
00:39:11.524 kworker        1473701 nvme0n1 W    36026368   131072    4.003
00:39:11.524 kworker        1473701 nvme0n1 W    36029184   131072    4.253
00:39:11.525 kworker        1473701 nvme0n1 W    36029952   131072    4.445
00:39:11.525 kworker        1473701 nvme0n1 W    36167072   16384     2.506
00:39:11.525 kworker        1473701 nvme0n1 W    36167520   16384     2.497
00:39:11.525 kworker        1473701 nvme0n1 W    36166400   131072    2.593
00:39:11.525 kworker        1473701 nvme0n1 W    36167968   4096      2.506
00:39:11.525 kworker        1473701 nvme0n1 W    36168384   32768     2.571
00:39:11.525 kworker        1473701 nvme0n1 W    36177152   16384     2.095
00:39:11.525 kworker        1473701 nvme0n1 W    36174336   65536     2.106
00:39:11.525 kworker        1473701 nvme0n1 W    36177280   65536     2.237
00:39:11.525 kworker        1473701 nvme0n1 W    36315136   131072    2.413
00:39:11.525 kworker        1473701 nvme0n1 W    36315792   40960     1.381
00:39:11.526 kworker        1473701 nvme0n1 W    36316032   65536     1.519
00:39:11.526 kworker        1473701 nvme0n1 W    36316928   131072    1.992
00:39:11.526 kworker        1473701 nvme0n1 W    7337984    4096      1.568
00:39:11.526 kworker        1473701 nvme0n1 W    36322384   4096      1.581
00:39:11.526 kworker        1473701 nvme0n1 W    36321792   131072    2.392
00:39:11.526 kworker        1473701 nvme0n1 W    36323072   16384     1.601
00:39:11.527 kworker        1473701 nvme0n1 W    36323936   16384     1.691
00:39:12.033 kworker        1461926 nvme0n1 WM   2099200    4096      0.606
00:39:12.033 kworker        1461926 nvme0n1 WM   6309888    4096      0.624
00:39:12.033 kworker        1461926 nvme0n1 WM   2103000    4096      0.635
00:39:12.033 kworker        1461926 nvme0n1 WM   6310376    4096      0.636
00:39:12.033 kworker        1461926 nvme0n1 WM   10488672   4096      0.662
00:39:12.033 kworker        1461926 nvme0n1 WM   6310504    4096      0.670
00:39:12.173 nvme           1477231 Unknown N    -1         512       0.029
00:39:13.056 kworker        1461926 nvme1n1 W    587575016  4096      0.059
00:39:13.056 jbd2/nv        752     nvme1n1 WSM  877487688  57344     0.087
00:39:13.056 jbd2/nv        752     nvme1n1 WSM  877487800  4096      0.030
00:39:13.057 kworker        1461926 nvme1n1 W    587575024  49152     0.100
00:39:13.057 kworker        1461926 nvme1n1 W    844770584  131072    0.181
00:39:13.057 kworker        1461926 nvme1n1 W    844770840  61440     0.218
00:39:13.057 kworker        1461926 nvme1n1 W    587575120  32768     0.240
00:39:13.057 kworker        1461926 nvme1n1 W    844775424  131072    0.322
00:39:13.057 kworker        1461926 nvme1n1 W    844775680  90112     0.379
00:39:13.057 kworker        1461926 nvme1n1 W    724950632  77824     0.427
00:39:13.057 kworker        1461926 nvme1n1 W    587575184  45056     0.457
00:39:13.176 nvme           1477235 Unknown N    -1         512       0.025
00:39:13.198 ib_log_        125924  nvme1n1 WS   1738277184 4096      0.038
00:39:13.198 ib_log_        125924  nvme1n1 WS   1738277184 4096      0.028
00:39:13.199 ib_log_        125924  nvme1n1 WS   1738277184 8192      0.031
00:39:13.199 ib_log_        125924  nvme1n1 WS   1738277200 8192      0.031
00:39:13.199 jbd2/nv        752     nvme1n1 WSM  877487808  57344     0.082
00:39:13.199 jbd2/nv        752     nvme1n1 WSM  877487920  4096      0.029
00:39:13.199 connect        125924  nvme1n1 WS   313170288  4096      0.033
00:39:13.199 jbd2/nv        752     nvme1n1 WSM  877487928  8192      0.031
00:39:13.199 jbd2/nv        752     nvme1n1 WSM  877487944  4096      0.029
00:39:13.200 ib_log_        125924  nvme1n1 WS   1738277200 4096      0.027
00:39:13.200 ib_log_        125924  nvme1n1 WS   1738277200 4096      0.027
00:39:13.200 jbd2/nv        752     nvme1n1 WSM  877487952  40960     0.061
00:39:13.200 jbd2/nv        752     nvme1n1 WSM  877488032  4096      0.025
00:39:13.200 ib_log_        125924  nvme1n1 WS   1738277200 4096      0.033
00:39:13.200 ib_log_        125924  nvme1n1 WS   1738277200 4096      0.026
00:39:13.200 ib_log_        125924  nvme1n1 WS   1738277200 4096      0.027
00:39:13.260 ib_log_        125924  nvme1n1 WS   1738277200 8192      0.035
00:39:13.261 ib_log_        125924  nvme1n1 WS   1738277208 4096      0.029
00:39:13.261 ib_log_        125924  nvme1n1 WS   1738277216 8192      0.031
00:39:13.262 jbd2/nv        752     nvme1n1 WSM  877488040  53248     0.075
00:39:13.262 jbd2/nv        752     nvme1n1 WSM  877488144  4096      0.027
00:39:13.370 ib_log_        125924  nvme1n1 WS   1738277216 4096      0.045
00:39:13.407 ib_pg_f        125924  nvme1n1 WS   1740054528 131072    0.170
00:39:13.407 ib_pg_f        125924  nvme1n1 WS   1740054784 131072    0.240
00:39:13.407 ib_pg_f        125924  nvme1n1 WS   1740055040 131072    0.319
00:39:13.407 ib_pg_f        125924  nvme1n1 WS   1740055296 131072    0.400
00:39:13.407 ib_pg_f        125924  nvme1n1 WS   1740055552 131072    0.474
00:39:13.407 ib_pg_f        125924  nvme1n1 WS   1740055808 131072    0.549
00:39:13.407 ib_pg_f        125924  nvme1n1 WS   1740056064 131072    0.626
00:39:13.407 ib_pg_f        125924  nvme1n1 WS   1740056320 131072    0.701
00:39:13.407 ib_pg_f        125924  nvme1n1 WS   1740056576 49152     0.728
00:39:13.407 ib_pg_f        125924  nvme1n1 WS   1755204384 16384     0.051
00:39:13.407 ib_pg_f        125924  nvme1n1 WS   1757716032 16384     0.048
00:39:13.407 ib_pg_f        125924  nvme1n1 WS   1757716192 16384     0.058
00:39:13.408 ib_pg_f        125924  nvme1n1 WS   1740414784 16384     0.074
00:39:13.408 ib_pg_f        125924  nvme1n1 WS   1757760192 16384     0.074
00:39:13.408 ib_pg_f        125924  nvme1n1 WS   1740077312 16384     0.079
00:39:13.408 ib_pg_f        125924  nvme1n1 WS   1755202144 16384     0.081
00:39:13.408 ib_pg_f        125924  nvme1n1 WS   1755158528 16384     0.076
00:39:13.408 ib_pg_f        125924  nvme1n1 WS   1755201664 16384     0.082
00:39:13.408 ib_pg_f        125924  nvme1n1 WS   1755158784 16384     0.085
00:39:13.408 ib_pg_f        125924  nvme1n1 WS   1757691744 16384     0.084
00:39:13.408 ib_pg_f        125924  nvme1n1 WS   1755202208 16384     0.093
00:39:13.408 ib_pg_f        125924  nvme1n1 WS   1755158752 16384     0.093
00:39:13.408 ib_pg_f        125924  nvme1n1 WS   813984     16384     0.075
00:39:13.408 ib_pg_f        125924  nvme1n1 WS   814016     16384     0.072
00:39:13.408 ib_pg_f        125924  nvme1n1 WS   814048     16384     0.068
00:39:13.408 ib_pg_f        125924  nvme1n1 WS   814080     16384     0.060
00:39:13.408 ib_pg_f        125924  nvme1n1 WS   1437024    16384     0.051
00:39:13.408 ib_pg_f        125924  nvme1n1 WS   1436000    16384     0.049
00:39:13.408 ib_pg_f        125924  nvme1n1 WS   1436160    16384     0.055
00:39:13.408 ib_pg_f        125924  nvme1n1 WS   1436768    16384     0.061
00:39:13.408 ib_pg_f        125924  nvme1n1 WS   1757690592 16384     0.055
00:39:13.408 ib_pg_f        125924  nvme1n1 WS   1757760512 16384     0.050
00:39:13.408 ib_pg_f        125924  nvme1n1 WS   1756547840 16384     0.053
00:39:13.408 ib_pg_f        125924  nvme1n1 WS   1520145408 16384     0.060
00:39:13.408 ib_pg_f        125924  nvme1n1 WS   1520145440 16384     0.071
00:39:13.408 ib_pg_f        125924  nvme1n1 WS   1436640    16384     0.065
00:39:13.408 ib_pg_f        125924  nvme1n1 WS   1520145216 16384     0.065
00:39:13.408 ib_pg_f        125924  nvme1n1 WS   1520144384 16384     0.059
00:39:13.408 ib_pg_f        125924  nvme1n1 WS   1520107936 16384     0.063
00:39:13.408 ib_pg_f        125924  nvme1n1 WS   1520145376 16384     0.066
00:39:13.408 ib_pg_f        125924  nvme1n1 WS   813696     16384     0.058
00:39:13.408 ib_pg_f        125924  nvme1n1 WS   813728     16384     0.061
00:39:13.408 ib_pg_f        125924  nvme1n1 WS   813760     16384     0.060
00:39:13.408 ib_pg_f        125924  nvme1n1 WS   813792     16384     0.068
00:39:13.408 ib_pg_f        125924  nvme1n1 WS   813824     16384     0.071
00:39:13.408 ib_pg_f        125924  nvme1n1 WS   813888     16384     0.061
00:39:13.408 ib_pg_f        125924  nvme1n1 WS   813920     16384     0.061
00:39:13.408 ib_pg_f        125924  nvme1n1 WS   813952     16384     0.068
00:39:13.408 ib_pg_f        125924  nvme1n1 WS   813152     16384     0.065
00:39:13.408 ib_pg_f        125924  nvme1n1 WS   813184     16384     0.070
00:39:13.408 ib_pg_f        125924  nvme1n1 WS   813216     16384     0.074
00:39:13.408 ib_pg_f        125924  nvme1n1 WS   1740411520 16384     0.072
00:39:13.408 ib_pg_f        125924  nvme1n1 WS   1740077056 16384     0.073
00:39:13.408 ib_pg_f        125924  nvme1n1 WS   1740406912 16384     0.063
00:39:13.408 ib_pg_f        125924  nvme1n1 WS   1740077344 16384     0.070
00:39:13.408 ib_pg_f        125924  nvme1n1 WS   1755206528 16384     0.069
00:39:13.408 ib_pg_f        125924  nvme1n1 WS   1755158816 16384     0.071
00:39:13.408 ib_pg_f        125924  nvme1n1 WS   1740414240 16384     0.070
00:39:13.408 ib_pg_f        125924  nvme1n1 WS   1740077376 16384     0.071
00:39:13.408 ib_pg_f        125924  nvme1n1 WS   1755201760 16384     0.067
00:39:13.408 ib_pg_f        125924  nvme1n1 WS   1756836384 16384     0.076
00:39:13.408 ib_pg_f        125924  nvme1n1 WS   1757151392 16384     0.071
00:39:13.408 ib_pg_f        125924  nvme1n1 WS   1437184    16384     0.059
00:39:13.408 ib_pg_f        125924  nvme1n1 WS   1757681504 16384     0.064
00:39:13.408 ib_pg_f        125924  nvme1n1 WS   1757691392 16384     0.063
00:39:13.408 ib_pg_f        125924  nvme1n1 WS   1437504    16384     0.062
00:39:13.408 ib_pg_f        125924  nvme1n1 WS   1757689856 16384     0.063
00:39:13.408 ib_pg_f        125924  nvme1n1 WS   37650336   16384     0.058
00:39:13.408 ib_pg_f        125924  nvme1n1 WS   1757759488 16384     0.063
00:39:13.408 ib_pg_f        125924  nvme1n1 WS   1756836768 16384     0.062
00:39:13.408 ib_pg_f        125924  nvme1n1 WS   1757759712 16384     0.058
00:39:13.408 ib_pg_f        125924  nvme1n1 WS   1756547808 16384     0.052
00:39:13.408 ib_pg_f        125924  nvme1n1 WS   1757691296 16384     0.060
00:39:13.408 ib_pg_f        125924  nvme1n1 WS   818976     16384     0.058
00:39:13.408 ib_pg_f        125924  nvme1n1 WS   1437088    16384     0.055
00:39:13.408 ib_pg_f        125924  nvme1n1 WS   1757759680 16384     0.048
00:39:14.178 nvme           1477255 Unknown N    -1         512       0.080
00:39:14.335 ib_log_        125924  nvme1n1 WS   1738277216 4096      0.050
00:39:14.335 ib_log_        125924  nvme1n1 WS   1738276864 4096      0.034
00:39:14.593 kworker        1461926 nvme0n1 W    37874920   8192      0.586
00:39:15.164 amoprof        1271097 nvme1n1 W    587716816  4096      0.051
