TIMESTAMP    COMM           PID     DISK    T    SECTOR     BYTES   LAT(ms)
05:00:43.809 kworker        1764183 nvme0n1 W    33257880   12288     1.151
05:00:43.975 nvme           1767962 Unknown N    -1         512       0.036
05:00:44.320 kworker        1764183 nvme1n1 W    1625054952 8192      0.058
05:00:44.978 nvme           1768014 Unknown N    -1         512       0.075
05:00:45.345 kworker        1764183 nvme0n1 WM   2235488    4096      1.057
05:00:45.345 kworker        1764183 nvme0n1 WM   2102384    4096      1.088
05:00:45.345 kworker        1764183 nvme0n1 WM   2103000    4096      1.090
05:00:45.345 kworker        1764183 nvme0n1 WM   2099200    8192      1.094
05:00:45.345 kworker        1764183 nvme0n1 WM   10488672   4096      1.091
05:00:45.345 kworker        1764183 nvme0n1 WM   2143856    4096      1.097
05:00:45.345 kworker        1764183 nvme0n1 WM   6022632    4096      1.098
05:00:45.345 kworker        1764183 nvme0n1 WM   6309888    4096      1.099
05:00:45.345 kworker        1764183 nvme0n1 WM   6310376    4096      1.101
05:00:45.345 kworker        1764183 nvme0n1 WM   14705928   4096      1.127
05:00:45.345 kworker        1764183 nvme0n1 WM   14682192   4096      1.130
05:00:45.345 kworker        1764183 nvme0n1 WM   18876424   4096      1.131
05:00:45.980 nvme           1768015 Unknown N    -1         512       0.029
05:00:46.021 jbd2/nv        752     nvme1n1 WSM  877992880  126976    0.148
05:00:46.021 jbd2/nv        752     nvme1n1 WSM  877993128  4096      0.029
05:00:46.982 nvme           1768016 Unknown N    -1         512       0.075
05:00:47.985 nvme           1768017 Unknown N    -1         512       0.087
05:00:48.416 kworker        1696237 nvme1n1 W    1719353296 4096      0.053
05:00:48.987 nvme           1768018 Unknown N    -1         512       0.076
05:00:49.989 nvme           1768019 Unknown N    -1         512       0.085
05:00:50.977 kworker        1696237 nvme1n1 W    600059400  90112     0.167
05:00:50.977 kworker        1696237 nvme1n1 W    1570010032 131072    0.237
05:00:50.977 kworker        1696237 nvme1n1 W    1570010288 61440     0.273
05:00:50.977 kworker        1696237 nvme1n1 W    600059576  32768     0.292
05:00:50.977 kworker        1696237 nvme1n1 W    1570010408 131072    0.371
05:00:50.977 kworker        1696237 nvme1n1 W    1570010664 90112     0.425
05:00:50.977 kworker        1696237 nvme1n1 W    1561807712 77824     0.473
05:00:50.977 kworker        1696237 nvme1n1 W    600059640  45056     0.500
05:00:50.991 nvme           1768020 Unknown N    -1         512       0.053
05:00:51.994 nvme           1768021 Unknown N    -1         512       0.073
05:00:52.257 jbd2/nv        752     nvme1n1 WSM  877993136  53248     0.105
05:00:52.257 jbd2/nv        752     nvme1n1 WSM  877993240  4096      0.033
05:00:52.996 nvme           1768022 Unknown N    -1         512       0.028
05:00:53.984 amoprof        1271097 nvme1n1 W    600269256  4096      0.059
