TIMESTAMP    COMM           PID     DISK    T    SECTOR     BYTES   LAT(ms)
01:29:19.958 nvme           1547887 Unknown N    -1         512       0.037
01:29:20.960 nvme           1547942 Unknown N    -1         512       0.035
01:29:20.962 jbd2/nv        752     nvme1n1 WSM  877600856  106496    0.135
01:29:20.962 jbd2/nv        752     nvme1n1 WSM  877601064  4096      0.030
01:29:21.962 nvme           1547952 Unknown N    -1         512       0.106
01:29:22.965 nvme           1547956 Unknown N    -1         512       0.074
01:29:23.616 kworker        1541567 nvme1n1 W    587797456  49152     0.094
01:29:23.967 nvme           1547970 Unknown N    -1         512       0.031
01:29:24.969 nvme           1547985 Unknown N    -1         512       0.076
01:29:25.971 nvme           1547989 Unknown N    -1         512       0.030
01:29:26.974 nvme           1547993 Unknown N    -1         512       0.100
01:29:27.208 jbd2/nv        752     nvme1n1 WSM  877601072  32768     0.078
01:29:27.208 jbd2/nv        752     nvme1n1 WSM  877601136  4096      0.031
01:29:27.976 nvme           1548003 Unknown N    -1         512       0.036
01:29:28.736 kworker        1541567 nvme1n1 W    587797552  53248     0.126
01:29:28.737 kworker        1541567 nvme1n1 W    1486329128 131072    0.198
01:29:28.737 kworker        1541567 nvme1n1 W    1486329384 61440     0.233
01:29:28.737 kworker        1541567 nvme1n1 W    587797656  32768     0.255
01:29:28.737 kworker        1541567 nvme1n1 W    1486319616 131072    0.334
01:29:28.737 kworker        1541567 nvme1n1 W    1486319872 90112     0.387
01:29:28.737 kworker        1541567 nvme1n1 W    1176733856 77824     0.434
01:29:28.737 kworker        1541567 nvme1n1 W    587797720  45056     0.461
01:29:28.978 nvme           1548018 Unknown N    -1         512       0.077
01:29:29.965 amoprof        1271097 nvme1n1 W    1640503496 4096      0.056
