TIMESTAMP    COMM           PID     DISK    T    SECTOR     BYTES   LAT(ms)
06:34:56.651 nvme           1945278 Unknown N    -1         512       0.041
06:34:57.654 nvme           1945340 Unknown N    -1         512       0.032
06:34:57.656 jbd2/nv        752     nvme1n1 WSM  877173384  131072    0.172
06:34:57.656 jbd2/nv        752     nvme1n1 WSM  877173640  131072    0.212
06:34:57.656 jbd2/nv        752     nvme1n1 WSM  877173896  16384     0.214
06:34:57.656 jbd2/nv        752     nvme1n1 WSM  877173928  4096      0.029
06:34:58.656 nvme           1945354 Unknown N    -1         512       0.036
06:34:59.659 nvme           1945363 Unknown N    -1         512       0.033
06:35:00.306 python3        1784369 nvme1n1 WS   63184896   131072    0.224
06:35:00.306 python3        1784369 nvme1n1 WS   62734336   131072    0.300
06:35:00.307 python3        1784369 nvme1n1 WS   63185152   131072    0.386
06:35:00.307 python3        1784369 nvme1n1 WS   63185408   131072    0.467
06:35:00.307 python3        1784369 nvme1n1 WS   63185664   131072    0.538
06:35:00.307 python3        1784369 nvme1n1 WS   62734592   131072    0.638
06:35:00.307 python3        1784369 nvme1n1 WS   62734848   131072    0.698
06:35:00.307 python3        1784369 nvme1n1 WS   62735104   131072    0.782
06:35:00.307 python3        1784367 nvme1n1 WS   1566720000 131072    0.877
06:35:00.307 python3        1784367 nvme1n1 WS   1566720256 131072    0.945
06:35:00.307 python3        1784367 nvme1n1 WS   1566720512 131072    1.021
06:35:00.307 python3        1784367 nvme1n1 WS   1566720768 131072    1.112
06:35:00.307 python3        1784367 nvme1n1 WS   1566721024 131072    1.184
06:35:00.307 python3        1784367 nvme1n1 WS   1566721280 131072    1.264
06:35:00.308 python3        1784367 nvme1n1 WS   1566721536 131072    1.349
06:35:00.308 python3        1784367 nvme1n1 WS   1566721792 131072    1.407
06:35:00.308 python3        1784367 nvme1n1 WS   1566722048 131072    1.490
06:35:00.308 python3        1784367 nvme1n1 WS   1566722304 131072    1.571
06:35:00.308 python3        1784367 nvme1n1 WS   1566722560 131072    1.655
06:35:00.308 python3        1784367 nvme1n1 WS   1566722816 131072    1.735
06:35:00.308 python3        1784369 nvme1n1 WS   62735360   131072    1.869
06:35:00.308 python3        1784369 nvme1n1 WS   62735616   131072    1.948
06:35:00.308 python3        1784369 nvme1n1 WS   62735872   131072    2.028
06:35:00.308 python3        1784369 nvme1n1 WS   62736128   131072    2.089
06:35:00.308 python3        1784369 nvme1n1 WS   62736384   131072    2.163
06:35:00.308 python3        1784369 nvme1n1 WS   62736640   131072    2.237
06:35:00.309 python3        1784369 nvme1n1 WS   62736896   131072    2.312
06:35:00.309 python3        1784369 nvme1n1 WS   62737152   131072    2.387
06:35:00.309 python3        1784369 nvme1n1 WS   62737408   131072    2.460
06:35:00.309 python3        1784369 nvme1n1 WS   62737664   131072    2.537
06:35:00.309 python3        1784369 nvme1n1 WS   62737920   131072    2.611
06:35:00.309 python3        1784369 nvme1n1 WS   63185920   131072    2.742
06:35:00.309 python3        1784369 nvme1n1 WS   63186176   131072    2.816
06:35:00.309 python3        1784369 nvme1n1 WS   63186432   131072    2.894
06:35:00.309 python3        1784369 nvme1n1 WS   63186688   131072    2.949
06:35:00.309 python3        1784369 nvme1n1 WS   63186944   131072    3.025
06:35:00.309 python3        1784369 nvme1n1 WS   63187200   131072    3.098
06:35:00.309 python3        1784369 nvme1n1 WS   63187456   131072    3.175
06:35:00.309 python3        1784369 nvme1n1 WS   63187712   131072    3.257
06:35:00.310 python3        1784369 nvme1n1 WS   63187968   131072    3.333
06:35:00.310 python3        1784369 nvme1n1 WS   63188224   131072    3.401
06:35:00.310 python3        1784367 nvme1n1 WS   1632649216 131072    3.530
06:35:00.310 python3        1784367 nvme1n1 WS   1632649472 131072    3.599
06:35:00.310 python3        1784367 nvme1n1 WS   1632649728 131072    3.676
06:35:00.310 python3        1784367 nvme1n1 WS   1632649984 131072    3.754
06:35:00.310 python3        1784367 nvme1n1 WS   1632650240 131072    3.832
06:35:00.310 python3        1784367 nvme1n1 WS   1632650496 131072    3.906
06:35:00.310 python3        1784367 nvme1n1 WS   1632650752 131072    3.983
06:35:00.310 python3        1784367 nvme1n1 WS   1632651008 131072    4.040
06:35:00.310 python3        1784366 nvme1n1 WS   1632653312 131072    4.218
06:35:00.310 python3        1784366 nvme1n1 WS   1632653568 131072    4.226
06:35:00.311 python3        1784366 nvme1n1 WS   1632653824 131072    4.298
06:35:00.311 python3        1784366 nvme1n1 WS   1632654080 131072    4.376
06:35:00.311 python3        1784366 nvme1n1 WS   1632654336 131072    4.451
06:35:00.311 python3        1784366 nvme1n1 WS   1632654592 131072    4.529
06:35:00.311 python3        1784366 nvme1n1 WS   1632654848 131072    4.605
06:35:00.311 python3        1784366 nvme1n1 WS   600436736  131072    4.749
06:35:00.311 python3        1784366 nvme1n1 WS   600436992  131072    4.776
06:35:00.311 python3        1784366 nvme1n1 WS   600437248  131072    4.852
06:35:00.311 python3        1784366 nvme1n1 WS   600437504  131072    4.931
06:35:00.311 python3        1784366 nvme1n1 WS   600437760  131072    5.012
06:35:00.311 python3        1784366 nvme1n1 WS   600438016  131072    5.086
06:35:00.311 python3        1784369 nvme1n1 WS   63188480   131072    5.166
06:35:00.311 python3        1784369 nvme1n1 WS   63188736   131072    5.232
06:35:00.312 python3        1784369 nvme1n1 WS   63188992   131072    5.307
06:35:00.312 python3        1784369 nvme1n1 WS   63189248   131072    5.381
06:35:00.312 python3        1784367 nvme1n1 WS   1632651264 131072    5.483
06:35:00.312 python3        1784367 nvme1n1 WS   1632651520 131072    5.559
06:35:00.312 python3        1784367 nvme1n1 WS   1632651776 131072    5.634
06:35:00.312 python3        1784367 nvme1n1 WS   1632652032 131072    5.708
06:35:00.312 python3        1784367 nvme1n1 WS   1632652288 131072    5.784
06:35:00.312 python3        1784367 nvme1n1 WS   1632652544 131072    5.861
06:35:00.312 python3        1784367 nvme1n1 WS   1632652800 131072    5.943
06:35:00.312 python3        1784367 nvme1n1 WS   1632653056 131072    6.005
06:35:00.312 python3        1784367 nvme1n1 WS   1632661504 131072    6.080
06:35:00.312 python3        1784367 nvme1n1 WS   1632661760 131072    6.155
06:35:00.313 python3        1784367 nvme1n1 WS   1566723072 131072    6.345
06:35:00.313 python3        1784367 nvme1n1 WS   1566723328 131072    6.366
06:35:00.313 python3        1784367 nvme1n1 WS   1566723584 131072    6.433
06:35:00.313 python3        1784367 nvme1n1 WS   1566723840 131072    6.504
06:35:00.313 python3        1784367 nvme1n1 WS   1566724096 40960     6.528
06:35:00.313 python3        1784366 nvme1n1 WS   600438272  131072    6.626
06:35:00.313 python3        1784366 nvme1n1 WS   600438528  131072    6.684
06:35:00.313 python3        1784366 nvme1n1 WS   600438784  131072    6.765
06:35:00.313 python3        1784366 nvme1n1 WS   600439040  131072    6.843
06:35:00.313 python3        1784366 nvme1n1 WS   600439296  131072    6.952
06:35:00.313 python3        1784366 nvme1n1 WS   600439552  131072    7.031
06:35:00.313 python3        1784366 nvme1n1 WS   600439808  131072    7.111
06:35:00.313 python3        1784366 nvme1n1 WS   600440064  131072    7.187
06:35:00.314 python3        1784366 nvme1n1 WS   600440320  131072    7.267
06:35:00.314 python3        1784369 nvme1n1 WS   62738176   131072    7.382
06:35:00.314 python3        1784369 nvme1n1 WS   62742528   40960     7.405
06:35:00.314 python3        1784366 nvme1n1 WS   1632655104 131072    7.574
06:35:00.314 python3        1784366 nvme1n1 WS   1632655360 131072    7.597
06:35:00.314 python3        1784366 nvme1n1 WS   1632655616 131072    7.640
06:35:00.314 python3        1784366 nvme1n1 WS   1632655872 131072    7.718
06:35:00.314 python3        1784366 nvme1n1 WS   1632656128 131072    7.796
06:35:00.314 python3        1784366 nvme1n1 WS   1632656384 131072    7.876
06:35:00.314 python3        1784366 nvme1n1 WS   1632656640 131072    7.954
06:35:00.314 python3        1784366 nvme1n1 WS   1632656896 131072    8.037
06:35:00.314 python3        1784368 nvme1n1 WS   1632657408 131072    8.180
06:35:00.314 python3        1784368 nvme1n1 WS   1632657664 131072    8.207
06:35:00.315 python3        1784368 nvme1n1 WS   1632657920 131072    8.285
06:35:00.315 python3        1784368 nvme1n1 WS   1632658176 131072    8.363
06:35:00.315 python3        1784368 nvme1n1 WS   1632658432 131072    8.444
06:35:00.315 python3        1784368 nvme1n1 WS   1632658688 131072    8.519
06:35:00.315 python3        1784368 nvme1n1 WS   1632658944 131072    8.595
06:35:00.315 python3        1784368 nvme1n1 WS   62738432   131072    8.693
06:35:00.315 python3        1784368 nvme1n1 WS   62738688   131072    8.765
06:35:00.315 python3        1784368 nvme1n1 WS   62738944   131072    8.842
06:35:00.315 python3        1784368 nvme1n1 WS   62739200   131072    8.921
06:35:00.315 python3        1784368 nvme1n1 WS   62739456   131072    9.000
06:35:00.315 python3        1784368 nvme1n1 WS   62739712   131072    9.076
06:35:00.315 python3        1784368 nvme1n1 WS   62739968   131072    9.156
06:35:00.316 python3        1784368 nvme1n1 WS   62740224   131072    9.215
06:35:00.316 python3        1784368 nvme1n1 WS   62740480   131072    9.291
06:35:00.316 python3        1784368 nvme1n1 WS   62740736   131072    9.371
06:35:00.316 python3        1784368 nvme1n1 WS   62740992   131072    9.449
06:35:00.316 python3        1784368 nvme1n1 WS   62741248   131072    9.527
06:35:00.316 python3        1784368 nvme1n1 WS   62741504   131072    9.608
06:35:00.316 python3        1784368 nvme1n1 WS   62741760   131072    9.692
06:35:00.316 python3        1784368 nvme1n1 WS   62742016   131072    9.770
06:35:00.316 python3        1784366 nvme1n1 WS   1632657152 131072    9.894
06:35:00.316 python3        1784366 nvme1n1 WS   1632665600 40960     9.915
06:35:00.316 python3        1784366 nvme1n1 WS   600440576  131072    9.989
06:35:00.316 python3        1784366 nvme1n1 WS   600440832  131072   10.068
06:35:00.316 python3        1784366 nvme1n1 WS   600441088  131072   10.147
06:35:00.317 python3        1784368 nvme1n1 WS   1632659200 131072   10.282
06:35:00.317 python3        1784368 nvme1n1 WS   1632659456 131072   10.314
06:35:00.317 python3        1784368 nvme1n1 WS   1632659712 131072   10.388
06:35:00.317 python3        1784368 nvme1n1 WS   1632659968 131072   10.469
06:35:00.317 python3        1784368 nvme1n1 WS   1632660224 131072   10.545
06:35:00.317 python3        1784368 nvme1n1 WS   1632660480 131072   10.623
06:35:00.317 python3        1784368 nvme1n1 WS   1632660736 131072   10.700
06:35:00.317 python3        1784368 nvme1n1 WS   1632660992 131072   10.781
06:35:00.317 python3        1784368 nvme1n1 WS   1632661248 131072   10.845
06:35:00.317 python3        1784368 nvme1n1 WS   1632669696 131072   10.926
06:35:00.317 python3        1784368 nvme1n1 WS   1632669952 131072   11.004
06:35:00.317 python3        1784368 nvme1n1 WS   62742272   131072   11.090
06:35:00.317 python3        1784368 nvme1n1 WS   62746624   40960    11.113
06:35:00.341 ib_log_        125932  nvme1n1 WS   1756078624 4096      0.043
06:35:00.583 ib_pg_f        125932  nvme1n1 WS   1756891136 32768     0.079
06:35:00.583 ib_pg_f        125932  nvme1n1 WS   1756432064 16384     0.046
06:35:00.583 ib_pg_f        125932  nvme1n1 WS   1755178784 16384     0.047
06:35:00.661 nvme           1945373 Unknown N    -1         512       0.033
06:35:00.897 kworker        1764183 nvme1n1 W    844599704  8192      0.112
06:35:00.897 kworker        1764183 nvme1n1 W    608801416  126976    0.185
06:35:00.897 kworker        1764183 nvme1n1 W    608801664  126976    0.262
06:35:00.897 kworker        1764183 nvme1n1 W    608801912  32768     0.284
06:35:00.897 kworker        1764183 nvme1n1 W    1176504744 131072    0.362
06:35:00.897 kworker        1764183 nvme1n1 W    1176505000 61440     0.398
06:35:00.897 kworker        1764183 nvme1n1 W    608801976  32768     0.420
06:35:00.897 kworker        1764183 nvme1n1 W    1498953696 131072    0.498
06:35:00.897 kworker        1764183 nvme1n1 W    1498953952 90112     0.552
06:35:00.897 kworker        1764183 nvme1n1 W    608921032  77824     0.600
06:35:00.897 kworker        1764183 nvme1n1 W    608802040  28672     0.617
06:35:01.422 ib_log_        125932  nvme1n1 WS   1756076288 4096      0.052
06:35:01.664 nvme           1945378 Unknown N    -1         512       0.033
06:35:02.666 nvme           1945385 Unknown N    -1         512       0.031
06:35:03.668 nvme           1945405 Unknown N    -1         512       0.031
06:35:03.867 jbd2/nv        752     nvme1n1 WSM  877173936  131072    0.165
06:35:03.867 jbd2/nv        752     nvme1n1 WSM  877174192  53248     0.169
06:35:03.867 jbd2/nv        752     nvme1n1 WSM  877174296  4096      0.030
06:35:04.671 nvme           1945417 Unknown N    -1         512       0.034
06:35:05.673 nvme           1945427 Unknown N    -1         512       0.035
06:35:06.016 kworker        1764183 nvme1n1 WM   0          4096      0.116
06:35:06.016 kworker        1764183 nvme1n1 WM   32         4096      0.124
06:35:06.016 kworker        1764183 nvme1n1 WM   152        4096      0.127
06:35:06.016 kworker        1764183 nvme1n1 WM   224        4096      0.127
06:35:06.016 kworker        1764183 nvme1n1 WM   288        4096      0.136
06:35:06.016 kworker        1764183 nvme1n1 WM   408        4096      0.138
06:35:06.016 kworker        1764183 nvme1n1 WM   440        4096      0.139
06:35:06.016 kworker        1764183 nvme1n1 WM   568        4096      0.139
06:35:06.016 kworker        1764183 nvme1n1 WM   720        4096      0.140
06:35:06.016 kworker        1764183 nvme1n1 WM   736        4096      0.140
06:35:06.016 kworker        1764183 nvme1n1 WM   784        4096      0.142
06:35:06.016 kworker        1764183 nvme1n1 WM   800        4096      0.145
06:35:06.016 kworker        1764183 nvme1n1 WM   816        4096      0.146
06:35:06.016 kworker        1764183 nvme1n1 WM   832        8192      0.150
06:35:06.016 kworker        1764183 nvme1n1 WM   752        12288     0.155
06:35:06.016 kworker        1774410 nvme1n1 W    608497632  8192      0.138
06:35:06.016 kworker        1764183 nvme1n1 WM   62914568   4096      0.074
06:35:06.016 kworker        1764183 nvme1n1 WM   310378576  4096      0.081
06:35:06.016 kworker        1764183 nvme1n1 WM   314572832  4096      0.081
06:35:06.016 kworker        1764183 nvme1n1 WM   461373448  4096      0.084
06:35:06.016 kworker        1764183 nvme1n1 WM   461373568  4096      0.088
06:35:06.016 kworker        1764183 nvme1n1 WM   461373728  8192      0.089
06:35:06.016 kworker        1764183 nvme1n1 WM   461373832  4096      0.089
06:35:06.016 kworker        1764183 nvme1n1 WM   461373848  4096      0.095
06:35:06.016 kworker        1764183 nvme1n1 WM   461373888  4096      0.096
06:35:06.016 kworker        1764183 nvme1n1 WM   461374248  4096      0.100
06:35:06.016 kworker        1764183 nvme1n1 WM   591396872  4096      0.106
06:35:06.016 kworker        1764183 nvme1n1 WM   591659872  4096      0.108
06:35:06.016 kworker        1764183 nvme1n1 WM   58720360   12288     0.120
06:35:06.016 kworker        1764183 nvme1n1 WM   461373760  28672     0.127
06:35:06.016 kworker        1774410 nvme1n1 W    608921184  77824     0.170
06:35:06.017 kworker        1764183 nvme1n1 WM   591663296  4096      0.071
06:35:06.017 kworker        1764183 nvme1n1 WM   599785488  4096      0.077
06:35:06.017 kworker        1764183 nvme1n1 WM   608174232  4096      0.078
06:35:06.017 kworker        1764183 nvme1n1 WM   608174336  4096      0.082
06:35:06.017 kworker        1764183 nvme1n1 WM   608174472  4096      0.083
06:35:06.017 kworker        1764183 nvme1n1 WM   721917248  4096      0.082
06:35:06.017 kworker        1764183 nvme1n1 WM   730173944  4096      0.085
06:35:06.017 kworker        1764183 nvme1n1 WM   730174144  4096      0.091
06:35:06.017 kworker        1764183 nvme1n1 WM   843055144  4096      0.094
06:35:06.017 kworker        1764183 nvme1n1 WM   844081072  4096      0.094
06:35:06.017 kworker        1764183 nvme1n1 WM   905969808  4096      0.099
06:35:06.017 kworker        1764183 nvme1n1 WM   905969920  4096      0.101
06:35:06.017 kworker        1764183 nvme1n1 WM   608190120  69632     0.149
06:35:06.017 kworker        1764183 nvme1n1 WM   608190264  57344     0.183
06:35:06.017 kworker        1764183 nvme1n1 WM   905980280  28672     0.203
06:35:06.017 kworker        1774410 nvme1n1 W    608812264  131072    0.284
06:35:06.017 kworker        1774410 nvme1n1 W    608812520  4096      0.180
06:35:06.017 kworker        1764183 nvme1n1 WM   1174405184 4096      0.164
06:35:06.017 kworker        1764183 nvme1n1 WM   1485401008 4096      0.165
06:35:06.017 kworker        1764183 nvme1n1 WM   1485846592 4096      0.165
06:35:06.017 kworker        1764183 nvme1n1 WM   1497366576 4096      0.171
06:35:06.017 kworker        1764183 nvme1n1 WM   1510731488 4096      0.172
06:35:06.017 kworker        1764183 nvme1n1 WM   1530921000 4096      0.172
06:35:06.017 kworker        1764183 nvme1n1 WM   1560281168 4096      0.179
06:35:06.017 kworker        1764183 nvme1n1 WM   1560281208 4096      0.183
06:35:06.017 kworker        1764183 nvme1n1 WM   1564475424 4096      0.184
06:35:06.017 kworker        1764183 nvme1n1 WM   1564475456 4096      0.188
06:35:06.017 kworker        1764183 nvme1n1 WM   1577058384 4096      0.189
06:35:06.017 kworker        1764183 nvme1n1 WM   1577058400 4096      0.077
06:35:06.017 kworker        1764183 nvme1n1 WM   1593835592 4096      0.079
06:35:06.017 kworker        1764183 nvme1n1 WM   1631584280 8192      0.083
06:35:06.017 kworker        1764183 nvme1n1 WM   1635778568 8192      0.088
06:35:06.017 kworker        1764183 nvme1n1 WM   1660944472 8192      0.096
06:35:06.017 kworker        1764183 nvme1n1 WM   1702887504 4096      0.101
06:35:06.017 kworker        1764183 nvme1n1 WM   1719481664 4096      0.110
06:35:06.017 kworker        1764183 nvme1n1 WM   1728881776 4096      0.113
06:35:06.017 kworker        1764183 nvme1n1 WM   1732247648 4096      0.114
06:35:06.017 kworker        1764183 nvme1n1 WM   1735433528 4096      0.119
06:35:06.017 kworker        1764183 nvme1n1 WM   1735448440 4096      0.122
06:35:06.017 kworker        1764183 nvme1n1 WM   1735531352 4096      0.124
06:35:06.017 kworker        1764183 nvme1n1 WM   1735532512 4096      0.125
06:35:06.017 kworker        1764183 nvme1n1 WM   1735532528 8192      0.126
06:35:06.017 kworker        1764183 nvme1n1 WM   1735533896 4096      0.131
06:35:06.017 kworker        1764183 nvme1n1 WM   1735533920 24576     0.136
06:35:06.017 kworker        1764183 nvme1n1 WM   1736717304 4096      0.074
06:35:06.017 kworker        1764183 nvme1n1 WM   1753219192 4096      0.076
06:35:06.017 kworker        1764183 nvme1n1 WM   1756377824 4096      0.081
06:35:06.017 kworker        1764183 nvme1n1 WM   1756377840 4096      0.082
06:35:06.017 kworker        1764183 nvme1n1 WM   1756377856 4096      0.082
06:35:06.017 kworker        1764183 nvme1n1 WM   1756389872 8192      0.086
06:35:06.017 kworker        1764183 nvme1n1 WM   1756391376 4096      0.094
06:35:06.017 kworker        1764183 nvme1n1 WM   1756414944 4096      0.095
06:35:06.017 kworker        1764183 nvme1n1 WM   1756428304 4096      0.099
06:35:06.017 kworker        1764183 nvme1n1 WM   1756440552 4096      0.100
06:35:06.017 kworker        1764183 nvme1n1 WM   1756441440 4096      0.101
06:35:06.017 kworker        1764183 nvme1n1 WM   1756489680 4096      0.107
06:35:06.017 kworker        1764183 nvme1n1 WM   1756521400 4096      0.110
06:35:06.017 kworker        1764183 nvme1n1 WM   1756528352 4096      0.111
06:35:06.017 kworker        1764183 nvme1n1 WM   1756549584 8192      0.114
06:35:06.017 kworker        1764183 nvme1n1 WM   1756415536 12288     0.125
06:35:06.017 kworker        1764183 nvme1n1 WM   1756598720 4096      0.078
06:35:06.017 kworker        1764183 nvme1n1 WM   1756598984 4096      0.078
06:35:06.017 kworker        1764183 nvme1n1 WM   1756599952 4096      0.083
06:35:06.017 kworker        1764183 nvme1n1 WM   1756600944 4096      0.084
06:35:06.017 kworker        1764183 nvme1n1 WM   1756601032 4096      0.087
06:35:06.017 kworker        1764183 nvme1n1 WM   1756662648 4096      0.089
06:35:06.017 kworker        1764183 nvme1n1 WM   1756662720 4096      0.093
06:35:06.017 kworker        1764183 nvme1n1 WM   1756662752 8192      0.095
06:35:06.017 kworker        1764183 nvme1n1 WM   1756673768 4096      0.100
06:35:06.017 kworker        1764183 nvme1n1 WM   1756680672 4096      0.100
06:35:06.017 kworker        1764183 nvme1n1 WM   1756709864 4096      0.103
06:35:06.017 kworker        1764183 nvme1n1 WM   1756710632 4096      0.111
06:35:06.017 kworker        1764183 nvme1n1 WM   1756723464 4096      0.114
06:35:06.017 kworker        1764183 nvme1n1 WM   1756754928 4096      0.115
06:35:06.017 kworker        1764183 nvme1n1 WM   1756757960 4096      0.116
06:35:06.017 kworker        1764183 nvme1n1 WM   1756758000 4096      0.120
06:35:06.017 kworker        1764183 nvme1n1 WM   1756762616 4096      0.071
06:35:06.017 kworker        1764183 nvme1n1 WM   1756773984 4096      0.072
06:35:06.017 kworker        1764183 nvme1n1 WM   1756776384 4096      0.076
06:35:06.017 kworker        1764183 nvme1n1 WM   1756777424 4096      0.078
06:35:06.017 kworker        1764183 nvme1n1 WM   1756777448 4096      0.081
06:35:06.017 kworker        1764183 nvme1n1 WM   1756780432 4096      0.082
06:35:06.017 kworker        1764183 nvme1n1 WM   1756780504 8192      0.088
06:35:06.017 kworker        1764183 nvme1n1 WM   1756791776 4096      0.092
06:35:06.018 kworker        1764183 nvme1n1 WM   1756792560 4096      0.096
06:35:06.018 kworker        1764183 nvme1n1 WM   1756792776 4096      0.097
06:35:06.018 kworker        1764183 nvme1n1 WM   1756792792 4096      0.102
06:35:06.018 kworker        1764183 nvme1n1 WM   1756815288 4096      0.105
06:35:06.018 kworker        1764183 nvme1n1 WM   1756824944 8192      0.113
06:35:06.018 kworker        1764183 nvme1n1 WM   1756827528 4096      0.115
06:35:06.018 kworker        1764183 nvme1n1 WM   1756827616 4096      0.116
06:35:06.018 kworker        1764183 nvme1n1 WM   1756828072 4096      0.116
06:35:06.018 kworker        1764183 nvme1n1 WM   1756832760 4096      0.070
06:35:06.018 kworker        1764183 nvme1n1 WM   1756840336 4096      0.071
06:35:06.018 kworker        1764183 nvme1n1 WM   1756840424 8192      0.077
06:35:06.018 kworker        1764183 nvme1n1 WM   1756843936 4096      0.077
06:35:06.018 kworker        1764183 nvme1n1 WM   1756846456 4096      0.084
06:35:06.018 kworker        1764183 nvme1n1 WM   1756847728 4096      0.088
06:35:06.018 kworker        1764183 nvme1n1 WM   1756848408 4096      0.092
06:35:06.018 kworker        1764183 nvme1n1 WM   1756848464 4096      0.093
06:35:06.018 kworker        1764183 nvme1n1 WM   1756848504 4096      0.098
06:35:06.018 kworker        1764183 nvme1n1 WM   1756848528 4096      0.099
06:35:06.018 kworker        1764183 nvme1n1 WM   1756848544 4096      0.100
06:35:06.018 kworker        1764183 nvme1n1 WM   1756852144 4096      0.107
06:35:06.018 kworker        1764183 nvme1n1 WM   1756864800 4096      0.111
06:35:06.018 kworker        1764183 nvme1n1 WM   1756864816 4096      0.112
06:35:06.018 kworker        1764183 nvme1n1 WM   1756864960 4096      0.116
06:35:06.018 kworker        1764183 nvme1n1 WM   1756864912 12288     0.119
06:35:06.018 kworker        1764183 nvme1n1 WM   1756867040 4096      0.051
06:35:06.018 kworker        1764183 nvme1n1 WM   1756867056 4096      0.052
06:35:06.018 kworker        1764183 nvme1n1 WM   1756868288 4096      0.058
06:35:06.018 kworker        1764183 nvme1n1 WM   1756868344 4096      0.059
06:35:06.018 kworker        1764183 nvme1n1 WM   1756872648 4096      0.060
06:35:06.018 kworker        1764183 nvme1n1 WM   1756872696 4096      0.065
06:35:06.018 kworker        1764183 nvme1n1 WM   1756887000 4096      0.066
06:35:06.018 kworker        1764183 nvme1n1 WM   1756887656 4096      0.067
06:35:06.018 kworker        1764183 nvme1n1 WM   1756888568 4096      0.070
06:35:06.659 amoprof        1787544 nvme1n1 W    608812528  4096      0.051
