TIMESTAMP    COMM           PID     DISK    T    SECTOR     BYTES   LAT(ms)
13:27:27.856 nvme           2490763 Unknown N    -1         512       0.038
13:27:28.417 kworker        2481892 nvme0n1 W    8145232    16384     0.917
13:27:28.417 kworker        2481892 nvme0n1 W    8145016    4096      1.036
13:27:28.417 kworker        2481892 nvme0n1 W    8145104    4096      1.041
13:27:28.417 kworker        2481892 nvme0n1 W    8144952    4096      1.050
13:27:28.417 kworker        2481892 nvme0n1 W    8144992    4096      1.050
13:27:28.417 kworker        2481892 nvme0n1 W    8145080    8192      1.050
13:27:28.418 kworker        2481892 nvme0n1 W    8145120    40960     1.285
13:27:28.419 kworker        2481892 nvme0n1 W    8145360    262144    3.079
13:27:28.420 kworker        2481892 nvme0n1 W    8146384    262144    2.315
13:27:28.420 kworker        2481892 nvme0n1 W    8145872    262144    2.513
13:27:28.420 kworker        2481892 nvme0n1 W    8147408    262144    2.680
13:27:28.420 kworker        2481892 nvme0n1 W    8148432    262144    2.788
13:27:28.420 kworker        2481892 nvme0n1 W    8146896    262144    2.870
13:27:28.421 kworker        2481892 nvme0n1 W    8147920    262144    3.112
13:27:28.422 kworker        2481892 nvme0n1 W    8149456    262144    2.683
13:27:28.422 kworker        2481892 nvme0n1 W    8152560    131072    1.727
13:27:28.423 kworker        2481892 nvme0n1 W    8152016    147456    1.957
13:27:28.423 kworker        2481892 nvme0n1 W    8149968    262144    2.628
13:27:28.423 kworker        2481892 nvme0n1 W    8148944    262144    3.316
13:27:28.423 kworker        2481892 nvme0n1 W    8150480    262144    2.809
13:27:28.423 kworker        2481892 nvme0n1 W    8151504    262144    2.556
13:27:28.423 kworker        2481892 nvme0n1 W    8150992    262144    3.135
13:27:28.424 kworker        2481892 nvme0n1 W    8156880    4096      1.162
13:27:28.424 kworker        2481892 nvme0n1 W    8156976    16384     1.518
13:27:28.424 kworker        2481892 nvme0n1 W    8157104    98304     1.647
13:27:28.425 kworker        2481892 nvme0n1 W    8158976    4096      1.039
13:27:28.425 kworker        2481892 nvme0n1 W    8153072    131072    2.376
13:27:28.425 kworker        2481892 nvme0n1 W    8160008    4096      0.709
13:27:28.426 kworker        2481892 nvme0n1 W    8160336    16384     1.138
13:27:28.426 kworker        2481892 nvme0n1 W    8158704    131072    2.301
13:27:28.426 kworker        2481892 nvme0n1 W    8154352    262144    3.436
13:27:28.426 kworker        2481892 nvme0n1 W    8154864    262144    3.414
13:27:28.426 kworker        2481892 nvme0n1 W    39160160   81920     0.954
13:27:28.426 kworker        2481892 nvme0n1 W    8159216    131072    2.039
13:27:28.427 kworker        2481892 nvme0n1 W    39161104   4096      0.703
13:27:28.427 kworker        2481892 nvme0n1 W    39161256   4096      0.840
13:27:28.427 kworker        2481892 nvme0n1 W    39161696   4096      0.481
13:27:28.427 kworker        2481892 nvme0n1 W    39161400   4096      1.025
13:27:28.427 kworker        2481892 nvme0n1 W    39160960   65536     1.514
13:27:28.427 kworker        2481892 nvme0n1 W    39161552   4096      0.917
13:27:28.428 kworker        2481892 nvme0n1 W    8160752    262144    2.949
13:27:28.428 kworker        2481892 nvme0n1 W    39161848   4096      0.970
13:27:28.428 kworker        2481892 nvme0n1 W    39161992   4096      0.971
13:27:28.428 kworker        2481892 nvme0n1 W    39162144   4096      0.972
13:27:28.428 kworker        2481892 nvme0n1 W    39160448   262144    3.197
13:27:28.428 kworker        2481892 nvme0n1 W    39162296   4096      0.976
13:27:28.428 kworker        2481892 nvme0n1 W    39162536   4096      0.977
13:27:28.428 kworker        2481892 nvme0n1 W    39162472   4096      0.979
13:27:28.429 kworker        2481892 nvme0n1 W    39162976   4096      0.914
13:27:28.429 kworker        2481892 nvme0n1 W    39162824   8192      0.916
13:27:28.429 kworker        2481892 nvme0n1 W    39162680   4096      0.987
13:27:28.429 kworker        2481892 nvme0n1 W    39163120   8192      0.987
13:27:28.429 kworker        2481892 nvme0n1 W    39163352   4096      0.876
13:27:28.429 kworker        2481892 nvme0n1 W    39163432   4096      0.878
13:27:28.429 kworker        2481892 nvme0n1 W    39163216   4096      0.940
13:27:28.430 kworker        2481892 nvme0n1 W    39164576   16384     0.623
13:27:28.430 kworker        2481892 nvme0n1 W    39165760   4096      1.224
13:27:28.430 kworker        2481892 nvme0n1 W    39166048   16384     0.934
13:27:28.430 kworker        2481892 nvme0n1 W    39165440   131072    1.324
13:27:28.430 kworker        2481892 nvme0n1 W    39168416   16384     0.893
13:27:28.431 kworker        2481892 nvme0n1 W    39163904   262144    3.093
13:27:28.432 kworker        2481892 nvme0n1 W    39166464   131072    2.241
13:27:28.432 kworker        2481892 nvme0n1 W    39168576   16384     1.269
13:27:28.432 kworker        2481892 nvme0n1 W    39170304   131072    1.292
13:27:28.432 kworker        2481892 nvme0n1 W    39164928   262144    3.480
13:27:28.433 kworker        2481892 nvme0n1 W    39167744   262144    3.092
13:27:28.433 kworker        2481892 nvme0n1 W    39169024   262144    2.630
13:27:28.433 kworker        2481892 nvme0n1 W    39171840   131072    1.521
13:27:28.433 kworker        2481892 nvme0n1 W    39170816   262144    2.941
13:27:28.434 kworker        2481892 nvme0n1 W    39174400   131072    1.551
13:27:28.434 kworker        2481892 nvme0n1 W    39173376   262144    2.516
13:27:28.434 kworker        2481892 nvme0n1 W    39175680   131072    1.400
13:27:28.434 kworker        2481892 nvme0n1 W    39172608   262144    2.835
13:27:28.435 kworker        2481892 nvme0n1 W    39176704   65536     1.194
13:27:28.435 kworker        2481892 nvme0n1 W    7337992    4096      0.975
13:27:28.436 kworker        2481892 nvme0n1 W    39173888   262144    3.085
13:27:28.436 kworker        2481892 nvme0n1 W    39175168   262144    3.028
13:27:28.436 kworker        2481892 nvme0n1 W    39177472   131072    2.157
13:27:28.436 kworker        2481892 nvme0n1 W    39176960   262144    2.867
13:27:28.867 nvme           2490819 Unknown N    -1         512       0.030
13:27:29.885 nvme           2490824 Unknown N    -1         512       0.029
13:27:30.896 nvme           2490829 Unknown N    -1         512       0.033
13:27:30.933 jbd2/nv        752     nvme1n1 WSM  878347080  4096      0.058
13:27:30.933 jbd2/nv        752     nvme1n1 WSM  878346824  131072    0.146
13:27:30.933 jbd2/nv        752     nvme1n1 WSM  878347088  4096      0.027
13:27:31.489 kworker        2481892 nvme1n1 W    1130045808 12288     0.064
13:27:31.489 kworker        2481899 nvme1n1 W    629561576  4096      0.048
13:27:31.489 kworker        2481899 nvme1n1 W    629601480  12288     0.058
13:27:31.489 kworker        2481899 nvme1n1 W    629601504  53248     0.080
13:27:31.908 nvme           2490834 Unknown N    -1         512       0.032
13:27:32.924 nvme           2490839 Unknown N    -1         512       0.035
13:27:33.025 kworker        2481892 nvme0n1 W    37824904   24576     0.709
13:27:33.941 nvme           2490844 Unknown N    -1         512       0.033
13:27:34.959 nvme           2490849 Unknown N    -1         512       0.034
13:27:35.971 nvme           2490854 Unknown N    -1         512       0.028
13:27:36.609 jbd2/nv        752     nvme1n1 WSM  878347096  57344     0.103
13:27:36.609 jbd2/nv        752     nvme1n1 WSM  878347208  4096      0.030
13:27:36.610 kworker        2481892 nvme1n1 W    629601608  53248     0.106
13:27:36.610 kworker        2481892 nvme1n1 W    1569156096 131072    0.185
13:27:36.610 kworker        2481892 nvme1n1 W    1569156352 61440     0.219
13:27:36.610 kworker        2481892 nvme1n1 W    629601712  32768     0.237
13:27:36.610 kworker        2481892 nvme1n1 W    1579714560 131072    0.318
13:27:36.610 kworker        2481892 nvme1n1 W    1579714816 90112     0.370
13:27:36.610 kworker        2481892 nvme1n1 W    629622784  77824     0.418
13:27:36.610 kworker        2481892 nvme1n1 W    629601776  45056     0.443
13:27:36.987 nvme           2490859 Unknown N    -1         512       0.035
13:27:37.881 amoprof        2486434 nvme1n1 W    629702776  4096      0.056
