TIMESTAMP    COMM           PID     DISK    T    SECTOR     BYTES   LAT(ms)
03:45:56.217 nvme           1699250 Unknown N    -1         512       0.040
03:45:57.219 nvme           1699302 Unknown N    -1         512       0.030
03:45:58.222 nvme           1699303 Unknown N    -1         512       0.077
03:45:59.224 nvme           1699304 Unknown N    -1         512       0.028
03:46:00.226 nvme           1699305 Unknown N    -1         512       0.072
03:46:00.736 kworker        1672356 nvme1n1 W    595876976  8192      0.059
03:46:00.736 jbd2/nv        752     nvme1n1 WSM  877854928  69632     0.098
03:46:00.736 jbd2/nv        752     nvme1n1 WSM  877855064  4096      0.029
03:46:00.737 kworker        1672356 nvme1n1 W    595876992  90112     0.135
03:46:00.737 kworker        1672356 nvme1n1 W    1534917120 131072    0.213
03:46:00.737 kworker        1672356 nvme1n1 W    1534917376 61440     0.248
03:46:00.737 kworker        1672356 nvme1n1 W    595877168  32768     0.267
03:46:00.737 kworker        1672356 nvme1n1 W    1534917496 131072    0.345
03:46:00.737 kworker        1672356 nvme1n1 W    1534917752 90112     0.404
03:46:00.737 kworker        1672356 nvme1n1 W    1526155368 77824     0.449
03:46:00.737 kworker        1672356 nvme1n1 W    595877232  36864     0.469
03:46:01.229 nvme           1699306 Unknown N    -1         512       0.030
03:46:02.231 nvme           1699307 Unknown N    -1         512       0.028
03:46:03.233 nvme           1699308 Unknown N    -1         512       0.029
03:46:04.236 nvme           1699309 Unknown N    -1         512       0.028
03:46:05.238 nvme           1699310 Unknown N    -1         512       0.030
03:46:05.856 kworker        1696237 nvme1n1 W    595993656  8192      0.060
03:46:05.856 jbd2/nv        752     nvme1n1 WSM  877855072  61440     0.088
03:46:05.856 jbd2/nv        752     nvme1n1 WSM  877855192  4096      0.029
03:46:06.224 amoprof        1271097 nvme1n1 W    595865352  4096      0.052
