TIMESTAMP    COMM           PID     DISK    T    SECTOR     BYTES   LAT(ms)
12:11:12.012 nvme           2406344 Unknown N    -1         512       0.041
12:11:12.388 jbd2/nv        752     nvme1n1 WSM  877667552  90112     0.134
12:11:12.388 jbd2/nv        752     nvme1n1 WSM  877667728  4096      0.031
12:11:13.035 nvme           2406400 Unknown N    -1         512       0.034
12:11:14.051 nvme           2406421 Unknown N    -1         512       0.037
12:11:14.209 kworker        2397794 nvme0n1 W    37879392   4096      0.489
12:11:15.068 nvme           2406431 Unknown N    -1         512       0.038
12:11:16.083 nvme           2406436 Unknown N    -1         512       0.033
12:11:16.257 kworker        2379469 nvme1n1 W    625401656  102400    0.177
12:11:16.257 kworker        2379469 nvme1n1 W    1176702544 131072    0.242
12:11:16.257 kworker        2379469 nvme1n1 W    1176702800 61440     0.277
12:11:16.257 kworker        2379469 nvme1n1 W    625623040  32768     0.302
12:11:16.257 kworker        2379469 nvme1n1 W    1176717312 131072    0.376
12:11:16.257 kworker        2379469 nvme1n1 W    1176717568 90112     0.428
12:11:16.257 kworker        2379469 nvme1n1 W    723566440  77824     0.472
12:11:16.257 kworker        2379469 nvme1n1 W    625623104  36864     0.496
12:11:17.098 nvme           2406441 Unknown N    -1         512       0.039
12:11:17.792 jbd2/nv        752     nvme1n1 WSM  877667736  98304     0.142
12:11:17.792 jbd2/nv        752     nvme1n1 WSM  877667928  4096      0.036
12:11:18.114 nvme           2406456 Unknown N    -1         512       0.035
12:11:19.128 nvme           2406467 Unknown N    -1         512       0.033
12:11:20.138 nvme           2406549 Unknown N    -1         512       0.088
12:11:21.148 nvme           2406608 Unknown N    -1         512       0.031
12:11:21.376 kworker        2406492 nvme1n1 W    625587480  8192      0.062
12:11:22.037 amoprof        2381401 nvme1n1 W    846727744  4096      0.055
