TIMESTAMP    COMM           PID     DISK    T    SECTOR     BYTES   LAT(ms)
06:08:28.853 nvme           1894328 Unknown N    -1         512       0.035
06:08:29.088 kworker        1696237 nvme1n1 WM   760        4096      0.113
06:08:29.088 kworker        1696237 nvme1n1 WM   816        4096      0.120
06:08:29.088 kworker        1696237 nvme1n1 WM   310881784  4096      0.120
06:08:29.088 kworker        1696237 nvme1n1 WM   461373696  8192      0.122
06:08:29.088 kworker        1696237 nvme1n1 WM   461374264  4096      0.133
06:08:29.088 kworker        1696237 nvme1n1 WM   591668648  4096      0.134
06:08:29.088 kworker        1696237 nvme1n1 WM   591669072  4096      0.135
06:08:29.088 kworker        1696237 nvme1n1 WM   599785488  4096      0.137
06:08:29.088 kworker        1696237 nvme1n1 WM   1493172504 4096      0.137
06:08:29.088 kworker        1696237 nvme1n1 WM   1572864128 4096      0.138
06:08:29.088 kworker        1696237 nvme1n1 WM   1572864280 4096      0.139
06:08:29.088 kworker        1696237 nvme1n1 WM   1585446928 4096      0.140
06:08:29.088 kworker        1696237 nvme1n1 WM   1707081744 4096      0.141
06:08:29.088 kworker        1696237 nvme1n1 WM   1707383280 4096      0.141
06:08:29.088 kworker        1696237 nvme1n1 WM   1707589104 4096      0.144
06:08:29.088 kworker        1696237 nvme1n1 WM   1707807800 4096      0.145
06:08:29.412 jbd2/nv        752     nvme1n1 WSM  878967704  131072    0.163
06:08:29.412 jbd2/nv        752     nvme1n1 WSM  878967960  131072    0.180
06:08:29.412 jbd2/nv        752     nvme1n1 WSM  878968216  4096      0.029
06:08:29.416 python3        1784366 nvme1n1 WS   1649889280 131072    0.157
06:08:29.416 python3        1784366 nvme1n1 WS   1649889536 131072    0.231
06:08:29.417 python3        1784366 nvme1n1 WS   1649889792 131072    0.313
06:08:29.417 python3        1784366 nvme1n1 WS   1649890048 131072    0.389
06:08:29.417 python3        1784366 nvme1n1 WS   1649890304 131072    0.465
06:08:29.417 python3        1784366 nvme1n1 WS   1649890560 131072    0.566
06:08:29.417 python3        1784366 nvme1n1 WS   1649890816 131072    0.646
06:08:29.417 python3        1784366 nvme1n1 WS   1649891072 131072    0.708
06:08:29.417 python3        1784366 nvme1n1 WS   1649891328 131072    0.763
06:08:29.417 python3        1784366 nvme1n1 WS   1649891584 131072    0.846
06:08:29.417 python3        1784366 nvme1n1 WS   1649891840 131072    0.929
06:08:29.417 python3        1784366 nvme1n1 WS   1649892096 131072    1.012
06:08:29.417 python3        1784366 nvme1n1 WS   1649892352 131072    1.092
06:08:29.417 python3        1784366 nvme1n1 WS   1649892608 131072    1.172
06:08:29.418 python3        1784366 nvme1n1 WS   1649892864 131072    1.263
06:08:29.418 python3        1784366 nvme1n1 WS   1649893120 131072    1.320
06:08:29.418 python3        1784366 nvme1n1 WS   1649893376 131072    1.402
06:08:29.418 python3        1784366 nvme1n1 WS   1649893632 131072    1.479
06:08:29.418 python3        1784367 nvme1n1 WS   1649897472 131072    1.492
06:08:29.418 python3        1784367 nvme1n1 WS   1649897728 131072    1.572
06:08:29.418 python3        1784367 nvme1n1 WS   1649897984 131072    1.638
06:08:29.418 python3        1784367 nvme1n1 WS   1649898240 131072    1.715
06:08:29.418 python3        1784367 nvme1n1 WS   1649898496 131072    1.799
06:08:29.418 python3        1784367 nvme1n1 WS   1649898752 131072    1.878
06:08:29.418 python3        1784367 nvme1n1 WS   1649899008 131072    1.963
06:08:29.418 python3        1784369 nvme1n1 WS   1649680384 131072    2.045
06:08:29.419 python3        1784369 nvme1n1 WS   1649680640 131072    2.113
06:08:29.419 python3        1784369 nvme1n1 WS   1649680896 131072    2.191
06:08:29.419 python3        1784369 nvme1n1 WS   1649681152 131072    2.263
06:08:29.419 python3        1784369 nvme1n1 WS   1649681408 131072    2.339
06:08:29.419 python3        1784369 nvme1n1 WS   1649681664 131072    2.413
06:08:29.419 python3        1784369 nvme1n1 WS   1649681920 131072    2.490
06:08:29.419 python3        1784367 nvme1n1 WS   1649899264 131072    2.562
06:08:29.419 python3        1784367 nvme1n1 WS   1649899520 131072    2.636
06:08:29.419 python3        1784367 nvme1n1 WS   1649899776 131072    2.710
06:08:29.419 python3        1784367 nvme1n1 WS   1649900032 131072    2.786
06:08:29.419 python3        1784369 nvme1n1 WS   1649682176 131072    2.868
06:08:29.419 python3        1784369 nvme1n1 WS   1649682432 131072    2.942
06:08:29.419 python3        1784369 nvme1n1 WS   1649682688 131072    3.015
06:08:29.420 python3        1784369 nvme1n1 WS   1649682944 131072    3.090
06:08:29.420 python3        1784369 nvme1n1 WS   1649683200 131072    3.166
06:08:29.420 python3        1784369 nvme1n1 WS   1649683456 131072    3.239
06:08:29.420 python3        1784369 nvme1n1 WS   1649683712 131072    3.317
06:08:29.420 python3        1784369 nvme1n1 WS   1649683968 131072    3.393
06:08:29.420 python3        1784367 nvme1n1 WS   1649900288 131072    3.490
06:08:29.420 python3        1784367 nvme1n1 WS   1649900544 131072    3.555
06:08:29.420 python3        1784367 nvme1n1 WS   1649900800 131072    3.630
06:08:29.420 python3        1784367 nvme1n1 WS   1649901056 131072    3.702
06:08:29.420 python3        1784369 nvme1n1 WS   1649684224 131072    3.765
06:08:29.420 python3        1784369 nvme1n1 WS   1649684480 131072    3.840
06:08:29.420 python3        1784369 nvme1n1 WS   1649684736 131072    3.920
06:08:29.421 python3        1784367 nvme1n1 WS   1649901312 131072    4.010
06:08:29.421 python3        1784367 nvme1n1 WS   1649901568 131072    4.068
06:08:29.421 python3        1784367 nvme1n1 WS   1649901824 131072    4.145
06:08:29.421 python3        1784366 nvme1n1 WS   1649905664 131072    4.080
06:08:29.421 python3        1784366 nvme1n1 WS   1649905920 131072    4.147
06:08:29.421 python3        1784366 nvme1n1 WS   1649906176 131072    4.222
06:08:29.421 python3        1784366 nvme1n1 WS   1649906432 131072    4.297
06:08:29.421 python3        1784366 nvme1n1 WS   1649906688 131072    4.370
06:08:29.421 python3        1784366 nvme1n1 WS   1649906944 131072    4.446
06:08:29.421 python3        1784366 nvme1n1 WS   1649907200 131072    4.523
06:08:29.421 python3        1784366 nvme1n1 WS   1649907456 131072    4.580
06:08:29.421 python3        1784366 nvme1n1 WS   1649909760 131072    4.706
06:08:29.421 python3        1784366 nvme1n1 WS   1649907712 131072    4.740
06:08:29.421 python3        1784366 nvme1n1 WS   1649907968 131072    4.809
06:08:29.422 python3        1784366 nvme1n1 WS   1649908224 131072    4.883
06:08:29.422 python3        1784366 nvme1n1 WS   1649908480 131072    4.958
06:08:29.422 python3        1784366 nvme1n1 WS   1649908736 131072    5.034
06:08:29.422 python3        1784366 nvme1n1 WS   1649908992 131072    5.111
06:08:29.422 python3        1784366 nvme1n1 WS   1649910016 131072    5.202
06:08:29.422 python3        1784366 nvme1n1 WS   1649910272 131072    5.281
06:08:29.422 python3        1784366 nvme1n1 WS   1649910528 131072    5.349
06:08:29.422 python3        1784366 nvme1n1 WS   1649910784 131072    5.425
06:08:29.422 python3        1784366 nvme1n1 WS   1649911040 131072    5.499
06:08:29.422 python3        1784366 nvme1n1 WS   1649909248 131072    5.659
06:08:29.422 python3        1784367 nvme1n1 WS   1649913856 131072    5.651
06:08:29.422 python3        1784366 nvme1n1 WS   1649909504 131072    5.715
06:08:29.423 python3        1784366 nvme1n1 WS   1649692672 131072    5.790
06:08:29.423 python3        1784366 nvme1n1 WS   1649692928 131072    5.867
06:08:29.423 python3        1784366 nvme1n1 WS   1649911296 131072    5.964
06:08:29.423 python3        1784366 nvme1n1 WS   1649911552 131072    6.020
06:08:29.423 python3        1784367 nvme1n1 WS   1649914112 131072    6.114
06:08:29.423 python3        1784367 nvme1n1 WS   1649914368 131072    6.188
06:08:29.423 python3        1784367 nvme1n1 WS   1649914624 131072    6.264
06:08:29.423 python3        1784367 nvme1n1 WS   1649914880 131072    6.340
06:08:29.423 python3        1784367 nvme1n1 WS   1649915136 131072    6.417
06:08:29.423 python3        1784367 nvme1n1 WS   1649915392 131072    6.493
06:08:29.423 python3        1784366 nvme1n1 WS   1649911808 131072    6.608
06:08:29.423 python3        1784366 nvme1n1 WS   1649912064 131072    6.675
06:08:29.423 python3        1784366 nvme1n1 WS   1649912320 131072    6.750
06:08:29.424 python3        1784366 nvme1n1 WS   1649912576 131072    6.824
06:08:29.424 python3        1784366 nvme1n1 WS   1649912832 131072    6.900
06:08:29.424 python3        1784366 nvme1n1 WS   1649913088 131072    6.980
06:08:29.424 python3        1784366 nvme1n1 WS   1649913344 131072    7.056
06:08:29.424 python3        1784367 nvme1n1 WS   1649688576 131072    7.149
06:08:29.424 python3        1784367 nvme1n1 WS   1649688832 131072    7.217
06:08:29.424 python3        1784367 nvme1n1 WS   1649689088 131072    7.292
06:08:29.424 python3        1784367 nvme1n1 WS   1649689344 131072    7.366
06:08:29.424 python3        1784367 nvme1n1 WS   1649915648 131072    7.446
06:08:29.424 python3        1784367 nvme1n1 WS   1649689600 131072    7.520
06:08:29.424 python3        1784367 nvme1n1 WS   1649689856 131072    7.595
06:08:29.424 python3        1784367 nvme1n1 WS   1649690112 131072    7.671
06:08:29.424 python3        1784367 nvme1n1 WS   1649915904 131072    7.755
06:08:29.425 python3        1784367 nvme1n1 WS   1649916160 131072    7.830
06:08:29.425 python3        1784367 nvme1n1 WS   1649916416 131072    7.904
06:08:29.425 python3        1784367 nvme1n1 WS   1649916672 131072    7.982
06:08:29.425 python3        1784367 nvme1n1 WS   1649916928 131072    8.058
06:08:29.425 python3        1784367 nvme1n1 WS   1649917184 131072    8.135
06:08:29.425 python3        1784367 nvme1n1 WS   1649917440 131072    8.215
06:08:29.425 python3        1784366 nvme1n1 WS   1649913600 131072    8.396
06:08:29.425 python3        1784366 nvme1n1 WS   1649696768 131072    8.406
06:08:29.425 python3        1784366 nvme1n1 WS   1649697024 131072    8.458
06:08:29.425 python3        1784367 nvme1n1 WS   1649690368 131072    8.532
06:08:29.425 python3        1784367 nvme1n1 WS   1649690624 131072    8.609
06:08:29.425 python3        1784367 nvme1n1 WS   1649690880 131072    8.684
06:08:29.426 python3        1784367 nvme1n1 WS   1649917696 131072    8.767
06:08:29.426 python3        1784367 nvme1n1 WS   1649917952 131072    8.845
06:08:29.426 python3        1784367 nvme1n1 WS   1649918208 131072    8.923
06:08:29.426 python3        1784367 nvme1n1 WS   1649691136 131072    9.006
06:08:29.426 python3        1784367 nvme1n1 WS   1649691392 131072    9.079
06:08:29.426 python3        1784367 nvme1n1 WS   1649691648 131072    9.156
06:08:29.426 python3        1784367 nvme1n1 WS   1649691904 131072    9.232
06:08:29.426 python3        1784367 nvme1n1 WS   1649692160 131072    9.309
06:08:29.426 python3        1784366 nvme1n1 WS   1649700864 131072    9.431
06:08:29.426 python3        1784366 nvme1n1 WS   1649701120 131072    9.459
06:08:29.426 python3        1784366 nvme1n1 WS   1649701376 131072    9.544
06:08:29.426 python3        1784366 nvme1n1 WS   1649701632 131072    9.618
06:08:29.426 python3        1784366 nvme1n1 WS   1649701888 131072    9.692
06:08:29.427 python3        1784366 nvme1n1 WS   1649702144 131072    9.768
06:08:29.427 python3        1784366 nvme1n1 WS   1649702400 131072    9.845
06:08:29.427 python3        1784366 nvme1n1 WS   1649702656 131072    9.905
06:08:29.427 python3        1784366 nvme1n1 WS   1649702912 131072    9.981
06:08:29.427 python3        1784366 nvme1n1 WS   1649703168 131072   10.055
06:08:29.427 python3        1784366 nvme1n1 WS   1649703424 131072   10.135
06:08:29.427 python3        1784366 nvme1n1 WS   1649703680 131072   10.212
06:08:29.427 python3        1784366 nvme1n1 WS   1649703936 131072   10.291
06:08:29.427 python3        1784366 nvme1n1 WS   1649704192 131072   10.373
06:08:29.427 python3        1784367 nvme1n1 WS   1649692416 131072   10.496
06:08:29.427 python3        1784367 nvme1n1 WS   1649922048 131072   10.572
06:08:29.427 python3        1784367 nvme1n1 WS   1649922304 131072   10.650
06:08:29.428 python3        1784366 nvme1n1 WS   1649704448 131072   10.693
06:08:29.428 python3        1784366 nvme1n1 WS   1649704704 131072   10.756
06:08:29.428 python3        1784366 nvme1n1 WS   1649704960 131072   10.831
06:08:29.428 python3        1784366 nvme1n1 WS   1649705216 131072   10.911
06:08:29.428 python3        1784367 nvme1n1 WS   1587314688 131072   11.005
06:08:29.428 python3        1784367 nvme1n1 WS   1587314944 131072   11.079
06:08:29.428 python3        1784367 nvme1n1 WS   1587315200 131072   11.155
06:08:29.428 python3        1784367 nvme1n1 WS   1587315456 131072   11.232
06:08:29.428 python3        1784367 nvme1n1 WS   1587315712 131072   11.313
06:08:29.428 python3        1784367 nvme1n1 WS   1587315968 131072   11.424
06:08:29.428 python3        1784367 nvme1n1 WS   1587316224 131072   11.501
06:08:29.428 python3        1784367 nvme1n1 WS   1587316480 131072   11.559
06:08:29.429 python3        1784367 nvme1n1 WS   1587316736 131072   11.636
06:08:29.429 python3        1784367 nvme1n1 WS   1587316992 131072   11.713
06:08:29.429 python3        1784367 nvme1n1 WS   1587317248 131072   11.791
06:08:29.429 python3        1784367 nvme1n1 WS   1587317504 131072   11.866
06:08:29.429 python3        1784367 nvme1n1 WS   1587317760 131072   11.943
06:08:29.429 python3        1784367 nvme1n1 WS   1587318016 131072   12.022
06:08:29.429 python3        1784367 nvme1n1 WS   1587318272 131072   12.098
06:08:29.429 python3        1784367 nvme1n1 WS   1587318528 131072   12.163
06:08:29.429 python3        1784367 nvme1n1 WS   1587318784 131072   12.241
06:08:29.429 python3        1784367 nvme1n1 WS   1587319040 131072   12.320
06:08:29.429 python3        1784368 nvme1n1 WS   1649709056 131072   12.061
06:08:29.429 python3        1784368 nvme1n1 WS   1649709312 131072   12.132
06:08:29.429 python3        1784368 nvme1n1 WS   1649709568 131072   12.211
06:08:29.430 python3        1784368 nvme1n1 WS   1649709824 131072   12.286
06:08:29.430 python3        1784368 nvme1n1 WS   1649710080 131072   12.363
06:08:29.430 python3        1784368 nvme1n1 WS   1649710336 131072   12.439
06:08:29.430 python3        1784368 nvme1n1 WS   1649710592 131072   12.516
06:08:29.430 python3        1784368 nvme1n1 WS   1649710848 131072   12.576
06:08:29.430 python3        1784368 nvme1n1 WS   1649711104 131072   12.654
06:08:29.430 python3        1784368 nvme1n1 WS   1649711360 131072   12.732
06:08:29.430 python3        1784368 nvme1n1 WS   1649711616 131072   12.810
06:08:29.430 python3        1784368 nvme1n1 WS   1649711872 131072   12.889
06:08:29.430 python3        1784368 nvme1n1 WS   1649712128 131072   12.966
06:08:29.430 python3        1784368 nvme1n1 WS   1649712384 131072   13.044
06:08:29.430 python3        1784368 nvme1n1 WS   1649712640 131072   13.122
06:08:29.431 python3        1784368 nvme1n1 WS   1649712896 131072   13.186
06:08:29.431 python3        1784368 nvme1n1 WS   1649713152 131072   13.265
06:08:29.431 python3        1784368 nvme1n1 WS   1649713408 131072   13.340
06:08:29.431 python3        1784368 nvme1n1 WS   1649717248 131072   13.357
06:08:29.431 python3        1784368 nvme1n1 WS   1649717504 131072   13.425
06:08:29.431 python3        1784368 nvme1n1 WS   1649717760 131072   13.502
06:08:29.431 python3        1784368 nvme1n1 WS   1649718016 131072   13.582
06:08:29.431 python3        1784368 nvme1n1 WS   1649718272 131072   13.655
06:08:29.431 python3        1784368 nvme1n1 WS   1649718528 131072   13.727
06:08:29.431 python3        1784368 nvme1n1 WS   1649718784 131072   13.804
06:08:29.431 python3        1784368 nvme1n1 WS   1649926144 131072   13.878
06:08:29.431 python3        1784368 nvme1n1 WS   1649926400 131072   13.947
06:08:29.431 python3        1784368 nvme1n1 WS   1649926656 131072   14.028
06:08:29.432 python3        1784368 nvme1n1 WS   1649926912 131072   14.102
06:08:29.432 python3        1784368 nvme1n1 WS   1649719040 131072   14.185
06:08:29.432 python3        1784368 nvme1n1 WS   1649719296 131072   14.256
06:08:29.432 python3        1784368 nvme1n1 WS   1649927168 131072   14.327
06:08:29.432 python3        1784368 nvme1n1 WS   1649927424 131072   14.403
06:08:29.432 python3        1784368 nvme1n1 WS   1649927680 131072   14.477
06:08:29.432 python3        1784368 nvme1n1 WS   1649719552 131072   14.564
06:08:29.432 python3        1784368 nvme1n1 WS   1649719808 131072   14.641
06:08:29.432 python3        1784368 nvme1n1 WS   1649720064 131072   14.717
06:08:29.432 python3        1784368 nvme1n1 WS   1649720320 131072   14.794
06:08:29.432 python3        1784368 nvme1n1 WS   1649720576 131072   14.867
06:08:29.432 python3        1784368 nvme1n1 WS   1649720832 131072   14.944
06:08:29.433 python3        1784368 nvme1n1 WS   1649927936 131072   15.014
06:08:29.433 python3        1784368 nvme1n1 WS   1649928192 131072   15.091
06:08:29.433 python3        1784368 nvme1n1 WS   1649928448 131072   15.171
06:08:29.433 python3        1784368 nvme1n1 WS   1649928704 131072   15.246
06:08:29.433 python3        1784368 nvme1n1 WS   1649928960 131072   15.323
06:08:29.433 python3        1784368 nvme1n1 WS   1649929216 131072   15.402
06:08:29.433 python3        1784368 nvme1n1 WS   1649929472 131072   15.478
06:08:29.433 python3        1784368 nvme1n1 WS   1649929728 131072   15.553
06:08:29.433 python3        1784368 nvme1n1 WS   1649721088 131072   15.640
06:08:29.433 python3        1784368 nvme1n1 WS   1649721344 131072   15.749
06:08:29.433 python3        1784368 nvme1n1 WS   1649721600 131072   15.823
06:08:29.433 python3        1784368 nvme1n1 WS   1649929984 131072   15.891
06:08:29.434 python3        1784368 nvme1n1 WS   1649930240 131072   15.970
06:08:29.434 python3        1784368 nvme1n1 WS   1649930496 131072   16.047
06:08:29.434 python3        1784368 nvme1n1 WS   1649725440 131072   16.127
06:08:29.434 python3        1784368 nvme1n1 WS   1649725696 131072   16.198
06:08:29.434 python3        1784368 nvme1n1 WS   1649725952 131072   16.274
06:08:29.434 python3        1784368 nvme1n1 WS   1649726208 131072   16.350
06:08:29.434 python3        1784368 nvme1n1 WS   1649726464 131072   16.430
06:08:29.434 python3        1784368 nvme1n1 WS   1649726720 131072   16.509
06:08:29.434 python3        1784368 nvme1n1 WS   1649726976 131072   16.588
06:08:29.434 python3        1784368 nvme1n1 WS   1649727232 131072   16.648
06:08:29.434 python3        1784368 nvme1n1 WS   1649727488 131072   16.723
06:08:29.434 python3        1784368 nvme1n1 WS   1649727744 131072   16.798
06:08:29.434 python3        1784368 nvme1n1 WS   1649728000 131072   16.876
06:08:29.435 python3        1784368 nvme1n1 WS   1649728256 131072   16.954
06:08:29.435 python3        1784368 nvme1n1 WS   1649728512 131072   17.032
06:08:29.435 python3        1784368 nvme1n1 WS   1649728768 131072   17.109
06:08:29.435 python3        1784369 nvme1n1 WS   1566216192 131072   17.250
06:08:29.435 python3        1784369 nvme1n1 WS   1566216448 131072   17.268
06:08:29.435 python3        1784369 nvme1n1 WS   1566216704 131072   17.346
06:08:29.435 python3        1784369 nvme1n1 WS   1566216960 131072   17.421
06:08:29.435 python3        1784369 nvme1n1 WS   1566217216 131072   17.498
06:08:29.435 python3        1784369 nvme1n1 WS   1566217472 131072   17.576
06:08:29.435 python3        1784369 nvme1n1 WS   1566217728 131072   17.654
06:08:29.435 python3        1784368 nvme1n1 WS   1649729024 131072   17.751
06:08:29.435 python3        1784368 nvme1n1 WS   1649729280 131072   17.816
06:08:29.436 python3        1784368 nvme1n1 WS   1649729536 131072   17.894
06:08:29.436 python3        1784368 nvme1n1 WS   1649729792 131072   17.971
06:08:29.436 python3        1784369 nvme1n1 WS   1566217984 131072   18.036
06:08:29.436 python3        1784369 nvme1n1 WS   1566218240 131072   18.108
06:08:29.436 python3        1784369 nvme1n1 WS   1566218496 131072   18.183
06:08:29.436 python3        1784369 nvme1n1 WS   1566218752 131072   18.258
06:08:29.436 python3        1784369 nvme1n1 WS   1566219008 131072   18.338
06:08:29.436 python3        1784369 nvme1n1 WS   1566219264 131072   18.416
06:08:29.436 python3        1784369 nvme1n1 WS   1566219520 131072   18.497
06:08:29.436 python3        1784369 nvme1n1 WS   1566219776 131072   18.582
06:08:29.436 python3        1784369 nvme1n1 WS   1566220032 131072   18.647
06:08:29.436 python3        1784369 nvme1n1 WS   1566224384 131072   18.724
06:08:29.436 python3        1784369 nvme1n1 WS   1566224640 131072   18.804
06:08:29.437 python3        1784369 nvme1n1 WS   1566220288 131072   18.950
06:08:29.437 python3        1784369 nvme1n1 WS   1566220544 131072   18.951
06:08:29.437 python3        1784369 nvme1n1 WS   1566220800 131072   19.023
06:08:29.437 python3        1784369 nvme1n1 WS   1566221056 131072   19.100
06:08:29.437 python3        1784369 nvme1n1 WS   1566221312 131072   19.177
06:08:29.437 python3        1784369 nvme1n1 WS   1566221568 131072   19.256
06:08:29.437 python3        1784369 nvme1n1 WS   1566221824 131072   19.336
06:08:29.437 python3        1784369 nvme1n1 WS   1566222080 131072   19.401
06:08:29.437 python3        1784369 nvme1n1 WS   1566222336 131072   19.478
06:08:29.437 python3        1784369 nvme1n1 WS   1566222592 131072   19.552
06:08:29.437 python3        1784369 nvme1n1 WS   1566222848 131072   19.628
06:08:29.437 python3        1784369 nvme1n1 WS   1566223104 131072   19.703
06:08:29.438 python3        1784369 nvme1n1 WS   1566223360 131072   19.778
06:08:29.438 python3        1784369 nvme1n1 WS   1566223616 131072   19.854
06:08:29.438 python3        1784369 nvme1n1 WS   1566223872 131072   19.932
06:08:29.438 python3        1784369 nvme1n1 WS   1566224128 131072   19.994
06:08:29.438 python3        1784369 nvme1n1 WS   1566228480 131072   20.073
06:08:29.438 python3        1784369 nvme1n1 WS   1566228736 131072   20.154
06:08:29.438 python3        1784369 nvme1n1 WS   1566232576 131072   20.220
06:08:29.438 python3        1784369 nvme1n1 WS   1566232832 131072   20.295
06:08:29.438 python3        1784369 nvme1n1 WS   1566233088 131072   20.372
06:08:29.438 python3        1784369 nvme1n1 WS   1566233344 131072   20.485
06:08:29.438 python3        1784369 nvme1n1 WS   1566233600 131072   20.560
06:08:29.438 python3        1784369 nvme1n1 WS   1566233856 131072   20.639
06:08:29.439 python3        1784369 nvme1n1 WS   1566234112 131072   20.718
06:08:29.439 python3        1784369 nvme1n1 WS   1566234368 131072   20.781
06:08:29.439 python3        1784369 nvme1n1 WS   1566234624 131072   20.859
06:08:29.439 python3        1784369 nvme1n1 WS   1566234880 131072   20.940
06:08:29.439 python3        1784369 nvme1n1 WS   1566235136 131072   21.016
06:08:29.439 python3        1784369 nvme1n1 WS   1566235392 131072   21.098
06:08:29.439 python3        1784366 nvme1n1 WS   1587322880 131072   20.775
06:08:29.439 python3        1784366 nvme1n1 WS   1587323136 131072   20.849
06:08:29.439 python3        1784366 nvme1n1 WS   1587323392 131072   20.925
06:08:29.439 python3        1784366 nvme1n1 WS   1587323648 131072   21.001
06:08:29.439 python3        1784369 nvme1n1 WS   1566235648 131072   21.493
06:08:29.439 python3        1784369 nvme1n1 WS   1566235904 131072   21.566
06:08:29.439 python3        1784369 nvme1n1 WS   1566236160 131072   21.645
06:08:29.440 python3        1784369 nvme1n1 WS   1566236416 131072   21.706
06:08:29.440 python3        1784369 nvme1n1 WS   1566236672 131072   21.786
06:08:29.440 python3        1784369 nvme1n1 WS   1566236928 131072   21.865
06:08:29.440 python3        1784366 nvme1n1 WS   1587323904 131072   21.557
06:08:29.440 python3        1784366 nvme1n1 WS   1587324160 131072   21.634
06:08:29.440 python3        1784366 nvme1n1 WS   1587324416 131072   21.710
06:08:29.440 python3        1784366 nvme1n1 WS   1587324672 131072   21.767
06:08:29.440 python3        1784366 nvme1n1 WS   1587324928 131072   21.843
06:08:29.440 python3        1784366 nvme1n1 WS   1587325184 131072   21.923
06:08:29.440 python3        1784366 nvme1n1 WS   1587325440 131072   21.998
06:08:29.440 python3        1784366 nvme1n1 WS   1587325696 131072   22.073
06:08:29.440 python3        1784366 nvme1n1 WS   1587325952 131072   22.149
06:08:29.441 python3        1784366 nvme1n1 WS   1587326208 131072   22.225
06:08:29.441 python3        1784366 nvme1n1 WS   1587326464 131072   22.304
06:08:29.441 python3        1784366 nvme1n1 WS   1587326720 131072   22.376
06:08:29.441 python3        1784366 nvme1n1 WS   1587326976 131072   22.449
06:08:29.441 python3        1784366 nvme1n1 WS   1587327232 131072   22.529
06:08:29.441 python3        1784369 nvme1n1 WS   1587331072 131072   19.021
06:08:29.441 python3        1784369 nvme1n1 WS   1587331328 131072   19.092
06:08:29.441 python3        1784369 nvme1n1 WS   1587331584 131072   19.169
06:08:29.441 python3        1784369 nvme1n1 WS   1587331840 131072   19.245
06:08:29.441 python3        1784369 nvme1n1 WS   1587332096 131072   19.323
06:08:29.441 python3        1784369 nvme1n1 WS   1587332352 131072   19.403
06:08:29.441 python3        1784369 nvme1n1 WS   1587332608 131072   19.481
06:08:29.442 python3        1784369 nvme1n1 WS   1587332864 131072   19.530
06:08:29.442 python3        1784369 nvme1n1 WS   1587333120 131072   19.607
06:08:29.442 python3        1784369 nvme1n1 WS   1587333376 131072   19.679
06:08:29.442 python3        1784369 nvme1n1 WS   1587333632 131072   19.756
06:08:29.442 python3        1784369 nvme1n1 WS   1587333888 131072   19.837
06:08:29.442 python3        1784369 nvme1n1 WS   1587334144 131072   19.911
06:08:29.442 python3        1784369 nvme1n1 WS   1587334400 131072   19.990
06:08:29.442 python3        1784369 nvme1n1 WS   1587334656 131072   20.068
06:08:29.442 python3        1784369 nvme1n1 WS   1587334912 131072   20.130
06:08:29.442 python3        1784369 nvme1n1 WS   1587335168 131072   20.206
06:08:29.442 python3        1784369 nvme1n1 WS   1587335424 131072   20.285
06:08:29.442 python3        1784367 nvme1n1 WS   1587339264 131072   20.213
06:08:29.442 python3        1784367 nvme1n1 WS   1587339520 131072   20.215
06:08:29.443 python3        1784367 nvme1n1 WS   1587339776 131072   20.283
06:08:29.443 python3        1784367 nvme1n1 WS   1587340032 131072   20.360
06:08:29.443 python3        1784367 nvme1n1 WS   1587340288 131072   20.435
06:08:29.443 python3        1784367 nvme1n1 WS   1587340544 131072   20.513
06:08:29.443 python3        1784367 nvme1n1 WS   1587340800 131072   20.587
06:08:29.443 python3        1784367 nvme1n1 WS   1587341056 131072   20.647
06:08:29.443 python3        1784367 nvme1n1 WS   1587341312 131072   20.721
06:08:29.443 python3        1784367 nvme1n1 WS   1587341568 131072   20.798
06:08:29.443 python3        1784367 nvme1n1 WS   1587341824 131072   20.877
06:08:29.443 python3        1784367 nvme1n1 WS   1587342080 131072   20.989
06:08:29.443 python3        1784367 nvme1n1 WS   1587342336 131072   21.074
06:08:29.443 python3        1784367 nvme1n1 WS   1587342592 131072   21.149
06:08:29.444 python3        1784367 nvme1n1 WS   1587342848 131072   21.226
06:08:29.444 python3        1784367 nvme1n1 WS   1587343104 131072   21.293
06:08:29.444 python3        1784366 nvme1n1 WS   1649733632 131072   20.366
06:08:29.444 python3        1784366 nvme1n1 WS   1649733888 131072   20.434
06:08:29.444 python3        1784366 nvme1n1 WS   1649734144 131072   20.514
06:08:29.444 python3        1784366 nvme1n1 WS   1649734400 131072   20.591
06:08:29.444 python3        1784366 nvme1n1 WS   1649734656 131072   20.670
06:08:29.444 python3        1784366 nvme1n1 WS   1649734912 131072   20.750
06:08:29.444 python3        1784366 nvme1n1 WS   1649735168 131072   20.828
06:08:29.444 python3        1784366 nvme1n1 WS   1649735424 131072   20.902
06:08:29.444 python3        1784366 nvme1n1 WS   1649735680 131072   20.978
06:08:29.444 python3        1784366 nvme1n1 WS   1649735936 131072   21.055
06:08:29.444 python3        1784366 nvme1n1 WS   1649736192 131072   21.141
06:08:29.445 python3        1784366 nvme1n1 WS   1649736448 69632    21.168
06:08:29.445 python3        1784367 nvme1n1 WS   1587343360 131072   22.300
06:08:29.445 python3        1784367 nvme1n1 WS   1587343616 131072   22.377
06:08:29.445 python3        1784367 nvme1n1 WS   1587347456 131072   18.462
06:08:29.445 python3        1784367 nvme1n1 WS   1587347712 131072   18.532
06:08:29.445 python3        1784367 nvme1n1 WS   1587347968 131072   18.609
06:08:29.445 python3        1784367 nvme1n1 WS   1587348224 131072   18.684
06:08:29.445 python3        1784367 nvme1n1 WS   1587348480 131072   18.760
06:08:29.445 python3        1784367 nvme1n1 WS   1587348736 131072   18.841
06:08:29.445 python3        1784367 nvme1n1 WS   1587348992 131072   18.919
06:08:29.445 python3        1784367 nvme1n1 WS   1587349248 131072   18.990
06:08:29.445 python3        1784367 nvme1n1 WS   1587349504 131072   19.070
06:08:29.445 python3        1784367 nvme1n1 WS   1587349760 131072   19.146
06:08:29.446 python3        1784367 nvme1n1 WS   1587350016 131072   19.222
06:08:29.446 python3        1784367 nvme1n1 WS   1587350272 69632    19.263
06:08:29.446 python3        1784368 nvme1n1 WS   1649737728 131072   14.342
06:08:29.446 python3        1784368 nvme1n1 WS   1649737984 131072   14.360
06:08:29.446 python3        1784368 nvme1n1 WS   1649738240 131072   14.421
06:08:29.446 python3        1784368 nvme1n1 WS   1649738496 131072   14.495
06:08:29.446 python3        1784368 nvme1n1 WS   1649738752 131072   14.572
06:08:29.446 python3        1784368 nvme1n1 WS   1649739008 131072   14.650
06:08:29.446 python3        1784368 nvme1n1 WS   1649739264 131072   14.727
06:08:29.446 python3        1784368 nvme1n1 WS   1649739520 131072   14.811
06:08:29.446 python3        1784368 nvme1n1 WS   1649739776 131072   14.934
06:08:29.446 python3        1784368 nvme1n1 WS   1649740032 131072   15.008
06:08:29.447 python3        1784368 nvme1n1 WS   1649740288 131072   15.136
06:08:29.447 python3        1784368 nvme1n1 WS   1649740544 131072   15.219
06:08:29.447 python3        1784368 nvme1n1 WS   1649740800 131072   15.294
06:08:29.447 python3        1784368 nvme1n1 WS   1649741056 131072   15.368
06:08:29.447 python3        1784368 nvme1n1 WS   1649741312 131072   15.443
06:08:29.447 python3        1784368 nvme1n1 WS   1649741568 131072   15.513
06:08:29.447 python3        1784368 nvme1n1 WS   1649741824 131072   15.596
06:08:29.447 python3        1784368 nvme1n1 WS   1649742080 131072   15.678
06:08:29.447 python3        1784368 nvme1n1 WS   1566240768 131072   13.181
06:08:29.447 python3        1784368 nvme1n1 WS   1566241024 131072   13.183
06:08:29.447 python3        1784368 nvme1n1 WS   1566241280 131072   13.280
06:08:29.448 python3        1784368 nvme1n1 WS   1566241536 131072   13.407
06:08:29.448 python3        1784368 nvme1n1 WS   1566241792 131072   13.533
06:08:29.448 python3        1784368 nvme1n1 WS   1566242048 131072   13.659
06:08:29.448 python3        1784368 nvme1n1 WS   1566242304 131072   13.784
06:08:29.448 python3        1784368 nvme1n1 WS   1566242560 131072   13.916
06:08:29.448 python3        1784368 nvme1n1 WS   1566242816 131072   14.045
06:08:29.448 python3        1784368 nvme1n1 WS   1566243072 131072   14.186
06:08:29.449 python3        1784368 nvme1n1 WS   1566243328 131072   14.323
06:08:29.449 python3        1784368 nvme1n1 WS   1566243584 69632    14.394
06:08:29.449 python3        1784369 nvme1n1 WS   1587351552 131072   11.566
06:08:29.449 python3        1784369 nvme1n1 WS   1587351808 131072   11.665
06:08:29.449 python3        1784369 nvme1n1 WS   1587352064 131072   11.745
06:08:29.449 python3        1784369 nvme1n1 WS   1587352320 131072   11.824
06:08:29.449 python3        1784369 nvme1n1 WS   1587352576 131072   11.909
06:08:29.449 python3        1784369 nvme1n1 WS   1587352832 131072   11.989
06:08:29.449 python3        1784369 nvme1n1 WS   1587353088 131072   12.070
06:08:29.449 python3        1784369 nvme1n1 WS   1587353344 131072   12.134
06:08:29.449 python3        1784369 nvme1n1 WS   1587353600 131072   12.208
06:08:29.449 python3        1784369 nvme1n1 WS   1587353856 131072   12.289
06:08:29.450 python3        1784369 nvme1n1 WS   1587354112 131072   12.372
06:08:29.450 python3        1784369 nvme1n1 WS   1587354368 69632    12.418
06:08:29.856 nvme           1894385 Unknown N    -1         512       0.035
06:08:30.416 ib_log_        125924  nvme1n1 WS   1738279920 4096      0.056
06:08:30.416 ib_pg_f        125924  nvme1n1 WS   1740046336 131072    0.145
06:08:30.417 ib_pg_f        125924  nvme1n1 WS   1740046592 32768     0.156
06:08:30.417 ib_pg_f        125924  nvme1n1 WS   1740411040 16384     0.060
06:08:30.417 ib_pg_f        125924  nvme1n1 WS   1740107072 16384     0.059
06:08:30.417 ib_pg_f        125924  nvme1n1 WS   1740414144 16384     0.071
06:08:30.417 ib_pg_f        125924  nvme1n1 WS   1740107104 16384     0.066
06:08:30.417 ib_pg_f        125924  nvme1n1 WS   1740411072 16384     0.076
06:08:30.417 ib_pg_f        125924  nvme1n1 WS   1740107200 16384     0.077
06:08:30.417 ib_pg_f        125924  nvme1n1 WS   1755203104 16384     0.081
06:08:30.417 ib_pg_f        125924  nvme1n1 WS   1755215296 16384     0.085
06:08:30.417 ib_pg_f        125924  nvme1n1 WS   1755207104 16384     0.088
06:08:30.417 ib_pg_f        125924  nvme1n1 WS   1755215328 16384     0.092
06:08:30.422 ib_log_        125924  nvme1n1 WS   1738276864 4096      0.036
06:08:30.858 nvme           1894389 Unknown N    -1         512       0.031
06:08:31.861 nvme           1894400 Unknown N    -1         512       0.029
06:08:32.297 dockerd        1436    nvme1n1 WS   608570112  4096      0.053
06:08:32.297 jbd2/nv        752     nvme1n1 WSM  878968224  131072    0.149
06:08:32.297 jbd2/nv        752     nvme1n1 WSM  878968480  69632     0.149
06:08:32.297 jbd2/nv        752     nvme1n1 WSM  878968616  4096      0.029
06:08:32.298 dockerd        1436    nvme1n1 WS   608570120  4096      0.031
06:08:32.298 jbd2/nv        752     nvme1n1 WSM  878968624  45056     0.064
06:08:32.298 jbd2/nv        752     nvme1n1 WSM  878968712  4096      0.028
06:08:32.863 nvme           1894421 Unknown N    -1         512       0.032
06:08:33.697 kworker        1879956 nvme0n1 W    38456208   16384     1.053
06:08:33.865 nvme           1894433 Unknown N    -1         512       0.033
06:08:34.868 nvme           1894443 Unknown N    -1         512       0.031
06:08:35.724 python3        1784368 nvme1n1 WS   1649745920 131072    0.343
06:08:35.724 python3        1784368 nvme1n1 WS   1649746176 131072    0.343
06:08:35.724 python3        1784368 nvme1n1 WS   1649746432 131072    0.341
06:08:35.724 python3        1784368 nvme1n1 WS   1649746688 131072    0.393
06:08:35.725 python3        1784368 nvme1n1 WS   1649746944 131072    0.472
06:08:35.725 python3        1784369 nvme1n1 WS   1587355648 131072    0.561
06:08:35.725 python3        1784369 nvme1n1 WS   1587355904 131072    0.632
06:08:35.725 python3        1784369 nvme1n1 WS   1587356160 131072    0.718
06:08:35.725 python3        1784369 nvme1n1 WS   1587356416 131072    0.797
06:08:35.725 python3        1784369 nvme1n1 WS   1587356672 131072    0.873
06:08:35.725 python3        1784369 nvme1n1 WS   1587356928 131072    0.956
06:08:35.725 python3        1784368 nvme1n1 WS   1649747200 131072    1.050
06:08:35.725 python3        1784368 nvme1n1 WS   1649747456 131072    1.131
06:08:35.725 python3        1784369 nvme1n1 WS   1587357184 131072    1.198
06:08:35.725 python3        1784368 nvme1n1 WS   1649747712 131072    1.274
06:08:35.725 python3        1784368 nvme1n1 WS   1649747968 131072    1.356
06:08:35.726 python3        1784368 nvme1n1 WS   1649748224 131072    1.441
06:08:35.726 python3        1784368 nvme1n1 WS   1649748480 131072    1.524
06:08:35.726 python3        1784368 nvme1n1 WS   1649748736 131072    1.605
06:08:35.726 python3        1784368 nvme1n1 WS   1649748992 131072    1.683
06:08:35.726 python3        1784368 nvme1n1 WS   1649749248 131072    1.763
06:08:35.726 python3        1784368 nvme1n1 WS   1649749504 131072    1.846
06:08:35.726 python3        1784369 nvme1n1 WS   1587357440 131072    1.936
06:08:35.726 python3        1784369 nvme1n1 WS   1587357696 131072    2.018
06:08:35.726 python3        1784369 nvme1n1 WS   1587357952 131072    2.097
06:08:35.726 python3        1784369 nvme1n1 WS   1587358208 131072    2.177
06:08:35.726 python3        1784366 nvme1n1 WS   1649750016 131072    2.270
06:08:35.726 python3        1784366 nvme1n1 WS   1649750272 131072    2.338
06:08:35.727 python3        1784366 nvme1n1 WS   1649750528 131072    2.415
06:08:35.727 python3        1784366 nvme1n1 WS   1649750784 131072    2.488
06:08:35.727 python3        1784366 nvme1n1 WS   1649751040 131072    2.563
06:08:35.727 python3        1784366 nvme1n1 WS   1649751296 131072    2.640
06:08:35.727 python3        1784366 nvme1n1 WS   1649751552 131072    2.712
06:08:35.727 python3        1784369 nvme1n1 WS   1587358464 131072    2.805
06:08:35.727 python3        1784369 nvme1n1 WS   1587358720 131072    2.875
06:08:35.727 python3        1784369 nvme1n1 WS   1587358976 131072    2.949
06:08:35.727 python3        1784369 nvme1n1 WS   1587359232 131072    3.025
06:08:35.727 python3        1784369 nvme1n1 WS   1587359488 131072    3.093
06:08:35.727 python3        1784368 nvme1n1 WS   1649749760 131072    3.178
06:08:35.727 python3        1784368 nvme1n1 WS   1649754112 131072    3.253
06:08:35.727 python3        1784368 nvme1n1 WS   1649754368 131072    3.329
06:08:35.728 python3        1784369 nvme1n1 WS   1587359744 131072    3.400
06:08:35.728 python3        1784369 nvme1n1 WS   1587360000 131072    3.474
06:08:35.728 python3        1784366 nvme1n1 WS   1649751808 131072    3.551
06:08:35.728 python3        1784366 nvme1n1 WS   1649752064 131072    3.627
06:08:35.728 python3        1784366 nvme1n1 WS   1649752320 131072    3.708
06:08:35.728 python3        1784366 nvme1n1 WS   1649752576 131072    3.785
06:08:35.728 python3        1784366 nvme1n1 WS   1649752832 131072    3.864
06:08:35.728 python3        1784366 nvme1n1 WS   1649753088 131072    3.942
06:08:35.728 python3        1784366 nvme1n1 WS   1649753344 131072    4.016
06:08:35.728 python3        1784366 nvme1n1 WS   1649753600 131072    4.098
06:08:35.728 python3        1784366 nvme1n1 WS   1649753856 131072    4.162
06:08:35.728 python3        1784366 nvme1n1 WS   1649758208 131072    4.237
06:08:35.729 python3        1784369 nvme1n1 WS   1663833856 73728     4.291
06:08:35.729 python3        1784366 nvme1n1 WS   1649758464 131072    4.360
06:08:35.729 python3        1784367 nvme1n1 WS   1649971200 131072    4.362
06:08:35.729 python3        1784367 nvme1n1 WS   1649971456 131072    4.439
06:08:35.729 python3        1784367 nvme1n1 WS   1649971712 131072    4.516
06:08:35.729 python3        1784367 nvme1n1 WS   1649971968 131072    4.591
06:08:35.729 python3        1784367 nvme1n1 WS   1649972224 131072    4.668
06:08:35.729 python3        1784367 nvme1n1 WS   1649972480 131072    4.742
06:08:35.729 python3        1784367 nvme1n1 WS   1649972736 131072    4.823
06:08:35.729 python3        1784367 nvme1n1 WS   1649972992 131072    4.867
06:08:35.729 python3        1784367 nvme1n1 WS   1649973248 131072    4.942
06:08:35.729 python3        1784367 nvme1n1 WS   1649973504 131072    5.017
06:08:35.729 python3        1784367 nvme1n1 WS   1649973760 131072    5.091
06:08:35.730 python3        1784367 nvme1n1 WS   1649974016 131072    5.169
06:08:35.730 python3        1784367 nvme1n1 WS   1649974272 131072    5.247
06:08:35.730 python3        1784367 nvme1n1 WS   1649974528 131072    5.322
06:08:35.730 python3        1784367 nvme1n1 WS   1649974784 131072    5.396
06:08:35.730 python3        1784367 nvme1n1 WS   1649975040 131072    5.455
06:08:35.730 python3        1784367 nvme1n1 WS   1649762304 131072    5.645
06:08:35.730 python3        1784367 nvme1n1 WS   1649762560 131072    5.713
06:08:35.730 python3        1784367 nvme1n1 WS   1649762816 131072    5.787
06:08:35.730 python3        1784367 nvme1n1 WS   1649763072 131072    5.863
06:08:35.730 python3        1784367 nvme1n1 WS   1649763328 131072    5.938
06:08:35.730 python3        1784367 nvme1n1 WS   1649763584 131072    6.017
06:08:35.730 python3        1784367 nvme1n1 WS   1649763840 131072    6.093
06:08:35.731 python3        1784367 nvme1n1 WS   1649764096 131072    6.145
06:08:35.731 python3        1784367 nvme1n1 WS   1649764352 131072    6.220
06:08:35.731 python3        1784367 nvme1n1 WS   1649764608 131072    6.299
06:08:35.731 python3        1784367 nvme1n1 WS   1649764864 131072    6.379
06:08:35.731 python3        1784367 nvme1n1 WS   1649765120 131072    6.455
06:08:35.731 python3        1784367 nvme1n1 WS   1649765376 131072    6.531
06:08:35.731 python3        1784367 nvme1n1 WS   1649765632 131072    6.606
06:08:35.731 python3        1784367 nvme1n1 WS   1649765888 131072    6.679
06:08:35.731 python3        1784367 nvme1n1 WS   1649766144 131072    6.733
06:08:35.731 python3        1784368 nvme1n1 WS   1663839744 73728     6.925
06:08:35.731 python3        1784369 nvme1n1 WS   1649766400 131072    6.976
06:08:35.731 python3        1784369 nvme1n1 WS   1649766656 131072    7.041
06:08:35.731 python3        1784369 nvme1n1 WS   1649766912 131072    7.118
06:08:35.732 python3        1784369 nvme1n1 WS   1649767168 131072    7.195
06:08:35.732 python3        1784369 nvme1n1 WS   1649767424 131072    7.274
06:08:35.732 python3        1784369 nvme1n1 WS   1649767680 131072    7.353
06:08:35.732 python3        1784369 nvme1n1 WS   1649767936 131072    7.434
06:08:35.732 python3        1784369 nvme1n1 WS   1649768192 131072    7.497
06:08:35.732 python3        1784369 nvme1n1 WS   1649768448 131072    7.582
06:08:35.732 python3        1784369 nvme1n1 WS   1649768704 131072    7.653
06:08:35.732 python3        1784369 nvme1n1 WS   1649768960 131072    7.728
06:08:35.732 python3        1784369 nvme1n1 WS   1649769216 131072    7.807
06:08:35.732 python3        1784369 nvme1n1 WS   1649769472 131072    7.890
06:08:35.732 python3        1784369 nvme1n1 WS   1649769728 131072    7.968
06:08:35.732 python3        1784369 nvme1n1 WS   1649769984 131072    8.044
06:08:35.733 python3        1784369 nvme1n1 WS   1649770240 131072    8.110
06:08:35.733 python3        1784367 nvme1n1 WS   1649975296 131072    8.189
06:08:35.733 python3        1784367 nvme1n1 WS   1649975552 131072    8.270
06:08:35.733 python3        1784367 nvme1n1 WS   1649770496 131072    8.358
06:08:35.733 python3        1784367 nvme1n1 WS   1649770752 131072    8.431
06:08:35.733 python3        1784369 nvme1n1 WS   1649774592 131072    8.515
06:08:35.733 python3        1784369 nvme1n1 WS   1649774848 131072    8.596
06:08:35.733 python3        1784368 nvme1n1 WS   1573793792 131072    8.667
06:08:35.733 python3        1784368 nvme1n1 WS   1573794048 131072    8.740
06:08:35.733 python3        1784368 nvme1n1 WS   1573794304 131072    8.816
06:08:35.733 python3        1784368 nvme1n1 WS   1573794560 131072    8.894
06:08:35.733 python3        1784368 nvme1n1 WS   1573794816 131072    8.970
06:08:35.734 python3        1784368 nvme1n1 WS   1573795072 131072    9.049
06:08:35.734 python3        1784368 nvme1n1 WS   1573795328 131072    9.130
06:08:35.734 python3        1784366 nvme1n1 WS   1573789696 131072    9.242
06:08:35.734 python3        1784366 nvme1n1 WS   1573789952 131072    9.311
06:08:35.734 python3        1784366 nvme1n1 WS   1573790208 131072    9.385
06:08:35.734 python3        1784366 nvme1n1 WS   1573790464 131072    9.462
06:08:35.734 python3        1784366 nvme1n1 WS   1573790720 131072    9.543
06:08:35.734 python3        1784366 nvme1n1 WS   1573790976 131072    9.620
06:08:35.734 python3        1784366 nvme1n1 WS   1635478784 73728     9.687
06:08:35.734 python3        1784366 nvme1n1 WS   1573791232 131072    9.742
06:08:35.734 python3        1784368 nvme1n1 WS   1573795584 131072    9.804
06:08:35.734 python3        1784368 nvme1n1 WS   1573795840 131072    9.879
06:08:35.734 python3        1784368 nvme1n1 WS   1573796096 131072    9.953
06:08:35.735 python3        1784366 nvme1n1 WS   1573791488 131072   10.029
06:08:35.735 python3        1784367 nvme1n1 WS   600225792  73728    10.067
06:08:35.735 python3        1784368 nvme1n1 WS   1573796352 131072   10.150
06:08:35.735 python3        1784366 nvme1n1 WS   1573791744 131072   10.223
06:08:35.735 python3        1784368 nvme1n1 WS   1573796608 131072   10.308
06:08:35.735 python3        1784366 nvme1n1 WS   1573792000 131072   10.378
06:08:35.735 python3        1784368 nvme1n1 WS   1573796864 131072   10.462
06:08:35.735 python3        1784368 nvme1n1 WS   1573797120 131072   10.541
06:08:35.735 python3        1784366 nvme1n1 WS   1573792256 131072   10.620
06:08:35.735 python3        1784368 nvme1n1 WS   1573797376 131072   10.701
06:08:35.735 python3        1784366 nvme1n1 WS   1573792512 131072   10.777
06:08:35.735 python3        1784366 nvme1n1 WS   1573792768 131072   10.854
06:08:35.735 python3        1784366 nvme1n1 WS   1573793024 131072   10.934
06:08:35.736 python3        1784366 nvme1n1 WS   1573793280 131072   11.010
06:08:35.736 python3        1784368 nvme1n1 WS   1573797632 131072   11.095
06:08:35.736 python3        1784368 nvme1n1 WS   1573797888 131072   11.169
06:08:35.736 python3        1784368 nvme1n1 WS   1573798144 131072   11.249
06:08:35.736 python3        1784366 nvme1n1 WS   1573793536 131072   11.317
06:08:35.736 python3        1784366 nvme1n1 WS   1573801984 131072   11.395
06:08:35.736 python3        1784366 nvme1n1 WS   1573802240 131072   11.476
06:08:35.870 nvme           1894447 Unknown N    -1         512       0.027
06:08:36.872 nvme           1894458 Unknown N    -1         512       0.030
06:08:37.437 jbd2/nv        752     nvme1n1 WSM  878968720  57344     0.109
06:08:37.437 jbd2/nv        752     nvme1n1 WSM  876871688  106496    0.157
06:08:37.437 jbd2/nv        752     nvme1n1 WSM  876871896  4096      0.030
06:08:37.875 nvme           1894472 Unknown N    -1         512       0.032
06:08:38.809 python3        1784366 nvme1n1 WS   1573806080 131072    0.191
06:08:38.809 python3        1784366 nvme1n1 WS   1573806336 131072    0.247
06:08:38.809 python3        1784366 nvme1n1 WS   1573806592 131072    0.348
06:08:38.809 python3        1784366 nvme1n1 WS   1573806848 131072    0.420
06:08:38.809 python3        1784366 nvme1n1 WS   1573807104 131072    0.483
06:08:38.809 python3        1784366 nvme1n1 WS   1573807360 131072    0.565
06:08:38.809 python3        1784366 nvme1n1 WS   1573807616 131072    0.640
06:08:38.809 python3        1784366 nvme1n1 WS   1573807872 131072    0.705
06:08:38.809 python3        1784366 nvme1n1 WS   1573808128 131072    0.784
06:08:38.809 python3        1784366 nvme1n1 WS   1573808384 131072    0.871
06:08:38.810 python3        1784366 nvme1n1 WS   1573808640 131072    0.948
06:08:38.810 python3        1784366 nvme1n1 WS   1573808896 131072    1.029
06:08:38.810 python3        1784366 nvme1n1 WS   1573809152 131072    1.110
06:08:38.810 python3        1784366 nvme1n1 WS   1573809408 131072    1.190
06:08:38.810 python3        1784366 nvme1n1 WS   1573809664 131072    1.272
06:08:38.810 python3        1784366 nvme1n1 WS   1573809920 131072    1.341
06:08:38.810 python3        1784366 nvme1n1 WS   1573810176 131072    1.425
06:08:38.810 python3        1784366 nvme1n1 WS   1573810432 131072    1.505
06:08:38.810 python3        1784368 nvme1n1 WS   1573814272 131072    1.555
06:08:38.810 python3        1784368 nvme1n1 WS   1573814528 131072    1.628
06:08:38.810 python3        1784368 nvme1n1 WS   1573814784 131072    1.709
06:08:38.810 python3        1784368 nvme1n1 WS   1573815040 131072    1.789
06:08:38.811 python3        1784368 nvme1n1 WS   1573815296 131072    1.873
06:08:38.811 python3        1784368 nvme1n1 WS   1573815552 131072    1.951
06:08:38.811 python3        1784368 nvme1n1 WS   1573815808 131072    2.032
06:08:38.811 python3        1784366 nvme1n1 WS   1573818368 131072    2.125
06:08:38.811 python3        1784366 nvme1n1 WS   1573818624 131072    2.204
06:08:38.811 python3        1784366 nvme1n1 WS   1573818880 131072    2.270
06:08:38.811 python3        1784366 nvme1n1 WS   1573819136 131072    2.347
06:08:38.811 python3        1784366 nvme1n1 WS   1573819392 131072    2.422
06:08:38.811 python3        1784366 nvme1n1 WS   1573819648 131072    2.497
06:08:38.811 python3        1784366 nvme1n1 WS   1573819904 131072    2.556
06:08:38.811 python3        1784369 nvme1n1 WS   1573822464 131072    2.645
06:08:38.811 python3        1784369 nvme1n1 WS   1573822720 131072    2.709
06:08:38.811 python3        1784369 nvme1n1 WS   1573822976 131072    2.783
06:08:38.812 python3        1784369 nvme1n1 WS   1573823232 131072    2.857
06:08:38.812 python3        1784369 nvme1n1 WS   1573823488 131072    2.934
06:08:38.812 python3        1784369 nvme1n1 WS   1587363840 131072    3.026
06:08:38.812 python3        1784369 nvme1n1 WS   1587364096 131072    3.098
06:08:38.812 python3        1784369 nvme1n1 WS   1587364352 131072    3.170
06:08:38.812 python3        1784369 nvme1n1 WS   1587364608 131072    3.244
06:08:38.812 python3        1784368 nvme1n1 WS   1573816064 131072    3.328
06:08:38.812 python3        1784368 nvme1n1 WS   1573816320 131072    3.401
06:08:38.812 python3        1784367 nvme1n1 WS   1573826560 131072    3.481
06:08:38.812 python3        1784367 nvme1n1 WS   1573826816 131072    3.550
06:08:38.812 python3        1784367 nvme1n1 WS   1573827072 131072    3.624
06:08:38.812 python3        1784367 nvme1n1 WS   1573827328 131072    3.702
06:08:38.813 python3        1784367 nvme1n1 WS   1573827584 131072    3.773
06:08:38.813 python3        1784367 nvme1n1 WS   1573827840 131072    3.850
06:08:38.813 python3        1784367 nvme1n1 WS   1573828096 131072    3.929
06:08:38.813 python3        1784368 nvme1n1 WS   1573816576 131072    4.032
06:08:38.813 python3        1784368 nvme1n1 WS   1573816832 131072    4.109
06:08:38.813 python3        1784368 nvme1n1 WS   1573817088 131072    4.188
06:08:38.813 python3        1784368 nvme1n1 WS   1573817344 131072    4.266
06:08:38.813 python3        1784368 nvme1n1 WS   1573817600 131072    4.342
06:08:38.813 python3        1784368 nvme1n1 WS   1573817856 131072    4.419
06:08:38.813 python3        1784368 nvme1n1 WS   1573818112 131072    4.484
06:08:38.813 python3        1784369 nvme1n1 WS   1573823744 131072    4.594
06:08:38.813 python3        1784369 nvme1n1 WS   1573824000 131072    4.671
06:08:38.813 python3        1784369 nvme1n1 WS   1573824256 131072    4.729
06:08:38.814 python3        1784366 nvme1n1 WS   1573820160 131072    4.841
06:08:38.814 python3        1784366 nvme1n1 WS   1573820416 131072    4.916
06:08:38.814 python3        1784366 nvme1n1 WS   1573820672 131072    4.991
06:08:38.814 python3        1784366 nvme1n1 WS   1573820928 131072    5.073
06:08:38.814 python3        1784366 nvme1n1 WS   1573821184 131072    5.153
06:08:38.814 python3        1784366 nvme1n1 WS   1573821440 131072    5.231
06:08:38.814 python3        1784366 nvme1n1 WS   1573821696 131072    5.309
06:08:38.814 python3        1784366 nvme1n1 WS   1573821952 131072    5.385
06:08:38.814 python3        1784369 nvme1n1 WS   1587364864 131072    5.535
06:08:38.814 python3        1784369 nvme1n1 WS   1587365120 131072    5.560
06:08:38.814 python3        1784369 nvme1n1 WS   1587365376 131072    5.637
06:08:38.814 python3        1784369 nvme1n1 WS   1587365632 131072    5.697
06:08:38.815 python3        1784369 nvme1n1 WS   1587365888 131072    5.771
06:08:38.815 python3        1784367 nvme1n1 WS   1649778688 131072    5.889
06:08:38.815 python3        1784367 nvme1n1 WS   1649778944 131072    5.962
06:08:38.815 python3        1784367 nvme1n1 WS   1649779200 131072    6.037
06:08:38.815 python3        1784367 nvme1n1 WS   1649779456 131072    6.112
06:08:38.815 python3        1784367 nvme1n1 WS   1649779712 131072    6.190
06:08:38.815 python3        1784367 nvme1n1 WS   1649779968 131072    6.269
06:08:38.815 python3        1784367 nvme1n1 WS   1649780224 131072    6.344
06:08:38.815 python3        1784368 nvme1n1 WS   1573830656 131072    6.416
06:08:38.815 python3        1784368 nvme1n1 WS   1573830912 131072    6.494
06:08:38.815 python3        1784369 nvme1n1 WS   1573824512 131072    6.573
06:08:38.815 python3        1784369 nvme1n1 WS   1573824768 131072    6.650
06:08:38.815 python3        1784369 nvme1n1 WS   1573825024 131072    6.726
06:08:38.816 python3        1784369 nvme1n1 WS   1573825280 131072    6.804
06:08:38.816 python3        1784369 nvme1n1 WS   1573825536 131072    6.880
06:08:38.816 python3        1784369 nvme1n1 WS   1573825792 131072    6.992
06:08:38.816 python3        1784369 nvme1n1 WS   1573826048 131072    7.067
06:08:38.816 python3        1784369 nvme1n1 WS   1573826304 131072    7.128
06:08:38.816 python3        1784369 nvme1n1 WS   1573838848 131072    7.203
06:08:38.816 python3        1784369 nvme1n1 WS   1573839104 131072    7.277
06:08:38.816 python3        1784369 nvme1n1 WS   1587366144 131072    7.402
06:08:38.816 python3        1784369 nvme1n1 WS   1587366400 131072    7.476
06:08:38.816 python3        1784369 nvme1n1 WS   1587366656 131072    7.561
06:08:38.816 python3        1784369 nvme1n1 WS   1587366912 131072    7.627
06:08:38.816 python3        1784369 nvme1n1 WS   1587367168 131072    7.702
06:08:38.817 python3        1784369 nvme1n1 WS   1587367424 131072    7.783
06:08:38.817 python3        1784369 nvme1n1 WS   1587367680 131072    7.862
06:08:38.817 python3        1784369 nvme1n1 WS   1587367936 131072    7.929
06:08:38.817 python3        1784369 nvme1n1 WS   1587368192 131072    8.004
06:08:38.817 python3        1784366 nvme1n1 WS   1573822208 131072    8.112
06:08:38.817 python3        1784366 nvme1n1 WS   1573834752 131072    8.191
06:08:38.817 python3        1784366 nvme1n1 WS   1573835008 131072    8.271
06:08:38.817 python3        1784367 nvme1n1 WS   1573828352 131072    8.352
06:08:38.817 python3        1784367 nvme1n1 WS   1573828608 131072    8.430
06:08:38.817 python3        1784367 nvme1n1 WS   1573828864 131072    8.510
06:08:38.817 python3        1784367 nvme1n1 WS   1573829120 131072    8.588
06:08:38.817 python3        1784367 nvme1n1 WS   1573829376 131072    8.671
06:08:38.818 python3        1784367 nvme1n1 WS   1573829632 131072    8.749
06:08:38.818 python3        1784367 nvme1n1 WS   1573829888 131072    8.827
06:08:38.818 python3        1784367 nvme1n1 WS   1573830144 131072    8.902
06:08:38.818 python3        1784367 nvme1n1 WS   1649780480 131072    9.002
06:08:38.818 python3        1784367 nvme1n1 WS   1649780736 131072    9.080
06:08:38.818 python3        1784367 nvme1n1 WS   1649780992 131072    9.160
06:08:38.818 python3        1784367 nvme1n1 WS   1649781248 131072    9.239
06:08:38.818 python3        1784367 nvme1n1 WS   1649781504 131072    9.313
06:08:38.818 python3        1784367 nvme1n1 WS   1649781760 131072    9.392
06:08:38.818 python3        1784367 nvme1n1 WS   1649782016 131072    9.469
06:08:38.818 python3        1784367 nvme1n1 WS   1649782272 131072    9.549
06:08:38.818 python3        1784366 nvme1n1 WS   1566062592 131072    9.687
06:08:38.818 python3        1784366 nvme1n1 WS   1566062848 131072    9.713
06:08:38.819 python3        1784366 nvme1n1 WS   1566063104 131072    9.784
06:08:38.819 python3        1784366 nvme1n1 WS   1566063360 131072    9.861
06:08:38.819 python3        1784366 nvme1n1 WS   1566063616 65536     9.900
06:08:38.819 python3        1784369 nvme1n1 WS   1566052352 131072    9.992
06:08:38.819 python3        1784369 nvme1n1 WS   1566052608 131072   10.058
06:08:38.819 python3        1784369 nvme1n1 WS   1566052864 131072   10.132
06:08:38.819 python3        1784369 nvme1n1 WS   1566053120 131072   10.206
06:08:38.819 python3        1784369 nvme1n1 WS   1566053376 65536    10.241
06:08:38.819 python3        1784367 nvme1n1 WS   1649782528 131072   10.322
06:08:38.819 python3        1784367 nvme1n1 WS   1649782784 131072   10.400
06:08:38.819 python3        1784367 nvme1n1 WS   1649783040 131072   10.482
06:08:38.819 python3        1784367 nvme1n1 WS   1573830400 131072   10.562
06:08:38.819 python3        1784367 nvme1n1 WS   1574100992 131072   10.643
06:08:38.820 python3        1784367 nvme1n1 WS   1574101248 131072   10.721
06:08:38.820 python3        1784368 nvme1n1 WS   1573842944 131072   10.799
06:08:38.820 python3        1784368 nvme1n1 WS   1573843200 131072   10.875
06:08:38.820 python3        1784368 nvme1n1 WS   1573843456 131072   10.952
06:08:38.820 python3        1784368 nvme1n1 WS   1573843712 131072   11.027
06:08:38.820 python3        1784368 nvme1n1 WS   1573843968 131072   11.107
06:08:38.820 python3        1784368 nvme1n1 WS   1573844224 131072   11.183
06:08:38.820 python3        1784368 nvme1n1 WS   1573844480 131072   11.262
06:08:38.820 python3        1784368 nvme1n1 WS   1573844736 131072   11.323
06:08:38.820 python3        1784368 nvme1n1 WS   1573844992 131072   11.402
06:08:38.820 python3        1784368 nvme1n1 WS   1573845248 131072   11.480
06:08:38.820 python3        1784368 nvme1n1 WS   1573845504 131072   11.558
06:08:38.821 python3        1784368 nvme1n1 WS   1573845760 131072   11.648
06:08:38.821 python3        1784368 nvme1n1 WS   1573846016 131072   11.715
06:08:38.821 python3        1784368 nvme1n1 WS   1573846272 131072   11.802
06:08:38.821 python3        1784368 nvme1n1 WS   1573846528 131072   11.879
06:08:38.821 python3        1784368 nvme1n1 WS   1573846784 131072   11.942
06:08:38.821 python3        1784368 nvme1n1 WS   1574121472 131072   12.020
06:08:38.821 python3        1784368 nvme1n1 WS   1574121728 131072   12.100
06:08:38.821 python3        1784368 nvme1n1 WS   1566070784 131072   12.217
06:08:38.821 python3        1784368 nvme1n1 WS   1566071040 131072   12.289
06:08:38.821 python3        1784368 nvme1n1 WS   1566071296 131072   12.366
06:08:38.821 python3        1784368 nvme1n1 WS   1566071552 131072   12.444
06:08:38.821 python3        1784368 nvme1n1 WS   1566071808 65536    12.479
06:08:38.821 python3        1784367 nvme1n1 WS   1566078976 131072   12.393
06:08:38.822 python3        1784367 nvme1n1 WS   1566079232 131072   12.462
06:08:38.822 python3        1784367 nvme1n1 WS   1566079488 131072   12.539
06:08:38.822 python3        1784367 nvme1n1 WS   1566079744 131072   12.617
06:08:38.822 python3        1784367 nvme1n1 WS   1566080000 65536    12.657
06:08:38.861 amoprof        1787544 nvme1n1 W    608620784  4096      0.043
