TIMESTAMP    COMM           PID     DISK    T    SECTOR     BYTES   LAT(ms)
01:40:13.856 kworker        1552696 nvme1n1 W    587793456  8192      0.122
01:40:13.856 kworker        1552696 nvme1n1 WM   712        4096      0.130
01:40:13.856 kworker        1552696 nvme1n1 WM   728        8192      0.131
01:40:13.856 kworker        1552696 nvme1n1 WM   784        4096      0.133
01:40:13.856 kworker        1552696 nvme1n1 WM   1484783656 8192      0.129
01:40:13.856 kworker        1552696 nvme1n1 WM   1485058520 4096      0.138
01:40:13.856 kworker        1552696 nvme1n1 WM   1497689160 8192      0.139
01:40:13.856 kworker        1552696 nvme1n1 WM   1497689328 4096      0.140
01:40:13.856 kworker        1552696 nvme1n1 WM   1522532456 4096      0.140
01:40:13.856 kworker        1552696 nvme1n1 WM   1530921080 4096      0.141
01:40:13.856 kworker        1552696 nvme1n1 WM   1635778672 4096      0.141
01:40:13.856 kworker        1552696 nvme1n1 WM   1756866808 4096      0.142
01:40:13.856 kworker        1552696 nvme1n1 WM   1756866960 4096      0.144
01:40:13.856 kworker        1552696 nvme1n1 WM   591405656  32768     0.165
01:40:13.856 kworker        1552696 nvme1n1 WM   591405728  28672     0.179
01:40:13.856 kworker        1552696 nvme1n1 WM   591405792  40960     0.204
01:40:13.856 kworker        1552696 nvme1n1 WM   1497689280 16384     0.212
01:40:14.024 nvme           1563236 Unknown N    -1         512       0.038
01:40:14.369 kworker        1473701 nvme0n1 W    37875280   8192      1.028
01:40:15.026 nvme           1563296 Unknown N    -1         512       0.086
01:40:15.904 jbd2/nv        752     nvme1n1 WSM  877621584  131072    0.166
01:40:15.904 jbd2/nv        752     nvme1n1 WSM  877621840  4096      0.032
01:40:16.029 nvme           1563300 Unknown N    -1         512       0.026
01:40:17.031 nvme           1563310 Unknown N    -1         512       0.089
01:40:18.033 nvme           1563314 Unknown N    -1         512       0.075
01:40:18.977 kworker        1473701 nvme1n1 W    1535108792 114688    0.194
01:40:18.977 kworker        1473701 nvme1n1 W    1486487976 131072    0.260
01:40:18.977 kworker        1473701 nvme1n1 W    1486488232 61440     0.294
01:40:18.977 kworker        1473701 nvme1n1 W    1535109016 32768     0.314
01:40:18.977 kworker        1473701 nvme1n1 W    1486488352 131072    0.394
01:40:18.977 kworker        1473701 nvme1n1 W    1486488608 90112     0.447
01:40:18.977 kworker        1473701 nvme1n1 W    1486235296 77824     0.496
01:40:18.977 kworker        1473701 nvme1n1 W    1535109080 45056     0.525
01:40:19.035 nvme           1563328 Unknown N    -1         512       0.071
01:40:20.037 nvme           1563343 Unknown N    -1         512       0.076
01:40:21.039 nvme           1563347 Unknown N    -1         512       0.029
01:40:21.317 jbd2/nv        752     nvme1n1 WSM  877621848  53248     0.095
01:40:21.317 jbd2/nv        752     nvme1n1 WSM  877621952  4096      0.031
01:40:22.042 nvme           1563351 Unknown N    -1         512       0.094
01:40:23.044 nvme           1563361 Unknown N    -1         512       0.040
01:40:24.031 amoprof        1271097 nvme1n1 W    591725928  4096      0.056
