TIMESTAMP    COMM           PID     DISK    T    SECTOR     BYTES   LAT(ms)
10:07:04.131 dockerd        1436    nvme1n1 WS   1312551960 4096      0.062
10:07:04.131 jbd2/nv        752     nvme1n1 WSM  876915856  131072    0.149
10:07:04.131 jbd2/nv        752     nvme1n1 WSM  876916112  28672     0.156
10:07:04.131 jbd2/nv        752     nvme1n1 WSM  876916168  4096      0.029
10:07:04.131 dockerd        1436    nvme1n1 WS   1312551968 4096      0.031
10:07:04.131 jbd2/nv        752     nvme1n1 WSM  876916176  40960     0.059
10:07:04.131 jbd2/nv        752     nvme1n1 WSM  876916256  4096      0.028
10:07:04.220 nvme           2275968 Unknown N    -1         512       0.032
10:07:05.222 nvme           2276023 Unknown N    -1         512       0.029
10:07:05.632 kworker        2275107 nvme1n1 WM   48         4096      0.114
10:07:05.632 kworker        2275107 nvme1n1 WM   288        8192      0.119
10:07:05.632 kworker        2275107 nvme1n1 WM   600        4096      0.121
10:07:05.632 kworker        2275107 nvme1n1 WM   728        4096      0.126
10:07:05.632 kworker        2275107 nvme1n1 WM   9304       4096      0.128
10:07:05.632 kworker        2275107 nvme1n1 WM   83886208   4096      0.129
10:07:05.632 kworker        2275107 nvme1n1 WM   83886344   4096      0.130
10:07:05.632 kworker        2275107 nvme1n1 WM   88080512   4096      0.130
10:07:05.632 kworker        2275107 nvme1n1 WM   88080640   8192      0.131
10:07:05.632 kworker        2275107 nvme1n1 WM   461373696  8192      0.135
10:07:05.632 kworker        2275107 nvme1n1 WM   591396872  4096      0.141
10:07:05.632 kworker        2275107 nvme1n1 WM   591667272  8192      0.146
10:07:05.632 kworker        2275107 nvme1n1 WM   591667744  4096      0.147
10:07:05.632 kworker        2275107 nvme1n1 WM   591668504  4096      0.147
10:07:05.632 kworker        2275107 nvme1n1 WM   591668648  4096      0.148
10:07:05.632 kworker        2275107 nvme1n1 WM   624        16384     0.164
10:07:05.632 kworker        2275107 nvme1n1 WM   591668768  4096      0.071
10:07:05.632 kworker        2275107 nvme1n1 WM   591669072  4096      0.076
10:07:05.632 kworker        2275107 nvme1n1 WM   591669240  4096      0.078
10:07:05.632 kworker        2275107 nvme1n1 WM   591669392  4096      0.083
10:07:05.632 kworker        2275107 nvme1n1 WM   591669904  4096      0.084
10:07:05.632 kworker        2275107 nvme1n1 WM   591670072  4096      0.084
10:07:05.632 kworker        2275107 nvme1n1 WM   591670944  4096      0.090
10:07:05.632 kworker        2275107 nvme1n1 WM   616562704  4096      0.091
10:07:05.632 kworker        2275107 nvme1n1 WM   616573448  4096      0.095
10:07:05.632 kworker        2275107 nvme1n1 WM   1249902640 4096      0.096
10:07:05.632 kworker        2275107 nvme1n1 WM   1251581768 4096      0.101
10:07:05.632 kworker        2275107 nvme1n1 WM   1251625464 4096      0.103
10:07:05.632 kworker        2275107 nvme1n1 WM   1251625480 4096      0.103
10:07:05.632 kworker        2275107 nvme1n1 WM   1304428592 4096      0.107
10:07:05.632 kworker        2275107 nvme1n1 WM   1308622960 4096      0.108
10:07:05.632 kworker        2275107 nvme1n1 WM   620763536  24576     0.129
10:07:05.633 kworker        2275107 nvme1n1 WM   1317011528 4096      0.051
10:07:05.633 kworker        2275107 nvme1n1 WM   1337983072 4096      0.056
10:07:05.633 kworker        2275107 nvme1n1 WM   1346371592 4096      0.056
10:07:05.633 kworker        2275107 nvme1n1 WM   1493172480 4096      0.062
10:07:05.633 kworker        2275107 nvme1n1 WM   1493172504 4096      0.062
10:07:05.633 kworker        2275107 nvme1n1 WM   1522532456 4096      0.063
10:07:05.633 kworker        2275107 nvme1n1 WM   1532109344 4096      0.067
10:07:05.633 kworker        2275107 nvme1n1 WM   1707383280 4096      0.069
10:07:05.633 kworker        2275107 nvme1n1 WM   1707589104 4096      0.072
10:07:06.224 nvme           2276033 Unknown N    -1         512       0.035
10:07:07.226 nvme           2276038 Unknown N    -1         512       0.086
10:07:08.228 nvme           2276052 Unknown N    -1         512       0.028
10:07:09.232 nvme           2276069 Unknown N    -1         512       0.032
10:07:09.390 jbd2/nv        752     nvme1n1 WSM  876916264  73728     0.117
10:07:09.390 jbd2/nv        752     nvme1n1 WSM  876916408  4096      0.031
10:07:09.729 kworker        2275107 nvme0n1 W    34767968   4096      0.961
10:07:10.234 nvme           2276079 Unknown N    -1         512       0.077
10:07:11.236 nvme           2276083 Unknown N    -1         512       0.029
10:07:12.238 nvme           2276096 Unknown N    -1         512       0.074
10:07:13.240 nvme           2276110 Unknown N    -1         512       0.030
10:07:14.139 dockerd        1436    nvme1n1 WS   1579359096 4096      0.056
10:07:14.139 jbd2/nv        752     nvme1n1 WSM  876916416  45056     0.073
10:07:14.139 jbd2/nv        752     nvme1n1 WSM  876916504  4096      0.030
10:07:14.139 dockerd        1436    nvme1n1 WS   1579359104 4096      0.031
10:07:14.139 jbd2/nv        752     nvme1n1 WSM  876916512  40960     0.059
10:07:14.139 jbd2/nv        752     nvme1n1 WSM  876916592  4096      0.027
10:07:14.168 contain        1195    nvme1n1 WS   1730873856 4096      0.053
10:07:14.168 contain        1195    nvme1n1 WS   1730873928 4096      0.061
10:07:14.168 contain        1195    nvme1n1 WS   1730873944 4096      0.062
10:07:14.168 contain        1195    nvme1n1 WS   1730874200 4096      0.062
10:07:14.168 contain        1195    nvme1n1 WS   1429528    4096      0.028
10:07:14.179 dockerd        1436    nvme1n1 WS   1528463896 4096      0.044
10:07:14.179 dockerd        1436    nvme1n1 WS   1757812088 12288     0.049
10:07:14.179 dockerd        1436    nvme1n1 WS   1323312    4096      0.027
10:07:14.205 dockerd        1436    nvme1n1 WS   1539981568 4096      0.047
10:07:14.205 dockerd        1436    nvme1n1 WS   1528463928 4096      0.053
10:07:14.205 dockerd        1436    nvme1n1 WS   1757812112 12288     0.057
10:07:14.205 dockerd        1436    nvme1n1 WS   1323304    4096      0.028
10:07:14.206 dockerd        1436    nvme1n1 W    1177977952 4096      0.030
10:07:14.206 dockerd        1436    nvme1n1 WS   1757812072 16384     0.043
10:07:14.206 dockerd        1436    nvme1n1 WS   1323312    4096      0.027
10:07:14.227 amoprof        2179165 nvme1n1 W    1298530088 4096      0.036
