TIMESTAMP    COMM           PID     DISK    T    SECTOR     BYTES   LAT(ms)
06:11:11.268 ib_log_        125932  nvme1n1 WS   1756076288 4096      0.057
06:11:11.417 nvme           1900912 Unknown N    -1         512       0.030
06:11:12.420 nvme           1900967 Unknown N    -1         512       0.032
06:11:13.121 ib_log_        125934  nvme1n1 WS   21245272   4096      0.056
06:11:13.121 jbd2/nv        752     nvme1n1 WSM  876915984  131072    0.149
06:11:13.121 jbd2/nv        752     nvme1n1 WSM  876916240  131072    0.191
06:11:13.121 jbd2/nv        752     nvme1n1 WSM  876916496  131072    0.239
06:11:13.121 jbd2/nv        752     nvme1n1 WSM  876916752  4096      0.029
06:11:13.422 nvme           1900987 Unknown N    -1         512       0.125
06:11:13.479 ib_pg_f        125934  nvme1n1 WS   1737209856 131072    0.169
06:11:13.479 ib_pg_f        125934  nvme1n1 WS   1737210112 131072    0.232
06:11:13.479 ib_pg_f        125934  nvme1n1 WS   1737210368 131072    0.306
06:11:13.479 ib_pg_f        125934  nvme1n1 WS   1737210624 49152     0.333
06:11:13.479 ib_pg_f        125934  nvme1n1 WS   1730410688 16384     0.051
06:11:13.479 ib_pg_f        125934  nvme1n1 WS   1556368000 16384     0.055
06:11:13.479 ib_pg_f        125934  nvme1n1 WS   1730410272 16384     0.065
06:11:13.479 ib_pg_f        125934  nvme1n1 WS   1556368032 16384     0.068
06:11:13.479 ib_pg_f        125934  nvme1n1 WS   1730408800 16384     0.071
06:11:13.479 ib_pg_f        125934  nvme1n1 WS   1556368064 16384     0.077
06:11:13.479 ib_pg_f        125934  nvme1n1 WS   1730411264 16384     0.082
06:11:13.479 ib_pg_f        125934  nvme1n1 WS   1556368096 16384     0.086
06:11:13.479 ib_pg_f        125934  nvme1n1 WS   1556363264 16384     0.082
06:11:13.479 ib_pg_f        125934  nvme1n1 WS   1730409280 16384     0.085
06:11:13.479 ib_pg_f        125934  nvme1n1 WS   1730410304 16384     0.086
06:11:13.479 ib_pg_f        125934  nvme1n1 WS   1556368160 16384     0.086
06:11:13.479 ib_pg_f        125934  nvme1n1 WS   1730408896 16384     0.090
06:11:13.479 ib_pg_f        125934  nvme1n1 WS   1556368256 16384     0.091
06:11:13.479 ib_pg_f        125934  nvme1n1 WS   1756424192 16384     0.082
06:11:13.479 ib_pg_f        125934  nvme1n1 WS   1756482368 16384     0.086
06:11:13.479 ib_pg_f        125934  nvme1n1 WS   1756483520 16384     0.092
06:11:13.479 ib_pg_f        125934  nvme1n1 WS   1756426848 16384     0.099
06:11:13.479 ib_pg_f        125934  nvme1n1 WS   1756483552 16384     0.089
06:11:13.479 ib_pg_f        125934  nvme1n1 WS   1756426880 16384     0.087
06:11:13.479 ib_pg_f        125934  nvme1n1 WS   1756482752 16384     0.087
06:11:13.479 ib_pg_f        125934  nvme1n1 WS   1756426912 16384     0.078
06:11:13.479 ib_pg_f        125934  nvme1n1 WS   1756479616 16384     0.082
06:11:13.479 ib_pg_f        125934  nvme1n1 WS   1756481792 16384     0.080
06:11:13.479 ib_pg_f        125934  nvme1n1 WS   1756427136 16384     0.057
06:11:13.479 ib_pg_f        125934  nvme1n1 WS   1756484096 16384     0.051
06:11:13.479 ib_pg_f        125934  nvme1n1 WS   1756427168 16384     0.056
06:11:13.758 contain        1195    nvme1n1 WS   1730873928 4096      0.066
06:11:13.758 contain        1195    nvme1n1 WS   1730874016 4096      0.074
06:11:13.758 contain        1195    nvme1n1 WS   1730874104 4096      0.075
06:11:13.758 contain        1195    nvme1n1 WS   1730874168 8192      0.079
06:11:13.758 contain        1195    nvme1n1 WS   1429520    4096      0.028
06:11:13.758 contain        1195    nvme1n1 WS   1730874056 4096      0.048
06:11:13.758 contain        1195    nvme1n1 WS   1730874088 8192      0.055
06:11:13.758 contain        1195    nvme1n1 WS   1730874184 4096      0.055
06:11:13.758 contain        1195    nvme1n1 WS   1730874216 4096      0.060
06:11:13.758 contain        1195    nvme1n1 WS   1429528    4096      0.026
06:11:13.758 contain        1195    nvme1n1 WS   1725789848 4096      0.042
06:11:13.758 contain        1195    nvme1n1 WS   1725789912 4096      0.048
06:11:13.758 contain        1195    nvme1n1 WS   1725789944 4096      0.054
06:11:13.758 contain        1195    nvme1n1 WS   1725789960 16384     0.054
06:11:13.758 contain        1195    nvme1n1 WS   1707371888 4096      0.028
06:11:13.759 contain        1195    nvme1n1 WS   1730873960 4096      0.046
06:11:13.759 contain        1195    nvme1n1 WS   1730874008 4096      0.052
06:11:13.759 contain        1195    nvme1n1 WS   1730874104 4096      0.058
06:11:13.759 contain        1195    nvme1n1 WS   1730874168 8192      0.058
06:11:13.759 contain        1195    nvme1n1 WS   1730874224 4096      0.059
06:11:13.759 contain        1195    nvme1n1 WS   1730874256 32768     0.073
06:11:13.759 contain        1195    nvme1n1 WS   1429520    4096      0.026
06:11:13.760 kworker        1696237 nvme1n1 W    1719353312 4096      0.041
06:11:13.760 kworker        1696237 nvme1n1 W    1719341040 4096      0.047
06:11:13.760 kworker        1774410 nvme1n1 W    1642273736 4096      0.037
06:11:13.761 kworker        1879956 nvme1n1 W    1588031608 4096      0.138
06:11:13.761 kworker        1879956 nvme1n1 W    1588031736 4096      0.143
06:11:13.761 kworker        1879956 nvme1n1 W    1719293880 4096      0.143
06:11:13.761 kworker        1879956 nvme1n1 W    1735454560 8192      0.150
06:11:13.761 kworker        1879956 nvme1n1 W    844599416  4096      0.154
06:11:13.761 kworker        1879956 nvme1n1 W    608620928  8192      0.155
06:11:13.761 kworker        1879956 nvme1n1 W    1663872920 45056     0.187
06:11:13.761 kworker        1879956 nvme1n1 W    1635234984 36864     0.204
06:11:13.761 kworker        1879956 nvme1n1 W    1635040032 36864     0.236
06:11:13.761 kworker        1879956 nvme1n1 W    608564184  73728     0.270
06:11:13.761 kworker        1879956 nvme1n1 W    608620944  118784    0.344
06:11:13.761 kworker        1879956 nvme1n1 W    608621176  114688    0.440
06:11:13.761 kworker        1879956 nvme1n1 W    608621400  131072    0.518
06:11:13.761 kworker        1879956 nvme1n1 W    608621656  118784    0.589
06:11:13.761 kworker        1879956 nvme1n1 W    608621888  73728     0.635
06:11:13.761 kworker        1879956 nvme1n1 W    723274160  131072    0.714
06:11:13.761 kworker        1879956 nvme1n1 W    723274416  61440     0.753
06:11:13.761 kworker        1879956 nvme1n1 W    608622032  32768     0.774
06:11:13.761 kworker        1879956 nvme1n1 W    723324928  131072    0.854
06:11:13.761 kworker        1879956 nvme1n1 W    723325184  90112     0.906
06:11:13.761 kworker        1879956 nvme1n1 W    1174763520 77824     0.952
06:11:13.761 kworker        1879956 nvme1n1 W    608622096  53248     0.984
06:11:13.762 jbd2/nv        752     nvme1n1 WSM  876916760  131072    0.963
06:11:13.762 jbd2/nv        752     nvme1n1 WSM  876917016  65536     0.973
06:11:13.762 dockerd        1436    nvme1n1 WM   32         4096      0.958
06:11:13.762 dockerd        1436    nvme1n1 WM   224        4096      0.965
06:11:13.762 dockerd        1436    nvme1n1 WM   408        4096      0.967
06:11:13.762 dockerd        1436    nvme1n1 WM   440        4096      0.975
06:11:13.762 dockerd        1436    nvme1n1 WM   752        8192      0.975
06:11:13.762 dockerd        1436    nvme1n1 WM   792        4096      0.976
06:11:13.762 dockerd        1436    nvme1n1 WM   54526040   4096      0.979
06:11:13.762 dockerd        1436    nvme1n1 WM   71303448   4096      0.979
06:11:13.762 dockerd        1436    nvme1n1 WM   461373448  4096      0.984
06:11:13.762 dockerd        1436    nvme1n1 WM   461373568  4096      0.984
06:11:13.762 dockerd        1436    nvme1n1 WM   461373696  8192      0.985
06:11:13.762 dockerd        1436    nvme1n1 WM   461373728  4096      0.986
06:11:13.762 dockerd        1436    nvme1n1 WM   461373760  4096      0.986
06:11:13.762 dockerd        1436    nvme1n1 WM   461373776  8192      0.991
06:11:13.762 dockerd        1436    nvme1n1 WM   461373808  4096      0.993
06:11:13.762 dockerd        1436    nvme1n1 WM   461373832  4096      0.997
06:11:13.762 dockerd        1436    nvme1n1 WM   608174096  4096      0.997
06:11:13.762 dockerd        1436    nvme1n1 WM   608174224  4096      1.003
06:11:13.762 dockerd        1436    nvme1n1 WM   608174336  4096      1.004
06:11:13.762 dockerd        1436    nvme1n1 WM   721420296  4096      1.004
06:11:13.762 dockerd        1436    nvme1n1 WM   843055136  4096      1.009
06:11:13.762 dockerd        1436    nvme1n1 WM   843055200  4096      1.011
06:11:13.762 dockerd        1436    nvme1n1 WM   844194240  8192      1.013
06:11:13.762 dockerd        1436    nvme1n1 WM   844218320  8192      1.017
06:11:13.762 dockerd        1436    nvme1n1 WM   844232600  4096      1.023
06:11:13.762 dockerd        1436    nvme1n1 WM   905969800  4096      1.029
06:11:13.762 dockerd        1436    nvme1n1 WM   905969920  4096      1.030
06:11:13.762 dockerd        1436    nvme1n1 WM   905977760  8192      1.032
06:11:13.762 dockerd        1436    nvme1n1 WM   1564475424 4096      1.034
06:11:13.762 dockerd        1436    nvme1n1 WM   1585446984 8192      1.038
06:11:13.762 dockerd        1436    nvme1n1 WM   1589641328 4096      0.999
06:11:13.762 dockerd        1436    nvme1n1 WM   1644167248 4096      1.000
06:11:13.762 dockerd        1436    nvme1n1 WM   1648361568 8192      1.003
06:11:13.762 dockerd        1436    nvme1n1 WM   1660944480 4096      1.004
06:11:13.762 dockerd        1436    nvme1n1 WM   1705582584 4096      1.009
06:11:13.762 dockerd        1436    nvme1n1 WM   1707589104 4096      1.010
06:11:13.762 dockerd        1436    nvme1n1 WM   1735433528 4096      1.011
06:11:13.762 dockerd        1436    nvme1n1 WM   1756414192 4096      1.017
06:11:13.762 dockerd        1436    nvme1n1 WM   1756414208 4096      1.018
06:11:13.762 dockerd        1436    nvme1n1 WM   1756440328 4096      1.019
06:11:13.762 dockerd        1436    nvme1n1 WM   1756492352 4096      1.024
06:11:13.762 dockerd        1436    nvme1n1 WM   1756601032 4096      1.025
06:11:13.762 dockerd        1436    nvme1n1 WM   1756662672 4096      1.025
06:11:13.762 dockerd        1436    nvme1n1 WM   1756755536 4096      1.027
06:11:13.762 dockerd        1436    nvme1n1 WM   1756772280 4096      1.031
06:11:13.762 dockerd        1436    nvme1n1 WM   461374248  12288     1.093
06:11:13.762 dockerd        1436    nvme1n1 WM   608185336  12288     1.098
06:11:13.762 jbd2/nv        752     nvme1n1 WSM  876917144  4096      0.139
06:11:13.762 dockerd        1436    nvme1n1 WM   1756779504 4096      0.057
06:11:13.762 dockerd        1436    nvme1n1 WM   1756792808 4096      0.058
06:11:13.762 dockerd        1436    nvme1n1 WM   1756819448 4096      0.063
06:11:13.762 dockerd        1436    nvme1n1 WM   1756827552 4096      0.065
06:11:13.762 dockerd        1436    nvme1n1 WM   1756843936 4096      0.068
06:11:13.762 dockerd        1436    nvme1n1 WM   1756846032 4096      0.070
06:11:13.762 dockerd        1436    nvme1n1 WM   1756847232 4096      0.073
06:11:13.762 dockerd        1436    nvme1n1 WM   1756868280 4096      0.074
06:11:13.762 kworker        1879956 nvme1n1 WS   608622192  8192      0.034
06:11:13.762 jbd2/nv        752     nvme1n1 WSM  876917152  49152     0.067
06:11:13.762 jbd2/nv        752     nvme1n1 WSM  876917248  4096      0.030
06:11:13.762 dockerd        1436    nvme1n1 WSM  0          4096      0.090
06:11:13.762 dockerd        1436    nvme1n1 WSM  40         4096      0.094
06:11:13.762 dockerd        1436    nvme1n1 WSM  152        4096      0.097
06:11:13.762 dockerd        1436    nvme1n1 WSM  288        8192      0.103
06:11:13.762 dockerd        1436    nvme1n1 WSM  352        4096      0.104
06:11:13.762 dockerd        1436    nvme1n1 WSM  568        4096      0.105
06:11:13.762 dockerd        1436    nvme1n1 WSM  784        4096      0.105
06:11:13.762 dockerd        1436    nvme1n1 WSM  800        4096      0.109
06:11:13.762 dockerd        1436    nvme1n1 WSM  832        4096      0.122
06:11:13.762 dockerd        1436    nvme1n1 WSM  71303296   4096      0.124
06:11:13.762 dockerd        1436    nvme1n1 WSM  310378504  4096      0.129
06:11:13.762 dockerd        1436    nvme1n1 WSM  310802416  4096      0.130
06:11:13.762 dockerd        1436    nvme1n1 WSM  310872760  4096      0.130
06:11:13.762 dockerd        1436    nvme1n1 WSM  310881784  4096      0.134
06:11:13.762 dockerd        1436    nvme1n1 WSM  461373768  4096      0.135
06:11:13.762 dockerd        1436    nvme1n1 WSM  461373792  8192      0.138
06:11:13.762 dockerd        1436    nvme1n1 WSM  591396872  4096      0.143
06:11:13.762 dockerd        1436    nvme1n1 WSM  591663008  4096      0.148
06:11:13.762 dockerd        1436    nvme1n1 WSM  591663448  4096      0.149
06:11:13.762 dockerd        1436    nvme1n1 WSM  591667432  4096      0.150
06:11:13.762 dockerd        1436    nvme1n1 WSM  591667744  4096      0.155
06:11:13.762 dockerd        1436    nvme1n1 WSM  591668648  4096      0.156
06:11:13.762 dockerd        1436    nvme1n1 WSM  608174088  4096      0.156
06:11:13.762 dockerd        1436    nvme1n1 WSM  608174416  4096      0.160
06:11:13.762 dockerd        1436    nvme1n1 WSM  608174504  4096      0.163
06:11:13.762 dockerd        1436    nvme1n1 WSM  721420344  4096      0.164
06:11:13.762 dockerd        1436    nvme1n1 WSM  730192312  4096      0.170
06:11:13.762 dockerd        1436    nvme1n1 WSM  1174405128 4096      0.171
06:11:13.762 dockerd        1436    nvme1n1 WSM  1484789216 4096      0.173
06:11:13.762 dockerd        1436    nvme1n1 WSM  1493172480 8192      0.176
06:11:13.762 dockerd        1436    nvme1n1 WSM  71303424   12288     0.190
06:11:13.762 dockerd        1436    nvme1n1 WSM  608185280  24576     0.201
06:11:13.762 dockerd        1436    nvme1n1 WSM  1631584360 4096      0.197
06:11:13.762 dockerd        1436    nvme1n1 WSM  1660944472 4096      0.201
06:11:13.762 dockerd        1436    nvme1n1 WSM  1705656312 4096      0.203
06:11:13.762 dockerd        1436    nvme1n1 WSM  1732247648 4096      0.206
06:11:13.763 contain        1195    nvme1n1 WS   1725789792 4096      0.050
06:11:13.763 contain        1195    nvme1n1 WS   1725789816 4096      0.065
06:11:13.763 contain        1195    nvme1n1 WS   1725789864 4096      0.071
06:11:13.763 contain        1195    nvme1n1 WS   1725789888 4096      0.073
06:11:13.763 contain        1195    nvme1n1 WS   1725789928 8192      0.074
06:11:13.763 contain        1195    nvme1n1 WS   1725789952 4096      0.076
06:11:13.763 contain        1195    nvme1n1 WS   1707371880 4096      0.028
06:11:13.763 contain        1195    nvme1n1 WS   1730873280 4096      0.055
06:11:13.763 contain        1195    nvme1n1 WS   1730873768 4096      0.060
06:11:13.763 contain        1195    nvme1n1 WS   1730873856 4096      0.066
06:11:13.763 contain        1195    nvme1n1 WS   1730874016 4096      0.067
06:11:13.763 contain        1195    nvme1n1 WS   1730874056 4096      0.068
06:11:13.763 contain        1195    nvme1n1 WS   1730874088 8192      0.074
06:11:13.763 contain        1195    nvme1n1 WS   1730874184 4096      0.076
06:11:13.763 contain        1195    nvme1n1 WS   1730874216 4096      0.077
06:11:13.763 contain        1195    nvme1n1 WS   1730874320 8192      0.080
06:11:13.763 contain        1195    nvme1n1 WS   1730873928 12288     0.088
06:11:13.763 contain        1195    nvme1n1 WS   1429528    4096      0.026
06:11:13.764 contain        1195    nvme1n1 WS   1730873960 4096      0.043
06:11:13.764 contain        1195    nvme1n1 WS   1730874008 4096      0.049
06:11:13.764 contain        1195    nvme1n1 WS   1730874104 4096      0.054
06:11:13.764 contain        1195    nvme1n1 WS   1730874168 8192      0.054
06:11:13.764 contain        1195    nvme1n1 WS   1429520    4096      0.026
06:11:13.764 contain        1195    nvme1n1 WS   1725789848 4096      0.039
06:11:13.764 contain        1195    nvme1n1 WS   1725789912 4096      0.045
06:11:13.764 contain        1195    nvme1n1 WS   1725789944 4096      0.050
06:11:13.764 contain        1195    nvme1n1 WS   1725789960 16384     0.050
06:11:13.764 contain        1195    nvme1n1 WS   1707371888 4096      0.030
06:11:13.764 contain        1195    nvme1n1 WS   1730873944 4096      0.040
06:11:13.764 contain        1195    nvme1n1 WS   1730874016 4096      0.045
06:11:13.764 contain        1195    nvme1n1 WS   1730874216 8192      0.047
06:11:13.764 contain        1195    nvme1n1 WS   1730874256 28672     0.060
06:11:13.764 contain        1195    nvme1n1 WS   1429528    4096      0.026
06:11:13.765 kworker        1879956 nvme1n1 W    608622200  36864     0.057
06:11:13.766 jbd2/nv        752     nvme1n1 WSM  876917256  122880    0.128
06:11:13.766 jbd2/nv        752     nvme1n1 WSM  876917496  4096      0.031
06:11:13.766 kworker        1879956 nvme1n1 WS   608622216  4096      0.033
06:11:13.766 jbd2/nv        752     nvme1n1 WSM  876917504  8192      0.031
06:11:13.766 jbd2/nv        752     nvme1n1 WSM  876917520  4096      0.027
06:11:13.766 dockerd        1436    nvme1n1 WSM  0          4096      0.088
06:11:13.766 dockerd        1436    nvme1n1 WSM  40         4096      0.093
06:11:13.766 dockerd        1436    nvme1n1 WSM  224        4096      0.093
06:11:13.766 dockerd        1436    nvme1n1 WSM  288        8192      0.097
06:11:13.766 dockerd        1436    nvme1n1 WSM  71303296   4096      0.098
06:11:13.766 dockerd        1436    nvme1n1 WSM  461373568  4096      0.097
06:11:13.766 dockerd        1436    nvme1n1 WSM  461373696  8192      0.117
06:11:13.766 dockerd        1436    nvme1n1 WSM  461374248  4096      0.120
06:11:13.766 dockerd        1436    nvme1n1 WSM  591396872  4096      0.120
06:11:13.766 dockerd        1436    nvme1n1 WSM  591669072  4096      0.120
06:11:13.766 dockerd        1436    nvme1n1 WSM  591669392  4096      0.121
06:11:13.766 dockerd        1436    nvme1n1 WSM  591677512  4096      0.126
06:11:13.766 dockerd        1436    nvme1n1 WSM  591679528  4096      0.127
06:11:13.766 dockerd        1436    nvme1n1 WSM  591679544  4096      0.128
06:11:13.766 dockerd        1436    nvme1n1 WSM  591681224  4096      0.130
06:11:13.766 dockerd        1436    nvme1n1 WSM  591681392  4096      0.132
06:11:13.766 dockerd        1436    nvme1n1 WSM  608174088  4096      0.132
06:11:13.766 dockerd        1436    nvme1n1 WSM  1493172480 8192      0.136
06:11:13.766 dockerd        1436    nvme1n1 WSM  1705582584 4096      0.137
06:11:13.766 dockerd        1436    nvme1n1 WSM  1705656312 4096      0.138
06:11:13.766 dockerd        1436    nvme1n1 WSM  1707589104 4096      0.138
06:11:13.766 dockerd        1436    nvme1n1 WSM  71303424   16384     0.154
06:11:13.766 dockerd        1436    nvme1n1 WS   1643476248 4096      0.034
06:11:13.767 jbd2/nv        752     nvme1n1 WSM  876917528  57344     0.070
06:11:13.767 jbd2/nv        752     nvme1n1 WSM  876917640  4096      0.028
06:11:13.767 dockerd        1436    nvme1n1 WS   1643476256 4096      0.029
06:11:13.767 jbd2/nv        752     nvme1n1 WSM  876917648  24576     0.048
06:11:13.767 jbd2/nv        752     nvme1n1 WSM  876917696  4096      0.026
06:11:13.767 jbd2/nv        752     nvme1n1 WSM  876871680  4096      0.026
06:11:13.771 dockerd        1436    nvme1n1 WS   461780120  4096      0.044
06:11:13.771 jbd2/nv        752     nvme1n1 WSM  876917704  77824     0.094
06:11:13.772 jbd2/nv        752     nvme1n1 WSM  876917856  4096      0.027
06:11:13.772 dockerd        1436    nvme1n1 WS   1528463896 4096      0.045
06:11:13.772 dockerd        1436    nvme1n1 WS   1757812080 8192      0.049
06:11:13.772 dockerd        1436    nvme1n1 WS   1757812112 4096      0.051
06:11:13.772 dockerd        1436    nvme1n1 WS   1323304    4096      0.027
06:11:13.773 contain        1195    nvme1n1 WS   1730873928 4096      0.054
06:11:13.773 contain        1195    nvme1n1 WS   1730873960 4096      0.063
06:11:13.773 contain        1195    nvme1n1 WS   1730874008 4096      0.064
06:11:13.773 contain        1195    nvme1n1 WS   1730874056 4096      0.065
06:11:13.773 contain        1195    nvme1n1 WS   1730874088 8192      0.070
06:11:13.773 contain        1195    nvme1n1 WS   1429520    4096      0.028
06:11:13.774 contain        1195    nvme1n1 WS   1730874104 4096      0.041
06:11:13.774 contain        1195    nvme1n1 WS   1730874168 12288     0.049
06:11:13.774 contain        1195    nvme1n1 WS   1730874272 20480     0.055
06:11:13.774 contain        1195    nvme1n1 WS   1429528    4096      0.035
06:11:13.774 contain        1195    nvme1n1 WS   1730873888 4096      0.054
06:11:13.774 contain        1195    nvme1n1 WS   1730874056 4096      0.061
06:11:13.774 contain        1195    nvme1n1 WS   1730874088 8192      0.067
06:11:13.774 contain        1195    nvme1n1 WS   1730874312 4096      0.068
06:11:13.774 contain        1195    nvme1n1 WS   1429520    4096      0.027
06:11:13.844 dockerd        1436    nvme1n1 W    1643476264 4096      0.037
06:11:13.850 dockerd        1436    nvme1n1 WS   1323320    4096      0.047
06:11:13.850 dockerd        1436    nvme1n1 WS   1757812096 8192      0.053
06:11:13.850 dockerd        1436    nvme1n1 WS   1757812120 4096      0.055
06:11:13.850 dockerd        1436    nvme1n1 WS   1323312    4096      0.027
06:11:13.850 dockerd        1436    nvme1n1 WS   1518910992 4096      0.037
06:11:13.850 dockerd        1436    nvme1n1 WS   1757812080 8192      0.046
06:11:13.850 dockerd        1436    nvme1n1 WS   1757812112 4096      0.049
06:11:13.850 dockerd        1436    nvme1n1 WS   1323304    4096      0.026
06:11:13.851 dockerd        1436    nvme1n1 W    608586336  4096      0.034
06:11:13.851 dockerd        1436    nvme1n1 WS   608586344  4096      0.028
06:11:13.852 jbd2/nv        752     nvme1n1 WSM  876917864  102400    0.116
06:11:13.852 jbd2/nv        752     nvme1n1 WSM  876918064  4096      0.030
06:11:13.852 dockerd        1436    nvme1n1 WS   1539981584 4096      0.039
06:11:13.852 dockerd        1436    nvme1n1 WS   1757812096 8192      0.044
06:11:13.852 dockerd        1436    nvme1n1 WS   1757812120 4096      0.048
06:11:13.852 dockerd        1436    nvme1n1 WS   1323312    4096      0.029
06:11:13.864 dockerd        1436    nvme1n1 WS   1528463896 4096      0.044
06:11:13.864 dockerd        1436    nvme1n1 WS   1757812080 8192      0.049
06:11:13.864 dockerd        1436    nvme1n1 WS   1757812112 4096      0.050
06:11:13.864 dockerd        1436    nvme1n1 WS   1323304    4096      0.027
06:11:13.864 dockerd        1436    nvme1n1 WS   1323320    4096      0.036
06:11:13.864 dockerd        1436    nvme1n1 WS   1757812096 8192      0.048
06:11:13.864 dockerd        1436    nvme1n1 WS   1757812120 4096      0.049
06:11:13.864 dockerd        1436    nvme1n1 WS   1323312    4096      0.026
06:11:13.864 dockerd        1436    nvme1n1 WS   608586352  4096      0.031
06:11:13.864 jbd2/nv        752     nvme1n1 WSM  876918072  49152     0.067
06:11:13.864 jbd2/nv        752     nvme1n1 WSM  876918168  4096      0.027
06:11:13.872 dockerd        1436    nvme1n1 WS   608586360  4096      0.038
06:11:13.872 jbd2/nv        752     nvme1n1 WSM  876918176  49152     0.068
06:11:13.872 jbd2/nv        752     nvme1n1 WSM  876918272  4096      0.031
06:11:13.872 dockerd        1436    nvme1n1 WS   608586368  4096      0.030
06:11:13.872 jbd2/nv        752     nvme1n1 WSM  876918280  40960     0.061
06:11:13.872 jbd2/nv        752     nvme1n1 WSM  876918360  4096      0.027
06:11:14.010 contain        1195    nvme1n1 WS   1429528    4096      0.041
06:11:14.259 ib_log_        125934  nvme1n1 WS   21242704   4096      0.052
06:11:14.342 python3        1784367 nvme1n1 WS   1663917056 131072    0.162
06:11:14.342 python3        1784367 nvme1n1 WS   1663917312 16384     0.173
06:11:14.342 python3        1784366 nvme1n1 WS   1663925760 131072    0.224
06:11:14.343 python3        1784366 nvme1n1 WS   1651916800 131072    0.271
06:11:14.343 python3        1784366 nvme1n1 WS   1663926016 16384     0.269
06:11:14.343 python3        1784366 nvme1n1 WS   1651917056 131072    0.350
06:11:14.343 python3        1784366 nvme1n1 WS   1651917312 131072    0.444
06:11:14.343 python3        1784369 nvme1n1 WS   1684921856 131072    0.516
06:11:14.343 python3        1784369 nvme1n1 WS   1684922112 16384     0.523
06:11:14.343 python3        1784366 nvme1n1 WS   1651917568 131072    0.598
06:11:14.343 python3        1784366 nvme1n1 WS   1651917824 131072    0.676
06:11:14.343 python3        1784366 nvme1n1 WS   1651918080 131072    0.761
06:11:14.343 python3        1784366 nvme1n1 WS   1651918336 131072    0.841
06:11:14.343 python3        1784366 nvme1n1 WS   1651918592 131072    0.907
06:11:14.343 python3        1784366 nvme1n1 WS   1651918848 131072    0.988
06:11:14.343 python3        1784366 nvme1n1 WS   1651919104 131072    1.072
06:11:14.343 python3        1784366 nvme1n1 WS   1651919360 131072    1.153
06:11:14.344 python3        1784366 nvme1n1 WS   1651919616 131072    1.234
06:11:14.344 python3        1784366 nvme1n1 WS   1651919872 131072    1.312
06:11:14.344 python3        1784366 nvme1n1 WS   1651920128 131072    1.393
06:11:14.344 python3        1784366 nvme1n1 WS   1651920384 131072    1.473
06:11:14.344 python3        1784368 nvme1n1 WS   1651920896 131072    1.558
06:11:14.344 python3        1784368 nvme1n1 WS   1651921152 131072    1.637
06:11:14.344 python3        1784368 nvme1n1 WS   1651921408 131072    1.717
06:11:14.344 python3        1784368 nvme1n1 WS   1651921664 131072    1.797
06:11:14.344 python3        1784368 nvme1n1 WS   1651921920 131072    1.876
06:11:14.344 python3        1784368 nvme1n1 WS   1651922176 131072    1.955
06:11:14.344 python3        1784366 nvme1n1 WS   1651920640 131072    2.040
06:11:14.344 python3        1784366 nvme1n1 WS   1651924992 131072    2.118
06:11:14.345 python3        1784366 nvme1n1 WS   1651925248 131072    2.198
06:11:14.345 python3        1784368 nvme1n1 WS   1651922432 131072    2.274
06:11:14.345 python3        1784368 nvme1n1 WS   1651922688 131072    2.337
06:11:14.345 python3        1784368 nvme1n1 WS   1651922944 131072    2.415
06:11:14.345 python3        1784368 nvme1n1 WS   1651923200 131072    2.492
06:11:14.345 python3        1784368 nvme1n1 WS   1651923456 131072    2.571
06:11:14.345 python3        1784368 nvme1n1 WS   1651923712 131072    2.648
06:11:14.345 python3        1784368 nvme1n1 WS   1651923968 131072    2.723
06:11:14.345 python3        1784368 nvme1n1 WS   1663930880 131072    2.818
06:11:14.345 python3        1784368 nvme1n1 WS   1663931136 16384     2.825
06:11:14.345 python3        1784367 nvme1n1 WS   1651929088 131072    2.962
06:11:14.345 python3        1784367 nvme1n1 WS   1651929344 131072    2.982
06:11:14.345 python3        1784369 nvme1n1 WS   1652121600 131072    3.062
06:11:14.345 python3        1784367 nvme1n1 WS   1651929600 131072    3.135
06:11:14.346 python3        1784367 nvme1n1 WS   1651929856 131072    3.209
06:11:14.346 python3        1784367 nvme1n1 WS   1651930112 131072    3.288
06:11:14.346 python3        1784367 nvme1n1 WS   1651930368 131072    3.366
06:11:14.346 python3        1784367 nvme1n1 WS   1651930624 131072    3.445
06:11:14.346 python3        1784367 nvme1n1 WS   1651930880 131072    3.507
06:11:14.346 python3        1784367 nvme1n1 WS   1651931136 131072    3.583
06:11:14.346 python3        1784367 nvme1n1 WS   1651931392 131072    3.662
06:11:14.346 python3        1784368 nvme1n1 WS   1651924224 131072    3.777
06:11:14.346 python3        1784368 nvme1n1 WS   1651924480 131072    3.855
06:11:14.346 python3        1784368 nvme1n1 WS   1651924736 131072    3.920
06:11:14.346 python3        1784368 nvme1n1 WS   1651933184 131072    4.001
06:11:14.346 python3        1784368 nvme1n1 WS   1651933440 131072    4.080
06:11:14.347 python3        1784369 nvme1n1 WS   1652121856 131072    4.185
06:11:14.347 python3        1784369 nvme1n1 WS   1652122112 131072    4.264
06:11:14.347 python3        1784369 nvme1n1 WS   1652122368 131072    4.339
06:11:14.347 python3        1784369 nvme1n1 WS   1652122624 131072    4.418
06:11:14.347 python3        1784369 nvme1n1 WS   1652122880 131072    4.494
06:11:14.347 python3        1784369 nvme1n1 WS   1652123136 131072    4.573
06:11:14.347 python3        1784367 nvme1n1 WS   1651931648 131072    4.643
06:11:14.347 python3        1784367 nvme1n1 WS   1651931904 131072    4.721
06:11:14.347 python3        1784367 nvme1n1 WS   1651932160 131072    4.801
06:11:14.347 python3        1784367 nvme1n1 WS   1651932416 131072    4.887
06:11:14.347 python3        1784367 nvme1n1 WS   1651932672 131072    4.961
06:11:14.347 python3        1784367 nvme1n1 WS   1651932928 131072    5.025
06:11:14.348 python3        1784367 nvme1n1 WS   1651937280 131072    5.103
06:11:14.348 python3        1784367 nvme1n1 WS   1651937536 131072    5.183
06:11:14.348 python3        1784369 nvme1n1 WS   1652123392 131072    5.286
06:11:14.348 python3        1784369 nvme1n1 WS   1652123648 131072    5.363
06:11:14.348 python3        1784369 nvme1n1 WS   1652123904 131072    5.443
06:11:14.348 python3        1784369 nvme1n1 WS   1652124160 131072    5.521
06:11:14.348 python3        1784369 nvme1n1 WS   1652124416 131072    5.598
06:11:14.348 python3        1784369 nvme1n1 WS   1652124672 131072    5.679
06:11:14.348 python3        1784369 nvme1n1 WS   1652124928 131072    5.756
06:11:14.348 python3        1784369 nvme1n1 WS   1652125184 131072    5.836
06:11:14.348 python3        1784369 nvme1n1 WS   1652125440 131072    5.900
06:11:14.348 python3        1784369 nvme1n1 WS   1652125696 131072    5.980
06:11:14.348 python3        1784369 nvme1n1 WS   1652125952 131072    6.058
06:11:14.425 nvme           1901184 Unknown N    -1         512       0.071
06:11:14.465 kworker        1790484 nvme0n1 W    37876968   4096      0.959
06:11:15.427 nvme           1901192 Unknown N    -1         512       0.078
06:11:16.192 jbd2/nv        391     nvme0n1 WSM  4241192    69632     1.482
06:11:16.192 jbd2/nv        391     nvme0n1 WSM  4241328    4096      0.728
06:11:16.430 nvme           1901203 Unknown N    -1         512       0.030
06:11:17.432 nvme           1901209 Unknown N    -1         512       0.031
06:11:17.479 python3        1784367 nvme1n1 WS   1593520128 131072    0.185
06:11:17.480 python3        1784367 nvme1n1 WS   1593520384 131072    0.254
06:11:17.480 python3        1784367 nvme1n1 WS   1593520640 131072    0.345
06:11:17.480 python3        1784367 nvme1n1 WS   1593520896 131072    0.405
06:11:17.480 python3        1784367 nvme1n1 WS   1593521152 131072    0.514
06:11:17.480 python3        1784367 nvme1n1 WS   1593521408 131072    0.574
06:11:17.480 python3        1784367 nvme1n1 WS   1593521664 131072    0.674
06:11:17.480 python3        1784367 nvme1n1 WS   1593521920 131072    0.694
06:11:17.480 python3        1784367 nvme1n1 WS   1593522176 131072    0.783
06:11:17.480 python3        1784367 nvme1n1 WS   1593522432 131072    0.851
06:11:17.480 python3        1784367 nvme1n1 WS   1593522688 131072    0.946
06:11:17.480 python3        1784367 nvme1n1 WS   1593522944 131072    1.036
06:11:17.480 python3        1784367 nvme1n1 WS   1593523200 131072    1.113
06:11:17.481 python3        1784367 nvme1n1 WS   1593523456 131072    1.194
06:11:17.481 python3        1784367 nvme1n1 WS   1593523712 131072    1.255
06:11:17.481 python3        1784367 nvme1n1 WS   1593523968 131072    1.328
06:11:17.481 python3        1784367 nvme1n1 WS   1593524224 131072    1.406
06:11:17.481 python3        1784367 nvme1n1 WS   1593524480 131072    1.492
06:11:17.481 python3        1784367 nvme1n1 WS   1593528320 131072    1.441
06:11:17.481 python3        1784367 nvme1n1 WS   1593528576 131072    1.509
06:11:17.481 python3        1784367 nvme1n1 WS   1593532416 131072    1.595
06:11:17.481 python3        1784367 nvme1n1 WS   1593528832 131072    1.671
06:11:17.481 python3        1784367 nvme1n1 WS   1593529088 131072    1.752
06:11:17.481 python3        1784367 nvme1n1 WS   1593529344 131072    1.833
06:11:17.481 python3        1784367 nvme1n1 WS   1593529600 131072    1.912
06:11:17.482 python3        1784367 nvme1n1 WS   1593532672 131072    2.001
06:11:17.482 python3        1784367 nvme1n1 WS   1593532928 131072    2.075
06:11:17.482 python3        1784367 nvme1n1 WS   1593533184 131072    2.149
06:11:17.482 python3        1784367 nvme1n1 WS   1593533440 131072    2.228
06:11:17.482 python3        1784367 nvme1n1 WS   1593533696 131072    2.301
06:11:17.482 python3        1784367 nvme1n1 WS   1593533952 131072    2.376
06:11:17.482 python3        1784367 nvme1n1 WS   1593529856 131072    2.460
06:11:17.482 python3        1784367 nvme1n1 WS   1593530112 131072    2.515
06:11:17.482 python3        1784367 nvme1n1 WS   1593530368 131072    2.592
06:11:17.482 python3        1784367 nvme1n1 WS   1593530624 131072    2.671
06:11:17.482 python3        1784367 nvme1n1 WS   1593530880 131072    2.746
06:11:17.482 python3        1784367 nvme1n1 WS   1593531136 131072    2.820
06:11:17.482 python3        1784367 nvme1n1 WS   1593534208 131072    2.908
06:11:17.483 python3        1784367 nvme1n1 WS   1593534464 131072    2.979
06:11:17.483 python3        1784367 nvme1n1 WS   1593534720 131072    3.054
06:11:17.483 python3        1784367 nvme1n1 WS   1593534976 131072    3.132
06:11:17.483 python3        1784367 nvme1n1 WS   1593535232 131072    3.206
06:11:17.483 python3        1784367 nvme1n1 WS   1593535488 131072    3.282
06:11:17.483 python3        1784367 nvme1n1 WS   1593535744 131072    3.355
06:11:17.483 python3        1784367 nvme1n1 WS   1593536000 131072    3.433
06:11:17.483 python3        1784367 nvme1n1 WS   1593531392 131072    3.518
06:11:17.483 python3        1784367 nvme1n1 WS   1593531648 131072    3.593
06:11:17.483 python3        1784367 nvme1n1 WS   1593531904 131072    3.669
06:11:17.483 python3        1784367 nvme1n1 WS   1593532160 131072    3.733
06:11:17.483 python3        1784367 nvme1n1 WS   1593540608 131072    3.806
06:11:17.483 python3        1784367 nvme1n1 WS   1593540864 131072    3.880
06:11:17.484 python3        1784367 nvme1n1 WS   1593536256 131072    3.955
06:11:17.484 python3        1784367 nvme1n1 WS   1593536512 131072    4.037
06:11:17.484 python3        1784367 nvme1n1 WS   1593536768 131072    4.102
06:11:17.484 python3        1784367 nvme1n1 WS   1593537024 131072    4.177
06:11:17.484 python3        1784367 nvme1n1 WS   1593537280 131072    4.251
06:11:17.484 python3        1784367 nvme1n1 WS   1593537536 131072    4.328
06:11:17.484 python3        1784367 nvme1n1 WS   1593537792 131072    4.402
06:11:17.484 python3        1784367 nvme1n1 WS   1593538048 131072    4.480
06:11:17.484 python3        1784367 nvme1n1 WS   1593573376 131072    4.573
06:11:17.484 python3        1784367 nvme1n1 WS   1593573632 131072    4.653
06:11:17.484 python3        1784367 nvme1n1 WS   1593538304 131072    4.697
06:11:17.484 python3        1784367 nvme1n1 WS   1593538560 131072    4.774
06:11:17.484 python3        1784367 nvme1n1 WS   1593538816 131072    4.846
06:11:17.485 python3        1784367 nvme1n1 WS   1593539072 131072    4.921
06:11:17.485 python3        1784367 nvme1n1 WS   1593539328 131072    4.997
06:11:17.485 python3        1784367 nvme1n1 WS   1593539584 131072    5.073
06:11:17.485 python3        1784367 nvme1n1 WS   1593539840 131072    5.145
06:11:17.485 python3        1784367 nvme1n1 WS   1593540096 131072    5.219
06:11:17.485 python3        1784367 nvme1n1 WS   1593540352 131072    5.280
06:11:17.485 python3        1784367 nvme1n1 WS   1593544704 131072    5.350
06:11:17.485 python3        1784367 nvme1n1 WS   1593544960 131072    5.426
06:11:17.485 python3        1784368 nvme1n1 WS   1593548800 131072    5.470
06:11:17.485 python3        1784368 nvme1n1 WS   1593549056 131072    5.538
06:11:17.485 python3        1784368 nvme1n1 WS   1593549312 131072    5.611
06:11:17.485 python3        1784368 nvme1n1 WS   1593549568 131072    5.687
06:11:17.486 python3        1784368 nvme1n1 WS   1593549824 131072    5.764
06:11:17.486 python3        1784368 nvme1n1 WS   1593550080 131072    5.838
06:11:17.486 python3        1784368 nvme1n1 WS   1593550336 131072    5.913
06:11:17.486 python3        1784368 nvme1n1 WS   1593552896 131072    5.997
06:11:17.486 python3        1784368 nvme1n1 WS   1593553152 131072    6.069
06:11:17.486 python3        1784368 nvme1n1 WS   1593553408 131072    6.142
06:11:17.486 python3        1784368 nvme1n1 WS   1593553664 131072    6.217
06:11:17.486 python3        1784368 nvme1n1 WS   1593553920 131072    6.291
06:11:17.486 python3        1784368 nvme1n1 WS   1593554176 131072    6.368
06:11:17.486 python3        1784368 nvme1n1 WS   1593554432 131072    6.445
06:11:17.486 python3        1784368 nvme1n1 WS   1593554688 131072    6.537
06:11:17.486 python3        1784368 nvme1n1 WS   1593554944 131072    6.613
06:11:17.486 python3        1784368 nvme1n1 WS   1593555200 131072    6.693
06:11:17.487 python3        1784368 nvme1n1 WS   1593555456 131072    6.766
06:11:17.487 python3        1784368 nvme1n1 WS   1593555712 131072    6.842
06:11:17.487 python3        1784368 nvme1n1 WS   1593555968 131072    6.917
06:11:17.487 python3        1784368 nvme1n1 WS   1593556224 131072    6.992
06:11:17.487 python3        1784368 nvme1n1 WS   1593556480 131072    7.069
06:11:17.487 python3        1784368 nvme1n1 WS   1593550592 131072    7.185
06:11:17.487 python3        1784368 nvme1n1 WS   1593550848 131072    7.259
06:11:17.487 python3        1784368 nvme1n1 WS   1593551104 131072    7.336
06:11:17.487 python3        1784368 nvme1n1 WS   1593551360 131072    7.414
06:11:17.487 python3        1784368 nvme1n1 WS   1593551616 131072    7.495
06:11:17.487 python3        1784368 nvme1n1 WS   1593551872 131072    7.572
06:11:17.487 python3        1784368 nvme1n1 WS   1593552128 131072    7.650
06:11:17.488 python3        1784368 nvme1n1 WS   1593552384 131072    7.726
06:11:17.488 python3        1784368 nvme1n1 WS   1593552640 131072    7.791
06:11:17.488 python3        1784368 nvme1n1 WS   1593556992 131072    7.865
06:11:17.488 python3        1784368 nvme1n1 WS   1593557248 131072    7.944
06:11:17.488 python3        1784368 nvme1n1 WS   1593556736 131072    8.015
06:11:17.488 python3        1784368 nvme1n1 WS   1593561088 131072    8.091
06:11:17.488 python3        1784368 nvme1n1 WS   1593561344 131072    8.170
06:11:17.488 python3        1784366 nvme1n1 WS   1593565184 131072    8.149
06:11:17.488 python3        1784366 nvme1n1 WS   1593565440 131072    8.217
06:11:17.488 python3        1784366 nvme1n1 WS   1593565696 131072    8.294
06:11:17.488 python3        1784366 nvme1n1 WS   1593565952 131072    8.371
06:11:17.488 python3        1784366 nvme1n1 WS   1593566208 131072    8.461
06:11:17.488 python3        1784366 nvme1n1 WS   1593566464 131072    8.527
06:11:17.489 python3        1784366 nvme1n1 WS   1593566720 131072    8.602
06:11:17.489 python3        1784366 nvme1n1 WS   1593566976 131072    8.635
06:11:17.489 python3        1784366 nvme1n1 WS   1593567232 131072    8.712
06:11:17.489 python3        1784366 nvme1n1 WS   1593567488 131072    8.787
06:11:17.489 python3        1784366 nvme1n1 WS   1593567744 131072    8.863
06:11:17.489 python3        1784366 nvme1n1 WS   1593568000 131072    8.942
06:11:17.489 python3        1784366 nvme1n1 WS   1593568256 131072    9.020
06:11:17.489 python3        1784366 nvme1n1 WS   1593568512 131072    9.094
06:11:17.489 python3        1784366 nvme1n1 WS   1593568768 131072    9.171
06:11:17.489 python3        1784366 nvme1n1 WS   1593569024 131072    9.233
06:11:17.489 python3        1784366 nvme1n1 WS   1593569280 131072    9.313
06:11:17.489 python3        1784366 nvme1n1 WS   1593569536 131072    9.389
06:11:17.490 python3        1784366 nvme1n1 WS   57499648   131072    9.518
06:11:17.490 python3        1784366 nvme1n1 WS   57499904   131072    9.521
06:11:17.490 python3        1784366 nvme1n1 WS   57500160   131072    9.600
06:11:17.490 python3        1784366 nvme1n1 WS   57500416   131072    9.662
06:11:17.490 python3        1784366 nvme1n1 WS   57500672   131072    9.738
06:11:17.490 python3        1784366 nvme1n1 WS   57500928   131072    9.815
06:11:17.490 python3        1784366 nvme1n1 WS   57501184   131072    9.895
06:11:17.490 python3        1784366 nvme1n1 WS   57501440   131072    9.957
06:11:17.490 python3        1784366 nvme1n1 WS   57501696   131072   10.031
06:11:17.490 python3        1784366 nvme1n1 WS   57501952   131072   10.110
06:11:17.490 python3        1784366 nvme1n1 WS   57502208   131072   10.197
06:11:17.490 python3        1784366 nvme1n1 WS   57502464   131072   10.262
06:11:17.490 python3        1784366 nvme1n1 WS   57502720   131072   10.337
06:11:17.491 python3        1784366 nvme1n1 WS   57502976   131072   10.410
06:11:17.491 python3        1784366 nvme1n1 WS   57503232   131072   10.489
06:11:17.491 python3        1784366 nvme1n1 WS   57503488   131072   10.551
06:11:17.491 python3        1784366 nvme1n1 WS   57503744   131072   10.631
06:11:17.491 python3        1784366 nvme1n1 WS   57504000   131072   10.705
06:11:17.491 python3        1784366 nvme1n1 WS   1588072448 131072   10.764
06:11:17.491 python3        1784366 nvme1n1 WS   1588072704 131072   10.776
06:11:17.491 python3        1784366 nvme1n1 WS   1588072960 131072   10.834
06:11:17.491 python3        1784366 nvme1n1 WS   1588073216 131072   10.913
06:11:17.491 python3        1784366 nvme1n1 WS   1588073472 131072   11.027
06:11:17.491 python3        1784366 nvme1n1 WS   1588073728 131072   11.109
06:11:17.491 python3        1784366 nvme1n1 WS   1588073984 131072   11.182
06:11:17.492 python3        1784366 nvme1n1 WS   1588074240 131072   11.242
06:11:17.492 python3        1784366 nvme1n1 WS   1486684160 131072   11.329
06:11:17.492 python3        1784366 nvme1n1 WS   1588074496 131072   11.398
06:11:17.492 python3        1784366 nvme1n1 WS   1588074752 131072   11.477
06:11:17.492 python3        1784366 nvme1n1 WS   1588075008 131072   11.556
06:11:17.492 python3        1784366 nvme1n1 WS   1588075264 131072   11.632
06:11:17.492 python3        1784366 nvme1n1 WS   1588075520 131072   11.711
06:11:17.492 python3        1784366 nvme1n1 WS   1588075776 131072   11.786
06:11:17.492 python3        1784366 nvme1n1 WS   1486684416 131072   11.878
06:11:17.492 python3        1784366 nvme1n1 WS   1486684672 131072   11.953
06:11:17.492 python3        1784366 nvme1n1 WS   1486684928 131072   12.032
06:11:17.492 python3        1784366 nvme1n1 WS   1486685184 131072   12.109
06:11:17.492 python3        1784366 nvme1n1 WS   1486685440 131072   12.188
06:11:17.493 python3        1784366 nvme1n1 WS   1486685696 131072   12.264
06:11:17.493 python3        1784366 nvme1n1 WS   1486685952 131072   12.326
06:11:17.493 python3        1784366 nvme1n1 WS   1486686208 131072   12.405
06:11:17.493 python3        1784366 nvme1n1 WS   1588076032 131072   12.504
06:11:17.493 python3        1784366 nvme1n1 WS   1588076288 131072   12.570
06:11:17.493 python3        1784366 nvme1n1 WS   1588076544 131072   12.646
06:11:17.493 python3        1784366 nvme1n1 WS   1588076800 131072   12.728
06:11:17.493 python3        1784369 nvme1n1 WS   1588137984 131072   12.831
06:11:17.493 python3        1784369 nvme1n1 WS   1588138240 131072   12.898
06:11:17.493 python3        1784369 nvme1n1 WS   1588138496 131072   12.975
06:11:17.493 python3        1784369 nvme1n1 WS   1651941376 131072   13.066
06:11:17.493 python3        1784369 nvme1n1 WS   1651941632 131072   13.131
06:11:17.494 python3        1784369 nvme1n1 WS   1651941888 131072   13.205
06:11:17.494 python3        1784369 nvme1n1 WS   1651942144 131072   13.281
06:11:17.494 python3        1784369 nvme1n1 WS   1651942400 131072   13.362
06:11:17.494 python3        1784369 nvme1n1 WS   1651942656 131072   13.436
06:11:17.494 python3        1784366 nvme1n1 WS   1486686464 131072   13.530
06:11:17.494 python3        1784366 nvme1n1 WS   1486686720 131072   13.606
06:11:17.494 python3        1784366 nvme1n1 WS   1486686976 131072   13.683
06:11:17.494 python3        1784366 nvme1n1 WS   1486687232 131072   13.760
06:11:17.494 python3        1784366 nvme1n1 WS   1486687488 131072   13.841
06:11:17.494 python3        1784366 nvme1n1 WS   1486687744 131072   13.916
06:11:17.494 python3        1784369 nvme1n1 WS   1588138752 131072   14.020
06:11:17.494 python3        1784369 nvme1n1 WS   1588139008 131072   14.090
06:11:17.495 python3        1784369 nvme1n1 WS   1588139264 131072   14.164
06:11:17.495 python3        1784369 nvme1n1 WS   1588139520 131072   14.239
06:11:17.495 python3        1784369 nvme1n1 WS   1651942912 131072   14.328
06:11:17.495 python3        1784369 nvme1n1 WS   1651943168 131072   14.382
06:11:17.495 python3        1784369 nvme1n1 WS   1651943424 131072   14.456
06:11:17.495 python3        1784369 nvme1n1 WS   1651943680 131072   14.530
06:11:17.495 python3        1784369 nvme1n1 WS   1651943936 131072   14.606
06:11:17.495 python3        1784369 nvme1n1 WS   1651944192 131072   14.686
06:11:17.495 python3        1784369 nvme1n1 WS   1651944448 131072   14.765
06:11:17.495 python3        1784369 nvme1n1 WS   1651944704 131072   14.839
06:11:17.495 python3        1784366 nvme1n1 WS   1486688000 131072   14.940
06:11:17.495 python3        1784366 nvme1n1 WS   1486688256 131072   15.016
06:11:17.495 python3        1784366 nvme1n1 WS   1486688512 131072   15.095
06:11:17.496 python3        1784369 nvme1n1 WS   1588139776 131072   15.175
06:11:17.496 python3        1784369 nvme1n1 WS   1588140032 131072   15.245
06:11:17.496 python3        1784369 nvme1n1 WS   1588140288 131072   15.319
06:11:17.496 python3        1784369 nvme1n1 WS   1588140544 131072   15.399
06:11:17.496 python3        1784369 nvme1n1 WS   1651944960 131072   15.485
06:11:17.496 python3        1784369 nvme1n1 WS   1651945216 131072   15.547
06:11:17.496 python3        1784369 nvme1n1 WS   1651949568 131072   15.617
06:11:17.496 python3        1784369 nvme1n1 WS   1651949824 131072   15.696
06:11:17.496 python3        1784369 nvme1n1 WS   1588140800 131072   15.804
06:11:17.496 python3        1784369 nvme1n1 WS   1588141056 131072   15.909
06:11:17.496 python3        1784369 nvme1n1 WS   1588141312 131072   15.983
06:11:17.496 python3        1784369 nvme1n1 WS   1588141568 131072   16.059
06:11:17.497 python3        1784368 nvme1n1 WS   1651945472 131072   16.151
06:11:17.497 python3        1784368 nvme1n1 WS   1651945728 131072   16.219
06:11:17.497 python3        1784368 nvme1n1 WS   1651945984 131072   16.299
06:11:17.497 python3        1784368 nvme1n1 WS   1651946240 131072   16.377
06:11:17.497 python3        1784368 nvme1n1 WS   1651946496 131072   16.455
06:11:17.497 python3        1784368 nvme1n1 WS   1651946752 131072   16.545
06:11:17.497 python3        1784368 nvme1n1 WS   1651947008 131072   16.605
06:11:17.497 python3        1784368 nvme1n1 WS   1651947264 131072   16.664
06:11:17.497 python3        1784368 nvme1n1 WS   1651947520 131072   16.737
06:11:17.497 python3        1784369 nvme1n1 WS   1588141824 131072   16.839
06:11:17.497 python3        1784369 nvme1n1 WS   1588142080 131072   16.908
06:11:17.497 python3        1784369 nvme1n1 WS   1588142336 131072   16.982
06:11:17.497 python3        1784368 nvme1n1 WS   1651947776 131072   17.048
06:11:17.498 python3        1784368 nvme1n1 WS   1651948032 131072   17.124
06:11:17.498 python3        1784368 nvme1n1 WS   1651948288 131072   17.202
06:11:17.498 python3        1784368 nvme1n1 WS   1651948544 131072   17.277
06:11:17.498 python3        1784368 nvme1n1 WS   1651948800 131072   17.360
06:11:17.498 python3        1784368 nvme1n1 WS   1651949056 131072   17.437
06:11:17.498 python3        1784368 nvme1n1 WS   1651949312 131072   17.500
06:11:17.498 python3        1784368 nvme1n1 WS   1651957760 131072   17.577
06:11:17.498 python3        1784368 nvme1n1 WS   1651958016 131072   17.651
06:11:17.498 python3        1784369 nvme1n1 WS   1651953664 131072   17.727
06:11:17.498 python3        1784369 nvme1n1 WS   1651953920 131072   17.796
06:11:17.498 python3        1784369 nvme1n1 WS   1651954176 131072   17.872
06:11:17.498 python3        1784369 nvme1n1 WS   1651954432 131072   17.952
06:11:17.499 python3        1784369 nvme1n1 WS   1651954688 131072   18.031
06:11:17.499 python3        1784369 nvme1n1 WS   1651954944 131072   18.112
06:11:17.499 python3        1784369 nvme1n1 WS   1651955200 131072   18.189
06:11:17.499 python3        1784369 nvme1n1 WS   1651955456 131072   18.251
06:11:17.499 python3        1784369 nvme1n1 WS   1651955712 131072   18.331
06:11:17.499 python3        1784369 nvme1n1 WS   1651955968 131072   18.408
06:11:17.499 python3        1784369 nvme1n1 WS   1651956224 131072   18.486
06:11:17.499 python3        1784369 nvme1n1 WS   1651956480 131072   18.566
06:11:17.499 python3        1784369 nvme1n1 WS   1651956736 131072   18.644
06:11:17.499 python3        1784369 nvme1n1 WS   1651956992 131072   18.719
06:11:17.499 python3        1784369 nvme1n1 WS   1651957248 131072   18.798
06:11:17.499 python3        1784369 nvme1n1 WS   1651957504 131072   18.860
06:11:17.499 python3        1784369 nvme1n1 WS   1651961856 131072   18.937
06:11:17.500 python3        1784369 nvme1n1 WS   1651962112 131072   19.018
06:11:17.500 python3        1784368 nvme1n1 WS   846610432  131072   19.010
06:11:17.500 python3        1784368 nvme1n1 WS   846610688  131072   19.085
06:11:17.500 python3        1784368 nvme1n1 WS   846610944  131072   19.162
06:11:17.500 python3        1784368 nvme1n1 WS   846611200  131072   19.241
06:11:17.500 python3        1784368 nvme1n1 WS   846611456  131072   19.315
06:11:17.500 python3        1784368 nvme1n1 WS   846611712  131072   19.390
06:11:17.500 python3        1784368 nvme1n1 WS   846611968  131072   19.471
06:11:17.500 python3        1784369 nvme1n1 WS   1652129792 131072   19.554
06:11:17.500 python3        1784369 nvme1n1 WS   1652130048 131072   19.634
06:11:17.500 python3        1784368 nvme1n1 WS   846612224  131072   19.709
06:11:17.501 python3        1784368 nvme1n1 WS   846612480  131072   19.814
06:11:17.501 python3        1784368 nvme1n1 WS   846612736  131072   19.919
06:11:17.501 python3        1784368 nvme1n1 WS   846612992  131072   19.995
06:11:17.501 python3        1784368 nvme1n1 WS   846613248  131072   20.070
06:11:17.501 python3        1784368 nvme1n1 WS   846613504  131072   20.147
06:11:17.501 python3        1784368 nvme1n1 WS   846613760  131072   20.228
06:11:17.501 python3        1784368 nvme1n1 WS   846614016  131072   20.310
06:11:17.501 python3        1784368 nvme1n1 WS   846614272  131072   20.377
06:11:17.501 python3        1784368 nvme1n1 WS   846614528  131072   20.454
06:11:17.501 python3        1784368 nvme1n1 WS   846614784  131072   20.533
06:11:17.501 python3        1784369 nvme1n1 WS   1652130304 131072   20.685
06:11:17.501 python3        1784369 nvme1n1 WS   1652130560 131072   20.762
06:11:17.502 python3        1784369 nvme1n1 WS   1652130816 131072   20.842
06:11:17.502 python3        1784369 nvme1n1 WS   1652131072 131072   20.916
06:11:17.502 python3        1784369 nvme1n1 WS   1652131328 131072   20.993
06:11:17.502 python3        1784369 nvme1n1 WS   1652131584 131072   21.054
06:11:17.502 python3        1784369 nvme1n1 WS   1652131840 131072   21.130
06:11:17.502 python3        1784369 nvme1n1 WS   1652132096 131072   21.210
06:11:17.502 python3        1784369 nvme1n1 WS   1652132352 131072   21.288
06:11:17.502 python3        1784369 nvme1n1 WS   1652132608 131072   21.365
06:11:17.502 python3        1784369 nvme1n1 WS   1652132864 131072   21.441
06:11:17.502 python3        1784369 nvme1n1 WS   1652133120 131072   21.520
06:11:17.502 python3        1784367 nvme1n1 WS   1652137984 131072   21.071
06:11:17.502 python3        1784367 nvme1n1 WS   1652138240 131072   21.098
06:11:17.502 python3        1784367 nvme1n1 WS   1652138496 131072   21.171
06:11:17.503 python3        1784367 nvme1n1 WS   1652138752 131072   21.249
06:11:17.503 python3        1784369 nvme1n1 WS   1652133376 131072   21.916
06:11:17.503 python3        1784369 nvme1n1 WS   1652133632 131072   21.984
06:11:17.503 python3        1784369 nvme1n1 WS   1652133888 131072   22.060
06:11:17.503 python3        1784369 nvme1n1 WS   1652134144 131072   22.134
06:11:17.503 python3        1784367 nvme1n1 WS   1652139008 131072   21.636
06:11:17.503 python3        1784367 nvme1n1 WS   1652139264 131072   21.711
06:11:17.503 python3        1784367 nvme1n1 WS   1652139520 131072   21.789
06:11:17.503 python3        1784367 nvme1n1 WS   1652139776 131072   21.850
06:11:17.503 python3        1784367 nvme1n1 WS   1652140032 131072   21.917
06:11:17.503 python3        1784367 nvme1n1 WS   1652140288 131072   22.039
06:11:17.504 python3        1784367 nvme1n1 WS   1652140544 131072   22.165
06:11:17.504 python3        1784367 nvme1n1 WS   1652140800 131072   22.291
06:11:17.504 python3        1784367 nvme1n1 WS   1652141056 131072   22.416
06:11:17.504 python3        1784367 nvme1n1 WS   1652141312 131072   22.552
06:11:17.504 python3        1784367 nvme1n1 WS   1652141568 131072   22.693
06:11:17.504 python3        1784367 nvme1n1 WS   1652141824 131072   22.827
06:11:17.504 python3        1784367 nvme1n1 WS   1652142080 131072   22.967
06:11:17.505 python3        1784367 nvme1n1 WS   1652142336 131072   23.098
06:11:17.505 python3        1784367 nvme1n1 WS   1593313280 131072   20.014
06:11:17.505 python3        1784367 nvme1n1 WS   1593313536 131072   20.089
06:11:17.505 python3        1784367 nvme1n1 WS   1593313792 131072   20.221
06:11:17.505 python3        1784367 nvme1n1 WS   1593314048 131072   20.298
06:11:17.505 python3        1784367 nvme1n1 WS   1593314304 131072   20.360
06:11:17.505 python3        1784367 nvme1n1 WS   1593314560 131072   20.440
06:11:17.505 python3        1784367 nvme1n1 WS   1593314816 24576    20.454
06:11:17.505 python3        1784368 nvme1n1 WS   1651965952 131072   16.920
06:11:17.505 python3        1784368 nvme1n1 WS   1651966208 131072   16.945
06:11:17.505 python3        1784368 nvme1n1 WS   1651966464 131072   17.023
06:11:17.505 python3        1784368 nvme1n1 WS   1651966720 131072   17.104
06:11:17.506 python3        1784368 nvme1n1 WS   1651966976 131072   17.184
06:11:17.506 python3        1784368 nvme1n1 WS   1651967232 131072   17.264
06:11:17.506 python3        1784368 nvme1n1 WS   1651967488 131072   17.341
06:11:17.506 python3        1784368 nvme1n1 WS   1651967744 131072   17.405
06:11:17.506 python3        1784368 nvme1n1 WS   1651968000 131072   17.484
06:11:17.506 python3        1784368 nvme1n1 WS   1651968256 131072   17.562
06:11:17.506 python3        1784368 nvme1n1 WS   1651968512 131072   17.636
06:11:17.506 python3        1784368 nvme1n1 WS   1651968768 131072   17.712
06:11:17.506 python3        1784368 nvme1n1 WS   1651969024 131072   17.792
06:11:17.506 python3        1784368 nvme1n1 WS   1651969280 131072   17.869
06:11:17.506 python3        1784368 nvme1n1 WS   1651969536 131072   17.945
06:11:17.506 python3        1784368 nvme1n1 WS   1651969792 131072   18.013
06:11:17.506 python3        1784368 nvme1n1 WS   1651970048 131072   18.088
06:11:17.507 python3        1784368 nvme1n1 WS   1651970304 131072   18.172
06:11:17.507 python3        1784368 nvme1n1 WS   1664370688 131072   17.805
06:11:17.507 python3        1784368 nvme1n1 WS   1664370944 131072   17.840
06:11:17.507 python3        1784368 nvme1n1 WS   1664371200 131072   17.964
06:11:17.507 python3        1784368 nvme1n1 WS   1664371456 131072   18.124
06:11:17.507 python3        1784368 nvme1n1 WS   1664371712 131072   18.252
06:11:17.507 python3        1784368 nvme1n1 WS   1664371968 131072   18.381
06:11:17.507 python3        1784368 nvme1n1 WS   1664372224 24576    18.404
06:11:17.508 python3        1784366 nvme1n1 WS   1651974144 131072   17.277
06:11:17.508 python3        1784366 nvme1n1 WS   1651974400 131072   17.358
06:11:17.508 python3        1784366 nvme1n1 WS   1651974656 131072   17.437
06:11:17.508 python3        1784366 nvme1n1 WS   1651974912 131072   17.513
06:11:17.508 python3        1784366 nvme1n1 WS   1651975168 131072   17.590
06:11:17.508 python3        1784366 nvme1n1 WS   1651975424 131072   17.672
06:11:17.508 python3        1784366 nvme1n1 WS   1651975680 131072   17.749
06:11:17.508 python3        1784366 nvme1n1 WS   1651975936 131072   17.809
06:11:17.508 python3        1784366 nvme1n1 WS   1651976192 131072   17.889
06:11:17.508 python3        1784366 nvme1n1 WS   1651976448 131072   17.970
06:11:17.508 python3        1784366 nvme1n1 WS   1651976704 131072   18.047
06:11:17.508 python3        1784366 nvme1n1 WS   1651976960 131072   18.124
06:11:17.509 python3        1784366 nvme1n1 WS   1651977216 131072   18.196
06:11:17.509 python3        1784366 nvme1n1 WS   1651977472 131072   18.275
06:11:17.509 python3        1784366 nvme1n1 WS   1651977728 131072   18.349
06:11:17.509 python3        1784366 nvme1n1 WS   1651977984 131072   18.410
06:11:17.509 python3        1784366 nvme1n1 WS   1651978240 131072   18.485
06:11:17.509 python3        1784366 nvme1n1 WS   1651978496 131072   18.566
06:11:17.509 python3        1784366 nvme1n1 WS   1587816448 131072   17.556
06:11:17.509 python3        1784366 nvme1n1 WS   1587816704 131072   17.557
06:11:17.509 python3        1784366 nvme1n1 WS   1587816960 131072   17.626
06:11:17.509 python3        1784366 nvme1n1 WS   1587817216 131072   17.690
06:11:17.509 python3        1784366 nvme1n1 WS   1587817472 131072   17.808
06:11:17.509 python3        1784366 nvme1n1 WS   1587817728 131072   17.878
06:11:17.509 python3        1784366 nvme1n1 WS   1587817984 24576    17.888
06:11:17.510 python3        1784369 nvme1n1 WS   1651982336 131072   12.715
06:11:17.510 python3        1784369 nvme1n1 WS   1651982592 131072   12.777
06:11:17.510 python3        1784369 nvme1n1 WS   1651982848 131072   12.859
06:11:17.510 python3        1784369 nvme1n1 WS   1651983104 131072   12.938
06:11:17.510 python3        1784369 nvme1n1 WS   1651983360 131072   13.019
06:11:17.510 python3        1784369 nvme1n1 WS   1651983616 131072   13.101
06:11:17.510 python3        1784369 nvme1n1 WS   1651983872 131072   13.180
06:11:17.510 python3        1784369 nvme1n1 WS   1651984128 131072   13.290
06:11:17.510 python3        1784369 nvme1n1 WS   1651984384 131072   13.415
06:11:17.510 python3        1784369 nvme1n1 WS   1651984640 131072   13.542
06:11:17.511 python3        1784369 nvme1n1 WS   1651984896 131072   13.667
06:11:17.511 python3        1784369 nvme1n1 WS   1651985152 131072   13.805
06:11:17.511 python3        1784369 nvme1n1 WS   1651985408 131072   13.940
06:11:17.511 python3        1784369 nvme1n1 WS   1651985664 131072   14.080
06:11:17.511 python3        1784369 nvme1n1 WS   1651985920 131072   14.223
06:11:17.511 python3        1784369 nvme1n1 WS   1651986176 131072   14.354
06:11:17.511 python3        1784369 nvme1n1 WS   1651986432 131072   14.498
06:11:17.512 python3        1784369 nvme1n1 WS   1651986688 131072   14.641
06:11:17.512 python3        1784369 nvme1n1 WS   1587824640 131072   13.674
06:11:17.512 python3        1784369 nvme1n1 WS   1587824896 131072   13.797
06:11:17.512 python3        1784369 nvme1n1 WS   1587825152 131072   13.927
06:11:17.512 python3        1784369 nvme1n1 WS   1587825408 131072   14.023
06:11:17.512 python3        1784369 nvme1n1 WS   1587825664 131072   14.104
06:11:17.512 python3        1784369 nvme1n1 WS   1587825920 131072   14.188
06:11:17.512 python3        1784369 nvme1n1 WS   1587826176 24576    14.203
06:11:18.434 nvme           1901234 Unknown N    -1         512       0.084
06:11:19.072 kworker        1790484 nvme1n1 WM   40         4096      0.109
06:11:19.072 kworker        1790484 nvme1n1 WM   288        8192      0.113
06:11:19.072 kworker        1790484 nvme1n1 WM   752        4096      0.113
06:11:19.072 kworker        1790484 nvme1n1 WM   71303296   4096      0.122
06:11:19.072 kworker        1790484 nvme1n1 WM   71303448   4096      0.124
06:11:19.072 kworker        1790484 nvme1n1 WM   461373448  4096      0.124
06:11:19.072 kworker        1790484 nvme1n1 WM   461373696  8192      0.124
06:11:19.072 kworker        1790484 nvme1n1 WM   461374256  8192      0.126
06:11:19.072 kworker        1790484 nvme1n1 WM   591396872  4096      0.131
06:11:19.072 kworker        1790484 nvme1n1 WM   591677512  4096      0.133
06:11:19.072 kworker        1790484 nvme1n1 WM   591681224  4096      0.136
06:11:19.072 kworker        1790484 nvme1n1 WM   591681392  4096      0.141
06:11:19.072 kworker        1790484 nvme1n1 WM   591682096  4096      0.142
06:11:19.072 kworker        1790484 nvme1n1 WM   608174088  4096      0.142
06:11:19.072 kworker        1790484 nvme1n1 WM   1493172504 4096      0.143
06:11:19.072 kworker        1790484 nvme1n1 WM   1572864128 4096      0.144
06:11:19.072 kworker        1790484 nvme1n1 WM   1572864280 4096      0.045
06:11:19.072 kworker        1790484 nvme1n1 WM   1631584368 4096      0.046
06:11:19.072 kworker        1790484 nvme1n1 WM   1635446248 4096      0.053
06:11:19.072 kworker        1790484 nvme1n1 WM   1707383280 4096      0.053
06:11:19.072 kworker        1790484 nvme1n1 WM   1707589104 4096      0.054
06:11:19.437 nvme           1901243 Unknown N    -1         512       0.139
06:11:19.437 jbd2/nv        752     nvme1n1 WSM  876918368  131072    0.160
06:11:19.437 jbd2/nv        752     nvme1n1 WSM  876918624  131072    0.206
06:11:19.437 jbd2/nv        752     nvme1n1 WSM  876918880  20480     0.206
06:11:19.437 jbd2/nv        752     nvme1n1 WSM  876918920  4096      0.034
06:11:20.439 nvme           1901247 Unknown N    -1         512       0.031
06:11:21.425 amoprof        1787544 nvme1n1 W    608778520  4096      0.055
