TIMESTAMP    COMM           PID     DISK    T    SECTOR     BYTES   LAT(ms)
09:57:25.405 nvme           2258779 Unknown N    -1         512       0.034
09:57:26.048 kworker        2245045 nvme1n1 W    1579745768 4096      0.065
09:57:26.048 kworker        2245045 nvme1n1 W    1179772280 94208     0.130
09:57:26.407 nvme           2258840 Unknown N    -1         512       0.036
09:57:27.409 nvme           2258845 Unknown N    -1         512       0.029
09:57:28.412 nvme           2258859 Unknown N    -1         512       0.027
09:57:29.414 nvme           2258874 Unknown N    -1         512       0.029
09:57:29.433 dockerd        1436    nvme1n1 WS   847972800  4096      0.052
09:57:29.433 jbd2/nv        752     nvme1n1 WSM  878088128  94208     0.113
09:57:29.433 jbd2/nv        752     nvme1n1 WSM  878088312  4096      0.028
09:57:29.433 dockerd        1436    nvme1n1 WS   847972808  4096      0.036
09:57:29.433 jbd2/nv        752     nvme1n1 WSM  878088320  40960     0.059
09:57:29.433 jbd2/nv        752     nvme1n1 WSM  878088400  4096      0.026
09:57:29.462 contain        1195    nvme1n1 WS   1730873944 4096      0.067
09:57:29.462 contain        1195    nvme1n1 WS   1730874064 4096      0.079
09:57:29.462 contain        1195    nvme1n1 WS   1730874080 4096      0.080
09:57:29.462 contain        1195    nvme1n1 WS   1730874200 4096      0.081
09:57:29.462 contain        1195    nvme1n1 WS   1429520    4096      0.033
09:57:29.483 dockerd        1436    nvme1n1 WS   1323328    4096      0.066
09:57:29.483 dockerd        1436    nvme1n1 WS   1757812080 4096      0.076
09:57:29.483 dockerd        1436    nvme1n1 WS   1757812104 8192      0.076
09:57:29.483 dockerd        1436    nvme1n1 WS   1323312    4096      0.031
09:57:29.502 dockerd        1436    nvme1n1 WS   1539981568 4096      0.063
09:57:29.502 dockerd        1436    nvme1n1 WS   1518910992 4096      0.071
09:57:29.502 dockerd        1436    nvme1n1 WS   1757812072 4096      0.072
09:57:29.502 dockerd        1436    nvme1n1 WS   1757812120 8192      0.077
09:57:29.502 dockerd        1436    nvme1n1 WS   1323304    4096      0.030
09:57:29.502 dockerd        1436    nvme1n1 W    723862792  4096      0.032
09:57:29.502 dockerd        1436    nvme1n1 WS   1757812080 16384     0.043
09:57:29.502 dockerd        1436    nvme1n1 WS   1323312    4096      0.033
09:57:29.551 dockerd        1436    nvme1n1 WS   1539981568 4096      0.060
09:57:29.551 dockerd        1436    nvme1n1 WS   1518910992 4096      0.066
09:57:29.551 dockerd        1436    nvme1n1 WS   1757812072 4096      0.067
09:57:29.551 dockerd        1436    nvme1n1 WS   1757812112 4096      0.068
09:57:29.551 dockerd        1436    nvme1n1 WS   1323304    4096      0.029
09:57:29.552 dockerd        1436    nvme1n1 WS   1323328    4096      0.039
09:57:29.552 dockerd        1436    nvme1n1 WS   1757812088 12288     0.047
09:57:29.552 dockerd        1436    nvme1n1 WS   1323312    4096      0.027
09:57:29.552 kworker        2245045 nvme1n1 W    1618071040 8192      0.059
09:57:29.552 kworker        2211508 nvme1n1 W    1565495328 4096      0.060
09:57:29.552 kworker        2211508 nvme1n1 W    1622538800 4096      0.066
09:57:29.552 kworker        2211508 nvme1n1 W    1250483792 4096      0.067
09:57:29.552 kworker        2251649 nvme1n1 W    617024896  49152     0.077
09:57:29.553 kworker        2236122 nvme1n1 W    1251180184 8192      0.122
09:57:29.553 kworker        2236122 nvme1n1 W    1664460416 4096      0.107
09:57:29.553 kworker        2236122 nvme1n1 W    616986072  122880    0.198
09:57:29.553 kworker        2236122 nvme1n1 W    616986312  118784    0.273
09:57:29.553 kworker        2236122 nvme1n1 W    616986544  32768     0.292
09:57:29.553 kworker        2236122 nvme1n1 W    1665075552 131072    0.374
09:57:29.553 kworker        2236122 nvme1n1 W    1665075808 61440     0.409
09:57:29.553 kworker        2236122 nvme1n1 W    616986608  32768     0.427
09:57:29.553 kworker        2236122 nvme1n1 W    1735278576 131072    0.505
09:57:29.553 kworker        2236122 nvme1n1 W    1735278832 90112     0.556
09:57:29.554 kworker        2236122 nvme1n1 W    1561708248 77824     0.604
09:57:29.554 kworker        2236122 nvme1n1 W    616986672  45056     0.644
09:57:29.554 kworker        2236122 nvme1n1 W    1733462784 94208     0.682
09:57:29.554 kworker        2236122 nvme1n1 W    616986760  90112     0.738
09:57:29.554 kworker        2236122 nvme1n1 W    1665009584 131072    0.816
09:57:29.554 kworker        2236122 nvme1n1 W    1665009840 61440     0.852
09:57:29.554 kworker        2236122 nvme1n1 W    1579745768 4096      0.084
09:57:29.554 kworker        2236122 nvme1n1 W    616986936  32768     0.111
09:57:29.554 kworker        2236122 nvme1n1 W    1735283200 131072    0.205
09:57:29.554 kworker        2236122 nvme1n1 W    1735283456 90112     0.251
09:57:29.554 kworker        2236122 nvme1n1 W    1561724632 77824     0.306
09:57:29.554 kworker        2236122 nvme1n1 W    616987000  131072    0.392
09:57:29.554 kworker        2236122 nvme1n1 W    616987256  81920     0.440
09:57:29.554 kworker        2236122 nvme1n1 W    1665009960 131072    0.516
09:57:29.554 kworker        2236122 nvme1n1 W    1665010216 61440     0.554
09:57:29.554 kworker        2236122 nvme1n1 W    616987416  32768     0.574
09:57:29.555 kworker        2236122 nvme1n1 W    725032856  131072    0.650
09:57:29.555 kworker        2236122 nvme1n1 W    725033112  90112     0.703
09:57:29.555 kworker        2236122 nvme1n1 W    1561814544 77824     0.750
09:57:29.555 kworker        2236122 nvme1n1 W    616987480  49152     0.780
09:57:29.555 dockerd        1436    nvme1n1 WM   304        4096      0.636
09:57:29.555 dockerd        1436    nvme1n1 WM   568        4096      0.640
09:57:29.555 dockerd        1436    nvme1n1 WM   608        4096      0.640
09:57:29.555 dockerd        1436    nvme1n1 WM   712        4096      0.648
09:57:29.555 dockerd        1436    nvme1n1 WM   760        4096      0.650
09:57:29.555 dockerd        1436    nvme1n1 WM   461373728  4096      0.649
09:57:29.555 dockerd        1436    nvme1n1 WM   591667280  4096      0.651
09:57:29.555 dockerd        1436    nvme1n1 WM   591667432  4096      0.658
09:57:29.555 dockerd        1436    nvme1n1 WM   591667576  4096      0.659
09:57:29.555 dockerd        1436    nvme1n1 WM   591668504  4096      0.659
09:57:29.555 dockerd        1436    nvme1n1 WM   591668648  4096      0.661
09:57:29.555 dockerd        1436    nvme1n1 WM   591669240  4096      0.663
09:57:29.555 dockerd        1436    nvme1n1 WM   616562704  4096      0.663
09:57:29.555 dockerd        1436    nvme1n1 WM   620757000  4096      0.665
09:57:29.555 dockerd        1436    nvme1n1 WM   620757128  4096      0.666
09:57:29.555 dockerd        1436    nvme1n1 WM   721420304  4096      0.664
09:57:29.555 dockerd        1436    nvme1n1 WM   83886352   12288     0.678
09:57:29.555 dockerd        1436    nvme1n1 WM   620761384  24576     0.685
09:57:29.555 dockerd        1436    nvme1n1 WM   620761568  12288     0.693
09:57:29.555 jbd2/nv        752     nvme1n1 WSM  878088408  131072    0.748
09:57:29.555 jbd2/nv        752     nvme1n1 WSM  878088664  122880    0.795
09:57:29.555 dockerd        1436    nvme1n1 WM   722168776  8192      0.134
09:57:29.555 dockerd        1436    nvme1n1 WM   722185712  8192      0.142
09:57:29.555 dockerd        1436    nvme1n1 WM   1174405240 4096      0.144
09:57:29.555 dockerd        1436    nvme1n1 WM   1178599456 4096      0.145
09:57:29.555 dockerd        1436    nvme1n1 WM   1254096920 4096      0.149
09:57:29.555 dockerd        1436    nvme1n1 WM   1258291320 4096      0.150
09:57:29.555 dockerd        1436    nvme1n1 WM   1484783704 4096      0.152
09:57:29.555 dockerd        1436    nvme1n1 WM   1537531016 4096      0.156
09:57:29.555 dockerd        1436    nvme1n1 WM   1577058344 4096      0.158
09:57:29.555 dockerd        1436    nvme1n1 WM   1577058368 4096      0.158
09:57:29.555 dockerd        1436    nvme1n1 WM   722168800  16384     0.171
09:57:29.555 kworker        2251649 nvme1n1 WS   617024992  4096      0.089
09:57:29.555 jbd2/nv        752     nvme1n1 WSM  878088904  4096      0.034
09:57:29.555 kworker        2251649 nvme1n1 WS   617024992  4096      0.029
09:57:29.555 jbd2/nv        752     nvme1n1 WSM  878088912  45056     0.068
09:57:29.555 jbd2/nv        752     nvme1n1 WSM  878089000  4096      0.030
09:57:29.555 dockerd        1436    nvme1n1 WSM  0          4096      0.098
09:57:29.555 dockerd        1436    nvme1n1 WSM  48         4096      0.099
09:57:29.555 dockerd        1436    nvme1n1 WSM  224        4096      0.100
09:57:29.555 dockerd        1436    nvme1n1 WSM  288        8192      0.106
09:57:29.555 dockerd        1436    nvme1n1 WSM  352        4096      0.108
09:57:29.555 dockerd        1436    nvme1n1 WSM  408        4096      0.111
09:57:29.555 dockerd        1436    nvme1n1 WSM  600        4096      0.113
09:57:29.555 dockerd        1436    nvme1n1 WSM  744        8192      0.115
09:57:29.556 dockerd        1436    nvme1n1 WSM  776        4096      0.127
09:57:29.556 dockerd        1436    nvme1n1 WSM  800        4096      0.128
09:57:29.556 dockerd        1436    nvme1n1 WSM  832        4096      0.132
09:57:29.556 dockerd        1436    nvme1n1 WSM  83886208   4096      0.135
09:57:29.556 dockerd        1436    nvme1n1 WSM  83886344   4096      0.137
09:57:29.556 dockerd        1436    nvme1n1 WSM  83886376   8192      0.142
09:57:29.556 dockerd        1436    nvme1n1 WSM  461373568  4096      0.144
09:57:29.556 dockerd        1436    nvme1n1 WSM  461373696  4096      0.149
09:57:29.556 dockerd        1436    nvme1n1 WSM  461374248  4096      0.150
09:57:29.556 dockerd        1436    nvme1n1 WSM  591396872  4096      0.151
09:57:29.556 dockerd        1436    nvme1n1 WSM  591663072  4096      0.151
09:57:29.556 dockerd        1436    nvme1n1 WSM  616562696  4096      0.158
09:57:29.556 dockerd        1436    nvme1n1 WSM  616573368  4096      0.160
09:57:29.556 dockerd        1436    nvme1n1 WSM  616573448  4096      0.161
09:57:29.556 dockerd        1436    nvme1n1 WSM  721420360  4096      0.163
09:57:29.556 dockerd        1436    nvme1n1 WSM  721420392  4096      0.164
09:57:29.556 dockerd        1436    nvme1n1 WSM  847249424  4096      0.164
09:57:29.556 dockerd        1436    nvme1n1 WSM  1249902608 4096      0.166
09:57:29.556 dockerd        1436    nvme1n1 WSM  1249902624 4096      0.170
09:57:29.556 dockerd        1436    nvme1n1 WSM  1484789216 4096      0.170
09:57:29.556 dockerd        1436    nvme1n1 WSM  1485401008 4096      0.172
09:57:29.556 dockerd        1436    nvme1n1 WSM  1493172480 4096      0.174
09:57:29.556 dockerd        1436    nvme1n1 WSM  620761432  65536     0.223
09:57:29.556 dockerd        1436    nvme1n1 WSM  1493172504 4096      0.054
09:57:29.556 dockerd        1436    nvme1n1 WSM  1532036064 4096      0.061
09:57:29.556 dockerd        1436    nvme1n1 WSM  1532037512 4096      0.066
09:57:29.556 dockerd        1436    nvme1n1 WSM  1556086856 4096      0.068
09:57:29.556 dockerd        1436    nvme1n1 WSM  1560281128 4096      0.069
09:57:29.556 dockerd        1436    nvme1n1 WSM  1614807136 4096      0.071
09:57:29.556 dockerd        1436    nvme1n1 WSM  1660944504 4096      0.073
09:57:29.556 dockerd        1436    nvme1n1 WSM  1707383280 4096      0.078
09:57:29.556 dockerd        1436    nvme1n1 WSM  1732247584 4096      0.078
09:57:29.556 dockerd        1436    nvme1n1 WSM  1732247640 4096      0.079
09:57:29.556 dockerd        1436    nvme1n1 WS   1178481344 4096      0.036
09:57:29.557 jbd2/nv        752     nvme1n1 WSM  878089008  57344     0.073
09:57:29.557 jbd2/nv        752     nvme1n1 WSM  878089120  4096      0.028
09:57:29.557 dockerd        1436    nvme1n1 WS   1178481352 4096      0.031
09:57:29.557 jbd2/nv        752     nvme1n1 WSM  878089128  40960     0.059
09:57:29.557 jbd2/nv        752     nvme1n1 WSM  878089208  4096      0.028
09:57:29.557 dockerd        1436    nvme1n1 WS   1178481360 4096      0.032
09:57:29.557 jbd2/nv        752     nvme1n1 WSM  878089216  40960     0.058
09:57:29.557 jbd2/nv        752     nvme1n1 WSM  878089296  4096      0.028
09:57:29.558 dockerd        1436    nvme1n1 WS   1178481368 4096      0.028
09:57:29.558 jbd2/nv        752     nvme1n1 WSM  878089304  32768     0.051
09:57:29.558 jbd2/nv        752     nvme1n1 WSM  878089368  4096      0.027
09:57:29.559 contain        1195    nvme1n1 WS   1730873960 4096      0.040
09:57:29.559 contain        1195    nvme1n1 WS   1730874104 16384     0.054
09:57:29.559 contain        1195    nvme1n1 WS   1429528    4096      0.027
09:57:29.564 contain        1195    nvme1n1 WS   1730874064 4096      0.057
09:57:29.564 contain        1195    nvme1n1 WS   1730874080 4096      0.065
09:57:29.564 contain        1195    nvme1n1 WS   1730874096 4096      0.066
09:57:29.564 contain        1195    nvme1n1 WS   1730874136 8192      0.071
09:57:29.564 contain        1195    nvme1n1 WS   1730874168 4096      0.072
09:57:29.564 contain        1195    nvme1n1 WS   1429520    4096      0.028
09:57:29.565 contain        1195    nvme1n1 WS   311201600  4096      0.057
09:57:29.565 contain        1195    nvme1n1 WS   1725789792 4096      0.065
09:57:29.565 contain        1195    nvme1n1 WS   1725789864 4096      0.067
09:57:29.565 contain        1195    nvme1n1 WS   1725789888 4096      0.068
09:57:29.565 contain        1195    nvme1n1 WS   1725789912 4096      0.075
09:57:29.565 contain        1195    nvme1n1 WS   1725789928 8192      0.076
09:57:29.565 contain        1195    nvme1n1 WS   1707371880 4096      0.029
09:57:29.565 contain        1195    nvme1n1 WS   1725789816 4096      0.039
09:57:29.565 contain        1195    nvme1n1 WS   1725789848 4096      0.041
09:57:29.565 contain        1195    nvme1n1 WS   1725789944 20480     0.050
09:57:29.565 contain        1195    nvme1n1 WS   1707371888 4096      0.027
09:57:29.566 contain        1195    nvme1n1 WS   311201600  4096      0.032
09:57:29.566 contain        1195    nvme1n1 WS   1707371880 4096      0.027
09:57:30.416 nvme           2258922 Unknown N    -1         512       0.032
09:57:31.418 nvme           2258929 Unknown N    -1         512       0.032
09:57:32.421 nvme           2258937 Unknown N    -1         512       0.031
09:57:33.423 nvme           2258951 Unknown N    -1         512       0.028
09:57:34.425 nvme           2258966 Unknown N    -1         512       0.030
09:57:34.752 jbd2/nv        752     nvme1n1 WSM  878089376  131072    0.170
09:57:34.752 jbd2/nv        752     nvme1n1 WSM  878089632  45056     0.175
09:57:34.752 jbd2/nv        752     nvme1n1 WSM  878089720  4096      0.032
09:57:35.091 contain        1195    nvme1n1 WS   1730874008 4096      0.065
09:57:35.091 contain        1195    nvme1n1 WS   1730874032 4096      0.072
09:57:35.091 contain        1195    nvme1n1 WS   1730874112 12288     0.076
09:57:35.091 contain        1195    nvme1n1 WS   1429528    4096      0.028
09:57:35.091 contain        1195    nvme1n1 WS   1730873960 4096      0.045
09:57:35.091 contain        1195    nvme1n1 WS   1730874104 4096      0.053
09:57:35.091 contain        1195    nvme1n1 WS   1730874136 12288     0.057
09:57:35.091 contain        1195    nvme1n1 WS   1429520    4096      0.027
09:57:35.091 contain        1195    nvme1n1 WS   1725789792 4096      0.050
09:57:35.091 contain        1195    nvme1n1 WS   1725789824 4096      0.057
09:57:35.091 contain        1195    nvme1n1 WS   1725789888 4096      0.063
09:57:35.091 contain        1195    nvme1n1 WS   1725789912 4096      0.064
09:57:35.091 contain        1195    nvme1n1 WS   1725789928 8192      0.064
09:57:35.091 contain        1195    nvme1n1 WS   1725789976 4096      0.065
09:57:35.091 contain        1195    nvme1n1 WS   1707371888 4096      0.028
09:57:35.092 contain        1195    nvme1n1 WS   1730874080 4096      0.041
09:57:35.092 contain        1195    nvme1n1 WS   1730874096 4096      0.044
09:57:35.092 contain        1195    nvme1n1 WS   1730874112 12288     0.048
09:57:35.092 contain        1195    nvme1n1 WS   1730874160 36864     0.072
09:57:35.092 contain        1195    nvme1n1 WS   1429528    4096      0.026
09:57:35.093 kworker        2211508 nvme1n1 W    1618071048 4096      0.038
09:57:35.093 kworker        2211508 nvme1n1 W    617024992  4096      0.045
09:57:35.093 kworker        2211508 nvme1n1 W    1579745768 4096      0.048
09:57:35.093 kworker        2211508 nvme1n1 W    1744053208 4096      0.052
09:57:35.093 kworker        2211508 nvme1n1 W    1744053720 4096      0.053
09:57:35.093 kworker        2211508 nvme1n1 W    1250483800 32768     0.070
09:57:35.093 jbd2/nv        752     nvme1n1 WSM  878089728  122880    0.145
09:57:35.093 dockerd        1436    nvme1n1 WM   224        4096      0.134
09:57:35.093 dockerd        1436    nvme1n1 WM   296        4096      0.139
09:57:35.093 dockerd        1436    nvme1n1 WM   352        4096      0.141
09:57:35.093 dockerd        1436    nvme1n1 WM   408        4096      0.144
09:57:35.093 dockerd        1436    nvme1n1 WM   568        4096      0.147
09:57:35.093 dockerd        1436    nvme1n1 WM   712        4096      0.148
09:57:35.093 dockerd        1436    nvme1n1 WM   760        4096      0.148
09:57:35.093 dockerd        1436    nvme1n1 WM   461373568  4096      0.150
09:57:35.093 dockerd        1436    nvme1n1 WM   461373696  8192      0.150
09:57:35.093 dockerd        1436    nvme1n1 WM   461374248  4096      0.153
09:57:35.093 dockerd        1436    nvme1n1 WM   616562696  8192      0.156
09:57:35.093 dockerd        1436    nvme1n1 WM   721420360  4096      0.157
09:57:35.093 dockerd        1436    nvme1n1 WM   847249424  4096      0.162
09:57:35.093 dockerd        1436    nvme1n1 WM   1174405240 4096      0.163
09:57:35.093 dockerd        1436    nvme1n1 WM   1484783704 4096      0.163
09:57:35.093 dockerd        1436    nvme1n1 WM   83886352   20480     0.178
09:57:35.093 jbd2/nv        752     nvme1n1 WSM  878089968  4096      0.039
09:57:35.093 dockerd        1436    nvme1n1 WM   1577058344 4096      0.034
09:57:35.093 dockerd        1436    nvme1n1 WM   1705582584 4096      0.035
09:57:35.093 dockerd        1436    nvme1n1 WM   1707589104 4096      0.042
09:57:35.093 kworker        2211508 nvme1n1 WS   1250483808 4096      0.035
09:57:35.093 kworker        2211508 nvme1n1 WS   1250483864 4096      0.037
09:57:35.093 jbd2/nv        752     nvme1n1 WSM  878089976  24576     0.046
09:57:35.093 jbd2/nv        752     nvme1n1 WSM  878090024  4096      0.027
09:57:35.094 dockerd        1436    nvme1n1 WSM  0          4096      0.074
09:57:35.094 dockerd        1436    nvme1n1 WSM  48         4096      0.075
09:57:35.094 dockerd        1436    nvme1n1 WSM  152        4096      0.081
09:57:35.094 dockerd        1436    nvme1n1 WSM  288        4096      0.082
09:57:35.094 dockerd        1436    nvme1n1 WSM  600        4096      0.082
09:57:35.094 dockerd        1436    nvme1n1 WSM  832        4096      0.082
09:57:35.094 dockerd        1436    nvme1n1 WSM  83886208   4096      0.088
09:57:35.094 dockerd        1436    nvme1n1 WSM  83886336   8192      0.088
09:57:35.094 dockerd        1436    nvme1n1 WSM  310378504  4096      0.092
09:57:35.094 dockerd        1436    nvme1n1 WSM  310881784  4096      0.096
09:57:35.094 dockerd        1436    nvme1n1 WSM  591396872  4096      0.103
09:57:35.094 dockerd        1436    nvme1n1 WSM  591662632  4096      0.104
09:57:35.094 dockerd        1436    nvme1n1 WSM  591663008  4096      0.109
09:57:35.094 dockerd        1436    nvme1n1 WSM  591663072  4096      0.110
09:57:35.094 dockerd        1436    nvme1n1 WSM  591663296  4096      0.111
09:57:35.094 dockerd        1436    nvme1n1 WSM  591663848  4096      0.114
09:57:35.094 dockerd        1436    nvme1n1 WSM  591664888  4096      0.052
09:57:35.094 dockerd        1436    nvme1n1 WSM  591666224  4096      0.054
09:57:35.094 dockerd        1436    nvme1n1 WSM  616573448  4096      0.059
09:57:35.094 dockerd        1436    nvme1n1 WSM  616573624  4096      0.060
09:57:35.094 dockerd        1436    nvme1n1 WSM  1249902608 4096      0.065
09:57:35.094 dockerd        1436    nvme1n1 WSM  1484789216 4096      0.066
09:57:35.094 dockerd        1436    nvme1n1 WSM  1493172480 8192      0.069
09:57:35.094 dockerd        1436    nvme1n1 WSM  1532097824 4096      0.073
09:57:35.094 dockerd        1436    nvme1n1 WSM  1705656312 4096      0.077
09:57:35.094 dockerd        1436    nvme1n1 WSM  1740636264 4096      0.078
09:57:35.095 contain        1195    nvme1n1 WS   311201600  4096      0.050
09:57:35.095 contain        1195    nvme1n1 WS   1725789816 4096      0.059
09:57:35.095 contain        1195    nvme1n1 WS   1725789848 4096      0.060
09:57:35.095 contain        1195    nvme1n1 WS   1725789944 16384     0.065
09:57:35.095 contain        1195    nvme1n1 WS   1707371880 4096      0.027
09:57:35.095 contain        1195    nvme1n1 WS   1730873960 8192      0.057
09:57:35.095 contain        1195    nvme1n1 WS   1730874008 4096      0.064
09:57:35.095 contain        1195    nvme1n1 WS   1730874032 4096      0.073
09:57:35.095 contain        1195    nvme1n1 WS   1730874072 4096      0.075
09:57:35.095 contain        1195    nvme1n1 WS   1730874104 4096      0.076
09:57:35.095 contain        1195    nvme1n1 WS   1730874232 8192      0.076
09:57:35.095 contain        1195    nvme1n1 WS   1730873904 12288     0.088
09:57:35.095 contain        1195    nvme1n1 WS   1730874136 12288     0.089
09:57:35.095 contain        1195    nvme1n1 WS   1429520    4096      0.029
09:57:35.095 contain        1195    nvme1n1 WS   1730874080 4096      0.048
09:57:35.095 contain        1195    nvme1n1 WS   1730874096 4096      0.054
09:57:35.095 contain        1195    nvme1n1 WS   1730874112 12288     0.055
09:57:35.095 contain        1195    nvme1n1 WS   1429528    4096      0.026
09:57:35.096 contain        1195    nvme1n1 WS   1725789792 4096      0.049
09:57:35.096 contain        1195    nvme1n1 WS   1725789824 4096      0.054
09:57:35.096 contain        1195    nvme1n1 WS   1725789888 4096      0.062
09:57:35.096 contain        1195    nvme1n1 WS   1725789912 4096      0.064
09:57:35.096 contain        1195    nvme1n1 WS   1725789928 8192      0.066
09:57:35.096 contain        1195    nvme1n1 WS   1725789976 4096      0.069
09:57:35.096 contain        1195    nvme1n1 WS   1707371888 4096      0.027
09:57:35.096 contain        1195    nvme1n1 WS   1730874136 45056     0.066
09:57:35.096 contain        1195    nvme1n1 WS   1429520    4096      0.027
09:57:35.097 kworker        2236122 nvme1n1 W    1250483864 4096      0.038
09:57:35.097 kworker        2236122 nvme1n1 W    616987576  4096      0.043
09:57:35.097 jbd2/nv        752     nvme1n1 WSM  878090032  114688    0.123
09:57:35.097 jbd2/nv        752     nvme1n1 WSM  878090256  4096      0.028
09:57:35.097 jbd2/nv        752     nvme1n1 WSM  878090264  8192      0.031
09:57:35.097 jbd2/nv        752     nvme1n1 WSM  878090280  4096      0.026
09:57:35.098 dockerd        1436    nvme1n1 WSM  0          4096      0.085
09:57:35.098 dockerd        1436    nvme1n1 WSM  48         4096      0.090
09:57:35.098 dockerd        1436    nvme1n1 WSM  224        4096      0.097
09:57:35.098 dockerd        1436    nvme1n1 WSM  288        8192      0.097
09:57:35.098 dockerd        1436    nvme1n1 WSM  83886208   4096      0.099
09:57:35.098 dockerd        1436    nvme1n1 WSM  83886336   8192      0.100
09:57:35.098 dockerd        1436    nvme1n1 WSM  461373568  4096      0.101
09:57:35.098 dockerd        1436    nvme1n1 WSM  461373696  8192      0.106
09:57:35.098 dockerd        1436    nvme1n1 WSM  461374248  4096      0.107
09:57:35.098 dockerd        1436    nvme1n1 WSM  591396872  4096      0.108
09:57:35.098 dockerd        1436    nvme1n1 WSM  591666736  4096      0.116
09:57:35.098 dockerd        1436    nvme1n1 WSM  591667272  8192      0.116
09:57:35.098 dockerd        1436    nvme1n1 WSM  591667432  4096      0.119
09:57:35.098 dockerd        1436    nvme1n1 WSM  591667576  4096      0.123
09:57:35.098 dockerd        1436    nvme1n1 WSM  591667744  4096      0.124
09:57:35.098 dockerd        1436    nvme1n1 WSM  591668504  4096      0.124
09:57:35.098 dockerd        1436    nvme1n1 WSM  616562696  4096      0.043
09:57:35.098 dockerd        1436    nvme1n1 WSM  620761560  4096      0.045
09:57:35.098 dockerd        1436    nvme1n1 WSM  1493172480 8192      0.051
09:57:35.098 dockerd        1436    nvme1n1 WSM  1705582584 4096      0.053
09:57:35.098 dockerd        1436    nvme1n1 WSM  1705656312 4096      0.057
09:57:35.098 dockerd        1436    nvme1n1 WSM  1707589104 4096      0.057
09:57:35.098 dockerd        1436    nvme1n1 WS   1558539520 4096      0.034
09:57:35.098 jbd2/nv        752     nvme1n1 WSM  878090288  57344     0.075
09:57:35.098 jbd2/nv        752     nvme1n1 WSM  878090400  4096      0.028
09:57:35.099 dockerd        1436    nvme1n1 WS   1558539528 4096      0.032
09:57:35.099 jbd2/nv        752     nvme1n1 WSM  878090408  24576     0.045
09:57:35.099 jbd2/nv        752     nvme1n1 WSM  878090456  4096      0.026
09:57:35.103 dockerd        1436    nvme1n1 WS   847972816  4096      0.035
09:57:35.103 jbd2/nv        752     nvme1n1 WSM  878090464  81920     0.096
09:57:35.103 jbd2/nv        752     nvme1n1 WSM  878090624  4096      0.027
09:57:35.103 dockerd        1436    nvme1n1 WS   1518910992 4096      0.040
09:57:35.103 dockerd        1436    nvme1n1 WS   1757812064 8192      0.047
09:57:35.103 dockerd        1436    nvme1n1 WS   1757812112 4096      0.052
09:57:35.103 dockerd        1436    nvme1n1 WS   1323304    4096      0.026
09:57:35.104 contain        1195    nvme1n1 WS   1730873960 4096      0.046
09:57:35.104 contain        1195    nvme1n1 WS   1730874072 8192      0.050
09:57:35.104 contain        1195    nvme1n1 WS   1730873904 12288     0.059
09:57:35.104 contain        1195    nvme1n1 WS   1429528    4096      0.034
09:57:35.105 contain        1195    nvme1n1 WS   1730873952 4096      0.044
09:57:35.105 contain        1195    nvme1n1 WS   1730874096 4096      0.050
09:57:35.105 contain        1195    nvme1n1 WS   1730874112 12288     0.054
09:57:35.105 contain        1195    nvme1n1 WS   1730874192 16384     0.058
09:57:35.105 contain        1195    nvme1n1 WS   1429520    4096      0.027
09:57:35.105 contain        1195    nvme1n1 WS   1730873944 4096      0.050
09:57:35.105 contain        1195    nvme1n1 WS   1730873960 4096      0.056
09:57:35.105 contain        1195    nvme1n1 WS   1730874072 8192      0.057
09:57:35.105 contain        1195    nvme1n1 WS   1730874224 4096      0.058
09:57:35.105 contain        1195    nvme1n1 WS   1429528    4096      0.030
09:57:35.117 contain        1195    nvme1n1 WS   1429520    4096      0.032
09:57:35.174 dockerd        1436    nvme1n1 W    1251625040 4096      0.036
09:57:35.180 dockerd        1436    nvme1n1 WS   1323328    4096      0.040
09:57:35.180 dockerd        1436    nvme1n1 WS   1757812088 12288     0.048
09:57:35.180 dockerd        1436    nvme1n1 WS   1323312    4096      0.027
09:57:35.180 dockerd        1436    nvme1n1 WS   1539981568 4096      0.039
09:57:35.180 dockerd        1436    nvme1n1 WS   1757812064 8192      0.047
09:57:35.180 dockerd        1436    nvme1n1 WS   1757812112 4096      0.048
09:57:35.180 dockerd        1436    nvme1n1 WS   1323304    4096      0.028
09:57:35.182 dockerd        1436    nvme1n1 W    1251625048 4096      0.034
09:57:35.182 dockerd        1436    nvme1n1 WS   1251625056 4096      0.030
09:57:35.182 jbd2/nv        752     nvme1n1 WSM  878090632  77824     0.093
09:57:35.182 jbd2/nv        752     nvme1n1 WSM  878090784  4096      0.030
09:57:35.182 dockerd        1436    nvme1n1 WS   1757812080 16384     0.040
09:57:35.182 dockerd        1436    nvme1n1 WS   1323312    4096      0.026
09:57:35.193 dockerd        1436    nvme1n1 WS   1518910992 4096      0.043
09:57:35.193 dockerd        1436    nvme1n1 WS   1757812064 8192      0.048
09:57:35.193 dockerd        1436    nvme1n1 WS   1757812112 4096      0.050
09:57:35.193 dockerd        1436    nvme1n1 WS   1323304    4096      0.026
09:57:35.193 dockerd        1436    nvme1n1 WS   1323328    4096      0.036
09:57:35.193 dockerd        1436    nvme1n1 WS   1757812120 4096      0.038
09:57:35.193 dockerd        1436    nvme1n1 WS   1757812088 12288     0.044
09:57:35.193 dockerd        1436    nvme1n1 WS   1323312    4096      0.026
09:57:35.193 dockerd        1436    nvme1n1 WS   1251625064 4096      0.029
09:57:35.193 jbd2/nv        752     nvme1n1 WSM  878090792  45056     0.064
09:57:35.194 jbd2/nv        752     nvme1n1 WSM  878090880  4096      0.032
09:57:35.200 dockerd        1436    nvme1n1 WS   1251625072 4096      0.032
09:57:35.201 jbd2/nv        752     nvme1n1 WSM  878090888  45056     0.065
09:57:35.201 jbd2/nv        752     nvme1n1 WSM  878090976  4096      0.027
09:57:35.201 dockerd        1436    nvme1n1 WS   1251625080 4096      0.030
09:57:35.201 jbd2/nv        752     nvme1n1 WSM  878090984  32768     0.051
09:57:35.201 jbd2/nv        752     nvme1n1 WSM  878091048  4096      0.030
09:57:35.412 amoprof        2179165 nvme1n1 W    1254750288 4096      0.042
