TIMESTAMP    COMM           PID     DISK    T    SECTOR     BYTES   LAT(ms)
06:36:36.720 nvme           1947691 Unknown N    -1         512       0.035
06:36:37.664 jbd2/nv        752     nvme1n1 WSM  877184400  131072    0.166
06:36:37.664 jbd2/nv        752     nvme1n1 WSM  877184656  131072    0.204
06:36:37.664 jbd2/nv        752     nvme1n1 WSM  877184912  24576     0.210
06:36:37.664 jbd2/nv        752     nvme1n1 WSM  877184960  4096      0.033
06:36:37.722 nvme           1947746 Unknown N    -1         512       0.029
06:36:38.725 nvme           1947766 Unknown N    -1         512       0.032
06:36:39.727 nvme           1947775 Unknown N    -1         512       0.076
06:36:40.707 python3        1784369 nvme1n1 WS   1634095104 131072    0.232
06:36:40.707 python3        1784369 nvme1n1 WS   1634095360 131072    0.279
06:36:40.707 python3        1784369 nvme1n1 WS   1634095616 131072    0.377
06:36:40.707 python3        1784369 nvme1n1 WS   1634095872 131072    0.447
06:36:40.707 python3        1784369 nvme1n1 WS   1634096128 131072    0.522
06:36:40.707 python3        1784369 nvme1n1 WS   1634096384 131072    0.645
06:36:40.708 python3        1784366 nvme1n1 WS   1634099200 131072    0.732
06:36:40.708 python3        1784366 nvme1n1 WS   1634099456 131072    0.769
06:36:40.708 python3        1784366 nvme1n1 WS   1634099712 131072    0.826
06:36:40.708 python3        1784366 nvme1n1 WS   1634099968 131072    0.903
06:36:40.708 python3        1784366 nvme1n1 WS   1634100224 131072    0.982
06:36:40.708 python3        1784366 nvme1n1 WS   1634100480 131072    1.061
06:36:40.708 python3        1784366 nvme1n1 WS   1634100736 131072    1.141
06:36:40.708 python3        1784366 nvme1n1 WS   1634100992 131072    1.201
06:36:40.708 python3        1784369 nvme1n1 WS   1634096640 131072    1.324
06:36:40.708 python3        1784369 nvme1n1 WS   1634096896 131072    1.393
06:36:40.708 python3        1784369 nvme1n1 WS   1634097152 131072    1.481
06:36:40.708 python3        1784369 nvme1n1 WS   1634097408 131072    1.543
06:36:40.708 python3        1784369 nvme1n1 WS   1634097664 131072    1.622
06:36:40.709 python3        1784369 nvme1n1 WS   1634097920 131072    1.706
06:36:40.709 python3        1784369 nvme1n1 WS   1634098176 131072    1.781
06:36:40.709 python3        1784369 nvme1n1 WS   1634098432 131072    1.863
06:36:40.709 python3        1784369 nvme1n1 WS   1634098688 131072    1.949
06:36:40.709 python3        1784366 nvme1n1 WS   1634101248 131072    2.033
06:36:40.709 python3        1784366 nvme1n1 WS   1634101504 131072    2.110
06:36:40.709 python3        1784366 nvme1n1 WS   1634101760 131072    2.187
06:36:40.709 python3        1784366 nvme1n1 WS   1634102016 131072    2.267
06:36:40.709 python3        1784366 nvme1n1 WS   1634102272 131072    2.344
06:36:40.709 python3        1784366 nvme1n1 WS   1634102528 131072    2.423
06:36:40.709 python3        1784366 nvme1n1 WS   1634102784 131072    2.496
06:36:40.709 python3        1784369 nvme1n1 WS   1634098944 131072    2.578
06:36:40.710 python3        1784369 nvme1n1 WS   1634209792 131072    2.655
06:36:40.710 python3        1784369 nvme1n1 WS   1634210048 131072    2.727
06:36:40.710 python3        1784369 nvme1n1 WS   1634103296 131072    2.805
06:36:40.710 python3        1784369 nvme1n1 WS   1634103552 131072    2.872
06:36:40.710 python3        1784369 nvme1n1 WS   1634103808 131072    2.944
06:36:40.710 python3        1784369 nvme1n1 WS   1634104064 131072    3.019
06:36:40.710 python3        1784369 nvme1n1 WS   1634104320 131072    3.104
06:36:40.710 python3        1784366 nvme1n1 WS   1634103040 131072    3.173
06:36:40.710 python3        1784369 nvme1n1 WS   1634104576 131072    3.250
06:36:40.710 python3        1784366 nvme1n1 WS   1634107392 131072    3.325
06:36:40.710 python3        1784366 nvme1n1 WS   1634107648 131072    3.399
06:36:40.710 python3        1784369 nvme1n1 WS   1634104832 131072    3.484
06:36:40.711 python3        1784369 nvme1n1 WS   1634105088 131072    3.513
06:36:40.711 python3        1784369 nvme1n1 WS   1634105344 131072    3.588
06:36:40.711 python3        1784369 nvme1n1 WS   1634105600 131072    3.663
06:36:40.711 python3        1784369 nvme1n1 WS   1634105856 131072    3.735
06:36:40.711 python3        1784369 nvme1n1 WS   1634106112 131072    3.814
06:36:40.711 python3        1784369 nvme1n1 WS   1634106368 131072    3.885
06:36:40.711 python3        1784369 nvme1n1 WS   1634106624 131072    3.963
06:36:40.711 python3        1784369 nvme1n1 WS   1634106880 131072    4.034
06:36:40.711 python3        1784369 nvme1n1 WS   1634107136 131072    4.090
06:36:40.711 python3        1784369 nvme1n1 WS   1634115584 131072    4.162
06:36:40.711 python3        1784369 nvme1n1 WS   1634115840 131072    4.238
06:36:40.711 python3        1784369 nvme1n1 WS   1634111488 131072    4.330
06:36:40.711 python3        1784369 nvme1n1 WS   1634111744 131072    4.396
06:36:40.711 python3        1784369 nvme1n1 WS   1634112000 131072    4.470
06:36:40.712 python3        1784369 nvme1n1 WS   1634112256 131072    4.544
06:36:40.712 python3        1784369 nvme1n1 WS   1634112512 131072    4.620
06:36:40.712 python3        1784369 nvme1n1 WS   1634112768 131072    4.692
06:36:40.712 python3        1784369 nvme1n1 WS   1634113024 131072    4.768
06:36:40.712 python3        1784366 nvme1n1 WS   1634119680 131072    4.837
06:36:40.712 python3        1784366 nvme1n1 WS   1634119936 131072    4.905
06:36:40.712 python3        1784366 nvme1n1 WS   1634120192 131072    4.978
06:36:40.712 python3        1784366 nvme1n1 WS   1634120448 131072    5.053
06:36:40.712 python3        1784366 nvme1n1 WS   1634120704 131072    5.129
06:36:40.712 python3        1784366 nvme1n1 WS   1634120960 131072    5.203
06:36:40.712 python3        1784366 nvme1n1 WS   1634121216 131072    5.278
06:36:40.712 python3        1784369 nvme1n1 WS   1634113280 131072    5.363
06:36:40.713 python3        1784369 nvme1n1 WS   1634113536 131072    5.441
06:36:40.713 python3        1784369 nvme1n1 WS   1634113792 131072    5.512
06:36:40.713 python3        1784369 nvme1n1 WS   1634114048 131072    5.585
06:36:40.713 python3        1784369 nvme1n1 WS   1634114304 131072    5.659
06:36:40.713 python3        1784369 nvme1n1 WS   1634114560 131072    5.735
06:36:40.713 python3        1784369 nvme1n1 WS   1634114816 131072    5.811
06:36:40.713 python3        1784369 nvme1n1 WS   1634115072 131072    5.886
06:36:40.713 python3        1784366 nvme1n1 WS   1634121472 131072    5.954
06:36:40.713 python3        1784366 nvme1n1 WS   1634121728 131072    6.028
06:36:40.713 python3        1784366 nvme1n1 WS   1634121984 131072    6.106
06:36:40.713 python3        1784366 nvme1n1 WS   1634122240 131072    6.179
06:36:40.713 python3        1784369 nvme1n1 WS   1634115328 131072    6.260
06:36:40.713 python3        1784369 nvme1n1 WS   1634123776 131072    6.339
06:36:40.714 python3        1784369 nvme1n1 WS   1634124032 131072    6.413
06:36:40.714 python3        1784366 nvme1n1 WS   1634122496 131072    6.491
06:36:40.714 python3        1784366 nvme1n1 WS   1634122752 131072    6.569
06:36:40.714 python3        1784366 nvme1n1 WS   1634123008 131072    6.643
06:36:40.714 python3        1784366 nvme1n1 WS   1634123264 131072    6.721
06:36:40.714 python3        1784366 nvme1n1 WS   1634123520 131072    6.780
06:36:40.714 python3        1784366 nvme1n1 WS   1634131968 131072    6.859
06:36:40.714 python3        1784366 nvme1n1 WS   1634132224 131072    6.936
06:36:40.714 python3        1784369 nvme1n1 WS   1634127872 131072    7.098
06:36:40.714 python3        1784369 nvme1n1 WS   1634128128 131072    7.123
06:36:40.714 python3        1784369 nvme1n1 WS   1634128384 131072    7.197
06:36:40.714 python3        1784369 nvme1n1 WS   1634128640 131072    7.272
06:36:40.715 python3        1784369 nvme1n1 WS   1634128896 131072    7.354
06:36:40.715 python3        1784369 nvme1n1 WS   1634129152 131072    7.433
06:36:40.715 python3        1784369 nvme1n1 WS   1634129408 131072    7.507
06:36:40.715 python3        1784369 nvme1n1 WS   1634129664 131072    7.576
06:36:40.715 python3        1784369 nvme1n1 WS   1634129920 131072    7.652
06:36:40.715 python3        1784369 nvme1n1 WS   1634130176 131072    7.733
06:36:40.715 python3        1784369 nvme1n1 WS   1634130432 126976    7.806
06:36:40.715 python3        1784366 nvme1n1 WS   1634213888 131072    7.912
06:36:40.715 python3        1784366 nvme1n1 WS   1634214144 131072    7.983
06:36:40.715 python3        1784366 nvme1n1 WS   1634214400 131072    8.059
06:36:40.715 python3        1784366 nvme1n1 WS   1634214656 131072    8.140
06:36:40.715 python3        1784366 nvme1n1 WS   1634214912 131072    8.215
06:36:40.715 python3        1784366 nvme1n1 WS   1634215168 131072    8.292
06:36:40.716 python3        1784366 nvme1n1 WS   1634215424 131072    8.367
06:36:40.716 python3        1784366 nvme1n1 WS   1634215680 131072    8.426
06:36:40.716 python3        1784366 nvme1n1 WS   1634215936 131072    8.503
06:36:40.716 python3        1784366 nvme1n1 WS   1634216192 131072    8.581
06:36:40.716 python3        1784366 nvme1n1 WS   1634216448 131072    8.658
06:36:40.716 python3        1784366 nvme1n1 WS   1634216704 131072    8.749
06:36:40.716 python3        1784366 nvme1n1 WS   1634216960 131072    8.816
06:36:40.716 python3        1784366 nvme1n1 WS   1634217216 131072    8.896
06:36:40.716 python3        1784366 nvme1n1 WS   1634217472 131072    8.975
06:36:40.716 python3        1784366 nvme1n1 WS   1634217728 131072    9.041
06:36:40.716 python3        1784366 nvme1n1 WS   1634217984 131072    9.119
06:36:40.716 python3        1784366 nvme1n1 WS   1634218240 131072    9.195
06:36:40.717 python3        1784368 nvme1n1 WS   1634136064 131072    9.295
06:36:40.717 python3        1784368 nvme1n1 WS   1634136320 131072    9.368
06:36:40.717 python3        1784368 nvme1n1 WS   1634136576 131072    9.445
06:36:40.717 python3        1784368 nvme1n1 WS   1634136832 131072    9.521
06:36:40.717 python3        1784368 nvme1n1 WS   1634137088 131072    9.598
06:36:40.717 python3        1784368 nvme1n1 WS   1634137344 131072    9.673
06:36:40.717 python3        1784368 nvme1n1 WS   1634137600 131072    9.751
06:36:40.717 python3        1784368 nvme1n1 WS   1634137856 131072    9.802
06:36:40.717 python3        1784368 nvme1n1 WS   1634138112 131072    9.881
06:36:40.717 python3        1784368 nvme1n1 WS   1634138368 131072    9.959
06:36:40.717 python3        1784368 nvme1n1 WS   1634138624 131072   10.033
06:36:40.717 python3        1784368 nvme1n1 WS   1634138880 131072   10.108
06:36:40.717 python3        1784368 nvme1n1 WS   1634139136 131072   10.183
06:36:40.718 python3        1784368 nvme1n1 WS   1634139392 131072   10.258
06:36:40.718 python3        1784368 nvme1n1 WS   1634139648 131072   10.339
06:36:40.718 python3        1784368 nvme1n1 WS   1634139904 131072   10.401
06:36:40.718 python3        1784368 nvme1n1 WS   1634226176 131072   10.477
06:36:40.718 python3        1784368 nvme1n1 WS   1634226432 131072   10.553
06:36:40.718 python3        1784368 nvme1n1 WS   1634222080 131072   10.725
06:36:40.718 python3        1784368 nvme1n1 WS   1634222336 131072   10.745
06:36:40.718 python3        1784368 nvme1n1 WS   1634222592 131072   10.799
06:36:40.718 python3        1784368 nvme1n1 WS   1634222848 131072   10.875
06:36:40.718 python3        1784368 nvme1n1 WS   1634223104 131072   10.952
06:36:40.718 python3        1784368 nvme1n1 WS   1634223360 131072   11.028
06:36:40.718 python3        1784368 nvme1n1 WS   1634223616 131072   11.106
06:36:40.719 python3        1784368 nvme1n1 WS   1634223872 131072   11.165
06:36:40.719 python3        1784368 nvme1n1 WS   1634224128 131072   11.240
06:36:40.719 python3        1784368 nvme1n1 WS   1634224384 131072   11.323
06:36:40.719 python3        1784368 nvme1n1 WS   1634224640 131072   11.400
06:36:40.719 python3        1784368 nvme1n1 WS   1634224896 131072   11.481
06:36:40.719 python3        1784368 nvme1n1 WS   1634225152 131072   11.555
06:36:40.719 python3        1784368 nvme1n1 WS   1634225408 131072   11.631
06:36:40.719 python3        1784368 nvme1n1 WS   1634225664 131072   11.711
06:36:40.719 python3        1784368 nvme1n1 WS   1634225920 131072   11.804
06:36:40.719 python3        1784368 nvme1n1 WS   1634234368 131072   11.888
06:36:40.719 python3        1784368 nvme1n1 WS   1634234624 131072   11.960
06:36:40.719 python3        1784368 nvme1n1 WS   1634230272 131072   12.063
06:36:40.719 python3        1784368 nvme1n1 WS   1634230528 131072   12.131
06:36:40.720 python3        1784368 nvme1n1 WS   1634230784 131072   12.207
06:36:40.720 python3        1784368 nvme1n1 WS   1634231040 131072   12.282
06:36:40.720 python3        1784368 nvme1n1 WS   1634231296 131072   12.358
06:36:40.720 python3        1784368 nvme1n1 WS   1634231552 131072   12.436
06:36:40.720 python3        1784368 nvme1n1 WS   1634231808 131072   12.510
06:36:40.720 python3        1784368 nvme1n1 WS   1634232064 131072   12.571
06:36:40.720 python3        1784368 nvme1n1 WS   1634232320 131072   12.649
06:36:40.720 python3        1784368 nvme1n1 WS   1634232576 131072   12.723
06:36:40.720 python3        1784366 nvme1n1 WS   1634238464 131072   12.817
06:36:40.720 python3        1784366 nvme1n1 WS   1634238720 131072   12.883
06:36:40.720 python3        1784366 nvme1n1 WS   1634238976 131072   12.961
06:36:40.720 python3        1784366 nvme1n1 WS   1634239232 131072   13.036
06:36:40.721 python3        1784366 nvme1n1 WS   1634239488 131072   13.113
06:36:40.721 python3        1784366 nvme1n1 WS   1634239744 131072   13.194
06:36:40.721 python3        1784366 nvme1n1 WS   1634240000 131072   13.275
06:36:40.721 python3        1784366 nvme1n1 WS   1634240256 131072   13.344
06:36:40.721 python3        1784366 nvme1n1 WS   1634240512 131072   13.424
06:36:40.721 python3        1784366 nvme1n1 WS   1634240768 131072   13.499
06:36:40.721 python3        1784366 nvme1n1 WS   1634241024 126976   13.569
06:36:40.721 python3        1784368 nvme1n1 WS   1634232832 131072   13.680
06:36:40.721 python3        1784368 nvme1n1 WS   1634233088 131072   13.757
06:36:40.721 python3        1784368 nvme1n1 WS   1634233344 131072   13.833
06:36:40.721 python3        1784368 nvme1n1 WS   1634233600 131072   13.911
06:36:40.721 python3        1784368 nvme1n1 WS   1634233856 131072   13.991
06:36:40.722 python3        1784368 nvme1n1 WS   1634234112 131072   14.053
06:36:40.722 python3        1784368 nvme1n1 WS   1634619392 131072   14.129
06:36:40.722 python3        1784368 nvme1n1 WS   1634619648 131072   14.213
06:36:40.722 python3        1784367 nvme1n1 WS   1634246656 131072   14.280
06:36:40.722 python3        1784367 nvme1n1 WS   1634246912 131072   14.355
06:36:40.722 python3        1784367 nvme1n1 WS   1634247168 131072   14.431
06:36:40.722 python3        1784367 nvme1n1 WS   1634247424 131072   14.505
06:36:40.722 python3        1784367 nvme1n1 WS   1634242560 131072   14.646
06:36:40.722 python3        1784367 nvme1n1 WS   1634242816 131072   14.673
06:36:40.722 python3        1784367 nvme1n1 WS   1634243072 131072   14.747
06:36:40.722 python3        1784367 nvme1n1 WS   1634243328 131072   14.827
06:36:40.722 python3        1784367 nvme1n1 WS   1634247680 131072   14.906
06:36:40.722 python3        1784367 nvme1n1 WS   1634247936 131072   14.978
06:36:40.723 python3        1784367 nvme1n1 WS   1634248192 131072   15.055
06:36:40.723 python3        1784367 nvme1n1 WS   1634248448 131072   15.119
06:36:40.723 python3        1784367 nvme1n1 WS   1634248704 131072   15.195
06:36:40.723 python3        1784367 nvme1n1 WS   1634248960 131072   15.274
06:36:40.723 python3        1784367 nvme1n1 WS   1634249216 126976   15.351
06:36:40.723 python3        1784367 nvme1n1 WS   1634243584 131072   15.465
06:36:40.723 python3        1784367 nvme1n1 WS   1634243840 131072   15.545
06:36:40.723 python3        1784367 nvme1n1 WS   1634244096 131072   15.623
06:36:40.723 python3        1784367 nvme1n1 WS   1634244352 131072   15.685
06:36:40.723 python3        1784367 nvme1n1 WS   1634244608 131072   15.761
06:36:40.723 python3        1784367 nvme1n1 WS   1634244864 131072   15.833
06:36:40.723 python3        1784367 nvme1n1 WS   1634245120 131072   15.910
06:36:40.723 python3        1784367 nvme1n1 WS   1634245376 131072   15.986
06:36:40.724 python3        1784367 nvme1n1 WS   1634245632 131072   16.063
06:36:40.724 python3        1784367 nvme1n1 WS   1634245888 131072   16.139
06:36:40.724 python3        1784367 nvme1n1 WS   1634246144 131072   16.218
06:36:40.724 python3        1784367 nvme1n1 WS   1634246400 131072   16.284
06:36:40.724 python3        1784367 nvme1n1 WS   1634254848 131072   16.361
06:36:40.724 python3        1784367 nvme1n1 WS   1634255104 131072   16.439
06:36:40.724 python3        1784368 nvme1n1 WS   1634250752 131072   16.539
06:36:40.724 python3        1784368 nvme1n1 WS   1634251008 131072   16.635
06:36:40.724 python3        1784368 nvme1n1 WS   1634251264 131072   16.714
06:36:40.724 python3        1784368 nvme1n1 WS   1634251520 131072   16.789
06:36:40.724 python3        1784368 nvme1n1 WS   1634251776 131072   16.865
06:36:40.724 python3        1784368 nvme1n1 WS   1634252032 131072   16.943
06:36:40.725 python3        1784368 nvme1n1 WS   1634252288 131072   17.021
06:36:40.725 python3        1784368 nvme1n1 WS   1634252544 131072   17.093
06:36:40.725 python3        1784368 nvme1n1 WS   1634252800 131072   17.172
06:36:40.725 python3        1784368 nvme1n1 WS   1634253056 131072   17.252
06:36:40.725 python3        1784368 nvme1n1 WS   1634253312 126976   17.328
06:36:40.725 python3        1784367 nvme1n1 WS   1634258944 131072   17.346
06:36:40.725 python3        1784367 nvme1n1 WS   1634259200 131072   17.420
06:36:40.725 python3        1784367 nvme1n1 WS   1634259456 131072   17.497
06:36:40.725 python3        1784367 nvme1n1 WS   1634259712 131072   17.576
06:36:40.725 python3        1784367 nvme1n1 WS   1634259968 131072   17.653
06:36:40.725 python3        1784367 nvme1n1 WS   1634260224 131072   17.733
06:36:40.725 python3        1784367 nvme1n1 WS   1634260480 131072   17.814
06:36:40.726 python3        1784367 nvme1n1 WS   1634260736 131072   17.871
06:36:40.726 python3        1784367 nvme1n1 WS   1634260992 131072   17.950
06:36:40.726 python3        1784367 nvme1n1 WS   1634261248 131072   18.023
06:36:40.726 python3        1784367 nvme1n1 WS   1634261504 131072   18.103
06:36:40.726 python3        1784367 nvme1n1 WS   1634261760 131072   18.180
06:36:40.726 python3        1784367 nvme1n1 WS   1634262016 131072   18.257
06:36:40.726 python3        1784367 nvme1n1 WS   1634262272 131072   18.331
06:36:40.726 python3        1784367 nvme1n1 WS   1634262528 131072   18.413
06:36:40.726 python3        1784367 nvme1n1 WS   1634262784 131072   18.479
06:36:40.726 python3        1784367 nvme1n1 WS   1634263040 131072   18.558
06:36:40.726 python3        1784367 nvme1n1 WS   1634263296 131072   18.638
06:36:40.727 python3        1784367 nvme1n1 WS   1634267136 131072   18.378
06:36:40.727 python3        1784367 nvme1n1 WS   1634267392 131072   18.380
06:36:40.727 python3        1784367 nvme1n1 WS   1634267648 131072   18.412
06:36:40.727 python3        1784367 nvme1n1 WS   1634267904 131072   18.488
06:36:40.727 python3        1784367 nvme1n1 WS   1634268160 131072   18.565
06:36:40.727 python3        1784367 nvme1n1 WS   1634268416 131072   18.646
06:36:40.727 python3        1784367 nvme1n1 WS   1634268672 131072   18.722
06:36:40.727 python3        1784367 nvme1n1 WS   1634268928 131072   18.783
06:36:40.727 python3        1784367 nvme1n1 WS   1634269184 131072   18.861
06:36:40.727 python3        1784367 nvme1n1 WS   1634269440 131072   18.941
06:36:40.727 python3        1784367 nvme1n1 WS   1634269696 131072   19.020
06:36:40.727 python3        1784367 nvme1n1 WS   1634269952 131072   19.098
06:36:40.727 python3        1784367 nvme1n1 WS   1634270208 131072   19.179
06:36:40.727 python3        1784367 nvme1n1 WS   1634270464 131072   19.257
06:36:40.728 python3        1784367 nvme1n1 WS   1634270720 131072   19.333
06:36:40.728 python3        1784367 nvme1n1 WS   1634270976 131072   19.403
06:36:40.728 python3        1784367 nvme1n1 WS   1634271232 131072   19.480
06:36:40.728 python3        1784367 nvme1n1 WS   1634271488 131072   19.555
06:36:40.729 nvme           1947779 Unknown N    -1         512       0.030
06:36:41.249 kworker        1790484 nvme0n1 W    36980952   4096      0.726
06:36:41.249 kworker        1817148 nvme0n1 W    38456832   4096      0.770
06:36:41.249 kworker        1774410 nvme0n1 W    7337984    4096      0.768
06:36:41.249 kworker        1774410 nvme0n1 W    8133368    131072    1.340
06:36:41.250 kworker        1774410 nvme0n1 W    8134904    131072    1.768
06:36:41.250 kworker        1774410 nvme0n1 W    8131576    131072    1.910
06:36:41.251 kworker        1774410 nvme0n1 W    8135672    131072    2.431
06:36:41.251 kworker        1774410 nvme0n1 W    36023456   16384     1.323
06:36:41.251 kworker        1774410 nvme0n1 W    8136696    131072    2.009
06:36:41.251 kworker        1774410 nvme0n1 W    8141304    131072    2.094
06:36:41.251 kworker        1774410 nvme0n1 W    8129784    262144    3.013
06:36:41.252 kworker        1774410 nvme0n1 W    8143096    131072    2.086
06:36:41.252 kworker        1774410 nvme0n1 W    36167104   32768     0.838
06:36:41.252 kworker        1774410 nvme0n1 W    36026368   131072    1.345
06:36:41.252 kworker        1774410 nvme0n1 W    36025856   262144    2.304
06:36:41.252 kworker        1774410 nvme0n1 W    36029440   131072    1.520
06:36:41.252 kworker        1774410 nvme0n1 W    36029952   131072    1.569
06:36:41.253 kworker        1774410 nvme0n1 W    36168024   4096      0.597
06:36:41.253 kworker        1774410 nvme0n1 W    36166656   131072    1.905
06:36:41.253 kworker        1774410 nvme0n1 W    36023808   262144    3.122
06:36:41.253 kworker        1774410 nvme0n1 W    36168464   8192      0.785
06:36:41.253 kworker        1774410 nvme0n1 W    36177152   16384     0.840
06:36:41.253 kworker        1774410 nvme0n1 W    36167552   65536     1.412
06:36:41.254 kworker        1774410 nvme0n1 W    36174464   65536     1.402
06:36:41.254 kworker        1774410 nvme0n1 W    36177280   65536     1.474
06:36:41.254 kworker        1774410 nvme0n1 W    36315792   40960     0.911
06:36:41.254 kworker        1774410 nvme0n1 W    36322416   4096      0.820
06:36:41.254 kworker        1774410 nvme0n1 W    36315136   131072    1.785
06:36:41.255 kworker        1774410 nvme0n1 W    36316032   65536     1.280
06:36:41.255 kworker        1774410 nvme0n1 W    36323872   16384     0.726
06:36:41.255 kworker        1774410 nvme0n1 W    36321792   131072    1.668
06:36:41.255 kworker        1774410 nvme0n1 W    36323104   16384     1.038
06:36:41.255 kworker        1774410 nvme0n1 W    36317184   131072    2.151
06:36:41.256 kworker        1774410 nvme0n1 W    36323968   65536     1.449
06:36:41.257 kworker        1774410 nvme0n1 W    36231424   262144    2.989
06:36:41.732 nvme           1947790 Unknown N    -1         512       0.030
06:36:42.735 nvme           1947794 Unknown N    -1         512       0.076
06:36:42.917 jbd2/nv        752     nvme1n1 WSM  877184968  118784    0.165
06:36:42.917 jbd2/nv        752     nvme1n1 WSM  877185200  4096      0.034
06:36:43.297 kworker        1817148 nvme1n1 W    1177028584 126976    0.197
06:36:43.297 kworker        1817148 nvme1n1 W    1177028832 131072    0.263
06:36:43.297 kworker        1817148 nvme1n1 W    1177029088 73728     0.307
06:36:43.297 kworker        1817148 nvme1n1 W    1176511784 131072    0.393
06:36:43.297 kworker        1817148 nvme1n1 W    1176512040 61440     0.432
06:36:43.297 kworker        1817148 nvme1n1 W    1177029232 32768     0.442
06:36:43.297 kworker        1817148 nvme1n1 W    1499066880 131072    0.529
06:36:43.297 kworker        1817148 nvme1n1 W    1499067136 90112     0.582
06:36:43.297 kworker        1817148 nvme1n1 W    608937384  77824     0.236
06:36:43.297 kworker        1817148 nvme1n1 W    1177029296 45056     0.265
06:36:43.297 kworker        1817148 nvme1n1 W    1664113456 106496    0.327
06:36:43.297 kworker        1817148 nvme1n1 W    608937536  90112     0.312
06:36:43.297 kworker        1817148 nvme1n1 W    608937712  90112     0.367
06:36:43.737 nvme           1947815 Unknown N    -1         512       0.034
06:36:44.320 kworker        1764183 nvme1n1 W    1719341048 4096      0.062
06:36:44.320 kworker        1764183 nvme1n1 W    1719353320 4096      0.070
06:36:44.739 nvme           1947824 Unknown N    -1         512       0.033
06:36:45.742 nvme           1947828 Unknown N    -1         512       0.075
06:36:46.198 jbd2/nv        391     nvme0n1 WSM  4248888    24576     0.633
06:36:46.199 jbd2/nv        391     nvme0n1 WSM  4248936    4096      0.950
06:36:46.369 kworker        1764183 nvme0n1 W    15716776   4096      0.975
06:36:46.727 amoprof        1787544 nvme1n1 W    608885472  4096      0.056
