TIMESTAMP    COMM           PID     DISK    T    SECTOR     BYTES   LAT(ms)
01:37:30.591 nvme           1559415 Unknown N    -1         512       0.035
01:37:31.594 nvme           1559471 Unknown N    -1         512       0.129
01:37:32.576 jbd2/nv        752     nvme1n1 WSM  877616424  102400    0.142
01:37:32.576 jbd2/nv        752     nvme1n1 WSM  877616624  4096      0.030
01:37:32.576 jbd2/nv        752     nvme1n1 WSM  876871680  4096      0.028
01:37:32.596 nvme           1559481 Unknown N    -1         512       0.024
01:37:33.088 kworker        1552696 nvme1n1 W    1625052768 8192      0.054
01:37:33.598 nvme           1559485 Unknown N    -1         512       0.083
01:37:34.600 nvme           1559503 Unknown N    -1         512       0.030
01:37:35.137 kworker        1552696 nvme1n1 W    591741648  90112     0.170
01:37:35.137 kworker        1552696 nvme1n1 W    1486456832 131072    0.238
01:37:35.137 kworker        1552696 nvme1n1 W    1486457088 61440     0.275
01:37:35.137 kworker        1552696 nvme1n1 W    591741824  32768     0.295
01:37:35.137 kworker        1552696 nvme1n1 W    1486457208 131072    0.372
01:37:35.137 kworker        1552696 nvme1n1 W    1486457464 90112     0.426
01:37:35.137 kworker        1552696 nvme1n1 W    1486282416 77824     0.474
01:37:35.137 kworker        1552696 nvme1n1 W    591741888  36864     0.495
01:37:35.603 nvme           1559514 Unknown N    -1         512       0.080
01:37:36.605 nvme           1559519 Unknown N    -1         512       0.083
01:37:37.607 nvme           1559529 Unknown N    -1         512       0.034
01:37:37.934 jbd2/nv        752     nvme1n1 WSM  877616632  69632     0.113
01:37:37.934 jbd2/nv        752     nvme1n1 WSM  877616768  4096      0.031
01:37:38.610 nvme           1559533 Unknown N    -1         512       0.075
01:37:39.612 nvme           1559547 Unknown N    -1         512       0.028
01:37:40.256 kworker        1259302 nvme1n1 W    591730528  8192      0.055
01:37:40.598 amoprof        1271097 nvme1n1 W    591690144  4096      0.054
