TIMESTAMP    COMM           PID     DISK    T    SECTOR     BYTES   LAT(ms)
02:31:34.050 nvme           1630575 Unknown N    -1         512       0.037
02:31:35.052 nvme           1630631 Unknown N    -1         512       0.031
02:31:36.054 nvme           1630635 Unknown N    -1         512       0.030
02:31:36.096 jbd2/nv        752     nvme1n1 WSM  877717568  106496    0.138
02:31:36.096 jbd2/nv        752     nvme1n1 WSM  877717776  4096      0.029
02:31:37.057 nvme           1630639 Unknown N    -1         512       0.095
02:31:38.059 nvme           1630643 Unknown N    -1         512       0.077
02:31:39.061 nvme           1630647 Unknown N    -1         512       0.089
02:31:40.063 nvme           1630651 Unknown N    -1         512       0.058
02:31:40.756 jbd2/nv        391     nvme0n1 WSM  4319656    36864     0.525
02:31:40.756 jbd2/nv        391     nvme0n1 WSM  4319728    4096      0.367
02:31:41.065 nvme           1630655 Unknown N    -1         512       0.025
02:31:41.216 kworker        1620255 nvme0n1 W    37332608   4096      0.448
02:31:41.217 kworker        1613847 nvme1n1 W    591873512  86016     0.155
02:31:41.217 kworker        1613847 nvme1n1 W    1499592840 131072    0.226
02:31:41.217 kworker        1613847 nvme1n1 W    1499593096 61440     0.260
02:31:41.217 kworker        1613847 nvme1n1 W    591873680  32768     0.280
02:31:41.217 kworker        1613847 nvme1n1 W    1499593216 131072    0.360
02:31:41.217 kworker        1613847 nvme1n1 W    1499593472 90112     0.413
02:31:41.217 kworker        1613847 nvme1n1 W    1486502296 77824     0.461
02:31:41.217 kworker        1613847 nvme1n1 W    591873744  53248     0.492
02:31:42.068 nvme           1630659 Unknown N    -1         512       0.033
02:31:42.343 jbd2/nv        752     nvme1n1 WSM  877717784  57344     0.103
02:31:42.343 jbd2/nv        752     nvme1n1 WSM  877717896  4096      0.031
02:31:43.070 nvme           1630663 Unknown N    -1         512       0.076
02:31:43.264 kworker        1613847 nvme1n1 W    1719353256 4096      0.056
02:31:43.264 kworker        1613847 nvme1n1 W    1719340976 4096      0.060
02:31:44.057 amoprof        1271097 nvme1n1 W    591756200  4096      0.059
