TIMESTAMP    COMM           PID     DISK    T    SECTOR     BYTES   LAT(ms)
02:08:06.154 nvme           1602308 Unknown N    -1         512       0.039
02:08:07.157 nvme           1602363 Unknown N    -1         512       0.029
02:08:07.158 jbd2/nv        752     nvme1n1 WSM  877674296  106496    0.141
02:08:07.158 jbd2/nv        752     nvme1n1 WSM  877674504  4096      0.029
02:08:08.159 nvme           1602374 Unknown N    -1         512       0.038
02:08:09.161 nvme           1602388 Unknown N    -1         512       0.029
02:08:10.163 nvme           1602397 Unknown N    -1         512       0.029
02:08:10.614 jbd2/nv        391     nvme0n1 WSM  4314128    36864     0.808
02:08:10.615 jbd2/nv        391     nvme0n1 WSM  4314200    4096      0.654
02:08:11.165 nvme           1602407 Unknown N    -1         512       0.031
02:08:11.681 kworker        1513369 nvme0n1 WM   2103000    4096      0.762
02:08:11.681 kworker        1513369 nvme0n1 WM   6310376    4096      0.769
02:08:11.681 kworker        1513369 nvme0n1 WM   2099224    4096      0.774
02:08:11.681 kworker        1513369 nvme0n1 WM   6310504    4096      0.773
02:08:11.681 kworker        1513369 nvme0n1 WM   9089776    4096      0.813
02:08:11.681 kworker        1513369 nvme0n1 WM   35653696   4096      0.814
02:08:11.681 kworker        1513369 nvme0n1 WM   14705952   4096      0.817
02:08:12.169 nvme           1602411 Unknown N    -1         512       0.029
02:08:13.172 nvme           1602415 Unknown N    -1         512       0.030
02:08:13.216 kworker        1513369 nvme1n1 W    1639455128 8192      0.057
02:08:13.216 jbd2/nv        752     nvme1n1 WSM  877674512  28672     0.056
02:08:13.216 jbd2/nv        752     nvme1n1 WSM  877674568  4096      0.029
02:08:13.217 kworker        1513369 nvme1n1 W    591686328  94208     0.152
02:08:13.217 kworker        1513369 nvme1n1 W    1499374080 131072    0.231
02:08:13.217 kworker        1513369 nvme1n1 W    1499374336 61440     0.265
02:08:13.217 kworker        1513369 nvme1n1 W    591686512  32768     0.287
02:08:13.217 kworker        1513369 nvme1n1 W    1499341688 131072    0.368
02:08:13.217 kworker        1513369 nvme1n1 W    1499341944 90112     0.419
02:08:13.217 kworker        1513369 nvme1n1 W    591791160  77824     0.469
02:08:13.217 kworker        1513369 nvme1n1 W    591686576  45056     0.494
02:08:14.175 nvme           1602435 Unknown N    -1         512       0.035
02:08:14.241 kworker        1513369 nvme0n1 W    37875448   4096      0.889
02:08:15.177 nvme           1602444 Unknown N    -1         512       0.029
02:08:16.161 amoprof        1271097 nvme1n1 W    591713712  4096      0.059
