TIMESTAMP    COMM           PID     DISK    T    SECTOR     BYTES   LAT(ms)
01:54:03.854 nvme           1582582 Unknown N    -1         512       0.034
01:54:04.856 nvme           1582649 Unknown N    -1         512       0.032
01:54:05.858 nvme           1582658 Unknown N    -1         512       0.032
01:54:06.860 nvme           1582662 Unknown N    -1         512       0.030
01:54:07.862 nvme           1582672 Unknown N    -1         512       0.031
01:54:08.416 kworker        1578934 nvme1n1 W    591727312  4096      0.055
01:54:08.416 jbd2/nv        752     nvme1n1 WSM  877648296  61440     0.095
01:54:08.416 jbd2/nv        752     nvme1n1 WSM  877648416  4096      0.031
01:54:08.417 kworker        1578934 nvme1n1 W    591727320  86016     0.135
01:54:08.417 kworker        1578934 nvme1n1 W    591861272  131072    0.214
01:54:08.417 kworker        1578934 nvme1n1 W    591861528  61440     0.251
01:54:08.417 kworker        1578934 nvme1n1 W    591727488  32768     0.270
01:54:08.417 kworker        1578934 nvme1n1 W    591861648  131072    0.349
01:54:08.417 kworker        1578934 nvme1n1 W    591861904  90112     0.401
01:54:08.417 kworker        1578934 nvme1n1 W    1486246616 77824     0.447
01:54:08.417 kworker        1578934 nvme1n1 W    591727552  36864     0.468
01:54:08.865 nvme           1582682 Unknown N    -1         512       0.032
01:54:09.867 nvme           1582690 Unknown N    -1         512       0.028
01:54:10.869 nvme           1582705 Unknown N    -1         512       0.032
01:54:10.977 jbd2/nv        391     nvme0n1 WSM  4311264    32768     1.216
01:54:10.978 jbd2/nv        391     nvme0n1 WSM  4311328    4096      0.958
01:54:11.489 kworker        1473701 nvme0n1 WM   2099200    4096      0.978
01:54:11.489 kworker        1473701 nvme0n1 WM   6309888    4096      0.983
01:54:11.489 kworker        1473701 nvme0n1 WM   9089776    4096      0.985
01:54:11.489 kworker        1473701 nvme0n1 WM   35653696   4096      0.986
01:54:11.489 kworker        1473701 nvme0n1 WM   6310504    4096      0.989
01:54:11.489 kworker        1473701 nvme0n1 WM   2099224    4096      1.031
01:54:11.489 kworker        1473701 nvme0n1 WM   2103000    4096      1.032
01:54:11.489 kworker        1473701 nvme0n1 WM   6310376    4096      1.033
01:54:11.871 nvme           1582709 Unknown N    -1         512       0.030
01:54:12.874 nvme           1582713 Unknown N    -1         512       0.074
01:54:13.536 jbd2/nv        752     nvme1n1 WSM  877648424  57344     0.107
01:54:13.536 jbd2/nv        752     nvme1n1 WSM  877648536  4096      0.031
01:54:13.536 kworker        1578934 nvme1n1 W    591770752  8192      0.095
01:54:13.536 kworker        1578934 nvme1n1 WM   0          4096      0.102
01:54:13.536 kworker        1578934 nvme1n1 WM   720        4096      0.103
01:54:13.536 kworker        1578934 nvme1n1 WM   752        4096      0.105
01:54:13.536 kworker        1578934 nvme1n1 WM   776        8192      0.112
01:54:13.536 kworker        1578934 nvme1n1 WM   583015744  4096      0.113
01:54:13.536 kworker        1578934 nvme1n1 WM   587202576  4096      0.116
01:54:13.536 kworker        1578934 nvme1n1 WM   591397008  4096      0.118
01:54:13.536 kworker        1578934 nvme1n1 WM   591408600  4096      0.118
01:54:13.536 kworker        1578934 nvme1n1 WM   1484783656 4096      0.115
01:54:13.536 kworker        1578934 nvme1n1 WM   1484789216 4096      0.121
01:54:13.536 kworker        1578934 nvme1n1 WM   1485058520 4096      0.121
01:54:13.536 kworker        1578934 nvme1n1 WM   1493844928 4096      0.122
01:54:13.536 kworker        1578934 nvme1n1 WM   1497366536 4096      0.122
01:54:13.536 kworker        1578934 nvme1n1 WM   591408616  61440     0.155
01:54:13.537 kworker        1578934 nvme1n1 WM   591408744  57344     0.201
01:54:13.537 kworker        1578934 nvme1n1 WM   1497691976 8192      0.058
01:54:13.537 kworker        1578934 nvme1n1 WM   1572864032 4096      0.058
01:54:13.537 kworker        1578934 nvme1n1 WM   1623195704 4096      0.063
01:54:13.537 kworker        1578934 nvme1n1 WM   1635778672 4096      0.065
01:54:13.537 kworker        1578934 nvme1n1 WM   1639972880 4096      0.068
01:54:13.537 kworker        1578934 nvme1n1 WM   1756827632 4096      0.073
01:54:13.537 kworker        1578934 nvme1n1 WM   1756866960 4096      0.074
01:54:13.537 kworker        1578934 nvme1n1 WM   1756887776 4096      0.075
01:54:13.537 kworker        1578934 nvme1n1 WM   1497692016 36864     0.098
01:54:13.861 amoprof        1271097 nvme1n1 W    591712960  4096      0.054
