TIMESTAMP    COMM           PID     DISK    T    SECTOR     BYTES   LAT(ms)
05:57:00.372 nvme           1871266 Unknown N    -1         512       0.035
05:57:00.446 python3        1784366 nvme1n1 WS   1585819648 131072    0.180
05:57:00.446 python3        1784366 nvme1n1 WS   1585819904 131072    0.272
05:57:00.446 python3        1784366 nvme1n1 WS   1585820160 131072    0.365
05:57:00.446 python3        1784366 nvme1n1 WS   1585820416 131072    0.422
05:57:00.446 python3        1784366 nvme1n1 WS   1585820672 131072    0.510
05:57:00.446 python3        1784366 nvme1n1 WS   1585820928 131072    0.567
05:57:00.446 python3        1784366 nvme1n1 WS   1585821184 131072    0.643
05:57:00.446 python3        1784366 nvme1n1 WS   1585821440 131072    0.712
05:57:00.446 python3        1784366 nvme1n1 WS   1585821696 131072    0.783
05:57:00.446 python3        1784366 nvme1n1 WS   1585821952 131072    0.876
05:57:00.446 python3        1784366 nvme1n1 WS   1585822208 131072    0.941
05:57:00.447 python3        1784366 nvme1n1 WS   1585822464 131072    1.020
05:57:00.447 python3        1784366 nvme1n1 WS   1585822720 131072    1.099
05:57:00.447 python3        1784366 nvme1n1 WS   1585822976 131072    1.198
05:57:00.447 python3        1784366 nvme1n1 WS   1585823232 131072    1.265
05:57:00.447 python3        1784366 nvme1n1 WS   1585823488 131072    1.332
05:57:00.447 python3        1784366 nvme1n1 WS   1585823744 131072    1.413
05:57:00.447 python3        1784366 nvme1n1 WS   1585824000 131072    1.498
05:57:00.447 python3        1784367 nvme1n1 WS   53755904   131072    1.485
05:57:00.447 python3        1784367 nvme1n1 WS   53756160   131072    1.557
05:57:00.447 python3        1784367 nvme1n1 WS   53756416   131072    1.638
05:57:00.447 python3        1784367 nvme1n1 WS   53756672   131072    1.723
05:57:00.447 python3        1784367 nvme1n1 WS   53756928   131072    1.800
05:57:00.448 python3        1784367 nvme1n1 WS   53757184   131072    1.880
05:57:00.448 python3        1784367 nvme1n1 WS   53757440   131072    1.962
05:57:00.448 python3        1784367 nvme1n1 WS   53757696   131072    2.022
05:57:00.448 python3        1784367 nvme1n1 WS   53757952   131072    2.100
05:57:00.448 python3        1784368 nvme1n1 WS   1585827840 131072    2.179
05:57:00.448 python3        1784367 nvme1n1 WS   53758208   131072    2.248
05:57:00.448 python3        1784367 nvme1n1 WS   53758464   131072    2.323
05:57:00.448 python3        1784367 nvme1n1 WS   53758720   131072    2.401
05:57:00.448 python3        1784367 nvme1n1 WS   53758976   131072    2.475
05:57:00.448 python3        1784367 nvme1n1 WS   53759232   131072    2.554
05:57:00.448 python3        1784367 nvme1n1 WS   53759488   131072    2.629
05:57:00.448 python3        1784368 nvme1n1 WS   1585828096 131072    2.719
05:57:00.448 python3        1784368 nvme1n1 WS   1585828352 131072    2.791
05:57:00.449 python3        1784368 nvme1n1 WS   1585828608 131072    2.866
05:57:00.449 python3        1784368 nvme1n1 WS   1585828864 131072    2.943
05:57:00.449 python3        1784368 nvme1n1 WS   1585829120 131072    3.019
05:57:00.449 python3        1784368 nvme1n1 WS   1585829376 131072    3.093
05:57:00.449 python3        1784368 nvme1n1 WS   1585831424 8192      3.070
05:57:00.449 python3        1784369 nvme1n1 WS   53760000   131072    3.213
05:57:00.449 python3        1784369 nvme1n1 WS   53760256   131072    3.259
05:57:00.449 python3        1784369 nvme1n1 WS   53760512   131072    3.310
05:57:00.449 python3        1784369 nvme1n1 WS   53760768   131072    3.384
05:57:00.449 python3        1784369 nvme1n1 WS   53761024   131072    3.460
05:57:00.449 python3        1784369 nvme1n1 WS   53761280   131072    3.534
05:57:00.449 python3        1784369 nvme1n1 WS   53761536   131072    3.609
05:57:00.449 python3        1784367 nvme1n1 WS   53759744   131072    3.702
05:57:00.449 python3        1784367 nvme1n1 WS   53768192   131072    3.776
05:57:00.450 python3        1784367 nvme1n1 WS   53768448   131072    3.852
05:57:00.450 python3        1784368 nvme1n1 WS   1585829632 131072    3.932
05:57:00.450 python3        1784368 nvme1n1 WS   1585829888 131072    4.011
05:57:00.450 python3        1784368 nvme1n1 WS   1585830144 131072    4.087
05:57:00.450 python3        1784368 nvme1n1 WS   1585830400 131072    4.164
05:57:00.450 python3        1784368 nvme1n1 WS   1585830656 131072    4.241
05:57:00.450 python3        1784368 nvme1n1 WS   1585830912 131072    4.318
05:57:00.450 python3        1784368 nvme1n1 WS   1585831168 131072    4.394
05:57:00.450 python3        1784368 nvme1n1 WS   53764096   131072    4.556
05:57:00.450 python3        1784368 nvme1n1 WS   53764352   131072    4.557
05:57:00.450 python3        1784368 nvme1n1 WS   53764608   131072    4.620
05:57:00.450 python3        1784368 nvme1n1 WS   53764864   131072    4.694
05:57:00.451 python3        1784368 nvme1n1 WS   53765120   131072    4.774
05:57:00.451 python3        1784368 nvme1n1 WS   53765376   131072    4.850
05:57:00.451 python3        1784368 nvme1n1 WS   53765632   131072    4.928
05:57:00.451 python3        1784368 nvme1n1 WS   53765888   131072    4.993
05:57:00.451 python3        1784368 nvme1n1 WS   53766144   131072    5.071
05:57:00.451 python3        1784368 nvme1n1 WS   53766400   131072    5.145
05:57:00.451 python3        1784368 nvme1n1 WS   53766656   131072    5.226
05:57:00.451 python3        1784368 nvme1n1 WS   53766912   131072    5.300
05:57:00.451 python3        1784369 nvme1n1 WS   53761792   131072    5.413
05:57:00.451 python3        1784369 nvme1n1 WS   53762048   131072    5.490
05:57:00.451 python3        1784369 nvme1n1 WS   53762304   131072    5.563
05:57:00.451 python3        1784369 nvme1n1 WS   53762560   131072    5.636
05:57:00.451 python3        1784369 nvme1n1 WS   53762816   131072    5.711
05:57:00.452 python3        1784369 nvme1n1 WS   53763072   131072    5.788
05:57:00.452 python3        1784369 nvme1n1 WS   53763328   131072    5.864
05:57:00.452 python3        1784369 nvme1n1 WS   53763584   131072    5.940
05:57:00.452 python3        1784369 nvme1n1 WS   53776384   131072    6.032
05:57:00.452 python3        1784369 nvme1n1 WS   53776640   131072    6.101
05:57:00.452 python3        1784369 nvme1n1 WS   53776896   131072    6.187
05:57:00.452 python3        1784369 nvme1n1 WS   53777152   131072    6.254
05:57:00.452 python3        1784369 nvme1n1 WS   53777408   131072    6.335
05:57:00.452 python3        1784368 nvme1n1 WS   53772288   131072    6.426
05:57:00.452 python3        1784368 nvme1n1 WS   53767168   131072    6.495
05:57:00.452 python3        1784368 nvme1n1 WS   53767424   131072    6.572
05:57:00.452 python3        1784368 nvme1n1 WS   53767680   131072    6.685
05:57:00.453 python3        1784368 nvme1n1 WS   53767936   131072    6.751
05:57:00.453 python3        1784368 nvme1n1 WS   53784576   131072    6.827
05:57:00.453 python3        1784368 nvme1n1 WS   53784832   131072    6.906
05:57:00.453 python3        1784368 nvme1n1 WS   53772544   131072    7.011
05:57:00.453 python3        1784368 nvme1n1 WS   53772800   131072    7.086
05:57:00.453 python3        1784368 nvme1n1 WS   53773056   131072    7.173
05:57:00.453 python3        1784368 nvme1n1 WS   53773312   131072    7.242
05:57:00.453 python3        1784368 nvme1n1 WS   53773568   131072    7.322
05:57:00.453 python3        1784368 nvme1n1 WS   53773824   131072    7.400
05:57:00.453 python3        1784369 nvme1n1 WS   53777664   131072    7.504
05:57:00.453 python3        1784369 nvme1n1 WS   53777920   131072    7.583
05:57:00.453 python3        1784369 nvme1n1 WS   53778176   131072    7.649
05:57:00.454 python3        1784369 nvme1n1 WS   53778432   131072    7.727
05:57:00.454 python3        1784369 nvme1n1 WS   53778688   131072    7.807
05:57:00.454 python3        1784369 nvme1n1 WS   53778944   131072    7.884
05:57:00.454 python3        1784369 nvme1n1 WS   53779200   131072    7.963
05:57:00.454 python3        1784369 nvme1n1 WS   53779456   131072    8.043
05:57:00.454 python3        1784369 nvme1n1 WS   53779712   131072    8.119
05:57:00.454 python3        1784369 nvme1n1 WS   53779968   131072    8.197
05:57:00.454 python3        1784369 nvme1n1 WS   53763840   131072    8.300
05:57:00.454 python3        1784369 nvme1n1 WS   53780480   131072    8.377
05:57:00.454 python3        1784369 nvme1n1 WS   53780736   131072    8.455
05:57:00.454 python3        1784366 nvme1n1 WS   1585831936 131072    8.527
05:57:00.454 python3        1784366 nvme1n1 WS   1585832192 131072    8.602
05:57:00.454 python3        1784366 nvme1n1 WS   1585832448 131072    8.675
05:57:00.455 python3        1784366 nvme1n1 WS   1585832704 131072    8.751
05:57:00.455 python3        1784366 nvme1n1 WS   1585832960 131072    8.826
05:57:00.455 python3        1784366 nvme1n1 WS   1585833216 131072    8.902
05:57:00.455 python3        1784366 nvme1n1 WS   1585833472 131072    8.982
05:57:00.455 python3        1784367 nvme1n1 WS   53788672   131072    9.208
05:57:00.455 python3        1784367 nvme1n1 WS   53788928   131072    9.210
05:57:00.455 python3        1784367 nvme1n1 WS   53789184   131072    9.223
05:57:00.455 python3        1784367 nvme1n1 WS   53789440   131072    9.299
05:57:00.455 python3        1784367 nvme1n1 WS   53789696   131072    9.376
05:57:00.455 python3        1784367 nvme1n1 WS   53789952   131072    9.453
05:57:00.455 python3        1784367 nvme1n1 WS   53790208   131072    9.528
05:57:00.455 python3        1784367 nvme1n1 WS   53790464   131072    9.594
05:57:00.456 python3        1784367 nvme1n1 WS   53790720   131072    9.669
05:57:00.456 python3        1784367 nvme1n1 WS   53790976   131072    9.744
05:57:00.456 python3        1784367 nvme1n1 WS   53791232   131072    9.819
05:57:00.456 python3        1784367 nvme1n1 WS   53791488   131072    9.895
05:57:00.456 python3        1784367 nvme1n1 WS   53791744   131072    9.975
05:57:00.456 python3        1784367 nvme1n1 WS   53792000   131072   10.056
05:57:00.456 python3        1784367 nvme1n1 WS   53792256   131072   10.133
05:57:00.456 python3        1784367 nvme1n1 WS   53792512   131072   10.198
05:57:00.456 python3        1784367 nvme1n1 WS   53809152   131072   10.276
05:57:00.456 python3        1784368 nvme1n1 WS   53774080   131072   10.419
05:57:00.456 python3        1784368 nvme1n1 WS   53774336   131072   10.498
05:57:00.456 python3        1784368 nvme1n1 WS   53774592   131072   10.574
05:57:00.456 python3        1784368 nvme1n1 WS   53774848   131072   10.649
05:57:00.457 python3        1784368 nvme1n1 WS   53775104   131072   10.721
05:57:00.457 python3        1784368 nvme1n1 WS   53775360   131072   10.796
05:57:00.457 python3        1784368 nvme1n1 WS   53775616   131072   10.871
05:57:00.457 python3        1784368 nvme1n1 WS   53775872   131072   10.947
05:57:00.457 python3        1784368 nvme1n1 WS   53776128   131072   11.003
05:57:00.457 python3        1784368 nvme1n1 WS   53805056   131072   11.080
05:57:00.457 python3        1784368 nvme1n1 WS   53805312   131072   11.158
05:57:00.457 python3        1784366 nvme1n1 WS   53796352   8192     11.166
05:57:00.457 python3        1784369 nvme1n1 WS   53780224   131072   11.297
05:57:00.457 python3        1784369 nvme1n1 WS   53796864   131072   11.372
05:57:00.457 python3        1784369 nvme1n1 WS   53797120   131072   11.454
05:57:00.457 python3        1784366 nvme1n1 WS   53792768   131072   11.566
05:57:00.457 python3        1784366 nvme1n1 WS   53793024   131072   11.641
05:57:00.458 python3        1784366 nvme1n1 WS   53793280   131072   11.718
05:57:00.458 python3        1784366 nvme1n1 WS   53793536   131072   11.795
05:57:00.458 python3        1784366 nvme1n1 WS   53793792   131072   11.872
05:57:00.458 python3        1784366 nvme1n1 WS   53794048   131072   11.947
05:57:00.458 python3        1784366 nvme1n1 WS   53794304   131072   12.027
05:57:00.458 python3        1784366 nvme1n1 WS   53794560   131072   12.095
05:57:00.458 python3        1784366 nvme1n1 WS   53794816   131072   12.174
05:57:00.458 python3        1784366 nvme1n1 WS   53795072   131072   12.254
05:57:00.458 python3        1784366 nvme1n1 WS   53795328   131072   12.330
05:57:00.458 python3        1784366 nvme1n1 WS   53795584   131072   12.406
05:57:00.458 python3        1784366 nvme1n1 WS   53795840   131072   12.481
05:57:00.458 python3        1784366 nvme1n1 WS   53796096   131072   12.562
05:57:00.458 python3        1784367 nvme1n1 WS   53804544   8192     12.555
05:57:00.459 python3        1784366 nvme1n1 WS   1585833728 131072   12.702
05:57:00.459 python3        1784366 nvme1n1 WS   1585833984 131072   12.772
05:57:00.459 python3        1784366 nvme1n1 WS   1585834240 131072   12.852
05:57:00.459 python3        1784366 nvme1n1 WS   1585834496 131072   12.934
05:57:00.459 python3        1784366 nvme1n1 WS   1585834752 131072   13.014
05:57:00.459 python3        1784366 nvme1n1 WS   1585835008 131072   13.094
05:57:00.459 python3        1784366 nvme1n1 WS   1585835264 131072   13.174
05:57:00.459 python3        1784366 nvme1n1 WS   1585835520 131072   13.251
05:57:00.459 python3        1784366 nvme1n1 WS   1585835776 131072   13.323
05:57:00.459 python3        1784366 nvme1n1 WS   1585836032 131072   13.401
05:57:00.459 python3        1784366 nvme1n1 WS   1585836288 131072   13.480
05:57:00.459 python3        1784367 nvme1n1 WS   53800960   131072   13.579
05:57:00.460 python3        1784367 nvme1n1 WS   53801216   131072   13.657
05:57:00.460 python3        1784367 nvme1n1 WS   53801472   131072   13.733
05:57:00.460 python3        1784367 nvme1n1 WS   53801728   131072   13.812
05:57:00.460 python3        1784367 nvme1n1 WS   53801984   131072   13.893
05:57:00.460 python3        1784367 nvme1n1 WS   53802240   131072   13.973
05:57:00.460 python3        1784367 nvme1n1 WS   53802496   131072   14.055
05:57:00.460 python3        1784367 nvme1n1 WS   53809408   131072   14.127
05:57:00.460 python3        1784369 nvme1n1 WS   314093056  8192     13.915
05:57:00.460 python3        1784367 nvme1n1 WS   53802752   131072   14.210
05:57:00.460 python3        1784367 nvme1n1 WS   53803008   131072   14.286
05:57:00.460 python3        1784367 nvme1n1 WS   53803264   131072   14.363
05:57:00.460 python3        1784367 nvme1n1 WS   53803520   131072   14.442
05:57:00.460 python3        1784367 nvme1n1 WS   53803776   131072   14.525
05:57:00.461 python3        1784367 nvme1n1 WS   53804032   131072   14.603
05:57:00.461 python3        1784367 nvme1n1 WS   53804288   131072   14.683
05:57:00.461 python3        1784369 nvme1n1 WS   314089472  131072   14.602
05:57:00.461 python3        1784369 nvme1n1 WS   314089728  131072   14.682
05:57:00.461 python3        1784369 nvme1n1 WS   314089984  131072   14.763
05:57:00.461 python3        1784369 nvme1n1 WS   314090240  131072   14.843
05:57:00.461 python3        1784369 nvme1n1 WS   314090496  131072   14.926
05:57:00.461 python3        1784369 nvme1n1 WS   314090752  131072   15.003
05:57:00.461 python3        1784369 nvme1n1 WS   314091008  131072   15.083
05:57:00.461 python3        1784369 nvme1n1 WS   314091264  131072   15.152
05:57:00.461 python3        1784369 nvme1n1 WS   314091520  131072   15.231
05:57:00.461 python3        1784369 nvme1n1 WS   314091776  131072   15.311
05:57:00.461 python3        1784369 nvme1n1 WS   314092032  131072   15.386
05:57:00.462 python3        1784369 nvme1n1 WS   314092288  131072   15.463
05:57:00.462 python3        1784369 nvme1n1 WS   314092544  131072   15.540
05:57:00.462 python3        1784369 nvme1n1 WS   314092800  131072   15.615
05:57:00.866 python3        1784367 nvme1n1 WS   1585840128 131072    0.192
05:57:00.866 python3        1784367 nvme1n1 WS   1585840384 131072    0.251
05:57:00.866 python3        1784367 nvme1n1 WS   1585840640 131072    0.323
05:57:00.866 python3        1784367 nvme1n1 WS   1585840896 131072    0.388
05:57:00.866 python3        1784367 nvme1n1 WS   1585841152 131072    0.471
05:57:00.866 python3        1784367 nvme1n1 WS   1585841408 131072    0.545
05:57:00.866 python3        1784367 nvme1n1 WS   1585841664 131072    0.624
05:57:00.866 python3        1784366 nvme1n1 WS   53813248   131072    0.711
05:57:00.866 python3        1784366 nvme1n1 WS   53813504   131072    0.780
05:57:00.866 python3        1784366 nvme1n1 WS   53813760   131072    0.857
05:57:00.866 python3        1784367 nvme1n1 WS   1585841920 131072    0.940
05:57:00.867 python3        1784366 nvme1n1 WS   53814016   131072    1.022
05:57:00.867 python3        1784366 nvme1n1 WS   53814272   131072    1.105
05:57:00.867 python3        1784366 nvme1n1 WS   53814528   131072    1.184
05:57:00.867 python3        1784366 nvme1n1 WS   53814784   131072    1.266
05:57:00.867 python3        1784367 nvme1n1 WS   1585842176 131072    1.354
05:57:00.867 python3        1784367 nvme1n1 WS   1585842432 131072    1.434
05:57:00.867 python3        1784367 nvme1n1 WS   1585842688 131072    1.514
05:57:00.867 python3        1784367 nvme1n1 WS   1585842944 131072    1.590
05:57:00.867 python3        1784367 nvme1n1 WS   1585843200 131072    1.670
05:57:00.867 python3        1784367 nvme1n1 WS   1585843456 131072    1.750
05:57:00.867 python3        1784367 nvme1n1 WS   1585843712 45056     1.778
05:57:00.867 python3        1784366 nvme1n1 WS   53815040   131072    1.857
05:57:00.867 python3        1784366 nvme1n1 WS   53815296   131072    1.937
05:57:00.868 python3        1784366 nvme1n1 WS   53815552   131072    2.015
05:57:00.868 python3        1784366 nvme1n1 WS   53815808   131072    2.088
05:57:00.868 python3        1784366 nvme1n1 WS   53816064   131072    2.163
05:57:00.868 python3        1784366 nvme1n1 WS   53816320   131072    2.237
05:57:00.868 python3        1784366 nvme1n1 WS   53816576   131072    2.312
05:57:00.868 python3        1784366 nvme1n1 WS   53816832   45056     2.336
05:57:00.868 python3        1784368 nvme1n1 WS   53817344   131072    2.435
05:57:00.868 python3        1784368 nvme1n1 WS   53817600   131072    2.502
05:57:00.868 python3        1784368 nvme1n1 WS   53817856   131072    2.576
05:57:00.868 python3        1784368 nvme1n1 WS   53818112   131072    2.651
05:57:00.868 python3        1784368 nvme1n1 WS   53818368   131072    2.726
05:57:00.868 python3        1784368 nvme1n1 WS   53818624   131072    2.799
05:57:00.868 python3        1784368 nvme1n1 WS   53818880   131072    2.874
05:57:00.869 python3        1784368 nvme1n1 WS   53821440   131072    2.993
05:57:00.869 python3        1784368 nvme1n1 WS   53821696   131072    3.021
05:57:00.869 python3        1784368 nvme1n1 WS   53821952   131072    3.093
05:57:00.869 python3        1784368 nvme1n1 WS   53822208   131072    3.166
05:57:00.869 python3        1784368 nvme1n1 WS   53822464   131072    3.244
05:57:00.869 python3        1784368 nvme1n1 WS   53822720   131072    3.322
05:57:00.869 python3        1784368 nvme1n1 WS   53822976   131072    3.397
05:57:00.869 python3        1784367 nvme1n1 WS   314105856  131072    3.499
05:57:00.869 python3        1784367 nvme1n1 WS   314106112  131072    3.569
05:57:00.869 python3        1784367 nvme1n1 WS   314106368  131072    3.645
05:57:00.869 python3        1784367 nvme1n1 WS   314106624  131072    3.722
05:57:00.869 python3        1784367 nvme1n1 WS   314106880  131072    3.800
05:57:00.869 python3        1784367 nvme1n1 WS   314107136  131072    3.877
05:57:00.870 python3        1784367 nvme1n1 WS   314107392  131072    3.956
05:57:00.870 python3        1784366 nvme1n1 WS   314093568  131072    4.046
05:57:00.870 python3        1784366 nvme1n1 WS   314093824  131072    4.121
05:57:00.870 python3        1784366 nvme1n1 WS   314094080  131072    4.198
05:57:00.870 python3        1784366 nvme1n1 WS   314094336  131072    4.275
05:57:00.870 python3        1784366 nvme1n1 WS   314094592  131072    4.352
05:57:00.870 python3        1784366 nvme1n1 WS   314094848  131072    4.428
05:57:00.870 python3        1784368 nvme1n1 WS   53819136   131072    4.516
05:57:00.870 python3        1784368 nvme1n1 WS   53819392   131072    4.593
05:57:00.870 python3        1784368 nvme1n1 WS   53819648   131072    4.668
05:57:00.870 python3        1784368 nvme1n1 WS   53819904   131072    4.746
05:57:00.870 python3        1784368 nvme1n1 WS   53820160   131072    4.825
05:57:00.871 python3        1784369 nvme1n1 WS   1585844224 131072    4.971
05:57:00.871 python3        1784369 nvme1n1 WS   1585844480 131072    5.000
05:57:00.871 python3        1784369 nvme1n1 WS   1585844736 131072    5.070
05:57:00.871 python3        1784369 nvme1n1 WS   1585844992 131072    5.144
05:57:00.871 python3        1784369 nvme1n1 WS   1585845248 131072    5.223
05:57:00.871 python3        1784369 nvme1n1 WS   1585845504 131072    5.300
05:57:00.871 python3        1784369 nvme1n1 WS   1585845760 131072    5.375
05:57:00.871 python3        1784369 nvme1n1 WS   1585846016 131072    5.435
05:57:00.871 python3        1784369 nvme1n1 WS   1585846272 131072    5.513
05:57:00.871 python3        1784368 nvme1n1 WS   53820416   131072    5.624
05:57:00.871 python3        1784368 nvme1n1 WS   53820672   131072    5.703
05:57:00.871 python3        1784368 nvme1n1 WS   53820928   131072    5.780
05:57:00.871 python3        1784368 nvme1n1 WS   53821184   131072    5.842
05:57:00.872 python3        1784368 nvme1n1 WS   53829632   131072    5.918
05:57:00.872 python3        1784368 nvme1n1 WS   53829888   131072    5.994
05:57:00.872 python3        1784366 nvme1n1 WS   314095104  131072    6.103
05:57:00.872 python3        1784366 nvme1n1 WS   314095360  131072    6.165
05:57:00.872 python3        1784366 nvme1n1 WS   314095616  131072    6.240
05:57:00.872 python3        1784366 nvme1n1 WS   314095872  131072    6.319
05:57:00.872 python3        1784366 nvme1n1 WS   314096128  131072    6.397
05:57:00.872 python3        1784366 nvme1n1 WS   314096384  131072    6.478
05:57:00.872 python3        1784368 nvme1n1 WS   53823232   131072    6.582
05:57:00.872 python3        1784368 nvme1n1 WS   53823488   131072    6.656
05:57:00.872 python3        1784368 nvme1n1 WS   53823744   131072    6.733
05:57:00.872 python3        1784368 nvme1n1 WS   53824000   131072    6.836
05:57:00.873 python3        1784368 nvme1n1 WS   53824256   131072    6.914
05:57:00.873 python3        1784368 nvme1n1 WS   53824512   131072    6.992
05:57:00.873 python3        1784368 nvme1n1 WS   53824768   131072    7.070
05:57:00.873 python3        1784368 nvme1n1 WS   53825024   45056     7.096
05:57:00.873 python3        1784367 nvme1n1 WS   314107648  131072    7.191
05:57:00.873 python3        1784367 nvme1n1 WS   314107904  131072    7.263
05:57:00.873 python3        1784367 nvme1n1 WS   314108160  131072    7.346
05:57:00.873 python3        1784367 nvme1n1 WS   314108416  131072    7.422
05:57:00.873 python3        1784367 nvme1n1 WS   314108672  131072    7.501
05:57:00.873 python3        1784367 nvme1n1 WS   314108928  131072    7.580
05:57:00.873 python3        1784367 nvme1n1 WS   314109184  131072    7.660
05:57:00.873 python3        1784369 nvme1n1 WS   53825536   131072    7.817
05:57:00.873 python3        1784369 nvme1n1 WS   53825792   131072    7.839
05:57:00.874 python3        1784369 nvme1n1 WS   53826048   131072    7.916
05:57:00.874 python3        1784369 nvme1n1 WS   53826304   131072    7.992
05:57:00.874 python3        1784369 nvme1n1 WS   53826560   131072    8.072
05:57:00.874 python3        1784369 nvme1n1 WS   53826816   131072    8.146
05:57:00.874 python3        1784369 nvme1n1 WS   1585846528 131072    8.271
05:57:00.874 python3        1784369 nvme1n1 WS   1585846784 131072    8.302
05:57:00.874 python3        1784369 nvme1n1 WS   1585847040 131072    8.385
05:57:00.874 python3        1784369 nvme1n1 WS   1585847296 131072    8.467
05:57:00.874 python3        1784369 nvme1n1 WS   1585847552 131072    8.545
05:57:00.874 python3        1784369 nvme1n1 WS   1585847808 131072    8.622
05:57:00.874 python3        1784369 nvme1n1 WS   1585848064 131072    8.688
05:57:00.874 python3        1784369 nvme1n1 WS   1585848320 131072    8.763
05:57:00.875 python3        1784369 nvme1n1 WS   1585848576 131072    8.842
05:57:00.875 python3        1784369 nvme1n1 WS   53827072   131072    8.955
05:57:00.875 python3        1784369 nvme1n1 WS   53827328   131072    9.017
05:57:00.875 python3        1784369 nvme1n1 WS   53827584   131072    9.094
05:57:00.875 python3        1784369 nvme1n1 WS   53827840   131072    9.176
05:57:00.875 python3        1784369 nvme1n1 WS   53828096   131072    9.254
05:57:00.875 python3        1784369 nvme1n1 WS   53828352   131072    9.335
05:57:00.875 python3        1784369 nvme1n1 WS   53828608   131072    9.419
05:57:00.875 python3        1784369 nvme1n1 WS   53828864   131072    9.497
05:57:00.875 python3        1784369 nvme1n1 WS   53829120   45056     9.525
05:57:00.875 python3        1784367 nvme1n1 WS   314109440  131072    9.642
05:57:00.875 python3        1784367 nvme1n1 WS   314109696  131072    9.708
05:57:00.875 python3        1784367 nvme1n1 WS   314109952  131072    9.788
05:57:00.876 python3        1784367 nvme1n1 WS   314110208  131072    9.869
05:57:00.876 python3        1784366 nvme1n1 WS   314096640  131072    9.971
05:57:00.876 python3        1784366 nvme1n1 WS   314096896  131072   10.047
05:57:00.876 python3        1784366 nvme1n1 WS   314097152  131072   10.125
05:57:00.876 python3        1784366 nvme1n1 WS   314097408  131072   10.190
05:57:00.876 python3        1784366 nvme1n1 WS   314277888  131072   10.266
05:57:00.876 python3        1784366 nvme1n1 WS   314278144  131072   10.346
05:57:01.375 nvme           1871328 Unknown N    -1         512       0.106
05:57:02.377 nvme           1871336 Unknown N    -1         512       0.075
05:57:02.930 ib_log_        125934  nvme1n1 WS   21244712   4096      0.062
05:57:03.380 nvme           1871350 Unknown N    -1         512       0.032
05:57:03.395 ib_pg_f        125934  nvme1n1 WS   1737209856 131072    0.156
05:57:03.395 ib_pg_f        125934  nvme1n1 WS   1737210112 131072    0.221
05:57:03.395 ib_pg_f        125934  nvme1n1 WS   1737210368 131072    0.302
05:57:03.395 ib_pg_f        125934  nvme1n1 WS   1730405472 16384     0.055
05:57:03.395 ib_pg_f        125934  nvme1n1 WS   1556363552 16384     0.058
05:57:03.395 ib_pg_f        125934  nvme1n1 WS   1730410944 16384     0.063
05:57:03.395 ib_pg_f        125934  nvme1n1 WS   1556363584 16384     0.063
05:57:03.395 ib_pg_f        125934  nvme1n1 WS   1556363264 16384     0.069
05:57:03.395 ib_pg_f        125934  nvme1n1 WS   1730404480 16384     0.074
05:57:03.395 ib_pg_f        125934  nvme1n1 WS   1730409184 16384     0.079
05:57:03.395 ib_pg_f        125934  nvme1n1 WS   1730392128 16384     0.044
05:57:03.395 ib_pg_f        125934  nvme1n1 WS   1730410336 16384     0.054
05:57:03.395 ib_pg_f        125934  nvme1n1 WS   1730392160 16384     0.054
05:57:03.395 ib_pg_f        125934  nvme1n1 WS   1730404576 16384     0.060
05:57:03.395 ib_pg_f        125934  nvme1n1 WS   1730392192 16384     0.063
05:57:03.395 ib_pg_f        125934  nvme1n1 WS   1756483776 16384     0.057
05:57:03.395 ib_pg_f        125934  nvme1n1 WS   1756424320 16384     0.065
05:57:03.395 ib_pg_f        125934  nvme1n1 WS   1756480480 16384     0.069
05:57:03.395 ib_pg_f        125934  nvme1n1 WS   1756424352 16384     0.063
05:57:03.395 ib_pg_f        125934  nvme1n1 WS   1756484384 16384     0.057
05:57:03.395 ib_pg_f        125934  nvme1n1 WS   1756424448 16384     0.067
05:57:03.395 ib_pg_f        125934  nvme1n1 WS   1756482112 16384     0.066
05:57:03.395 ib_pg_f        125934  nvme1n1 WS   1756442688 16384     0.072
05:57:03.395 ib_pg_f        125934  nvme1n1 WS   1756484224 16384     0.072
05:57:03.395 ib_pg_f        125934  nvme1n1 WS   1756442720 16384     0.068
05:57:03.395 ib_pg_f        125934  nvme1n1 WS   1756482176 16384     0.075
05:57:03.395 ib_pg_f        125934  nvme1n1 WS   1756442752 16384     0.077
05:57:03.763 jbd2/nv        752     nvme1n1 WSM  878738200  131072    0.157
05:57:03.763 jbd2/nv        752     nvme1n1 WSM  878738456  131072    0.180
05:57:03.763 jbd2/nv        752     nvme1n1 WSM  878738712  24576     0.183
05:57:03.763 jbd2/nv        752     nvme1n1 WSM  878738760  4096      0.029
05:57:04.158 ib_log_        125934  nvme1n1 WS   21242704   4096      0.056
05:57:04.382 nvme           1871365 Unknown N    -1         512       0.077
05:57:04.827 ib_log_        125932  nvme1n1 WS   1756077320 4096      0.051
05:57:04.827 ib_log_        125932  nvme1n1 WS   1756077320 4096      0.031
05:57:04.828 ib_log_        125932  nvme1n1 WS   1756077320 4096      0.030
05:57:04.828 ib_log_        125932  nvme1n1 WS   1756077328 8192      0.031
05:57:04.828 jbd2/nv        752     nvme1n1 WSM  878738768  24576     0.056
05:57:04.828 jbd2/nv        752     nvme1n1 WSM  878738816  4096      0.028
05:57:04.828 connect        125932  nvme1n1 WS   844577760  4096      0.031
05:57:04.828 jbd2/nv        752     nvme1n1 WSM  878738824  8192      0.032
05:57:04.828 jbd2/nv        752     nvme1n1 WSM  878738840  4096      0.031
05:57:04.828 ib_log_        125932  nvme1n1 WS   1756077328 4096      0.027
05:57:04.828 ib_log_        125932  nvme1n1 WS   1756077328 4096      0.027
05:57:04.828 jbd2/nv        752     nvme1n1 WSM  878738848  45056     0.068
05:57:04.829 jbd2/nv        752     nvme1n1 WSM  878738936  4096      0.029
05:57:04.829 ib_log_        125932  nvme1n1 WS   1756077328 4096      0.026
05:57:04.829 ib_log_        125932  nvme1n1 WS   1756077328 8192      0.030
05:57:04.829 ib_log_        125932  nvme1n1 WS   1756077336 4096      0.026
05:57:04.912 ib_log_        125932  nvme1n1 WS   1756077336 4096      0.034
05:57:04.913 ib_log_        125932  nvme1n1 WS   1756077336 4096      0.028
05:57:05.021 ib_log_        125932  nvme1n1 WS   1756077336 4096      0.033
05:57:05.373 ib_pg_f        125932  nvme1n1 WS   1756891136 131072    0.183
05:57:05.373 ib_pg_f        125932  nvme1n1 WS   1756891392 131072    0.251
05:57:05.373 ib_pg_f        125932  nvme1n1 WS   1756891648 131072    0.328
05:57:05.373 ib_pg_f        125932  nvme1n1 WS   1756891904 131072    0.400
05:57:05.373 ib_pg_f        125932  nvme1n1 WS   1756892160 131072    0.479
05:57:05.373 ib_pg_f        125932  nvme1n1 WS   1756892416 131072    0.554
05:57:05.373 ib_pg_f        125932  nvme1n1 WS   1756892672 131072    0.636
05:57:05.373 ib_pg_f        125932  nvme1n1 WS   1756892928 114688    0.701
05:57:05.373 ib_pg_f        125932  nvme1n1 WS   1756430880 16384     0.042
05:57:05.373 ib_pg_f        125932  nvme1n1 WS   1757691136 16384     0.045
05:57:05.373 ib_pg_f        125932  nvme1n1 WS   1757759648 16384     0.054
05:57:05.373 ib_pg_f        125932  nvme1n1 WS   1755243072 16384     0.061
05:57:05.373 ib_pg_f        125932  nvme1n1 WS   1755217512 16384     0.059
05:57:05.373 ib_pg_f        125932  nvme1n1 WS   1755103904 16384     0.055
05:57:05.373 ib_pg_f        125932  nvme1n1 WS   1756431264 16384     0.068
05:57:05.373 ib_pg_f        125932  nvme1n1 WS   1757716416 16384     0.074
05:57:05.373 ib_pg_f        125932  nvme1n1 WS   1755177632 16384     0.074
05:57:05.373 ib_pg_f        125932  nvme1n1 WS   1756433888 16384     0.074
05:57:05.373 ib_pg_f        125932  nvme1n1 WS   1440672    16384     0.061
05:57:05.373 ib_pg_f        125932  nvme1n1 WS   1440704    16384     0.060
05:57:05.373 ib_pg_f        125932  nvme1n1 WS   1440736    16384     0.056
05:57:05.373 ib_pg_f        125932  nvme1n1 WS   1440768    16384     0.051
05:57:05.373 ib_pg_f        125932  nvme1n1 WS   13303136   16384     0.045
05:57:05.373 ib_pg_f        125932  nvme1n1 WS   13302112   16384     0.052
05:57:05.373 ib_pg_f        125932  nvme1n1 WS   13302272   16384     0.058
05:57:05.373 ib_pg_f        125932  nvme1n1 WS   13302880   16384     0.066
05:57:05.373 ib_pg_f        125932  nvme1n1 WS   1757758240 16384     0.063
05:57:05.373 ib_pg_f        125932  nvme1n1 WS   1757758368 16384     0.064
05:57:05.373 ib_pg_f        125932  nvme1n1 WS   1498170112 16384     0.066
05:57:05.373 ib_pg_f        125932  nvme1n1 WS   1740172288 16384     0.058
05:57:05.373 ib_pg_f        125932  nvme1n1 WS   1740172320 16384     0.065
05:57:05.373 ib_pg_f        125932  nvme1n1 WS   1740171264 16384     0.066
05:57:05.373 ib_pg_f        125932  nvme1n1 WS   1740172096 16384     0.062
05:57:05.373 ib_pg_f        125932  nvme1n1 WS   13302752   16384     0.066
05:57:05.373 ib_pg_f        125932  nvme1n1 WS   1740169632 16384     0.056
05:57:05.373 ib_pg_f        125932  nvme1n1 WS   1740172256 16384     0.053
05:57:05.373 ib_pg_f        125932  nvme1n1 WS   1440384    16384     0.058
05:57:05.373 ib_pg_f        125932  nvme1n1 WS   1440416    16384     0.059
05:57:05.374 ib_pg_f        125932  nvme1n1 WS   1440448    16384     0.062
05:57:05.374 ib_pg_f        125932  nvme1n1 WS   1440480    16384     0.058
05:57:05.374 ib_pg_f        125932  nvme1n1 WS   1440512    16384     0.059
05:57:05.374 ib_pg_f        125932  nvme1n1 WS   1440576    16384     0.057
05:57:05.374 ib_pg_f        125932  nvme1n1 WS   1440608    16384     0.063
05:57:05.374 ib_pg_f        125932  nvme1n1 WS   1440640    16384     0.074
05:57:05.374 ib_pg_f        125932  nvme1n1 WS   1439840    16384     0.068
05:57:05.374 ib_pg_f        125932  nvme1n1 WS   1439872    16384     0.053
05:57:05.374 ib_pg_f        125932  nvme1n1 WS   1439904    16384     0.060
05:57:05.374 ib_pg_f        125932  nvme1n1 WS   1755177600 16384     0.067
05:57:05.374 ib_pg_f        125932  nvme1n1 WS   1755173056 16384     0.071
05:57:05.374 ib_pg_f        125932  nvme1n1 WS   1755103936 16384     0.071
05:57:05.374 ib_pg_f        125932  nvme1n1 WS   1756431552 16384     0.071
05:57:05.374 ib_pg_f        125932  nvme1n1 WS   1755177664 16384     0.070
05:57:05.374 ib_pg_f        125932  nvme1n1 WS   1755243584 16384     0.074
05:57:05.374 ib_pg_f        125932  nvme1n1 WS   1755103968 16384     0.075
05:57:05.374 ib_pg_f        125932  nvme1n1 WS   1755259104 16384     0.080
05:57:05.374 ib_pg_f        125932  nvme1n1 WS   1740147232 16384     0.070
05:57:05.374 ib_pg_f        125932  nvme1n1 WS   1740058784 16384     0.064
05:57:05.374 ib_pg_f        125932  nvme1n1 WS   13303296   16384     0.056
05:57:05.374 ib_pg_f        125932  nvme1n1 WS   1757757632 16384     0.050
05:57:05.374 ib_pg_f        125932  nvme1n1 WS   1756946400 16384     0.058
05:57:05.374 ib_pg_f        125932  nvme1n1 WS   1740167072 16384     0.056
05:57:05.374 ib_pg_f        125932  nvme1n1 WS   1757690624 16384     0.055
05:57:05.374 ib_pg_f        125932  nvme1n1 WS   13303616   16384     0.056
05:57:05.374 ib_pg_f        125932  nvme1n1 WS   1757757728 16384     0.058
05:57:05.374 ib_pg_f        125932  nvme1n1 WS   1847072    16384     0.054
05:57:05.374 ib_pg_f        125932  nvme1n1 WS   13303200   16384     0.056
05:57:05.374 ib_pg_f        125932  nvme1n1 WS   1757690720 16384     0.067
05:57:05.374 ib_pg_f        125932  nvme1n1 WS   1740147616 16384     0.059
05:57:05.374 ib_pg_f        125932  nvme1n1 WS   1757690784 16384     0.059
05:57:05.374 ib_pg_f        125932  nvme1n1 WS   1498170080 16384     0.054
05:57:05.374 ib_pg_f        125932  nvme1n1 WS   1757690048 16384     0.054
05:57:05.385 nvme           1871369 Unknown N    -1         512       0.071
05:57:05.569 kworker        1790484 nvme1n1 W    1757135480 4096      0.111
05:57:05.569 kworker        1790484 nvme1n1 W    1757135744 8192      0.114
05:57:05.569 kworker        1790484 nvme1n1 W    1719167944 8192      0.119
05:57:05.569 kworker        1790484 nvme1n1 W    1757135488 131072    0.194
05:57:05.569 kworker        1790484 nvme1n1 W    608543464  126976    0.268
05:57:05.569 kworker        1790484 nvme1n1 W    608543712  131072    0.348
05:57:05.569 kworker        1790484 nvme1n1 W    608543968  110592    0.412
05:57:05.569 kworker        1790484 nvme1n1 W    722669488  131072    0.490
05:57:05.569 kworker        1790484 nvme1n1 W    722669744  61440     0.528
05:57:05.569 kworker        1790484 nvme1n1 W    608544184  32768     0.547
05:57:05.569 kworker        1790484 nvme1n1 W    722604032  131072    0.625
05:57:05.569 kworker        1790484 nvme1n1 W    722604288  90112     0.681
05:57:05.569 kworker        1790484 nvme1n1 W    1731269120 77824     0.729
05:57:05.569 kworker        1790484 nvme1n1 W    608544248  45056     0.754
05:57:06.171 ib_log_        125932  nvme1n1 WS   1756077336 4096      0.053
05:57:06.171 ib_log_        125932  nvme1n1 WS   1756076288 4096      0.035
05:57:06.387 nvme           1871377 Unknown N    -1         512       0.086
05:57:07.372 ib_pg_f        125932  nvme1n1 WS   1756905472 16384     0.067
05:57:07.372 ib_pg_f        125932  nvme1n1 WS   1755217480 16384     0.043
05:57:07.390 nvme           1871384 Unknown N    -1         512       0.070
05:57:07.616 kworker        1790484 nvme0n1 W    8181432    4096      0.434
05:57:08.172 ib_log_        125932  nvme1n1 WS   1756076288 4096      0.057
05:57:08.394 nvme           1871398 Unknown N    -1         512       0.074
05:57:08.630 dockerd        1436    nvme1n1 WS   1585324728 4096      0.046
05:57:08.630 jbd2/nv        752     nvme1n1 WSM  878738944  131072    0.149
05:57:08.630 jbd2/nv        752     nvme1n1 WSM  878739200  36864     0.153
05:57:08.630 jbd2/nv        752     nvme1n1 WSM  878739272  4096      0.027
05:57:08.630 dockerd        1436    nvme1n1 WS   1585324736 4096      0.030
05:57:08.631 jbd2/nv        752     nvme1n1 WSM  878739280  36864     0.055
05:57:08.631 jbd2/nv        752     nvme1n1 WSM  878739352  4096      0.025
05:57:08.660 contain        1195    nvme1n1 WS   1730873928 4096      0.053
05:57:08.660 contain        1195    nvme1n1 WS   1730874064 8192      0.060
05:57:08.660 contain        1195    nvme1n1 WS   1730874176 4096      0.062
05:57:08.660 contain        1195    nvme1n1 WS   1429520    4096      0.029
05:57:08.671 dockerd        1436    nvme1n1 WS   1323320    4096      0.042
05:57:08.671 dockerd        1436    nvme1n1 WS   1757812104 12288     0.051
05:57:08.672 dockerd        1436    nvme1n1 WS   1323304    4096      0.027
05:57:08.687 dockerd        1436    nvme1n1 WS   1539981568 4096      0.040
05:57:08.687 dockerd        1436    nvme1n1 WS   1757812080 12288     0.049
05:57:08.687 dockerd        1436    nvme1n1 WS   1323312    4096      0.027
05:57:08.688 dockerd        1436    nvme1n1 W    1559434928 4096      0.028
05:57:08.688 dockerd        1436    nvme1n1 WS   1323328    4096      0.032
05:57:08.688 dockerd        1436    nvme1n1 WS   1757812104 12288     0.040
05:57:08.688 dockerd        1436    nvme1n1 WS   1323304    4096      0.030
05:57:08.716 dockerd        1436    nvme1n1 WS   1539981568 4096      0.043
05:57:08.716 dockerd        1436    nvme1n1 WS   1757812080 12288     0.047
05:57:08.716 dockerd        1436    nvme1n1 WS   1323312    4096      0.026
05:57:08.716 dockerd        1436    nvme1n1 WS   1323320    4096      0.046
05:57:08.716 dockerd        1436    nvme1n1 WS   1757812104 12288     0.049
05:57:08.717 dockerd        1436    nvme1n1 WS   1323304    4096      0.027
05:57:08.717 kworker        1817148 nvme1n1 W    600316592  4096      0.034
05:57:08.717 kworker        1790484 nvme1n1 W    1642272136 16384     0.047
05:57:08.719 kworker        1764183 nvme1n1 W    1719293768 4096      0.126
05:57:08.719 kworker        1764183 nvme1n1 W    1735447000 4096      0.131
05:57:08.719 kworker        1764183 nvme1n1 W    1735430112 4096      0.132
05:57:08.719 kworker        1764183 nvme1n1 W    71756968   114688    0.266
05:57:08.719 kworker        1764183 nvme1n1 W    71757192   122880    0.330
05:57:08.719 kworker        1764183 nvme1n1 W    71757432   131072    0.409
05:57:08.719 kworker        1764183 nvme1n1 W    71757688   61440     0.443
05:57:08.719 kworker        1764183 nvme1n1 W    608587776  73728     0.488
05:57:08.719 kworker        1764183 nvme1n1 W    722604464  131072    0.580
05:57:08.719 kworker        1764183 nvme1n1 W    722604720  61440     0.609
05:57:08.719 kworker        1764183 nvme1n1 W    608587920  32768     0.636
05:57:08.719 kworker        1764183 nvme1n1 W    1561337856 131072    0.729
05:57:08.719 kworker        1764183 nvme1n1 W    1561338112 90112     0.786
05:57:08.719 kworker        1764183 nvme1n1 W    1731269272 77824     0.833
05:57:08.719 kworker        1764183 nvme1n1 W    608587984  106496    0.898
05:57:08.719 kworker        1764183 nvme1n1 W    608588192  126976    0.977
05:57:08.719 kworker        1764183 nvme1n1 W    608588440  114688    1.041
05:57:08.720 kworker        1764183 nvme1n1 W    608588664  126976    1.116
05:57:08.720 kworker        1764183 nvme1n1 W    608588912  122880    1.187
05:57:08.720 kworker        1764183 nvme1n1 W    722604840  131072    1.264
05:57:08.720 kworker        1764183 nvme1n1 W    722605096  61440     1.300
05:57:08.720 kworker        1764183 nvme1n1 W    608589152  32768     1.320
05:57:08.720 kworker        1764183 nvme1n1 W    1561369656 131072    1.396
05:57:08.720 kworker        1764183 nvme1n1 W    1561369912 90112     1.451
05:57:08.720 kworker        1764183 nvme1n1 W    1731284224 77824     1.496
05:57:08.720 kworker        1764183 nvme1n1 W    608589216  114688    1.563
05:57:08.720 kworker        1764183 nvme1n1 W    608589440  28672     1.580
05:57:08.720 jbd2/nv        752     nvme1n1 WSM  878739360  131072    1.536
05:57:08.720 jbd2/nv        752     nvme1n1 WSM  878739616  81920     1.561
05:57:08.720 dockerd        1436    nvme1n1 WM   32         4096      1.550
05:57:08.720 dockerd        1436    nvme1n1 WM   152        4096      1.559
05:57:08.720 dockerd        1436    nvme1n1 WM   440        4096      1.562
05:57:08.720 dockerd        1436    nvme1n1 WM   568        4096      1.569
05:57:08.720 dockerd        1436    nvme1n1 WM   736        4096      1.572
05:57:08.720 dockerd        1436    nvme1n1 WM   808        4096      1.573
05:57:08.720 dockerd        1436    nvme1n1 WM   824        4096      1.577
05:57:08.720 dockerd        1436    nvme1n1 WM   840        4096      1.578
05:57:08.720 dockerd        1436    nvme1n1 WM   50331744   8192      1.578
05:57:08.720 dockerd        1436    nvme1n1 WM   67108920   4096      1.582
05:57:08.720 dockerd        1436    nvme1n1 WM   67108944   4096      1.587
05:57:08.720 dockerd        1436    nvme1n1 WM   71303448   8192      1.589
05:57:08.720 dockerd        1436    nvme1n1 WM   310378608  4096      1.591
05:57:08.720 dockerd        1436    nvme1n1 WM   461373744  4096      1.597
05:57:08.720 dockerd        1436    nvme1n1 WM   461373888  4096      1.598
05:57:08.720 dockerd        1436    nvme1n1 WM   461373768  24576     1.615
05:57:08.720 dockerd        1436    nvme1n1 WM   591396872  4096      1.631
05:57:08.720 dockerd        1436    nvme1n1 WM   608174216  4096      1.633
05:57:08.720 dockerd        1436    nvme1n1 WM   608174336  4096      1.636
05:57:08.720 dockerd        1436    nvme1n1 WM   608174416  4096      1.638
05:57:08.720 dockerd        1436    nvme1n1 WM   730174144  4096      1.639
05:57:08.720 dockerd        1436    nvme1n1 WM   905969800  4096      1.641
05:57:08.720 dockerd        1436    nvme1n1 WM   905969920  4096      1.644
05:57:08.720 dockerd        1436    nvme1n1 WM   1174405200 4096      1.648
05:57:08.720 dockerd        1436    nvme1n1 WM   1485846592 4096      1.653
05:57:08.720 dockerd        1436    nvme1n1 WM   1519290072 4096      1.654
05:57:08.720 dockerd        1436    nvme1n1 WM   1539309624 4096      1.658
05:57:08.720 dockerd        1436    nvme1n1 WM   1541337856 4096      1.661
05:57:08.720 dockerd        1436    nvme1n1 WM   1541337872 4096      1.662
05:57:08.720 dockerd        1436    nvme1n1 WM   608182176  24576     1.675
05:57:08.720 dockerd        1436    nvme1n1 WM   608182320  12288     1.684
05:57:08.720 dockerd        1436    nvme1n1 WM   905975976  12288     1.692
05:57:08.720 dockerd        1436    nvme1n1 WM   1541337920 4096      1.623
05:57:08.720 dockerd        1436    nvme1n1 WM   1541337936 8192      1.624
05:57:08.720 dockerd        1436    nvme1n1 WM   1585446920 4096      1.628
05:57:08.720 dockerd        1436    nvme1n1 WM   1677721632 4096      1.630
05:57:08.720 dockerd        1436    nvme1n1 WM   1681915992 4096      1.632
05:57:08.720 dockerd        1436    nvme1n1 WM   1715470448 4096      1.636
05:57:08.720 dockerd        1436    nvme1n1 WM   1728053352 4096      1.637
05:57:08.720 dockerd        1436    nvme1n1 WM   1735433528 4096      1.639
05:57:08.720 dockerd        1436    nvme1n1 WM   1753219184 4096      1.643
05:57:08.720 dockerd        1436    nvme1n1 WM   1756377824 4096      1.645
05:57:08.720 dockerd        1436    nvme1n1 WM   1756439536 4096      1.648
05:57:08.720 dockerd        1436    nvme1n1 WM   1756440544 4096      1.651
05:57:08.720 dockerd        1436    nvme1n1 WM   1756441888 4096      1.659
05:57:08.720 dockerd        1436    nvme1n1 WM   1756492432 4096      1.662
05:57:08.720 dockerd        1436    nvme1n1 WM   1756492528 4096      1.665
05:57:08.720 dockerd        1436    nvme1n1 WM   1756527544 4096      1.666
05:57:08.720 dockerd        1436    nvme1n1 WM   1756528248 4096      1.667
05:57:08.720 dockerd        1436    nvme1n1 WM   1756528312 4096      1.670
05:57:08.720 dockerd        1436    nvme1n1 WM   1756601032 4096      1.672
05:57:08.720 dockerd        1436    nvme1n1 WM   1756662680 4096      1.673
05:57:08.720 dockerd        1436    nvme1n1 WM   1756662768 4096      1.676
05:57:08.720 dockerd        1436    nvme1n1 WM   1756670232 4096      1.678
05:57:08.720 dockerd        1436    nvme1n1 WM   1756723472 4096      1.680
05:57:08.720 dockerd        1436    nvme1n1 WM   1756762584 4096      1.682
05:57:08.720 dockerd        1436    nvme1n1 WM   1756776440 4096      1.685
05:57:08.720 dockerd        1436    nvme1n1 WM   1756778120 4096      1.686
05:57:08.720 dockerd        1436    nvme1n1 WM   1756780384 4096      1.692
05:57:08.720 dockerd        1436    nvme1n1 WM   1756792560 4096      1.693
05:57:08.720 dockerd        1436    nvme1n1 WM   1756792776 4096      1.695
05:57:08.720 dockerd        1436    nvme1n1 WM   1756811256 4096      1.697
05:57:08.720 dockerd        1436    nvme1n1 WM   1756840336 4096      1.698
05:57:08.720 dockerd        1436    nvme1n1 WM   1756843960 4096      1.700
05:57:08.720 dockerd        1436    nvme1n1 WM   1756847320 4096      1.690
05:57:08.720 jbd2/nv        752     nvme1n1 WSM  878739776  4096      0.220
05:57:08.720 dockerd        1436    nvme1n1 WM   1756848552 4096      1.692
05:57:08.720 dockerd        1436    nvme1n1 WM   1756852144 4096      1.694
05:57:08.720 dockerd        1436    nvme1n1 WM   1756864872 4096      1.695
05:57:08.720 dockerd        1436    nvme1n1 WM   1756868280 4096      1.696
05:57:08.720 dockerd        1436    nvme1n1 WM   1756885464 4096      1.698
05:57:08.720 dockerd        1436    nvme1n1 WM   1757028296 4096      1.699
05:57:08.721 jbd2/nv        752     nvme1n1 WSM  878739784  61440     0.078
05:57:08.721 jbd2/nv        752     nvme1n1 WSM  878739904  4096      0.029
05:57:08.721 dockerd        1436    nvme1n1 WSM  0          4096      0.095
05:57:08.721 dockerd        1436    nvme1n1 WSM  40         4096      0.102
05:57:08.721 dockerd        1436    nvme1n1 WSM  224        4096      0.104
05:57:08.721 dockerd        1436    nvme1n1 WSM  288        8192      0.107
05:57:08.721 dockerd        1436    nvme1n1 WSM  352        4096      0.108
05:57:08.721 dockerd        1436    nvme1n1 WSM  784        4096      0.108
05:57:08.721 dockerd        1436    nvme1n1 WSM  816        4096      0.112
05:57:08.721 dockerd        1436    nvme1n1 WSM  832        4096      0.112
05:57:08.721 dockerd        1436    nvme1n1 WSM  71303176   4096      0.126
05:57:08.721 dockerd        1436    nvme1n1 WSM  461373568  4096      0.127
05:57:08.721 dockerd        1436    nvme1n1 WSM  461373696  4096      0.131
05:57:08.721 dockerd        1436    nvme1n1 WSM  591663288  4096      0.133
05:57:08.721 dockerd        1436    nvme1n1 WSM  599785488  4096      0.135
05:57:08.721 dockerd        1436    nvme1n1 WSM  608174088  4096      0.140
05:57:08.721 dockerd        1436    nvme1n1 WSM  608174472  4096      0.142
05:57:08.721 dockerd        1436    nvme1n1 WSM  721420320  4096      0.141
05:57:08.721 dockerd        1436    nvme1n1 WSM  730173944  4096      0.145
05:57:08.721 dockerd        1436    nvme1n1 WSM  1484789216 4096      0.145
05:57:08.721 dockerd        1436    nvme1n1 WSM  1485401008 4096      0.148
05:57:08.721 dockerd        1436    nvme1n1 WSM  1493172480 4096      0.150
05:57:08.721 dockerd        1436    nvme1n1 WSM  1493172504 4096      0.152
05:57:08.721 dockerd        1436    nvme1n1 WSM  1556086880 4096      0.156
05:57:08.721 dockerd        1436    nvme1n1 WSM  1560281120 4096      0.157
05:57:08.721 dockerd        1436    nvme1n1 WSM  1572864128 4096      0.157
05:57:08.721 dockerd        1436    nvme1n1 WSM  1572864280 4096      0.158
05:57:08.721 dockerd        1436    nvme1n1 WSM  1581252728 4096      0.163
05:57:08.721 dockerd        1436    nvme1n1 WSM  1639972928 4096      0.164
05:57:08.721 dockerd        1436    nvme1n1 WSM  1707081744 4096      0.165
05:57:08.721 dockerd        1436    nvme1n1 WSM  1707383280 4096      0.168
05:57:08.721 dockerd        1436    nvme1n1 WSM  744        12288     0.186
05:57:08.721 dockerd        1436    nvme1n1 WSM  461374248  12288     0.190
05:57:08.721 dockerd        1436    nvme1n1 WSM  608182224  45056     0.216
05:57:08.721 dockerd        1436    nvme1n1 WSM  1728053344 4096      0.213
05:57:08.721 dockerd        1436    nvme1n1 WSM  1732247648 4096      0.215
05:57:08.722 dockerd        1436    nvme1n1 WS   608491368  4096      0.034
05:57:08.722 jbd2/nv        752     nvme1n1 WSM  878739912  57344     0.080
05:57:08.722 jbd2/nv        752     nvme1n1 WSM  878740024  4096      0.029
05:57:08.723 dockerd        1436    nvme1n1 WS   608491376  4096      0.030
05:57:08.723 jbd2/nv        752     nvme1n1 WSM  878740032  45056     0.062
05:57:08.723 jbd2/nv        752     nvme1n1 WSM  878740120  4096      0.028
05:57:08.723 dockerd        1436    nvme1n1 WS   608491384  4096      0.030
05:57:08.723 jbd2/nv        752     nvme1n1 WSM  878740128  49152     0.069
05:57:08.723 jbd2/nv        752     nvme1n1 WSM  878740224  4096      0.030
05:57:08.723 dockerd        1436    nvme1n1 WS   608491392  4096      0.029
05:57:08.724 jbd2/nv        752     nvme1n1 WSM  878740232  36864     0.056
05:57:08.724 jbd2/nv        752     nvme1n1 WSM  878740304  4096      0.028
05:57:08.724 contain        1195    nvme1n1 WS   1730874096 8192      0.052
05:57:08.724 contain        1195    nvme1n1 WS   1730874120 4096      0.057
05:57:08.724 contain        1195    nvme1n1 WS   1730874152 4096      0.062
05:57:08.724 contain        1195    nvme1n1 WS   1730874168 4096      0.062
05:57:08.724 contain        1195    nvme1n1 WS   1429528    4096      0.027
05:57:08.728 contain        1195    nvme1n1 WS   1730873896 4096      0.045
05:57:08.728 contain        1195    nvme1n1 WS   1730874176 4096      0.049
05:57:08.728 contain        1195    nvme1n1 WS   1730874232 4096      0.054
05:57:08.728 contain        1195    nvme1n1 WS   1730874064 12288     0.057
05:57:08.728 contain        1195    nvme1n1 WS   1429520    4096      0.026
05:57:08.729 contain        1195    nvme1n1 WS   1725789792 4096      0.051
05:57:08.729 contain        1195    nvme1n1 WS   1725789816 4096      0.059
05:57:08.729 contain        1195    nvme1n1 WS   1725789872 4096      0.065
05:57:08.729 contain        1195    nvme1n1 WS   1725789888 4096      0.065
05:57:08.729 contain        1195    nvme1n1 WS   1725789928 4096      0.066
05:57:08.729 contain        1195    nvme1n1 WS   1725789944 4096      0.067
05:57:08.729 contain        1195    nvme1n1 WS   1725789960 4096      0.067
05:57:08.729 contain        1195    nvme1n1 WS   1707371880 4096      0.027
05:57:08.730 contain        1195    nvme1n1 WS   1725789848 4096      0.039
05:57:08.730 contain        1195    nvme1n1 WS   1725789912 4096      0.042
05:57:08.730 contain        1195    nvme1n1 WS   1725789936 4096      0.046
05:57:08.730 contain        1195    nvme1n1 WS   1725789952 4096      0.047
05:57:08.730 contain        1195    nvme1n1 WS   1725789968 12288     0.050
05:57:08.730 contain        1195    nvme1n1 WS   1707371888 4096      0.027
05:57:08.730 contain        1195    nvme1n1 WS   1725789792 4096      0.031
05:57:08.730 contain        1195    nvme1n1 WS   1707371880 4096      0.026
05:57:09.396 nvme           1871457 Unknown N    -1         512       0.036
05:57:10.009 python3        1784369 nvme1n1 WS   53833728   131072    0.187
05:57:10.009 python3        1784369 nvme1n1 WS   53833984   131072    0.244
05:57:10.009 python3        1784369 nvme1n1 WS   53834240   131072    0.362
05:57:10.009 python3        1784369 nvme1n1 WS   53834496   131072    0.431
05:57:10.009 python3        1784369 nvme1n1 WS   53834752   131072    0.482
05:57:10.009 python3        1784369 nvme1n1 WS   53835008   131072    0.593
05:57:10.009 python3        1784369 nvme1n1 WS   53835264   131072    0.660
05:57:10.009 python3        1784369 nvme1n1 WS   53835520   131072    0.698
05:57:10.009 python3        1784369 nvme1n1 WS   53835776   131072    0.784
05:57:10.009 python3        1784369 nvme1n1 WS   53836032   131072    0.858
05:57:10.009 python3        1784369 nvme1n1 WS   53836288   131072    0.941
05:57:10.009 python3        1784369 nvme1n1 WS   53836544   131072    1.021
05:57:10.010 python3        1784369 nvme1n1 WS   53836800   131072    1.100
05:57:10.010 python3        1784369 nvme1n1 WS   53837056   131072    1.185
05:57:10.010 python3        1784369 nvme1n1 WS   53837312   131072    1.268
05:57:10.010 python3        1784369 nvme1n1 WS   53837568   131072    1.335
05:57:10.010 python3        1784369 nvme1n1 WS   53837824   131072    1.415
05:57:10.010 python3        1784369 nvme1n1 WS   53838080   131072    1.497
05:57:10.010 python3        1784366 nvme1n1 WS   53846016   131072    1.583
05:57:10.010 python3        1784366 nvme1n1 WS   53846272   131072    1.614
05:57:10.010 python3        1784367 nvme1n1 WS   53841920   131072    1.699
05:57:10.010 python3        1784367 nvme1n1 WS   53842176   131072    1.771
05:57:10.010 python3        1784367 nvme1n1 WS   53842432   131072    1.852
05:57:10.010 python3        1784366 nvme1n1 WS   53846528   131072    1.945
05:57:10.011 python3        1784366 nvme1n1 WS   53846784   131072    2.024
05:57:10.011 python3        1784366 nvme1n1 WS   53847040   131072    2.100
05:57:10.011 python3        1784366 nvme1n1 WS   53847296   131072    2.174
05:57:10.011 python3        1784366 nvme1n1 WS   53847552   131072    2.249
05:57:10.011 python3        1784367 nvme1n1 WS   53842688   131072    2.327
05:57:10.011 python3        1784367 nvme1n1 WS   53842944   131072    2.398
05:57:10.011 python3        1784367 nvme1n1 WS   53843200   131072    2.473
05:57:10.011 python3        1784367 nvme1n1 WS   53843456   131072    2.545
05:57:10.011 python3        1784366 nvme1n1 WS   53847808   131072    2.618
05:57:10.011 python3        1784366 nvme1n1 WS   53848064   131072    2.695
05:57:10.011 python3        1784366 nvme1n1 WS   53848320   131072    2.771
05:57:10.011 python3        1784366 nvme1n1 WS   53848576   131072    2.846
05:57:10.011 python3        1784366 nvme1n1 WS   53848832   131072    2.923
05:57:10.012 python3        1784366 nvme1n1 WS   53849088   131072    2.998
05:57:10.012 python3        1784366 nvme1n1 WS   53849344   131072    3.073
05:57:10.012 python3        1784366 nvme1n1 WS   53849600   131072    3.147
05:57:10.012 python3        1784366 nvme1n1 WS   53849856   131072    3.210
05:57:10.012 python3        1784366 nvme1n1 WS   53850112   131072    3.286
05:57:10.012 python3        1784366 nvme1n1 WS   53850368   131072    3.363
05:57:10.012 python3        1784367 nvme1n1 WS   53843712   131072    3.456
05:57:10.012 python3        1784367 nvme1n1 WS   53843968   131072    3.529
05:57:10.012 python3        1784367 nvme1n1 WS   53844224   131072    3.605
05:57:10.012 python3        1784367 nvme1n1 WS   53844480   131072    3.680
05:57:10.012 python3        1784367 nvme1n1 WS   53844736   131072    3.756
05:57:10.012 python3        1784367 nvme1n1 WS   53844992   131072    3.831
05:57:10.012 python3        1784367 nvme1n1 WS   53845248   131072    3.907
05:57:10.013 python3        1784367 nvme1n1 WS   53845504   131072    3.982
05:57:10.013 python3        1784367 nvme1n1 WS   53845760   131072    4.034
05:57:10.013 python3        1784367 nvme1n1 WS   53866496   131072    4.111
05:57:10.013 python3        1784367 nvme1n1 WS   53866752   131072    4.191
05:57:10.013 python3        1784368 nvme1n1 WS   53854208   131072    4.341
05:57:10.013 python3        1784368 nvme1n1 WS   53854464   131072    4.349
05:57:10.013 python3        1784368 nvme1n1 WS   53854720   131072    4.425
05:57:10.013 python3        1784368 nvme1n1 WS   53854976   131072    4.506
05:57:10.013 python3        1784368 nvme1n1 WS   53855232   131072    4.586
05:57:10.013 python3        1784368 nvme1n1 WS   53855488   131072    4.659
05:57:10.013 python3        1784368 nvme1n1 WS   53855744   131072    4.735
05:57:10.013 python3        1784368 nvme1n1 WS   53862400   131072    4.840
05:57:10.014 python3        1784368 nvme1n1 WS   53862656   131072    4.905
05:57:10.014 python3        1784368 nvme1n1 WS   53862912   131072    4.982
05:57:10.014 python3        1784368 nvme1n1 WS   53863168   131072    5.059
05:57:10.014 python3        1784368 nvme1n1 WS   53863424   131072    5.135
05:57:10.014 python3        1784368 nvme1n1 WS   53863680   131072    5.211
05:57:10.014 python3        1784368 nvme1n1 WS   53863936   131072    5.288
05:57:10.014 python3        1784369 nvme1n1 WS   53858304   131072    5.382
05:57:10.014 python3        1784369 nvme1n1 WS   53858560   131072    5.447
05:57:10.014 python3        1784369 nvme1n1 WS   53858816   131072    5.522
05:57:10.014 python3        1784369 nvme1n1 WS   53859072   131072    5.594
05:57:10.014 python3        1784369 nvme1n1 WS   53859328   131072    5.668
05:57:10.014 python3        1784369 nvme1n1 WS   53859584   131072    5.744
05:57:10.014 python3        1784369 nvme1n1 WS   53859840   131072    5.820
05:57:10.015 python3        1784366 nvme1n1 WS   1684923392 131072    5.971
05:57:10.015 python3        1784366 nvme1n1 WS   1684923648 131072    5.999
05:57:10.015 python3        1784366 nvme1n1 WS   1684923904 32768     6.015
05:57:10.015 python3        1784366 nvme1n1 WS   1585852416 131072    6.210
05:57:10.015 python3        1784366 nvme1n1 WS   1585852672 131072    6.211
05:57:10.015 python3        1784366 nvme1n1 WS   1585852928 131072    6.255
05:57:10.015 python3        1784366 nvme1n1 WS   1585853184 131072    6.334
05:57:10.015 python3        1784366 nvme1n1 WS   1585853440 131072    6.410
05:57:10.015 python3        1784366 nvme1n1 WS   1585853696 131072    6.484
05:57:10.015 python3        1784366 nvme1n1 WS   1585853952 131072    6.561
05:57:10.015 python3        1784368 nvme1n1 WS   53856000   131072    6.689
05:57:10.015 python3        1784368 nvme1n1 WS   53856256   131072    6.767
05:57:10.015 python3        1784368 nvme1n1 WS   53856512   131072    6.841
05:57:10.016 python3        1784368 nvme1n1 WS   53856768   131072    6.917
05:57:10.016 python3        1784368 nvme1n1 WS   53857024   131072    6.999
05:57:10.016 python3        1784368 nvme1n1 WS   53857280   131072    7.074
05:57:10.016 python3        1784368 nvme1n1 WS   53857536   131072    7.151
05:57:10.016 python3        1784368 nvme1n1 WS   53857792   131072    7.230
05:57:10.016 python3        1784368 nvme1n1 WS   53864192   131072    7.325
05:57:10.016 python3        1784368 nvme1n1 WS   53864448   131072    7.400
05:57:10.016 python3        1784368 nvme1n1 WS   53864704   131072    7.477
05:57:10.016 python3        1784368 nvme1n1 WS   53864960   131072    7.552
05:57:10.016 python3        1784368 nvme1n1 WS   53865216   131072    7.630
05:57:10.016 python3        1784368 nvme1n1 WS   53865472   131072    7.705
05:57:10.016 python3        1784368 nvme1n1 WS   53865728   131072    7.782
05:57:10.017 python3        1784367 nvme1n1 WS   53870592   131072    7.879
05:57:10.017 python3        1784367 nvme1n1 WS   53870848   131072    7.950
05:57:10.017 python3        1784367 nvme1n1 WS   53871104   131072    8.026
05:57:10.017 python3        1784367 nvme1n1 WS   53871360   131072    8.099
05:57:10.017 python3        1784368 nvme1n1 WS   69854208   131072    8.182
05:57:10.017 python3        1784368 nvme1n1 WS   53865984   131072    8.259
05:57:10.017 python3        1784368 nvme1n1 WS   53866240   131072    8.321
05:57:10.017 python3        1784368 nvme1n1 WS   53878784   131072    8.402
05:57:10.017 python3        1784368 nvme1n1 WS   53879040   131072    8.479
05:57:10.017 python3        1784367 nvme1n1 WS   53871616   131072    8.584
05:57:10.017 python3        1784367 nvme1n1 WS   53871872   131072    8.658
05:57:10.017 python3        1784367 nvme1n1 WS   53872128   131072    8.734
05:57:10.017 python3        1784367 nvme1n1 WS   53872384   131072    8.799
05:57:10.018 python3        1784367 nvme1n1 WS   53872640   131072    8.876
05:57:10.018 python3        1784367 nvme1n1 WS   53872896   131072    8.953
05:57:10.018 python3        1784367 nvme1n1 WS   53873152   131072    9.029
05:57:10.018 python3        1784367 nvme1n1 WS   53873408   131072    9.107
05:57:10.018 python3        1784367 nvme1n1 WS   53873664   131072    9.185
05:57:10.018 python3        1784367 nvme1n1 WS   53873920   131072    9.265
05:57:10.018 python3        1784367 nvme1n1 WS   53874176   131072    9.344
05:57:10.018 python3        1784368 nvme1n1 WS   69854464   131072    9.520
05:57:10.018 python3        1784368 nvme1n1 WS   69854720   32768     9.523
05:57:10.018 python3        1784366 nvme1n1 WS   1585854208 131072    9.626
05:57:10.018 python3        1784366 nvme1n1 WS   1585854464 131072    9.645
05:57:10.018 python3        1784366 nvme1n1 WS   1585854720 131072    9.719
05:57:10.018 python3        1784366 nvme1n1 WS   1585854976 131072    9.795
05:57:10.019 python3        1784366 nvme1n1 WS   1585855232 131072    9.870
05:57:10.019 python3        1784366 nvme1n1 WS   1585855488 131072    9.949
05:57:10.019 python3        1784366 nvme1n1 WS   1585855744 131072   10.030
05:57:10.019 python3        1784366 nvme1n1 WS   1585856000 131072   10.108
05:57:10.019 python3        1784366 nvme1n1 WS   1585856256 131072   10.173
05:57:10.019 python3        1784366 nvme1n1 WS   1585856512 131072   10.253
05:57:10.019 python3        1784366 nvme1n1 WS   1585856768 131072   10.332
05:57:10.019 python3        1784368 nvme1n1 WS   53858048   131072   10.442
05:57:10.019 python3        1784368 nvme1n1 WS   53874688   131072   10.519
05:57:10.019 python3        1784368 nvme1n1 WS   53874944   131072   10.595
05:57:10.019 python3        1784369 nvme1n1 WS   53860096   131072   10.672
05:57:10.019 python3        1784369 nvme1n1 WS   53860352   131072   10.747
05:57:10.020 python3        1784369 nvme1n1 WS   53860608   131072   10.818
05:57:10.020 python3        1784369 nvme1n1 WS   53860864   131072   10.891
05:57:10.020 python3        1784369 nvme1n1 WS   53861120   131072   10.964
05:57:10.020 python3        1784369 nvme1n1 WS   53861376   131072   11.039
05:57:10.020 python3        1784369 nvme1n1 WS   53861632   131072   11.118
05:57:10.020 python3        1784369 nvme1n1 WS   53861888   131072   11.192
05:57:10.020 python3        1784367 nvme1n1 WS   53874432   131072   11.261
05:57:10.020 python3        1784367 nvme1n1 WS   53882880   131072   11.341
05:57:10.020 python3        1784367 nvme1n1 WS   53883136   131072   11.420
05:57:10.020 python3        1784369 nvme1n1 WS   53862144   131072   11.494
05:57:10.020 python3        1784369 nvme1n1 WS   53886976   131072   11.574
05:57:10.020 python3        1784369 nvme1n1 WS   53887232   131072   11.654
05:57:10.020 python3        1784367 nvme1n1 WS   69862400   131072   11.733
05:57:10.021 python3        1784367 nvme1n1 WS   69862656   131072   11.807
05:57:10.021 python3        1784367 nvme1n1 WS   69862912   32768    11.825
05:57:10.021 python3        1784369 nvme1n1 WS   69870592   131072   11.949
05:57:10.021 python3        1784369 nvme1n1 WS   69870848   131072   11.966
05:57:10.021 python3        1784369 nvme1n1 WS   69871104   32768    11.978
05:57:10.380 amoprof        1787544 nvme1n1 W    608564032  4096      0.055
