TIMESTAMP    COMM           PID     DISK    T    SECTOR     BYTES   LAT(ms)
06:06:36.195 ib_log_        125949  nvme1n1 WS   1757422584 4096      0.058
06:06:36.227 ib_log_        125934  nvme1n1 WS   21242704   4096      0.051
06:06:36.265 nvme           1890681 Unknown N    -1         512       0.045
06:06:36.407 ib_pg_f        125924  nvme1n1 WS   1740054528 131072    0.173
06:06:36.407 ib_pg_f        125924  nvme1n1 WS   1740054784 131072    0.236
06:06:36.407 ib_pg_f        125924  nvme1n1 WS   1740055040 131072    0.312
06:06:36.407 ib_pg_f        125924  nvme1n1 WS   1740055296 131072    0.390
06:06:36.407 ib_pg_f        125924  nvme1n1 WS   1740055552 131072    0.467
06:06:36.407 ib_pg_f        125924  nvme1n1 WS   1740055808 131072    0.541
06:06:36.407 ib_pg_f        125924  nvme1n1 WS   1740056064 131072    0.617
06:06:36.407 ib_pg_f        125924  nvme1n1 WS   1740056320 16384     0.634
06:06:36.407 ib_pg_f        125924  nvme1n1 WS   813152     16384     0.043
06:06:36.407 ib_pg_f        125924  nvme1n1 WS   813184     16384     0.046
06:06:36.407 ib_pg_f        125924  nvme1n1 WS   813216     16384     0.052
06:06:36.407 ib_pg_f        125924  nvme1n1 WS   1740107072 16384     0.067
06:06:36.407 ib_pg_f        125924  nvme1n1 WS   1740405632 16384     0.070
06:06:36.407 ib_pg_f        125924  nvme1n1 WS   1520107936 16384     0.078
06:06:36.407 ib_pg_f        125924  nvme1n1 WS   1520145376 16384     0.073
06:06:36.407 ib_pg_f        125924  nvme1n1 WS   813696     16384     0.078
06:06:36.407 ib_pg_f        125924  nvme1n1 WS   813728     16384     0.079
06:06:36.407 ib_pg_f        125924  nvme1n1 WS   813760     16384     0.059
06:06:36.407 ib_pg_f        125924  nvme1n1 WS   813792     16384     0.060
06:06:36.407 ib_pg_f        125924  nvme1n1 WS   813824     16384     0.070
06:06:36.407 ib_pg_f        125924  nvme1n1 WS   813888     16384     0.074
06:06:36.407 ib_pg_f        125924  nvme1n1 WS   813920     16384     0.072
06:06:36.407 ib_pg_f        125924  nvme1n1 WS   813952     16384     0.058
06:06:36.407 ib_pg_f        125924  nvme1n1 WS   1756547840 16384     0.062
06:06:36.407 ib_pg_f        125924  nvme1n1 WS   1520145408 16384     0.067
06:06:36.407 ib_pg_f        125924  nvme1n1 WS   1520145440 16384     0.076
06:06:36.407 ib_pg_f        125924  nvme1n1 WS   1436640    16384     0.090
06:06:36.407 ib_pg_f        125924  nvme1n1 WS   1520145216 16384     0.084
06:06:36.407 ib_pg_f        125924  nvme1n1 WS   1520144384 16384     0.076
06:06:36.407 ib_pg_f        125924  nvme1n1 WS   1436768    16384     0.075
06:06:36.407 ib_pg_f        125924  nvme1n1 WS   1757690592 16384     0.083
06:06:36.407 ib_pg_f        125924  nvme1n1 WS   1757760512 16384     0.073
06:06:36.407 ib_pg_f        125924  nvme1n1 WS   1437024    16384     0.061
06:06:36.407 ib_pg_f        125924  nvme1n1 WS   1436000    16384     0.068
06:06:36.407 ib_pg_f        125924  nvme1n1 WS   1436160    16384     0.067
06:06:36.407 ib_pg_f        125924  nvme1n1 WS   1757151456 16384     0.050
06:06:36.407 ib_pg_f        125924  nvme1n1 WS   1755102048 16384     0.054
06:06:36.407 ib_pg_f        125924  nvme1n1 WS   1740414144 16384     0.058
06:06:36.407 ib_pg_f        125924  nvme1n1 WS   1684847920 16384     0.049
06:06:36.407 ib_pg_f        125924  nvme1n1 WS   1705588064 16384     0.053
06:06:36.407 ib_pg_f        125924  nvme1n1 WS   1684847952 16384     0.061
06:06:36.408 ib_pg_f        125924  nvme1n1 WS   1684847984 16384     0.067
06:06:36.408 ib_pg_f        125924  nvme1n1 WS   1740407456 16384     0.076
06:06:36.408 ib_pg_f        125924  nvme1n1 WS   1684848016 16384     0.084
06:06:36.408 ib_pg_f        125924  nvme1n1 WS   1755102080 16384     0.090
06:06:36.408 ib_pg_f        125924  nvme1n1 WS   814048     16384     0.089
06:06:36.408 ib_pg_f        125924  nvme1n1 WS   814080     16384     0.089
06:06:36.408 ib_pg_f        125924  nvme1n1 WS   813984     16384     0.090
06:06:36.408 ib_pg_f        125924  nvme1n1 WS   814016     16384     0.097
06:06:36.408 ib_pg_f        125924  nvme1n1 WS   1740405696 16384     0.102
06:06:36.408 ib_pg_f        125924  nvme1n1 WS   1757760192 16384     0.092
06:06:36.408 ib_pg_f        125924  nvme1n1 WS   1757691744 16384     0.090
06:06:36.408 ib_pg_f        125924  nvme1n1 WS   1756547808 16384     0.098
06:06:36.408 ib_pg_f        125924  nvme1n1 WS   1757691296 16384     0.093
06:06:36.408 ib_pg_f        125924  nvme1n1 WS   1740107104 16384     0.093
06:06:36.408 ib_pg_f        125924  nvme1n1 WS   1740405760 16384     0.093
06:06:36.408 ib_pg_f        125924  nvme1n1 WS   1755203104 16384     0.095
06:06:36.408 ib_pg_f        125924  nvme1n1 WS   1755158528 16384     0.101
06:06:36.408 ib_pg_f        125924  nvme1n1 WS   1755201664 16384     0.101
06:06:36.408 ib_pg_f        125924  nvme1n1 WS   1755215296 16384     0.105
06:06:36.408 ib_pg_f        125924  nvme1n1 WS   1740411072 16384     0.108
06:06:36.408 ib_pg_f        125924  nvme1n1 WS   1740107200 16384     0.113
06:06:36.408 ib_pg_f        125924  nvme1n1 WS   1740405824 16384     0.119
06:06:36.408 ib_pg_f        125924  nvme1n1 WS   1756836384 16384     0.120
06:06:36.408 ib_pg_f        125924  nvme1n1 WS   1757151392 16384     0.122
06:06:36.411 ib_log_        125924  nvme1n1 WS   1738279912 4096      0.036
06:06:36.411 ib_log_        125924  nvme1n1 WS   1738276864 4096      0.032
06:06:37.267 nvme           1890742 Unknown N    -1         512       0.053
06:06:37.406 ib_pg_f        125924  nvme1n1 WS   1740046336 16384     0.060
06:06:37.406 ib_pg_f        125924  nvme1n1 WS   1757760160 16384     0.044
06:06:37.411 ib_log_        125924  nvme1n1 WS   1738276864 4096      0.035
06:06:38.270 nvme           1890756 Unknown N    -1         512       0.077
06:06:38.594 python3        1784369 nvme1n1 WS   1176965120 131072    0.193
06:06:38.594 python3        1784369 nvme1n1 WS   1176965376 131072    0.276
06:06:38.594 python3        1784369 nvme1n1 WS   1176965632 131072    0.362
06:06:38.594 python3        1784369 nvme1n1 WS   1176965888 131072    0.442
06:06:38.594 python3        1784369 nvme1n1 WS   1176966144 131072    0.502
06:06:38.594 python3        1784366 nvme1n1 WS   1565863936 131072    0.608
06:06:38.594 python3        1784366 nvme1n1 WS   1565864192 131072    0.670
06:06:38.594 python3        1784366 nvme1n1 WS   1565864448 131072    0.744
06:06:38.594 python3        1784366 nvme1n1 WS   1565864704 131072    0.824
06:06:38.595 python3        1784366 nvme1n1 WS   1565864960 131072    0.906
06:06:38.595 python3        1784366 nvme1n1 WS   1565865216 131072    0.984
06:06:38.595 python3        1784366 nvme1n1 WS   1565865472 131072    1.063
06:06:38.595 python3        1784366 nvme1n1 WS   1565865728 131072    1.129
06:06:38.595 python3        1784366 nvme1n1 WS   1565865984 131072    1.210
06:06:38.595 python3        1784366 nvme1n1 WS   1565866240 131072    1.314
06:06:38.595 python3        1784366 nvme1n1 WS   1565866496 131072    1.374
06:06:38.595 python3        1784369 nvme1n1 WS   1176966400 131072    1.494
06:06:38.595 python3        1784369 nvme1n1 WS   1176966656 131072    1.576
06:06:38.595 python3        1784369 nvme1n1 WS   1176966912 131072    1.648
06:06:38.595 python3        1784369 nvme1n1 WS   1176967168 131072    1.718
06:06:38.595 python3        1784369 nvme1n1 WS   1176967424 131072    1.801
06:06:38.596 python3        1784369 nvme1n1 WS   1176967680 131072    1.878
06:06:38.596 python3        1784369 nvme1n1 WS   1176967936 131072    1.959
06:06:38.596 python3        1784369 nvme1n1 WS   1176968192 131072    2.042
06:06:38.596 python3        1784369 nvme1n1 WS   1176968448 131072    2.123
06:06:38.596 python3        1784369 nvme1n1 WS   1176968704 131072    2.199
06:06:38.596 python3        1784369 nvme1n1 WS   1176968960 131072    2.263
06:06:38.596 python3        1784369 nvme1n1 WS   1176969216 131072    2.338
06:06:38.596 python3        1784366 nvme1n1 WS   1565866752 131072    2.438
06:06:38.596 python3        1784366 nvme1n1 WS   1565867008 131072    2.505
06:06:38.596 python3        1784366 nvme1n1 WS   1565867264 131072    2.582
06:06:38.596 python3        1784366 nvme1n1 WS   1565867520 131072    2.656
06:06:38.596 python3        1784367 nvme1n1 WS   1176047616 131072    2.744
06:06:38.596 python3        1784367 nvme1n1 WS   1176047872 131072    2.808
06:06:38.597 python3        1784367 nvme1n1 WS   1176048128 131072    2.882
06:06:38.597 python3        1784369 nvme1n1 WS   1176969472 131072    2.963
06:06:38.597 python3        1784367 nvme1n1 WS   1176048384 131072    3.036
06:06:38.597 python3        1784367 nvme1n1 WS   1176048640 131072    3.112
06:06:38.597 python3        1784367 nvme1n1 WS   1176048896 131072    3.192
06:06:38.597 python3        1784367 nvme1n1 WS   1176049152 131072    3.273
06:06:38.597 python3        1784366 nvme1n1 WS   1565867776 131072    3.346
06:06:38.597 python3        1784366 nvme1n1 WS   1565868032 131072    3.416
06:06:38.597 python3        1784366 nvme1n1 WS   1565868288 131072    3.492
06:06:38.597 python3        1784367 nvme1n1 WS   1176049408 131072    3.558
06:06:38.597 python3        1784367 nvme1n1 WS   1176049664 131072    3.632
06:06:38.597 python3        1784366 nvme1n1 WS   1176973312 131072    3.715
06:06:38.598 python3        1784367 nvme1n1 WS   1176049920 131072    3.790
06:06:38.598 python3        1784367 nvme1n1 WS   1176050176 131072    3.873
06:06:38.598 python3        1784367 nvme1n1 WS   1176050432 131072    3.942
06:06:38.598 python3        1784366 nvme1n1 WS   1176973568 131072    4.028
06:06:38.598 python3        1784366 nvme1n1 WS   1176973824 131072    4.108
06:06:38.598 python3        1784366 nvme1n1 WS   1176974080 131072    4.188
06:06:38.598 python3        1784366 nvme1n1 WS   1176974336 131072    4.264
06:06:38.598 python3        1784366 nvme1n1 WS   1176974592 131072    4.340
06:06:38.598 python3        1784366 nvme1n1 WS   1176974848 131072    4.416
06:06:38.598 python3        1784367 nvme1n1 WS   1176050688 131072    4.510
06:06:38.598 python3        1784367 nvme1n1 WS   1176050944 131072    4.588
06:06:38.598 python3        1784367 nvme1n1 WS   1176051200 131072    4.665
06:06:38.598 python3        1784367 nvme1n1 WS   1176051456 131072    4.730
06:06:38.599 python3        1784367 nvme1n1 WS   1176051712 131072    4.805
06:06:38.599 python3        1784367 nvme1n1 WS   1176051968 131072    4.882
06:06:38.599 python3        1784366 nvme1n1 WS   1176975104 131072    4.966
06:06:38.599 python3        1784366 nvme1n1 WS   1176975360 131072    5.034
06:06:38.599 python3        1784366 nvme1n1 WS   1176975616 131072    5.112
06:06:38.599 python3        1784366 nvme1n1 WS   1176975872 131072    5.189
06:06:38.599 python3        1784366 nvme1n1 WS   1176976128 131072    5.268
06:06:38.599 python3        1784366 nvme1n1 WS   1176976384 131072    5.349
06:06:38.599 python3        1784366 nvme1n1 WS   1176976640 131072    5.428
06:06:38.599 python3        1784366 nvme1n1 WS   1176976896 131072    5.506
06:06:38.599 python3        1784366 nvme1n1 WS   1565296640 131072    5.586
06:06:38.599 python3        1784366 nvme1n1 WS   1565296896 131072    5.660
06:06:38.599 python3        1784366 nvme1n1 WS   1565297152 69632     5.701
06:06:38.600 python3        1784366 nvme1n1 WS   1176977152 131072    5.775
06:06:38.600 python3        1784366 nvme1n1 WS   1176977408 131072    5.855
06:06:38.600 python3        1784366 nvme1n1 WS   1176977664 131072    5.930
06:06:38.600 python3        1784367 nvme1n1 WS   1534742528 131072    5.941
06:06:38.600 python3        1784367 nvme1n1 WS   1534742784 131072    6.013
06:06:38.600 python3        1784367 nvme1n1 WS   1534743040 131072    6.091
06:06:38.600 python3        1784367 nvme1n1 WS   1534743296 131072    6.168
06:06:38.600 python3        1784367 nvme1n1 WS   1534743552 131072    6.246
06:06:38.600 python3        1784367 nvme1n1 WS   1534743808 131072    6.324
06:06:38.600 python3        1784367 nvme1n1 WS   1534744064 131072    6.403
06:06:38.600 python3        1784369 nvme1n1 WS   1565308928 131072    6.491
06:06:38.600 python3        1784369 nvme1n1 WS   1565309184 131072    6.566
06:06:38.600 python3        1784369 nvme1n1 WS   1565309440 69632     6.605
06:06:38.601 python3        1784369 nvme1n1 WS   1176055808 131072    6.748
06:06:38.601 python3        1784369 nvme1n1 WS   1176056064 131072    6.800
06:06:38.601 python3        1784369 nvme1n1 WS   1176056320 131072    6.881
06:06:38.601 python3        1784369 nvme1n1 WS   1176056576 131072    6.948
06:06:38.601 python3        1784369 nvme1n1 WS   1176056832 131072    7.024
06:06:38.601 python3        1784367 nvme1n1 WS   1565312000 131072    7.104
06:06:38.601 python3        1784369 nvme1n1 WS   1176057088 131072    7.180
06:06:38.601 python3        1784367 nvme1n1 WS   1565312256 131072    7.263
06:06:38.601 python3        1784369 nvme1n1 WS   1176057344 131072    7.365
06:06:38.601 python3        1784367 nvme1n1 WS   1565312512 69632     7.434
06:06:38.601 python3        1784369 nvme1n1 WS   1176057600 131072    7.545
06:06:38.602 python3        1784369 nvme1n1 WS   1176057856 131072    7.671
06:06:38.602 python3        1784369 nvme1n1 WS   1176058112 131072    7.796
06:06:38.602 python3        1784367 nvme1n1 WS   1534744320 131072    7.960
06:06:38.602 python3        1784367 nvme1n1 WS   1534744576 131072    8.096
06:06:38.602 python3        1784367 nvme1n1 WS   1534744832 131072    8.239
06:06:38.602 python3        1784367 nvme1n1 WS   1534745088 131072    8.381
06:06:38.602 python3        1784367 nvme1n1 WS   1534745344 131072    8.524
06:06:38.603 python3        1784367 nvme1n1 WS   1534745600 131072    8.683
06:06:38.603 python3        1784367 nvme1n1 WS   1534745856 131072    8.813
06:06:38.603 python3        1784367 nvme1n1 WS   1534746112 131072    8.953
06:06:38.603 python3        1784367 nvme1n1 WS   1534746368 131072    9.084
06:06:38.603 python3        1784367 nvme1n1 WS   1534746624 131072    9.226
06:06:38.603 python3        1784367 nvme1n1 WS   1534746880 131072    9.369
06:06:38.603 python3        1784369 nvme1n1 WS   1176058368 131072    9.513
06:06:38.604 python3        1784369 nvme1n1 WS   1176058624 131072    9.653
06:06:38.604 python3        1784369 nvme1n1 WS   1176058880 131072    9.796
06:06:38.604 python3        1784369 nvme1n1 WS   1176059136 131072    9.939
06:06:38.604 python3        1784369 nvme1n1 WS   1176059392 131072   10.082
06:06:38.604 python3        1784369 nvme1n1 WS   1176059648 131072   10.175
06:06:38.604 python3        1784369 nvme1n1 WS   1176059904 131072   10.317
06:06:38.604 python3        1784369 nvme1n1 WS   1176060160 131072   10.463
06:06:38.605 python3        1784368 nvme1n1 WS   1565317120 131072   10.563
06:06:38.605 python3        1784368 nvme1n1 WS   1565317376 131072   10.704
06:06:38.605 python3        1784368 nvme1n1 WS   1565317632 69632    10.780
06:06:38.605 python3        1784368 nvme1n1 WS   1176064000 131072   10.915
06:06:38.605 python3        1784368 nvme1n1 WS   1176064256 131072   11.043
06:06:38.605 python3        1784368 nvme1n1 WS   1176064512 131072   11.127
06:06:38.605 python3        1784368 nvme1n1 WS   1176064768 131072   11.208
06:06:38.605 python3        1784368 nvme1n1 WS   1176065024 131072   11.285
06:06:38.605 python3        1784368 nvme1n1 WS   1176065280 131072   11.363
06:06:38.606 python3        1784368 nvme1n1 WS   1176065536 131072   11.438
06:06:38.606 python3        1784368 nvme1n1 WS   1176065792 131072   11.501
06:06:38.606 python3        1784368 nvme1n1 WS   1176066048 131072   11.580
06:06:38.606 python3        1784368 nvme1n1 WS   1558081536 131072   11.712
06:06:38.606 python3        1784368 nvme1n1 WS   1558081792 131072   11.777
06:06:38.606 python3        1784368 nvme1n1 WS   1558082048 131072   11.874
06:06:38.606 python3        1784368 nvme1n1 WS   1558082304 131072   11.935
06:06:38.606 python3        1784368 nvme1n1 WS   1558082560 131072   12.018
06:06:38.606 python3        1784368 nvme1n1 WS   1558082816 131072   12.093
06:06:38.606 python3        1784368 nvme1n1 WS   1558083072 131072   12.168
06:06:38.606 python3        1784368 nvme1n1 WS   1176066304 131072   12.232
06:06:38.606 python3        1784368 nvme1n1 WS   1176066560 131072   12.308
06:06:38.607 python3        1784368 nvme1n1 WS   1176066816 131072   12.387
06:06:38.607 python3        1784368 nvme1n1 WS   1176067072 131072   12.463
06:06:38.607 python3        1784368 nvme1n1 WS   1176067328 131072   12.540
06:06:38.607 python3        1784368 nvme1n1 WS   1176067584 131072   12.618
06:06:38.607 python3        1784368 nvme1n1 WS   1176067840 131072   12.688
06:06:38.607 python3        1784368 nvme1n1 WS   1176068096 131072   12.767
06:06:38.607 python3        1784368 nvme1n1 WS   1176068352 131072   12.843
06:06:38.607 python3        1784368 nvme1n1 WS   1558083328 131072   12.946
06:06:38.607 python3        1784368 nvme1n1 WS   1558083584 131072   13.019
06:06:38.607 python3        1784368 nvme1n1 WS   1558083840 131072   13.106
06:06:38.607 python3        1784368 nvme1n1 WS   1558084096 131072   13.176
06:06:38.607 python3        1784368 nvme1n1 WS   1558084352 131072   13.257
06:06:38.607 python3        1784368 nvme1n1 WS   1558084608 131072   13.335
06:06:38.608 python3        1784368 nvme1n1 WS   1558084864 131072   13.411
06:06:38.608 python3        1784368 nvme1n1 WS   1558085120 131072   13.488
06:06:38.608 python3        1784368 nvme1n1 WS   1558085376 131072   13.547
06:06:38.608 python3        1784368 nvme1n1 WS   1558085632 131072   13.624
06:06:38.608 python3        1784368 nvme1n1 WS   1558085888 131072   13.702
06:06:38.991 jbd2/nv        752     nvme1n1 WSM  878926128  131072    0.164
06:06:38.991 jbd2/nv        752     nvme1n1 WSM  878926384  131072    0.203
06:06:38.991 jbd2/nv        752     nvme1n1 WSM  878926640  131072    0.253
06:06:38.991 jbd2/nv        752     nvme1n1 WSM  878926896  131072    0.306
06:06:38.991 jbd2/nv        752     nvme1n1 WSM  878927152  45056     0.306
06:06:38.992 jbd2/nv        752     nvme1n1 WSM  878927240  4096      0.029
06:06:38.993 python3        1784366 nvme1n1 WS   1176256512 131072    0.166
06:06:38.993 python3        1784366 nvme1n1 WS   1176256768 131072    0.239
06:06:38.994 python3        1784366 nvme1n1 WS   1176257024 131072    0.312
06:06:38.994 python3        1784366 nvme1n1 WS   1176257280 131072    0.401
06:06:38.994 python3        1784366 nvme1n1 WS   1176257536 131072    0.489
06:06:38.994 python3        1784366 nvme1n1 WS   1176257792 131072    0.549
06:06:38.994 python3        1784366 nvme1n1 WS   1176258048 131072    0.620
06:06:38.994 python3        1784366 nvme1n1 WS   1176258304 131072    0.687
06:06:38.994 python3        1784366 nvme1n1 WS   1176258560 131072    0.764
06:06:38.994 python3        1784366 nvme1n1 WS   1176258816 131072    0.849
06:06:38.994 python3        1784366 nvme1n1 WS   1176259072 131072    0.920
06:06:38.994 python3        1784366 nvme1n1 WS   1176259328 131072    1.001
06:06:38.994 python3        1784366 nvme1n1 WS   1176259584 131072    1.081
06:06:38.994 python3        1784366 nvme1n1 WS   1176259840 131072    1.162
06:06:38.995 python3        1784366 nvme1n1 WS   1176260096 131072    1.243
06:06:38.995 python3        1784366 nvme1n1 WS   1176260352 131072    1.308
06:06:38.995 python3        1784366 nvme1n1 WS   1176264704 131072    1.392
06:06:38.995 python3        1784366 nvme1n1 WS   1176264960 131072    1.472
06:06:38.995 python3        1784369 nvme1n1 WS   56401920   131072    1.554
06:06:38.995 python3        1784369 nvme1n1 WS   56402176   131072    1.634
06:06:38.995 python3        1784369 nvme1n1 WS   56402432   131072    1.711
06:06:38.995 python3        1784369 nvme1n1 WS   56402688   131072    1.789
06:06:38.995 python3        1784369 nvme1n1 WS   56402944   131072    1.868
06:06:38.995 python3        1784369 nvme1n1 WS   56403200   131072    1.947
06:06:38.995 python3        1784369 nvme1n1 WS   56403456   131072    2.025
06:06:38.995 python3        1784369 nvme1n1 WS   56403712   131072    2.079
06:06:38.996 python3        1784369 nvme1n1 WS   56403968   131072    2.153
06:06:38.996 python3        1784369 nvme1n1 WS   56404224   131072    2.230
06:06:38.996 python3        1784369 nvme1n1 WS   56404480   131072    2.305
06:06:38.996 python3        1784369 nvme1n1 WS   56404736   131072    2.383
06:06:38.996 python3        1784369 nvme1n1 WS   56404992   131072    2.455
06:06:38.996 python3        1784369 nvme1n1 WS   56405248   131072    2.530
06:06:38.996 python3        1784369 nvme1n1 WS   56405504   131072    2.608
06:06:38.996 python3        1784368 nvme1n1 WS   1176981504 131072    2.677
06:06:38.996 python3        1784368 nvme1n1 WS   1176981760 131072    2.743
06:06:38.996 python3        1784369 nvme1n1 WS   56405760   131072    2.823
06:06:38.996 python3        1784369 nvme1n1 WS   56406016   131072    2.894
06:06:38.996 python3        1784369 nvme1n1 WS   56406272   131072    2.968
06:06:38.996 python3        1784368 nvme1n1 WS   1176982016 131072    3.053
06:06:38.997 python3        1784368 nvme1n1 WS   1176982272 131072    3.126
06:06:38.997 python3        1784368 nvme1n1 WS   1176982528 131072    3.203
06:06:38.997 python3        1784368 nvme1n1 WS   1176982784 131072    3.277
06:06:38.997 python3        1784368 nvme1n1 WS   1176983040 131072    3.351
06:06:38.997 python3        1784368 nvme1n1 WS   1176983296 131072    3.415
06:06:38.997 python3        1784368 nvme1n1 WS   1176983552 131072    3.491
06:06:38.997 python3        1784368 nvme1n1 WS   1176983808 131072    3.570
06:06:38.997 python3        1784368 nvme1n1 WS   1176984064 131072    3.646
06:06:38.997 python3        1784368 nvme1n1 WS   1176984320 131072    3.726
06:06:38.997 python3        1784368 nvme1n1 WS   1176984576 131072    3.803
06:06:38.997 python3        1784368 nvme1n1 WS   1176984832 131072    3.883
06:06:38.997 python3        1784368 nvme1n1 WS   1176985088 131072    3.959
06:06:38.997 python3        1784368 nvme1n1 WS   1176985344 131072    4.032
06:06:38.998 python3        1784368 nvme1n1 WS   1176985600 131072    4.103
06:06:38.998 python3        1784368 nvme1n1 WS   1176985856 131072    4.183
06:06:38.998 python3        1784368 nvme1n1 WS   1558089728 131072    4.308
06:06:38.998 python3        1784368 nvme1n1 WS   1558089984 131072    4.309
06:06:38.998 python3        1784368 nvme1n1 WS   1558090240 131072    4.377
06:06:38.998 python3        1784368 nvme1n1 WS   1558090496 131072    4.453
06:06:38.998 python3        1784368 nvme1n1 WS   1558090752 131072    4.532
06:06:38.998 python3        1784368 nvme1n1 WS   1558091008 131072    4.607
06:06:38.998 python3        1784368 nvme1n1 WS   1558091264 131072    4.686
06:06:38.998 python3        1784368 nvme1n1 WS   1558091520 131072    4.749
06:06:38.998 python3        1784368 nvme1n1 WS   1558091776 131072    4.825
06:06:38.998 python3        1784368 nvme1n1 WS   1558092032 131072    4.899
06:06:38.999 python3        1784368 nvme1n1 WS   1558092288 131072    4.976
06:06:38.999 python3        1784368 nvme1n1 WS   1558092544 131072    5.054
06:06:38.999 python3        1784368 nvme1n1 WS   1558092800 131072    5.132
06:06:38.999 python3        1784368 nvme1n1 WS   1558093056 131072    5.211
06:06:38.999 python3        1784368 nvme1n1 WS   1558093312 131072    5.286
06:06:38.999 python3        1784366 nvme1n1 WS   1684834048 110592    5.375
06:06:38.999 python3        1784369 nvme1n1 WS   1586982912 131072    5.533
06:06:38.999 python3        1784369 nvme1n1 WS   1586983168 131072    5.534
06:06:38.999 python3        1784369 nvme1n1 WS   1586983424 131072    5.597
06:06:38.999 python3        1784369 nvme1n1 WS   1586983680 131072    5.686
06:06:38.999 python3        1784369 nvme1n1 WS   1586983936 131072    5.752
06:06:38.999 python3        1784369 nvme1n1 WS   1586984192 131072    5.826
06:06:38.999 python3        1784369 nvme1n1 WS   1586984448 131072    5.904
06:06:39.000 python3        1784368 nvme1n1 WS   1558093568 131072    5.981
06:06:39.000 python3        1784368 nvme1n1 WS   1558093824 131072    6.058
06:06:39.000 python3        1784368 nvme1n1 WS   1558094080 131072    6.137
06:06:39.000 python3        1784369 nvme1n1 WS   1586984704 131072    6.205
06:06:39.000 python3        1784369 nvme1n1 WS   1586984960 131072    6.280
06:06:39.000 python3        1784369 nvme1n1 WS   1586985216 131072    6.356
06:06:39.000 python3        1784369 nvme1n1 WS   1586985472 131072    6.434
06:06:39.000 python3        1784369 nvme1n1 WS   1586985728 131072    6.510
06:06:39.000 python3        1784369 nvme1n1 WS   1586985984 131072    6.588
06:06:39.000 python3        1784369 nvme1n1 WS   1586986240 131072    6.667
06:06:39.000 python3        1784369 nvme1n1 WS   1586986496 131072    6.778
06:06:39.000 python3        1784369 nvme1n1 WS   1569099520 110592    6.868
06:06:39.001 python3        1784366 nvme1n1 WS   1586823168 131072    6.932
06:06:39.001 python3        1784366 nvme1n1 WS   1586823424 131072    7.001
06:06:39.001 python3        1784366 nvme1n1 WS   1586823680 131072    7.078
06:06:39.001 python3        1784366 nvme1n1 WS   1586823936 131072    7.157
06:06:39.001 python3        1784369 nvme1n1 WS   1586986752 131072    7.239
06:06:39.001 python3        1784369 nvme1n1 WS   1586827264 131072    7.314
06:06:39.001 python3        1784369 nvme1n1 WS   1586827520 131072    7.394
06:06:39.001 python3        1784366 nvme1n1 WS   1586824192 131072    7.475
06:06:39.001 python3        1784366 nvme1n1 WS   1586824448 131072    7.553
06:06:39.001 python3        1784366 nvme1n1 WS   1586824704 131072    7.631
06:06:39.001 python3        1784366 nvme1n1 WS   1586824960 131072    7.683
06:06:39.001 python3        1784367 nvme1n1 WS   1565872128 131072    7.792
06:06:39.002 python3        1784367 nvme1n1 WS   1565872384 131072    7.863
06:06:39.002 python3        1784367 nvme1n1 WS   1565872640 131072    7.942
06:06:39.002 python3        1784367 nvme1n1 WS   1565872896 131072    8.018
06:06:39.002 python3        1784367 nvme1n1 WS   1565873152 131072    8.098
06:06:39.002 python3        1784367 nvme1n1 WS   1565873408 131072    8.174
06:06:39.002 python3        1784367 nvme1n1 WS   1565873664 131072    8.253
06:06:39.002 python3        1784366 nvme1n1 WS   1586825216 131072    8.329
06:06:39.002 python3        1784366 nvme1n1 WS   1586825472 131072    8.405
06:06:39.002 python3        1784366 nvme1n1 WS   1586825728 131072    8.485
06:06:39.002 python3        1784366 nvme1n1 WS   1586825984 131072    8.561
06:06:39.002 python3        1784366 nvme1n1 WS   1586826240 131072    8.638
06:06:39.002 python3        1784366 nvme1n1 WS   1586826496 131072    8.715
06:06:39.002 python3        1784366 nvme1n1 WS   1586826752 131072    8.794
06:06:39.003 python3        1784368 nvme1n1 WS   1635436288 110592    8.888
06:06:39.003 python3        1784367 nvme1n1 WS   1565873920 131072    9.011
06:06:39.003 python3        1784367 nvme1n1 WS   600219392  110592    9.014
06:06:39.003 python3        1784367 nvme1n1 WS   1565874176 131072    9.087
06:06:39.003 python3        1784367 nvme1n1 WS   1565874432 131072    9.168
06:06:39.003 python3        1784367 nvme1n1 WS   1565874688 131072    9.250
06:06:39.003 python3        1784367 nvme1n1 WS   1565874944 131072    9.327
06:06:39.003 python3        1784367 nvme1n1 WS   1565875200 131072    9.406
06:06:39.003 python3        1784367 nvme1n1 WS   1565875456 131072    9.483
06:06:39.003 python3        1784367 nvme1n1 WS   1565875712 131072    9.561
06:06:39.003 python3        1784367 nvme1n1 WS   1565875968 131072    9.626
06:06:39.003 python3        1784367 nvme1n1 WS   1565876224 131072    9.703
06:06:39.004 python3        1784367 nvme1n1 WS   1565876480 131072    9.783
06:06:39.004 python3        1784366 nvme1n1 WS   1586827008 131072    9.885
06:06:39.004 python3        1784366 nvme1n1 WS   1586831360 131072    9.964
06:06:39.004 python3        1784366 nvme1n1 WS   1586831616 131072   10.045
06:06:39.004 python3        1784367 nvme1n1 WS   1176072192 131072   10.083
06:06:39.004 python3        1784367 nvme1n1 WS   1176072448 131072   10.153
06:06:39.004 python3        1784367 nvme1n1 WS   1176072704 131072   10.227
06:06:39.004 python3        1784367 nvme1n1 WS   1176072960 131072   10.303
06:06:39.004 python3        1784367 nvme1n1 WS   1176073216 131072   10.380
06:06:39.004 python3        1784367 nvme1n1 WS   1176073472 131072   10.460
06:06:39.004 python3        1784367 nvme1n1 WS   1176073728 131072   10.542
06:06:39.004 python3        1784367 nvme1n1 WS   1176073984 131072   10.604
06:06:39.004 python3        1784367 nvme1n1 WS   1176074240 131072   10.694
06:06:39.005 python3        1784367 nvme1n1 WS   1176074496 131072   10.759
06:06:39.005 python3        1784367 nvme1n1 WS   1176074752 131072   10.834
06:06:39.005 python3        1784367 nvme1n1 WS   1176075008 131072   10.912
06:06:39.005 python3        1784367 nvme1n1 WS   1176075264 131072   10.988
06:06:39.005 python3        1784367 nvme1n1 WS   1176075520 131072   11.063
06:06:39.005 python3        1784367 nvme1n1 WS   1176075776 131072   11.140
06:06:39.005 python3        1784367 nvme1n1 WS   1176076032 131072   11.207
06:06:39.005 python3        1784367 nvme1n1 WS   1176076288 131072   11.290
06:06:39.005 python3        1784367 nvme1n1 WS   1176076544 131072   11.367
06:06:39.272 nvme           1890769 Unknown N    -1         512       0.036
06:06:40.032 kworker        1817148 nvme1n1 WM   40         4096      0.113
06:06:40.032 kworker        1817148 nvme1n1 WM   152        4096      0.119
06:06:40.032 kworker        1817148 nvme1n1 WM   224        4096      0.119
06:06:40.032 kworker        1817148 nvme1n1 WM   296        4096      0.120
06:06:40.032 kworker        1817148 nvme1n1 WM   352        4096      0.121
06:06:40.032 kworker        1817148 nvme1n1 WM   720        4096      0.130
06:06:40.032 kworker        1817148 nvme1n1 WM   736        4096      0.130
06:06:40.032 kworker        1817148 nvme1n1 WM   792        8192      0.130
06:06:40.032 kworker        1817148 nvme1n1 WM   816        4096      0.132
06:06:40.032 kworker        1817148 nvme1n1 WM   71303248   8192      0.134
06:06:40.032 kworker        1817148 nvme1n1 WM   71303296   4096      0.138
06:06:40.032 kworker        1817148 nvme1n1 WM   310378544  4096      0.139
06:06:40.032 kworker        1817148 nvme1n1 WM   310378576  4096      0.140
06:06:40.032 kworker        1817148 nvme1n1 WM   314572808  4096      0.140
06:06:40.032 kworker        1817148 nvme1n1 WM   461373448  4096      0.142
06:06:40.032 kworker        1817148 nvme1n1 WM   71303448   16384     0.148
06:06:40.032 kworker        1817148 nvme1n1 WM   461373568  4096      0.075
06:06:40.032 kworker        1817148 nvme1n1 WM   461373696  8192      0.081
06:06:40.032 kworker        1817148 nvme1n1 WM   461373728  4096      0.082
06:06:40.032 kworker        1817148 nvme1n1 WM   461373816  4096      0.085
06:06:40.032 kworker        1817148 nvme1n1 WM   461373832  4096      0.087
06:06:40.032 kworker        1817148 nvme1n1 WM   461373848  4096      0.089
06:06:40.032 kworker        1817148 nvme1n1 WM   591396872  4096      0.092
06:06:40.032 kworker        1817148 nvme1n1 WM   591672272  4096      0.093
06:06:40.032 kworker        1817148 nvme1n1 WM   591672632  4096      0.098
06:06:40.032 kworker        1817148 nvme1n1 WM   591674712  4096      0.099
06:06:40.032 kworker        1817148 nvme1n1 WM   591675088  4096      0.105
06:06:40.032 kworker        1817148 nvme1n1 WM   591675608  4096      0.106
06:06:40.032 kworker        1817148 nvme1n1 WM   591676072  4096      0.108
06:06:40.032 kworker        1817148 nvme1n1 WM   591676192  4096      0.111
06:06:40.032 kworker        1817148 nvme1n1 WM   461373760  24576     0.137
06:06:40.032 kworker        1817148 nvme1n1 WM   461374248  12288     0.137
06:06:40.033 kworker        1817148 nvme1n1 WM   591677032  4096      0.074
06:06:40.033 kworker        1817148 nvme1n1 WM   591677360  4096      0.075
06:06:40.033 kworker        1817148 nvme1n1 WM   591677512  4096      0.080
06:06:40.033 kworker        1817148 nvme1n1 WM   591679296  4096      0.082
06:06:40.033 kworker        1817148 nvme1n1 WM   591679528  4096      0.085
06:06:40.033 kworker        1817148 nvme1n1 WM   591679544  4096      0.087
06:06:40.033 kworker        1817148 nvme1n1 WM   591681184  4096      0.089
06:06:40.033 kworker        1817148 nvme1n1 WM   591681392  4096      0.090
06:06:40.033 kworker        1817148 nvme1n1 WM   591682096  4096      0.095
06:06:40.033 kworker        1817148 nvme1n1 WM   591682288  4096      0.096
06:06:40.033 kworker        1817148 nvme1n1 WM   591682408  4096      0.100
06:06:40.033 kworker        1817148 nvme1n1 WM   591682584  4096      0.102
06:06:40.033 kworker        1817148 nvme1n1 WM   591682728  4096      0.105
06:06:40.033 kworker        1817148 nvme1n1 WM   591683000  4096      0.110
06:06:40.033 kworker        1817148 nvme1n1 WM   599785488  4096      0.111
06:06:40.033 kworker        1817148 nvme1n1 WM   608174088  8192      0.111
06:06:40.033 kworker        1817148 nvme1n1 WM   608174224  4096      0.071
06:06:40.033 kworker        1817148 nvme1n1 WM   608174336  4096      0.072
06:06:40.033 kworker        1817148 nvme1n1 WM   608174472  4096      0.075
06:06:40.033 kworker        1817148 nvme1n1 WM   721917248  4096      0.074
06:06:40.033 kworker        1817148 nvme1n1 WM   729808904  4096      0.074
06:06:40.033 kworker        1817148 nvme1n1 WM   730274528  8192      0.078
06:06:40.033 kworker        1817148 nvme1n1 WM   730274552  4096      0.085
06:06:40.033 kworker        1817148 nvme1n1 WM   844081072  4096      0.089
06:06:40.033 kworker        1817148 nvme1n1 WM   1174405136 4096      0.093
06:06:40.033 kworker        1817148 nvme1n1 WM   1174405160 4096      0.094
06:06:40.033 kworker        1817148 nvme1n1 WM   1174405184 4096      0.096
06:06:40.033 kworker        1817148 nvme1n1 WM   1493172272 4096      0.100
06:06:40.033 kworker        1817148 nvme1n1 WM   1493172480 4096      0.101
06:06:40.033 kworker        1817148 nvme1n1 WM   608184312  24576     0.120
06:06:40.033 kworker        1817148 nvme1n1 WM   608184368  12288     0.128
06:06:40.033 kworker        1817148 nvme1n1 WM   905977120  28672     0.142
06:06:40.033 kworker        1817148 nvme1n1 WM   1493172504 4096      0.071
06:06:40.033 kworker        1817148 nvme1n1 WM   1494971992 4096      0.072
06:06:40.033 kworker        1817148 nvme1n1 WM   1524547568 4096      0.077
06:06:40.033 kworker        1817148 nvme1n1 WM   1530921072 8192      0.078
06:06:40.033 kworker        1817148 nvme1n1 WM   1547698280 4096      0.083
06:06:40.033 kworker        1817148 nvme1n1 WM   1551892488 4096      0.084
06:06:40.033 kworker        1817148 nvme1n1 WM   1556348936 4096      0.091
06:06:40.033 kworker        1817148 nvme1n1 WM   1560281160 4096      0.092
06:06:40.033 kworker        1817148 nvme1n1 WM   1564475416 4096      0.096
06:06:40.033 kworker        1817148 nvme1n1 WM   1572864128 4096      0.098
06:06:40.033 kworker        1817148 nvme1n1 WM   1572864280 4096      0.103
06:06:40.033 kworker        1817148 nvme1n1 WM   1585446944 4096      0.106
06:06:40.033 kworker        1817148 nvme1n1 WM   1585446960 4096      0.106
06:06:40.033 kworker        1817148 nvme1n1 WM   1644167280 8192      0.110
06:06:40.033 kworker        1817148 nvme1n1 WM   1660944472 4096      0.112
06:06:40.033 kworker        1817148 nvme1n1 WM   1677721648 4096      0.115
06:06:40.033 kworker        1817148 nvme1n1 WM   1702887504 4096      0.069
06:06:40.033 kworker        1817148 nvme1n1 WM   1707081744 4096      0.078
06:06:40.033 kworker        1817148 nvme1n1 WM   1707383280 4096      0.079
06:06:40.033 kworker        1817148 nvme1n1 WM   1707589104 4096      0.079
06:06:40.033 kworker        1817148 nvme1n1 WM   1707807800 4096      0.085
06:06:40.033 kworker        1817148 nvme1n1 WM   1707812200 4096      0.086
06:06:40.033 kworker        1817148 nvme1n1 WM   1707848144 4096      0.091
06:06:40.033 kworker        1817148 nvme1n1 WM   1735433528 4096      0.091
06:06:40.033 kworker        1817148 nvme1n1 WM   1756383784 4096      0.092
06:06:40.033 kworker        1817148 nvme1n1 WM   1756389856 4096      0.097
06:06:40.033 kworker        1817148 nvme1n1 WM   1756389880 4096      0.098
06:06:40.033 kworker        1817148 nvme1n1 WM   1756390392 4096      0.099
06:06:40.033 kworker        1817148 nvme1n1 WM   1756391376 4096      0.106
06:06:40.033 kworker        1817148 nvme1n1 WM   1756407784 4096      0.107
06:06:40.033 kworker        1817148 nvme1n1 WM   1756414224 4096      0.108
06:06:40.033 kworker        1817148 nvme1n1 WM   1756414952 4096      0.108
06:06:40.033 kworker        1817148 nvme1n1 WM   1756415576 4096      0.069
06:06:40.033 kworker        1817148 nvme1n1 WM   1756428288 4096      0.069
06:06:40.033 kworker        1817148 nvme1n1 WM   1756439528 4096      0.074
06:06:40.033 kworker        1817148 nvme1n1 WM   1756440728 4096      0.076
06:06:40.033 kworker        1817148 nvme1n1 WM   1756441440 4096      0.079
06:06:40.033 kworker        1817148 nvme1n1 WM   1756441920 4096      0.083
06:06:40.033 kworker        1817148 nvme1n1 WM   1756492352 4096      0.088
06:06:40.033 kworker        1817148 nvme1n1 WM   1756520944 4096      0.089
06:06:40.033 kworker        1817148 nvme1n1 WM   1756527544 4096      0.093
06:06:40.033 kworker        1817148 nvme1n1 WM   1756528312 4096      0.094
06:06:40.033 kworker        1817148 nvme1n1 WM   1756528584 4096      0.099
06:06:40.033 kworker        1817148 nvme1n1 WM   1756549560 4096      0.101
06:06:40.033 kworker        1817148 nvme1n1 WM   1756598904 4096      0.105
06:06:40.033 kworker        1817148 nvme1n1 WM   1756601016 4096      0.106
06:06:40.033 kworker        1817148 nvme1n1 WM   1756601312 4096      0.108
06:06:40.033 kworker        1817148 nvme1n1 WM   1756601360 4096      0.111
06:06:40.033 kworker        1817148 nvme1n1 WM   1756662664 4096      0.071
06:06:40.033 kworker        1817148 nvme1n1 WM   1756662680 4096      0.072
06:06:40.033 kworker        1817148 nvme1n1 WM   1756662720 4096      0.076
06:06:40.033 kworker        1817148 nvme1n1 WM   1756662776 4096      0.078
06:06:40.033 kworker        1817148 nvme1n1 WM   1756670232 4096      0.081
06:06:40.033 kworker        1817148 nvme1n1 WM   1756670512 4096      0.081
06:06:40.033 kworker        1817148 nvme1n1 WM   1756682184 4096      0.087
06:06:40.033 kworker        1817148 nvme1n1 WM   1756692424 4096      0.087
06:06:40.033 kworker        1817148 nvme1n1 WM   1756710640 8192      0.091
06:06:40.033 kworker        1817148 nvme1n1 WM   1756712944 4096      0.096
06:06:40.034 kworker        1817148 nvme1n1 WM   1756754912 4096      0.108
06:06:40.034 kworker        1817148 nvme1n1 WM   1756755544 4096      0.109
06:06:40.034 kworker        1817148 nvme1n1 WM   1756757944 4096      0.109
06:06:40.034 kworker        1817148 nvme1n1 WM   1756757984 8192      0.110
06:06:40.034 kworker        1817148 nvme1n1 WM   1756772296 4096      0.111
06:06:40.034 kworker        1817148 nvme1n1 WM   1756680672 16384     0.122
06:06:40.034 kworker        1817148 nvme1n1 WM   1756772336 4096      0.069
06:06:40.034 kworker        1817148 nvme1n1 WM   1756776880 8192      0.074
06:06:40.034 kworker        1817148 nvme1n1 WM   1756777336 8192      0.079
06:06:40.034 kworker        1817148 nvme1n1 WM   1756777360 8192      0.083
06:06:40.034 kworker        1817148 nvme1n1 WM   1756777440 4096      0.087
06:06:40.034 kworker        1817148 nvme1n1 WM   1756777464 4096      0.092
06:06:40.034 kworker        1817148 nvme1n1 WM   1756778120 4096      0.098
06:06:40.034 kworker        1817148 nvme1n1 WM   1756778152 4096      0.098
06:06:40.034 kworker        1817148 nvme1n1 WM   1756780368 4096      0.102
06:06:40.034 kworker        1817148 nvme1n1 WM   1756780392 4096      0.104
06:06:40.034 kworker        1817148 nvme1n1 WM   1756780504 4096      0.109
06:06:40.034 kworker        1817148 nvme1n1 WM   1756791792 4096      0.111
06:06:40.034 kworker        1817148 nvme1n1 WM   1756792816 4096      0.112
06:06:40.034 kworker        1817148 nvme1n1 WM   1756815288 4096      0.116
06:06:40.034 kworker        1817148 nvme1n1 WM   1756824952 4096      0.117
06:06:40.034 kworker        1817148 nvme1n1 WM   1756825336 4096      0.118
06:06:40.034 kworker        1817148 nvme1n1 WM   1756826872 4096      0.069
06:06:40.034 kworker        1817148 nvme1n1 WM   1756827272 4096      0.070
06:06:40.034 kworker        1817148 nvme1n1 WM   1756827360 4096      0.075
06:06:40.034 kworker        1817148 nvme1n1 WM   1756827568 4096      0.075
06:06:40.034 kworker        1817148 nvme1n1 WM   1756827936 4096      0.081
06:06:40.034 kworker        1817148 nvme1n1 WM   1756828032 8192      0.088
06:06:40.034 kworker        1817148 nvme1n1 WM   1756828088 4096      0.089
06:06:40.034 kworker        1817148 nvme1n1 WM   1756828104 8192      0.093
06:06:40.034 kworker        1817148 nvme1n1 WM   1756831624 4096      0.097
06:06:40.034 kworker        1817148 nvme1n1 WM   1756831728 4096      0.101
06:06:40.034 kworker        1817148 nvme1n1 WM   1756832760 4096      0.103
06:06:40.034 kworker        1817148 nvme1n1 WM   1756840232 8192      0.108
06:06:40.034 kworker        1817148 nvme1n1 WM   1756840320 4096      0.109
06:06:40.034 kworker        1817148 nvme1n1 WM   1756840344 4096      0.113
06:06:40.034 kworker        1817148 nvme1n1 WM   1756843896 4096      0.115
06:06:40.034 kworker        1817148 nvme1n1 WM   1756846032 4096      0.117
06:06:40.034 kworker        1817148 nvme1n1 WM   1756847304 4096      0.066
06:06:40.034 kworker        1817148 nvme1n1 WM   1756847328 4096      0.067
06:06:40.034 kworker        1817148 nvme1n1 WM   1756847344 4096      0.072
06:06:40.034 kworker        1817148 nvme1n1 WM   1756848496 4096      0.073
06:06:40.034 kworker        1817148 nvme1n1 WM   1756848520 4096      0.091
06:06:40.034 kworker        1817148 nvme1n1 WM   1756848544 8192      0.093
06:06:40.034 kworker        1817148 nvme1n1 WM   1756848616 4096      0.094
06:06:40.034 kworker        1817148 nvme1n1 WM   1756852152 4096      0.094
06:06:40.034 kworker        1817148 nvme1n1 WM   1756864928 4096      0.095
06:06:40.034 kworker        1817148 nvme1n1 WM   1756866680 4096      0.101
06:06:40.034 kworker        1817148 nvme1n1 WM   1756866928 4096      0.102
06:06:40.034 kworker        1817148 nvme1n1 WM   1756869064 4096      0.102
06:06:40.034 kworker        1817148 nvme1n1 WM   1756872648 4096      0.103
06:06:40.034 kworker        1817148 nvme1n1 WM   1756879600 8192      0.111
06:06:40.034 kworker        1817148 nvme1n1 WM   1756847224 12288     0.118
06:06:40.274 nvme           1890776 Unknown N    -1         512       0.030
06:06:41.057 kworker        1879956 nvme0n1 W    36980856   8192      1.030
06:06:41.277 nvme           1890781 Unknown N    -1         512       0.035
06:06:42.279 nvme           1890791 Unknown N    -1         512       0.077
06:06:43.281 nvme           1890805 Unknown N    -1         512       0.029
06:06:43.977 ib_log_        125924  nvme1n1 WS   1738279912 4096      0.062
06:06:43.977 ib_log_        125924  nvme1n1 WS   1738279920 8192      0.034
06:06:43.978 jbd2/nv        752     nvme1n1 WSM  878927248  131072    0.145
06:06:43.978 jbd2/nv        752     nvme1n1 WSM  878927504  40960     0.153
06:06:43.978 jbd2/nv        752     nvme1n1 WSM  878927584  4096      0.029
06:06:44.054 ib_log_        125924  nvme1n1 WS   1738279920 4096      0.051
06:06:44.284 nvme           1890814 Unknown N    -1         512       0.031
06:06:44.407 ib_pg_f        125924  nvme1n1 WS   1740054528 81920     0.120
06:06:44.407 ib_pg_f        125924  nvme1n1 WS   1755207104 16384     0.050
06:06:44.407 ib_pg_f        125924  nvme1n1 WS   1757760192 16384     0.046
06:06:44.407 ib_pg_f        125924  nvme1n1 WS   1757691744 16384     0.049
06:06:44.407 ib_pg_f        125924  nvme1n1 WS   1755215328 16384     0.058
06:06:44.407 ib_pg_f        125924  nvme1n1 WS   1757151392 16384     0.060
06:06:44.412 ib_log_        125924  nvme1n1 WS   1738276864 4096      0.044
06:06:45.286 nvme           1890824 Unknown N    -1         512       0.076
06:06:46.034 jbd2/nv        391     nvme0n1 WSM  4239432    98304     1.886
06:06:46.035 jbd2/nv        391     nvme0n1 WSM  4239624    4096      0.737
06:06:46.177 kworker        1696237 nvme0n1 W    7337984    4096      1.043
06:06:46.177 kworker        1696237 nvme0n1 W    8128600    4096      1.054
06:06:46.177 kworker        1696237 nvme0n1 W    8128640    4096      1.057
06:06:46.177 kworker        1764183 nvme0n1 W    15716752   4096      1.054
06:06:46.177 kworker        1696237 nvme0n1 W    8128704    4096      1.093
06:06:46.177 kworker        1696237 nvme0n1 W    8128664    8192      1.096
06:06:46.177 kworker        1764183 nvme0n1 W    38456168   16384     1.151
06:06:46.178 kworker        1696237 nvme0n1 W    36229696   98304     1.844
06:06:46.178 kworker        1764183 nvme0n1 W    36484776   8192      0.752
06:06:46.178 kworker        1696237 nvme0n1 W    8128728    4096      0.918
06:06:46.178 kworker        1696237 nvme0n1 W    8128752    20480     1.103
06:06:46.178 kworker        1696237 nvme0n1 W    8128888    32768     1.165
06:06:46.180 kworker        1696237 nvme0n1 W    8130008    262144    2.424
06:06:46.180 kworker        1696237 nvme0n1 W    8129496    262144    2.611
06:06:46.180 kworker        1696237 nvme0n1 W    8128984    262144    3.113
06:06:46.180 kworker        1696237 nvme0n1 W    8130520    262144    2.497
06:06:46.181 kworker        1696237 nvme0n1 W    8131032    262144    2.732
06:06:46.181 kworker        1696237 nvme0n1 W    8131544    262144    2.501
06:06:46.181 kworker        1696237 nvme0n1 W    8132056    262144    2.681
06:06:46.182 kworker        1696237 nvme0n1 W    8132568    262144    2.541
06:06:46.183 kworker        1696237 nvme0n1 W    8133080    262144    2.781
06:06:46.183 kworker        1696237 nvme0n1 W    8134616    262144    2.467
06:06:46.183 kworker        1696237 nvme0n1 W    8133592    262144    2.540
06:06:46.183 kworker        1696237 nvme0n1 W    8134104    262144    2.661
06:06:46.184 kworker        1696237 nvme0n1 W    8135128    262144    2.604
06:06:46.184 kworker        1696237 nvme0n1 W    8135640    262144    2.898
06:06:46.184 kworker        1696237 nvme0n1 W    8136664    147456    2.023
06:06:46.184 kworker        1696237 nvme0n1 W    8142328    16384     1.221
06:06:46.184 kworker        1696237 nvme0n1 W    8140024    131072    1.451
06:06:46.185 kworker        1696237 nvme0n1 W    8143392    4096      0.973
06:06:46.185 kworker        1696237 nvme0n1 W    8143736    65536     1.221
06:06:46.185 kworker        1696237 nvme0n1 W    8136152    262144    2.852
06:06:46.185 kworker        1696237 nvme0n1 W    8137720    131072    2.354
06:06:46.186 kworker        1696237 nvme0n1 W    36014432   81920     1.456
06:06:46.186 kworker        1696237 nvme0n1 W    36016104   4096      1.037
06:06:46.187 kworker        1696237 nvme0n1 W    8142840    262144    3.395
06:06:46.187 kworker        1696237 nvme0n1 W    8144120    131072    2.223
06:06:46.187 kworker        1696237 nvme0n1 W    36018496   16384     1.352
06:06:46.187 kworker        1696237 nvme0n1 W    36023392   16384     0.918
06:06:46.187 kworker        1696237 nvme0n1 W    36019584   131072    1.718
06:06:46.187 kworker        1696237 nvme0n1 W    36023456   16384     0.524
06:06:46.188 kworker        1696237 nvme0n1 W    36014720   196608    2.853
06:06:46.188 kworker        1696237 nvme0n1 W    36026368   131072    1.469
06:06:46.189 kworker        1696237 nvme0n1 W    36026880   131072    2.071
06:06:46.189 kworker        1696237 nvme0n1 W    36028416   131072    1.888
06:06:46.189 kworker        1696237 nvme0n1 W    36027904   131072    2.031
06:06:46.189 kworker        1696237 nvme0n1 W    36021248   262144    3.405
06:06:46.190 kworker        1696237 nvme0n1 W    36029952   131072    2.063
06:06:46.190 kworker        1696237 nvme0n1 W    36025856   262144    3.316
06:06:46.190 kworker        1696237 nvme0n1 W    36164832   16384     1.090
06:06:46.190 kworker        1696237 nvme0n1 W    36163072   131072    1.464
06:06:46.191 kworker        1696237 nvme0n1 W    36029184   262144    3.080
06:06:46.191 kworker        1696237 nvme0n1 W    36167104   32768     0.974
06:06:46.191 kworker        1696237 nvme0n1 W    36165632   131072    1.537
06:06:46.191 kworker        1696237 nvme0n1 W    36167552   65536     1.282
06:06:46.192 kworker        1696237 nvme0n1 W    36162560   262144    2.720
06:06:46.192 kworker        1696237 nvme0n1 W    36168448   4096      0.963
06:06:46.192 kworker        1696237 nvme0n1 W    36166656   131072    2.085
06:06:46.192 kworker        1696237 nvme0n1 W    36168008   4096      1.093
06:06:46.193 kworker        1696237 nvme0n1 W    36164096   262144    3.524
06:06:46.193 kworker        1696237 nvme0n1 W    36168992   16384     1.275
06:06:46.193 kworker        1696237 nvme0n1 W    36169768   4096      1.162
06:06:46.193 kworker        1696237 nvme0n1 W    36169824   4096      1.222
06:06:46.193 kworker        1696237 nvme0n1 W    36170368   65536     0.932
06:06:46.193 kworker        1696237 nvme0n1 W    36169888   4096      1.183
06:06:46.194 kworker        1696237 nvme0n1 W    36174048   16384     0.885
06:06:46.194 kworker        1696237 nvme0n1 W    36171520   131072    1.414
06:06:46.194 kworker        1696237 nvme0n1 W    36173568   131072    1.477
06:06:46.194 kworker        1696237 nvme0n1 W    36172288   131072    1.771
06:06:46.195 kworker        1696237 nvme0n1 W    36169216   262144    3.445
06:06:46.195 kworker        1696237 nvme0n1 W    36171008   262144    3.232
06:06:46.195 kworker        1696237 nvme0n1 W    36174464   65536     1.399
06:06:46.196 kworker        1696237 nvme0n1 W    36174176   81920     1.710
06:06:46.196 kworker        1696237 nvme0n1 W    36175648   114688    1.345
06:06:46.196 kworker        1696237 nvme0n1 W    36177152   16384     0.710
06:06:46.196 kworker        1696237 nvme0n1 W    36177024   16384     1.164
06:06:46.196 kworker        1696237 nvme0n1 W    36173056   262144    3.443
06:06:46.197 kworker        1696237 nvme0n1 W    36309040   4096      0.718
06:06:46.197 kworker        1696237 nvme0n1 W    36308992   4096      1.038
06:06:46.197 kworker        1696237 nvme0n1 W    36177280   65536     1.762
06:06:46.197 kworker        1696237 nvme0n1 W    36309088   4096      1.344
06:06:46.197 kworker        1696237 nvme0n1 W    36175136   262144    3.040
06:06:46.198 kworker        1696237 nvme0n1 W    36309136   4096      1.047
06:06:46.198 kworker        1696237 nvme0n1 W    36309192   4096      1.294
06:06:46.198 kworker        1696237 nvme0n1 W    36309240   4096      1.041
06:06:46.198 kworker        1696237 nvme0n1 W    36309288   4096      1.042
06:06:46.198 kworker        1696237 nvme0n1 W    36176384   262144    3.471
06:06:46.199 kworker        1696237 nvme0n1 W    36309384   4096      1.023
06:06:46.199 kworker        1696237 nvme0n1 W    36309336   4096      1.027
06:06:46.199 kworker        1696237 nvme0n1 W    36177536   196608    2.793
06:06:46.199 kworker        1696237 nvme0n1 W    36310448   4096      0.925
06:06:46.199 kworker        1696237 nvme0n1 W    36310304   4096      0.989
06:06:46.199 kworker        1696237 nvme0n1 W    36309632   16384     1.101
06:06:46.200 kworker        1696237 nvme0n1 W    36310744   4096      0.983
06:06:46.200 kworker        1696237 nvme0n1 W    36310896   4096      0.984
06:06:46.200 kworker        1696237 nvme0n1 W    36310600   4096      1.046
06:06:46.200 kworker        1696237 nvme0n1 W    36311040   4096      0.542
06:06:46.200 kworker        1696237 nvme0n1 W    36311224   4096      0.976
06:06:46.200 kworker        1696237 nvme0n1 W    36311488   16384     1.027
06:06:46.201 kworker        1696237 nvme0n1 W    36309888   196608    2.590
06:06:46.201 kworker        1696237 nvme0n1 W    36316032   65536     1.161
06:06:46.201 kworker        1696237 nvme0n1 W    36316288   65536     1.471
06:06:46.201 kworker        1696237 nvme0n1 W    36313600   131072    1.654
06:06:46.201 kworker        1696237 nvme0n1 W    36312832   131072    2.020
06:06:46.201 kworker        1696237 nvme0n1 W    36317856   16384     1.036
06:06:46.202 kworker        1696237 nvme0n1 W    36318064   4096      0.665
06:06:46.202 kworker        1696237 nvme0n1 W    36317184   131072    1.487
06:06:46.202 kworker        1696237 nvme0n1 W    36318720   16384     1.098
06:06:46.202 kworker        1696237 nvme0n1 W    36318944   16384     1.029
06:06:46.203 kworker        1696237 nvme0n1 W    36320280   4096      1.077
06:06:46.203 kworker        1696237 nvme0n1 W    36320328   4096      0.782
06:06:46.203 kworker        1696237 nvme0n1 W    36314880   262144    3.199
06:06:46.203 kworker        1696237 nvme0n1 W    36320384   4096      1.092
06:06:46.203 kworker        1696237 nvme0n1 W    36320544   4096      1.096
06:06:46.203 kworker        1696237 nvme0n1 W    36320904   4096      0.847
06:06:46.204 kworker        1696237 nvme0n1 W    36320704   32768     1.219
06:06:46.204 kworker        1696237 nvme0n1 W    36320888   4096      0.914
06:06:46.204 kworker        1696237 nvme0n1 W    36320000   131072    2.354
06:06:46.204 kworker        1696237 nvme0n1 W    36322832   4096      0.515
06:06:46.204 kworker        1696237 nvme0n1 W    36319488   262144    3.140
06:06:46.204 kworker        1696237 nvme0n1 W    36321280   65536     1.478
06:06:46.204 kworker        1696237 nvme0n1 W    36322400   4096      0.924
06:06:46.205 kworker        1696237 nvme0n1 W    36322848   4096      0.972
06:06:46.205 kworker        1696237 nvme0n1 W    36323072   16384     1.033
06:06:46.205 kworker        1696237 nvme0n1 W    36229568   16384     0.787
06:06:46.205 kworker        1696237 nvme0n1 W    36227584   65536     1.015
06:06:46.206 kworker        1696237 nvme0n1 W    36323968   65536     1.486
06:06:46.206 kworker        1696237 nvme0n1 W    36324864   131072    1.220
06:06:46.206 kworker        1696237 nvme0n1 W    36321536   262144    2.898
06:06:46.206 kworker        1696237 nvme0n1 W    36229632   32768     1.290
06:06:46.206 kworker        1696237 nvme0n1 W    36229120   131072    1.885
06:06:46.207 kworker        1696237 nvme0n1 W    36324352   262144    2.915
06:06:46.273 amoprof        1787544 nvme1n1 W    1586225464 4096      0.057
