TIMESTAMP    COMM           PID     DISK    T    SECTOR     BYTES   LAT(ms)
01:26:36.384 jbd2/nv        752     nvme1n1 WSM  877595440  94208     0.137
01:26:36.384 jbd2/nv        752     nvme1n1 WSM  877595624  4096      0.030
01:26:36.547 nvme           1544064 Unknown N    -1         512       0.032
01:26:37.549 nvme           1544125 Unknown N    -1         512       0.101
01:26:38.552 nvme           1544129 Unknown N    -1         512       0.030
01:26:39.554 nvme           1544149 Unknown N    -1         512       0.077
01:26:39.776 kworker        1541567 nvme1n1 W    1532246936 8192      0.069
01:26:39.776 kworker        1541567 nvme1n1 W    591697016  45056     0.084
01:26:40.556 nvme           1544158 Unknown N    -1         512       0.034
01:26:40.591 jbd2/nv        391     nvme0n1 WSM  4306256    28672     1.122
01:26:40.592 jbd2/nv        391     nvme0n1 WSM  4306312    4096      0.857
01:26:41.313 kworker        1541567 nvme0n1 W    37217456   8192      0.974
01:26:41.313 kworker        1473701 nvme0n1 W    36019328   16384     0.924
01:26:41.314 kworker        1473701 nvme0n1 W    36029952   131072    1.760
01:26:41.314 kworker        1473701 nvme0n1 W    8131320    131072    1.991
01:26:41.314 kworker        1473701 nvme0n1 W    8135672    131072    2.048
01:26:41.314 kworker        1473701 nvme0n1 W    8143096    131072    2.101
01:26:41.314 kworker        1541567 nvme0n1 W    37332568   4096      1.125
01:26:41.314 kworker        1473701 nvme0n1 W    36166400   131072    2.114
01:26:41.314 kworker        1473701 nvme0n1 W    36167072   16384     1.233
01:26:41.315 kworker        1473701 nvme0n1 W    36023808   262144    2.798
01:26:41.315 kworker        1473701 nvme0n1 W    36167520   16384     0.904
01:26:41.315 kworker        1473701 nvme0n1 W    36167976   4096      1.090
01:26:41.315 kworker        1473701 nvme0n1 W    36168384   32768     1.022
01:26:41.315 kworker        1473701 nvme0n1 W    36315792   40960     0.973
01:26:41.315 kworker        1473701 nvme0n1 W    36177280   65536     1.146
01:26:41.315 kworker        1473701 nvme0n1 W    36174336   65536     1.209
01:26:41.316 kworker        1473701 nvme0n1 W    36322384   4096      0.542
01:26:41.316 kworker        1473701 nvme0n1 W    36323072   16384     0.669
01:26:41.316 kworker        1473701 nvme0n1 W    36316928   131072    1.782
01:26:41.316 kworker        1473701 nvme0n1 W    7337984    4096      0.744
01:26:41.317 kworker        1473701 nvme0n1 W    36324096   65536     1.351
01:26:41.317 kworker        1473701 nvme0n1 W    36321792   131072    1.981
01:26:41.558 nvme           1544162 Unknown N    -1         512       0.072
01:26:41.824 jbd2/nv        752     nvme1n1 WSM  877595632  81920     0.114
01:26:41.824 jbd2/nv        752     nvme1n1 WSM  877595792  4096      0.030
01:26:42.336 kworker        1513369 nvme1n1 W    1719340960 4096      0.055
01:26:42.560 nvme           1544172 Unknown N    -1         512       0.031
01:26:43.562 nvme           1544176 Unknown N    -1         512       0.028
01:26:44.565 nvme           1544190 Unknown N    -1         512       0.075
01:26:44.897 kworker        1473701 nvme1n1 W    587770088  53248     0.124
01:26:44.897 kworker        1473701 nvme1n1 W    1486229936 131072    0.198
01:26:44.897 kworker        1473701 nvme1n1 W    1486230192 61440     0.234
01:26:44.897 kworker        1473701 nvme1n1 W    587770192  32768     0.253
01:26:44.897 kworker        1473701 nvme1n1 W    1486230312 131072    0.334
01:26:44.897 kworker        1473701 nvme1n1 W    1486230568 90112     0.386
01:26:44.897 kworker        1473701 nvme1n1 W    1176729912 77824     0.431
01:26:44.897 kworker        1473701 nvme1n1 W    587770256  45056     0.460
01:26:45.567 nvme           1544205 Unknown N    -1         512       0.082
01:26:46.554 amoprof        1271097 nvme1n1 W    1526147728 4096      0.054
