TIMESTAMP    COMM           PID     DISK    T    SECTOR     BYTES   LAT(ms)
01:26:23.978 nvme           1543773 Unknown N    -1         512       0.035
01:26:24.928 jbd2/nv        752     nvme1n1 WSM  877595288  8192      0.064
01:26:24.928 jbd2/nv        752     nvme1n1 WSM  877595032  131072    0.154
01:26:24.928 jbd2/nv        752     nvme1n1 WSM  877595304  4096      0.029
01:26:24.981 nvme           1543836 Unknown N    -1         512       0.076
01:26:25.984 nvme           1543844 Unknown N    -1         512       0.031
01:26:26.986 nvme           1543848 Unknown N    -1         512       0.033
01:26:27.988 nvme           1543858 Unknown N    -1         512       0.101
01:26:28.991 nvme           1543872 Unknown N    -1         512       0.029
01:26:29.537 kworker        1541567 nvme1n1 W    591693376  98304     0.163
01:26:29.537 kworker        1541567 nvme1n1 W    1486306088 131072    0.231
01:26:29.537 kworker        1541567 nvme1n1 W    1486306344 61440     0.266
01:26:29.537 kworker        1541567 nvme1n1 W    591693568  32768     0.285
01:26:29.537 kworker        1541567 nvme1n1 W    1486229504 131072    0.363
01:26:29.537 kworker        1541567 nvme1n1 W    1486229760 90112     0.419
01:26:29.537 kworker        1541567 nvme1n1 W    1176729760 77824     0.468
01:26:29.537 kworker        1541567 nvme1n1 W    591693632  45056     0.494
01:26:29.993 nvme           1543881 Unknown N    -1         512       0.031
01:26:30.193 jbd2/nv        752     nvme1n1 WSM  877595312  61440     0.105
01:26:30.193 jbd2/nv        752     nvme1n1 WSM  877595432  4096      0.039
01:26:30.995 nvme           1543891 Unknown N    -1         512       0.079
01:26:31.997 nvme           1543895 Unknown N    -1         512       0.032
01:26:32.608 kworker        1473701 nvme1n1 W    1625052656 4096      0.056
01:26:33.000 nvme           1543899 Unknown N    -1         512       0.027
01:26:33.985 amoprof        1271097 nvme1n1 W    587579320  4096      0.060
