TIMESTAMP    COMM           PID     DISK    T    SECTOR     BYTES   LAT(ms)
02:40:59.461 jbd2/nv        752     nvme1n1 WSM  877735272  131072    0.170
02:40:59.461 jbd2/nv        752     nvme1n1 WSM  877735528  12288     0.176
02:40:59.461 jbd2/nv        752     nvme1n1 WSM  877735552  4096      0.028
02:40:59.639 nvme           1639576 Unknown N    -1         512       0.035
02:41:00.641 nvme           1639628 Unknown N    -1         512       0.031
02:41:01.644 nvme           1639629 Unknown N    -1         512       0.028
02:41:02.646 nvme           1639630 Unknown N    -1         512       0.030
02:41:03.648 nvme           1639631 Unknown N    -1         512       0.027
02:41:04.417 kworker        1620255 nvme1n1 W    595894544  102400    0.178
02:41:04.417 kworker        1620255 nvme1n1 W    1526033648 131072    0.247
02:41:04.417 kworker        1620255 nvme1n1 W    1526033904 61440     0.281
02:41:04.417 kworker        1620255 nvme1n1 W    595894744  32768     0.302
02:41:04.417 kworker        1620255 nvme1n1 W    1526045504 131072    0.381
02:41:04.417 kworker        1620255 nvme1n1 W    1526045760 90112     0.435
02:41:04.417 kworker        1620255 nvme1n1 W    1486589224 77824     0.482
02:41:04.417 kworker        1620255 nvme1n1 W    595894808  40960     0.506
02:41:04.650 nvme           1639632 Unknown N    -1         512       0.027
02:41:04.834 jbd2/nv        752     nvme1n1 WSM  877735560  94208     0.123
02:41:04.834 jbd2/nv        752     nvme1n1 WSM  877735744  4096      0.028
02:41:05.653 nvme           1639633 Unknown N    -1         512       0.029
02:41:06.655 nvme           1639634 Unknown N    -1         512       0.027
02:41:07.657 nvme           1639635 Unknown N    -1         512       0.031
02:41:08.659 nvme           1639636 Unknown N    -1         512       0.028
02:41:09.537 kworker        1638303 nvme1n1 W    591736064  4096      0.058
02:41:09.646 amoprof        1271097 nvme1n1 W    591748952  4096      0.051
