TIMESTAMP    COMM           PID     DISK    T    SECTOR     BYTES   LAT(ms)
23:07:27.961 nvme           2673375 Unknown N    -1         512       0.037
23:07:28.967 nvme           2673435 Unknown N    -1         512       0.031
23:07:29.057 kworker        2649589 nvme0n1 W    37828016   4096      0.967
23:07:29.057 kworker        2649589 nvme0n1 W    39166176   4096      1.174
23:07:29.058 kworker        2649589 nvme0n1 W    8152816    131072    1.451
23:07:29.058 kworker        2649589 nvme0n1 W    8150256    131072    1.603
23:07:29.058 kworker        2649589 nvme0n1 W    8151024    131072    1.905
23:07:29.058 kworker        2649589 nvme0n1 W    8148208    131072    1.989
23:07:29.058 kworker        2649589 nvme0n1 W    39180032   4096      0.523
23:07:29.059 kworker        2649589 nvme0n1 W    39180480   4096      0.905
23:07:29.059 kworker        2649589 nvme0n1 W    39180928   4096      0.650
23:07:29.059 kworker        2649589 nvme0n1 W    39168000   131072    1.639
23:07:29.059 kworker        2649589 nvme0n1 W    39181368   4096      1.013
23:07:29.059 kworker        2649589 nvme0n1 W    8152048    262144    3.135
23:07:29.060 kworker        2649589 nvme0n1 W    8146928    262144    3.374
23:07:29.060 kworker        2649589 nvme0n1 W    39182256   4096      0.903
23:07:29.060 kworker        2649589 nvme0n1 W    39181816   4096      1.030
23:07:29.060 kworker        2649589 nvme0n1 W    39183144   4096      0.842
23:07:29.060 kworker        2649589 nvme0n1 W    39182704   4096      0.908
23:07:29.060 kworker        2649589 nvme0n1 W    39184032   4096      0.835
23:07:29.060 kworker        2649589 nvme0n1 W    39183592   4096      0.900
23:07:29.061 kworker        2649589 nvme0n1 W    39184952   4096      0.841
23:07:29.061 kworker        2649589 nvme0n1 W    39184488   4096      0.847
23:07:29.061 kworker        2649589 nvme0n1 W    39179520   262144    3.128
23:07:29.061 kworker        2649589 nvme0n1 W    39185368   4096      0.842
23:07:29.061 kworker        2649589 nvme0n1 W    39185560   4096      0.846
23:07:29.061 kworker        2649589 nvme0n1 W    39186000   4096      0.839
23:07:29.061 kworker        2649589 nvme0n1 W    39186448   4096      0.897
23:07:29.061 kworker        2649589 nvme0n1 W    39186888   4096      0.824
23:07:29.061 kworker        2649589 nvme0n1 W    39187488   4096      0.825
23:07:29.061 kworker        2649589 nvme0n1 W    39187328   4096      0.882
23:07:29.062 kworker        2649589 nvme0n1 W    39188752   4096      0.820
23:07:29.062 kworker        2649589 nvme0n1 W    39187704   4096      0.886
23:07:29.062 kworker        2649589 nvme0n1 W    39189224   4096      0.885
23:07:29.062 kworker        2649589 nvme0n1 W    39195712   16384     0.948
23:07:29.062 kworker        2649589 nvme0n1 W    7337992    4096      0.733
23:07:29.063 kworker        2649589 nvme0n1 W    39195776   65536     1.378
23:07:29.971 nvme           2673439 Unknown N    -1         512       0.034
23:07:30.976 nvme           2673443 Unknown N    -1         512       0.045
23:07:31.105 kworker        2643707 nvme1n1 W    1369990736 131072    0.156
23:07:31.105 kworker        2643707 nvme1n1 W    1369990992 131072    0.174
23:07:31.106 kworker        2643707 nvme1n1 W    1369991248 118784    0.172
23:07:31.106 kworker        2643707 nvme1n1 W    1369991480 90112     0.223
23:07:31.106 kworker        2643707 nvme1n1 W    633885184  110592    0.284
23:07:31.106 kworker        2643707 nvme1n1 W    633885400  69632     0.328
23:07:31.106 kworker        2643707 nvme1n1 W    1368014096 69632     0.371
23:07:31.106 kworker        2643707 nvme1n1 W    1368014232 69632     0.411
23:07:31.106 kworker        2643707 nvme1n1 W    1370751488 131072    0.483
23:07:31.106 kworker        2643707 nvme1n1 W    1370751744 12288     0.490
23:07:31.106 kworker        2643707 nvme1n1 W    633885536  122880    0.168
23:07:31.106 kworker        2643707 nvme1n1 W    633885776  32768     0.183
23:07:31.106 kworker        2643707 nvme1n1 W    1368014368 69632     0.222
23:07:31.106 kworker        2643707 nvme1n1 W    1368014504 69632     0.264
23:07:31.106 kworker        2643707 nvme1n1 W    633885840  90112     0.320
23:07:31.106 kworker        2643707 nvme1n1 W    1370786288 131072    0.408
23:07:31.106 kworker        2643707 nvme1n1 W    1370786544 12288     0.409
23:07:31.106 kworker        2643707 nvme1n1 W    633886016  126976    0.480
23:07:31.106 kworker        2643707 nvme1n1 W    633886264  77824     0.117
23:07:31.106 kworker        2643707 nvme1n1 W    1369214688 86016     0.169
23:07:31.106 kworker        2643707 nvme1n1 W    633886416  45056     0.192
23:07:31.107 kworker        2643707 nvme1n1 W    1369989632 102400    0.256
23:07:31.107 kworker        2643707 nvme1n1 W    633886504  106496    0.321
23:07:31.107 kworker        2643707 nvme1n1 W    633886712  110592    0.385
23:07:31.107 kworker        2643707 nvme1n1 W    633886928  45056     0.411
23:07:31.979 nvme           2673454 Unknown N    -1         512       0.037
23:07:32.266 jbd2/nv        752     nvme1n1 WSM  877897904  131072    0.172
23:07:32.266 jbd2/nv        752     nvme1n1 WSM  877898160  32768     0.183
23:07:32.267 jbd2/nv        752     nvme1n1 WSM  877898224  4096      0.032
23:07:32.303 jbd2/nv        391     nvme0n1 WSM  4265344    45056     1.239
23:07:32.304 jbd2/nv        391     nvme0n1 WSM  4265432    4096      0.906
23:07:32.983 nvme           2673468 Unknown N    -1         512       0.030
23:07:33.988 nvme           2673477 Unknown N    -1         512       0.038
23:07:34.993 nvme           2673481 Unknown N    -1         512       0.033
23:07:35.997 nvme           2673491 Unknown N    -1         512       0.033
23:07:36.226 kworker        2643707 nvme1n1 W    630199008  53248     0.133
23:07:36.226 kworker        2643707 nvme1n1 W    1570018928 131072    0.200
23:07:36.226 kworker        2643707 nvme1n1 W    1570019184 53248     0.232
23:07:36.226 kworker        2643707 nvme1n1 W    630199112  32768     0.250
23:07:36.226 kworker        2643707 nvme1n1 W    1570177024 131072    0.331
23:07:36.226 kworker        2643707 nvme1n1 W    1570177280 86016     0.379
23:07:36.226 kworker        2643707 nvme1n1 W    1368204192 73728     0.425
23:07:36.226 kworker        2643707 nvme1n1 W    630199176  45056     0.452
23:07:36.227 kworker        2643707 nvme1n1 W    1533782264 131072    0.336
23:07:36.227 kworker        2643707 nvme1n1 W    1533782776 131072    0.367
23:07:36.227 kworker        2643707 nvme1n1 W    1533782520 131072    0.444
23:07:36.227 kworker        2643707 nvme1n1 W    1533783032 32768     0.333
23:07:36.227 kworker        2643707 nvme1n1 W    1486824600 131072    0.412
23:07:36.227 kworker        2643707 nvme1n1 W    1486824856 131072    0.452
23:07:36.227 kworker        2643707 nvme1n1 W    1486825112 98304     0.407
23:07:36.227 kworker        2643707 nvme1n1 W    1486844552 131072    0.479
23:07:36.227 kworker        2643707 nvme1n1 W    1486844808 131072    0.478
23:07:36.227 kworker        2643707 nvme1n1 W    1486845064 94208     0.469
23:07:37.001 nvme           2673495 Unknown N    -1         512       0.032
23:07:37.352 jbd2/nv        752     nvme1n1 WSM  877898232  94208     0.124
23:07:37.352 jbd2/nv        752     nvme1n1 WSM  877898416  4096      0.032
23:07:37.761 kworker        2643707 nvme1n1 WM   0          4096      0.118
23:07:37.761 kworker        2643707 nvme1n1 WM   48         4096      0.137
23:07:37.761 kworker        2643707 nvme1n1 WM   152        4096      0.140
23:07:37.761 kworker        2643707 nvme1n1 WM   304        8192      0.139
23:07:37.761 kworker        2643707 nvme1n1 WM   440        4096      0.159
23:07:37.761 kworker        2643707 nvme1n1 WM   624        4096      0.160
23:07:37.761 kworker        2643707 nvme1n1 WM   656        4096      0.161
23:07:37.761 kworker        2643707 nvme1n1 WM   712        4096      0.162
23:07:37.761 kworker        2643707 nvme1n1 WM   728        8192      0.163
23:07:37.761 kworker        2643707 nvme1n1 WM   752        4096      0.165
23:07:37.761 kworker        2643707 nvme1n1 WM   816        4096      0.167
23:07:37.761 kworker        2643707 nvme1n1 WM   310378544  4096      0.160
23:07:37.761 kworker        2643707 nvme1n1 WM   776        16384     0.172
23:07:37.761 kworker        2643707 nvme1n1 WM   88080488   12288     0.174
23:07:37.761 kworker        2643707 nvme1n1 WM   92274688   65536     0.187
23:07:37.761 kworker        2643707 nvme1n1 WM   96468992   61440     0.221
23:07:37.762 kworker        2643707 nvme1n1 WM   310378616  4096      0.095
23:07:37.762 kworker        2643707 nvme1n1 WM   461373728  4096      0.100
23:07:37.762 kworker        2643707 nvme1n1 WM   629145632  4096      0.103
23:07:37.762 kworker        2643707 nvme1n1 WM   629162040  4096      0.119
23:07:37.762 kworker        2643707 nvme1n1 WM   629162112  4096      0.120
23:07:37.762 kworker        2643707 nvme1n1 WM   633339912  8192      0.122
23:07:37.762 kworker        2643707 nvme1n1 WM   633340032  4096      0.123
23:07:37.762 kworker        2643707 nvme1n1 WM   637534272  4096      0.119
23:07:37.762 kworker        2643707 nvme1n1 WM   905969920  4096      0.123
23:07:37.762 kworker        2643707 nvme1n1 WM   910164160  4096      0.123
23:07:37.762 kworker        2643707 nvme1n1 WM   910197936  4096      0.124
23:07:37.762 kworker        2643707 nvme1n1 WM   1249925856 8192      0.123
23:07:37.762 kworker        2643707 nvme1n1 WM   1276768736 8192      0.125
23:07:37.762 kworker        2643707 nvme1n1 WM   633341216  131072    0.205
23:07:37.762 kworker        2643707 nvme1n1 WM   910197680  131072    0.287
23:07:37.762 kworker        2643707 nvme1n1 WM   1249925600 131072    0.366
23:07:37.762 kworker        2643707 nvme1n1 WM   1276768824 4096      0.228
23:07:37.762 kworker        2643707 nvme1n1 WM   1276771064 4096      0.236
23:07:37.762 kworker        2643707 nvme1n1 WM   1276771488 4096      0.237
23:07:37.762 kworker        2643707 nvme1n1 WM   1279127744 4096      0.238
23:07:37.762 kworker        2643707 nvme1n1 WM   1279128504 4096      0.238
23:07:37.762 kworker        2643707 nvme1n1 WM   1279128520 4096      0.239
23:07:37.762 kworker        2643707 nvme1n1 WM   1279129176 4096      0.240
23:07:37.762 kworker        2643707 nvme1n1 WM   1279129264 4096      0.242
23:07:37.762 kworker        2643707 nvme1n1 WM   1279129808 4096      0.243
23:07:37.762 kworker        2643707 nvme1n1 WM   1279129968 4096      0.245
23:07:37.762 kworker        2643707 nvme1n1 WM   1279130296 4096      0.245
23:07:37.762 kworker        2643707 nvme1n1 WM   1279130512 4096      0.246
23:07:37.762 kworker        2643707 nvme1n1 WM   1279130760 4096      0.247
23:07:37.762 kworker        2643707 nvme1n1 WM   1279131000 4096      0.085
23:07:37.762 kworker        2643707 nvme1n1 WM   1279131440 4096      0.091
23:07:37.762 kworker        2643707 nvme1n1 WM   1279259248 4096      0.102
23:07:37.762 kworker        2643707 nvme1n1 WM   1279259544 4096      0.104
23:07:37.762 kworker        2643707 nvme1n1 WM   1279259792 4096      0.105
23:07:37.762 kworker        2643707 nvme1n1 WM   1279261232 4096      0.110
23:07:37.762 kworker        2643707 nvme1n1 WM   1279261272 4096      0.110
23:07:37.762 kworker        2643707 nvme1n1 WM   1279261288 4096      0.112
23:07:37.762 kworker        2643707 nvme1n1 WM   1279651920 4096      0.115
23:07:37.762 kworker        2643707 nvme1n1 WM   1279652168 4096      0.118
23:07:37.762 kworker        2643707 nvme1n1 WM   1279652328 4096      0.121
23:07:37.762 kworker        2643707 nvme1n1 WM   1279653120 4096      0.122
23:07:37.762 kworker        2643707 nvme1n1 WM   1279653968 4096      0.122
23:07:37.762 kworker        2643707 nvme1n1 WM   1279654168 4096      0.122
23:07:37.762 kworker        2643707 nvme1n1 WM   1279654952 4096      0.122
23:07:37.762 kworker        2643707 nvme1n1 WM   1279655144 4096      0.123
23:07:37.763 kworker        2643707 nvme1n1 WM   1279655176 4096      0.081
23:07:37.763 kworker        2643707 nvme1n1 WM   1279655192 4096      0.084
23:07:37.763 kworker        2643707 nvme1n1 WM   1279783368 4096      0.095
23:07:37.763 kworker        2643707 nvme1n1 WM   1279786336 4096      0.098
23:07:37.763 kworker        2643707 nvme1n1 WM   1279786352 4096      0.101
23:07:37.763 kworker        2643707 nvme1n1 WM   1279786416 4096      0.101
23:07:37.763 kworker        2643707 nvme1n1 WM   1279786432 4096      0.103
23:07:37.763 kworker        2643707 nvme1n1 WM   1279786848 4096      0.107
23:07:37.763 kworker        2643707 nvme1n1 WM   1282011488 4096      0.113
23:07:37.763 kworker        2643707 nvme1n1 WM   1282012200 4096      0.114
23:07:37.763 kworker        2643707 nvme1n1 WM   1282012464 4096      0.116
23:07:37.763 kworker        2643707 nvme1n1 WM   1282013144 4096      0.116
23:07:37.763 kworker        2643707 nvme1n1 WM   1282013512 4096      0.117
23:07:37.763 kworker        2643707 nvme1n1 WM   1282013536 4096      0.117
23:07:37.763 kworker        2643707 nvme1n1 WM   1282013728 4096      0.117
23:07:37.763 kworker        2643707 nvme1n1 WM   1282013824 4096      0.118
23:07:37.763 kworker        2643707 nvme1n1 WM   1282014040 4096      0.072
23:07:37.763 kworker        2643707 nvme1n1 WM   1282014056 4096      0.076
23:07:37.763 kworker        2643707 nvme1n1 WM   1282014072 4096      0.084
23:07:37.763 kworker        2643707 nvme1n1 WM   1282014840 4096      0.089
23:07:37.763 kworker        2643707 nvme1n1 WM   1282273264 4096      0.090
23:07:37.763 kworker        2643707 nvme1n1 WM   1282273504 4096      0.096
23:07:37.763 kworker        2643707 nvme1n1 WM   1282273952 4096      0.104
23:07:37.763 kworker        2643707 nvme1n1 WM   1282274072 4096      0.105
23:07:37.763 kworker        2643707 nvme1n1 WM   1282274448 4096      0.107
23:07:37.763 kworker        2643707 nvme1n1 WM   1282275768 4096      0.108
23:07:37.763 kworker        2643707 nvme1n1 WM   1282275984 4096      0.110
23:07:37.763 kworker        2643707 nvme1n1 WM   1282276240 4096      0.112
23:07:37.763 kworker        2643707 nvme1n1 WM   1282276808 4096      0.113
23:07:37.763 kworker        2643707 nvme1n1 WM   1282277208 4096      0.114
23:07:37.763 kworker        2643707 nvme1n1 WM   1282929392 4096      0.118
23:07:37.763 kworker        2643707 nvme1n1 WM   1282929896 4096      0.119
23:07:37.764 kworker        2643707 nvme1n1 WM   1282929912 4096      0.074
23:07:37.764 kworker        2643707 nvme1n1 WM   1283059832 4096      0.078
23:07:37.764 kworker        2643707 nvme1n1 WM   1283060072 4096      0.086
23:07:37.764 kworker        2643707 nvme1n1 WM   1283060088 4096      0.091
23:07:37.764 kworker        2643707 nvme1n1 WM   1283060568 4096      0.093
23:07:37.764 kworker        2643707 nvme1n1 WM   1283062432 4096      0.095
23:07:37.764 kworker        2643707 nvme1n1 WM   1283063280 4096      0.106
23:07:37.764 kworker        2643707 nvme1n1 WM   1283063384 4096      0.107
23:07:37.764 kworker        2643707 nvme1n1 WM   1283063648 4096      0.109
23:07:37.764 kworker        2643707 nvme1n1 WM   1283322288 4096      0.110
23:07:37.764 kworker        2643707 nvme1n1 WM   1283322680 4096      0.115
23:07:37.764 kworker        2643707 nvme1n1 WM   1283322848 4096      0.116
23:07:37.764 kworker        2643707 nvme1n1 WM   1283322864 4096      0.117
23:07:37.764 kworker        2643707 nvme1n1 WM   1283323304 4096      0.118
23:07:37.764 kworker        2643707 nvme1n1 WM   1283323744 4096      0.122
23:07:37.764 kworker        2643707 nvme1n1 WM   1283323912 4096      0.125
23:07:37.764 kworker        2643707 nvme1n1 WM   1283324568 4096      0.088
23:07:37.764 kworker        2643707 nvme1n1 WM   1283324712 4096      0.104
23:07:37.764 kworker        2643707 nvme1n1 WM   1283453560 4096      0.115
23:07:37.764 kworker        2643707 nvme1n1 WM   1283453672 4096      0.116
23:07:37.764 kworker        2643707 nvme1n1 WM   1283454320 4096      0.122
23:07:37.764 kworker        2643707 nvme1n1 WM   1283454584 4096      0.123
23:07:37.764 kworker        2643707 nvme1n1 WM   1283454952 4096      0.124
23:07:37.764 kworker        2643707 nvme1n1 WM   1283455336 4096      0.124
23:07:37.764 kworker        2643707 nvme1n1 WM   1283455688 4096      0.125
23:07:37.764 kworker        2643707 nvme1n1 WM   1283456016 4096      0.125
23:07:37.764 kworker        2643707 nvme1n1 WM   1283456136 4096      0.128
23:07:37.764 kworker        2643707 nvme1n1 WM   1283456152 4096      0.128
23:07:37.764 kworker        2643707 nvme1n1 WM   1283846760 4096      0.129
23:07:37.764 kworker        2643707 nvme1n1 WM   1283847072 4096      0.130
23:07:37.764 kworker        2643707 nvme1n1 WM   1283847688 4096      0.130
23:07:37.764 kworker        2643707 nvme1n1 WM   1283847720 4096      0.131
23:07:37.764 kworker        2643707 nvme1n1 WM   1283848800 4096      0.073
23:07:37.764 kworker        2643707 nvme1n1 WM   1283848952 4096      0.074
23:07:37.764 kworker        2643707 nvme1n1 WM   1283849200 4096      0.082
23:07:37.764 kworker        2643707 nvme1n1 WM   1283849608 4096      0.083
23:07:37.764 kworker        2643707 nvme1n1 WM   1283850144 4096      0.084
23:07:37.764 kworker        2643707 nvme1n1 WM   1283977320 4096      0.087
23:07:37.764 kworker        2643707 nvme1n1 WM   1283977680 4096      0.098
23:07:37.764 kworker        2643707 nvme1n1 WM   1283977712 4096      0.102
23:07:37.764 kworker        2643707 nvme1n1 WM   1283977976 4096      0.105
23:07:37.764 kworker        2643707 nvme1n1 WM   1283978376 4096      0.105
23:07:37.764 kworker        2643707 nvme1n1 WM   1283978648 4096      0.109
23:07:37.764 kworker        2643707 nvme1n1 WM   1283978944 4096      0.112
23:07:37.764 kworker        2643707 nvme1n1 WM   1283978960 4096      0.113
23:07:37.764 kworker        2643707 nvme1n1 WM   1283978984 4096      0.114
23:07:37.764 kworker        2643707 nvme1n1 WM   1283979200 4096      0.115
23:07:37.764 kworker        2643707 nvme1n1 WM   1283979632 4096      0.116
23:07:37.764 kworker        2643707 nvme1n1 WM   1284108216 4096      0.075
23:07:37.764 kworker        2643707 nvme1n1 WM   1284108320 4096      0.080
23:07:37.764 kworker        2643707 nvme1n1 WM   1284108504 4096      0.085
23:07:37.764 kworker        2643707 nvme1n1 WM   1284108632 4096      0.086
23:07:37.764 kworker        2643707 nvme1n1 WM   1284109664 4096      0.088
23:07:37.764 kworker        2643707 nvme1n1 WM   1284109832 4096      0.088
23:07:37.764 kworker        2643707 nvme1n1 WM   1284110752 4096      0.092
23:07:37.764 kworker        2643707 nvme1n1 WM   1284110968 4096      0.094
23:07:37.764 kworker        2643707 nvme1n1 WM   1284111304 4096      0.097
23:07:37.764 kworker        2643707 nvme1n1 WM   1284112064 4096      0.098
23:07:37.764 kworker        2643707 nvme1n1 WM   1284112304 4096      0.100
23:07:37.764 kworker        2643707 nvme1n1 WM   1284112352 4096      0.106
23:07:37.764 kworker        2643707 nvme1n1 WM   1284239784 4096      0.109
23:07:37.764 kworker        2643707 nvme1n1 WM   1284240224 8192      0.109
23:07:37.764 kworker        2643707 nvme1n1 WM   1284240520 4096      0.113
23:07:37.764 kworker        2643707 nvme1n1 WM   1284240688 4096      0.114
23:07:37.764 kworker        2643707 nvme1n1 WM   1284241144 4096      0.076
23:07:37.764 kworker        2643707 nvme1n1 WM   1284241464 4096      0.080
23:07:37.764 kworker        2643707 nvme1n1 WM   1284242968 4096      0.091
23:07:37.764 kworker        2643707 nvme1n1 WM   1284243144 4096      0.093
23:07:37.764 kworker        2643707 nvme1n1 WM   1284243192 4096      0.094
23:07:37.764 kworker        2643707 nvme1n1 WM   1284370536 4096      0.097
23:07:37.764 kworker        2643707 nvme1n1 WM   1284370560 4096      0.098
23:07:37.764 kworker        2643707 nvme1n1 WM   1284371888 4096      0.105
23:07:37.764 kworker        2643707 nvme1n1 WM   1284372032 4096      0.109
23:07:37.764 kworker        2643707 nvme1n1 WM   1284373104 4096      0.111
23:07:37.764 kworker        2643707 nvme1n1 WM   1284373376 4096      0.115
23:07:37.764 kworker        2643707 nvme1n1 WM   1284373496 4096      0.118
23:07:37.764 kworker        2643707 nvme1n1 WM   1284374008 4096      0.119
23:07:37.764 kworker        2643707 nvme1n1 WM   1284501904 4096      0.123
23:07:37.764 kworker        2643707 nvme1n1 WM   1284502376 4096      0.127
23:07:37.764 kworker        2643707 nvme1n1 WM   1284503240 4096      0.128
23:07:37.764 kworker        2643707 nvme1n1 WM   1284503384 4096      0.090
23:07:37.764 kworker        2643707 nvme1n1 WM   1284503832 4096      0.101
23:07:37.764 kworker        2643707 nvme1n1 WM   1284504208 4096      0.102
23:07:37.764 kworker        2643707 nvme1n1 WM   1284504224 4096      0.102
23:07:37.764 kworker        2643707 nvme1n1 WM   1284504288 4096      0.114
23:07:37.764 kworker        2643707 nvme1n1 WM   1284504512 4096      0.115
23:07:37.764 kworker        2643707 nvme1n1 WM   1284505128 4096      0.116
23:07:37.764 kworker        2643707 nvme1n1 WM   1284505280 4096      0.116
23:07:37.764 kworker        2643707 nvme1n1 WM   1284632824 4096      0.116
23:07:37.764 kworker        2643707 nvme1n1 WM   1284633496 4096      0.117
23:07:37.764 kworker        2643707 nvme1n1 WM   1284633512 4096      0.120
23:07:37.764 kworker        2643707 nvme1n1 WM   1284633528 4096      0.121
23:07:37.764 kworker        2643707 nvme1n1 WM   1284633640 4096      0.122
23:07:37.764 kworker        2643707 nvme1n1 WM   1284633880 4096      0.122
23:07:37.764 kworker        2643707 nvme1n1 WM   1284635032 4096      0.123
23:07:37.764 kworker        2643707 nvme1n1 WM   1284635448 4096      0.125
23:07:37.765 kworker        2643707 nvme1n1 WM   1284635464 4096      0.075
23:07:37.765 kworker        2643707 nvme1n1 WM   1284635944 4096      0.076
23:07:37.765 kworker        2643707 nvme1n1 WM   1284636048 4096      0.094
23:07:37.765 kworker        2643707 nvme1n1 WM   1284636376 4096      0.097
23:07:37.765 kworker        2643707 nvme1n1 WM   1284764000 4096      0.100
23:07:37.765 kworker        2643707 nvme1n1 WM   1284764336 4096      0.100
23:07:37.765 kworker        2643707 nvme1n1 WM   1284764632 4096      0.102
23:07:37.765 kworker        2643707 nvme1n1 WM   1284764816 4096      0.104
23:07:37.765 kworker        2643707 nvme1n1 WM   1284766232 4096      0.109
23:07:37.765 kworker        2643707 nvme1n1 WM   1285158680 4096      0.110
23:07:37.765 kworker        2643707 nvme1n1 WM   1285158728 4096      0.114
23:07:37.765 kworker        2643707 nvme1n1 WM   1285159664 4096      0.115
23:07:37.765 kworker        2643707 nvme1n1 WM   1285159760 4096      0.117
23:07:37.765 kworker        2643707 nvme1n1 WM   1285159784 4096      0.117
23:07:37.765 kworker        2643707 nvme1n1 WM   1288040536 4096      0.123
23:07:37.765 kworker        2643707 nvme1n1 WM   1288040904 4096      0.125
23:07:37.765 kworker        2643707 nvme1n1 WM   1288041360 4096      0.076
23:07:37.765 kworker        2643707 nvme1n1 WM   1288044368 4096      0.082
23:07:37.765 kworker        2643707 nvme1n1 WM   1288303104 4096      0.104
23:07:37.765 kworker        2643707 nvme1n1 WM   1288303128 4096      0.108
23:07:37.765 kworker        2643707 nvme1n1 WM   1288303328 4096      0.111
23:07:37.765 kworker        2643707 nvme1n1 WM   1288303984 4096      0.112
23:07:37.765 kworker        2643707 nvme1n1 WM   1288304064 4096      0.115
23:07:37.765 kworker        2643707 nvme1n1 WM   1288304080 4096      0.115
23:07:37.765 kworker        2643707 nvme1n1 WM   1288304408 4096      0.116
23:07:37.765 kworker        2643707 nvme1n1 WM   1288304944 4096      0.118
23:07:37.765 kworker        2643707 nvme1n1 WM   1288305104 4096      0.120
23:07:37.765 kworker        2643707 nvme1n1 WM   1288305184 4096      0.121
23:07:37.765 kworker        2643707 nvme1n1 WM   1288305600 4096      0.124
23:07:37.765 kworker        2643707 nvme1n1 WM   1288305824 4096      0.125
23:07:37.765 kworker        2643707 nvme1n1 WM   1288305912 4096      0.126
23:07:37.765 kworker        2643707 nvme1n1 WM   1288306240 4096      0.126
23:07:37.765 kworker        2643707 nvme1n1 WM   1288306256 4096      0.073
23:07:37.765 kworker        2643707 nvme1n1 WM   1288433760 4096      0.081
23:07:37.765 kworker        2643707 nvme1n1 WM   1288433928 4096      0.093
23:07:37.765 kworker        2643707 nvme1n1 WM   1288434568 4096      0.094
23:07:37.765 kworker        2643707 nvme1n1 WM   1288434712 4096      0.099
23:07:37.765 kworker        2643707 nvme1n1 WM   1288434896 4096      0.099
23:07:37.765 kworker        2643707 nvme1n1 WM   1288435312 4096      0.100
23:07:37.765 kworker        2643707 nvme1n1 WM   1288435944 4096      0.105
23:07:37.765 kworker        2643707 nvme1n1 WM   1288436280 4096      0.106
23:07:37.765 kworker        2643707 nvme1n1 WM   1288436312 4096      0.112
23:07:37.765 kworker        2643707 nvme1n1 WM   1288436800 4096      0.115
23:07:37.765 kworker        2643707 nvme1n1 WM   1288437472 4096      0.115
23:07:37.765 kworker        2643707 nvme1n1 WM   1288566416 4096      0.116
23:07:37.765 kworker        2643707 nvme1n1 WM   1288566600 4096      0.117
23:07:37.765 kworker        2643707 nvme1n1 WM   1288567104 4096      0.117
23:07:37.765 kworker        2643707 nvme1n1 WM   1288567560 4096      0.118
23:07:37.765 kworker        2643707 nvme1n1 WM   1288567576 4096      0.075
23:07:37.765 kworker        2643707 nvme1n1 WM   1288567592 4096      0.083
23:07:37.765 kworker        2643707 nvme1n1 WM   1288567624 4096      0.098
23:07:37.765 kworker        2643707 nvme1n1 WM   1288567960 4096      0.101
23:07:37.766 kworker        2643707 nvme1n1 WM   1288568136 4096      0.102
23:07:37.766 kworker        2643707 nvme1n1 WM   1288568792 4096      0.107
23:07:37.766 kworker        2643707 nvme1n1 WM   1288696400 4096      0.110
23:07:37.766 kworker        2643707 nvme1n1 WM   1288697576 4096      0.112
23:07:37.766 kworker        2643707 nvme1n1 WM   1288697800 4096      0.113
23:07:37.766 kworker        2643707 nvme1n1 WM   1288699040 4096      0.114
23:07:37.766 kworker        2643707 nvme1n1 WM   1288827448 4096      0.120
23:07:37.766 kworker        2643707 nvme1n1 WM   1288827744 4096      0.121
23:07:37.766 kworker        2643707 nvme1n1 WM   1288828632 8192      0.121
23:07:37.766 kworker        2643707 nvme1n1 WM   1288829536 4096      0.122
23:07:37.766 kworker        2643707 nvme1n1 WM   1288830248 4096      0.123
23:07:37.766 kworker        2643707 nvme1n1 WM   1288830768 4096      0.124
23:07:37.766 kworker        2643707 nvme1n1 WM   1288959136 4096      0.071
23:07:37.766 kworker        2643707 nvme1n1 WM   1288960008 4096      0.074
23:07:37.766 kworker        2643707 nvme1n1 WM   1288960520 4096      0.089
23:07:37.766 kworker        2643707 nvme1n1 WM   1288960920 4096      0.090
23:07:37.766 kworker        2643707 nvme1n1 WM   1288961096 4096      0.093
23:07:37.766 kworker        2643707 nvme1n1 WM   1288961256 4096      0.096
23:07:37.766 kworker        2643707 nvme1n1 WM   1288961288 4096      0.097
23:07:37.766 kworker        2643707 nvme1n1 WM   1288961656 4096      0.099
23:07:37.766 kworker        2643707 nvme1n1 WM   1289090448 4096      0.107
23:07:37.766 kworker        2643707 nvme1n1 WM   1289090576 4096      0.108
23:07:37.766 kworker        2643707 nvme1n1 WM   1289090776 4096      0.112
23:07:37.766 kworker        2643707 nvme1n1 WM   1289091392 4096      0.113
23:07:37.766 kworker        2643707 nvme1n1 WM   1289091872 4096      0.113
23:07:37.766 kworker        2643707 nvme1n1 WM   1289220880 4096      0.114
23:07:37.766 kworker        2643707 nvme1n1 WM   1289220992 4096      0.115
23:07:37.766 kworker        2643707 nvme1n1 WM   1289221592 4096      0.116
23:07:37.767 kworker        2643707 nvme1n1 WM   1289221928 4096      0.073
23:07:37.767 kworker        2643707 nvme1n1 WM   1289222120 4096      0.078
23:07:37.767 kworker        2643707 nvme1n1 WM   1289222504 4096      0.104
23:07:37.767 kworker        2643707 nvme1n1 WM   1289223112 4096      0.105
23:07:37.767 kworker        2643707 nvme1n1 WM   1289223808 4096      0.106
23:07:37.767 kworker        2643707 nvme1n1 WM   1289351480 4096      0.109
23:07:37.767 kworker        2643707 nvme1n1 WM   1289351712 4096      0.112
23:07:37.767 kworker        2643707 nvme1n1 WM   1289351848 4096      0.112
23:07:37.767 kworker        2643707 nvme1n1 WM   1289352584 4096      0.114
23:07:37.767 kworker        2643707 nvme1n1 WM   1289352800 4096      0.114
23:07:37.767 kworker        2643707 nvme1n1 WM   1289353064 4096      0.117
23:07:37.767 kworker        2643707 nvme1n1 WM   1289353096 4096      0.121
23:07:37.767 kworker        2643707 nvme1n1 WM   1289353304 4096      0.122
23:07:37.767 kworker        2643707 nvme1n1 WM   1289353512 8192      0.122
23:07:37.767 kworker        2643707 nvme1n1 WM   1289354368 4096      0.124
23:07:37.767 kworker        2643707 nvme1n1 WM   1289354872 4096      0.125
23:07:37.767 kworker        2643707 nvme1n1 WM   1289354888 4096      0.080
23:07:37.767 kworker        2643707 nvme1n1 WM   1289355184 4096      0.082
23:07:37.767 kworker        2643707 nvme1n1 WM   1289355216 4096      0.083
23:07:37.767 kworker        2643707 nvme1n1 WM   1289482656 4096      0.088
23:07:37.767 kworker        2643707 nvme1n1 WM   1289483544 4096      0.089
23:07:37.767 kworker        2643707 nvme1n1 WM   1289483592 4096      0.097
23:07:37.767 kworker        2643707 nvme1n1 WM   1289483992 4096      0.102
23:07:37.767 kworker        2643707 nvme1n1 WM   1289484344 4096      0.104
23:07:37.767 kworker        2643707 nvme1n1 WM   1289484552 4096      0.107
23:07:37.767 kworker        2643707 nvme1n1 WM   1289484568 4096      0.111
23:07:37.767 kworker        2643707 nvme1n1 WM   1289613920 4096      0.117
23:07:37.767 kworker        2643707 nvme1n1 WM   1289614312 4096      0.118
23:07:37.767 kworker        2643707 nvme1n1 WM   1289614512 4096      0.118
23:07:37.767 kworker        2643707 nvme1n1 WM   1289745008 4096      0.119
23:07:37.767 kworker        2643707 nvme1n1 WM   1289747000 8192      0.120
23:07:37.767 kworker        2643707 nvme1n1 WM   1289747088 4096      0.121
23:07:37.767 kworker        2643707 nvme1n1 WM   1289747600 4096      0.077
23:07:37.767 kworker        2643707 nvme1n1 WM   1289875552 4096      0.083
23:07:37.767 kworker        2643707 nvme1n1 WM   1289875616 4096      0.092
23:07:37.767 kworker        2643707 nvme1n1 WM   1289875632 4096      0.098
23:07:37.767 kworker        2643707 nvme1n1 WM   1289877528 4096      0.098
23:07:37.767 kworker        2643707 nvme1n1 WM   1289877568 4096      0.103
23:07:37.767 kworker        2643707 nvme1n1 WM   1289878448 4096      0.104
23:07:37.767 kworker        2643707 nvme1n1 WM   1289879360 4096      0.105
23:07:37.767 kworker        2643707 nvme1n1 WM   1290009040 4096      0.111
23:07:37.767 kworker        2643707 nvme1n1 WM   1290140904 4096      0.113
23:07:37.767 kworker        2643707 nvme1n1 WM   1290141520 4096      0.116
23:07:37.767 kworker        2643707 nvme1n1 WM   1290269808 4096      0.117
23:07:37.767 kworker        2643707 nvme1n1 WM   1290270016 4096      0.117
23:07:37.767 kworker        2643707 nvme1n1 WM   1290270080 4096      0.117
23:07:37.767 kworker        2643707 nvme1n1 WM   1290270224 4096      0.118
23:07:37.767 kworker        2643707 nvme1n1 WM   1290270432 4096      0.118
23:07:37.767 kworker        2643707 nvme1n1 WM   1290399832 4096      0.080
23:07:37.767 kworker        2643707 nvme1n1 WM   1290400200 4096      0.085
23:07:37.767 kworker        2643707 nvme1n1 WM   1290401120 4096      0.099
23:07:37.767 kworker        2643707 nvme1n1 WM   1290532048 4096      0.104
23:07:37.767 kworker        2643707 nvme1n1 WM   1290532064 4096      0.105
23:07:37.767 kworker        2643707 nvme1n1 WM   1290532616 4096      0.105
23:07:37.767 kworker        2643707 nvme1n1 WM   1290662056 4096      0.109
23:07:37.767 kworker        2643707 nvme1n1 WM   1290663312 4096      0.110
23:07:37.767 kworker        2643707 nvme1n1 WM   1290663552 4096      0.113
23:07:37.767 kworker        2643707 nvme1n1 WM   1290663696 4096      0.118
23:07:37.767 kworker        2643707 nvme1n1 WM   1290664688 4096      0.122
23:07:37.767 kworker        2643707 nvme1n1 WM   1290665640 4096      0.122
23:07:37.767 kworker        2643707 nvme1n1 WM   1290793096 4096      0.122
23:07:37.767 kworker        2643707 nvme1n1 WM   1290793512 4096      0.123
23:07:37.767 kworker        2643707 nvme1n1 WM   1290794320 4096      0.124
23:07:37.767 kworker        2643707 nvme1n1 WM   1290794368 8192      0.124
23:07:37.767 kworker        2643707 nvme1n1 WM   1290794576 4096      0.074
23:07:37.767 kworker        2643707 nvme1n1 WM   1290794944 4096      0.081
23:07:37.767 kworker        2643707 nvme1n1 WM   1290795056 4096      0.097
23:07:37.767 kworker        2643707 nvme1n1 WM   1290795168 4096      0.099
23:07:37.767 kworker        2643707 nvme1n1 WM   1290795272 4096      0.104
23:07:37.767 kworker        2643707 nvme1n1 WM   1290795320 4096      0.105
23:07:37.767 kworker        2643707 nvme1n1 WM   1290795872 4096      0.109
23:07:37.767 kworker        2643707 nvme1n1 WM   1290796208 4096      0.110
23:07:37.767 kworker        2643707 nvme1n1 WM   1290796464 4096      0.110
23:07:37.767 kworker        2643707 nvme1n1 WM   1290796832 4096      0.111
23:07:37.767 kworker        2643707 nvme1n1 WM   1290924312 4096      0.114
23:07:37.767 kworker        2643707 nvme1n1 WM   1290924376 4096      0.117
23:07:37.767 kworker        2643707 nvme1n1 WM   1290924704 4096      0.118
23:07:37.767 kworker        2643707 nvme1n1 WM   1290925568 4096      0.119
23:07:37.767 kworker        2643707 nvme1n1 WM   1290926000 4096      0.119
23:07:37.767 kworker        2643707 nvme1n1 WM   1290926416 4096      0.120
23:07:37.767 kworker        2643707 nvme1n1 WM   1290927032 4096      0.089
23:07:37.767 kworker        2643707 nvme1n1 WM   1290927080 4096      0.099
23:07:37.767 kworker        2643707 nvme1n1 WM   1290927392 4096      0.102
23:07:37.767 kworker        2643707 nvme1n1 WM   1290927440 4096      0.114
23:07:37.767 kworker        2643707 nvme1n1 WM   1290927736 4096      0.115
23:07:37.767 kworker        2643707 nvme1n1 WM   1290928088 4096      0.115
23:07:37.767 kworker        2643707 nvme1n1 WM   1291055256 4096      0.116
23:07:37.767 kworker        2643707 nvme1n1 WM   1291055272 4096      0.116
23:07:37.767 kworker        2643707 nvme1n1 WM   1291055440 4096      0.116
23:07:37.767 kworker        2643707 nvme1n1 WM   1291056400 4096      0.116
23:07:37.767 kworker        2643707 nvme1n1 WM   1291056760 4096      0.122
23:07:37.767 kworker        2643707 nvme1n1 WM   1291056800 4096      0.123
23:07:37.767 kworker        2643707 nvme1n1 WM   1291057072 4096      0.123
23:07:37.767 kworker        2643707 nvme1n1 WM   1291057248 4096      0.123
23:07:37.767 kworker        2643707 nvme1n1 WM   1291058248 4096      0.124
23:07:37.767 kworker        2643707 nvme1n1 WM   1291186296 4096      0.124
23:07:37.768 kworker        2643707 nvme1n1 WM   1291186312 4096      0.089
23:07:37.768 kworker        2643707 nvme1n1 WM   1291186568 4096      0.092
23:07:37.768 kworker        2643707 nvme1n1 WM   1291186880 4096      0.096
23:07:37.768 kworker        2643707 nvme1n1 WM   1291187248 4096      0.101
23:07:37.768 kworker        2643707 nvme1n1 WM   1291187264 4096      0.114
23:07:37.768 kworker        2643707 nvme1n1 WM   1291188032 4096      0.115
23:07:37.768 kworker        2643707 nvme1n1 WM   1291188488 4096      0.115
23:07:37.768 kworker        2643707 nvme1n1 WM   1291188688 4096      0.116
23:07:37.768 kworker        2643707 nvme1n1 WM   1291189064 4096      0.117
23:07:37.768 kworker        2643707 nvme1n1 WM   1291189080 4096      0.117
23:07:37.768 kworker        2643707 nvme1n1 WM   1291190192 4096      0.122
23:07:37.768 kworker        2643707 nvme1n1 WM   1294332064 4096      0.124
23:07:37.768 kworker        2643707 nvme1n1 WM   1294332264 4096      0.124
23:07:37.768 kworker        2643707 nvme1n1 WM   1294332376 4096      0.125
23:07:37.768 kworker        2643707 nvme1n1 WM   1294332392 4096      0.126
23:07:37.768 kworker        2643707 nvme1n1 WM   1294332720 4096      0.131
23:07:37.768 kworker        2643707 nvme1n1 WM   1294333312 4096      0.090
23:07:37.768 kworker        2643707 nvme1n1 WM   1294333352 4096      0.095
23:07:37.768 kworker        2643707 nvme1n1 WM   1294333480 4096      0.095
23:07:37.768 kworker        2643707 nvme1n1 WM   1294333720 4096      0.095
23:07:37.768 kworker        2643707 nvme1n1 WM   1294333832 4096      0.095
23:07:37.768 kworker        2643707 nvme1n1 WM   1294334160 4096      0.107
23:07:37.768 kworker        2643707 nvme1n1 WM   1294334200 4096      0.107
23:07:37.768 kworker        2643707 nvme1n1 WM   1294334440 4096      0.107
23:07:37.768 kworker        2643707 nvme1n1 WM   1294334664 4096      0.107
23:07:37.768 kworker        2643707 nvme1n1 WM   1294334752 4096      0.109
23:07:37.768 kworker        2643707 nvme1n1 WM   1294334960 4096      0.111
23:07:37.768 kworker        2643707 nvme1n1 WM   1294335440 4096      0.112
23:07:37.768 kworker        2643707 nvme1n1 WM   1294335712 4096      0.112
23:07:37.768 kworker        2643707 nvme1n1 WM   1294597928 4096      0.114
23:07:37.768 kworker        2643707 nvme1n1 WM   1294724488 4096      0.114
23:07:37.768 kworker        2643707 nvme1n1 WM   1294724520 4096      0.115
23:07:37.768 kworker        2643707 nvme1n1 WM   1294725440 4096      0.082
23:07:37.768 kworker        2643707 nvme1n1 WM   1294725592 4096      0.086
23:07:37.768 kworker        2643707 nvme1n1 WM   1294725624 4096      0.089
23:07:37.768 kworker        2643707 nvme1n1 WM   1294725872 4096      0.090
23:07:37.768 kworker        2643707 nvme1n1 WM   1294726064 4096      0.094
23:07:37.768 kworker        2643707 nvme1n1 WM   1294726088 4096      0.118
23:07:37.768 kworker        2643707 nvme1n1 WM   1294726584 4096      0.119
23:07:37.768 kworker        2643707 nvme1n1 WM   1294726616 4096      0.120
23:07:37.768 kworker        2643707 nvme1n1 WM   1294726720 4096      0.120
23:07:37.768 kworker        2643707 nvme1n1 WM   1294727792 4096      0.121
23:07:37.768 kworker        2643707 nvme1n1 WM   1294727912 4096      0.123
23:07:37.768 kworker        2643707 nvme1n1 WM   1294727936 4096      0.124
23:07:37.768 kworker        2643707 nvme1n1 WM   1294728024 4096      0.125
23:07:37.768 kworker        2643707 nvme1n1 WM   1294728112 4096      0.125
23:07:37.768 kworker        2643707 nvme1n1 WM   1294728128 4096      0.125
23:07:37.768 kworker        2643707 nvme1n1 WM   1294728360 4096      0.126
23:07:37.768 kworker        2643707 nvme1n1 WM   1294856344 4096      0.075
23:07:37.768 kworker        2643707 nvme1n1 WM   1294856928 4096      0.082
23:07:37.768 kworker        2643707 nvme1n1 WM   1294857112 4096      0.086
23:07:37.768 kworker        2643707 nvme1n1 WM   1294857160 4096      0.093
23:07:37.768 kworker        2643707 nvme1n1 WM   1294857616 4096      0.096
23:07:37.768 kworker        2643707 nvme1n1 WM   1294857648 4096      0.099
23:07:37.768 kworker        2643707 nvme1n1 WM   1294858016 4096      0.107
23:07:37.768 kworker        2643707 nvme1n1 WM   1294858360 4096      0.109
23:07:37.768 kworker        2643707 nvme1n1 WM   1294858752 4096      0.110
23:07:37.768 kworker        2643707 nvme1n1 WM   1294859200 4096      0.111
23:07:37.768 kworker        2643707 nvme1n1 WM   1294859376 4096      0.113
23:07:37.768 kworker        2643707 nvme1n1 WM   1294987656 4096      0.115
23:07:37.768 kworker        2643707 nvme1n1 WM   1294987952 4096      0.116
23:07:37.768 kworker        2643707 nvme1n1 WM   1294988232 4096      0.116
23:07:37.768 kworker        2643707 nvme1n1 WM   1294988512 4096      0.120
23:07:37.768 kworker        2643707 nvme1n1 WM   1294988728 4096      0.121
23:07:37.768 kworker        2643707 nvme1n1 WM   1294988960 4096      0.075
23:07:37.768 kworker        2643707 nvme1n1 WM   1294989136 4096      0.081
23:07:37.768 kworker        2643707 nvme1n1 WM   1294989184 4096      0.086
23:07:37.768 kworker        2643707 nvme1n1 WM   1294989472 4096      0.088
23:07:37.768 kworker        2643707 nvme1n1 WM   1294989616 4096      0.089
23:07:37.768 kworker        2643707 nvme1n1 WM   1294989664 4096      0.093
23:07:37.768 kworker        2643707 nvme1n1 WM   1294991192 4096      0.094
23:07:37.768 kworker        2643707 nvme1n1 WM   1294991208 4096      0.096
23:07:37.768 kworker        2643707 nvme1n1 WM   1294991352 4096      0.101
23:07:37.768 kworker        2643707 nvme1n1 WM   1295118448 4096      0.104
23:07:37.768 kworker        2643707 nvme1n1 WM   1295118712 4096      0.110
23:07:37.768 kworker        2643707 nvme1n1 WM   1295118752 4096      0.111
23:07:37.768 kworker        2643707 nvme1n1 WM   1295118800 4096      0.112
23:07:37.768 kworker        2643707 nvme1n1 WM   1295119008 4096      0.116
23:07:37.768 kworker        2643707 nvme1n1 WM   1295119168 4096      0.117
23:07:37.768 kworker        2643707 nvme1n1 WM   1295119840 4096      0.118
23:07:37.769 kworker        2643707 nvme1n1 WM   1295119864 4096      0.080
23:07:37.769 kworker        2643707 nvme1n1 WM   1295120008 4096      0.084
23:07:37.769 kworker        2643707 nvme1n1 WM   1295120800 4096      0.089
23:07:37.769 kworker        2643707 nvme1n1 WM   1295120944 4096      0.090
23:07:37.769 kworker        2643707 nvme1n1 WM   1295121248 4096      0.092
23:07:37.769 kworker        2643707 nvme1n1 WM   1295121400 4096      0.096
23:07:37.769 kworker        2643707 nvme1n1 WM   1295121536 4096      0.103
23:07:37.769 kworker        2643707 nvme1n1 WM   1295122224 4096      0.104
23:07:37.769 kworker        2643707 nvme1n1 WM   1295249864 4096      0.108
23:07:37.769 kworker        2643707 nvme1n1 WM   1295249896 4096      0.108
23:07:37.769 kworker        2643707 nvme1n1 WM   1295250008 4096      0.109
23:07:37.769 kworker        2643707 nvme1n1 WM   1295250048 4096      0.112
23:07:37.769 kworker        2643707 nvme1n1 WM   1295250120 4096      0.115
23:07:37.769 kworker        2643707 nvme1n1 WM   1295250232 4096      0.117
23:07:37.769 kworker        2643707 nvme1n1 WM   1295251272 4096      0.117
23:07:37.769 kworker        2643707 nvme1n1 WM   1295251288 4096      0.118
23:07:37.769 kworker        2643707 nvme1n1 WM   1295251304 4096      0.073
23:07:37.769 kworker        2643707 nvme1n1 WM   1295252016 4096      0.074
23:07:37.769 kworker        2643707 nvme1n1 WM   1295252408 4096      0.086
23:07:37.769 kworker        2643707 nvme1n1 WM   1295252440 4096      0.088
23:07:37.769 kworker        2643707 nvme1n1 WM   1295253248 4096      0.090
23:07:37.769 kworker        2643707 nvme1n1 WM   1295253280 4096      0.090
23:07:37.769 kworker        2643707 nvme1n1 WM   1295380704 4096      0.094
23:07:37.769 kworker        2643707 nvme1n1 WM   1295380720 4096      0.096
23:07:37.769 kworker        2643707 nvme1n1 WM   1295380928 4096      0.096
23:07:37.769 kworker        2643707 nvme1n1 WM   1295381496 4096      0.097
23:07:37.769 kworker        2643707 nvme1n1 WM   1295382032 4096      0.110
23:07:37.769 kworker        2643707 nvme1n1 WM   1295382432 4096      0.111
23:07:37.769 kworker        2643707 nvme1n1 WM   1295382640 4096      0.112
23:07:37.769 kworker        2643707 nvme1n1 WM   1295382664 4096      0.112
23:07:37.769 kworker        2643707 nvme1n1 WM   1295383240 4096      0.112
23:07:37.769 kworker        2643707 nvme1n1 WM   1295511624 4096      0.113
23:07:37.769 kworker        2643707 nvme1n1 WM   1295512080 4096      0.090
23:07:37.769 kworker        2643707 nvme1n1 WM   1295512192 4096      0.095
23:07:37.769 kworker        2643707 nvme1n1 WM   1295512992 4096      0.099
23:07:37.769 kworker        2643707 nvme1n1 WM   1295514408 4096      0.099
23:07:37.769 kworker        2643707 nvme1n1 WM   1295643120 4096      0.104
23:07:37.769 kworker        2643707 nvme1n1 WM   1295643392 4096      0.105
23:07:37.769 kworker        2643707 nvme1n1 WM   1295643616 4096      0.106
23:07:37.769 kworker        2643707 nvme1n1 WM   1295644040 4096      0.113
23:07:37.769 kworker        2643707 nvme1n1 WM   1295644472 4096      0.115
23:07:37.769 kworker        2643707 nvme1n1 WM   1295644776 4096      0.115
23:07:37.769 kworker        2643707 nvme1n1 WM   1295645520 4096      0.119
23:07:37.769 kworker        2643707 nvme1n1 WM   1295773792 4096      0.120
23:07:37.769 kworker        2643707 nvme1n1 WM   1295774264 4096      0.120
23:07:37.769 kworker        2643707 nvme1n1 WM   1295774688 4096      0.121
23:07:37.769 kworker        2643707 nvme1n1 WM   1295775600 4096      0.122
23:07:37.769 kworker        2643707 nvme1n1 WM   1295775712 4096      0.122
23:07:37.769 kworker        2643707 nvme1n1 WM   1295776544 4096      0.092
23:07:37.769 kworker        2643707 nvme1n1 WM   1295777056 4096      0.107
23:07:37.769 kworker        2643707 nvme1n1 WM   1295777312 4096      0.107
23:07:37.769 kworker        2643707 nvme1n1 WM   1295905736 4096      0.124
23:07:37.769 kworker        2643707 nvme1n1 WM   1295905984 4096      0.126
23:07:37.769 kworker        2643707 nvme1n1 WM   1295906336 4096      0.128
23:07:37.769 kworker        2643707 nvme1n1 WM   1295908168 4096      0.130
23:07:37.769 kworker        2643707 nvme1n1 WM   1295908184 4096      0.130
23:07:37.769 kworker        2643707 nvme1n1 WM   1295908592 4096      0.131
23:07:37.769 kworker        2643707 nvme1n1 WM   1296036528 4096      0.133
23:07:37.769 kworker        2643707 nvme1n1 WM   1296037128 4096      0.135
23:07:37.769 kworker        2643707 nvme1n1 WM   1296037392 4096      0.136
23:07:37.769 kworker        2643707 nvme1n1 WM   1296037472 4096      0.136
23:07:37.769 kworker        2643707 nvme1n1 WM   1296037880 4096      0.137
23:07:37.769 kworker        2643707 nvme1n1 WM   1296039048 4096      0.138
23:07:37.769 kworker        2643707 nvme1n1 WM   1295905496 12288     0.150
23:07:37.769 kworker        2643707 nvme1n1 WM   1296039064 4096      0.079
23:07:37.769 kworker        2643707 nvme1n1 WM   1296039944 4096      0.085
23:07:37.769 kworker        2643707 nvme1n1 WM   1296430104 4096      0.096
23:07:37.769 kworker        2643707 nvme1n1 WM   1296430120 4096      0.100
23:07:37.769 kworker        2643707 nvme1n1 WM   1296430144 4096      0.100
23:07:37.769 kworker        2643707 nvme1n1 WM   1296430696 4096      0.106
23:07:37.769 kworker        2643707 nvme1n1 WM   1296430712 4096      0.107
23:07:37.769 kworker        2643707 nvme1n1 WM   1296430728 4096      0.108
23:07:37.769 kworker        2643707 nvme1n1 WM   1296430824 4096      0.116
23:07:37.769 kworker        2643707 nvme1n1 WM   1296430840 4096      0.118
23:07:37.769 kworker        2643707 nvme1n1 WM   1296430856 8192      0.119
23:07:37.769 kworker        2643707 nvme1n1 WM   1296430928 4096      0.121
23:07:37.769 kworker        2643707 nvme1n1 WM   1296431016 4096      0.120
23:07:37.769 kworker        2643707 nvme1n1 WM   1296431032 4096      0.120
23:07:37.769 kworker        2643707 nvme1n1 WM   1296431048 4096      0.121
23:07:37.769 kworker        2643707 nvme1n1 WM   1296431064 4096      0.122
23:07:37.770 kworker        2643707 nvme1n1 WM   1296431080 4096      0.082
23:07:37.770 kworker        2643707 nvme1n1 WM   1296431176 4096      0.088
23:07:37.770 kworker        2643707 nvme1n1 WM   1296431192 4096      0.103
23:07:37.770 kworker        2643707 nvme1n1 WM   1296431208 8192      0.107
23:07:37.770 kworker        2643707 nvme1n1 WM   1367343208 8192      0.109
23:07:37.770 kworker        2643707 nvme1n1 WM   1371537464 4096      0.113
23:07:37.770 kworker        2643707 nvme1n1 WM   1484783672 4096      0.114
23:07:37.770 kworker        2643707 nvme1n1 WM   1522532464 4096      0.115
23:07:37.770 kworker        2643707 nvme1n1 WM   1530921040 4096      0.115
23:07:37.770 kworker        2643707 nvme1n1 WM   1530921056 4096      0.121
23:07:37.770 kworker        2643707 nvme1n1 WM   1564475472 4096      0.124
23:07:37.770 kworker        2643707 nvme1n1 WM   1568669696 4096      0.125
23:07:37.770 kworker        2643707 nvme1n1 WM   1568669736 4096      0.128
23:07:37.770 kworker        2643707 nvme1n1 WM   1623195752 8192      0.129
23:07:37.770 kworker        2643707 nvme1n1 WM   1367343112 12288     0.137
23:07:37.770 kworker        2643707 nvme1n1 WM   1367343160 16384     0.141
23:07:37.770 kworker        2643707 nvme1n1 WM   1627389968 4096      0.079
23:07:37.770 kworker        2643707 nvme1n1 WM   1627390016 4096      0.083
23:07:37.770 kworker        2643707 nvme1n1 WM   1627390032 8192      0.093
23:07:37.770 kworker        2643707 nvme1n1 WM   1627390064 4096      0.096
23:07:37.770 kworker        2643707 nvme1n1 WM   1631584264 4096      0.099
23:07:37.770 kworker        2643707 nvme1n1 WM   1635778608 4096      0.098
23:07:37.770 kworker        2643707 nvme1n1 WM   1635778624 4096      0.100
23:07:37.770 kworker        2643707 nvme1n1 WM   1635778656 8192      0.105
23:07:37.770 kworker        2643707 nvme1n1 WM   1639972904 8192      0.110
23:07:37.770 kworker        2643707 nvme1n1 WM   1639972944 4096      0.111
23:07:37.770 kworker        2643707 nvme1n1 WM   1644167192 4096      0.126
23:07:37.770 kworker        2643707 nvme1n1 WM   1644167216 4096      0.127
23:07:37.770 kworker        2643707 nvme1n1 WM   1644167248 4096      0.128
23:07:37.770 kworker        2643707 nvme1n1 WM   1644167280 4096      0.128
23:07:37.770 kworker        2643707 nvme1n1 WM   1648361504 8192      0.128
23:07:37.770 kworker        2643707 nvme1n1 WM   1631584288 12288     0.138
23:07:37.770 kworker        2643707 nvme1n1 WM   1648361560 4096      0.078
23:07:37.770 kworker        2643707 nvme1n1 WM   1648361576 4096      0.086
23:07:37.770 kworker        2643707 nvme1n1 WM   1652555816 8192      0.113
23:07:37.770 kworker        2643707 nvme1n1 WM   1652555848 4096      0.116
23:07:37.770 kworker        2643707 nvme1n1 WM   1652555872 4096      0.117
23:07:37.770 kworker        2643707 nvme1n1 WM   1652555888 4096      0.118
23:07:37.770 kworker        2643707 nvme1n1 WM   1656750104 8192      0.120
23:07:37.770 kworker        2643707 nvme1n1 WM   1656750152 4096      0.121
23:07:37.770 kworker        2643707 nvme1n1 WM   1656750192 4096      0.121
23:07:37.770 kworker        2643707 nvme1n1 WM   1660944392 4096      0.122
23:07:37.770 kworker        2643707 nvme1n1 WM   1660944408 4096      0.124
23:07:37.770 kworker        2643707 nvme1n1 WM   1660944456 4096      0.126
23:07:37.770 kworker        2643707 nvme1n1 WM   1660944488 4096      0.126
23:07:37.770 kworker        2643707 nvme1n1 WM   1665138784 4096      0.129
23:07:37.770 kworker        2643707 nvme1n1 WM   1652555784 12288     0.139
23:07:37.770 kworker        2643707 nvme1n1 WM   1665138704 32768     0.137
23:07:37.770 kworker        2643707 nvme1n1 WM   1669333048 4096      0.050
23:07:37.770 kworker        2643707 nvme1n1 WM   1669333112 4096      0.057
23:07:37.770 kworker        2643707 nvme1n1 WM   1673527304 4096      0.069
23:07:37.770 kworker        2643707 nvme1n1 WM   1673527320 4096      0.070
23:07:37.770 kworker        2643707 nvme1n1 WM   1673527336 4096      0.073
23:07:37.770 kworker        2643707 nvme1n1 WM   1673527368 4096      0.074
23:07:37.770 kworker        2643707 nvme1n1 WM   1698693232 4096      0.073
